make[1]: Entering directory `/home/ualusr2011/ual1220/ual1/tools'
if [ ! -d ./lib ] ; then (mkdir ./lib; ); fi;
if [ ! -d ./lib/linux ] ; then (mkdir ./lib/linux; ); fi;
if [ ! -d ./bin ] ; then (mkdir ./bin; ); fi;
if [ ! -d ./bin/linux ] ; then (mkdir ./bin/linux; ); fi;
if [ ! -d ./include ] ; then (mkdir ./include; ); fi;
if [ ! -d ./man ] ; then (mkdir ./man; ); fi;
if [ ! -d ./info ] ; then (mkdir ./info; ); fi;
if [ ! -d ./doc ] ; then (mkdir ./doc; ); fi;
make[2]: Entering directory `/home/ualusr2011/ual1220/ual1/tools/tars'
gzip -d -c muparser_v134.tar.gz | tar xvf -
muparser_v134/
muparser_v134/src/
muparser_v134/src/muParserTest.cpp
muparser_v134/src/muParserInt.cpp
muparser_v134/src/muParserCallback.cpp
muparser_v134/src/muParser.cpp
muparser_v134/src/muParserBase.cpp
muparser_v134/src/muParserDLL.cpp
muparser_v134/src/muParserBytecode.cpp
muparser_v134/src/muParserComplex.cpp
muparser_v134/src/muParserError.cpp
muparser_v134/src/muParserTokenReader.cpp
muparser_v134/docs/
muparser_v134/docs/html/
muparser_v134/docs/html/style/
muparser_v134/docs/html/style/formate.css
muparser_v134/docs/html/mup_licence.html
muparser_v134/docs/html/images/
muparser_v134/docs/html/images/api.png
muparser_v134/docs/html/images/home_dark.png
muparser_v134/docs/html/images/download_dark.png
muparser_v134/docs/html/images/mathparser_logo.gif
muparser_v134/docs/html/images/build.png
muparser_v134/docs/html/images/download.gif
muparser_v134/docs/html/images/muParserX.xcf
muparser_v134/docs/html/images/thumb_tm2.jpg
muparser_v134/docs/html/images/help.png
muparser_v134/docs/html/images/warning.gif
muparser_v134/docs/html/images/blocks.png
muparser_v134/docs/html/images/list.png
muparser_v134/docs/html/images/grad3.jpg
muparser_v134/docs/html/images/xxx .png
muparser_v134/docs/html/images/Crystal_Clear_app_utilities.png
muparser_v134/docs/html/images/grad2.jpg
muparser_v134/docs/html/images/download.png
muparser_v134/docs/html/images/grad2.xcf
muparser_v134/docs/html/images/diff.png
muparser_v134/docs/html/images/thumb_geodes.jpg
muparser_v134/docs/html/images/caption.png
muparser_v134/docs/html/images/logo.xcf
muparser_v134/docs/html/images/sflogo.png
muparser_v134/docs/html/images/help.gif
muparser_v134/docs/html/images/thumb_kst.jpg
muparser_v134/docs/html/images/thumb_matrix.jpg
muparser_v134/docs/html/images/muParserX_.png
muparser_v134/docs/html/images/download_muparser.png
muparser_v134/docs/html/images/muParserNET.xcf
muparser_v134/docs/html/images/api_dark.png
muparser_v134/docs/html/images/thumb_qtiplot.jpg
muparser_v134/docs/html/images/mathparser_small.jpg
muparser_v134/docs/html/images/home.png
muparser_v134/docs/html/images/muParserNET_.png
muparser_v134/docs/html/images/thumb_pasimodo.jpg
muparser_v134/docs/html/images/bench2.jpg
muparser_v134/docs/html/images/thumb_meshlab.jpg
muparser_v134/docs/html/images/osi.jpg
muparser_v134/docs/html/images/grad1.jpg
muparser_v134/docs/html/images/run.png
muparser_v134/docs/html/images/muParserX.png
muparser_v134/docs/html/images/download_muparser_.png
muparser_v134/docs/html/images/question.png
muparser_v134/docs/html/images/related.png
muparser_v134/docs/html/images/info.png
muparser_v134/docs/html/images/mathparser.jpg
muparser_v134/docs/html/images/muParserNET.png
muparser_v134/docs/html/images/muParser.png
muparser_v134/docs/html/images/bytecode.png
muparser_v134/docs/html/images/thumb_trini.jpg
muparser_v134/docs/html/images/xxx.xcf
muparser_v134/docs/html/mup_intro.html
muparser_v134/docs/html/mup_version.html
muparser_v134/docs/html/mup_usage.html
muparser_v134/docs/html/mup_interface.html
muparser_v134/docs/html/sources/
muparser_v134/docs/html/sources/mup_licence.html
muparser_v134/docs/html/sources/mup_licence_meta.html
muparser_v134/docs/html/sources/navigation.html
muparser_v134/docs/html/sources/mup_intro.html
muparser_v134/docs/html/sources/mup_usage_meta.html
muparser_v134/docs/html/sources/mup_version.html
muparser_v134/docs/html/sources/mup_usage.html
muparser_v134/docs/html/sources/mup_features_meta.html
muparser_v134/docs/html/sources/mup_version_meta.html
muparser_v134/docs/html/sources/mup_interface.html
muparser_v134/docs/html/sources/mup_intro_meta.html
muparser_v134/docs/html/sources/mup_links_meta.html
muparser_v134/docs/html/sources/build_page.sh
muparser_v134/docs/html/sources/mup_locale_meta.html
muparser_v134/docs/html/sources/mup_features.html
muparser_v134/docs/html/sources/mup_links.html
muparser_v134/docs/html/sources/mup_locale.html
muparser_v134/docs/html/sources/mup_interface_meta.html
muparser_v134/docs/html/mup_features.html
muparser_v134/docs/html/mup_links.html
muparser_v134/docs/html/index.html
muparser_v134/docs/html/script/
muparser_v134/docs/html/script/functions.js
muparser_v134/docs/html/mup_locale.html
muparser_v134/docs/html/misc/
muparser_v134/docs/html/misc/list_expr_var.cpp
muparser_v134/docs/html/misc/listvar.cpp
muparser_v134/docs/html/misc/calc.cpp
muparser_v134/docs/html/misc/footer.html
muparser_v134/docs/html/misc/header.html
muparser_v134/docs/html/misc/Main.txt
muparser_v134/docs/html/misc/example.txt
muparser_v134/docs/muParser.tdl
muparser_v134/docs/Doxyfile
muparser_v134/lib/
muparser_v134/lib/Readme.txt
muparser_v134/include/
muparser_v134/include/muParserComplex.h
muparser_v134/include/muParserError.h
muparser_v134/include/muParserDef.h
muparser_v134/include/muParserToken.h
muparser_v134/include/muParserDLL.h
muparser_v134/include/muParserInt.h
muparser_v134/include/muParser.h
muparser_v134/include/muParserFixes.h
muparser_v134/include/muParserBytecode.h
muparser_v134/include/muParserBase.h
muparser_v134/include/muParserCallback.h
muparser_v134/include/muParserTokenReader.h
muparser_v134/include/muParserTest.h
muparser_v134/include/muParserStack.h
muparser_v134/build/
muparser_v134/build/msvc2003/
muparser_v134/build/msvc2003/muparser_example2.vcproj
muparser_v134/build/msvc2003/muparser_muParser.vcproj
muparser_v134/build/msvc2003/muparser_example1.vcproj
muparser_v134/build/msvc2003/muparser.sln
muparser_v134/build/bakefiles/
muparser_v134/build/bakefiles/howto.txt
muparser_v134/build/bakefiles/Bakefiles.bkgen
muparser_v134/build/bakefiles/presets/
muparser_v134/build/bakefiles/presets/debugopt.bkl
muparser_v134/build/bakefiles/presets/sharedopt.bkl
muparser_v134/build/bakefiles/presets/setbuilddir.bkl
muparser_v134/build/bakefiles/presets/unicodeopt.bkl
muparser_v134/build/bakefiles/muparser.bkl
muparser_v134/build/msvc2008/
muparser_v134/build/msvc2008/muparser_example2.vcproj
muparser_v134/build/msvc2008/muparser_muParser.vcproj
muparser_v134/build/msvc2008/muparser_example1.vcproj
muparser_v134/build/msvc2008/muparser.sln
muparser_v134/build/msvc2005/
muparser_v134/build/msvc2005/muparser_example2.vcproj
muparser_v134/build/msvc2005/muparser_muParser.vcproj
muparser_v134/build/msvc2005/muparser_example1.vcproj
muparser_v134/build/msvc2005/muparser.sln
muparser_v134/build/makefile.mingw
muparser_v134/build/autoconf/
muparser_v134/build/autoconf/config.sub
muparser_v134/build/autoconf/config.guess
muparser_v134/build/autoconf/muparser.pc.in
muparser_v134/build/autoconf/configure.ac
muparser_v134/build/autoconf/install-sh
muparser_v134/build/autoconf/bakefile-presets.m4
muparser_v134/build/autoconf/acregen.sh
muparser_v134/build/autoconf/autoconf_inc.m4
muparser_v134/build/autoconf/aclocal.m4
muparser_v134/build/makefile.bcc
muparser_v134/build/makefile.vc
muparser_v134/build/obj/
muparser_v134/build/makefile.wat
muparser_v134/Changes.txt
muparser_v134/Credits.txt
muparser_v134/configure
muparser_v134/License.txt
muparser_v134/Install.txt
muparser_v134/samples/
muparser_v134/samples/example2/
muparser_v134/samples/example2/example2.c
muparser_v134/samples/example2/Readme.txt
muparser_v134/samples/example1/
muparser_v134/samples/example1/Example1.cpp
muparser_v134/Makefile.in
(cd muparser_v134; \
./configure --prefix=/home/ualusr2011/ual1220/ual1/tools --libdir=/home/ualusr2011/ual1220/ual1/tools/lib/linux; \
make; \
make install; ) 
checking build system type... x86_64-unknown-linux-gnu
checking host system type... x86_64-unknown-linux-gnu
checking target system type... x86_64-unknown-linux-gnu
checking for gawk... gawk
checking for a BSD-compatible install... /usr/bin/install -c
checking whether ln -s works... yes
checking for ranlib... ranlib
checking for gcc... gcc
checking for C compiler default output file name... a.out
checking whether the C compiler works... yes
checking whether we are cross compiling... no
checking for suffix of executables... 
checking for suffix of object files... o
checking whether we are using the GNU C compiler... yes
checking whether gcc accepts -g... yes
checking for gcc option to accept ISO C89... none needed
checking for g++... g++
checking whether we are using the GNU C++ compiler... yes
checking whether g++ accepts -g... yes
checking how to run the C++ preprocessor... g++ -E
checking for the --enable-debug option... no
checking for the --enable-shared option... yes
checking for the --enable-samples option... yes
checking for gcc... (cached) gcc
checking whether we are using the GNU C compiler... (cached) yes
checking whether gcc accepts -g... (cached) yes
checking for gcc option to accept ISO C89... (cached) none needed
checking whether we are using the Intel C compiler... no
checking whether we are using the GNU C++ compiler... (cached) yes
checking whether g++ accepts -g... (cached) yes
checking whether we are using the Intel C++ compiler... no
checking whether we are using the Sun C++ compiler... no
checking for ranlib... (cached) ranlib
checking whether ln -s works... yes
checking whether make sets $(MAKE)... yes
checking for ar... ar
checking for strip... strip
checking for nm... nm
checking for command to install directories... /usr/bin/install -c -d
checking if make is GNU make... yes
checking for dependency tracking method... gcc
configure: creating ./config.status
config.status: creating Makefile
config.status: creating build/autoconf/muparser.pc

 ----------------------------------------------------------------
  Configuration for muParser 1.34 successfully completed.
  Summary of main configuration settings for muParser:
  - SHARED mode
  - RELEASE build
  - SAMPLES enabled
  Now, just run make.
 ----------------------------------------------------------------

make[3]: Entering directory `/home/ualusr2011/ual1220/ual1/tools/tars/muparser_v134'
/home/ualusr2011/ual1220/ual1/tools/tars/muparser_v134/bk-deps g++ -c -o muParser_dll_muParser.o -DNDEBUG -DMUPARSER_DLL -DMUPARSERLIB_EXPORTS -I./include -fPIC -DPIC  -O2 ./src/muParser.cpp
/home/ualusr2011/ual1220/ual1/tools/tars/muparser_v134/bk-deps g++ -c -o muParser_dll_muParserBase.o -DNDEBUG -DMUPARSER_DLL -DMUPARSERLIB_EXPORTS -I./include -fPIC -DPIC  -O2 ./src/muParserBase.cpp
/home/ualusr2011/ual1220/ual1/tools/tars/muparser_v134/bk-deps g++ -c -o muParser_dll_muParserBytecode.o -DNDEBUG -DMUPARSER_DLL -DMUPARSERLIB_EXPORTS -I./include -fPIC -DPIC  -O2 ./src/muParserBytecode.cpp
/home/ualusr2011/ual1220/ual1/tools/tars/muparser_v134/bk-deps g++ -c -o muParser_dll_muParserCallback.o -DNDEBUG -DMUPARSER_DLL -DMUPARSERLIB_EXPORTS -I./include -fPIC -DPIC  -O2 ./src/muParserCallback.cpp
/home/ualusr2011/ual1220/ual1/tools/tars/muparser_v134/bk-deps g++ -c -o muParser_dll_muParserComplex.o -DNDEBUG -DMUPARSER_DLL -DMUPARSERLIB_EXPORTS -I./include -fPIC -DPIC  -O2 ./src/muParserComplex.cpp
/home/ualusr2011/ual1220/ual1/tools/tars/muparser_v134/bk-deps g++ -c -o muParser_dll_muParserDLL.o -DNDEBUG -DMUPARSER_DLL -DMUPARSERLIB_EXPORTS -I./include -fPIC -DPIC  -O2 ./src/muParserDLL.cpp
/home/ualusr2011/ual1220/ual1/tools/tars/muparser_v134/bk-deps g++ -c -o muParser_dll_muParserError.o -DNDEBUG -DMUPARSER_DLL -DMUPARSERLIB_EXPORTS -I./include -fPIC -DPIC  -O2 ./src/muParserError.cpp
/home/ualusr2011/ual1220/ual1/tools/tars/muparser_v134/bk-deps g++ -c -o muParser_dll_muParserInt.o -DNDEBUG -DMUPARSER_DLL -DMUPARSERLIB_EXPORTS -I./include -fPIC -DPIC  -O2 ./src/muParserInt.cpp
/home/ualusr2011/ual1220/ual1/tools/tars/muparser_v134/bk-deps g++ -c -o muParser_dll_muParserTest.o -DNDEBUG -DMUPARSER_DLL -DMUPARSERLIB_EXPORTS -I./include -fPIC -DPIC  -O2 ./src/muParserTest.cpp
/home/ualusr2011/ual1220/ual1/tools/tars/muparser_v134/bk-deps g++ -c -o muParser_dll_muParserTokenReader.o -DNDEBUG -DMUPARSER_DLL -DMUPARSERLIB_EXPORTS -I./include -fPIC -DPIC  -O2 ./src/muParserTokenReader.cpp
g++ -shared -fPIC -o lib/libmuparser.so.0.0.0 muParser_dll_muParser.o muParser_dll_muParserBase.o muParser_dll_muParserBytecode.o muParser_dll_muParserCallback.o muParser_dll_muParserComplex.o muParser_dll_muParserDLL.o muParser_dll_muParserError.o muParser_dll_muParserInt.o muParser_dll_muParserTest.o muParser_dll_muParserTokenReader.o     -Wl,-soname,libmuparser.so.0    
(cd ./lib/; rm -f libmuparser.so libmuparser.so.0; ln -s libmuparser.so.0.0.0 libmuparser.so.0; ln -s libmuparser.so.0 libmuparser.so)
/home/ualusr2011/ual1220/ual1/tools/tars/muparser_v134/bk-deps g++ -c -o example1_Example1.o -DNDEBUG -I./include  -O2 ./samples/example1/Example1.cpp
g++ -o samples/example1/example1 example1_Example1.o -L./lib   -L./lib   -lmuparser 
make[3]: Leaving directory `/home/ualusr2011/ual1220/ual1/tools/tars/muparser_v134'
make[3]: Entering directory `/home/ualusr2011/ual1220/ual1/tools/tars/muparser_v134'
/usr/bin/install -c -d /home/ualusr2011/ual1220/ual1/tools/lib/linux
/usr/bin/install -c -m 644 ./lib/libmuparser.so /home/ualusr2011/ual1220/ual1/tools/lib/linux
/usr/bin/install -c ./lib/libmuparser.so.0.0.0 /home/ualusr2011/ual1220/ual1/tools/lib/linux
(cd /home/ualusr2011/ual1220/ual1/tools/lib/linux ; rm -f libmuparser.so libmuparser.so.0; ln -s libmuparser.so.0.0.0 libmuparser.so.0; ln -s libmuparser.so.0 libmuparser.so)
/usr/bin/install -c -d /home/ualusr2011/ual1220/ual1/tools
for f in include/muParser.h include/muParserBase.h include/muParserBytecode.h include/muParserCallback.h include/muParserComplex.h include/muParserDLL.h include/muParserDef.h include/muParserError.h include/muParserFixes.h include/muParserInt.h include/muParserStack.h include/muParserTest.h include/muParserToken.h include/muParserTokenReader.h; do \
if test ! -d /home/ualusr2011/ual1220/ual1/tools/`dirname $f` ; then \
/usr/bin/install -c -d /home/ualusr2011/ual1220/ual1/tools/`dirname $f`; \
fi; \
/usr/bin/install -c -m 644 ./$f /home/ualusr2011/ual1220/ual1/tools/$f; \
done
/usr/bin/install -c -d /home/ualusr2011/ual1220/ual1/tools/lib/linux/pkgconfig
/usr/bin/install -c -m 644 build/autoconf/muparser.pc /home/ualusr2011/ual1220/ual1/tools/lib/linux/pkgconfig
make[3]: Leaving directory `/home/ualusr2011/ual1220/ual1/tools/tars/muparser_v134'
rm -rf muparser_v134
gzip -d -c xerces-c-src_2_7_0.tar.gz | tar xvf -
xerces-c-src_2_7_0/
xerces-c-src_2_7_0/src/
xerces-c-src_2_7_0/src/xercesc/
xerces-c-src_2_7_0/src/xercesc/parsers/
xerces-c-src_2_7_0/src/xercesc/parsers/AbstractDOMParser.cpp
xerces-c-src_2_7_0/src/xercesc/parsers/Makefile.in
xerces-c-src_2_7_0/src/xercesc/parsers/SAX2XMLReaderImpl.cpp
xerces-c-src_2_7_0/src/xercesc/parsers/AbstractDOMParser.hpp
xerces-c-src_2_7_0/src/xercesc/parsers/SAX2XMLFilterImpl.cpp
xerces-c-src_2_7_0/src/xercesc/parsers/XercesDOMParser.cpp
xerces-c-src_2_7_0/src/xercesc/parsers/DOMBuilderImpl.cpp
xerces-c-src_2_7_0/src/xercesc/parsers/SAX2XMLReaderImpl.hpp
xerces-c-src_2_7_0/src/xercesc/parsers/SAXParser.cpp
xerces-c-src_2_7_0/src/xercesc/parsers/SAX2XMLFilterImpl.hpp
xerces-c-src_2_7_0/src/xercesc/parsers/XercesDOMParser.hpp
xerces-c-src_2_7_0/src/xercesc/parsers/DOMBuilderImpl.hpp
xerces-c-src_2_7_0/src/xercesc/parsers/SAXParser.hpp
xerces-c-src_2_7_0/src/xercesc/dom/
xerces-c-src_2_7_0/src/xercesc/dom/impl/
xerces-c-src_2_7_0/src/xercesc/dom/impl/DOMDeepNodeListImpl.cpp
xerces-c-src_2_7_0/src/xercesc/dom/impl/DOMNodeIDMap.cpp
xerces-c-src_2_7_0/src/xercesc/dom/impl/DOMStringPool.cpp
xerces-c-src_2_7_0/src/xercesc/dom/impl/DOMTextImpl.hpp
xerces-c-src_2_7_0/src/xercesc/dom/impl/Makefile.in
xerces-c-src_2_7_0/src/xercesc/dom/impl/DOMDocumentFragmentImpl.cpp
xerces-c-src_2_7_0/src/xercesc/dom/impl/DOMDocumentTypeImpl.cpp
xerces-c-src_2_7_0/src/xercesc/dom/impl/DOMEntityImpl.hpp
xerces-c-src_2_7_0/src/xercesc/dom/impl/DOMWriterImpl.hpp
xerces-c-src_2_7_0/src/xercesc/dom/impl/DOMErrorImpl.cpp
xerces-c-src_2_7_0/src/xercesc/dom/impl/DOMRangeImpl.cpp
xerces-c-src_2_7_0/src/xercesc/dom/impl/DOMElementImpl.hpp
xerces-c-src_2_7_0/src/xercesc/dom/impl/DOMNotationImpl.hpp
xerces-c-src_2_7_0/src/xercesc/dom/impl/DOMCasts.hpp
xerces-c-src_2_7_0/src/xercesc/dom/impl/DOMLocatorImpl.hpp
xerces-c-src_2_7_0/src/xercesc/dom/impl/DOMNodeListImpl.cpp
xerces-c-src_2_7_0/src/xercesc/dom/impl/DOMAttrImpl.hpp
xerces-c-src_2_7_0/src/xercesc/dom/impl/XSDElementNSImpl.cpp
xerces-c-src_2_7_0/src/xercesc/dom/impl/DOMChildNode.hpp
xerces-c-src_2_7_0/src/xercesc/dom/impl/DOMConfigurationImpl.hpp
xerces-c-src_2_7_0/src/xercesc/dom/impl/DOMDocumentImpl.cpp
xerces-c-src_2_7_0/src/xercesc/dom/impl/DOMNamedNodeMapImpl.cpp
xerces-c-src_2_7_0/src/xercesc/dom/impl/DOMParentNode.hpp
xerces-c-src_2_7_0/src/xercesc/dom/impl/DOMProcessingInstructionImpl.hpp
xerces-c-src_2_7_0/src/xercesc/dom/impl/DOMNodeImpl.hpp
xerces-c-src_2_7_0/src/xercesc/dom/impl/DOMImplementationImpl.hpp
xerces-c-src_2_7_0/src/xercesc/dom/impl/DOMElementNSImpl.cpp
xerces-c-src_2_7_0/src/xercesc/dom/impl/DOMNodeVector.hpp
xerces-c-src_2_7_0/src/xercesc/dom/impl/DOMEntityReferenceImpl.cpp
xerces-c-src_2_7_0/src/xercesc/dom/impl/DOMCharacterDataImpl.hpp
xerces-c-src_2_7_0/src/xercesc/dom/impl/DOMNormalizer.cpp
xerces-c-src_2_7_0/src/xercesc/dom/impl/DOMCDATASectionImpl.cpp
xerces-c-src_2_7_0/src/xercesc/dom/impl/DOMCommentImpl.cpp
xerces-c-src_2_7_0/src/xercesc/dom/impl/DOMTypeInfoImpl.hpp
xerces-c-src_2_7_0/src/xercesc/dom/impl/DOMNodeIteratorImpl.hpp
xerces-c-src_2_7_0/src/xercesc/dom/impl/DOMTreeWalkerImpl.cpp
xerces-c-src_2_7_0/src/xercesc/dom/impl/DOMEntityImpl.cpp
xerces-c-src_2_7_0/src/xercesc/dom/impl/DOMWriterImpl.cpp
xerces-c-src_2_7_0/src/xercesc/dom/impl/DOMAttrMapImpl.hpp
xerces-c-src_2_7_0/src/xercesc/dom/impl/DOMAttrNSImpl.hpp
xerces-c-src_2_7_0/src/xercesc/dom/impl/DOMNodeIDMap.hpp
xerces-c-src_2_7_0/src/xercesc/dom/impl/DOMStringPool.hpp
xerces-c-src_2_7_0/src/xercesc/dom/impl/DOMDeepNodeListImpl.hpp
xerces-c-src_2_7_0/src/xercesc/dom/impl/DOMTextImpl.cpp
xerces-c-src_2_7_0/src/xercesc/dom/impl/DOMDocumentTypeImpl.hpp
xerces-c-src_2_7_0/src/xercesc/dom/impl/DOMElementImpl.cpp
xerces-c-src_2_7_0/src/xercesc/dom/impl/DOMNotationImpl.cpp
xerces-c-src_2_7_0/src/xercesc/dom/impl/DOMImplementationRegistry.cpp
xerces-c-src_2_7_0/src/xercesc/dom/impl/DOMDeepNodeListPool.hpp
xerces-c-src_2_7_0/src/xercesc/dom/impl/DOMErrorImpl.hpp
xerces-c-src_2_7_0/src/xercesc/dom/impl/DOMRangeImpl.hpp
xerces-c-src_2_7_0/src/xercesc/dom/impl/DOMLocatorImpl.cpp
xerces-c-src_2_7_0/src/xercesc/dom/impl/DOMConfigurationImpl.cpp
xerces-c-src_2_7_0/src/xercesc/dom/impl/DOMChildNode.cpp
xerces-c-src_2_7_0/src/xercesc/dom/impl/DOMDocumentFragmentImpl.hpp
xerces-c-src_2_7_0/src/xercesc/dom/impl/DOMAttrImpl.cpp
xerces-c-src_2_7_0/src/xercesc/dom/impl/DOMParentNode.cpp
xerces-c-src_2_7_0/src/xercesc/dom/impl/DOMProcessingInstructionImpl.cpp
xerces-c-src_2_7_0/src/xercesc/dom/impl/XSDElementNSImpl.hpp
xerces-c-src_2_7_0/src/xercesc/dom/impl/DOMDocumentImpl.hpp
xerces-c-src_2_7_0/src/xercesc/dom/impl/DOMNodeImpl.cpp
xerces-c-src_2_7_0/src/xercesc/dom/impl/DOMImplementationImpl.cpp
xerces-c-src_2_7_0/src/xercesc/dom/impl/DOMNodeVector.cpp
xerces-c-src_2_7_0/src/xercesc/dom/impl/DOMNodeListImpl.hpp
xerces-c-src_2_7_0/src/xercesc/dom/impl/DOMCharacterDataImpl.cpp
xerces-c-src_2_7_0/src/xercesc/dom/impl/DOMDeepNodeListPool.c
xerces-c-src_2_7_0/src/xercesc/dom/impl/DOMNamedNodeMapImpl.hpp
xerces-c-src_2_7_0/src/xercesc/dom/impl/DOMTypeInfoImpl.cpp
xerces-c-src_2_7_0/src/xercesc/dom/impl/DOMNodeIteratorImpl.cpp
xerces-c-src_2_7_0/src/xercesc/dom/impl/DOMElementNSImpl.hpp
xerces-c-src_2_7_0/src/xercesc/dom/impl/DOMEntityReferenceImpl.hpp
xerces-c-src_2_7_0/src/xercesc/dom/impl/DOMNormalizer.hpp
xerces-c-src_2_7_0/src/xercesc/dom/impl/DOMCDATASectionImpl.hpp
xerces-c-src_2_7_0/src/xercesc/dom/impl/DOMCommentImpl.hpp
xerces-c-src_2_7_0/src/xercesc/dom/impl/DOMAttrMapImpl.cpp
xerces-c-src_2_7_0/src/xercesc/dom/impl/DOMTreeWalkerImpl.hpp
xerces-c-src_2_7_0/src/xercesc/dom/impl/DOMAttrNSImpl.cpp
xerces-c-src_2_7_0/src/xercesc/dom/deprecated/
xerces-c-src_2_7_0/src/xercesc/dom/deprecated/NotationImpl.cpp
xerces-c-src_2_7_0/src/xercesc/dom/deprecated/EntityImpl.cpp
xerces-c-src_2_7_0/src/xercesc/dom/deprecated/AttrMapImpl.hpp
xerces-c-src_2_7_0/src/xercesc/dom/deprecated/DOMParser.hpp
xerces-c-src_2_7_0/src/xercesc/dom/deprecated/DOM_Comment.cpp
xerces-c-src_2_7_0/src/xercesc/dom/deprecated/Makefile.in
xerces-c-src_2_7_0/src/xercesc/dom/deprecated/AttrNSImpl.hpp
xerces-c-src_2_7_0/src/xercesc/dom/deprecated/DStringPool.cpp
xerces-c-src_2_7_0/src/xercesc/dom/deprecated/NodeIDMap.hpp
xerces-c-src_2_7_0/src/xercesc/dom/deprecated/TextImpl.cpp
xerces-c-src_2_7_0/src/xercesc/dom/deprecated/DOM_DocumentFragment.hpp
xerces-c-src_2_7_0/src/xercesc/dom/deprecated/DeepNodeListImpl.hpp
xerces-c-src_2_7_0/src/xercesc/dom/deprecated/DOM_Attr.cpp
xerces-c-src_2_7_0/src/xercesc/dom/deprecated/DocumentTypeImpl.hpp
xerces-c-src_2_7_0/src/xercesc/dom/deprecated/DOMString.hpp
xerces-c-src_2_7_0/src/xercesc/dom/deprecated/ElementImpl.cpp
xerces-c-src_2_7_0/src/xercesc/dom/deprecated/RefCountedImpl.cpp
xerces-c-src_2_7_0/src/xercesc/dom/deprecated/XMLDeclImpl.hpp
xerces-c-src_2_7_0/src/xercesc/dom/deprecated/RangeImpl.hpp
xerces-c-src_2_7_0/src/xercesc/dom/deprecated/DOM_RangeException.hpp
xerces-c-src_2_7_0/src/xercesc/dom/deprecated/DOM_NamedNodeMap.hpp
xerces-c-src_2_7_0/src/xercesc/dom/deprecated/DOM_Document.hpp
xerces-c-src_2_7_0/src/xercesc/dom/deprecated/DOM_Node.cpp
xerces-c-src_2_7_0/src/xercesc/dom/deprecated/DOM_NodeList.hpp
xerces-c-src_2_7_0/src/xercesc/dom/deprecated/DOM_Element.cpp
xerces-c-src_2_7_0/src/xercesc/dom/deprecated/ChildNode.cpp
xerces-c-src_2_7_0/src/xercesc/dom/deprecated/DOM_NodeFilter.cpp
xerces-c-src_2_7_0/src/xercesc/dom/deprecated/DocumentFragmentImpl.hpp
xerces-c-src_2_7_0/src/xercesc/dom/deprecated/DOM_Range.cpp
xerces-c-src_2_7_0/src/xercesc/dom/deprecated/ProcessingInstructionImpl.cpp
xerces-c-src_2_7_0/src/xercesc/dom/deprecated/AttrImpl.cpp
xerces-c-src_2_7_0/src/xercesc/dom/deprecated/DOM_XMLDecl.hpp
xerces-c-src_2_7_0/src/xercesc/dom/deprecated/ParentNode.cpp
xerces-c-src_2_7_0/src/xercesc/dom/deprecated/DOM_NodeIterator.cpp
xerces-c-src_2_7_0/src/xercesc/dom/deprecated/DOM_TreeWalker.cpp
xerces-c-src_2_7_0/src/xercesc/dom/deprecated/DOM_DOMImplementation.cpp
xerces-c-src_2_7_0/src/xercesc/dom/deprecated/NodeImpl.cpp
xerces-c-src_2_7_0/src/xercesc/dom/deprecated/DOM_CDATASection.hpp
xerces-c-src_2_7_0/src/xercesc/dom/deprecated/DocumentImpl.hpp
xerces-c-src_2_7_0/src/xercesc/dom/deprecated/CharacterDataImpl.cpp
xerces-c-src_2_7_0/src/xercesc/dom/deprecated/NodeListImpl.hpp
xerces-c-src_2_7_0/src/xercesc/dom/deprecated/NodeVector.cpp
xerces-c-src_2_7_0/src/xercesc/dom/deprecated/DOM_Entity.cpp
xerces-c-src_2_7_0/src/xercesc/dom/deprecated/DOM_DocumentType.cpp
xerces-c-src_2_7_0/src/xercesc/dom/deprecated/NamedNodeMapImpl.hpp
xerces-c-src_2_7_0/src/xercesc/dom/deprecated/ElementNSImpl.hpp
xerces-c-src_2_7_0/src/xercesc/dom/deprecated/NodeIteratorImpl.cpp
xerces-c-src_2_7_0/src/xercesc/dom/deprecated/EntityReferenceImpl.hpp
xerces-c-src_2_7_0/src/xercesc/dom/deprecated/DOM_ProcessingInstruction.hpp
xerces-c-src_2_7_0/src/xercesc/dom/deprecated/CDATASectionImpl.hpp
xerces-c-src_2_7_0/src/xercesc/dom/deprecated/DomMemDebug.cpp
xerces-c-src_2_7_0/src/xercesc/dom/deprecated/DOM_Text.hpp
xerces-c-src_2_7_0/src/xercesc/dom/deprecated/ElementDefinitionImpl.hpp
xerces-c-src_2_7_0/src/xercesc/dom/deprecated/CommentImpl.hpp
xerces-c-src_2_7_0/src/xercesc/dom/deprecated/TreeWalkerImpl.hpp
xerces-c-src_2_7_0/src/xercesc/dom/deprecated/AttrMapImpl.cpp
xerces-c-src_2_7_0/src/xercesc/dom/deprecated/DOMParser.cpp
xerces-c-src_2_7_0/src/xercesc/dom/deprecated/DOM_CharacterData.hpp
xerces-c-src_2_7_0/src/xercesc/dom/deprecated/DOMStringImpl.hpp
xerces-c-src_2_7_0/src/xercesc/dom/deprecated/AttrNSImpl.cpp
xerces-c-src_2_7_0/src/xercesc/dom/deprecated/DOM_EntityReference.hpp
xerces-c-src_2_7_0/src/xercesc/dom/deprecated/DOM_Notation.hpp
xerces-c-src_2_7_0/src/xercesc/dom/deprecated/DOM_Document.cpp
xerces-c-src_2_7_0/src/xercesc/dom/deprecated/NodeIDMap.cpp
xerces-c-src_2_7_0/src/xercesc/dom/deprecated/EntityImpl.hpp
xerces-c-src_2_7_0/src/xercesc/dom/deprecated/DOM_Comment.hpp
xerces-c-src_2_7_0/src/xercesc/dom/deprecated/DOM_DocumentFragment.cpp
xerces-c-src_2_7_0/src/xercesc/dom/deprecated/DeepNodeListImpl.cpp
xerces-c-src_2_7_0/src/xercesc/dom/deprecated/DOM_DOMException.hpp
xerces-c-src_2_7_0/src/xercesc/dom/deprecated/DocumentTypeImpl.cpp
xerces-c-src_2_7_0/src/xercesc/dom/deprecated/DOMString.cpp
xerces-c-src_2_7_0/src/xercesc/dom/deprecated/DStringPool.hpp
xerces-c-src_2_7_0/src/xercesc/dom/deprecated/XMLDeclImpl.cpp
xerces-c-src_2_7_0/src/xercesc/dom/deprecated/DOM_RangeException.cpp
xerces-c-src_2_7_0/src/xercesc/dom/deprecated/TextImpl.hpp
xerces-c-src_2_7_0/src/xercesc/dom/deprecated/DOM_NodeList.cpp
xerces-c-src_2_7_0/src/xercesc/dom/deprecated/DOM_Attr.hpp
xerces-c-src_2_7_0/src/xercesc/dom/deprecated/RangeImpl.cpp
xerces-c-src_2_7_0/src/xercesc/dom/deprecated/NotationImpl.hpp
xerces-c-src_2_7_0/src/xercesc/dom/deprecated/ElementImpl.hpp
xerces-c-src_2_7_0/src/xercesc/dom/deprecated/DOM_Range.hpp
xerces-c-src_2_7_0/src/xercesc/dom/deprecated/DocumentFragmentImpl.cpp
xerces-c-src_2_7_0/src/xercesc/dom/deprecated/RefCountedImpl.hpp
xerces-c-src_2_7_0/src/xercesc/dom/deprecated/DOM_NamedNodeMap.cpp
xerces-c-src_2_7_0/src/xercesc/dom/deprecated/DOM_XMLDecl.cpp
xerces-c-src_2_7_0/src/xercesc/dom/deprecated/DOM_Node.hpp
xerces-c-src_2_7_0/src/xercesc/dom/deprecated/DOM_Element.hpp
xerces-c-src_2_7_0/src/xercesc/dom/deprecated/ChildNode.hpp
xerces-c-src_2_7_0/src/xercesc/dom/deprecated/DOM_NodeFilter.hpp
xerces-c-src_2_7_0/src/xercesc/dom/deprecated/DOM.hpp
xerces-c-src_2_7_0/src/xercesc/dom/deprecated/DOM_CDATASection.cpp
xerces-c-src_2_7_0/src/xercesc/dom/deprecated/DocumentImpl.cpp
xerces-c-src_2_7_0/src/xercesc/dom/deprecated/AttrImpl.hpp
xerces-c-src_2_7_0/src/xercesc/dom/deprecated/NameNodeFilter.hpp
xerces-c-src_2_7_0/src/xercesc/dom/deprecated/DOM_NodeIterator.hpp
xerces-c-src_2_7_0/src/xercesc/dom/deprecated/NodeListImpl.cpp
xerces-c-src_2_7_0/src/xercesc/dom/deprecated/ParentNode.hpp
xerces-c-src_2_7_0/src/xercesc/dom/deprecated/DOM_TreeWalker.hpp
xerces-c-src_2_7_0/src/xercesc/dom/deprecated/ProcessingInstructionImpl.hpp
xerces-c-src_2_7_0/src/xercesc/dom/deprecated/NamedNodeMapImpl.cpp
xerces-c-src_2_7_0/src/xercesc/dom/deprecated/ElementNSImpl.cpp
xerces-c-src_2_7_0/src/xercesc/dom/deprecated/NodeImpl.hpp
xerces-c-src_2_7_0/src/xercesc/dom/deprecated/CharacterDataImpl.hpp
xerces-c-src_2_7_0/src/xercesc/dom/deprecated/DOM_Entity.hpp
xerces-c-src_2_7_0/src/xercesc/dom/deprecated/DOM_ProcessingInstruction.cpp
xerces-c-src_2_7_0/src/xercesc/dom/deprecated/EntityReferenceImpl.cpp
xerces-c-src_2_7_0/src/xercesc/dom/deprecated/NodeVector.hpp
xerces-c-src_2_7_0/src/xercesc/dom/deprecated/DOM_Text.cpp
xerces-c-src_2_7_0/src/xercesc/dom/deprecated/CDATASectionImpl.cpp
xerces-c-src_2_7_0/src/xercesc/dom/deprecated/DOM_DocumentType.hpp
xerces-c-src_2_7_0/src/xercesc/dom/deprecated/TreeWalkerImpl.cpp
xerces-c-src_2_7_0/src/xercesc/dom/deprecated/CommentImpl.cpp
xerces-c-src_2_7_0/src/xercesc/dom/deprecated/ElementDefinitionImpl.cpp
xerces-c-src_2_7_0/src/xercesc/dom/deprecated/DOM_CharacterData.cpp
xerces-c-src_2_7_0/src/xercesc/dom/deprecated/NodeIteratorImpl.hpp
xerces-c-src_2_7_0/src/xercesc/dom/deprecated/DOM_DOMImplementation.hpp
xerces-c-src_2_7_0/src/xercesc/dom/deprecated/DOM_Notation.cpp
xerces-c-src_2_7_0/src/xercesc/dom/deprecated/DOM_EntityReference.cpp
xerces-c-src_2_7_0/src/xercesc/dom/deprecated/DomMemDebug.hpp
xerces-c-src_2_7_0/src/xercesc/dom/deprecated/MemDebug.hpp
xerces-c-src_2_7_0/src/xercesc/dom/deprecated/DOM_DOMException.cpp
xerces-c-src_2_7_0/src/xercesc/dom/DOMDocumentRange.hpp
xerces-c-src_2_7_0/src/xercesc/dom/DOMNodeFilter.hpp
xerces-c-src_2_7_0/src/xercesc/dom/DOMImplementationSource.hpp
xerces-c-src_2_7_0/src/xercesc/dom/DOMEntityReference.hpp
xerces-c-src_2_7_0/src/xercesc/dom/Makefile.in
xerces-c-src_2_7_0/src/xercesc/dom/StDOMNode.hpp
xerces-c-src_2_7_0/src/xercesc/dom/DOMTypeInfo.hpp
xerces-c-src_2_7_0/src/xercesc/dom/DOMNodeIterator.hpp
xerces-c-src_2_7_0/src/xercesc/dom/DOMPSVITypeInfo.hpp
xerces-c-src_2_7_0/src/xercesc/dom/DOMCDATASection.hpp
xerces-c-src_2_7_0/src/xercesc/dom/DOMComment.hpp
xerces-c-src_2_7_0/src/xercesc/dom/DOMXPathExpression.hpp
xerces-c-src_2_7_0/src/xercesc/dom/DOMTreeWalker.hpp
xerces-c-src_2_7_0/src/xercesc/dom/DOMXPathNSResolver.hpp
xerces-c-src_2_7_0/src/xercesc/dom/DOMProcessingInstruction.hpp
xerces-c-src_2_7_0/src/xercesc/dom/DOM.hpp
xerces-c-src_2_7_0/src/xercesc/dom/DOMEntity.hpp
xerces-c-src_2_7_0/src/xercesc/dom/DOMWriter.hpp
xerces-c-src_2_7_0/src/xercesc/dom/DOMDocumentType.hpp
xerces-c-src_2_7_0/src/xercesc/dom/DOMImplementationRegistry.hpp
xerces-c-src_2_7_0/src/xercesc/dom/DOMWriterFilter.hpp
xerces-c-src_2_7_0/src/xercesc/dom/DOMImplementationLS.hpp
xerces-c-src_2_7_0/src/xercesc/dom/DOMText.hpp
xerces-c-src_2_7_0/src/xercesc/dom/DOMErrorHandler.hpp
xerces-c-src_2_7_0/src/xercesc/dom/DOMException.cpp
xerces-c-src_2_7_0/src/xercesc/dom/DOMError.hpp
xerces-c-src_2_7_0/src/xercesc/dom/DOMElement.hpp
xerces-c-src_2_7_0/src/xercesc/dom/DOMNotation.hpp
xerces-c-src_2_7_0/src/xercesc/dom/DOMRange.hpp
xerces-c-src_2_7_0/src/xercesc/dom/DOMException.hpp
xerces-c-src_2_7_0/src/xercesc/dom/DOMEntityResolver.hpp
xerces-c-src_2_7_0/src/xercesc/dom/DOMXPathException.cpp
xerces-c-src_2_7_0/src/xercesc/dom/DOMXPathNamespace.hpp
xerces-c-src_2_7_0/src/xercesc/dom/DOMDocumentFragment.hpp
xerces-c-src_2_7_0/src/xercesc/dom/DOMDocumentTraversal.hpp
xerces-c-src_2_7_0/src/xercesc/dom/DOMLocator.hpp
xerces-c-src_2_7_0/src/xercesc/dom/DOMXPathException.hpp
xerces-c-src_2_7_0/src/xercesc/dom/DOMRangeException.cpp
xerces-c-src_2_7_0/src/xercesc/dom/DOMUserDataHandler.hpp
xerces-c-src_2_7_0/src/xercesc/dom/DOMConfiguration.hpp
xerces-c-src_2_7_0/src/xercesc/dom/DOMXPathEvaluator.hpp
xerces-c-src_2_7_0/src/xercesc/dom/DOMAttr.hpp
xerces-c-src_2_7_0/src/xercesc/dom/DOMRangeException.hpp
xerces-c-src_2_7_0/src/xercesc/dom/DOMDocument.hpp
xerces-c-src_2_7_0/src/xercesc/dom/DOMNode.hpp
xerces-c-src_2_7_0/src/xercesc/dom/DOMImplementation.hpp
xerces-c-src_2_7_0/src/xercesc/dom/DOMInputSource.hpp
xerces-c-src_2_7_0/src/xercesc/dom/DOMNodeList.hpp
xerces-c-src_2_7_0/src/xercesc/dom/DOMXPathResult.hpp
xerces-c-src_2_7_0/src/xercesc/dom/DOMBuilder.hpp
xerces-c-src_2_7_0/src/xercesc/dom/DOMCharacterData.hpp
xerces-c-src_2_7_0/src/xercesc/dom/DOMNamedNodeMap.hpp
xerces-c-src_2_7_0/src/xercesc/sax/
xerces-c-src_2_7_0/src/xercesc/sax/HandlerBase.hpp
xerces-c-src_2_7_0/src/xercesc/sax/Parser.hpp
xerces-c-src_2_7_0/src/xercesc/sax/Makefile.in
xerces-c-src_2_7_0/src/xercesc/sax/SAXParseException.cpp
xerces-c-src_2_7_0/src/xercesc/sax/EntityResolver.hpp
xerces-c-src_2_7_0/src/xercesc/sax/AttributeList.hpp
xerces-c-src_2_7_0/src/xercesc/sax/Locator.hpp
xerces-c-src_2_7_0/src/xercesc/sax/SAXParseException.hpp
xerces-c-src_2_7_0/src/xercesc/sax/SAXException.cpp
xerces-c-src_2_7_0/src/xercesc/sax/DTDHandler.hpp
xerces-c-src_2_7_0/src/xercesc/sax/SAXException.hpp
xerces-c-src_2_7_0/src/xercesc/sax/InputSource.cpp
xerces-c-src_2_7_0/src/xercesc/sax/DocumentHandler.hpp
xerces-c-src_2_7_0/src/xercesc/sax/InputSource.hpp
xerces-c-src_2_7_0/src/xercesc/sax/Dummy.cpp
xerces-c-src_2_7_0/src/xercesc/sax/ErrorHandler.hpp
xerces-c-src_2_7_0/src/xercesc/NLS/
xerces-c-src_2_7_0/src/xercesc/NLS/EN_US/
xerces-c-src_2_7_0/src/xercesc/NLS/EN_US/XMLErrList_EN_US.Xml
xerces-c-src_2_7_0/src/xercesc/NLS/XMLErrList.dtd
xerces-c-src_2_7_0/src/xercesc/framework/
xerces-c-src_2_7_0/src/xercesc/framework/psvi/
xerces-c-src_2_7_0/src/xercesc/framework/psvi/XSModelGroup.cpp
xerces-c-src_2_7_0/src/xercesc/framework/psvi/PSVIItem.cpp
xerces-c-src_2_7_0/src/xercesc/framework/psvi/Makefile.in
xerces-c-src_2_7_0/src/xercesc/framework/psvi/XSModelGroupDefinition.cpp
xerces-c-src_2_7_0/src/xercesc/framework/psvi/XSWildcard.cpp
xerces-c-src_2_7_0/src/xercesc/framework/psvi/PSVIItem.hpp
xerces-c-src_2_7_0/src/xercesc/framework/psvi/XSWildcard.hpp
xerces-c-src_2_7_0/src/xercesc/framework/psvi/PSVIElement.cpp
xerces-c-src_2_7_0/src/xercesc/framework/psvi/XSModelGroupDefinition.hpp
xerces-c-src_2_7_0/src/xercesc/framework/psvi/XSConstants.hpp
xerces-c-src_2_7_0/src/xercesc/framework/psvi/XSNotationDeclaration.cpp
xerces-c-src_2_7_0/src/xercesc/framework/psvi/XSSimpleTypeDefinition.cpp
xerces-c-src_2_7_0/src/xercesc/framework/psvi/XSNotationDeclaration.hpp
xerces-c-src_2_7_0/src/xercesc/framework/psvi/XSSimpleTypeDefinition.hpp
xerces-c-src_2_7_0/src/xercesc/framework/psvi/XSAttributeUse.cpp
xerces-c-src_2_7_0/src/xercesc/framework/psvi/XSComplexTypeDefinition.cpp
xerces-c-src_2_7_0/src/xercesc/framework/psvi/XSModelGroup.hpp
xerces-c-src_2_7_0/src/xercesc/framework/psvi/XSFacet.cpp
xerces-c-src_2_7_0/src/xercesc/framework/psvi/PSVIAttributeList.cpp
xerces-c-src_2_7_0/src/xercesc/framework/psvi/XSAttributeUse.hpp
xerces-c-src_2_7_0/src/xercesc/framework/psvi/PSVIElement.hpp
xerces-c-src_2_7_0/src/xercesc/framework/psvi/XSNamedMap.hpp
xerces-c-src_2_7_0/src/xercesc/framework/psvi/XSFacet.hpp
xerces-c-src_2_7_0/src/xercesc/framework/psvi/XSAttributeGroupDefinition.cpp
xerces-c-src_2_7_0/src/xercesc/framework/psvi/XSComplexTypeDefinition.hpp
xerces-c-src_2_7_0/src/xercesc/framework/psvi/XSMultiValueFacet.cpp
xerces-c-src_2_7_0/src/xercesc/framework/psvi/PSVIAttribute.cpp
xerces-c-src_2_7_0/src/xercesc/framework/psvi/XSElementDeclaration.cpp
xerces-c-src_2_7_0/src/xercesc/framework/psvi/XSTypeDefinition.cpp
xerces-c-src_2_7_0/src/xercesc/framework/psvi/PSVIAttributeList.hpp
xerces-c-src_2_7_0/src/xercesc/framework/psvi/XSMultiValueFacet.hpp
xerces-c-src_2_7_0/src/xercesc/framework/psvi/XSAttributeGroupDefinition.hpp
xerces-c-src_2_7_0/src/xercesc/framework/psvi/PSVIAttribute.hpp
xerces-c-src_2_7_0/src/xercesc/framework/psvi/XSElementDeclaration.hpp
xerces-c-src_2_7_0/src/xercesc/framework/psvi/XSTypeDefinition.hpp
xerces-c-src_2_7_0/src/xercesc/framework/psvi/XSModel.cpp
xerces-c-src_2_7_0/src/xercesc/framework/psvi/XSParticle.cpp
xerces-c-src_2_7_0/src/xercesc/framework/psvi/XSObject.cpp
xerces-c-src_2_7_0/src/xercesc/framework/psvi/XSModel.hpp
xerces-c-src_2_7_0/src/xercesc/framework/psvi/XSIDCDefinition.cpp
xerces-c-src_2_7_0/src/xercesc/framework/psvi/XSParticle.hpp
xerces-c-src_2_7_0/src/xercesc/framework/psvi/PSVIHandler.hpp
xerces-c-src_2_7_0/src/xercesc/framework/psvi/XSAnnotation.cpp
xerces-c-src_2_7_0/src/xercesc/framework/psvi/XSAttributeDeclaration.hpp
xerces-c-src_2_7_0/src/xercesc/framework/psvi/XSAttributeDeclaration.cpp
xerces-c-src_2_7_0/src/xercesc/framework/psvi/XSNamespaceItem.cpp
xerces-c-src_2_7_0/src/xercesc/framework/psvi/XSObject.hpp
xerces-c-src_2_7_0/src/xercesc/framework/psvi/XSValue.cpp
xerces-c-src_2_7_0/src/xercesc/framework/psvi/XSIDCDefinition.hpp
xerces-c-src_2_7_0/src/xercesc/framework/psvi/XSAnnotation.hpp
xerces-c-src_2_7_0/src/xercesc/framework/psvi/XSNamespaceItem.hpp
xerces-c-src_2_7_0/src/xercesc/framework/psvi/XSValue.hpp
xerces-c-src_2_7_0/src/xercesc/framework/psvi/XSNamedMap.c
xerces-c-src_2_7_0/src/xercesc/framework/URLInputSource.cpp
xerces-c-src_2_7_0/src/xercesc/framework/XMLBuffer.hpp
xerces-c-src_2_7_0/src/xercesc/framework/XMLAttr.hpp
xerces-c-src_2_7_0/src/xercesc/framework/Makefile.in
xerces-c-src_2_7_0/src/xercesc/framework/LocalFileInputSource.hpp
xerces-c-src_2_7_0/src/xercesc/framework/Wrapper4DOMInputSource.cpp
xerces-c-src_2_7_0/src/xercesc/framework/XMLDocumentHandler.hpp
xerces-c-src_2_7_0/src/xercesc/framework/XMLErrorReporter.hpp
xerces-c-src_2_7_0/src/xercesc/framework/ValidationContext.hpp
xerces-c-src_2_7_0/src/xercesc/framework/XMLNotationDecl.cpp
xerces-c-src_2_7_0/src/xercesc/framework/XMLContentModel.hpp
xerces-c-src_2_7_0/src/xercesc/framework/XMLRefInfo.hpp
xerces-c-src_2_7_0/src/xercesc/framework/XMLValidator.cpp
xerces-c-src_2_7_0/src/xercesc/framework/URLInputSource.hpp
xerces-c-src_2_7_0/src/xercesc/framework/XMLNotationDecl.hpp
xerces-c-src_2_7_0/src/xercesc/framework/XMLRefInfo.cpp
xerces-c-src_2_7_0/src/xercesc/framework/XMLAttDef.cpp
xerces-c-src_2_7_0/src/xercesc/framework/Wrapper4DOMInputSource.hpp
xerces-c-src_2_7_0/src/xercesc/framework/XMLValidator.hpp
xerces-c-src_2_7_0/src/xercesc/framework/MemBufInputSource.cpp
xerces-c-src_2_7_0/src/xercesc/framework/XMLContentModel.cpp
xerces-c-src_2_7_0/src/xercesc/framework/XMLSchemaDescription.cpp
xerces-c-src_2_7_0/src/xercesc/framework/MemBufInputSource.hpp
xerces-c-src_2_7_0/src/xercesc/framework/XMLValidityCodes.hpp
xerces-c-src_2_7_0/src/xercesc/framework/XMLRecognizer.cpp
xerces-c-src_2_7_0/src/xercesc/framework/XMLSchemaDescription.hpp
xerces-c-src_2_7_0/src/xercesc/framework/MemBufFormatTarget.cpp
xerces-c-src_2_7_0/src/xercesc/framework/XMLErrorCodes.hpp
xerces-c-src_2_7_0/src/xercesc/framework/XMLRecognizer.hpp
xerces-c-src_2_7_0/src/xercesc/framework/XMLBufferMgr.cpp
xerces-c-src_2_7_0/src/xercesc/framework/MemBufFormatTarget.hpp
xerces-c-src_2_7_0/src/xercesc/framework/XMLDTDDescription.cpp
xerces-c-src_2_7_0/src/xercesc/framework/XMLEntityHandler.hpp
xerces-c-src_2_7_0/src/xercesc/framework/StdOutFormatTarget.cpp
xerces-c-src_2_7_0/src/xercesc/framework/XMLElementDecl.cpp
xerces-c-src_2_7_0/src/xercesc/framework/Wrapper4InputSource.cpp
xerces-c-src_2_7_0/src/xercesc/framework/BinOutputStream.cpp
xerces-c-src_2_7_0/src/xercesc/framework/XMLBufferMgr.hpp
xerces-c-src_2_7_0/src/xercesc/framework/XMLDTDDescription.hpp
xerces-c-src_2_7_0/src/xercesc/framework/XMLGrammarPool.hpp
xerces-c-src_2_7_0/src/xercesc/framework/StdOutFormatTarget.hpp
xerces-c-src_2_7_0/src/xercesc/framework/XMLElementDecl.hpp
xerces-c-src_2_7_0/src/xercesc/framework/MemoryManager.hpp
xerces-c-src_2_7_0/src/xercesc/framework/Wrapper4InputSource.hpp
xerces-c-src_2_7_0/src/xercesc/framework/BinOutputStream.hpp
xerces-c-src_2_7_0/src/xercesc/framework/LocalFileFormatTarget.cpp
xerces-c-src_2_7_0/src/xercesc/framework/XMLGrammarDescription.cpp
xerces-c-src_2_7_0/src/xercesc/framework/LocalFileFormatTarget.hpp
xerces-c-src_2_7_0/src/xercesc/framework/XMLGrammarDescription.hpp
xerces-c-src_2_7_0/src/xercesc/framework/StdInInputSource.cpp
xerces-c-src_2_7_0/src/xercesc/framework/XMLAttDefList.cpp
xerces-c-src_2_7_0/src/xercesc/framework/XMLFormatter.cpp
xerces-c-src_2_7_0/src/xercesc/framework/XMLEntityDecl.cpp
xerces-c-src_2_7_0/src/xercesc/framework/StdInInputSource.hpp
xerces-c-src_2_7_0/src/xercesc/framework/XMLAttDefList.hpp
xerces-c-src_2_7_0/src/xercesc/framework/XMLFormatter.hpp
xerces-c-src_2_7_0/src/xercesc/framework/XMLBuffer.cpp
xerces-c-src_2_7_0/src/xercesc/framework/XMLEntityDecl.hpp
xerces-c-src_2_7_0/src/xercesc/framework/XMLAttr.cpp
xerces-c-src_2_7_0/src/xercesc/framework/LocalFileInputSource.cpp
xerces-c-src_2_7_0/src/xercesc/framework/XMLPScanToken.hpp
xerces-c-src_2_7_0/src/xercesc/framework/XMLAttDef.hpp
xerces-c-src_2_7_0/src/xercesc/validators/
xerces-c-src_2_7_0/src/xercesc/validators/schema/
xerces-c-src_2_7_0/src/xercesc/validators/schema/identity/
xerces-c-src_2_7_0/src/xercesc/validators/schema/identity/IC_Unique.cpp
xerces-c-src_2_7_0/src/xercesc/validators/schema/identity/Makefile.in
xerces-c-src_2_7_0/src/xercesc/validators/schema/identity/FieldActivator.cpp
xerces-c-src_2_7_0/src/xercesc/validators/schema/identity/IdentityConstraintHandler.hpp
xerces-c-src_2_7_0/src/xercesc/validators/schema/identity/XPathSymbols.hpp
xerces-c-src_2_7_0/src/xercesc/validators/schema/identity/ValueStoreCache.cpp
xerces-c-src_2_7_0/src/xercesc/validators/schema/identity/XPathMatcherStack.cpp
xerces-c-src_2_7_0/src/xercesc/validators/schema/identity/FieldValueMap.cpp
xerces-c-src_2_7_0/src/xercesc/validators/schema/identity/ValueStoreCache.hpp
xerces-c-src_2_7_0/src/xercesc/validators/schema/identity/XPathMatcherStack.hpp
xerces-c-src_2_7_0/src/xercesc/validators/schema/identity/FieldValueMap.hpp
xerces-c-src_2_7_0/src/xercesc/validators/schema/identity/IC_Unique.hpp
xerces-c-src_2_7_0/src/xercesc/validators/schema/identity/XPathMatcher.cpp
xerces-c-src_2_7_0/src/xercesc/validators/schema/identity/ValueStore.cpp
xerces-c-src_2_7_0/src/xercesc/validators/schema/identity/IC_Selector.cpp
xerces-c-src_2_7_0/src/xercesc/validators/schema/identity/XPathMatcher.hpp
xerces-c-src_2_7_0/src/xercesc/validators/schema/identity/XercesXPath.cpp
xerces-c-src_2_7_0/src/xercesc/validators/schema/identity/IC_Key.cpp
xerces-c-src_2_7_0/src/xercesc/validators/schema/identity/ValueStore.hpp
xerces-c-src_2_7_0/src/xercesc/validators/schema/identity/IC_Field.cpp
xerces-c-src_2_7_0/src/xercesc/validators/schema/identity/IdentityConstraint.cpp
xerces-c-src_2_7_0/src/xercesc/validators/schema/identity/IC_KeyRef.cpp
xerces-c-src_2_7_0/src/xercesc/validators/schema/identity/IC_Selector.hpp
xerces-c-src_2_7_0/src/xercesc/validators/schema/identity/XercesXPath.hpp
xerces-c-src_2_7_0/src/xercesc/validators/schema/identity/IC_Field.hpp
xerces-c-src_2_7_0/src/xercesc/validators/schema/identity/IdentityConstraint.hpp
xerces-c-src_2_7_0/src/xercesc/validators/schema/identity/FieldActivator.hpp
xerces-c-src_2_7_0/src/xercesc/validators/schema/identity/IC_KeyRef.hpp
xerces-c-src_2_7_0/src/xercesc/validators/schema/identity/XPathException.hpp
xerces-c-src_2_7_0/src/xercesc/validators/schema/identity/IC_Key.hpp
xerces-c-src_2_7_0/src/xercesc/validators/schema/identity/XPathSymbols.cpp
xerces-c-src_2_7_0/src/xercesc/validators/schema/identity/IdentityConstraintHandler.cpp
xerces-c-src_2_7_0/src/xercesc/validators/schema/XMLSchemaDescriptionImpl.cpp
xerces-c-src_2_7_0/src/xercesc/validators/schema/GeneralAttributeCheck.cpp
xerces-c-src_2_7_0/src/xercesc/validators/schema/XSDErrorReporter.hpp
xerces-c-src_2_7_0/src/xercesc/validators/schema/Makefile.in
xerces-c-src_2_7_0/src/xercesc/validators/schema/GeneralAttributeCheck.hpp
xerces-c-src_2_7_0/src/xercesc/validators/schema/SchemaValidator.cpp
xerces-c-src_2_7_0/src/xercesc/validators/schema/SchemaValidator.hpp
xerces-c-src_2_7_0/src/xercesc/validators/schema/XSDLocator.cpp
xerces-c-src_2_7_0/src/xercesc/validators/schema/XercesElementWildcard.hpp
xerces-c-src_2_7_0/src/xercesc/validators/schema/XMLSchemaDescriptionImpl.hpp
xerces-c-src_2_7_0/src/xercesc/validators/schema/XercesElementWildcard.cpp
xerces-c-src_2_7_0/src/xercesc/validators/schema/SubstitutionGroupComparator.cpp
xerces-c-src_2_7_0/src/xercesc/validators/schema/SubstitutionGroupComparator.hpp
xerces-c-src_2_7_0/src/xercesc/validators/schema/XercesGroupInfo.cpp
xerces-c-src_2_7_0/src/xercesc/validators/schema/ComplexTypeInfo.cpp
xerces-c-src_2_7_0/src/xercesc/validators/schema/XercesAttGroupInfo.cpp
xerces-c-src_2_7_0/src/xercesc/validators/schema/NamespaceScope.cpp
xerces-c-src_2_7_0/src/xercesc/validators/schema/XSDLocator.hpp
xerces-c-src_2_7_0/src/xercesc/validators/schema/XercesGroupInfo.hpp
xerces-c-src_2_7_0/src/xercesc/validators/schema/ComplexTypeInfo.hpp
xerces-c-src_2_7_0/src/xercesc/validators/schema/NamespaceScope.hpp
xerces-c-src_2_7_0/src/xercesc/validators/schema/XercesAttGroupInfo.hpp
xerces-c-src_2_7_0/src/xercesc/validators/schema/SchemaElementDecl.cpp
xerces-c-src_2_7_0/src/xercesc/validators/schema/XUtil.cpp
xerces-c-src_2_7_0/src/xercesc/validators/schema/SchemaElementDecl.hpp
xerces-c-src_2_7_0/src/xercesc/validators/schema/SchemaGrammar.cpp
xerces-c-src_2_7_0/src/xercesc/validators/schema/SchemaSymbols.cpp
xerces-c-src_2_7_0/src/xercesc/validators/schema/XUtil.hpp
xerces-c-src_2_7_0/src/xercesc/validators/schema/XSDDOMParser.cpp
xerces-c-src_2_7_0/src/xercesc/validators/schema/TraverseSchema.cpp
xerces-c-src_2_7_0/src/xercesc/validators/schema/SchemaInfo.cpp
xerces-c-src_2_7_0/src/xercesc/validators/schema/SchemaGrammar.hpp
xerces-c-src_2_7_0/src/xercesc/validators/schema/SchemaSymbols.hpp
xerces-c-src_2_7_0/src/xercesc/validators/schema/XSDDOMParser.hpp
xerces-c-src_2_7_0/src/xercesc/validators/schema/TraverseSchema.hpp
xerces-c-src_2_7_0/src/xercesc/validators/schema/SchemaInfo.hpp
xerces-c-src_2_7_0/src/xercesc/validators/schema/SchemaAttDefList.cpp
xerces-c-src_2_7_0/src/xercesc/validators/schema/PSVIDefs.hpp
xerces-c-src_2_7_0/src/xercesc/validators/schema/SchemaAttDef.cpp
xerces-c-src_2_7_0/src/xercesc/validators/schema/SchemaAttDefList.hpp
xerces-c-src_2_7_0/src/xercesc/validators/schema/XSDErrorReporter.cpp
xerces-c-src_2_7_0/src/xercesc/validators/schema/SchemaAttDef.hpp
xerces-c-src_2_7_0/src/xercesc/validators/common/
xerces-c-src_2_7_0/src/xercesc/validators/common/SimpleContentModel.cpp
xerces-c-src_2_7_0/src/xercesc/validators/common/ContentSpecNode.hpp
xerces-c-src_2_7_0/src/xercesc/validators/common/Makefile.in
xerces-c-src_2_7_0/src/xercesc/validators/common/CMBinaryOp.cpp
xerces-c-src_2_7_0/src/xercesc/validators/common/SimpleContentModel.hpp
xerces-c-src_2_7_0/src/xercesc/validators/common/DFAContentModel.cpp
xerces-c-src_2_7_0/src/xercesc/validators/common/CMAny.cpp
xerces-c-src_2_7_0/src/xercesc/validators/common/CMBinaryOp.hpp
xerces-c-src_2_7_0/src/xercesc/validators/common/GrammarResolver.cpp
xerces-c-src_2_7_0/src/xercesc/validators/common/CMNode.hpp
xerces-c-src_2_7_0/src/xercesc/validators/common/MixedContentModel.cpp
xerces-c-src_2_7_0/src/xercesc/validators/common/DFAContentModel.hpp
xerces-c-src_2_7_0/src/xercesc/validators/common/CMAny.hpp
xerces-c-src_2_7_0/src/xercesc/validators/common/CMUnaryOp.cpp
xerces-c-src_2_7_0/src/xercesc/validators/common/GrammarResolver.hpp
xerces-c-src_2_7_0/src/xercesc/validators/common/CMStateSet.hpp
xerces-c-src_2_7_0/src/xercesc/validators/common/CMUnaryOp.hpp
xerces-c-src_2_7_0/src/xercesc/validators/common/AllContentModel.cpp
xerces-c-src_2_7_0/src/xercesc/validators/common/Grammar.cpp
xerces-c-src_2_7_0/src/xercesc/validators/common/MixedContentModel.hpp
xerces-c-src_2_7_0/src/xercesc/validators/common/AllContentModel.hpp
xerces-c-src_2_7_0/src/xercesc/validators/common/ContentLeafNameTypeVector.cpp
xerces-c-src_2_7_0/src/xercesc/validators/common/ContentSpecNode.cpp
xerces-c-src_2_7_0/src/xercesc/validators/common/Grammar.hpp
xerces-c-src_2_7_0/src/xercesc/validators/common/CMLeaf.hpp
xerces-c-src_2_7_0/src/xercesc/validators/common/ContentLeafNameTypeVector.hpp
xerces-c-src_2_7_0/src/xercesc/validators/DTD/
xerces-c-src_2_7_0/src/xercesc/validators/DTD/DTDAttDefList.cpp
xerces-c-src_2_7_0/src/xercesc/validators/DTD/DTDEntityDecl.cpp
xerces-c-src_2_7_0/src/xercesc/validators/DTD/Makefile.in
xerces-c-src_2_7_0/src/xercesc/validators/DTD/DTDAttDef.cpp
xerces-c-src_2_7_0/src/xercesc/validators/DTD/DTDAttDefList.hpp
xerces-c-src_2_7_0/src/xercesc/validators/DTD/DTDEntityDecl.hpp
xerces-c-src_2_7_0/src/xercesc/validators/DTD/DTDAttDef.hpp
xerces-c-src_2_7_0/src/xercesc/validators/DTD/DocTypeHandler.hpp
xerces-c-src_2_7_0/src/xercesc/validators/DTD/DTDElementDecl.cpp
xerces-c-src_2_7_0/src/xercesc/validators/DTD/DTDValidator.cpp
xerces-c-src_2_7_0/src/xercesc/validators/DTD/DTDGrammar.cpp
xerces-c-src_2_7_0/src/xercesc/validators/DTD/DTDElementDecl.hpp
xerces-c-src_2_7_0/src/xercesc/validators/DTD/DTDScanner.cpp
xerces-c-src_2_7_0/src/xercesc/validators/DTD/XMLDTDDescriptionImpl.cpp
xerces-c-src_2_7_0/src/xercesc/validators/DTD/DTDValidator.hpp
xerces-c-src_2_7_0/src/xercesc/validators/DTD/DTDGrammar.hpp
xerces-c-src_2_7_0/src/xercesc/validators/DTD/XMLDTDDescriptionImpl.hpp
xerces-c-src_2_7_0/src/xercesc/validators/DTD/DTDScanner.hpp
xerces-c-src_2_7_0/src/xercesc/validators/datatype/
xerces-c-src_2_7_0/src/xercesc/validators/datatype/Base64BinaryDatatypeValidator.hpp
xerces-c-src_2_7_0/src/xercesc/validators/datatype/HexBinaryDatatypeValidator.hpp
xerces-c-src_2_7_0/src/xercesc/validators/datatype/Makefile.in
xerces-c-src_2_7_0/src/xercesc/validators/datatype/DecimalDatatypeValidator.cpp
xerces-c-src_2_7_0/src/xercesc/validators/datatype/YearMonthDatatypeValidator.cpp
xerces-c-src_2_7_0/src/xercesc/validators/datatype/YearDatatypeValidator.cpp
xerces-c-src_2_7_0/src/xercesc/validators/datatype/StringDatatypeValidator.cpp
xerces-c-src_2_7_0/src/xercesc/validators/datatype/QNameDatatypeValidator.hpp
xerces-c-src_2_7_0/src/xercesc/validators/datatype/NCNameDatatypeValidator.hpp
xerces-c-src_2_7_0/src/xercesc/validators/datatype/AnySimpleTypeDatatypeValidator.hpp
xerces-c-src_2_7_0/src/xercesc/validators/datatype/DatatypeValidatorFactory.hpp
xerces-c-src_2_7_0/src/xercesc/validators/datatype/DatatypeValidator.hpp
xerces-c-src_2_7_0/src/xercesc/validators/datatype/XMLCanRepGroup.cpp
xerces-c-src_2_7_0/src/xercesc/validators/datatype/DateDatatypeValidator.cpp
xerces-c-src_2_7_0/src/xercesc/validators/datatype/DayDatatypeValidator.cpp
xerces-c-src_2_7_0/src/xercesc/validators/datatype/DatatypeValidator.cpp
xerces-c-src_2_7_0/src/xercesc/validators/datatype/BooleanDatatypeValidator.cpp
xerces-c-src_2_7_0/src/xercesc/validators/datatype/ListDatatypeValidator.hpp
xerces-c-src_2_7_0/src/xercesc/validators/datatype/NameDatatypeValidator.hpp
xerces-c-src_2_7_0/src/xercesc/validators/datatype/UnionDatatypeValidator.cpp
xerces-c-src_2_7_0/src/xercesc/validators/datatype/NOTATIONDatatypeValidator.cpp
xerces-c-src_2_7_0/src/xercesc/validators/datatype/IDREFDatatypeValidator.hpp
xerces-c-src_2_7_0/src/xercesc/validators/datatype/AbstractStringValidator.cpp
xerces-c-src_2_7_0/src/xercesc/validators/datatype/DateTimeValidator.cpp
xerces-c-src_2_7_0/src/xercesc/validators/datatype/IDDatatypeValidator.hpp
xerces-c-src_2_7_0/src/xercesc/validators/datatype/DateTimeDatatypeValidator.hpp
xerces-c-src_2_7_0/src/xercesc/validators/datatype/AbstractNumericFacetValidator.hpp
xerces-c-src_2_7_0/src/xercesc/validators/datatype/TimeDatatypeValidator.hpp
xerces-c-src_2_7_0/src/xercesc/validators/datatype/MonthDayDatatypeValidator.cpp
xerces-c-src_2_7_0/src/xercesc/validators/datatype/FloatDatatypeValidator.cpp
xerces-c-src_2_7_0/src/xercesc/validators/datatype/AnyURIDatatypeValidator.cpp
xerces-c-src_2_7_0/src/xercesc/validators/datatype/InvalidDatatypeFacetException.hpp
xerces-c-src_2_7_0/src/xercesc/validators/datatype/DoubleDatatypeValidator.cpp
xerces-c-src_2_7_0/src/xercesc/validators/datatype/ENTITYDatatypeValidator.hpp
xerces-c-src_2_7_0/src/xercesc/validators/datatype/Base64BinaryDatatypeValidator.cpp
xerces-c-src_2_7_0/src/xercesc/validators/datatype/DurationDatatypeValidator.cpp
xerces-c-src_2_7_0/src/xercesc/validators/datatype/HexBinaryDatatypeValidator.cpp
xerces-c-src_2_7_0/src/xercesc/validators/datatype/InvalidDatatypeValueException.hpp
xerces-c-src_2_7_0/src/xercesc/validators/datatype/MonthDatatypeValidator.hpp
xerces-c-src_2_7_0/src/xercesc/validators/datatype/AbstractNumericValidator.hpp
xerces-c-src_2_7_0/src/xercesc/validators/datatype/QNameDatatypeValidator.cpp
xerces-c-src_2_7_0/src/xercesc/validators/datatype/NCNameDatatypeValidator.cpp
xerces-c-src_2_7_0/src/xercesc/validators/datatype/AnySimpleTypeDatatypeValidator.cpp
xerces-c-src_2_7_0/src/xercesc/validators/datatype/DecimalDatatypeValidator.hpp
xerces-c-src_2_7_0/src/xercesc/validators/datatype/YearDatatypeValidator.hpp
xerces-c-src_2_7_0/src/xercesc/validators/datatype/DatatypeValidatorFactory.cpp
xerces-c-src_2_7_0/src/xercesc/validators/datatype/StringDatatypeValidator.hpp
xerces-c-src_2_7_0/src/xercesc/validators/datatype/ListDatatypeValidator.cpp
xerces-c-src_2_7_0/src/xercesc/validators/datatype/YearMonthDatatypeValidator.hpp
xerces-c-src_2_7_0/src/xercesc/validators/datatype/NameDatatypeValidator.cpp
xerces-c-src_2_7_0/src/xercesc/validators/datatype/DateDatatypeValidator.hpp
xerces-c-src_2_7_0/src/xercesc/validators/datatype/DayDatatypeValidator.hpp
xerces-c-src_2_7_0/src/xercesc/validators/datatype/BooleanDatatypeValidator.hpp
xerces-c-src_2_7_0/src/xercesc/validators/datatype/IDREFDatatypeValidator.cpp
xerces-c-src_2_7_0/src/xercesc/validators/datatype/IDDatatypeValidator.cpp
xerces-c-src_2_7_0/src/xercesc/validators/datatype/DateTimeDatatypeValidator.cpp
xerces-c-src_2_7_0/src/xercesc/validators/datatype/AbstractNumericFacetValidator.cpp
xerces-c-src_2_7_0/src/xercesc/validators/datatype/UnionDatatypeValidator.hpp
xerces-c-src_2_7_0/src/xercesc/validators/datatype/TimeDatatypeValidator.cpp
xerces-c-src_2_7_0/src/xercesc/validators/datatype/NOTATIONDatatypeValidator.hpp
xerces-c-src_2_7_0/src/xercesc/validators/datatype/AbstractStringValidator.hpp
xerces-c-src_2_7_0/src/xercesc/validators/datatype/DateTimeValidator.hpp
xerces-c-src_2_7_0/src/xercesc/validators/datatype/XMLCanRepGroup.hpp
xerces-c-src_2_7_0/src/xercesc/validators/datatype/FloatDatatypeValidator.hpp
xerces-c-src_2_7_0/src/xercesc/validators/datatype/ENTITYDatatypeValidator.cpp
xerces-c-src_2_7_0/src/xercesc/validators/datatype/AnyURIDatatypeValidator.hpp
xerces-c-src_2_7_0/src/xercesc/validators/datatype/DoubleDatatypeValidator.hpp
xerces-c-src_2_7_0/src/xercesc/validators/datatype/MonthDatatypeValidator.cpp
xerces-c-src_2_7_0/src/xercesc/validators/datatype/MonthDayDatatypeValidator.hpp
xerces-c-src_2_7_0/src/xercesc/validators/datatype/AbstractNumericValidator.cpp
xerces-c-src_2_7_0/src/xercesc/validators/datatype/DurationDatatypeValidator.hpp
xerces-c-src_2_7_0/src/xercesc/validators/Makefile.in
xerces-c-src_2_7_0/src/xercesc/internal/
xerces-c-src_2_7_0/src/xercesc/internal/XProtoType.hpp
xerces-c-src_2_7_0/src/xercesc/internal/Makefile.in
xerces-c-src_2_7_0/src/xercesc/internal/EndOfEntityException.hpp
xerces-c-src_2_7_0/src/xercesc/internal/XMLScannerResolver.hpp
xerces-c-src_2_7_0/src/xercesc/internal/XTemplateSerializer.hpp
xerces-c-src_2_7_0/src/xercesc/internal/BinMemOutputStream.cpp
xerces-c-src_2_7_0/src/xercesc/internal/XSerializeEngine.cpp
xerces-c-src_2_7_0/src/xercesc/internal/VecAttributesImpl.cpp
xerces-c-src_2_7_0/src/xercesc/internal/IANAEncodings.hpp
xerces-c-src_2_7_0/src/xercesc/internal/BinMemOutputStream.hpp
xerces-c-src_2_7_0/src/xercesc/internal/XSerializeEngine.hpp
xerces-c-src_2_7_0/src/xercesc/internal/VecAttributesImpl.hpp
xerces-c-src_2_7_0/src/xercesc/internal/XMLGrammarPoolImpl.cpp
xerces-c-src_2_7_0/src/xercesc/internal/CharTypeTables.hpp
xerces-c-src_2_7_0/src/xercesc/internal/XMLReader.cpp
xerces-c-src_2_7_0/src/xercesc/internal/MemoryManagerImpl.cpp
xerces-c-src_2_7_0/src/xercesc/internal/VecAttrListImpl.cpp
xerces-c-src_2_7_0/src/xercesc/internal/XMLGrammarPoolImpl.hpp
xerces-c-src_2_7_0/src/xercesc/internal/XMLReader.hpp
xerces-c-src_2_7_0/src/xercesc/internal/MemoryManagerImpl.hpp
xerces-c-src_2_7_0/src/xercesc/internal/IGXMLScanner.cpp
xerces-c-src_2_7_0/src/xercesc/internal/VecAttrListImpl.hpp
xerces-c-src_2_7_0/src/xercesc/internal/IGXMLScanner.hpp
xerces-c-src_2_7_0/src/xercesc/internal/XSerializable.hpp
xerces-c-src_2_7_0/src/xercesc/internal/SGXMLScanner.cpp
xerces-c-src_2_7_0/src/xercesc/internal/BinFileOutputStream.cpp
xerces-c-src_2_7_0/src/xercesc/internal/WFXMLScanner.cpp
xerces-c-src_2_7_0/src/xercesc/internal/ReaderMgr.cpp
xerces-c-src_2_7_0/src/xercesc/internal/ElemStack.cpp
xerces-c-src_2_7_0/src/xercesc/internal/SGXMLScanner.hpp
xerces-c-src_2_7_0/src/xercesc/internal/XSObjectFactory.cpp
xerces-c-src_2_7_0/src/xercesc/internal/BinFileOutputStream.hpp
xerces-c-src_2_7_0/src/xercesc/internal/XMLInternalErrorHandler.hpp
xerces-c-src_2_7_0/src/xercesc/internal/XMLScanner.cpp
xerces-c-src_2_7_0/src/xercesc/internal/WFXMLScanner.hpp
xerces-c-src_2_7_0/src/xercesc/internal/IGXMLScanner2.cpp
xerces-c-src_2_7_0/src/xercesc/internal/ReaderMgr.hpp
xerces-c-src_2_7_0/src/xercesc/internal/ElemStack.hpp
xerces-c-src_2_7_0/src/xercesc/internal/XSObjectFactory.hpp
xerces-c-src_2_7_0/src/xercesc/internal/XMLScanner.hpp
xerces-c-src_2_7_0/src/xercesc/internal/ValidationContextImpl.cpp
xerces-c-src_2_7_0/src/xercesc/internal/MemoryManagerArrayImpl.cpp
xerces-c-src_2_7_0/src/xercesc/internal/DGXMLScanner.cpp
xerces-c-src_2_7_0/src/xercesc/internal/ValidationContextImpl.hpp
xerces-c-src_2_7_0/src/xercesc/internal/XSAXMLScanner.cpp
xerces-c-src_2_7_0/src/xercesc/internal/MemoryManagerArrayImpl.hpp
xerces-c-src_2_7_0/src/xercesc/internal/XSerializationException.hpp
xerces-c-src_2_7_0/src/xercesc/internal/DGXMLScanner.hpp
xerces-c-src_2_7_0/src/xercesc/internal/XSAXMLScanner.hpp
xerces-c-src_2_7_0/src/xercesc/internal/XMLScannerResolver.cpp
xerces-c-src_2_7_0/src/xercesc/internal/XProtoType.cpp
xerces-c-src_2_7_0/src/xercesc/internal/XTemplateSerializer.cpp
xerces-c-src_2_7_0/src/xercesc/sax2/
xerces-c-src_2_7_0/src/xercesc/sax2/XMLReaderFactory.hpp
xerces-c-src_2_7_0/src/xercesc/sax2/Makefile.in
xerces-c-src_2_7_0/src/xercesc/sax2/LexicalHandler.hpp
xerces-c-src_2_7_0/src/xercesc/sax2/SAX2XMLReader.hpp
xerces-c-src_2_7_0/src/xercesc/sax2/DefaultHandler.hpp
xerces-c-src_2_7_0/src/xercesc/sax2/SAX2XMLFilter.hpp
xerces-c-src_2_7_0/src/xercesc/sax2/sax2Dummy.cpp
xerces-c-src_2_7_0/src/xercesc/sax2/DeclHandler.hpp
xerces-c-src_2_7_0/src/xercesc/sax2/Attributes.hpp
xerces-c-src_2_7_0/src/xercesc/sax2/ContentHandler.hpp
xerces-c-src_2_7_0/src/xercesc/util/
xerces-c-src_2_7_0/src/xercesc/util/Compilers/
xerces-c-src_2_7_0/src/xercesc/util/Compilers/TandemCCDefs.cpp
xerces-c-src_2_7_0/src/xercesc/util/Compilers/MIPSproDefs.hpp
xerces-c-src_2_7_0/src/xercesc/util/Compilers/SunKaiDefs.hpp
xerces-c-src_2_7_0/src/xercesc/util/Compilers/Makefile.in
xerces-c-src_2_7_0/src/xercesc/util/Compilers/MVSCPPDefs.cpp
xerces-c-src_2_7_0/src/xercesc/util/Compilers/MVSCPPDefs.hpp
xerces-c-src_2_7_0/src/xercesc/util/Compilers/CodeWarriorDefs.cpp
xerces-c-src_2_7_0/src/xercesc/util/Compilers/DECCXXDefs.cpp
xerces-c-src_2_7_0/src/xercesc/util/Compilers/OS400SetDefs.cpp
xerces-c-src_2_7_0/src/xercesc/util/Compilers/PTXCCDefs.cpp
xerces-c-src_2_7_0/src/xercesc/util/Compilers/TandemCCDefs.hpp
xerces-c-src_2_7_0/src/xercesc/util/Compilers/DECCXXDefs.hpp
xerces-c-src_2_7_0/src/xercesc/util/Compilers/CodeWarriorDefs.hpp
xerces-c-src_2_7_0/src/xercesc/util/Compilers/PTXCCDefs.hpp
xerces-c-src_2_7_0/src/xercesc/util/Compilers/OS400SetDefs.hpp
xerces-c-src_2_7_0/src/xercesc/util/Compilers/BorlandCDefs.hpp
xerces-c-src_2_7_0/src/xercesc/util/Compilers/SCOCCDefs.cpp
xerces-c-src_2_7_0/src/xercesc/util/Compilers/GCCDefs.cpp
xerces-c-src_2_7_0/src/xercesc/util/Compilers/CSetDefs.cpp
xerces-c-src_2_7_0/src/xercesc/util/Compilers/SCOCCDefs.hpp
xerces-c-src_2_7_0/src/xercesc/util/Compilers/IBMVAW32Defs.hpp
xerces-c-src_2_7_0/src/xercesc/util/Compilers/GCCDefs.hpp
xerces-c-src_2_7_0/src/xercesc/util/Compilers/CSetDefs.hpp
xerces-c-src_2_7_0/src/xercesc/util/Compilers/QCCDefs.cpp
xerces-c-src_2_7_0/src/xercesc/util/Compilers/SunCCDefs.cpp
xerces-c-src_2_7_0/src/xercesc/util/Compilers/QCCDefs.hpp
xerces-c-src_2_7_0/src/xercesc/util/Compilers/VCPPDefs.hpp
xerces-c-src_2_7_0/src/xercesc/util/Compilers/HPCCDefs.cpp
xerces-c-src_2_7_0/src/xercesc/util/Compilers/SunCCDefs.hpp
xerces-c-src_2_7_0/src/xercesc/util/Compilers/HPCCDefs.hpp
xerces-c-src_2_7_0/src/xercesc/util/Compilers/IBMVAOS2Defs.hpp
xerces-c-src_2_7_0/src/xercesc/util/Compilers/MIPSproDefs.cpp
xerces-c-src_2_7_0/src/xercesc/util/Platforms/
xerces-c-src_2_7_0/src/xercesc/util/Platforms/NetBSD/
xerces-c-src_2_7_0/src/xercesc/util/Platforms/NetBSD/NetBSDDefs.hpp
xerces-c-src_2_7_0/src/xercesc/util/Platforms/NetBSD/Makefile.in
xerces-c-src_2_7_0/src/xercesc/util/Platforms/NetBSD/NetBSDPlatformUtils.cpp
xerces-c-src_2_7_0/src/xercesc/util/Platforms/AIX/
xerces-c-src_2_7_0/src/xercesc/util/Platforms/AIX/Makefile.in
xerces-c-src_2_7_0/src/xercesc/util/Platforms/AIX/AIXDefs.hpp
xerces-c-src_2_7_0/src/xercesc/util/Platforms/AIX/AIXPlatformUtils.cpp
xerces-c-src_2_7_0/src/xercesc/util/Platforms/Interix/
xerces-c-src_2_7_0/src/xercesc/util/Platforms/Interix/InterixDefs.hpp
xerces-c-src_2_7_0/src/xercesc/util/Platforms/Interix/Makefile.in
xerces-c-src_2_7_0/src/xercesc/util/Platforms/Interix/InterixPlatformUtils.cpp
xerces-c-src_2_7_0/src/xercesc/util/Platforms/HPUX/
xerces-c-src_2_7_0/src/xercesc/util/Platforms/HPUX/HPUXDefs.hpp
xerces-c-src_2_7_0/src/xercesc/util/Platforms/HPUX/Makefile.in
xerces-c-src_2_7_0/src/xercesc/util/Platforms/HPUX/HPPlatformUtils.cpp
xerces-c-src_2_7_0/src/xercesc/util/Platforms/Tru64/
xerces-c-src_2_7_0/src/xercesc/util/Platforms/Tru64/Tru64Defs.hpp
xerces-c-src_2_7_0/src/xercesc/util/Platforms/Tru64/Makefile.in
xerces-c-src_2_7_0/src/xercesc/util/Platforms/Tru64/Tru64PlatformUtils.cpp
xerces-c-src_2_7_0/src/xercesc/util/Platforms/OpenServer/
xerces-c-src_2_7_0/src/xercesc/util/Platforms/OpenServer/OpenServerPlatformUtils.cpp
xerces-c-src_2_7_0/src/xercesc/util/Platforms/OpenServer/OpenServerDefs.hpp
xerces-c-src_2_7_0/src/xercesc/util/Platforms/OpenServer/Makefile.in
xerces-c-src_2_7_0/src/xercesc/util/Platforms/BeOS/
xerces-c-src_2_7_0/src/xercesc/util/Platforms/BeOS/BeOSPlatformUtils.cpp
xerces-c-src_2_7_0/src/xercesc/util/Platforms/BeOS/BeOSDefs.hpp
xerces-c-src_2_7_0/src/xercesc/util/Platforms/BeOS/Makefile.in
xerces-c-src_2_7_0/src/xercesc/util/Platforms/Linux/
xerces-c-src_2_7_0/src/xercesc/util/Platforms/Linux/LinuxDefs.hpp
xerces-c-src_2_7_0/src/xercesc/util/Platforms/Linux/Makefile.in
xerces-c-src_2_7_0/src/xercesc/util/Platforms/Linux/LinuxPlatformUtils.cpp
xerces-c-src_2_7_0/src/xercesc/util/Platforms/Cygwin/
xerces-c-src_2_7_0/src/xercesc/util/Platforms/Cygwin/CygwinDefs.hpp
xerces-c-src_2_7_0/src/xercesc/util/Platforms/Cygwin/Makefile.in
xerces-c-src_2_7_0/src/xercesc/util/Platforms/Cygwin/CygwinPlatformUtils.cpp
xerces-c-src_2_7_0/src/xercesc/util/Platforms/MacOS/
xerces-c-src_2_7_0/src/xercesc/util/Platforms/MacOS/MacOSDefs.hpp
xerces-c-src_2_7_0/src/xercesc/util/Platforms/MacOS/Makefile.in
xerces-c-src_2_7_0/src/xercesc/util/Platforms/MacOS/MacOSPlatformUtils.cpp
xerces-c-src_2_7_0/src/xercesc/util/Platforms/MacOS/MacPosixFile.cpp
xerces-c-src_2_7_0/src/xercesc/util/Platforms/MacOS/MacCarbonFile.cpp
xerces-c-src_2_7_0/src/xercesc/util/Platforms/MacOS/MacOSPlatformUtils.hpp
xerces-c-src_2_7_0/src/xercesc/util/Platforms/MacOS/MacPosixFile.hpp
xerces-c-src_2_7_0/src/xercesc/util/Platforms/MacOS/MacAbstractFile.hpp
xerces-c-src_2_7_0/src/xercesc/util/Platforms/MacOS/MacCarbonFile.hpp
xerces-c-src_2_7_0/src/xercesc/util/Platforms/UnixWare/
xerces-c-src_2_7_0/src/xercesc/util/Platforms/UnixWare/Makefile.in
xerces-c-src_2_7_0/src/xercesc/util/Platforms/UnixWare/UnixWarePlatformUtils.cpp
xerces-c-src_2_7_0/src/xercesc/util/Platforms/UnixWare/UnixWareDefs.hpp
xerces-c-src_2_7_0/src/xercesc/util/Platforms/Win32/
xerces-c-src_2_7_0/src/xercesc/util/Platforms/Win32/Win32Defs.hpp
xerces-c-src_2_7_0/src/xercesc/util/Platforms/Win32/Makefile.in
xerces-c-src_2_7_0/src/xercesc/util/Platforms/Win32/Version.rc
xerces-c-src_2_7_0/src/xercesc/util/Platforms/Win32/Win32PlatformUtils.cpp
xerces-c-src_2_7_0/src/xercesc/util/Platforms/Win32/resource.h
xerces-c-src_2_7_0/src/xercesc/util/Platforms/OS2/
xerces-c-src_2_7_0/src/xercesc/util/Platforms/OS2/os2ilck.asm
xerces-c-src_2_7_0/src/xercesc/util/Platforms/OS2/OS2Defs.hpp
xerces-c-src_2_7_0/src/xercesc/util/Platforms/OS2/OS2PlatformUtils.cpp
xerces-c-src_2_7_0/src/xercesc/util/Platforms/OS400/
xerces-c-src_2_7_0/src/xercesc/util/Platforms/OS400/OS400PlatformUtils.hpp
xerces-c-src_2_7_0/src/xercesc/util/Platforms/OS400/Makefile.in
xerces-c-src_2_7_0/src/xercesc/util/Platforms/OS400/OS400PlatformUtils.cpp
xerces-c-src_2_7_0/src/xercesc/util/Platforms/OS400/OS400Defs.hpp
xerces-c-src_2_7_0/src/xercesc/util/Platforms/QNX/
xerces-c-src_2_7_0/src/xercesc/util/Platforms/QNX/Makefile.in
xerces-c-src_2_7_0/src/xercesc/util/Platforms/QNX/QNXDefs.hpp
xerces-c-src_2_7_0/src/xercesc/util/Platforms/QNX/QNXPlatformUtils.cpp
xerces-c-src_2_7_0/src/xercesc/util/Platforms/Tandem/
xerces-c-src_2_7_0/src/xercesc/util/Platforms/Tandem/TandemPlatformUtils.cpp
xerces-c-src_2_7_0/src/xercesc/util/Platforms/Tandem/TandemDefs.hpp
xerces-c-src_2_7_0/src/xercesc/util/Platforms/FreeBSD/
xerces-c-src_2_7_0/src/xercesc/util/Platforms/FreeBSD/FreeBSDPlatformUtils.cpp
xerces-c-src_2_7_0/src/xercesc/util/Platforms/FreeBSD/FreeBSDDefs.hpp
xerces-c-src_2_7_0/src/xercesc/util/Platforms/FreeBSD/Makefile.in
xerces-c-src_2_7_0/src/xercesc/util/Platforms/PTX/
xerces-c-src_2_7_0/src/xercesc/util/Platforms/PTX/Makefile.in
xerces-c-src_2_7_0/src/xercesc/util/Platforms/PTX/PTXDefs.hpp
xerces-c-src_2_7_0/src/xercesc/util/Platforms/PTX/PTXPlatformUtils.cpp
xerces-c-src_2_7_0/src/xercesc/util/Platforms/IRIX/
xerces-c-src_2_7_0/src/xercesc/util/Platforms/IRIX/IRIXPlatformUtils.cpp
xerces-c-src_2_7_0/src/xercesc/util/Platforms/IRIX/Makefile.in
xerces-c-src_2_7_0/src/xercesc/util/Platforms/IRIX/IRIXDefs.hpp
xerces-c-src_2_7_0/src/xercesc/util/Platforms/Solaris/
xerces-c-src_2_7_0/src/xercesc/util/Platforms/Solaris/SolarisDefs.hpp
xerces-c-src_2_7_0/src/xercesc/util/Platforms/Solaris/Makefile.in
xerces-c-src_2_7_0/src/xercesc/util/Platforms/Solaris/SolarisPlatformUtils.cpp
xerces-c-src_2_7_0/src/xercesc/util/Platforms/OS390/
xerces-c-src_2_7_0/src/xercesc/util/Platforms/OS390/OS390Defs.hpp
xerces-c-src_2_7_0/src/xercesc/util/Platforms/OS390/Makefile.in
xerces-c-src_2_7_0/src/xercesc/util/Platforms/OS390/OS390PlatformUtils.cpp
xerces-c-src_2_7_0/src/xercesc/util/Platforms/OS390/FileHandleImpl.hpp
xerces-c-src_2_7_0/src/xercesc/util/Platforms/OS390/Path390.cpp
xerces-c-src_2_7_0/src/xercesc/util/Platforms/OS390/Path390.hpp
xerces-c-src_2_7_0/src/xercesc/util/Platforms/OS390/FileHandleImpl.cpp
xerces-c-src_2_7_0/src/xercesc/util/Platforms/Makefile.in
xerces-c-src_2_7_0/src/xercesc/util/NetAccessors/
xerces-c-src_2_7_0/src/xercesc/util/NetAccessors/MacOSURLAccessCF/
xerces-c-src_2_7_0/src/xercesc/util/NetAccessors/MacOSURLAccessCF/MacOSURLAccessCF.cpp
xerces-c-src_2_7_0/src/xercesc/util/NetAccessors/MacOSURLAccessCF/Makefile.in
xerces-c-src_2_7_0/src/xercesc/util/NetAccessors/MacOSURLAccessCF/MacOSURLAccessCF.hpp
xerces-c-src_2_7_0/src/xercesc/util/NetAccessors/MacOSURLAccessCF/URLAccessCFBinInputStream.cpp
xerces-c-src_2_7_0/src/xercesc/util/NetAccessors/MacOSURLAccessCF/URLAccessCFBinInputStream.hpp
xerces-c-src_2_7_0/src/xercesc/util/NetAccessors/MacOSURLAccess/
xerces-c-src_2_7_0/src/xercesc/util/NetAccessors/MacOSURLAccess/URLAccessBinInputStream.hpp
xerces-c-src_2_7_0/src/xercesc/util/NetAccessors/MacOSURLAccess/Makefile.in
xerces-c-src_2_7_0/src/xercesc/util/NetAccessors/MacOSURLAccess/MacOSURLAccess.cpp
xerces-c-src_2_7_0/src/xercesc/util/NetAccessors/MacOSURLAccess/URLAccessBinInputStream.cpp
xerces-c-src_2_7_0/src/xercesc/util/NetAccessors/MacOSURLAccess/MacOSURLAccess.hpp
xerces-c-src_2_7_0/src/xercesc/util/NetAccessors/Socket/
xerces-c-src_2_7_0/src/xercesc/util/NetAccessors/Socket/Makefile.in
xerces-c-src_2_7_0/src/xercesc/util/NetAccessors/Socket/UnixHTTPURLInputStream.cpp
xerces-c-src_2_7_0/src/xercesc/util/NetAccessors/Socket/SocketNetAccessor.cpp
xerces-c-src_2_7_0/src/xercesc/util/NetAccessors/Socket/UnixHTTPURLInputStream.hpp
xerces-c-src_2_7_0/src/xercesc/util/NetAccessors/Socket/SocketNetAccessor.hpp
xerces-c-src_2_7_0/src/xercesc/util/NetAccessors/libWWW/
xerces-c-src_2_7_0/src/xercesc/util/NetAccessors/libWWW/Makefile.in
xerces-c-src_2_7_0/src/xercesc/util/NetAccessors/libWWW/LibWWWNetAccessor.cpp
xerces-c-src_2_7_0/src/xercesc/util/NetAccessors/libWWW/BinURLInputStream.cpp
xerces-c-src_2_7_0/src/xercesc/util/NetAccessors/libWWW/LibWWWNetAccessor.hpp
xerces-c-src_2_7_0/src/xercesc/util/NetAccessors/libWWW/BinURLInputStream.hpp
xerces-c-src_2_7_0/src/xercesc/util/NetAccessors/WinSock/
xerces-c-src_2_7_0/src/xercesc/util/NetAccessors/WinSock/BinHTTPURLInputStream.cpp
xerces-c-src_2_7_0/src/xercesc/util/NetAccessors/WinSock/WinSockNetAccessor.cpp
xerces-c-src_2_7_0/src/xercesc/util/NetAccessors/WinSock/BinHTTPURLInputStream.hpp
xerces-c-src_2_7_0/src/xercesc/util/NetAccessors/WinSock/WinSockNetAccessor.hpp
xerces-c-src_2_7_0/src/xercesc/util/MsgLoaders/
xerces-c-src_2_7_0/src/xercesc/util/MsgLoaders/InMemory/
xerces-c-src_2_7_0/src/xercesc/util/MsgLoaders/InMemory/XercesMessages_en_US.hpp
xerces-c-src_2_7_0/src/xercesc/util/MsgLoaders/InMemory/Makefile.in
xerces-c-src_2_7_0/src/xercesc/util/MsgLoaders/InMemory/InMemMsgLoader.cpp
xerces-c-src_2_7_0/src/xercesc/util/MsgLoaders/InMemory/InMemMsgLoader.hpp
xerces-c-src_2_7_0/src/xercesc/util/MsgLoaders/ICU/
xerces-c-src_2_7_0/src/xercesc/util/MsgLoaders/ICU/resources/
xerces-c-src_2_7_0/src/xercesc/util/MsgLoaders/ICU/resources/res-file-list.txt
xerces-c-src_2_7_0/src/xercesc/util/MsgLoaders/ICU/resources/resources.mak
xerces-c-src_2_7_0/src/xercesc/util/MsgLoaders/ICU/resources/Makefile.in
xerces-c-src_2_7_0/src/xercesc/util/MsgLoaders/ICU/resources/en_US.txt
xerces-c-src_2_7_0/src/xercesc/util/MsgLoaders/ICU/resources/res-file-list-wins.txt
xerces-c-src_2_7_0/src/xercesc/util/MsgLoaders/ICU/resources/res-file-list-unix.txt
xerces-c-src_2_7_0/src/xercesc/util/MsgLoaders/ICU/ICUMsgLoader.cpp
xerces-c-src_2_7_0/src/xercesc/util/MsgLoaders/ICU/Makefile.in
xerces-c-src_2_7_0/src/xercesc/util/MsgLoaders/ICU/ICUMsgLoader.hpp
xerces-c-src_2_7_0/src/xercesc/util/MsgLoaders/MsgCatalog/
xerces-c-src_2_7_0/src/xercesc/util/MsgLoaders/MsgCatalog/XercesMessages_en_US.Msg
xerces-c-src_2_7_0/src/xercesc/util/MsgLoaders/MsgCatalog/Makefile.in
xerces-c-src_2_7_0/src/xercesc/util/MsgLoaders/MsgCatalog/XMLMsgCat_Ids.hpp
xerces-c-src_2_7_0/src/xercesc/util/MsgLoaders/MsgCatalog/MsgCatalogLoader.cpp
xerces-c-src_2_7_0/src/xercesc/util/MsgLoaders/MsgCatalog/MsgCatalogLoader.hpp
xerces-c-src_2_7_0/src/xercesc/util/MsgLoaders/Win32/
xerces-c-src_2_7_0/src/xercesc/util/MsgLoaders/Win32/Win32MsgLoader.cpp
xerces-c-src_2_7_0/src/xercesc/util/MsgLoaders/Win32/Win32MsgLoader.hpp
xerces-c-src_2_7_0/src/xercesc/util/MsgLoaders/MsgFile/
xerces-c-src_2_7_0/src/xercesc/util/MsgLoaders/MsgFile/MsgLoader.hpp
xerces-c-src_2_7_0/src/xercesc/util/MsgLoaders/MsgFile/Makefile.in
xerces-c-src_2_7_0/src/xercesc/util/MsgLoaders/MsgFile/CrtXMLMsgs
xerces-c-src_2_7_0/src/xercesc/util/MsgLoaders/MsgFile/MsgLoader.cpp
xerces-c-src_2_7_0/src/xercesc/util/MsgLoaders/MsgFile/XMLMessages.h
xerces-c-src_2_7_0/src/xercesc/util/regx/
xerces-c-src_2_7_0/src/xercesc/util/regx/XMLUniCharacter.hpp
xerces-c-src_2_7_0/src/xercesc/util/regx/UnionToken.hpp
xerces-c-src_2_7_0/src/xercesc/util/regx/BlockRangeFactory.cpp
xerces-c-src_2_7_0/src/xercesc/util/regx/ModifierToken.cpp
xerces-c-src_2_7_0/src/xercesc/util/regx/BlockRangeFactory.hpp
xerces-c-src_2_7_0/src/xercesc/util/regx/RangeTokenMap.hpp
xerces-c-src_2_7_0/src/xercesc/util/regx/Makefile.in
xerces-c-src_2_7_0/src/xercesc/util/regx/RangeToken.hpp
xerces-c-src_2_7_0/src/xercesc/util/regx/RegxUtil.cpp
xerces-c-src_2_7_0/src/xercesc/util/regx/ModifierToken.hpp
xerces-c-src_2_7_0/src/xercesc/util/regx/Match.cpp
xerces-c-src_2_7_0/src/xercesc/util/regx/Op.cpp
xerces-c-src_2_7_0/src/xercesc/util/regx/ParserForXMLSchema.cpp
xerces-c-src_2_7_0/src/xercesc/util/regx/XMLRangeFactory.cpp
xerces-c-src_2_7_0/src/xercesc/util/regx/ConcatToken.cpp
xerces-c-src_2_7_0/src/xercesc/util/regx/RegxUtil.hpp
xerces-c-src_2_7_0/src/xercesc/util/regx/TokenFactory.cpp
xerces-c-src_2_7_0/src/xercesc/util/regx/ParserForXMLSchema.hpp
xerces-c-src_2_7_0/src/xercesc/util/regx/Op.hpp
xerces-c-src_2_7_0/src/xercesc/util/regx/XMLRangeFactory.hpp
xerces-c-src_2_7_0/src/xercesc/util/regx/ClosureToken.cpp
xerces-c-src_2_7_0/src/xercesc/util/regx/ConcatToken.hpp
xerces-c-src_2_7_0/src/xercesc/util/regx/TokenFactory.hpp
xerces-c-src_2_7_0/src/xercesc/util/regx/Match.hpp
xerces-c-src_2_7_0/src/xercesc/util/regx/RegularExpression.cpp
xerces-c-src_2_7_0/src/xercesc/util/regx/ClosureToken.hpp
xerces-c-src_2_7_0/src/xercesc/util/regx/RegularExpression.hpp
xerces-c-src_2_7_0/src/xercesc/util/regx/UnicodeRangeFactory.cpp
xerces-c-src_2_7_0/src/xercesc/util/regx/BMPattern.cpp
xerces-c-src_2_7_0/src/xercesc/util/regx/ASCIIRangeFactory.cpp
xerces-c-src_2_7_0/src/xercesc/util/regx/UnicodeRangeFactory.hpp
xerces-c-src_2_7_0/src/xercesc/util/regx/BMPattern.hpp
xerces-c-src_2_7_0/src/xercesc/util/regx/ASCIIRangeFactory.hpp
xerces-c-src_2_7_0/src/xercesc/util/regx/ParenToken.cpp
xerces-c-src_2_7_0/src/xercesc/util/regx/OpFactory.cpp
xerces-c-src_2_7_0/src/xercesc/util/regx/RangeToken.cpp
xerces-c-src_2_7_0/src/xercesc/util/regx/UniCharTable.hpp
xerces-c-src_2_7_0/src/xercesc/util/regx/StringToken.cpp
xerces-c-src_2_7_0/src/xercesc/util/regx/ParenToken.hpp
xerces-c-src_2_7_0/src/xercesc/util/regx/OpFactory.hpp
xerces-c-src_2_7_0/src/xercesc/util/regx/RegxDefs.hpp
xerces-c-src_2_7_0/src/xercesc/util/regx/StringToken.hpp
xerces-c-src_2_7_0/src/xercesc/util/regx/CharToken.cpp
xerces-c-src_2_7_0/src/xercesc/util/regx/TokenInc.hpp
xerces-c-src_2_7_0/src/xercesc/util/regx/Token.cpp
xerces-c-src_2_7_0/src/xercesc/util/regx/RegxParser.cpp
xerces-c-src_2_7_0/src/xercesc/util/regx/CharToken.hpp
xerces-c-src_2_7_0/src/xercesc/util/regx/RangeFactory.cpp
xerces-c-src_2_7_0/src/xercesc/util/regx/Token.hpp
xerces-c-src_2_7_0/src/xercesc/util/regx/ConditionToken.cpp
xerces-c-src_2_7_0/src/xercesc/util/regx/RegxParser.hpp
xerces-c-src_2_7_0/src/xercesc/util/regx/RangeFactory.hpp
xerces-c-src_2_7_0/src/xercesc/util/regx/UnionToken.cpp
xerces-c-src_2_7_0/src/xercesc/util/regx/XMLUniCharacter.cpp
xerces-c-src_2_7_0/src/xercesc/util/regx/RangeTokenMap.cpp
xerces-c-src_2_7_0/src/xercesc/util/regx/ConditionToken.hpp
xerces-c-src_2_7_0/src/xercesc/util/Transcoders/
xerces-c-src_2_7_0/src/xercesc/util/Transcoders/Cygwin/
xerces-c-src_2_7_0/src/xercesc/util/Transcoders/Cygwin/CygwinTransService.hpp
xerces-c-src_2_7_0/src/xercesc/util/Transcoders/Cygwin/Makefile.in
xerces-c-src_2_7_0/src/xercesc/util/Transcoders/Cygwin/CygwinTransService.cpp
xerces-c-src_2_7_0/src/xercesc/util/Transcoders/ICU/
xerces-c-src_2_7_0/src/xercesc/util/Transcoders/ICU/ICUTransService.hpp
xerces-c-src_2_7_0/src/xercesc/util/Transcoders/ICU/Makefile.in
xerces-c-src_2_7_0/src/xercesc/util/Transcoders/ICU/ICUTransService.cpp
xerces-c-src_2_7_0/src/xercesc/util/Transcoders/MacOSUnicodeConverter/
xerces-c-src_2_7_0/src/xercesc/util/Transcoders/MacOSUnicodeConverter/MacOSUnicodeConverter.cpp
xerces-c-src_2_7_0/src/xercesc/util/Transcoders/MacOSUnicodeConverter/Makefile.in
xerces-c-src_2_7_0/src/xercesc/util/Transcoders/MacOSUnicodeConverter/MacOSUnicodeConverter.hpp
xerces-c-src_2_7_0/src/xercesc/util/Transcoders/Iconv400/
xerces-c-src_2_7_0/src/xercesc/util/Transcoders/Iconv400/iconv_util.hpp
xerces-c-src_2_7_0/src/xercesc/util/Transcoders/Iconv400/utypes.h
xerces-c-src_2_7_0/src/xercesc/util/Transcoders/Iconv400/Iconv400TransService.hpp
xerces-c-src_2_7_0/src/xercesc/util/Transcoders/Iconv400/Makefile.in
xerces-c-src_2_7_0/src/xercesc/util/Transcoders/Iconv400/iconv_cnv.cpp
xerces-c-src_2_7_0/src/xercesc/util/Transcoders/Iconv400/iconv_cnv.hpp
xerces-c-src_2_7_0/src/xercesc/util/Transcoders/Iconv400/pos400.h
xerces-c-src_2_7_0/src/xercesc/util/Transcoders/Iconv400/Iconv400TransService.cpp
xerces-c-src_2_7_0/src/xercesc/util/Transcoders/Iconv400/iconv_util.cpp
xerces-c-src_2_7_0/src/xercesc/util/Transcoders/Win32/
xerces-c-src_2_7_0/src/xercesc/util/Transcoders/Win32/Win32TransService.hpp
xerces-c-src_2_7_0/src/xercesc/util/Transcoders/Win32/Win32TransService.cpp
xerces-c-src_2_7_0/src/xercesc/util/Transcoders/Win32/Win32TransService2.cpp
xerces-c-src_2_7_0/src/xercesc/util/Transcoders/IconvGNU/
xerces-c-src_2_7_0/src/xercesc/util/Transcoders/IconvGNU/IconvGNUTransService.cpp
xerces-c-src_2_7_0/src/xercesc/util/Transcoders/IconvGNU/Makefile.in
xerces-c-src_2_7_0/src/xercesc/util/Transcoders/IconvGNU/IconvGNUTransService.hpp
xerces-c-src_2_7_0/src/xercesc/util/Transcoders/Iconv390/
xerces-c-src_2_7_0/src/xercesc/util/Transcoders/Iconv390/Makefile.in
xerces-c-src_2_7_0/src/xercesc/util/Transcoders/Iconv390/Iconv390TransService.cpp
xerces-c-src_2_7_0/src/xercesc/util/Transcoders/Iconv390/Iconv390TransService.hpp
xerces-c-src_2_7_0/src/xercesc/util/Transcoders/IconvFBSD/
xerces-c-src_2_7_0/src/xercesc/util/Transcoders/IconvFBSD/Makefile.in
xerces-c-src_2_7_0/src/xercesc/util/Transcoders/IconvFBSD/IconvFBSDTransService.cpp
xerces-c-src_2_7_0/src/xercesc/util/Transcoders/IconvFBSD/IconvFBSDTransService.hpp
xerces-c-src_2_7_0/src/xercesc/util/Transcoders/Uniconv390/
xerces-c-src_2_7_0/src/xercesc/util/Transcoders/Uniconv390/ascii.s
xerces-c-src_2_7_0/src/xercesc/util/Transcoders/Uniconv390/XMLASCIITranscoder390.hpp
xerces-c-src_2_7_0/src/xercesc/util/Transcoders/Uniconv390/XML88591Transcoder390.cpp
xerces-c-src_2_7_0/src/xercesc/util/Transcoders/Uniconv390/Makefile.in
xerces-c-src_2_7_0/src/xercesc/util/Transcoders/Uniconv390/XML88591Transcoder390.hpp
xerces-c-src_2_7_0/src/xercesc/util/Transcoders/Uniconv390/Uniconv390TransService.cpp
xerces-c-src_2_7_0/src/xercesc/util/Transcoders/Uniconv390/trot.s
xerces-c-src_2_7_0/src/xercesc/util/Transcoders/Uniconv390/XML256TableTranscoder390.cpp
xerces-c-src_2_7_0/src/xercesc/util/Transcoders/Uniconv390/XMLWin1252Transcoder390.cpp
xerces-c-src_2_7_0/src/xercesc/util/Transcoders/Uniconv390/XMLEBCDICTranscoder390.cpp
xerces-c-src_2_7_0/src/xercesc/util/Transcoders/Uniconv390/Uniconv390TransService.hpp
xerces-c-src_2_7_0/src/xercesc/util/Transcoders/Uniconv390/XMLWin1252Transcoder390.hpp
xerces-c-src_2_7_0/src/xercesc/util/Transcoders/Uniconv390/XMLIBM1140Transcoder390.cpp
xerces-c-src_2_7_0/src/xercesc/util/Transcoders/Uniconv390/XMLEBCDICTranscoder390.hpp
xerces-c-src_2_7_0/src/xercesc/util/Transcoders/Uniconv390/uniconv.cpp
xerces-c-src_2_7_0/src/xercesc/util/Transcoders/Uniconv390/ccsid.h
xerces-c-src_2_7_0/src/xercesc/util/Transcoders/Uniconv390/XMLIBM1140Transcoder390.hpp
xerces-c-src_2_7_0/src/xercesc/util/Transcoders/Uniconv390/XMLIBM1047Transcoder390.cpp
xerces-c-src_2_7_0/src/xercesc/util/Transcoders/Uniconv390/uniconv.h
xerces-c-src_2_7_0/src/xercesc/util/Transcoders/Uniconv390/XMLUTF8Transcoder390.cpp
xerces-c-src_2_7_0/src/xercesc/util/Transcoders/Uniconv390/XMLIBM1047Transcoder390.hpp
xerces-c-src_2_7_0/src/xercesc/util/Transcoders/Uniconv390/XMLASCIITranscoder390.cpp
xerces-c-src_2_7_0/src/xercesc/util/Transcoders/Uniconv390/XML256TableTranscoder390.hpp
xerces-c-src_2_7_0/src/xercesc/util/Transcoders/Uniconv390/XMLUTF8Transcoder390.hpp
xerces-c-src_2_7_0/src/xercesc/util/Transcoders/Iconv/
xerces-c-src_2_7_0/src/xercesc/util/Transcoders/Iconv/Makefile.in
xerces-c-src_2_7_0/src/xercesc/util/Transcoders/Iconv/IconvTransService.cpp
xerces-c-src_2_7_0/src/xercesc/util/Transcoders/Iconv/IconvTransService.hpp
xerces-c-src_2_7_0/src/xercesc/util/XMLUCSTranscoder.cpp
xerces-c-src_2_7_0/src/xercesc/util/ParseException.hpp
xerces-c-src_2_7_0/src/xercesc/util/XMLMsgLoader.cpp
xerces-c-src_2_7_0/src/xercesc/util/XMLIBM1047Transcoder.hpp
xerces-c-src_2_7_0/src/xercesc/util/RefHash3KeysIdPool.hpp
xerces-c-src_2_7_0/src/xercesc/util/XML256TableTranscoder.hpp
xerces-c-src_2_7_0/src/xercesc/util/XMLChar.hpp
xerces-c-src_2_7_0/src/xercesc/util/XMLBigInteger.hpp
xerces-c-src_2_7_0/src/xercesc/util/StringPool.hpp
xerces-c-src_2_7_0/src/xercesc/util/RefArrayOf.hpp
xerces-c-src_2_7_0/src/xercesc/util/FlagJanitor.hpp
xerces-c-src_2_7_0/src/xercesc/util/XMLBigDecimal.hpp
xerces-c-src_2_7_0/src/xercesc/util/XMLExceptMsgs.hpp
xerces-c-src_2_7_0/src/xercesc/util/XMLInitializer.hpp
xerces-c-src_2_7_0/src/xercesc/util/XMLString.hpp
xerces-c-src_2_7_0/src/xercesc/util/XMLUni.cpp
xerces-c-src_2_7_0/src/xercesc/util/HashPtr.hpp
xerces-c-src_2_7_0/src/xercesc/util/TransService.hpp
xerces-c-src_2_7_0/src/xercesc/util/HexBin.hpp
xerces-c-src_2_7_0/src/xercesc/util/XMLURL.hpp
xerces-c-src_2_7_0/src/xercesc/util/XMLWin1252Transcoder.cpp
xerces-c-src_2_7_0/src/xercesc/util/XMLEBCDICTranscoder.cpp
xerces-c-src_2_7_0/src/xercesc/util/ValueHashTableOf.hpp
xerces-c-src_2_7_0/src/xercesc/util/XMLAbstractDoubleFloat.cpp
xerces-c-src_2_7_0/src/xercesc/util/XMLStringTokenizer.cpp
xerces-c-src_2_7_0/src/xercesc/util/XMLException.hpp
xerces-c-src_2_7_0/src/xercesc/util/RefHash2KeysTableOf.c
xerces-c-src_2_7_0/src/xercesc/util/EncodingValidator.cpp
xerces-c-src_2_7_0/src/xercesc/util/XMLASCIITranscoder.cpp
xerces-c-src_2_7_0/src/xercesc/util/BitSet.hpp
xerces-c-src_2_7_0/src/xercesc/util/ValueArrayOf.c
xerces-c-src_2_7_0/src/xercesc/util/XML88591Transcoder.cpp
xerces-c-src_2_7_0/src/xercesc/util/IllegalArgumentException.hpp
xerces-c-src_2_7_0/src/xercesc/util/HeaderDummy.cpp
xerces-c-src_2_7_0/src/xercesc/util/XMLDeleterFor.c
xerces-c-src_2_7_0/src/xercesc/util/QName.hpp
xerces-c-src_2_7_0/src/xercesc/util/TransENameMap.c
xerces-c-src_2_7_0/src/xercesc/util/BinFileInputStream.hpp
xerces-c-src_2_7_0/src/xercesc/util/BinInputStream.hpp
xerces-c-src_2_7_0/src/xercesc/util/ValueHashTableOf.c
xerces-c-src_2_7_0/src/xercesc/util/XMLRegisterCleanup.cpp
xerces-c-src_2_7_0/src/xercesc/util/XMLUTF16Transcoder.hpp
xerces-c-src_2_7_0/src/xercesc/util/HashBase.hpp
xerces-c-src_2_7_0/src/xercesc/util/KVStringPair.cpp
xerces-c-src_2_7_0/src/xercesc/util/XMLInteger.hpp
xerces-c-src_2_7_0/src/xercesc/util/HashXMLCh.hpp
xerces-c-src_2_7_0/src/xercesc/util/NameIdPool.c
xerces-c-src_2_7_0/src/xercesc/util/ValueVectorOf.hpp
xerces-c-src_2_7_0/src/xercesc/util/Mutexes.cpp
xerces-c-src_2_7_0/src/xercesc/util/XMLDouble.hpp
xerces-c-src_2_7_0/src/xercesc/util/DefaultPanicHandler.hpp
xerces-c-src_2_7_0/src/xercesc/util/PanicHandler.hpp
xerces-c-src_2_7_0/src/xercesc/util/NullPointerException.hpp
xerces-c-src_2_7_0/src/xercesc/util/XMemory.cpp
xerces-c-src_2_7_0/src/xercesc/util/Janitor.c
xerces-c-src_2_7_0/src/xercesc/util/SynchronizedStringPool.cpp
xerces-c-src_2_7_0/src/xercesc/util/Makefile.util.submodule
xerces-c-src_2_7_0/src/xercesc/util/CountedPointer.c
xerces-c-src_2_7_0/src/xercesc/util/XMLMsgLoader.hpp
xerces-c-src_2_7_0/src/xercesc/util/XercesVersion.hpp
xerces-c-src_2_7_0/src/xercesc/util/XMLWin1252Transcoder.hpp
xerces-c-src_2_7_0/src/xercesc/util/RuntimeException.hpp
xerces-c-src_2_7_0/src/xercesc/util/XMLEnumerator.hpp
xerces-c-src_2_7_0/src/xercesc/util/XMLUni.hpp
xerces-c-src_2_7_0/src/xercesc/util/RefHashTableOf.hpp
xerces-c-src_2_7_0/src/xercesc/util/XMLDOMMsg.hpp
xerces-c-src_2_7_0/src/xercesc/util/XMLUTF8Transcoder.hpp
xerces-c-src_2_7_0/src/xercesc/util/ValueStackOf.c
xerces-c-src_2_7_0/src/xercesc/util/XMLEBCDICTranscoder.hpp
xerces-c-src_2_7_0/src/xercesc/util/NumberFormatException.hpp
xerces-c-src_2_7_0/src/xercesc/util/XMLStringTokenizer.hpp
xerces-c-src_2_7_0/src/xercesc/util/XMLUTF8Transcoder.cpp
xerces-c-src_2_7_0/src/xercesc/util/XMLHolder.c
xerces-c-src_2_7_0/src/xercesc/util/XMLChTranscoder.cpp
xerces-c-src_2_7_0/src/xercesc/util/RefArrayOf.c
xerces-c-src_2_7_0/src/xercesc/util/FlagJanitor.c
xerces-c-src_2_7_0/src/xercesc/util/EncodingValidator.hpp
xerces-c-src_2_7_0/src/xercesc/util/XMLASCIITranscoder.hpp
xerces-c-src_2_7_0/src/xercesc/util/BinMemInputStream.cpp
xerces-c-src_2_7_0/src/xercesc/util/CountedPointer.hpp
xerces-c-src_2_7_0/src/xercesc/util/XML88591Transcoder.hpp
xerces-c-src_2_7_0/src/xercesc/util/XMLNumber.cpp
xerces-c-src_2_7_0/src/xercesc/util/XMLAbstractDoubleFloat.hpp
xerces-c-src_2_7_0/src/xercesc/util/Janitor.hpp
xerces-c-src_2_7_0/src/xercesc/util/XMLFloat.cpp
xerces-c-src_2_7_0/src/xercesc/util/RefVectorOf.hpp
xerces-c-src_2_7_0/src/xercesc/util/RefHashTableOf.c
xerces-c-src_2_7_0/src/xercesc/util/UnexpectedEOFException.hpp
xerces-c-src_2_7_0/src/xercesc/util/XMLRegisterCleanup.hpp
xerces-c-src_2_7_0/src/xercesc/util/ArrayIndexOutOfBoundsException.hpp
xerces-c-src_2_7_0/src/xercesc/util/XMLIBM1140Transcoder.cpp
xerces-c-src_2_7_0/src/xercesc/util/KVStringPair.hpp
xerces-c-src_2_7_0/src/xercesc/util/TranscodingException.hpp
xerces-c-src_2_7_0/src/xercesc/util/Mutexes.hpp
xerces-c-src_2_7_0/src/xercesc/util/RefHash2KeysTableOf.hpp
xerces-c-src_2_7_0/src/xercesc/util/Makefile.in
xerces-c-src_2_7_0/src/xercesc/util/XMLHolder.hpp
xerces-c-src_2_7_0/src/xercesc/util/SynchronizedStringPool.hpp
xerces-c-src_2_7_0/src/xercesc/util/BitOps.hpp
xerces-c-src_2_7_0/src/xercesc/util/PlatformUtils.cpp
xerces-c-src_2_7_0/src/xercesc/util/XMemory.hpp
xerces-c-src_2_7_0/src/xercesc/util/OutOfMemoryException.hpp
xerces-c-src_2_7_0/src/xercesc/util/BaseRefVectorOf.c
xerces-c-src_2_7_0/src/xercesc/util/XMLUri.cpp
xerces-c-src_2_7_0/src/xercesc/util/XMLResourceIdentifier.hpp
xerces-c-src_2_7_0/src/xercesc/util/RefArrayVectorOf.c
xerces-c-src_2_7_0/src/xercesc/util/ValueVectorOf.c
xerces-c-src_2_7_0/src/xercesc/util/RefStackOf.c
xerces-c-src_2_7_0/src/xercesc/util/UTFDataFormatException.hpp
xerces-c-src_2_7_0/src/xercesc/util/IOException.hpp
xerces-c-src_2_7_0/src/xercesc/util/NameIdPool.hpp
xerces-c-src_2_7_0/src/xercesc/util/TransENameMap.hpp
xerces-c-src_2_7_0/src/xercesc/util/BinMemInputStream.hpp
xerces-c-src_2_7_0/src/xercesc/util/XMLChTranscoder.hpp
xerces-c-src_2_7_0/src/xercesc/util/SecurityManager.hpp
xerces-c-src_2_7_0/src/xercesc/util/Base64.cpp
xerces-c-src_2_7_0/src/xercesc/util/XMLDateTime.cpp
xerces-c-src_2_7_0/src/xercesc/util/XMLNumber.hpp
xerces-c-src_2_7_0/src/xercesc/util/UnsupportedEncodingException.hpp
xerces-c-src_2_7_0/src/xercesc/util/XMLEntityResolver.hpp
xerces-c-src_2_7_0/src/xercesc/util/InvalidCastException.hpp
xerces-c-src_2_7_0/src/xercesc/util/XMLIBM1140Transcoder.hpp
xerces-c-src_2_7_0/src/xercesc/util/XMLIBM1047Transcoder.cpp
xerces-c-src_2_7_0/src/xercesc/util/XML256TableTranscoder.cpp
xerces-c-src_2_7_0/src/xercesc/util/XMLFloat.hpp
xerces-c-src_2_7_0/src/xercesc/util/ValueStackOf.hpp
xerces-c-src_2_7_0/src/xercesc/util/XMLChar.cpp
xerces-c-src_2_7_0/src/xercesc/util/XMLBigInteger.cpp
xerces-c-src_2_7_0/src/xercesc/util/StringPool.cpp
xerces-c-src_2_7_0/src/xercesc/util/XercesDefs.hpp
xerces-c-src_2_7_0/src/xercesc/util/XMLBigDecimal.cpp
xerces-c-src_2_7_0/src/xercesc/util/XMLInitializer.cpp
xerces-c-src_2_7_0/src/xercesc/util/ValueArrayOf.hpp
xerces-c-src_2_7_0/src/xercesc/util/KeyRefPair.hpp
xerces-c-src_2_7_0/src/xercesc/util/KeyValuePair.hpp
xerces-c-src_2_7_0/src/xercesc/util/TransService.cpp
xerces-c-src_2_7_0/src/xercesc/util/HashPtr.cpp
xerces-c-src_2_7_0/src/xercesc/util/PlatformUtils.hpp
xerces-c-src_2_7_0/src/xercesc/util/AutoSense.hpp
xerces-c-src_2_7_0/src/xercesc/util/HexBin.cpp
xerces-c-src_2_7_0/src/xercesc/util/XMLException.cpp
xerces-c-src_2_7_0/src/xercesc/util/XMLDeleterFor.hpp
xerces-c-src_2_7_0/src/xercesc/util/XMLURL.cpp
xerces-c-src_2_7_0/src/xercesc/util/XMLUniDefs.hpp
xerces-c-src_2_7_0/src/xercesc/util/RefVectorOf.c
xerces-c-src_2_7_0/src/xercesc/util/XMLUri.hpp
xerces-c-src_2_7_0/src/xercesc/util/XMLString.cpp
xerces-c-src_2_7_0/src/xercesc/util/BitSet.cpp
xerces-c-src_2_7_0/src/xercesc/util/NoSuchElementException.hpp
xerces-c-src_2_7_0/src/xercesc/util/XMLNetAccessor.hpp
xerces-c-src_2_7_0/src/xercesc/util/SchemaDateTimeException.hpp
xerces-c-src_2_7_0/src/xercesc/util/QName.cpp
xerces-c-src_2_7_0/src/xercesc/util/KeyRefPair.c
xerces-c-src_2_7_0/src/xercesc/util/KeyValuePair.c
xerces-c-src_2_7_0/src/xercesc/util/BinFileInputStream.cpp
xerces-c-src_2_7_0/src/xercesc/util/BinInputStream.cpp
xerces-c-src_2_7_0/src/xercesc/util/HashXMLCh.cpp
xerces-c-src_2_7_0/src/xercesc/util/RefHash3KeysIdPool.c
xerces-c-src_2_7_0/src/xercesc/util/EmptyStackException.hpp
xerces-c-src_2_7_0/src/xercesc/util/XMLUTF16Transcoder.cpp
xerces-c-src_2_7_0/src/xercesc/util/XMLDateTime.hpp
xerces-c-src_2_7_0/src/xercesc/util/BaseRefVectorOf.hpp
xerces-c-src_2_7_0/src/xercesc/util/HashCMStateSet.hpp
xerces-c-src_2_7_0/src/xercesc/util/LogicalPath.c
xerces-c-src_2_7_0/src/xercesc/util/RefArrayVectorOf.hpp
xerces-c-src_2_7_0/src/xercesc/util/PanicHandler.cpp
xerces-c-src_2_7_0/src/xercesc/util/Base64.hpp
xerces-c-src_2_7_0/src/xercesc/util/XMLUCS4Transcoder.hpp
xerces-c-src_2_7_0/src/xercesc/util/XMLDouble.cpp
xerces-c-src_2_7_0/src/xercesc/util/RefStackOf.hpp
xerces-c-src_2_7_0/src/xercesc/util/DefaultPanicHandler.cpp
xerces-c-src_2_7_0/src/xercesc/com/
xerces-c-src_2_7_0/src/xercesc/com/XMLDOMUtil.cpp
xerces-c-src_2_7_0/src/xercesc/com/StdAfx.h
xerces-c-src_2_7_0/src/xercesc/com/XMLDOMDocument.h
xerces-c-src_2_7_0/src/xercesc/com/registry.bin
xerces-c-src_2_7_0/src/xercesc/com/xml4com.def
xerces-c-src_2_7_0/src/xercesc/com/XMLDOMProcessingInstruction.cpp
xerces-c-src_2_7_0/src/xercesc/com/xml4com.rc
xerces-c-src_2_7_0/src/xercesc/com/XMLDOMNamedNodeMap.h
xerces-c-src_2_7_0/src/xercesc/com/XMLDOMDocumentType.cpp
xerces-c-src_2_7_0/src/xercesc/com/BindStatusCallback.h
xerces-c-src_2_7_0/src/xercesc/com/XMLDOMImplementation.h
xerces-c-src_2_7_0/src/xercesc/com/IXMLDOMNodeImpl.h
xerces-c-src_2_7_0/src/xercesc/com/XMLDOMNodeList.h
xerces-c-src_2_7_0/src/xercesc/com/XMLDOMParseError.h
xerces-c-src_2_7_0/src/xercesc/com/IXMLDOMCharacterDataImpl.h
xerces-c-src_2_7_0/src/xercesc/com/xml4comCP.h
xerces-c-src_2_7_0/src/xercesc/com/XMLDOMNotation.cpp
xerces-c-src_2_7_0/src/xercesc/com/NodeContainerImpl.h
xerces-c-src_2_7_0/src/xercesc/com/XMLDOMXMLDecl.h
xerces-c-src_2_7_0/src/xercesc/com/XMLDOMElement.h
xerces-c-src_2_7_0/src/xercesc/com/XMLDOMCDATASection.h
xerces-c-src_2_7_0/src/xercesc/com/xmlhttprequest.rgs
xerces-c-src_2_7_0/src/xercesc/com/XMLDOMEntity.h
xerces-c-src_2_7_0/src/xercesc/com/StdAfx.cpp
xerces-c-src_2_7_0/src/xercesc/com/resource.h
xerces-c-src_2_7_0/src/xercesc/com/XMLDOMAttribute.h
xerces-c-src_2_7_0/src/xercesc/com/XMLDOMProcessingInstruction.h
xerces-c-src_2_7_0/src/xercesc/com/BindStatusCallback.cpp
xerces-c-src_2_7_0/src/xercesc/com/XMLDOMDocument.cpp
xerces-c-src_2_7_0/src/xercesc/com/IXMLDOMNodeImpl.inl
xerces-c-src_2_7_0/src/xercesc/com/XMLDOMNodeList.cpp
xerces-c-src_2_7_0/src/xercesc/com/xml4comps.def
xerces-c-src_2_7_0/src/xercesc/com/XMLDOMUtil.h
xerces-c-src_2_7_0/src/xercesc/com/IXMLDOMTextImpl.h
xerces-c-src_2_7_0/src/xercesc/com/README.txt
xerces-c-src_2_7_0/src/xercesc/com/XMLDOMParseError.cpp
xerces-c-src_2_7_0/src/xercesc/com/XMLDOMImplementation.cpp
xerces-c-src_2_7_0/src/xercesc/com/XMLDOMDocumentType.h
xerces-c-src_2_7_0/src/xercesc/com/xmldocument.rgs
xerces-c-src_2_7_0/src/xercesc/com/XMLDOMNamedNodeMap.cpp
xerces-c-src_2_7_0/src/xercesc/com/XMLDOMXMLDecl.cpp
xerces-c-src_2_7_0/src/xercesc/com/XMLHTTPRequest.cpp
xerces-c-src_2_7_0/src/xercesc/com/xml4com.idl
xerces-c-src_2_7_0/src/xercesc/com/XMLDOMElement.cpp
xerces-c-src_2_7_0/src/xercesc/com/XMLDOMText.h
xerces-c-src_2_7_0/src/xercesc/com/xml4comps.mk
xerces-c-src_2_7_0/src/xercesc/com/XMLHttpRequest.h
xerces-c-src_2_7_0/src/xercesc/com/XMLDOMNotation.h
xerces-c-src_2_7_0/src/xercesc/com/XMLDOMEntityReference.h
xerces-c-src_2_7_0/src/xercesc/com/xml4com.cpp
xerces-c-src_2_7_0/src/xercesc/com/XMLDOMAttribute.cpp
xerces-c-src_2_7_0/src/xercesc/com/XMLDOMDocumentFragment.h
xerces-c-src_2_7_0/src/xercesc/com/XMLDOMComment.h
xerces-c-src_2_7_0/src/xercesc/com/XMLDOMEntity.cpp
xerces-c-src_2_7_0/src/xercesc/configure.in
xerces-c-src_2_7_0/src/xercesc/configure
xerces-c-src_2_7_0/src/xercesc/Makefile.in
xerces-c-src_2_7_0/src/xercesc/config.guess
xerces-c-src_2_7_0/src/xercesc/config.sub
xerces-c-src_2_7_0/src/xercesc/config.h.in
xerces-c-src_2_7_0/src/xercesc/Makefile.incl
xerces-c-src_2_7_0/src/xercesc/runConfigure
xerces-c-src_2_7_0/src/xercesc/install-sh
xerces-c-src_2_7_0/scripts/
xerces-c-src_2_7_0/scripts/createBindingsFormatFromHPP.pl
xerces-c-src_2_7_0/scripts/sanityTest.pl
xerces-c-src_2_7_0/scripts/packageBinaries.pl
xerces-c-src_2_7_0/scripts/makeStringDefinition.pl
xerces-c-src_2_7_0/scripts/sanityTest_ExpectedResult.log
xerces-c-src_2_7_0/Projects/
xerces-c-src_2_7_0/Projects/MacOS/
xerces-c-src_2_7_0/Projects/MacOS/CodeWarrior/
xerces-c-src_2_7_0/Projects/MacOS/CodeWarrior/XercesLib/
xerces-c-src_2_7_0/Projects/MacOS/CodeWarrior/XercesLib/XercesLibMachORelPrefix.h
xerces-c-src_2_7_0/Projects/MacOS/CodeWarrior/XercesLib/XercesLibClassicDbgPrefix.h
xerces-c-src_2_7_0/Projects/MacOS/CodeWarrior/XercesLib/XercesLibCarbonDbgPrefix.h
xerces-c-src_2_7_0/Projects/MacOS/CodeWarrior/XercesLib/XercesLibClassicRelPrefix.h
xerces-c-src_2_7_0/Projects/MacOS/CodeWarrior/XercesLib/XercesLibMachODbgPrefix.h
xerces-c-src_2_7_0/Projects/MacOS/CodeWarrior/XercesLib/XercesLibCarbonRelPrefix.h
xerces-c-src_2_7_0/Projects/MacOS/CodeWarrior/XercesLib/XercesLib.mcp.xml
xerces-c-src_2_7_0/Projects/MacOS/CodeWarrior/XercesLib/XercesLibCommonPrefix.h
xerces-c-src_2_7_0/Projects/MacOS/CodeWarrior/XercesSamples/
xerces-c-src_2_7_0/Projects/MacOS/CodeWarrior/XercesSamples/XercesSampleSupport/
xerces-c-src_2_7_0/Projects/MacOS/CodeWarrior/XercesSamples/XercesSampleSupport/CarbResource.r
xerces-c-src_2_7_0/Projects/MacOS/CodeWarrior/XercesSamples/XercesSampleSupport/XercesSampleStartupFragme
xerces-c-src_2_7_0/Projects/MacOS/CodeWarrior/XercesSamples/XercesSampleSupport/XercesSampleClassicPrefix
xerces-c-src_2_7_0/Projects/MacOS/CodeWarrior/XercesSamples/XercesSampleSupport/XercesSampleCarbonPrefix.
xerces-c-src_2_7_0/Projects/MacOS/CodeWarrior/XercesSamples/XercesSampleSupport/XercesSampleMachOPrefix.h
xerces-c-src_2_7_0/Projects/MacOS/CodeWarrior/XercesSamples/SAX2Print/
xerces-c-src_2_7_0/Projects/MacOS/CodeWarrior/XercesSamples/SAX2Print/SAX2Print.mcp.xml
xerces-c-src_2_7_0/Projects/MacOS/CodeWarrior/XercesSamples/DOMPrint/
xerces-c-src_2_7_0/Projects/MacOS/CodeWarrior/XercesSamples/DOMPrint/DOMPrint.mcp.xml
xerces-c-src_2_7_0/Projects/MacOS/Xcode/
xerces-c-src_2_7_0/Projects/MacOS/Xcode/XercesLib/
xerces-c-src_2_7_0/Projects/MacOS/Xcode/XercesLib/XercesLib.xcodeproj/
xerces-c-src_2_7_0/Projects/MacOS/Xcode/XercesLib/XercesLib.xcodeproj/project.pbxproj
xerces-c-src_2_7_0/Projects/MacOS/Xcode/XercesLib/English.lproj/
xerces-c-src_2_7_0/Projects/MacOS/Xcode/XercesLib/English.lproj/InfoPlist.strings
xerces-c-src_2_7_0/Projects/MacOS/Xcode/XercesLib/Info-XercesLib.plist
xerces-c-src_2_7_0/Projects/MacOS/Xcode/XercesLib/xerces_prefix.h
xerces-c-src_2_7_0/Projects/MacOS/Xcode/XercesSamples/
xerces-c-src_2_7_0/Projects/MacOS/Xcode/XercesSamples/SAX2Print/
xerces-c-src_2_7_0/Projects/MacOS/Xcode/XercesSamples/SAX2Print/SAX2Print.xcodeproj/
xerces-c-src_2_7_0/Projects/MacOS/Xcode/XercesSamples/SAX2Print/SAX2Print.xcodeproj/project.pbxproj
xerces-c-src_2_7_0/Projects/MacOS/Xcode/XercesSamples/SEnumVal/
xerces-c-src_2_7_0/Projects/MacOS/Xcode/XercesSamples/SEnumVal/SEnumVal.xcodeproj/
xerces-c-src_2_7_0/Projects/MacOS/Xcode/XercesSamples/SEnumVal/SEnumVal.xcodeproj/project.pbxproj
xerces-c-src_2_7_0/Projects/MacOS/Xcode/XercesSamples/DOMPrint/
xerces-c-src_2_7_0/Projects/MacOS/Xcode/XercesSamples/DOMPrint/DOMPrint.xcodeproj/
xerces-c-src_2_7_0/Projects/MacOS/Xcode/XercesSamples/DOMPrint/DOMPrint.xcodeproj/project.pbxproj
xerces-c-src_2_7_0/Projects/MacOS/Xcode/XercesSamples/xerces_sample_prefix.h
xerces-c-src_2_7_0/Projects/Win32/
xerces-c-src_2_7_0/Projects/Win32/VC7/
xerces-c-src_2_7_0/Projects/Win32/VC7/xerces-all/
xerces-c-src_2_7_0/Projects/Win32/VC7/xerces-all/DOMTest/
xerces-c-src_2_7_0/Projects/Win32/VC7/xerces-all/DOMTest/DOMTest.vcproj
xerces-c-src_2_7_0/Projects/Win32/VC7/xerces-all/XercesLib/
xerces-c-src_2_7_0/Projects/Win32/VC7/xerces-all/XercesLib/XercesLib.vcproj
xerces-c-src_2_7_0/Projects/Win32/VC7/xerces-all/XercesLib/XercesDeprecatedDOMLib.vcproj
xerces-c-src_2_7_0/Projects/Win32/VC7/xerces-all/DOMNormalizerTest/
xerces-c-src_2_7_0/Projects/Win32/VC7/xerces-all/DOMNormalizerTest/DOMNormalizerTest.vcproj
xerces-c-src_2_7_0/Projects/Win32/VC7/xerces-all/XSValueTest/
xerces-c-src_2_7_0/Projects/Win32/VC7/xerces-all/XSValueTest/XSValueTest.vcproj
xerces-c-src_2_7_0/Projects/Win32/VC7/xerces-all/SAX2Print/
xerces-c-src_2_7_0/Projects/Win32/VC7/xerces-all/SAX2Print/SAX2Print.vcproj
xerces-c-src_2_7_0/Projects/Win32/VC7/xerces-all/PParse/
xerces-c-src_2_7_0/Projects/Win32/VC7/xerces-all/PParse/PParse.vcproj
xerces-c-src_2_7_0/Projects/Win32/VC7/xerces-all/DOMPrint/
xerces-c-src_2_7_0/Projects/Win32/VC7/xerces-all/DOMPrint/DOMPrint.vcproj
xerces-c-src_2_7_0/Projects/Win32/VC7/xerces-all/DOMTypeInfoTest/
xerces-c-src_2_7_0/Projects/Win32/VC7/xerces-all/DOMTypeInfoTest/DOMTypeInfoTest.vcproj
xerces-c-src_2_7_0/Projects/Win32/VC7/xerces-all/Redirect/
xerces-c-src_2_7_0/Projects/Win32/VC7/xerces-all/Redirect/Redirect.vcproj
xerces-c-src_2_7_0/Projects/Win32/VC7/xerces-all/CreateDOMDocument/
xerces-c-src_2_7_0/Projects/Win32/VC7/xerces-all/CreateDOMDocument/CreateDOMDocument.vcproj
xerces-c-src_2_7_0/Projects/Win32/VC7/xerces-all/DOMTraversalTest/
xerces-c-src_2_7_0/Projects/Win32/VC7/xerces-all/DOMTraversalTest/DOMTraversalTest.vcproj
xerces-c-src_2_7_0/Projects/Win32/VC7/xerces-all/xerces-com/
xerces-c-src_2_7_0/Projects/Win32/VC7/xerces-all/xerces-com/xerces-com.vcproj
xerces-c-src_2_7_0/Projects/Win32/VC7/xerces-all/SAXPrint/
xerces-c-src_2_7_0/Projects/Win32/VC7/xerces-all/SAXPrint/SAXPrint.vcproj
xerces-c-src_2_7_0/Projects/Win32/VC7/xerces-all/MemParse/
xerces-c-src_2_7_0/Projects/Win32/VC7/xerces-all/MemParse/MemParse.vcproj
xerces-c-src_2_7_0/Projects/Win32/VC7/xerces-all/MemHandlerTest/
xerces-c-src_2_7_0/Projects/Win32/VC7/xerces-all/MemHandlerTest/MemHandlerTest.vcproj
xerces-c-src_2_7_0/Projects/Win32/VC7/xerces-all/PSVIWriter/
xerces-c-src_2_7_0/Projects/Win32/VC7/xerces-all/PSVIWriter/PSVIWriter.vcproj
xerces-c-src_2_7_0/Projects/Win32/VC7/xerces-all/SAX2Count/
xerces-c-src_2_7_0/Projects/Win32/VC7/xerces-all/SAX2Count/SAX2Count.vcproj
xerces-c-src_2_7_0/Projects/Win32/VC7/xerces-all/EncodingTest/
xerces-c-src_2_7_0/Projects/Win32/VC7/xerces-all/EncodingTest/EncodingTest.vcproj
xerces-c-src_2_7_0/Projects/Win32/VC7/xerces-all/DOMCount/
xerces-c-src_2_7_0/Projects/Win32/VC7/xerces-all/DOMCount/DOMCount.vcproj
xerces-c-src_2_7_0/Projects/Win32/VC7/xerces-all/SEnumVal/
xerces-c-src_2_7_0/Projects/Win32/VC7/xerces-all/SEnumVal/SEnumVal.vcproj
xerces-c-src_2_7_0/Projects/Win32/VC7/xerces-all/InitTermTest/
xerces-c-src_2_7_0/Projects/Win32/VC7/xerces-all/InitTermTest/InitTermTest.vcproj
xerces-c-src_2_7_0/Projects/Win32/VC7/xerces-all/RangeTest/
xerces-c-src_2_7_0/Projects/Win32/VC7/xerces-all/RangeTest/RangeTest.vcproj
xerces-c-src_2_7_0/Projects/Win32/VC7/xerces-all/EnumVal/
xerces-c-src_2_7_0/Projects/Win32/VC7/xerces-all/EnumVal/EnumVal.vcproj
xerces-c-src_2_7_0/Projects/Win32/VC7/xerces-all/SCMPrint/
xerces-c-src_2_7_0/Projects/Win32/VC7/xerces-all/SCMPrint/SCMPrint.vcproj
xerces-c-src_2_7_0/Projects/Win32/VC7/xerces-all/XSerializerTest/
xerces-c-src_2_7_0/Projects/Win32/VC7/xerces-all/XSerializerTest/XSerializerTest.vcproj
xerces-c-src_2_7_0/Projects/Win32/VC7/xerces-all/SAXCount/
xerces-c-src_2_7_0/Projects/Win32/VC7/xerces-all/SAXCount/SAXCount.vcproj
xerces-c-src_2_7_0/Projects/Win32/VC7/xerces-all/ThreadTest/
xerces-c-src_2_7_0/Projects/Win32/VC7/xerces-all/ThreadTest/ThreadTest.vcproj
xerces-c-src_2_7_0/Projects/Win32/VC7/xerces-all/all/
xerces-c-src_2_7_0/Projects/Win32/VC7/xerces-all/all/all.vcproj
xerces-c-src_2_7_0/Projects/Win32/VC7/xerces-all/DeprecatedDOMCount/
xerces-c-src_2_7_0/Projects/Win32/VC7/xerces-all/DeprecatedDOMCount/DeprecatedDOMCount.vcproj
xerces-c-src_2_7_0/Projects/Win32/VC7/xerces-all/StdInParse/
xerces-c-src_2_7_0/Projects/Win32/VC7/xerces-all/StdInParse/StdInParse.vcproj
xerces-c-src_2_7_0/Projects/Win32/VC7/xerces-all/DOMMemTest/
xerces-c-src_2_7_0/Projects/Win32/VC7/xerces-all/DOMMemTest/DOMMemTest.vcproj
xerces-c-src_2_7_0/Projects/Win32/VC7/xerces-all/xerces-all.sln
xerces-c-src_2_7_0/Projects/Win32/BCC.551/
xerces-c-src_2_7_0/Projects/Win32/BCC.551/Xerces-all/
xerces-c-src_2_7_0/Projects/Win32/BCC.551/Xerces-all/DOMTest/
xerces-c-src_2_7_0/Projects/Win32/BCC.551/Xerces-all/DOMTest/DOMTest.mak
xerces-c-src_2_7_0/Projects/Win32/BCC.551/Xerces-all/XercesLib/
xerces-c-src_2_7_0/Projects/Win32/BCC.551/Xerces-all/XercesLib/XercesLib.cpp
xerces-c-src_2_7_0/Projects/Win32/BCC.551/Xerces-all/XercesLib/XercesLib.mak
xerces-c-src_2_7_0/Projects/Win32/BCC.551/Xerces-all/XercesLib/afxres.h
xerces-c-src_2_7_0/Projects/Win32/BCC.551/Xerces-all/EncodingTest/
xerces-c-src_2_7_0/Projects/Win32/BCC.551/Xerces-all/EncodingTest/EncodingTest.mak
xerces-c-src_2_7_0/Projects/Win32/BCC.551/Xerces-all/SAX2Count/
xerces-c-src_2_7_0/Projects/Win32/BCC.551/Xerces-all/SAX2Count/SAX2Count.mak
xerces-c-src_2_7_0/Projects/Win32/BCC.551/Xerces-all/XSValueTest/
xerces-c-src_2_7_0/Projects/Win32/BCC.551/Xerces-all/XSValueTest/XSValueTest.mak
xerces-c-src_2_7_0/Projects/Win32/BCC.551/Xerces-all/DOMCount/
xerces-c-src_2_7_0/Projects/Win32/BCC.551/Xerces-all/DOMCount/DOMCount.mak
xerces-c-src_2_7_0/Projects/Win32/BCC.551/Xerces-all/PParse/
xerces-c-src_2_7_0/Projects/Win32/BCC.551/Xerces-all/PParse/PParse.mak
xerces-c-src_2_7_0/Projects/Win32/BCC.551/Xerces-all/SAX2Print/
xerces-c-src_2_7_0/Projects/Win32/BCC.551/Xerces-all/SAX2Print/SAX2Print.mak
xerces-c-src_2_7_0/Projects/Win32/BCC.551/Xerces-all/SEnumVal/
xerces-c-src_2_7_0/Projects/Win32/BCC.551/Xerces-all/SEnumVal/SEnumVal.mak
xerces-c-src_2_7_0/Projects/Win32/BCC.551/Xerces-all/InitTermTest/
xerces-c-src_2_7_0/Projects/Win32/BCC.551/Xerces-all/InitTermTest/InitTermTest.mak
xerces-c-src_2_7_0/Projects/Win32/BCC.551/Xerces-all/DOMRangeTest/
xerces-c-src_2_7_0/Projects/Win32/BCC.551/Xerces-all/DOMRangeTest/DOMRangeTest.mak
xerces-c-src_2_7_0/Projects/Win32/BCC.551/Xerces-all/DOMPrint/
xerces-c-src_2_7_0/Projects/Win32/BCC.551/Xerces-all/DOMPrint/DOMPrint.mak
xerces-c-src_2_7_0/Projects/Win32/BCC.551/Xerces-all/DOMTypeInfoTest/
xerces-c-src_2_7_0/Projects/Win32/BCC.551/Xerces-all/DOMTypeInfoTest/DOMTypeInfoTest.mak
xerces-c-src_2_7_0/Projects/Win32/BCC.551/Xerces-all/SCMPrint/
xerces-c-src_2_7_0/Projects/Win32/BCC.551/Xerces-all/SCMPrint/SCMPrint.mak
xerces-c-src_2_7_0/Projects/Win32/BCC.551/Xerces-all/Redirect/
xerces-c-src_2_7_0/Projects/Win32/BCC.551/Xerces-all/Redirect/Redirect.mak
xerces-c-src_2_7_0/Projects/Win32/BCC.551/Xerces-all/XSerializerTest/
xerces-c-src_2_7_0/Projects/Win32/BCC.551/Xerces-all/XSerializerTest/XSerializerTest.mak
xerces-c-src_2_7_0/Projects/Win32/BCC.551/Xerces-all/CreateDOMDocument/
xerces-c-src_2_7_0/Projects/Win32/BCC.551/Xerces-all/CreateDOMDocument/CreateDOMDocument.mak
xerces-c-src_2_7_0/Projects/Win32/BCC.551/Xerces-all/DOMTraversal/
xerces-c-src_2_7_0/Projects/Win32/BCC.551/Xerces-all/DOMTraversal/DOMTraversal.mak
xerces-c-src_2_7_0/Projects/Win32/BCC.551/Xerces-all/SAXCount/
xerces-c-src_2_7_0/Projects/Win32/BCC.551/Xerces-all/SAXCount/SAXCount.mak
xerces-c-src_2_7_0/Projects/Win32/BCC.551/Xerces-all/EnumVal/
xerces-c-src_2_7_0/Projects/Win32/BCC.551/Xerces-all/EnumVal/EnumVal.mak
xerces-c-src_2_7_0/Projects/Win32/BCC.551/Xerces-all/ThreadTest/
xerces-c-src_2_7_0/Projects/Win32/BCC.551/Xerces-all/ThreadTest/ThreadTest.mak
xerces-c-src_2_7_0/Projects/Win32/BCC.551/Xerces-all/SAXPrint/
xerces-c-src_2_7_0/Projects/Win32/BCC.551/Xerces-all/SAXPrint/SAXPrint.mak
xerces-c-src_2_7_0/Projects/Win32/BCC.551/Xerces-all/MemParse/
xerces-c-src_2_7_0/Projects/Win32/BCC.551/Xerces-all/MemParse/MemParse.mak
xerces-c-src_2_7_0/Projects/Win32/BCC.551/Xerces-all/DeprecatedDOMCount/
xerces-c-src_2_7_0/Projects/Win32/BCC.551/Xerces-all/DeprecatedDOMCount/DeprecatedDOMCount.mak
xerces-c-src_2_7_0/Projects/Win32/BCC.551/Xerces-all/DeprecatedDOMCount/DeprecatedDOMCount.cpp
xerces-c-src_2_7_0/Projects/Win32/BCC.551/Xerces-all/MemHandlerTest/
xerces-c-src_2_7_0/Projects/Win32/BCC.551/Xerces-all/MemHandlerTest/MemHandlerTest.mak
xerces-c-src_2_7_0/Projects/Win32/BCC.551/Xerces-all/MemHandlerTest/MemHandlerTest.cpp
xerces-c-src_2_7_0/Projects/Win32/BCC.551/Xerces-all/StdInParse/
xerces-c-src_2_7_0/Projects/Win32/BCC.551/Xerces-all/StdInParse/StdInParse.mak
xerces-c-src_2_7_0/Projects/Win32/BCC.551/Xerces-all/DOMMemTest/
xerces-c-src_2_7_0/Projects/Win32/BCC.551/Xerces-all/DOMMemTest/DOMMemTest.mak
xerces-c-src_2_7_0/Projects/Win32/BCC.551/Xerces-all/PSVIWriter/
xerces-c-src_2_7_0/Projects/Win32/BCC.551/Xerces-all/PSVIWriter/PSVIWriter.mak
xerces-c-src_2_7_0/Projects/Win32/BCC.551/Xerces-all/MakeBuildDirs.bat
xerces-c-src_2_7_0/Projects/Win32/BCC.551/Xerces-all/Xerces-all.mak
xerces-c-src_2_7_0/Projects/Win32/BCC.551/Xerces-all/readme.txt
xerces-c-src_2_7_0/Projects/Win32/CodeWarrior/
xerces-c-src_2_7_0/Projects/Win32/CodeWarrior/XercesLib/
xerces-c-src_2_7_0/Projects/Win32/CodeWarrior/XercesLib/XercesLibWinDbgPrefix.h
xerces-c-src_2_7_0/Projects/Win32/CodeWarrior/XercesLib/XercesLibWinRelPrefix.h
xerces-c-src_2_7_0/Projects/Win32/CodeWarrior/XercesLib/XercesLib.mcp.xml
xerces-c-src_2_7_0/Projects/Win32/CodeWarrior/XercesLib/XercesLibCommonPrefix.h
xerces-c-src_2_7_0/Projects/Win32/CodeWarrior/XercesSamples/
xerces-c-src_2_7_0/Projects/Win32/CodeWarrior/XercesSamples/SAX2Print/
xerces-c-src_2_7_0/Projects/Win32/CodeWarrior/XercesSamples/SAX2Print/SAX2Print.mcp.xml
xerces-c-src_2_7_0/Projects/Win32/CodeWarrior/XercesSamples/DOMPrint/
xerces-c-src_2_7_0/Projects/Win32/CodeWarrior/XercesSamples/DOMPrint/DOMPrint.mcp.xml
xerces-c-src_2_7_0/Projects/Win32/BCB6/
xerces-c-src_2_7_0/Projects/Win32/BCB6/Xerces-all/
xerces-c-src_2_7_0/Projects/Win32/BCB6/Xerces-all/DOMTest/
xerces-c-src_2_7_0/Projects/Win32/BCB6/Xerces-all/DOMTest/DOMTest.cpp
xerces-c-src_2_7_0/Projects/Win32/BCB6/Xerces-all/DOMTest/DOMTest.bpr
xerces-c-src_2_7_0/Projects/Win32/BCB6/Xerces-all/XercesLib/
xerces-c-src_2_7_0/Projects/Win32/BCB6/Xerces-all/XercesLib/Xerceslib.cpp
xerces-c-src_2_7_0/Projects/Win32/BCB6/Xerces-all/XercesLib/XercesLib.bpr
xerces-c-src_2_7_0/Projects/Win32/BCB6/Xerces-all/XercesLib/afxres.h
xerces-c-src_2_7_0/Projects/Win32/BCB6/Xerces-all/SAXCount/
xerces-c-src_2_7_0/Projects/Win32/BCB6/Xerces-all/SAXCount/SAXCount.cpp
xerces-c-src_2_7_0/Projects/Win32/BCB6/Xerces-all/SAXCount/SAXCount.bpr
xerces-c-src_2_7_0/Projects/Win32/BCB6/Xerces-all/EncodingTest/
xerces-c-src_2_7_0/Projects/Win32/BCB6/Xerces-all/EncodingTest/EncodingTest.cpp
xerces-c-src_2_7_0/Projects/Win32/BCB6/Xerces-all/EncodingTest/EncodingTest.bpr
xerces-c-src_2_7_0/Projects/Win32/BCB6/Xerces-all/SAX2Count/
xerces-c-src_2_7_0/Projects/Win32/BCB6/Xerces-all/SAX2Count/SAX2Count.cpp
xerces-c-src_2_7_0/Projects/Win32/BCB6/Xerces-all/SAX2Count/SAX2Count.bpr
xerces-c-src_2_7_0/Projects/Win32/BCB6/Xerces-all/DOMCount/
xerces-c-src_2_7_0/Projects/Win32/BCB6/Xerces-all/DOMCount/DOMCount.cpp
xerces-c-src_2_7_0/Projects/Win32/BCB6/Xerces-all/DOMCount/DOMCount.bpr
xerces-c-src_2_7_0/Projects/Win32/BCB6/Xerces-all/SAXPrint/
xerces-c-src_2_7_0/Projects/Win32/BCB6/Xerces-all/SAXPrint/SAXPrint.cpp
xerces-c-src_2_7_0/Projects/Win32/BCB6/Xerces-all/SAXPrint/SAXPrint.bpr
xerces-c-src_2_7_0/Projects/Win32/BCB6/Xerces-all/SAX2Print/
xerces-c-src_2_7_0/Projects/Win32/BCB6/Xerces-all/SAX2Print/SAX2Print.cpp
xerces-c-src_2_7_0/Projects/Win32/BCB6/Xerces-all/SAX2Print/SAX2Print.bpr
xerces-c-src_2_7_0/Projects/Win32/BCB6/Xerces-all/DOMPrint/
xerces-c-src_2_7_0/Projects/Win32/BCB6/Xerces-all/DOMPrint/DOMPrint.cpp
xerces-c-src_2_7_0/Projects/Win32/BCB6/Xerces-all/DOMPrint/DOMPrint.bpr
xerces-c-src_2_7_0/Projects/Win32/BCB6/Xerces-all/MakeBuildDirs.bat
xerces-c-src_2_7_0/Projects/Win32/BCB6/Xerces-all/Xerces-all.dsk
xerces-c-src_2_7_0/Projects/Win32/BCB6/Xerces-all/DontManagePaths.reg
xerces-c-src_2_7_0/Projects/Win32/BCB6/Xerces-all/Xerces-all.bpg
xerces-c-src_2_7_0/Projects/Win32/BCB6/Xerces-all/README.TXT
xerces-c-src_2_7_0/Projects/Win32/VC6/
xerces-c-src_2_7_0/Projects/Win32/VC6/xerces-all/
xerces-c-src_2_7_0/Projects/Win32/VC6/xerces-all/DOMTest/
xerces-c-src_2_7_0/Projects/Win32/VC6/xerces-all/DOMTest/DOMTest.dsp
xerces-c-src_2_7_0/Projects/Win32/VC6/xerces-all/DOMTest/DOMTest.mak
xerces-c-src_2_7_0/Projects/Win32/VC6/xerces-all/XercesLib/
xerces-c-src_2_7_0/Projects/Win32/VC6/xerces-all/XercesLib/XercesLib.dsp
xerces-c-src_2_7_0/Projects/Win32/VC6/xerces-all/XercesLib/XercesLib.mak
xerces-c-src_2_7_0/Projects/Win32/VC6/xerces-all/XercesLib/XercesDeprecatedDOMLib.dsp
xerces-c-src_2_7_0/Projects/Win32/VC6/xerces-all/XercesLib/XercesDeprecatedDOMLib.mak
xerces-c-src_2_7_0/Projects/Win32/VC6/xerces-all/DOMNormalizerTest/
xerces-c-src_2_7_0/Projects/Win32/VC6/xerces-all/DOMNormalizerTest/DOMNormalizerTest.dsp
xerces-c-src_2_7_0/Projects/Win32/VC6/xerces-all/DOMNormalizerTest/DOMNormalizerTest.mak
xerces-c-src_2_7_0/Projects/Win32/VC6/xerces-all/XSValueTest/
xerces-c-src_2_7_0/Projects/Win32/VC6/xerces-all/XSValueTest/XSValueTest.dsp
xerces-c-src_2_7_0/Projects/Win32/VC6/xerces-all/XSValueTest/XSValueTest.mak
xerces-c-src_2_7_0/Projects/Win32/VC6/xerces-all/SAX2Print/
xerces-c-src_2_7_0/Projects/Win32/VC6/xerces-all/SAX2Print/SAX2Print.dsp
xerces-c-src_2_7_0/Projects/Win32/VC6/xerces-all/SAX2Print/SAX2Print.mak
xerces-c-src_2_7_0/Projects/Win32/VC6/xerces-all/PParse/
xerces-c-src_2_7_0/Projects/Win32/VC6/xerces-all/PParse/PParse.dsp
xerces-c-src_2_7_0/Projects/Win32/VC6/xerces-all/PParse/PParse.mak
xerces-c-src_2_7_0/Projects/Win32/VC6/xerces-all/DOMPrint/
xerces-c-src_2_7_0/Projects/Win32/VC6/xerces-all/DOMPrint/DOMPrint.dsp
xerces-c-src_2_7_0/Projects/Win32/VC6/xerces-all/DOMPrint/DOMPrint.mak
xerces-c-src_2_7_0/Projects/Win32/VC6/xerces-all/DOMTypeInfoTest/
xerces-c-src_2_7_0/Projects/Win32/VC6/xerces-all/DOMTypeInfoTest/DOMTypeInfoTest.dsp
xerces-c-src_2_7_0/Projects/Win32/VC6/xerces-all/DOMTypeInfoTest/DOMTypeInfoTest.mak
xerces-c-src_2_7_0/Projects/Win32/VC6/xerces-all/Redirect/
xerces-c-src_2_7_0/Projects/Win32/VC6/xerces-all/Redirect/Redirect.dsp
xerces-c-src_2_7_0/Projects/Win32/VC6/xerces-all/Redirect/Redirect.mak
xerces-c-src_2_7_0/Projects/Win32/VC6/xerces-all/CreateDOMDocument/
xerces-c-src_2_7_0/Projects/Win32/VC6/xerces-all/CreateDOMDocument/CreateDOMDocument.dsp
xerces-c-src_2_7_0/Projects/Win32/VC6/xerces-all/CreateDOMDocument/CreateDOMDocument.mak
xerces-c-src_2_7_0/Projects/Win32/VC6/xerces-all/DOMTraversalTest/
xerces-c-src_2_7_0/Projects/Win32/VC6/xerces-all/DOMTraversalTest/DOMTraversalTest.dsp
xerces-c-src_2_7_0/Projects/Win32/VC6/xerces-all/DOMTraversalTest/DOMTraversalTest.mak
xerces-c-src_2_7_0/Projects/Win32/VC6/xerces-all/xerces-com/
xerces-c-src_2_7_0/Projects/Win32/VC6/xerces-all/xerces-com/xerces-com.dsp
xerces-c-src_2_7_0/Projects/Win32/VC6/xerces-all/xerces-com/xerces-com.mak
xerces-c-src_2_7_0/Projects/Win32/VC6/xerces-all/SAXPrint/
xerces-c-src_2_7_0/Projects/Win32/VC6/xerces-all/SAXPrint/SAXPrint.mak
xerces-c-src_2_7_0/Projects/Win32/VC6/xerces-all/SAXPrint/SAXPrint.dsp
xerces-c-src_2_7_0/Projects/Win32/VC6/xerces-all/MemParse/
xerces-c-src_2_7_0/Projects/Win32/VC6/xerces-all/MemParse/MemParse.mak
xerces-c-src_2_7_0/Projects/Win32/VC6/xerces-all/MemParse/MemParse.dsp
xerces-c-src_2_7_0/Projects/Win32/VC6/xerces-all/MemHandlerTest/
xerces-c-src_2_7_0/Projects/Win32/VC6/xerces-all/MemHandlerTest/MemHandlerTest.dsp
xerces-c-src_2_7_0/Projects/Win32/VC6/xerces-all/MemHandlerTest/MemHandlerTest.mak
xerces-c-src_2_7_0/Projects/Win32/VC6/xerces-all/PSVIWriter/
xerces-c-src_2_7_0/Projects/Win32/VC6/xerces-all/PSVIWriter/PSVIWriter.dsp
xerces-c-src_2_7_0/Projects/Win32/VC6/xerces-all/PSVIWriter/PSVIWriter.mak
xerces-c-src_2_7_0/Projects/Win32/VC6/xerces-all/SAX2Count/
xerces-c-src_2_7_0/Projects/Win32/VC6/xerces-all/SAX2Count/SAX2Count.dsp
xerces-c-src_2_7_0/Projects/Win32/VC6/xerces-all/SAX2Count/SAX2Count.mak
xerces-c-src_2_7_0/Projects/Win32/VC6/xerces-all/EncodingTest/
xerces-c-src_2_7_0/Projects/Win32/VC6/xerces-all/EncodingTest/EncodingTest.dsp
xerces-c-src_2_7_0/Projects/Win32/VC6/xerces-all/EncodingTest/EncodingTest.mak
xerces-c-src_2_7_0/Projects/Win32/VC6/xerces-all/DOMCount/
xerces-c-src_2_7_0/Projects/Win32/VC6/xerces-all/DOMCount/DOMCount.mak
xerces-c-src_2_7_0/Projects/Win32/VC6/xerces-all/DOMCount/DOMCount.dsp
xerces-c-src_2_7_0/Projects/Win32/VC6/xerces-all/SEnumVal/
xerces-c-src_2_7_0/Projects/Win32/VC6/xerces-all/SEnumVal/SEnumVal.dsp
xerces-c-src_2_7_0/Projects/Win32/VC6/xerces-all/SEnumVal/SEnumVal.mak
xerces-c-src_2_7_0/Projects/Win32/VC6/xerces-all/InitTermTest/
xerces-c-src_2_7_0/Projects/Win32/VC6/xerces-all/InitTermTest/InitTermTest.dsp
xerces-c-src_2_7_0/Projects/Win32/VC6/xerces-all/InitTermTest/InitTermTest.mak
xerces-c-src_2_7_0/Projects/Win32/VC6/xerces-all/RangeTest/
xerces-c-src_2_7_0/Projects/Win32/VC6/xerces-all/RangeTest/RangeTest.dsp
xerces-c-src_2_7_0/Projects/Win32/VC6/xerces-all/RangeTest/RangeTest.mak
xerces-c-src_2_7_0/Projects/Win32/VC6/xerces-all/EnumVal/
xerces-c-src_2_7_0/Projects/Win32/VC6/xerces-all/EnumVal/EnumVal.dsp
xerces-c-src_2_7_0/Projects/Win32/VC6/xerces-all/EnumVal/EnumVal.mak
xerces-c-src_2_7_0/Projects/Win32/VC6/xerces-all/SCMPrint/
xerces-c-src_2_7_0/Projects/Win32/VC6/xerces-all/SCMPrint/SCMPrint.dsp
xerces-c-src_2_7_0/Projects/Win32/VC6/xerces-all/SCMPrint/SCMPrint.mak
xerces-c-src_2_7_0/Projects/Win32/VC6/xerces-all/XSerializerTest/
xerces-c-src_2_7_0/Projects/Win32/VC6/xerces-all/XSerializerTest/XSerializerTest.dsp
xerces-c-src_2_7_0/Projects/Win32/VC6/xerces-all/XSerializerTest/XSerializerTest.mak
xerces-c-src_2_7_0/Projects/Win32/VC6/xerces-all/SAXCount/
xerces-c-src_2_7_0/Projects/Win32/VC6/xerces-all/SAXCount/SAXCount.dsp
xerces-c-src_2_7_0/Projects/Win32/VC6/xerces-all/SAXCount/SAXCount.mak
xerces-c-src_2_7_0/Projects/Win32/VC6/xerces-all/ThreadTest/
xerces-c-src_2_7_0/Projects/Win32/VC6/xerces-all/ThreadTest/ThreadTest.dsp
xerces-c-src_2_7_0/Projects/Win32/VC6/xerces-all/ThreadTest/ThreadTest.mak
xerces-c-src_2_7_0/Projects/Win32/VC6/xerces-all/all/
xerces-c-src_2_7_0/Projects/Win32/VC6/xerces-all/all/all.mak
xerces-c-src_2_7_0/Projects/Win32/VC6/xerces-all/all/all.dsp
xerces-c-src_2_7_0/Projects/Win32/VC6/xerces-all/DeprecatedDOMCount/
xerces-c-src_2_7_0/Projects/Win32/VC6/xerces-all/DeprecatedDOMCount/DeprecatedDOMCount.mak
xerces-c-src_2_7_0/Projects/Win32/VC6/xerces-all/DeprecatedDOMCount/DeprecatedDOMCount.dsp
xerces-c-src_2_7_0/Projects/Win32/VC6/xerces-all/StdInParse/
xerces-c-src_2_7_0/Projects/Win32/VC6/xerces-all/StdInParse/StdInParse.dsp
xerces-c-src_2_7_0/Projects/Win32/VC6/xerces-all/StdInParse/StdInParse.mak
xerces-c-src_2_7_0/Projects/Win32/VC6/xerces-all/DOMMemTest/
xerces-c-src_2_7_0/Projects/Win32/VC6/xerces-all/DOMMemTest/DOMMemTest.dsp
xerces-c-src_2_7_0/Projects/Win32/VC6/xerces-all/DOMMemTest/DOMMemTest.mak
xerces-c-src_2_7_0/Projects/Win32/VC6/xerces-all/xerces-all.dsw
xerces-c-src_2_7_0/Projects/Win32/VC7.1/
xerces-c-src_2_7_0/Projects/Win32/VC7.1/xerces-all/
xerces-c-src_2_7_0/Projects/Win32/VC7.1/xerces-all/DOMTest/
xerces-c-src_2_7_0/Projects/Win32/VC7.1/xerces-all/DOMTest/DOMTest.vcproj
xerces-c-src_2_7_0/Projects/Win32/VC7.1/xerces-all/XercesLib/
xerces-c-src_2_7_0/Projects/Win32/VC7.1/xerces-all/XercesLib/XercesLib.vcproj
xerces-c-src_2_7_0/Projects/Win32/VC7.1/xerces-all/XercesLib/XercesDeprecatedDOMLib.vcproj
xerces-c-src_2_7_0/Projects/Win32/VC7.1/xerces-all/DOMNormalizerTest/
xerces-c-src_2_7_0/Projects/Win32/VC7.1/xerces-all/DOMNormalizerTest/DOMNormalizerTest.vcproj
xerces-c-src_2_7_0/Projects/Win32/VC7.1/xerces-all/XSValueTest/
xerces-c-src_2_7_0/Projects/Win32/VC7.1/xerces-all/XSValueTest/XSValueTest.vcproj
xerces-c-src_2_7_0/Projects/Win32/VC7.1/xerces-all/SAX2Print/
xerces-c-src_2_7_0/Projects/Win32/VC7.1/xerces-all/SAX2Print/SAX2Print.vcproj
xerces-c-src_2_7_0/Projects/Win32/VC7.1/xerces-all/PParse/
xerces-c-src_2_7_0/Projects/Win32/VC7.1/xerces-all/PParse/PParse.vcproj
xerces-c-src_2_7_0/Projects/Win32/VC7.1/xerces-all/DOMPrint/
xerces-c-src_2_7_0/Projects/Win32/VC7.1/xerces-all/DOMPrint/DOMPrint.vcproj
xerces-c-src_2_7_0/Projects/Win32/VC7.1/xerces-all/DOMTypeInfoTest/
xerces-c-src_2_7_0/Projects/Win32/VC7.1/xerces-all/DOMTypeInfoTest/DOMTypeInfoTest.vcproj
xerces-c-src_2_7_0/Projects/Win32/VC7.1/xerces-all/Redirect/
xerces-c-src_2_7_0/Projects/Win32/VC7.1/xerces-all/Redirect/Redirect.vcproj
xerces-c-src_2_7_0/Projects/Win32/VC7.1/xerces-all/CreateDOMDocument/
xerces-c-src_2_7_0/Projects/Win32/VC7.1/xerces-all/CreateDOMDocument/CreateDOMDocument.vcproj
xerces-c-src_2_7_0/Projects/Win32/VC7.1/xerces-all/DOMTraversalTest/
xerces-c-src_2_7_0/Projects/Win32/VC7.1/xerces-all/DOMTraversalTest/DOMTraversalTest.vcproj
xerces-c-src_2_7_0/Projects/Win32/VC7.1/xerces-all/xerces-com/
xerces-c-src_2_7_0/Projects/Win32/VC7.1/xerces-all/xerces-com/xerces-com.vcproj
xerces-c-src_2_7_0/Projects/Win32/VC7.1/xerces-all/SAXPrint/
xerces-c-src_2_7_0/Projects/Win32/VC7.1/xerces-all/SAXPrint/SAXPrint.vcproj
xerces-c-src_2_7_0/Projects/Win32/VC7.1/xerces-all/MemParse/
xerces-c-src_2_7_0/Projects/Win32/VC7.1/xerces-all/MemParse/MemParse.vcproj
xerces-c-src_2_7_0/Projects/Win32/VC7.1/xerces-all/MemHandlerTest/
xerces-c-src_2_7_0/Projects/Win32/VC7.1/xerces-all/MemHandlerTest/MemHandlerTest.vcproj
xerces-c-src_2_7_0/Projects/Win32/VC7.1/xerces-all/PSVIWriter/
xerces-c-src_2_7_0/Projects/Win32/VC7.1/xerces-all/PSVIWriter/PSVIWriter.vcproj
xerces-c-src_2_7_0/Projects/Win32/VC7.1/xerces-all/SAX2Count/
xerces-c-src_2_7_0/Projects/Win32/VC7.1/xerces-all/SAX2Count/SAX2Count.vcproj
xerces-c-src_2_7_0/Projects/Win32/VC7.1/xerces-all/EncodingTest/
xerces-c-src_2_7_0/Projects/Win32/VC7.1/xerces-all/EncodingTest/EncodingTest.vcproj
xerces-c-src_2_7_0/Projects/Win32/VC7.1/xerces-all/DOMCount/
xerces-c-src_2_7_0/Projects/Win32/VC7.1/xerces-all/DOMCount/DOMCount.vcproj
xerces-c-src_2_7_0/Projects/Win32/VC7.1/xerces-all/SEnumVal/
xerces-c-src_2_7_0/Projects/Win32/VC7.1/xerces-all/SEnumVal/SEnumVal.vcproj
xerces-c-src_2_7_0/Projects/Win32/VC7.1/xerces-all/InitTermTest/
xerces-c-src_2_7_0/Projects/Win32/VC7.1/xerces-all/InitTermTest/InitTermTest.vcproj
xerces-c-src_2_7_0/Projects/Win32/VC7.1/xerces-all/RangeTest/
xerces-c-src_2_7_0/Projects/Win32/VC7.1/xerces-all/RangeTest/RangeTest.vcproj
xerces-c-src_2_7_0/Projects/Win32/VC7.1/xerces-all/EnumVal/
xerces-c-src_2_7_0/Projects/Win32/VC7.1/xerces-all/EnumVal/EnumVal.vcproj
xerces-c-src_2_7_0/Projects/Win32/VC7.1/xerces-all/SCMPrint/
xerces-c-src_2_7_0/Projects/Win32/VC7.1/xerces-all/SCMPrint/SCMPrint.vcproj
xerces-c-src_2_7_0/Projects/Win32/VC7.1/xerces-all/XSerializerTest/
xerces-c-src_2_7_0/Projects/Win32/VC7.1/xerces-all/XSerializerTest/XSerializerTest.vcproj
xerces-c-src_2_7_0/Projects/Win32/VC7.1/xerces-all/SAXCount/
xerces-c-src_2_7_0/Projects/Win32/VC7.1/xerces-all/SAXCount/SAXCount.vcproj
xerces-c-src_2_7_0/Projects/Win32/VC7.1/xerces-all/ThreadTest/
xerces-c-src_2_7_0/Projects/Win32/VC7.1/xerces-all/ThreadTest/ThreadTest.vcproj
xerces-c-src_2_7_0/Projects/Win32/VC7.1/xerces-all/all/
xerces-c-src_2_7_0/Projects/Win32/VC7.1/xerces-all/all/all.vcproj
xerces-c-src_2_7_0/Projects/Win32/VC7.1/xerces-all/DeprecatedDOMCount/
xerces-c-src_2_7_0/Projects/Win32/VC7.1/xerces-all/DeprecatedDOMCount/DeprecatedDOMCount.vcproj
xerces-c-src_2_7_0/Projects/Win32/VC7.1/xerces-all/StdInParse/
xerces-c-src_2_7_0/Projects/Win32/VC7.1/xerces-all/StdInParse/StdInParse.vcproj
xerces-c-src_2_7_0/Projects/Win32/VC7.1/xerces-all/DOMMemTest/
xerces-c-src_2_7_0/Projects/Win32/VC7.1/xerces-all/DOMMemTest/DOMMemTest.vcproj
xerces-c-src_2_7_0/Projects/Win32/VC7.1/xerces-all/xerces-all.sln
xerces-c-src_2_7_0/tools/
xerces-c-src_2_7_0/tools/jars/
xerces-c-src_2_7_0/tools/jars/stylebook-1.0-b2.jar
xerces-c-src_2_7_0/tools/jars/xerces.jar
xerces-c-src_2_7_0/tools/jars/xalan.jar
xerces-c-src_2_7_0/tools/IANACharset/
xerces-c-src_2_7_0/tools/IANACharset/IANACharsetList.xml
xerces-c-src_2_7_0/tools/IANACharset/IANACharset.cpp
xerces-c-src_2_7_0/tools/IANACharset/charset.dtd
xerces-c-src_2_7_0/tools/IANACharset/IANACharset_ErrHandler.hpp
xerces-c-src_2_7_0/tools/ICUData/
xerces-c-src_2_7_0/tools/ICUData/ICUData.cpp
xerces-c-src_2_7_0/tools/NLS/
xerces-c-src_2_7_0/tools/NLS/Xlat/
xerces-c-src_2_7_0/tools/NLS/Xlat/Xlat_MsgCatalog.hpp
xerces-c-src_2_7_0/tools/NLS/Xlat/Xlat_Win32RC.cpp
xerces-c-src_2_7_0/tools/NLS/Xlat/Xlat_ICUResourceBundle.hpp
xerces-c-src_2_7_0/tools/NLS/Xlat/Xlat_Formatter.hpp
xerces-c-src_2_7_0/tools/NLS/Xlat/Xlat_Types.hpp
xerces-c-src_2_7_0/tools/NLS/Xlat/Xlat_CppSrc.cpp
xerces-c-src_2_7_0/tools/NLS/Xlat/Xlat_ErrHandler.hpp
xerces-c-src_2_7_0/tools/NLS/Xlat/Xlat_Win32RC.hpp
xerces-c-src_2_7_0/tools/NLS/Xlat/Xlat_CppSrc.hpp
xerces-c-src_2_7_0/tools/NLS/Xlat/Xlat.cpp
xerces-c-src_2_7_0/tools/NLS/Xlat/Xlat_MsgCatalog.cpp
xerces-c-src_2_7_0/tools/NLS/Xlat/Makefile
xerces-c-src_2_7_0/tools/NLS/Xlat/Xlat.hpp
xerces-c-src_2_7_0/tools/NLS/Xlat/Xlat_ICUResourceBundle.cpp
xerces-c-src_2_7_0/tools/NLS/README
xerces-c-src_2_7_0/tests/
xerces-c-src_2_7_0/tests/DOM/
xerces-c-src_2_7_0/tests/DOM/DOMTest/
xerces-c-src_2_7_0/tests/DOM/DOMTest/Makefile.in
xerces-c-src_2_7_0/tests/DOM/DOMTest/DTest.cpp
xerces-c-src_2_7_0/tests/DOM/DOMTest/DTest.h
xerces-c-src_2_7_0/tests/DOM/Normalizer/
xerces-c-src_2_7_0/tests/DOM/Normalizer/expectedOutput
xerces-c-src_2_7_0/tests/DOM/Normalizer/Makefile.in
xerces-c-src_2_7_0/tests/DOM/Normalizer/Normalizer.cpp
xerces-c-src_2_7_0/tests/DOM/Normalizer/Normalizer.hpp
xerces-c-src_2_7_0/tests/DOM/Traversal/
xerces-c-src_2_7_0/tests/DOM/Traversal/Traversal.cpp
xerces-c-src_2_7_0/tests/DOM/Traversal/Makefile.in
xerces-c-src_2_7_0/tests/DOM/DeprecatedDOMCount/
xerces-c-src_2_7_0/tests/DOM/DeprecatedDOMCount/DeprecatedDOMCount.hpp
xerces-c-src_2_7_0/tests/DOM/DeprecatedDOMCount/Makefile.in
xerces-c-src_2_7_0/tests/DOM/DeprecatedDOMCount/DeprecatedDOMCount.cpp
xerces-c-src_2_7_0/tests/DOM/RangeTest/
xerces-c-src_2_7_0/tests/DOM/RangeTest/RangeTest.cpp
xerces-c-src_2_7_0/tests/DOM/RangeTest/Makefile.in
xerces-c-src_2_7_0/tests/DOM/TypeInfo/
xerces-c-src_2_7_0/tests/DOM/TypeInfo/data/
xerces-c-src_2_7_0/tests/DOM/TypeInfo/data/TypeInfoNoDTD.xsd
xerces-c-src_2_7_0/tests/DOM/TypeInfo/data/combined.xml
xerces-c-src_2_7_0/tests/DOM/TypeInfo/data/TypeInfoNoDTD.xml
xerces-c-src_2_7_0/tests/DOM/TypeInfo/data/TypeInfo.dtd
xerces-c-src_2_7_0/tests/DOM/TypeInfo/data/SecondSchema.xsd
xerces-c-src_2_7_0/tests/DOM/TypeInfo/data/TypeInfo.xsd
xerces-c-src_2_7_0/tests/DOM/TypeInfo/data/combined.dtd
xerces-c-src_2_7_0/tests/DOM/TypeInfo/data/TypeInfo.xml
xerces-c-src_2_7_0/tests/DOM/TypeInfo/data/combined.xsd
xerces-c-src_2_7_0/tests/DOM/TypeInfo/data/TypeInfoJustDTD.xml
xerces-c-src_2_7_0/tests/DOM/TypeInfo/TypeInfo.hpp
xerces-c-src_2_7_0/tests/DOM/TypeInfo/Makefile.in
xerces-c-src_2_7_0/tests/DOM/TypeInfo/TypeInfo.cpp
xerces-c-src_2_7_0/tests/DOM/DOMMemTest/
xerces-c-src_2_7_0/tests/DOM/DOMMemTest/DOMMemTest.cpp
xerces-c-src_2_7_0/tests/DOM/DOMMemTest/Makefile.in
xerces-c-src_2_7_0/tests/EncodingTest/
xerces-c-src_2_7_0/tests/EncodingTest/Makefile.in
xerces-c-src_2_7_0/tests/EncodingTest/EncodingTest.cpp
xerces-c-src_2_7_0/tests/XSValueTest/
xerces-c-src_2_7_0/tests/XSValueTest/XSValueTest.cpp
xerces-c-src_2_7_0/tests/XSValueTest/Makefile.in
xerces-c-src_2_7_0/tests/XSValueTest/XSValueTest.hpp
xerces-c-src_2_7_0/tests/InitTermTest/
xerces-c-src_2_7_0/tests/InitTermTest/InitTermTest.hpp
xerces-c-src_2_7_0/tests/InitTermTest/Makefile.in
xerces-c-src_2_7_0/tests/InitTermTest/InitTermTest.cpp
xerces-c-src_2_7_0/tests/ParserTest/
xerces-c-src_2_7_0/tests/ParserTest/ParserTest.hpp
xerces-c-src_2_7_0/tests/ParserTest/ParserTest.cpp
xerces-c-src_2_7_0/tests/ParserTest/ParserTest_Parser.cpp
xerces-c-src_2_7_0/tests/ParserTest/ParserTest_Parser.hpp
xerces-c-src_2_7_0/tests/UtilTests/
xerces-c-src_2_7_0/tests/UtilTests/CoreTestsMain.cpp
xerces-c-src_2_7_0/tests/UtilTests/CoreTests.hpp
xerces-c-src_2_7_0/tests/UtilTests/CoreTests_Transcoders.cpp
xerces-c-src_2_7_0/tests/UtilTests/CoreTests_String.cpp
xerces-c-src_2_7_0/tests/UtilTests/CoreTests_CountedPointer.cpp
xerces-c-src_2_7_0/tests/UtilTests/CoreTests_RefHashTable.cpp
xerces-c-src_2_7_0/tests/UtilTests/CoreTests_BitSet.cpp
xerces-c-src_2_7_0/tests/UtilTests/CoreTests_RefArray.cpp
xerces-c-src_2_7_0/tests/UtilTests/CoreTests_ValueArray.cpp
xerces-c-src_2_7_0/tests/UtilTests/CoreTests_RefVector.cpp
xerces-c-src_2_7_0/tests/UtilTests/CoreTests_ValueVector.cpp
xerces-c-src_2_7_0/tests/UtilTests/CoreTests_RefStack.cpp
xerces-c-src_2_7_0/tests/UtilTests/CoreTests_URL.cpp
xerces-c-src_2_7_0/tests/UtilTests/CoreTests_ValueStack.cpp
xerces-c-src_2_7_0/tests/XSerializerTest/
xerces-c-src_2_7_0/tests/XSerializerTest/Makefile.in
xerces-c-src_2_7_0/tests/XSerializerTest/XSerializerHandlers.cpp
xerces-c-src_2_7_0/tests/XSerializerTest/XSerializerTest.cpp
xerces-c-src_2_7_0/tests/XSerializerTest/XSerializerHandlers.hpp
xerces-c-src_2_7_0/tests/XSerializerTest/XSerializerTest.hpp
xerces-c-src_2_7_0/tests/ThreadTest/
xerces-c-src_2_7_0/tests/ThreadTest/ThreadTest.cpp
xerces-c-src_2_7_0/tests/ThreadTest/Makefile.in
xerces-c-src_2_7_0/tests/MemHandlerTest/
xerces-c-src_2_7_0/tests/MemHandlerTest/MemoryMonitor.cpp
xerces-c-src_2_7_0/tests/MemHandlerTest/Makefile.in
xerces-c-src_2_7_0/tests/MemHandlerTest/SimpleHashPtr.cpp
xerces-c-src_2_7_0/tests/MemHandlerTest/MemoryMonitor.hpp
xerces-c-src_2_7_0/tests/MemHandlerTest/SimpleHashPtr.hpp
xerces-c-src_2_7_0/tests/MemHandlerTest/SimpleValueHashTableOf.c
xerces-c-src_2_7_0/tests/MemHandlerTest/SimpleValueHashTableOf.hpp
xerces-c-src_2_7_0/tests/COMTest/
xerces-c-src_2_7_0/tests/COMTest/corner_continue.gif
xerces-c-src_2_7_0/tests/COMTest/sample.xml
xerces-c-src_2_7_0/tests/COMTest/description.txt
xerces-c-src_2_7_0/tests/COMTest/generate.htm
xerces-c-src_2_7_0/tests/COMTest/XMLTreeViewer.htm
xerces-c-src_2_7_0/tests/COMTest/blank.gif
xerces-c-src_2_7_0/tests/COMTest/corner.gif
xerces-c-src_2_7_0/tests/COMTest/display.htm
xerces-c-src_2_7_0/tests/COMTest/vertical.gif
xerces-c-src_2_7_0/tests/configure.in
xerces-c-src_2_7_0/tests/configure
xerces-c-src_2_7_0/tests/Makefile.in
xerces-c-src_2_7_0/tests/config.guess
xerces-c-src_2_7_0/tests/config.sub
xerces-c-src_2_7_0/tests/config.h.in
xerces-c-src_2_7_0/tests/Makefile.incl
xerces-c-src_2_7_0/tests/runConfigure
xerces-c-src_2_7_0/tests/install-sh
xerces-c-src_2_7_0/samples/
xerces-c-src_2_7_0/samples/SAX2Count/
xerces-c-src_2_7_0/samples/SAX2Count/SAX2Count.cpp
xerces-c-src_2_7_0/samples/SAX2Count/Makefile.in
xerces-c-src_2_7_0/samples/SAX2Count/SAX2CountHandlers.cpp
xerces-c-src_2_7_0/samples/SAX2Count/SAX2Count.hpp
xerces-c-src_2_7_0/samples/SAX2Count/SAX2CountHandlers.hpp
xerces-c-src_2_7_0/samples/DOMCount/
xerces-c-src_2_7_0/samples/DOMCount/DOMCount.cpp
xerces-c-src_2_7_0/samples/DOMCount/Makefile.in
xerces-c-src_2_7_0/samples/DOMCount/DOMCount.hpp
xerces-c-src_2_7_0/samples/Projects/
xerces-c-src_2_7_0/samples/Projects/Win32/
xerces-c-src_2_7_0/samples/Projects/Win32/VC7/
xerces-c-src_2_7_0/samples/Projects/Win32/VC7/SAX2Count/
xerces-c-src_2_7_0/samples/Projects/Win32/VC7/SAX2Count/SAX2Count.vcproj
xerces-c-src_2_7_0/samples/Projects/Win32/VC7/DOMCount/
xerces-c-src_2_7_0/samples/Projects/Win32/VC7/DOMCount/DOMCount.vcproj
xerces-c-src_2_7_0/samples/Projects/Win32/VC7/SEnumVal/
xerces-c-src_2_7_0/samples/Projects/Win32/VC7/SEnumVal/SEnumVal.vcproj
xerces-c-src_2_7_0/samples/Projects/Win32/VC7/SAX2Print/
xerces-c-src_2_7_0/samples/Projects/Win32/VC7/SAX2Print/SAX2Print.vcproj
xerces-c-src_2_7_0/samples/Projects/Win32/VC7/PParse/
xerces-c-src_2_7_0/samples/Projects/Win32/VC7/PParse/PParse.vcproj
xerces-c-src_2_7_0/samples/Projects/Win32/VC7/DOMPrint/
xerces-c-src_2_7_0/samples/Projects/Win32/VC7/DOMPrint/DOMPrint.vcproj
xerces-c-src_2_7_0/samples/Projects/Win32/VC7/SCMPrint/
xerces-c-src_2_7_0/samples/Projects/Win32/VC7/SCMPrint/scmprint.vcproj
xerces-c-src_2_7_0/samples/Projects/Win32/VC7/Redirect/
xerces-c-src_2_7_0/samples/Projects/Win32/VC7/Redirect/Redirect.vcproj
xerces-c-src_2_7_0/samples/Projects/Win32/VC7/CreateDOMDocument/
xerces-c-src_2_7_0/samples/Projects/Win32/VC7/CreateDOMDocument/CreateDOMDocument.vcproj
xerces-c-src_2_7_0/samples/Projects/Win32/VC7/SAXCount/
xerces-c-src_2_7_0/samples/Projects/Win32/VC7/SAXCount/SAXCount.vcproj
xerces-c-src_2_7_0/samples/Projects/Win32/VC7/EnumVal/
xerces-c-src_2_7_0/samples/Projects/Win32/VC7/EnumVal/EnumVal.vcproj
xerces-c-src_2_7_0/samples/Projects/Win32/VC7/SAXPrint/
xerces-c-src_2_7_0/samples/Projects/Win32/VC7/SAXPrint/SAXPrint.vcproj
xerces-c-src_2_7_0/samples/Projects/Win32/VC7/MemParse/
xerces-c-src_2_7_0/samples/Projects/Win32/VC7/MemParse/MemParse.vcproj
xerces-c-src_2_7_0/samples/Projects/Win32/VC7/StdInParse/
xerces-c-src_2_7_0/samples/Projects/Win32/VC7/StdInParse/StdInParse.vcproj
xerces-c-src_2_7_0/samples/Projects/Win32/VC7/PSVIWriter/
xerces-c-src_2_7_0/samples/Projects/Win32/VC7/PSVIWriter/PSVIWriter.vcproj
xerces-c-src_2_7_0/samples/Projects/Win32/VC7/samples.sln
xerces-c-src_2_7_0/samples/Projects/Win32/VC6/
xerces-c-src_2_7_0/samples/Projects/Win32/VC6/SAX2Count/
xerces-c-src_2_7_0/samples/Projects/Win32/VC6/SAX2Count/SAX2Count.dsp
xerces-c-src_2_7_0/samples/Projects/Win32/VC6/SAX2Count/SAX2Count.mak
xerces-c-src_2_7_0/samples/Projects/Win32/VC6/DOMCount/
xerces-c-src_2_7_0/samples/Projects/Win32/VC6/DOMCount/DOMCount.mak
xerces-c-src_2_7_0/samples/Projects/Win32/VC6/DOMCount/DOMCount.dsp
xerces-c-src_2_7_0/samples/Projects/Win32/VC6/SEnumVal/
xerces-c-src_2_7_0/samples/Projects/Win32/VC6/SEnumVal/SEnumVal.dsp
xerces-c-src_2_7_0/samples/Projects/Win32/VC6/SEnumVal/SEnumVal.mak
xerces-c-src_2_7_0/samples/Projects/Win32/VC6/SAX2Print/
xerces-c-src_2_7_0/samples/Projects/Win32/VC6/SAX2Print/SAX2Print.dsp
xerces-c-src_2_7_0/samples/Projects/Win32/VC6/SAX2Print/SAX2Print.mak
xerces-c-src_2_7_0/samples/Projects/Win32/VC6/PParse/
xerces-c-src_2_7_0/samples/Projects/Win32/VC6/PParse/PParse.dsp
xerces-c-src_2_7_0/samples/Projects/Win32/VC6/PParse/PParse.mak
xerces-c-src_2_7_0/samples/Projects/Win32/VC6/DOMPrint/
xerces-c-src_2_7_0/samples/Projects/Win32/VC6/DOMPrint/DOMPrint.dsp
xerces-c-src_2_7_0/samples/Projects/Win32/VC6/DOMPrint/DOMPrint.mak
xerces-c-src_2_7_0/samples/Projects/Win32/VC6/SCMPrint/
xerces-c-src_2_7_0/samples/Projects/Win32/VC6/SCMPrint/SCMPrint.dsp
xerces-c-src_2_7_0/samples/Projects/Win32/VC6/SCMPrint/SCMPrint.mak
xerces-c-src_2_7_0/samples/Projects/Win32/VC6/Redirect/
xerces-c-src_2_7_0/samples/Projects/Win32/VC6/Redirect/Redirect.dsp
xerces-c-src_2_7_0/samples/Projects/Win32/VC6/Redirect/Redirect.mak
xerces-c-src_2_7_0/samples/Projects/Win32/VC6/CreateDOMDocument/
xerces-c-src_2_7_0/samples/Projects/Win32/VC6/CreateDOMDocument/CreateDOMDocument.dsp
xerces-c-src_2_7_0/samples/Projects/Win32/VC6/CreateDOMDocument/CreateDOMDocument.mak
xerces-c-src_2_7_0/samples/Projects/Win32/VC6/SAXCount/
xerces-c-src_2_7_0/samples/Projects/Win32/VC6/SAXCount/SAXCount.dsp
xerces-c-src_2_7_0/samples/Projects/Win32/VC6/SAXCount/SAXCount.mak
xerces-c-src_2_7_0/samples/Projects/Win32/VC6/EnumVal/
xerces-c-src_2_7_0/samples/Projects/Win32/VC6/EnumVal/EnumVal.dsp
xerces-c-src_2_7_0/samples/Projects/Win32/VC6/EnumVal/EnumVal.mak
xerces-c-src_2_7_0/samples/Projects/Win32/VC6/SAXPrint/
xerces-c-src_2_7_0/samples/Projects/Win32/VC6/SAXPrint/SAXPrint.mak
xerces-c-src_2_7_0/samples/Projects/Win32/VC6/SAXPrint/SAXPrint.dsp
xerces-c-src_2_7_0/samples/Projects/Win32/VC6/MemParse/
xerces-c-src_2_7_0/samples/Projects/Win32/VC6/MemParse/MemParse.mak
xerces-c-src_2_7_0/samples/Projects/Win32/VC6/MemParse/MemParse.dsp
xerces-c-src_2_7_0/samples/Projects/Win32/VC6/StdInParse/
xerces-c-src_2_7_0/samples/Projects/Win32/VC6/StdInParse/StdInParse.dsp
xerces-c-src_2_7_0/samples/Projects/Win32/VC6/StdInParse/StdInParse.mak
xerces-c-src_2_7_0/samples/Projects/Win32/VC6/PSVIWriter/
xerces-c-src_2_7_0/samples/Projects/Win32/VC6/PSVIWriter/PSVIWriter.dsp
xerces-c-src_2_7_0/samples/Projects/Win32/VC6/PSVIWriter/PSVIWriter.mak
xerces-c-src_2_7_0/samples/Projects/Win32/VC6/samples.dsw
xerces-c-src_2_7_0/samples/Projects/Win32/VC7.1/
xerces-c-src_2_7_0/samples/Projects/Win32/VC7.1/SAX2Count/
xerces-c-src_2_7_0/samples/Projects/Win32/VC7.1/SAX2Count/SAX2Count.vcproj
xerces-c-src_2_7_0/samples/Projects/Win32/VC7.1/DOMCount/
xerces-c-src_2_7_0/samples/Projects/Win32/VC7.1/DOMCount/DOMCount.vcproj
xerces-c-src_2_7_0/samples/Projects/Win32/VC7.1/SEnumVal/
xerces-c-src_2_7_0/samples/Projects/Win32/VC7.1/SEnumVal/SEnumVal.vcproj
xerces-c-src_2_7_0/samples/Projects/Win32/VC7.1/SAX2Print/
xerces-c-src_2_7_0/samples/Projects/Win32/VC7.1/SAX2Print/SAX2Print.vcproj
xerces-c-src_2_7_0/samples/Projects/Win32/VC7.1/PParse/
xerces-c-src_2_7_0/samples/Projects/Win32/VC7.1/PParse/PParse.vcproj
xerces-c-src_2_7_0/samples/Projects/Win32/VC7.1/DOMPrint/
xerces-c-src_2_7_0/samples/Projects/Win32/VC7.1/DOMPrint/DOMPrint.vcproj
xerces-c-src_2_7_0/samples/Projects/Win32/VC7.1/SCMPrint/
xerces-c-src_2_7_0/samples/Projects/Win32/VC7.1/SCMPrint/scmprint.vcproj
xerces-c-src_2_7_0/samples/Projects/Win32/VC7.1/Redirect/
xerces-c-src_2_7_0/samples/Projects/Win32/VC7.1/Redirect/Redirect.vcproj
xerces-c-src_2_7_0/samples/Projects/Win32/VC7.1/CreateDOMDocument/
xerces-c-src_2_7_0/samples/Projects/Win32/VC7.1/CreateDOMDocument/CreateDOMDocument.vcproj
xerces-c-src_2_7_0/samples/Projects/Win32/VC7.1/SAXCount/
xerces-c-src_2_7_0/samples/Projects/Win32/VC7.1/SAXCount/SAXCount.vcproj
xerces-c-src_2_7_0/samples/Projects/Win32/VC7.1/EnumVal/
xerces-c-src_2_7_0/samples/Projects/Win32/VC7.1/EnumVal/EnumVal.vcproj
xerces-c-src_2_7_0/samples/Projects/Win32/VC7.1/SAXPrint/
xerces-c-src_2_7_0/samples/Projects/Win32/VC7.1/SAXPrint/SAXPrint.vcproj
xerces-c-src_2_7_0/samples/Projects/Win32/VC7.1/MemParse/
xerces-c-src_2_7_0/samples/Projects/Win32/VC7.1/MemParse/MemParse.vcproj
xerces-c-src_2_7_0/samples/Projects/Win32/VC7.1/StdInParse/
xerces-c-src_2_7_0/samples/Projects/Win32/VC7.1/StdInParse/StdInParse.vcproj
xerces-c-src_2_7_0/samples/Projects/Win32/VC7.1/PSVIWriter/
xerces-c-src_2_7_0/samples/Projects/Win32/VC7.1/PSVIWriter/PSVIWriter.vcproj
xerces-c-src_2_7_0/samples/Projects/Win32/VC7.1/samples.sln
xerces-c-src_2_7_0/samples/SAX2Print/
xerces-c-src_2_7_0/samples/SAX2Print/SAX2Print.hpp
xerces-c-src_2_7_0/samples/SAX2Print/Makefile.in
xerces-c-src_2_7_0/samples/SAX2Print/SAX2PrintHandlers.hpp
xerces-c-src_2_7_0/samples/SAX2Print/SAX2Print.cpp
xerces-c-src_2_7_0/samples/SAX2Print/SAX2FilterHandlers.cpp
xerces-c-src_2_7_0/samples/SAX2Print/SAX2FilterHandlers.hpp
xerces-c-src_2_7_0/samples/SAX2Print/SAX2PrintHandlers.cpp
xerces-c-src_2_7_0/samples/PParse/
xerces-c-src_2_7_0/samples/PParse/PParse.hpp
xerces-c-src_2_7_0/samples/PParse/Makefile.in
xerces-c-src_2_7_0/samples/PParse/PParseHandlers.hpp
xerces-c-src_2_7_0/samples/PParse/PParse.cpp
xerces-c-src_2_7_0/samples/PParse/PParseHandlers.cpp
xerces-c-src_2_7_0/samples/SEnumVal/
xerces-c-src_2_7_0/samples/SEnumVal/SEnumVal.cpp
xerces-c-src_2_7_0/samples/SEnumVal/Makefile.in
xerces-c-src_2_7_0/samples/DOMPrint/
xerces-c-src_2_7_0/samples/DOMPrint/DOMTreeErrorReporter.hpp
xerces-c-src_2_7_0/samples/DOMPrint/Makefile.in
xerces-c-src_2_7_0/samples/DOMPrint/DOMPrintFilter.cpp
xerces-c-src_2_7_0/samples/DOMPrint/DOMPrintErrorHandler.cpp
xerces-c-src_2_7_0/samples/DOMPrint/DOMPrintFilter.hpp
xerces-c-src_2_7_0/samples/DOMPrint/DOMPrintErrorHandler.hpp
xerces-c-src_2_7_0/samples/DOMPrint/DOMPrint.cpp
xerces-c-src_2_7_0/samples/DOMPrint/DOMTreeErrorReporter.cpp
xerces-c-src_2_7_0/samples/SCMPrint/
xerces-c-src_2_7_0/samples/SCMPrint/SCMPrint.cpp
xerces-c-src_2_7_0/samples/SCMPrint/Makefile.in
xerces-c-src_2_7_0/samples/Redirect/
xerces-c-src_2_7_0/samples/Redirect/Redirect.cpp
xerces-c-src_2_7_0/samples/Redirect/Makefile.in
xerces-c-src_2_7_0/samples/Redirect/RedirectHandlers.cpp
xerces-c-src_2_7_0/samples/Redirect/Redirect.hpp
xerces-c-src_2_7_0/samples/Redirect/RedirectHandlers.hpp
xerces-c-src_2_7_0/samples/CreateDOMDocument/
xerces-c-src_2_7_0/samples/CreateDOMDocument/Makefile.in
xerces-c-src_2_7_0/samples/CreateDOMDocument/CreateDOMDocument.cpp
xerces-c-src_2_7_0/samples/SAXCount/
xerces-c-src_2_7_0/samples/SAXCount/SAXCount.cpp
xerces-c-src_2_7_0/samples/SAXCount/Makefile.in
xerces-c-src_2_7_0/samples/SAXCount/SAXCountHandlers.cpp
xerces-c-src_2_7_0/samples/SAXCount/SAXCount.hpp
xerces-c-src_2_7_0/samples/SAXCount/SAXCountHandlers.hpp
xerces-c-src_2_7_0/samples/EnumVal/
xerces-c-src_2_7_0/samples/EnumVal/Makefile.in
xerces-c-src_2_7_0/samples/EnumVal/EnumVal.cpp
xerces-c-src_2_7_0/samples/SAXPrint/
xerces-c-src_2_7_0/samples/SAXPrint/SAXPrintHandlers.hpp
xerces-c-src_2_7_0/samples/SAXPrint/Makefile.in
xerces-c-src_2_7_0/samples/SAXPrint/SAXPrint.cpp
xerces-c-src_2_7_0/samples/SAXPrint/SAXPrintHandlers.cpp
xerces-c-src_2_7_0/samples/SAXPrint/SAXPrint.hpp
xerces-c-src_2_7_0/samples/MemParse/
xerces-c-src_2_7_0/samples/MemParse/MemParse.hpp
xerces-c-src_2_7_0/samples/MemParse/Makefile.in
xerces-c-src_2_7_0/samples/MemParse/MemParseHandlers.hpp
xerces-c-src_2_7_0/samples/MemParse/MemParse.cpp
xerces-c-src_2_7_0/samples/MemParse/MemParseHandlers.cpp
xerces-c-src_2_7_0/samples/data/
xerces-c-src_2_7_0/samples/data/personal-schema.xml
xerces-c-src_2_7_0/samples/data/personal.xsd
xerces-c-src_2_7_0/samples/data/personal.xml
xerces-c-src_2_7_0/samples/data/redirect.dtd
xerces-c-src_2_7_0/samples/data/personal.dtd
xerces-c-src_2_7_0/samples/StdInParse/
xerces-c-src_2_7_0/samples/StdInParse/StdInParse.hpp
xerces-c-src_2_7_0/samples/StdInParse/Makefile.in
xerces-c-src_2_7_0/samples/StdInParse/StdInParseHandlers.hpp
xerces-c-src_2_7_0/samples/StdInParse/StdInParse.cpp
xerces-c-src_2_7_0/samples/StdInParse/StdInParseHandlers.cpp
xerces-c-src_2_7_0/samples/PSVIWriter/
xerces-c-src_2_7_0/samples/PSVIWriter/PSVIWriter.cpp
xerces-c-src_2_7_0/samples/PSVIWriter/Makefile.in
xerces-c-src_2_7_0/samples/PSVIWriter/PSVIWriterHandlers.cpp
xerces-c-src_2_7_0/samples/PSVIWriter/PSVIUni.hpp
xerces-c-src_2_7_0/samples/PSVIWriter/PSVIWriter.hpp
xerces-c-src_2_7_0/samples/PSVIWriter/PSVIUni.cpp
xerces-c-src_2_7_0/samples/PSVIWriter/PSVIWriterHandlers.hpp
xerces-c-src_2_7_0/samples/configure.in
xerces-c-src_2_7_0/samples/configure
xerces-c-src_2_7_0/samples/Makefile.in
xerces-c-src_2_7_0/samples/config.guess
xerces-c-src_2_7_0/samples/config.sub
xerces-c-src_2_7_0/samples/config.h.in
xerces-c-src_2_7_0/samples/Makefile.incl
xerces-c-src_2_7_0/samples/runConfigure
xerces-c-src_2_7_0/samples/install-sh
xerces-c-src_2_7_0/doc/
xerces-c-src_2_7_0/doc/html/
xerces-c-src_2_7_0/doc/html/apiDocs/
xerces-c-src_2_7_0/doc/html/apiDocs/XercesApi.css
xerces-c-src_2_7_0/doc/html/apiDocs/footer.html
xerces-c-src_2_7_0/doc/html/apiDocs/header.html
xerces-c-src_2_7_0/doc/html/apiDocs/doxygen.png
xerces-c-src_2_7_0/doc/html/apiDocs/Base64_8hpp.html
xerces-c-src_2_7_0/doc/html/apiDocs/doxygen.css
xerces-c-src_2_7_0/doc/html/apiDocs/index.html
xerces-c-src_2_7_0/doc/html/apiDocs/files.html
xerces-c-src_2_7_0/doc/html/apiDocs/AbstractDOMParser_8hpp-source.html
xerces-c-src_2_7_0/doc/html/apiDocs/ArrayIndexOutOfBoundsException_8hpp-source.html
xerces-c-src_2_7_0/doc/html/apiDocs/AttributeList_8hpp-source.html
xerces-c-src_2_7_0/doc/html/apiDocs/Attributes_8hpp-source.html
xerces-c-src_2_7_0/doc/html/apiDocs/AutoSense_8hpp-source.html
xerces-c-src_2_7_0/doc/html/apiDocs/Base64_8hpp-source.html
xerces-c-src_2_7_0/doc/html/apiDocs/BinFileInputStream_8hpp-source.html
xerces-c-src_2_7_0/doc/html/apiDocs/HexBin_8hpp.html
xerces-c-src_2_7_0/doc/html/apiDocs/BinInputStream_8hpp-source.html
xerces-c-src_2_7_0/doc/html/apiDocs/BinMemInputStream_8hpp-source.html
xerces-c-src_2_7_0/doc/html/apiDocs/BinOutputStream_8hpp-source.html
xerces-c-src_2_7_0/doc/html/apiDocs/ContentHandler_8hpp-source.html
xerces-c-src_2_7_0/doc/html/apiDocs/DeclHandler_8hpp-source.html
xerces-c-src_2_7_0/doc/html/apiDocs/DefaultHandler_8hpp-source.html
xerces-c-src_2_7_0/doc/html/apiDocs/DefaultPanicHandler_8hpp-source.html
xerces-c-src_2_7_0/doc/html/apiDocs/DocumentHandler_8hpp-source.html
xerces-c-src_2_7_0/doc/html/apiDocs/DOMAttr_8hpp-source.html
xerces-c-src_2_7_0/doc/html/apiDocs/DOMBuilder_8hpp-source.html
xerces-c-src_2_7_0/doc/html/apiDocs/DOMCDATASection_8hpp-source.html
xerces-c-src_2_7_0/doc/html/apiDocs/DOMCharacterData_8hpp-source.html
xerces-c-src_2_7_0/doc/html/apiDocs/DOMComment_8hpp-source.html
xerces-c-src_2_7_0/doc/html/apiDocs/DOMConfiguration_8hpp-source.html
xerces-c-src_2_7_0/doc/html/apiDocs/DOMDocument_8hpp-source.html
xerces-c-src_2_7_0/doc/html/apiDocs/DOMDocumentFragment_8hpp-source.html
xerces-c-src_2_7_0/doc/html/apiDocs/DOMDocumentRange_8hpp-source.html
xerces-c-src_2_7_0/doc/html/apiDocs/DOMDocumentTraversal_8hpp-source.html
xerces-c-src_2_7_0/doc/html/apiDocs/DOMDocumentType_8hpp-source.html
xerces-c-src_2_7_0/doc/html/apiDocs/DOMElement_8hpp-source.html
xerces-c-src_2_7_0/doc/html/apiDocs/DOMEntity_8hpp-source.html
xerces-c-src_2_7_0/doc/html/apiDocs/DOMEntityReference_8hpp-source.html
xerces-c-src_2_7_0/doc/html/apiDocs/DOMEntityResolver_8hpp-source.html
xerces-c-src_2_7_0/doc/html/apiDocs/DOMError_8hpp-source.html
xerces-c-src_2_7_0/doc/html/apiDocs/DOMErrorHandler_8hpp-source.html
xerces-c-src_2_7_0/doc/html/apiDocs/DOMException_8hpp-source.html
xerces-c-src_2_7_0/doc/html/apiDocs/DOMImplementation_8hpp-source.html
xerces-c-src_2_7_0/doc/html/apiDocs/DOMImplementationLS_8hpp-source.html
xerces-c-src_2_7_0/doc/html/apiDocs/DOMImplementationRegistry_8hpp-source.html
xerces-c-src_2_7_0/doc/html/apiDocs/DOMImplementationSource_8hpp-source.html
xerces-c-src_2_7_0/doc/html/apiDocs/DOMInputSource_8hpp-source.html
xerces-c-src_2_7_0/doc/html/apiDocs/DOMLocator_8hpp-source.html
xerces-c-src_2_7_0/doc/html/apiDocs/DOMNamedNodeMap_8hpp-source.html
xerces-c-src_2_7_0/doc/html/apiDocs/DOMNode_8hpp-source.html
xerces-c-src_2_7_0/doc/html/apiDocs/DOMNodeFilter_8hpp-source.html
xerces-c-src_2_7_0/doc/html/apiDocs/DOMRange_8hpp-source.html
xerces-c-src_2_7_0/doc/html/apiDocs/DOMNodeIterator_8hpp-source.html
xerces-c-src_2_7_0/doc/html/apiDocs/DOMNodeList_8hpp-source.html
xerces-c-src_2_7_0/doc/html/apiDocs/DOMNotation_8hpp-source.html
xerces-c-src_2_7_0/doc/html/apiDocs/DOMProcessingInstruction_8hpp-source.html
xerces-c-src_2_7_0/doc/html/apiDocs/DOMPSVITypeInfo_8hpp-source.html
xerces-c-src_2_7_0/doc/html/apiDocs/DOMRangeException_8hpp-source.html
xerces-c-src_2_7_0/doc/html/apiDocs/DOMText_8hpp-source.html
xerces-c-src_2_7_0/doc/html/apiDocs/DOMTreeWalker_8hpp-source.html
xerces-c-src_2_7_0/doc/html/apiDocs/DOMTypeInfo_8hpp-source.html
xerces-c-src_2_7_0/doc/html/apiDocs/DOMUserDataHandler_8hpp-source.html
xerces-c-src_2_7_0/doc/html/apiDocs/DOMWriter_8hpp-source.html
xerces-c-src_2_7_0/doc/html/apiDocs/DOMWriterFilter_8hpp-source.html
xerces-c-src_2_7_0/doc/html/apiDocs/DOMXPathEvaluator_8hpp-source.html
xerces-c-src_2_7_0/doc/html/apiDocs/DOMXPathException_8hpp-source.html
xerces-c-src_2_7_0/doc/html/apiDocs/DOMXPathExpression_8hpp-source.html
xerces-c-src_2_7_0/doc/html/apiDocs/DOMXPathNamespace_8hpp-source.html
xerces-c-src_2_7_0/doc/html/apiDocs/DOMXPathNSResolver_8hpp-source.html
xerces-c-src_2_7_0/doc/html/apiDocs/DOMXPathResult_8hpp-source.html
xerces-c-src_2_7_0/doc/html/apiDocs/DTDHandler_8hpp-source.html
xerces-c-src_2_7_0/doc/html/apiDocs/EmptyStackException_8hpp-source.html
xerces-c-src_2_7_0/doc/html/apiDocs/EntityResolver_8hpp-source.html
xerces-c-src_2_7_0/doc/html/apiDocs/ErrorHandler_8hpp-source.html
xerces-c-src_2_7_0/doc/html/apiDocs/HandlerBase_8hpp-source.html
xerces-c-src_2_7_0/doc/html/apiDocs/HexBin_8hpp-source.html
xerces-c-src_2_7_0/doc/html/apiDocs/IllegalArgumentException_8hpp-source.html
xerces-c-src_2_7_0/doc/html/apiDocs/InputSource_8hpp-source.html
xerces-c-src_2_7_0/doc/html/apiDocs/InvalidCastException_8hpp-source.html
xerces-c-src_2_7_0/doc/html/apiDocs/IOException_8hpp-source.html
xerces-c-src_2_7_0/doc/html/apiDocs/LexicalHandler_8hpp-source.html
xerces-c-src_2_7_0/doc/html/apiDocs/LocalFileFormatTarget_8hpp-source.html
xerces-c-src_2_7_0/doc/html/apiDocs/LocalFileInputSource_8hpp-source.html
xerces-c-src_2_7_0/doc/html/apiDocs/Locator_8hpp-source.html
xerces-c-src_2_7_0/doc/html/apiDocs/MemBufFormatTarget_8hpp-source.html
xerces-c-src_2_7_0/doc/html/apiDocs/MemBufInputSource_8hpp-source.html
xerces-c-src_2_7_0/doc/html/apiDocs/MemoryManager_8hpp-source.html
xerces-c-src_2_7_0/doc/html/apiDocs/Parser_8hpp-source.html
xerces-c-src_2_7_0/doc/html/apiDocs/NoSuchElementException_8hpp-source.html
xerces-c-src_2_7_0/doc/html/apiDocs/NullPointerException_8hpp-source.html
xerces-c-src_2_7_0/doc/html/apiDocs/NumberFormatException_8hpp-source.html
xerces-c-src_2_7_0/doc/html/apiDocs/OutOfMemoryException_8hpp-source.html
xerces-c-src_2_7_0/doc/html/apiDocs/PanicHandler_8hpp-source.html
xerces-c-src_2_7_0/doc/html/apiDocs/ParseException_8hpp-source.html
xerces-c-src_2_7_0/doc/html/apiDocs/PlatformUtils_8hpp-source.html
xerces-c-src_2_7_0/doc/html/apiDocs/PSVIAttribute_8hpp-source.html
xerces-c-src_2_7_0/doc/html/apiDocs/PSVIAttributeList_8hpp-source.html
xerces-c-src_2_7_0/doc/html/apiDocs/PSVIElement_8hpp-source.html
xerces-c-src_2_7_0/doc/html/apiDocs/PSVIHandler_8hpp-source.html
xerces-c-src_2_7_0/doc/html/apiDocs/PSVIItem_8hpp-source.html
xerces-c-src_2_7_0/doc/html/apiDocs/QName_8hpp-source.html
xerces-c-src_2_7_0/doc/html/apiDocs/RuntimeException_8hpp-source.html
xerces-c-src_2_7_0/doc/html/apiDocs/SAX2XMLFilter_8hpp-source.html
xerces-c-src_2_7_0/doc/html/apiDocs/SAX2XMLReader_8hpp-source.html
xerces-c-src_2_7_0/doc/html/apiDocs/SAXException_8hpp-source.html
xerces-c-src_2_7_0/doc/html/apiDocs/SAXParseException_8hpp-source.html
xerces-c-src_2_7_0/doc/html/apiDocs/SAXParser_8hpp-source.html
xerces-c-src_2_7_0/doc/html/apiDocs/SchemaDateTimeException_8hpp-source.html
xerces-c-src_2_7_0/doc/html/apiDocs/SecurityManager_8hpp-source.html
xerces-c-src_2_7_0/doc/html/apiDocs/StdInInputSource_8hpp-source.html
xerces-c-src_2_7_0/doc/html/apiDocs/StDOMNode_8hpp-source.html
xerces-c-src_2_7_0/doc/html/apiDocs/StdOutFormatTarget_8hpp-source.html
xerces-c-src_2_7_0/doc/html/apiDocs/SynchronizedStringPool_8hpp-source.html
xerces-c-src_2_7_0/doc/html/apiDocs/TranscodingException_8hpp-source.html
xerces-c-src_2_7_0/doc/html/apiDocs/TransService_8hpp-source.html
xerces-c-src_2_7_0/doc/html/apiDocs/UnexpectedEOFException_8hpp-source.html
xerces-c-src_2_7_0/doc/html/apiDocs/UnsupportedEncodingException_8hpp-source.html
xerces-c-src_2_7_0/doc/html/apiDocs/URLInputSource_8hpp-source.html
xerces-c-src_2_7_0/doc/html/apiDocs/UTFDataFormatException_8hpp-source.html
xerces-c-src_2_7_0/doc/html/apiDocs/ValidationContext_8hpp-source.html
xerces-c-src_2_7_0/doc/html/apiDocs/Wrapper4DOMInputSource_8hpp-source.html
xerces-c-src_2_7_0/doc/html/apiDocs/Wrapper4InputSource_8hpp-source.html
xerces-c-src_2_7_0/doc/html/apiDocs/XercesDefs_8hpp-source.html
xerces-c-src_2_7_0/doc/html/apiDocs/XercesDOMParser_8hpp-source.html
xerces-c-src_2_7_0/doc/html/apiDocs/XercesVersion_8hpp-source.html
xerces-c-src_2_7_0/doc/html/apiDocs/XMemory_8hpp-source.html
xerces-c-src_2_7_0/doc/html/apiDocs/XMLAbstractDoubleFloat_8hpp-source.html
xerces-c-src_2_7_0/doc/html/apiDocs/XMLAttDef_8hpp-source.html
xerces-c-src_2_7_0/doc/html/apiDocs/XMLAttDefList_8hpp-source.html
xerces-c-src_2_7_0/doc/html/apiDocs/XMLAttr_8hpp-source.html
xerces-c-src_2_7_0/doc/html/apiDocs/XMLBigDecimal_8hpp-source.html
xerces-c-src_2_7_0/doc/html/apiDocs/XMLBigInteger_8hpp-source.html
xerces-c-src_2_7_0/doc/html/apiDocs/XMLChar_8hpp-source.html
xerces-c-src_2_7_0/doc/html/apiDocs/XMLContentModel_8hpp-source.html
xerces-c-src_2_7_0/doc/html/apiDocs/XMLDateTime_8hpp-source.html
xerces-c-src_2_7_0/doc/html/apiDocs/XMLUni_8hpp-source.html
xerces-c-src_2_7_0/doc/html/apiDocs/XMLDeleterFor_8hpp-source.html
xerces-c-src_2_7_0/doc/html/apiDocs/XMLDocumentHandler_8hpp-source.html
xerces-c-src_2_7_0/doc/html/apiDocs/XMLDOMMsg_8hpp-source.html
xerces-c-src_2_7_0/doc/html/apiDocs/XMLDouble_8hpp-source.html
xerces-c-src_2_7_0/doc/html/apiDocs/XMLDTDDescription_8hpp-source.html
xerces-c-src_2_7_0/doc/html/apiDocs/XMLElementDecl_8hpp-source.html
xerces-c-src_2_7_0/doc/html/apiDocs/XMLEntityDecl_8hpp-source.html
xerces-c-src_2_7_0/doc/html/apiDocs/XMLEntityHandler_8hpp-source.html
xerces-c-src_2_7_0/doc/html/apiDocs/XMLEntityResolver_8hpp-source.html
xerces-c-src_2_7_0/doc/html/apiDocs/XMLErrorCodes_8hpp-source.html
xerces-c-src_2_7_0/doc/html/apiDocs/XMLErrorReporter_8hpp-source.html
xerces-c-src_2_7_0/doc/html/apiDocs/XMLException_8hpp-source.html
xerces-c-src_2_7_0/doc/html/apiDocs/dirs.html
xerces-c-src_2_7_0/doc/html/apiDocs/XMLFloat_8hpp-source.html
xerces-c-src_2_7_0/doc/html/apiDocs/XMLFormatter_8hpp-source.html
xerces-c-src_2_7_0/doc/html/apiDocs/XMLGrammarDescription_8hpp-source.html
xerces-c-src_2_7_0/doc/html/apiDocs/XMLGrammarPool_8hpp-source.html
xerces-c-src_2_7_0/doc/html/apiDocs/XMLHolder_8hpp-source.html
xerces-c-src_2_7_0/doc/html/apiDocs/XMLIBM1047Transcoder_8hpp-source.html
xerces-c-src_2_7_0/doc/html/apiDocs/XMLInitializer_8hpp-source.html
xerces-c-src_2_7_0/doc/html/apiDocs/XMLInteger_8hpp-source.html
xerces-c-src_2_7_0/doc/html/apiDocs/XMLNetAccessor_8hpp-source.html
xerces-c-src_2_7_0/doc/html/apiDocs/XMLNotationDecl_8hpp-source.html
xerces-c-src_2_7_0/doc/html/apiDocs/XMLNumber_8hpp-source.html
xerces-c-src_2_7_0/doc/html/apiDocs/XMLReaderFactory_8hpp-source.html
xerces-c-src_2_7_0/doc/html/apiDocs/QName_8hpp.html
xerces-c-src_2_7_0/doc/html/apiDocs/XMLRegisterCleanup_8hpp-source.html
xerces-c-src_2_7_0/doc/html/apiDocs/XMLResourceIdentifier_8hpp-source.html
xerces-c-src_2_7_0/doc/html/apiDocs/XMLSchemaDescription_8hpp-source.html
xerces-c-src_2_7_0/doc/html/apiDocs/XMLString_8hpp-source.html
xerces-c-src_2_7_0/doc/html/apiDocs/XMLStringTokenizer_8hpp-source.html
xerces-c-src_2_7_0/doc/html/apiDocs/XMLUniDefs_8hpp-source.html
xerces-c-src_2_7_0/doc/html/apiDocs/XMLUri_8hpp-source.html
xerces-c-src_2_7_0/doc/html/apiDocs/XMLURL_8hpp-source.html
xerces-c-src_2_7_0/doc/html/apiDocs/XMLValidator_8hpp-source.html
xerces-c-src_2_7_0/doc/html/apiDocs/XMLValidityCodes_8hpp-source.html
xerces-c-src_2_7_0/doc/html/apiDocs/XSAnnotation_8hpp-source.html
xerces-c-src_2_7_0/doc/html/apiDocs/XSAttributeDeclaration_8hpp-source.html
xerces-c-src_2_7_0/doc/html/apiDocs/pages.html
xerces-c-src_2_7_0/doc/html/apiDocs/XSAttributeGroupDefinition_8hpp-source.html
xerces-c-src_2_7_0/doc/html/apiDocs/XSAttributeUse_8hpp-source.html
xerces-c-src_2_7_0/doc/html/apiDocs/XSComplexTypeDefinition_8hpp-source.html
xerces-c-src_2_7_0/doc/html/apiDocs/XSConstants_8hpp-source.html
xerces-c-src_2_7_0/doc/html/apiDocs/XSElementDeclaration_8hpp-source.html
xerces-c-src_2_7_0/doc/html/apiDocs/XSFacet_8hpp-source.html
xerces-c-src_2_7_0/doc/html/apiDocs/XSIDCDefinition_8hpp-source.html
xerces-c-src_2_7_0/doc/html/apiDocs/XSModel_8hpp-source.html
xerces-c-src_2_7_0/doc/html/apiDocs/XSModelGroup_8hpp-source.html
xerces-c-src_2_7_0/doc/html/apiDocs/XSModelGroupDefinition_8hpp-source.html
xerces-c-src_2_7_0/doc/html/apiDocs/XSMultiValueFacet_8hpp-source.html
xerces-c-src_2_7_0/doc/html/apiDocs/AttributeList_8hpp.html
xerces-c-src_2_7_0/doc/html/apiDocs/XSNamedMap_8hpp-source.html
xerces-c-src_2_7_0/doc/html/apiDocs/XSNamespaceItem_8hpp-source.html
xerces-c-src_2_7_0/doc/html/apiDocs/XSNotationDeclaration_8hpp-source.html
xerces-c-src_2_7_0/doc/html/apiDocs/XSObject_8hpp-source.html
xerces-c-src_2_7_0/doc/html/apiDocs/XSParticle_8hpp-source.html
xerces-c-src_2_7_0/doc/html/apiDocs/XSSimpleTypeDefinition_8hpp-source.html
xerces-c-src_2_7_0/doc/html/apiDocs/XSTypeDefinition_8hpp-source.html
xerces-c-src_2_7_0/doc/html/apiDocs/XSValue_8hpp-source.html
xerces-c-src_2_7_0/doc/html/apiDocs/XSWildcard_8hpp-source.html
xerces-c-src_2_7_0/doc/html/apiDocs/AbstractDOMParser_8hpp.html
xerces-c-src_2_7_0/doc/html/apiDocs/AbstractDOMParser_8hpp__incl.md5
xerces-c-src_2_7_0/doc/html/apiDocs/AbstractDOMParser_8hpp__incl.png
xerces-c-src_2_7_0/doc/html/apiDocs/classes.html
xerces-c-src_2_7_0/doc/html/apiDocs/AbstractDOMParser_8hpp__incl.map
xerces-c-src_2_7_0/doc/html/apiDocs/AbstractDOMParser_8hpp__dep__incl.md5
xerces-c-src_2_7_0/doc/html/apiDocs/ArrayIndexOutOfBoundsException_8hpp.html
xerces-c-src_2_7_0/doc/html/apiDocs/AbstractDOMParser_8hpp__dep__incl.png
xerces-c-src_2_7_0/doc/html/apiDocs/AbstractDOMParser_8hpp__dep__incl.map
xerces-c-src_2_7_0/doc/html/apiDocs/ArrayIndexOutOfBoundsException_8hpp__incl.md5
xerces-c-src_2_7_0/doc/html/apiDocs/AttributeList_8hpp__incl.md5
xerces-c-src_2_7_0/doc/html/apiDocs/Attributes_8hpp.html
xerces-c-src_2_7_0/doc/html/apiDocs/AutoSense_8hpp.html
xerces-c-src_2_7_0/doc/html/apiDocs/ArrayIndexOutOfBoundsException_8hpp__incl.png
xerces-c-src_2_7_0/doc/html/apiDocs/ArrayIndexOutOfBoundsException_8hpp__incl.map
xerces-c-src_2_7_0/doc/html/apiDocs/AttributeList_8hpp__incl.png
xerces-c-src_2_7_0/doc/html/apiDocs/AttributeList_8hpp__incl.map
xerces-c-src_2_7_0/doc/html/apiDocs/Attributes_8hpp__incl.md5
xerces-c-src_2_7_0/doc/html/apiDocs/Base64_8hpp__incl.md5
xerces-c-src_2_7_0/doc/html/apiDocs/Attributes_8hpp__incl.png
xerces-c-src_2_7_0/doc/html/apiDocs/Attributes_8hpp__incl.map
xerces-c-src_2_7_0/doc/html/apiDocs/AutoSense_8hpp__dep__incl.md5
xerces-c-src_2_7_0/doc/html/apiDocs/BinFileInputStream_8hpp.html
xerces-c-src_2_7_0/doc/html/apiDocs/AutoSense_8hpp__dep__incl.png
xerces-c-src_2_7_0/doc/html/apiDocs/AutoSense_8hpp__dep__incl.map
xerces-c-src_2_7_0/doc/html/apiDocs/Base64_8hpp__incl.png
xerces-c-src_2_7_0/doc/html/apiDocs/Base64_8hpp__incl.map
xerces-c-src_2_7_0/doc/html/apiDocs/BinFileInputStream_8hpp__incl.md5
xerces-c-src_2_7_0/doc/html/apiDocs/globals.html
xerces-c-src_2_7_0/doc/html/apiDocs/BinInputStream_8hpp.html
xerces-c-src_2_7_0/doc/html/apiDocs/BinFileInputStream_8hpp__incl.png
xerces-c-src_2_7_0/doc/html/apiDocs/BinFileInputStream_8hpp__incl.map
xerces-c-src_2_7_0/doc/html/apiDocs/BinInputStream_8hpp__incl.md5
xerces-c-src_2_7_0/doc/html/apiDocs/BinMemInputStream_8hpp.html
xerces-c-src_2_7_0/doc/html/apiDocs/BinInputStream_8hpp__incl.png
xerces-c-src_2_7_0/doc/html/apiDocs/BinInputStream_8hpp__incl.map
xerces-c-src_2_7_0/doc/html/apiDocs/BinInputStream_8hpp__dep__incl.md5
xerces-c-src_2_7_0/doc/html/apiDocs/BinMemInputStream_8hpp__incl.md5
xerces-c-src_2_7_0/doc/html/apiDocs/BinInputStream_8hpp__dep__incl.png
xerces-c-src_2_7_0/doc/html/apiDocs/BinInputStream_8hpp__dep__incl.map
xerces-c-src_2_7_0/doc/html/apiDocs/BinOutputStream_8hpp.html
xerces-c-src_2_7_0/doc/html/apiDocs/BinMemInputStream_8hpp__incl.png
xerces-c-src_2_7_0/doc/html/apiDocs/BinMemInputStream_8hpp__incl.map
xerces-c-src_2_7_0/doc/html/apiDocs/BinOutputStream_8hpp__incl.md5
xerces-c-src_2_7_0/doc/html/apiDocs/ContentHandler_8hpp.html
xerces-c-src_2_7_0/doc/html/apiDocs/BinOutputStream_8hpp__incl.png
xerces-c-src_2_7_0/doc/html/apiDocs/BinOutputStream_8hpp__incl.map
xerces-c-src_2_7_0/doc/html/apiDocs/ContentHandler_8hpp__incl.md5
xerces-c-src_2_7_0/doc/html/apiDocs/DeclHandler_8hpp.html
xerces-c-src_2_7_0/doc/html/apiDocs/ContentHandler_8hpp__incl.png
xerces-c-src_2_7_0/doc/html/apiDocs/ContentHandler_8hpp__incl.map
xerces-c-src_2_7_0/doc/html/apiDocs/ContentHandler_8hpp__dep__incl.md5
xerces-c-src_2_7_0/doc/html/apiDocs/DeclHandler_8hpp__incl.md5
xerces-c-src_2_7_0/doc/html/apiDocs/DefaultHandler_8hpp.html
xerces-c-src_2_7_0/doc/html/apiDocs/ContentHandler_8hpp__dep__incl.png
xerces-c-src_2_7_0/doc/html/apiDocs/ContentHandler_8hpp__dep__incl.map
xerces-c-src_2_7_0/doc/html/apiDocs/DeclHandler_8hpp__incl.png
xerces-c-src_2_7_0/doc/html/apiDocs/DeclHandler_8hpp__incl.map
xerces-c-src_2_7_0/doc/html/apiDocs/DeclHandler_8hpp__dep__incl.md5
xerces-c-src_2_7_0/doc/html/apiDocs/DefaultHandler_8hpp__incl.md5
xerces-c-src_2_7_0/doc/html/apiDocs/DeclHandler_8hpp__dep__incl.png
xerces-c-src_2_7_0/doc/html/apiDocs/DeclHandler_8hpp__dep__incl.map
xerces-c-src_2_7_0/doc/html/apiDocs/DefaultPanicHandler_8hpp.html
xerces-c-src_2_7_0/doc/html/apiDocs/DefaultHandler_8hpp__incl.png
xerces-c-src_2_7_0/doc/html/apiDocs/DefaultHandler_8hpp__incl.map
xerces-c-src_2_7_0/doc/html/apiDocs/DefaultPanicHandler_8hpp__incl.md5
xerces-c-src_2_7_0/doc/html/apiDocs/DOMAttr_8hpp.html
xerces-c-src_2_7_0/doc/html/apiDocs/DocumentHandler_8hpp.html
xerces-c-src_2_7_0/doc/html/apiDocs/DefaultPanicHandler_8hpp__incl.png
xerces-c-src_2_7_0/doc/html/apiDocs/DefaultPanicHandler_8hpp__incl.map
xerces-c-src_2_7_0/doc/html/apiDocs/DocumentHandler_8hpp__incl.md5
xerces-c-src_2_7_0/doc/html/apiDocs/DocumentHandler_8hpp__incl.png
xerces-c-src_2_7_0/doc/html/apiDocs/DocumentHandler_8hpp__incl.map
xerces-c-src_2_7_0/doc/html/apiDocs/DocumentHandler_8hpp__dep__incl.md5
xerces-c-src_2_7_0/doc/html/apiDocs/DOMAttr_8hpp__incl.md5
xerces-c-src_2_7_0/doc/html/apiDocs/DocumentHandler_8hpp__dep__incl.png
xerces-c-src_2_7_0/doc/html/apiDocs/DocumentHandler_8hpp__dep__incl.map
xerces-c-src_2_7_0/doc/html/apiDocs/DOMBuilder_8hpp.html
xerces-c-src_2_7_0/doc/html/apiDocs/DOMAttr_8hpp__incl.png
xerces-c-src_2_7_0/doc/html/apiDocs/DOMAttr_8hpp__incl.map
xerces-c-src_2_7_0/doc/html/apiDocs/DOMAttr_8hpp__dep__incl.md5
xerces-c-src_2_7_0/doc/html/apiDocs/DOMBuilder_8hpp__incl.md5
xerces-c-src_2_7_0/doc/html/apiDocs/DOMAttr_8hpp__dep__incl.png
xerces-c-src_2_7_0/doc/html/apiDocs/DOMAttr_8hpp__dep__incl.map
xerces-c-src_2_7_0/doc/html/apiDocs/DOMCDATASection_8hpp.html
xerces-c-src_2_7_0/doc/html/apiDocs/DOMBuilder_8hpp__incl.png
xerces-c-src_2_7_0/doc/html/apiDocs/DOMBuilder_8hpp__incl.map
xerces-c-src_2_7_0/doc/html/apiDocs/DOMCDATASection_8hpp__incl.md5
xerces-c-src_2_7_0/doc/html/apiDocs/DOMCharacterData_8hpp.html
xerces-c-src_2_7_0/doc/html/apiDocs/DOMCDATASection_8hpp__incl.png
xerces-c-src_2_7_0/doc/html/apiDocs/DOMCDATASection_8hpp__incl.map
xerces-c-src_2_7_0/doc/html/apiDocs/DOMCharacterData_8hpp__incl.md5
xerces-c-src_2_7_0/doc/html/apiDocs/DOMComment_8hpp.html
xerces-c-src_2_7_0/doc/html/apiDocs/DOMDocument_8hpp.html
xerces-c-src_2_7_0/doc/html/apiDocs/DOMCharacterData_8hpp__incl.png
xerces-c-src_2_7_0/doc/html/apiDocs/DOMCharacterData_8hpp__incl.map
xerces-c-src_2_7_0/doc/html/apiDocs/DOMCharacterData_8hpp__dep__incl.md5
xerces-c-src_2_7_0/doc/html/apiDocs/DOMComment_8hpp__incl.md5
xerces-c-src_2_7_0/doc/html/apiDocs/DOMCharacterData_8hpp__dep__incl.png
xerces-c-src_2_7_0/doc/html/apiDocs/DOMCharacterData_8hpp__dep__incl.map
xerces-c-src_2_7_0/doc/html/apiDocs/DOMConfiguration_8hpp.html
xerces-c-src_2_7_0/doc/html/apiDocs/DOMComment_8hpp__incl.png
xerces-c-src_2_7_0/doc/html/apiDocs/DOMComment_8hpp__incl.map
xerces-c-src_2_7_0/doc/html/apiDocs/DOMConfiguration_8hpp__incl.md5
xerces-c-src_2_7_0/doc/html/apiDocs/DOMConfiguration_8hpp__incl.png
xerces-c-src_2_7_0/doc/html/apiDocs/DOMConfiguration_8hpp__incl.map
xerces-c-src_2_7_0/doc/html/apiDocs/annotated.html
xerces-c-src_2_7_0/doc/html/apiDocs/DOMDocument_8hpp__incl.md5
xerces-c-src_2_7_0/doc/html/apiDocs/DOMDocumentRange_8hpp.html
xerces-c-src_2_7_0/doc/html/apiDocs/DOMDocument_8hpp__incl.png
xerces-c-src_2_7_0/doc/html/apiDocs/DOMDocument_8hpp__incl.map
xerces-c-src_2_7_0/doc/html/apiDocs/DOMDocument_8hpp__dep__incl.md5
xerces-c-src_2_7_0/doc/html/apiDocs/DOMDocumentFragment_8hpp.html
xerces-c-src_2_7_0/doc/html/apiDocs/DOMDocument_8hpp__dep__incl.png
xerces-c-src_2_7_0/doc/html/apiDocs/DOMDocument_8hpp__dep__incl.map
xerces-c-src_2_7_0/doc/html/apiDocs/DOMDocumentFragment_8hpp__incl.md5
xerces-c-src_2_7_0/doc/html/apiDocs/DOMDocumentRange_8hpp__incl.md5
xerces-c-src_2_7_0/doc/html/apiDocs/DOMDocumentFragment_8hpp__incl.png
xerces-c-src_2_7_0/doc/html/apiDocs/DOMDocumentFragment_8hpp__incl.map
xerces-c-src_2_7_0/doc/html/apiDocs/DOMDocumentType_8hpp.html
xerces-c-src_2_7_0/doc/html/apiDocs/DOMDocumentTraversal_8hpp.html
xerces-c-src_2_7_0/doc/html/apiDocs/DOMDocumentRange_8hpp__incl.png
xerces-c-src_2_7_0/doc/html/apiDocs/DOMDocumentRange_8hpp__incl.map
xerces-c-src_2_7_0/doc/html/apiDocs/DOMDocumentRange_8hpp__dep__incl.md5
xerces-c-src_2_7_0/doc/html/apiDocs/DOMDocumentTraversal_8hpp__incl.md5
xerces-c-src_2_7_0/doc/html/apiDocs/DOMDocumentRange_8hpp__dep__incl.png
xerces-c-src_2_7_0/doc/html/apiDocs/DOMDocumentRange_8hpp__dep__incl.map
xerces-c-src_2_7_0/doc/html/apiDocs/DOMDocumentTraversal_8hpp__incl.png
xerces-c-src_2_7_0/doc/html/apiDocs/DOMDocumentTraversal_8hpp__incl.map
xerces-c-src_2_7_0/doc/html/apiDocs/DOMDocumentTraversal_8hpp__dep__incl.md5
xerces-c-src_2_7_0/doc/html/apiDocs/DOMDocumentType_8hpp__incl.md5
xerces-c-src_2_7_0/doc/html/apiDocs/hierarchy.html
xerces-c-src_2_7_0/doc/html/apiDocs/DOMDocumentTraversal_8hpp__dep__incl.png
xerces-c-src_2_7_0/doc/html/apiDocs/DOMDocumentTraversal_8hpp__dep__incl.map
xerces-c-src_2_7_0/doc/html/apiDocs/DOMElement_8hpp.html
xerces-c-src_2_7_0/doc/html/apiDocs/DOMDocumentType_8hpp__incl.png
xerces-c-src_2_7_0/doc/html/apiDocs/DOMDocumentType_8hpp__incl.map
xerces-c-src_2_7_0/doc/html/apiDocs/DOMDocumentType_8hpp__dep__incl.md5
xerces-c-src_2_7_0/doc/html/apiDocs/DOMElement_8hpp__incl.md5
xerces-c-src_2_7_0/doc/html/apiDocs/DOMDocumentType_8hpp__dep__incl.png
xerces-c-src_2_7_0/doc/html/apiDocs/DOMDocumentType_8hpp__dep__incl.map
xerces-c-src_2_7_0/doc/html/apiDocs/DOMEntity_8hpp.html
xerces-c-src_2_7_0/doc/html/apiDocs/DOMElement_8hpp__incl.png
xerces-c-src_2_7_0/doc/html/apiDocs/DOMElement_8hpp__incl.map
xerces-c-src_2_7_0/doc/html/apiDocs/DOMError_8hpp.html
xerces-c-src_2_7_0/doc/html/apiDocs/DOMElement_8hpp__dep__incl.md5
xerces-c-src_2_7_0/doc/html/apiDocs/DOMEntity_8hpp__incl.md5
xerces-c-src_2_7_0/doc/html/apiDocs/DOMElement_8hpp__dep__incl.png
xerces-c-src_2_7_0/doc/html/apiDocs/DOMElement_8hpp__dep__incl.map
xerces-c-src_2_7_0/doc/html/apiDocs/DOMEntity_8hpp__incl.png
xerces-c-src_2_7_0/doc/html/apiDocs/DOMEntity_8hpp__incl.map
xerces-c-src_2_7_0/doc/html/apiDocs/DOMEntityReference_8hpp.html
xerces-c-src_2_7_0/doc/html/apiDocs/DOMEntityReference_8hpp__incl.md5
xerces-c-src_2_7_0/doc/html/apiDocs/DOMEntityResolver_8hpp.html
xerces-c-src_2_7_0/doc/html/apiDocs/DOMEntityReference_8hpp__incl.png
xerces-c-src_2_7_0/doc/html/apiDocs/DOMEntityReference_8hpp__incl.map
xerces-c-src_2_7_0/doc/html/apiDocs/DOMEntityResolver_8hpp__incl.md5
xerces-c-src_2_7_0/doc/html/apiDocs/DOMError_8hpp__incl.md5
xerces-c-src_2_7_0/doc/html/apiDocs/DOMEntityResolver_8hpp__incl.png
xerces-c-src_2_7_0/doc/html/apiDocs/DOMEntityResolver_8hpp__incl.map
xerces-c-src_2_7_0/doc/html/apiDocs/DOMException_8hpp.html
xerces-c-src_2_7_0/doc/html/apiDocs/DOMError_8hpp__incl.png
xerces-c-src_2_7_0/doc/html/apiDocs/DOMError_8hpp__incl.map
xerces-c-src_2_7_0/doc/html/apiDocs/DOMError_8hpp__dep__incl.md5
xerces-c-src_2_7_0/doc/html/apiDocs/DOMErrorHandler_8hpp.html
xerces-c-src_2_7_0/doc/html/apiDocs/DOMError_8hpp__dep__incl.png
xerces-c-src_2_7_0/doc/html/apiDocs/DOMError_8hpp__dep__incl.map
xerces-c-src_2_7_0/doc/html/apiDocs/DOMErrorHandler_8hpp__incl.md5
xerces-c-src_2_7_0/doc/html/apiDocs/DOMException_8hpp__incl.md5
xerces-c-src_2_7_0/doc/html/apiDocs/DOMErrorHandler_8hpp__incl.png
xerces-c-src_2_7_0/doc/html/apiDocs/DOMErrorHandler_8hpp__incl.map
xerces-c-src_2_7_0/doc/html/apiDocs/DOMErrorHandler_8hpp__dep__incl.md5
xerces-c-src_2_7_0/doc/html/apiDocs/DOMException_8hpp__dep__incl.md5
xerces-c-src_2_7_0/doc/html/apiDocs/DOMErrorHandler_8hpp__dep__incl.png
xerces-c-src_2_7_0/doc/html/apiDocs/DOMErrorHandler_8hpp__dep__incl.map
xerces-c-src_2_7_0/doc/html/apiDocs/DOMException_8hpp__incl.png
xerces-c-src_2_7_0/doc/html/apiDocs/DOMException_8hpp__incl.map
xerces-c-src_2_7_0/doc/html/apiDocs/DOMImplementation_8hpp.html
xerces-c-src_2_7_0/doc/html/apiDocs/DOMException_8hpp__dep__incl.png
xerces-c-src_2_7_0/doc/html/apiDocs/DOMException_8hpp__dep__incl.map
xerces-c-src_2_7_0/doc/html/apiDocs/DOMImplementation_8hpp__incl.md5
xerces-c-src_2_7_0/doc/html/apiDocs/DOMImplementationLS_8hpp.html
xerces-c-src_2_7_0/doc/html/apiDocs/DOMImplementation_8hpp__incl.png
xerces-c-src_2_7_0/doc/html/apiDocs/DOMImplementation_8hpp__incl.map
xerces-c-src_2_7_0/doc/html/apiDocs/DOMImplementationLS_8hpp__incl.md5
xerces-c-src_2_7_0/doc/html/apiDocs/DOMImplementationRegistry_8hpp.html
xerces-c-src_2_7_0/doc/html/apiDocs/DOMImplementationLS_8hpp__incl.png
xerces-c-src_2_7_0/doc/html/apiDocs/DOMImplementationLS_8hpp__incl.map
xerces-c-src_2_7_0/doc/html/apiDocs/DOMImplementationLS_8hpp__dep__incl.md5
xerces-c-src_2_7_0/doc/html/apiDocs/DOMImplementationRegistry_8hpp__incl.md5
xerces-c-src_2_7_0/doc/html/apiDocs/DOMImplementationLS_8hpp__dep__incl.png
xerces-c-src_2_7_0/doc/html/apiDocs/DOMImplementationLS_8hpp__dep__incl.map
xerces-c-src_2_7_0/doc/html/apiDocs/DOMImplementationSource_8hpp.html
xerces-c-src_2_7_0/doc/html/apiDocs/DOMImplementationRegistry_8hpp__incl.png
xerces-c-src_2_7_0/doc/html/apiDocs/DOMImplementationRegistry_8hpp__incl.map
xerces-c-src_2_7_0/doc/html/apiDocs/DOMImplementationSource_8hpp__incl.md5
xerces-c-src_2_7_0/doc/html/apiDocs/DOMInputSource_8hpp.html
xerces-c-src_2_7_0/doc/html/apiDocs/DOMImplementationSource_8hpp__incl.png
xerces-c-src_2_7_0/doc/html/apiDocs/DOMImplementationSource_8hpp__incl.map
xerces-c-src_2_7_0/doc/html/apiDocs/DOMInputSource_8hpp__incl.md5
xerces-c-src_2_7_0/doc/html/apiDocs/DOMLocator_8hpp.html
xerces-c-src_2_7_0/doc/html/apiDocs/DOMInputSource_8hpp__incl.png
xerces-c-src_2_7_0/doc/html/apiDocs/DOMInputSource_8hpp__incl.map
xerces-c-src_2_7_0/doc/html/apiDocs/DOMInputSource_8hpp__dep__incl.md5
xerces-c-src_2_7_0/doc/html/apiDocs/DOMLocator_8hpp__incl.md5
xerces-c-src_2_7_0/doc/html/apiDocs/DOMInputSource_8hpp__dep__incl.png
xerces-c-src_2_7_0/doc/html/apiDocs/DOMInputSource_8hpp__dep__incl.map
xerces-c-src_2_7_0/doc/html/apiDocs/DOMNamedNodeMap_8hpp.html
xerces-c-src_2_7_0/doc/html/apiDocs/DOMLocator_8hpp__incl.png
xerces-c-src_2_7_0/doc/html/apiDocs/DOMLocator_8hpp__incl.map
xerces-c-src_2_7_0/doc/html/apiDocs/DOMNamedNodeMap_8hpp__incl.md5
xerces-c-src_2_7_0/doc/html/apiDocs/DOMNode_8hpp.html
xerces-c-src_2_7_0/doc/html/apiDocs/DOMNamedNodeMap_8hpp__incl.png
xerces-c-src_2_7_0/doc/html/apiDocs/DOMNamedNodeMap_8hpp__incl.map
xerces-c-src_2_7_0/doc/html/apiDocs/DOMNode_8hpp__incl.md5
xerces-c-src_2_7_0/doc/html/apiDocs/DOMNode_8hpp__dep__incl.md5
xerces-c-src_2_7_0/doc/html/apiDocs/DOMNode_8hpp__incl.png
xerces-c-src_2_7_0/doc/html/apiDocs/DOMNode_8hpp__incl.map
xerces-c-src_2_7_0/doc/html/apiDocs/DOMNodeFilter_8hpp.html
xerces-c-src_2_7_0/doc/html/apiDocs/DOMNode_8hpp__dep__incl.png
xerces-c-src_2_7_0/doc/html/apiDocs/DOMNode_8hpp__dep__incl.map
xerces-c-src_2_7_0/doc/html/apiDocs/DOMNodeFilter_8hpp__incl.md5
xerces-c-src_2_7_0/doc/html/apiDocs/DOMNodeIterator_8hpp.html
xerces-c-src_2_7_0/doc/html/apiDocs/DOMNodeFilter_8hpp__incl.png
xerces-c-src_2_7_0/doc/html/apiDocs/DOMNodeFilter_8hpp__incl.map
xerces-c-src_2_7_0/doc/html/apiDocs/DOMNodeFilter_8hpp__dep__incl.md5
xerces-c-src_2_7_0/doc/html/apiDocs/DOMNodeIterator_8hpp__incl.md5
xerces-c-src_2_7_0/doc/html/apiDocs/DOMNodeFilter_8hpp__dep__incl.png
xerces-c-src_2_7_0/doc/html/apiDocs/DOMNodeFilter_8hpp__dep__incl.map
xerces-c-src_2_7_0/doc/html/apiDocs/DOMNodeList_8hpp.html
xerces-c-src_2_7_0/doc/html/apiDocs/DOMNodeIterator_8hpp__incl.png
xerces-c-src_2_7_0/doc/html/apiDocs/DOMNodeIterator_8hpp__incl.map
xerces-c-src_2_7_0/doc/html/apiDocs/DOMNodeList_8hpp__incl.md5
xerces-c-src_2_7_0/doc/html/apiDocs/DOMNotation_8hpp.html
xerces-c-src_2_7_0/doc/html/apiDocs/DOMNodeList_8hpp__incl.png
xerces-c-src_2_7_0/doc/html/apiDocs/DOMNodeList_8hpp__incl.map
xerces-c-src_2_7_0/doc/html/apiDocs/DOMNotation_8hpp__incl.md5
xerces-c-src_2_7_0/doc/html/apiDocs/DOMPSVITypeInfo_8hpp.html
xerces-c-src_2_7_0/doc/html/apiDocs/DOMNotation_8hpp__incl.png
xerces-c-src_2_7_0/doc/html/apiDocs/DOMNotation_8hpp__incl.map
xerces-c-src_2_7_0/doc/html/apiDocs/DOMProcessingInstruction_8hpp.html
xerces-c-src_2_7_0/doc/html/apiDocs/DOMProcessingInstruction_8hpp__incl.md5
xerces-c-src_2_7_0/doc/html/apiDocs/DOMPSVITypeInfo_8hpp__incl.md5
xerces-c-src_2_7_0/doc/html/apiDocs/DOMProcessingInstruction_8hpp__incl.png
xerces-c-src_2_7_0/doc/html/apiDocs/DOMProcessingInstruction_8hpp__incl.map
xerces-c-src_2_7_0/doc/html/apiDocs/DOMRange_8hpp.html
xerces-c-src_2_7_0/doc/html/apiDocs/DOMPSVITypeInfo_8hpp__incl.png
xerces-c-src_2_7_0/doc/html/apiDocs/DOMPSVITypeInfo_8hpp__incl.map
xerces-c-src_2_7_0/doc/html/apiDocs/DOMRange_8hpp__incl.md5
xerces-c-src_2_7_0/doc/html/apiDocs/DOMText_8hpp.html
xerces-c-src_2_7_0/doc/html/apiDocs/DOMRange_8hpp__incl.png
xerces-c-src_2_7_0/doc/html/apiDocs/DOMRange_8hpp__incl.map
xerces-c-src_2_7_0/doc/html/apiDocs/DOMRangeException_8hpp.html
xerces-c-src_2_7_0/doc/html/apiDocs/DOMRangeException_8hpp__incl.md5
xerces-c-src_2_7_0/doc/html/apiDocs/DOMText_8hpp__incl.md5
xerces-c-src_2_7_0/doc/html/apiDocs/DOMRangeException_8hpp__incl.png
xerces-c-src_2_7_0/doc/html/apiDocs/DOMRangeException_8hpp__incl.map
xerces-c-src_2_7_0/doc/html/apiDocs/DOMRangeException_8hpp__dep__incl.md5
xerces-c-src_2_7_0/doc/html/apiDocs/DOMText_8hpp__dep__incl.md5
xerces-c-src_2_7_0/doc/html/apiDocs/functions.html
xerces-c-src_2_7_0/doc/html/apiDocs/DOMRangeException_8hpp__dep__incl.png
xerces-c-src_2_7_0/doc/html/apiDocs/DOMRangeException_8hpp__dep__incl.map
xerces-c-src_2_7_0/doc/html/apiDocs/DOMText_8hpp__incl.png
xerces-c-src_2_7_0/doc/html/apiDocs/DOMText_8hpp__incl.map
xerces-c-src_2_7_0/doc/html/apiDocs/DOMTreeWalker_8hpp.html
xerces-c-src_2_7_0/doc/html/apiDocs/DOMText_8hpp__dep__incl.png
xerces-c-src_2_7_0/doc/html/apiDocs/DOMText_8hpp__dep__incl.map
xerces-c-src_2_7_0/doc/html/apiDocs/DOMTreeWalker_8hpp__incl.md5
xerces-c-src_2_7_0/doc/html/apiDocs/DOMTypeInfo_8hpp.html
xerces-c-src_2_7_0/doc/html/apiDocs/DOMTreeWalker_8hpp__incl.png
xerces-c-src_2_7_0/doc/html/apiDocs/DOMTreeWalker_8hpp__incl.map
xerces-c-src_2_7_0/doc/html/apiDocs/DOMTypeInfo_8hpp__incl.md5
xerces-c-src_2_7_0/doc/html/apiDocs/DOMUserDataHandler_8hpp.html
xerces-c-src_2_7_0/doc/html/apiDocs/DOMTypeInfo_8hpp__incl.png
xerces-c-src_2_7_0/doc/html/apiDocs/DOMTypeInfo_8hpp__incl.map
xerces-c-src_2_7_0/doc/html/apiDocs/DOMUserDataHandler_8hpp__incl.md5
xerces-c-src_2_7_0/doc/html/apiDocs/DOMWriter_8hpp.html
xerces-c-src_2_7_0/doc/html/apiDocs/DOMUserDataHandler_8hpp__incl.png
xerces-c-src_2_7_0/doc/html/apiDocs/DOMUserDataHandler_8hpp__incl.map
xerces-c-src_2_7_0/doc/html/apiDocs/DOMWriter_8hpp__incl.md5
xerces-c-src_2_7_0/doc/html/apiDocs/DOMXPathResult_8hpp.html
xerces-c-src_2_7_0/doc/html/apiDocs/DOMWriter_8hpp__incl.png
xerces-c-src_2_7_0/doc/html/apiDocs/DOMWriter_8hpp__incl.map
xerces-c-src_2_7_0/doc/html/apiDocs/DOMWriterFilter_8hpp.html
xerces-c-src_2_7_0/doc/html/apiDocs/DOMWriterFilter_8hpp__incl.md5
xerces-c-src_2_7_0/doc/html/apiDocs/DOMXPathEvaluator_8hpp.html
xerces-c-src_2_7_0/doc/html/apiDocs/classQName.html
xerces-c-src_2_7_0/doc/html/apiDocs/DOMWriterFilter_8hpp__incl.png
xerces-c-src_2_7_0/doc/html/apiDocs/DOMWriterFilter_8hpp__incl.map
xerces-c-src_2_7_0/doc/html/apiDocs/DOMWriterFilter_8hpp__dep__incl.md5
xerces-c-src_2_7_0/doc/html/apiDocs/DOMXPathEvaluator_8hpp__incl.md5
xerces-c-src_2_7_0/doc/html/apiDocs/DOMWriterFilter_8hpp__dep__incl.png
xerces-c-src_2_7_0/doc/html/apiDocs/DOMWriterFilter_8hpp__dep__incl.map
xerces-c-src_2_7_0/doc/html/apiDocs/DOMXPathException_8hpp.html
xerces-c-src_2_7_0/doc/html/apiDocs/DOMXPathEvaluator_8hpp__incl.png
xerces-c-src_2_7_0/doc/html/apiDocs/DOMXPathEvaluator_8hpp__incl.map
xerces-c-src_2_7_0/doc/html/apiDocs/DOMXPathEvaluator_8hpp__dep__incl.md5
xerces-c-src_2_7_0/doc/html/apiDocs/DOMXPathException_8hpp__incl.md5
xerces-c-src_2_7_0/doc/html/apiDocs/DOMXPathExpression_8hpp.html
xerces-c-src_2_7_0/doc/html/apiDocs/DOMXPathEvaluator_8hpp__dep__incl.png
xerces-c-src_2_7_0/doc/html/apiDocs/DOMXPathEvaluator_8hpp__dep__incl.map
xerces-c-src_2_7_0/doc/html/apiDocs/DOMXPathException_8hpp__incl.png
xerces-c-src_2_7_0/doc/html/apiDocs/DOMXPathException_8hpp__incl.map
xerces-c-src_2_7_0/doc/html/apiDocs/DOMXPathExpression_8hpp__incl.md5
xerces-c-src_2_7_0/doc/html/apiDocs/DOMXPathNamespace_8hpp.html
xerces-c-src_2_7_0/doc/html/apiDocs/DOMXPathExpression_8hpp__incl.png
xerces-c-src_2_7_0/doc/html/apiDocs/DOMXPathExpression_8hpp__incl.map
xerces-c-src_2_7_0/doc/html/apiDocs/DOMXPathNamespace_8hpp__incl.md5
xerces-c-src_2_7_0/doc/html/apiDocs/DOMXPathNSResolver_8hpp.html
xerces-c-src_2_7_0/doc/html/apiDocs/DOMXPathNamespace_8hpp__incl.png
xerces-c-src_2_7_0/doc/html/apiDocs/DTDHandler_8hpp.html
xerces-c-src_2_7_0/doc/html/apiDocs/DOMXPathNamespace_8hpp__incl.map
xerces-c-src_2_7_0/doc/html/apiDocs/DOMXPathNSResolver_8hpp__incl.md5
xerces-c-src_2_7_0/doc/html/apiDocs/DOMXPathResult_8hpp__incl.md5
xerces-c-src_2_7_0/doc/html/apiDocs/DOMXPathNSResolver_8hpp__incl.png
xerces-c-src_2_7_0/doc/html/apiDocs/DOMXPathNSResolver_8hpp__incl.map
xerces-c-src_2_7_0/doc/html/apiDocs/DOMXPathResult_8hpp__incl.png
xerces-c-src_2_7_0/doc/html/apiDocs/DOMXPathResult_8hpp__incl.map
xerces-c-src_2_7_0/doc/html/apiDocs/DTDHandler_8hpp__incl.md5
xerces-c-src_2_7_0/doc/html/apiDocs/EntityResolver_8hpp.html
xerces-c-src_2_7_0/doc/html/apiDocs/DTDHandler_8hpp__incl.png
xerces-c-src_2_7_0/doc/html/apiDocs/DTDHandler_8hpp__incl.map
xerces-c-src_2_7_0/doc/html/apiDocs/DTDHandler_8hpp__dep__incl.md5
xerces-c-src_2_7_0/doc/html/apiDocs/ErrorHandler_8hpp.html
xerces-c-src_2_7_0/doc/html/apiDocs/EmptyStackException_8hpp.html
xerces-c-src_2_7_0/doc/html/apiDocs/DTDHandler_8hpp__dep__incl.png
xerces-c-src_2_7_0/doc/html/apiDocs/DTDHandler_8hpp__dep__incl.map
xerces-c-src_2_7_0/doc/html/apiDocs/EmptyStackException_8hpp__incl.md5
xerces-c-src_2_7_0/doc/html/apiDocs/EntityResolver_8hpp__incl.md5
xerces-c-src_2_7_0/doc/html/apiDocs/EmptyStackException_8hpp__incl.png
xerces-c-src_2_7_0/doc/html/apiDocs/EmptyStackException_8hpp__incl.map
xerces-c-src_2_7_0/doc/html/apiDocs/EntityResolver_8hpp__incl.png
xerces-c-src_2_7_0/doc/html/apiDocs/EntityResolver_8hpp__incl.map
xerces-c-src_2_7_0/doc/html/apiDocs/EntityResolver_8hpp__dep__incl.md5
xerces-c-src_2_7_0/doc/html/apiDocs/ErrorHandler_8hpp__incl.md5
xerces-c-src_2_7_0/doc/html/apiDocs/EntityResolver_8hpp__dep__incl.png
xerces-c-src_2_7_0/doc/html/apiDocs/EntityResolver_8hpp__dep__incl.map
xerces-c-src_2_7_0/doc/html/apiDocs/HandlerBase_8hpp.html
xerces-c-src_2_7_0/doc/html/apiDocs/ErrorHandler_8hpp__incl.png
xerces-c-src_2_7_0/doc/html/apiDocs/ErrorHandler_8hpp__incl.map
xerces-c-src_2_7_0/doc/html/apiDocs/ErrorHandler_8hpp__dep__incl.md5
xerces-c-src_2_7_0/doc/html/apiDocs/HandlerBase_8hpp__incl.md5
xerces-c-src_2_7_0/doc/html/apiDocs/ErrorHandler_8hpp__dep__incl.png
xerces-c-src_2_7_0/doc/html/apiDocs/ErrorHandler_8hpp__dep__incl.map
xerces-c-src_2_7_0/doc/html/apiDocs/MemBufFormatTarget_8hpp.html
xerces-c-src_2_7_0/doc/html/apiDocs/HandlerBase_8hpp__incl.png
xerces-c-src_2_7_0/doc/html/apiDocs/HandlerBase_8hpp__incl.map
xerces-c-src_2_7_0/doc/html/apiDocs/HexBin_8hpp__incl.md5
xerces-c-src_2_7_0/doc/html/apiDocs/InputSource_8hpp.html
xerces-c-src_2_7_0/doc/html/apiDocs/HexBin_8hpp__incl.png
xerces-c-src_2_7_0/doc/html/apiDocs/HexBin_8hpp__incl.map
xerces-c-src_2_7_0/doc/html/apiDocs/IllegalArgumentException_8hpp.html
xerces-c-src_2_7_0/doc/html/apiDocs/IllegalArgumentException_8hpp__incl.md5
xerces-c-src_2_7_0/doc/html/apiDocs/InputSource_8hpp__incl.md5
xerces-c-src_2_7_0/doc/html/apiDocs/IllegalArgumentException_8hpp__incl.png
xerces-c-src_2_7_0/doc/html/apiDocs/IllegalArgumentException_8hpp__incl.map
xerces-c-src_2_7_0/doc/html/apiDocs/IOException_8hpp.html
xerces-c-src_2_7_0/doc/html/apiDocs/InputSource_8hpp__incl.png
xerces-c-src_2_7_0/doc/html/apiDocs/InputSource_8hpp__incl.map
xerces-c-src_2_7_0/doc/html/apiDocs/InputSource_8hpp__dep__incl.md5
xerces-c-src_2_7_0/doc/html/apiDocs/InvalidCastException_8hpp.html
xerces-c-src_2_7_0/doc/html/apiDocs/InputSource_8hpp__dep__incl.png
xerces-c-src_2_7_0/doc/html/apiDocs/InputSource_8hpp__dep__incl.map
xerces-c-src_2_7_0/doc/html/apiDocs/InvalidCastException_8hpp__incl.md5
xerces-c-src_2_7_0/doc/html/apiDocs/IOException_8hpp__incl.md5
xerces-c-src_2_7_0/doc/html/apiDocs/InvalidCastException_8hpp__incl.png
xerces-c-src_2_7_0/doc/html/apiDocs/InvalidCastException_8hpp__incl.map
xerces-c-src_2_7_0/doc/html/apiDocs/LexicalHandler_8hpp.html
xerces-c-src_2_7_0/doc/html/apiDocs/IOException_8hpp__incl.png
xerces-c-src_2_7_0/doc/html/apiDocs/IOException_8hpp__incl.map
xerces-c-src_2_7_0/doc/html/apiDocs/LexicalHandler_8hpp__incl.md5
xerces-c-src_2_7_0/doc/html/apiDocs/LocalFileFormatTarget_8hpp.html
xerces-c-src_2_7_0/doc/html/apiDocs/LexicalHandler_8hpp__incl.png
xerces-c-src_2_7_0/doc/html/apiDocs/LexicalHandler_8hpp__incl.map
xerces-c-src_2_7_0/doc/html/apiDocs/Locator_8hpp.html
xerces-c-src_2_7_0/doc/html/apiDocs/LexicalHandler_8hpp__dep__incl.md5
xerces-c-src_2_7_0/doc/html/apiDocs/LocalFileFormatTarget_8hpp__incl.md5
xerces-c-src_2_7_0/doc/html/apiDocs/LexicalHandler_8hpp__dep__incl.png
xerces-c-src_2_7_0/doc/html/apiDocs/LexicalHandler_8hpp__dep__incl.map
xerces-c-src_2_7_0/doc/html/apiDocs/LocalFileInputSource_8hpp.html
xerces-c-src_2_7_0/doc/html/apiDocs/LocalFileFormatTarget_8hpp__incl.png
xerces-c-src_2_7_0/doc/html/apiDocs/LocalFileFormatTarget_8hpp__incl.map
xerces-c-src_2_7_0/doc/html/apiDocs/LocalFileInputSource_8hpp__incl.md5
xerces-c-src_2_7_0/doc/html/apiDocs/LocalFileInputSource_8hpp__incl.png
xerces-c-src_2_7_0/doc/html/apiDocs/LocalFileInputSource_8hpp__incl.map
xerces-c-src_2_7_0/doc/html/apiDocs/Locator_8hpp__incl.md5
xerces-c-src_2_7_0/doc/html/apiDocs/MemoryManager_8hpp.html
xerces-c-src_2_7_0/doc/html/apiDocs/Locator_8hpp__incl.png
xerces-c-src_2_7_0/doc/html/apiDocs/Locator_8hpp__incl.map
xerces-c-src_2_7_0/doc/html/apiDocs/MemBufInputSource_8hpp.html
xerces-c-src_2_7_0/doc/html/apiDocs/MemBufFormatTarget_8hpp__incl.md5
xerces-c-src_2_7_0/doc/html/apiDocs/SchemaDateTimeException_8hpp.html
xerces-c-src_2_7_0/doc/html/apiDocs/MemBufFormatTarget_8hpp__incl.png
xerces-c-src_2_7_0/doc/html/apiDocs/MemBufFormatTarget_8hpp__incl.map
xerces-c-src_2_7_0/doc/html/apiDocs/MemBufInputSource_8hpp__incl.md5
xerces-c-src_2_7_0/doc/html/apiDocs/MemoryManager_8hpp__incl.md5
xerces-c-src_2_7_0/doc/html/apiDocs/MemBufInputSource_8hpp__incl.png
xerces-c-src_2_7_0/doc/html/apiDocs/MemBufInputSource_8hpp__incl.map
xerces-c-src_2_7_0/doc/html/apiDocs/PanicHandler_8hpp.html
xerces-c-src_2_7_0/doc/html/apiDocs/Parser_8hpp.html
xerces-c-src_2_7_0/doc/html/apiDocs/MemoryManager_8hpp__incl.png
xerces-c-src_2_7_0/doc/html/apiDocs/MemoryManager_8hpp__incl.map
xerces-c-src_2_7_0/doc/html/apiDocs/MemoryManager_8hpp__dep__incl.md5
xerces-c-src_2_7_0/doc/html/apiDocs/NoSuchElementException_8hpp.html
xerces-c-src_2_7_0/doc/html/apiDocs/MemoryManager_8hpp__dep__incl.png
xerces-c-src_2_7_0/doc/html/apiDocs/MemoryManager_8hpp__dep__incl.map
xerces-c-src_2_7_0/doc/html/apiDocs/NoSuchElementException_8hpp__incl.md5
xerces-c-src_2_7_0/doc/html/apiDocs/NullPointerException_8hpp.html
xerces-c-src_2_7_0/doc/html/apiDocs/NoSuchElementException_8hpp__incl.png
xerces-c-src_2_7_0/doc/html/apiDocs/NoSuchElementException_8hpp__incl.map
xerces-c-src_2_7_0/doc/html/apiDocs/NullPointerException_8hpp__incl.md5
xerces-c-src_2_7_0/doc/html/apiDocs/PSVIItem_8hpp.html
xerces-c-src_2_7_0/doc/html/apiDocs/NumberFormatException_8hpp.html
xerces-c-src_2_7_0/doc/html/apiDocs/NullPointerException_8hpp__incl.png
xerces-c-src_2_7_0/doc/html/apiDocs/NullPointerException_8hpp__incl.map
xerces-c-src_2_7_0/doc/html/apiDocs/NumberFormatException_8hpp__incl.md5
xerces-c-src_2_7_0/doc/html/apiDocs/OutOfMemoryException_8hpp.html
xerces-c-src_2_7_0/doc/html/apiDocs/NumberFormatException_8hpp__incl.png
xerces-c-src_2_7_0/doc/html/apiDocs/NumberFormatException_8hpp__incl.map
xerces-c-src_2_7_0/doc/html/apiDocs/OutOfMemoryException_8hpp__incl.md5
xerces-c-src_2_7_0/doc/html/apiDocs/PanicHandler_8hpp__incl.md5
xerces-c-src_2_7_0/doc/html/apiDocs/OutOfMemoryException_8hpp__incl.png
xerces-c-src_2_7_0/doc/html/apiDocs/ParseException_8hpp.html
xerces-c-src_2_7_0/doc/html/apiDocs/PanicHandler_8hpp__incl.png
xerces-c-src_2_7_0/doc/html/apiDocs/OutOfMemoryException_8hpp__incl.map
xerces-c-src_2_7_0/doc/html/apiDocs/PanicHandler_8hpp__incl.map
xerces-c-src_2_7_0/doc/html/apiDocs/PanicHandler_8hpp__dep__incl.md5
xerces-c-src_2_7_0/doc/html/apiDocs/ParseException_8hpp__incl.md5
xerces-c-src_2_7_0/doc/html/apiDocs/PanicHandler_8hpp__dep__incl.png
xerces-c-src_2_7_0/doc/html/apiDocs/PanicHandler_8hpp__dep__incl.map
xerces-c-src_2_7_0/doc/html/apiDocs/Parser_8hpp__incl.md5
xerces-c-src_2_7_0/doc/html/apiDocs/ParseException_8hpp__incl.png
xerces-c-src_2_7_0/doc/html/apiDocs/ParseException_8hpp__incl.map
xerces-c-src_2_7_0/doc/html/apiDocs/PlatformUtils_8hpp.html
xerces-c-src_2_7_0/doc/html/apiDocs/Parser_8hpp__incl.png
xerces-c-src_2_7_0/doc/html/apiDocs/Parser_8hpp__incl.map
xerces-c-src_2_7_0/doc/html/apiDocs/Parser_8hpp__dep__incl.md5
xerces-c-src_2_7_0/doc/html/apiDocs/PlatformUtils_8hpp__incl.md5
xerces-c-src_2_7_0/doc/html/apiDocs/Parser_8hpp__dep__incl.png
xerces-c-src_2_7_0/doc/html/apiDocs/Parser_8hpp__dep__incl.map
xerces-c-src_2_7_0/doc/html/apiDocs/PSVIAttribute_8hpp.html
xerces-c-src_2_7_0/doc/html/apiDocs/PlatformUtils_8hpp__incl.png
xerces-c-src_2_7_0/doc/html/apiDocs/PlatformUtils_8hpp__incl.map
xerces-c-src_2_7_0/doc/html/apiDocs/PlatformUtils_8hpp__dep__incl.md5
xerces-c-src_2_7_0/doc/html/apiDocs/PSVIAttribute_8hpp__incl.md5
xerces-c-src_2_7_0/doc/html/apiDocs/PlatformUtils_8hpp__dep__incl.png
xerces-c-src_2_7_0/doc/html/apiDocs/PlatformUtils_8hpp__dep__incl.map
xerces-c-src_2_7_0/doc/html/apiDocs/PSVIAttributeList_8hpp.html
xerces-c-src_2_7_0/doc/html/apiDocs/PSVIAttribute_8hpp__incl.png
xerces-c-src_2_7_0/doc/html/apiDocs/PSVIAttribute_8hpp__incl.map
xerces-c-src_2_7_0/doc/html/apiDocs/PSVIAttribute_8hpp__dep__incl.md5
xerces-c-src_2_7_0/doc/html/apiDocs/PSVIAttributeList_8hpp__incl.md5
xerces-c-src_2_7_0/doc/html/apiDocs/PSVIAttribute_8hpp__dep__incl.png
xerces-c-src_2_7_0/doc/html/apiDocs/PSVIAttribute_8hpp__dep__incl.map
xerces-c-src_2_7_0/doc/html/apiDocs/PSVIElement_8hpp.html
xerces-c-src_2_7_0/doc/html/apiDocs/PSVIAttributeList_8hpp__incl.png
xerces-c-src_2_7_0/doc/html/apiDocs/PSVIAttributeList_8hpp__incl.map
xerces-c-src_2_7_0/doc/html/apiDocs/PSVIAttributeList_8hpp__dep__incl.md5
xerces-c-src_2_7_0/doc/html/apiDocs/PSVIElement_8hpp__incl.md5
xerces-c-src_2_7_0/doc/html/apiDocs/PSVIAttributeList_8hpp__dep__incl.png
xerces-c-src_2_7_0/doc/html/apiDocs/PSVIAttributeList_8hpp__dep__incl.map
xerces-c-src_2_7_0/doc/html/apiDocs/PSVIHandler_8hpp.html
xerces-c-src_2_7_0/doc/html/apiDocs/PSVIElement_8hpp__incl.png
xerces-c-src_2_7_0/doc/html/apiDocs/PSVIElement_8hpp__incl.map
xerces-c-src_2_7_0/doc/html/apiDocs/PSVIElement_8hpp__dep__incl.md5
xerces-c-src_2_7_0/doc/html/apiDocs/PSVIHandler_8hpp__incl.md5
xerces-c-src_2_7_0/doc/html/apiDocs/PSVIElement_8hpp__dep__incl.png
xerces-c-src_2_7_0/doc/html/apiDocs/PSVIElement_8hpp__dep__incl.map
xerces-c-src_2_7_0/doc/html/apiDocs/PSVIHandler_8hpp__incl.png
xerces-c-src_2_7_0/doc/html/apiDocs/PSVIHandler_8hpp__incl.map
xerces-c-src_2_7_0/doc/html/apiDocs/PSVIHandler_8hpp__dep__incl.md5
xerces-c-src_2_7_0/doc/html/apiDocs/PSVIItem_8hpp__incl.md5
xerces-c-src_2_7_0/doc/html/apiDocs/PSVIHandler_8hpp__dep__incl.png
xerces-c-src_2_7_0/doc/html/apiDocs/PSVIHandler_8hpp__dep__incl.map
xerces-c-src_2_7_0/doc/html/apiDocs/PSVIItem_8hpp__incl.png
xerces-c-src_2_7_0/doc/html/apiDocs/SAXParser_8hpp.html
xerces-c-src_2_7_0/doc/html/apiDocs/PSVIItem_8hpp__incl.map
xerces-c-src_2_7_0/doc/html/apiDocs/PSVIItem_8hpp__dep__incl.md5
xerces-c-src_2_7_0/doc/html/apiDocs/QName_8hpp__incl.md5
xerces-c-src_2_7_0/doc/html/apiDocs/PSVIItem_8hpp__dep__incl.png
xerces-c-src_2_7_0/doc/html/apiDocs/PSVIItem_8hpp__dep__incl.map
xerces-c-src_2_7_0/doc/html/apiDocs/QName_8hpp__incl.png
xerces-c-src_2_7_0/doc/html/apiDocs/QName_8hpp__incl.map
xerces-c-src_2_7_0/doc/html/apiDocs/QName_8hpp__dep__incl.md5
xerces-c-src_2_7_0/doc/html/apiDocs/RuntimeException_8hpp.html
xerces-c-src_2_7_0/doc/html/apiDocs/QName_8hpp__dep__incl.png
xerces-c-src_2_7_0/doc/html/apiDocs/QName_8hpp__dep__incl.map
xerces-c-src_2_7_0/doc/html/apiDocs/RuntimeException_8hpp__incl.md5
xerces-c-src_2_7_0/doc/html/apiDocs/SAX2XMLFilter_8hpp.html
xerces-c-src_2_7_0/doc/html/apiDocs/RuntimeException_8hpp__incl.png
xerces-c-src_2_7_0/doc/html/apiDocs/RuntimeException_8hpp__incl.map
xerces-c-src_2_7_0/doc/html/apiDocs/SAX2XMLFilter_8hpp__incl.md5
xerces-c-src_2_7_0/doc/html/apiDocs/SAX2XMLReader_8hpp.html
xerces-c-src_2_7_0/doc/html/apiDocs/SAX2XMLFilter_8hpp__incl.png
xerces-c-src_2_7_0/doc/html/apiDocs/SAX2XMLFilter_8hpp__incl.map
xerces-c-src_2_7_0/doc/html/apiDocs/SAX2XMLReader_8hpp__incl.md5
xerces-c-src_2_7_0/doc/html/apiDocs/SAXException_8hpp.html
xerces-c-src_2_7_0/doc/html/apiDocs/SAX2XMLReader_8hpp__incl.png
xerces-c-src_2_7_0/doc/html/apiDocs/SAX2XMLReader_8hpp__incl.map
xerces-c-src_2_7_0/doc/html/apiDocs/SAX2XMLReader_8hpp__dep__incl.md5
xerces-c-src_2_7_0/doc/html/apiDocs/SAXException_8hpp__incl.md5
xerces-c-src_2_7_0/doc/html/apiDocs/SAX2XMLReader_8hpp__dep__incl.png
xerces-c-src_2_7_0/doc/html/apiDocs/SAX2XMLReader_8hpp__dep__incl.map
xerces-c-src_2_7_0/doc/html/apiDocs/SAXParseException_8hpp.html
xerces-c-src_2_7_0/doc/html/apiDocs/SAXException_8hpp__incl.png
xerces-c-src_2_7_0/doc/html/apiDocs/SAXException_8hpp__incl.map
xerces-c-src_2_7_0/doc/html/apiDocs/SAXException_8hpp__dep__incl.md5
xerces-c-src_2_7_0/doc/html/apiDocs/SAXParseException_8hpp__incl.md5
xerces-c-src_2_7_0/doc/html/apiDocs/SAXException_8hpp__dep__incl.png
xerces-c-src_2_7_0/doc/html/apiDocs/SAXException_8hpp__dep__incl.map
xerces-c-src_2_7_0/doc/html/apiDocs/SAXParser_8hpp__incl.md5
xerces-c-src_2_7_0/doc/html/apiDocs/SAXParseException_8hpp__incl.png
xerces-c-src_2_7_0/doc/html/apiDocs/SAXParseException_8hpp__incl.map
xerces-c-src_2_7_0/doc/html/apiDocs/SAXParseException_8hpp__dep__incl.md5
xerces-c-src_2_7_0/doc/html/apiDocs/UnsupportedEncodingException_8hpp.html
xerces-c-src_2_7_0/doc/html/apiDocs/SAXParseException_8hpp__dep__incl.png
xerces-c-src_2_7_0/doc/html/apiDocs/SAXParseException_8hpp__dep__incl.map
xerces-c-src_2_7_0/doc/html/apiDocs/SAXParser_8hpp__incl.png
xerces-c-src_2_7_0/doc/html/apiDocs/SAXParser_8hpp__incl.map
xerces-c-src_2_7_0/doc/html/apiDocs/SchemaDateTimeException_8hpp__incl.md5
xerces-c-src_2_7_0/doc/html/apiDocs/SecurityManager_8hpp.html
xerces-c-src_2_7_0/doc/html/apiDocs/SchemaDateTimeException_8hpp__incl.png
xerces-c-src_2_7_0/doc/html/apiDocs/SchemaDateTimeException_8hpp__incl.map
xerces-c-src_2_7_0/doc/html/apiDocs/SchemaDateTimeException_8hpp__dep__incl.md5
xerces-c-src_2_7_0/doc/html/apiDocs/StDOMNode_8hpp.html
xerces-c-src_2_7_0/doc/html/apiDocs/SecurityManager_8hpp__incl.md5
xerces-c-src_2_7_0/doc/html/apiDocs/StdInInputSource_8hpp.html
xerces-c-src_2_7_0/doc/html/apiDocs/SchemaDateTimeException_8hpp__dep__incl.png
xerces-c-src_2_7_0/doc/html/apiDocs/SchemaDateTimeException_8hpp__dep__incl.map
xerces-c-src_2_7_0/doc/html/apiDocs/SecurityManager_8hpp__incl.png
xerces-c-src_2_7_0/doc/html/apiDocs/SecurityManager_8hpp__incl.map
xerces-c-src_2_7_0/doc/html/apiDocs/SecurityManager_8hpp__dep__incl.md5
xerces-c-src_2_7_0/doc/html/apiDocs/StdInInputSource_8hpp__incl.md5
xerces-c-src_2_7_0/doc/html/apiDocs/SecurityManager_8hpp__dep__incl.png
xerces-c-src_2_7_0/doc/html/apiDocs/SecurityManager_8hpp__dep__incl.map
xerces-c-src_2_7_0/doc/html/apiDocs/StDOMNode_8hpp__incl.md5
xerces-c-src_2_7_0/doc/html/apiDocs/StdInInputSource_8hpp__incl.png
xerces-c-src_2_7_0/doc/html/apiDocs/StdInInputSource_8hpp__incl.map
xerces-c-src_2_7_0/doc/html/apiDocs/TransService_8hpp.html
xerces-c-src_2_7_0/doc/html/apiDocs/StDOMNode_8hpp__incl.png
xerces-c-src_2_7_0/doc/html/apiDocs/StDOMNode_8hpp__incl.map
xerces-c-src_2_7_0/doc/html/apiDocs/StdOutFormatTarget_8hpp.html
xerces-c-src_2_7_0/doc/html/apiDocs/StdOutFormatTarget_8hpp__incl.md5
xerces-c-src_2_7_0/doc/html/apiDocs/SynchronizedStringPool_8hpp.html
xerces-c-src_2_7_0/doc/html/apiDocs/StdOutFormatTarget_8hpp__incl.png
xerces-c-src_2_7_0/doc/html/apiDocs/StdOutFormatTarget_8hpp__incl.map
xerces-c-src_2_7_0/doc/html/apiDocs/SynchronizedStringPool_8hpp__incl.md5
xerces-c-src_2_7_0/doc/html/apiDocs/TranscodingException_8hpp.html
xerces-c-src_2_7_0/doc/html/apiDocs/SynchronizedStringPool_8hpp__incl.png
xerces-c-src_2_7_0/doc/html/apiDocs/SynchronizedStringPool_8hpp__incl.map
xerces-c-src_2_7_0/doc/html/apiDocs/TransService_8hpp__incl.md5
xerces-c-src_2_7_0/doc/html/apiDocs/TranscodingException_8hpp__incl.md5
xerces-c-src_2_7_0/doc/html/apiDocs/TranscodingException_8hpp__incl.png
xerces-c-src_2_7_0/doc/html/apiDocs/TranscodingException_8hpp__incl.map
xerces-c-src_2_7_0/doc/html/apiDocs/URLInputSource_8hpp.html
xerces-c-src_2_7_0/doc/html/apiDocs/TransService_8hpp__incl.png
xerces-c-src_2_7_0/doc/html/apiDocs/TransService_8hpp__incl.map
xerces-c-src_2_7_0/doc/html/apiDocs/UnexpectedEOFException_8hpp.html
xerces-c-src_2_7_0/doc/html/apiDocs/UnexpectedEOFException_8hpp__incl.md5
xerces-c-src_2_7_0/doc/html/apiDocs/XMLUni_8hpp.html
xerces-c-src_2_7_0/doc/html/apiDocs/UnexpectedEOFException_8hpp__incl.png
xerces-c-src_2_7_0/doc/html/apiDocs/UnexpectedEOFException_8hpp__incl.map
xerces-c-src_2_7_0/doc/html/apiDocs/UnsupportedEncodingException_8hpp__incl.md5
xerces-c-src_2_7_0/doc/html/apiDocs/URLInputSource_8hpp__incl.md5
xerces-c-src_2_7_0/doc/html/apiDocs/UnsupportedEncodingException_8hpp__incl.png
xerces-c-src_2_7_0/doc/html/apiDocs/UnsupportedEncodingException_8hpp__incl.map
xerces-c-src_2_7_0/doc/html/apiDocs/UTFDataFormatException_8hpp.html
xerces-c-src_2_7_0/doc/html/apiDocs/URLInputSource_8hpp__incl.png
xerces-c-src_2_7_0/doc/html/apiDocs/URLInputSource_8hpp__incl.map
xerces-c-src_2_7_0/doc/html/apiDocs/UTFDataFormatException_8hpp__incl.md5
xerces-c-src_2_7_0/doc/html/apiDocs/ValidationContext_8hpp.html
xerces-c-src_2_7_0/doc/html/apiDocs/UTFDataFormatException_8hpp__incl.png
xerces-c-src_2_7_0/doc/html/apiDocs/UTFDataFormatException_8hpp__incl.map
xerces-c-src_2_7_0/doc/html/apiDocs/ValidationContext_8hpp__incl.md5
xerces-c-src_2_7_0/doc/html/apiDocs/Wrapper4DOMInputSource_8hpp.html
xerces-c-src_2_7_0/doc/html/apiDocs/ValidationContext_8hpp__incl.png
xerces-c-src_2_7_0/doc/html/apiDocs/ValidationContext_8hpp__incl.map
xerces-c-src_2_7_0/doc/html/apiDocs/Wrapper4DOMInputSource_8hpp__incl.md5
xerces-c-src_2_7_0/doc/html/apiDocs/Wrapper4InputSource_8hpp.html
xerces-c-src_2_7_0/doc/html/apiDocs/Wrapper4DOMInputSource_8hpp__incl.png
xerces-c-src_2_7_0/doc/html/apiDocs/Wrapper4DOMInputSource_8hpp__incl.map
xerces-c-src_2_7_0/doc/html/apiDocs/Wrapper4InputSource_8hpp__incl.md5
xerces-c-src_2_7_0/doc/html/apiDocs/XercesDefs_8hpp.html
xerces-c-src_2_7_0/doc/html/apiDocs/Wrapper4InputSource_8hpp__incl.png
xerces-c-src_2_7_0/doc/html/apiDocs/Wrapper4InputSource_8hpp__incl.map
xerces-c-src_2_7_0/doc/html/apiDocs/XercesVersion_8hpp.html
xerces-c-src_2_7_0/doc/html/apiDocs/XercesDefs_8hpp__incl.md5
xerces-c-src_2_7_0/doc/html/apiDocs/XercesDOMParser_8hpp.html
xerces-c-src_2_7_0/doc/html/apiDocs/XercesDefs_8hpp__incl.png
xerces-c-src_2_7_0/doc/html/apiDocs/XercesDefs_8hpp__incl.map
xerces-c-src_2_7_0/doc/html/apiDocs/XercesDefs_8hpp__dep__incl.md5
xerces-c-src_2_7_0/doc/html/apiDocs/XercesDOMParser_8hpp__incl.md5
xerces-c-src_2_7_0/doc/html/apiDocs/XercesDefs_8hpp__dep__incl.png
xerces-c-src_2_7_0/doc/html/apiDocs/XercesDefs_8hpp__dep__incl.map
xerces-c-src_2_7_0/doc/html/apiDocs/XercesDOMParser_8hpp__incl.png
xerces-c-src_2_7_0/doc/html/apiDocs/XercesDOMParser_8hpp__incl.map
xerces-c-src_2_7_0/doc/html/apiDocs/XercesVersion_8hpp__dep__incl.md5
xerces-c-src_2_7_0/doc/html/apiDocs/XMemory_8hpp.html
xerces-c-src_2_7_0/doc/html/apiDocs/XercesVersion_8hpp__dep__incl.png
xerces-c-src_2_7_0/doc/html/apiDocs/XercesVersion_8hpp__dep__incl.map
xerces-c-src_2_7_0/doc/html/apiDocs/XMemory_8hpp__incl.md5
xerces-c-src_2_7_0/doc/html/apiDocs/XMLAttDef_8hpp.html
xerces-c-src_2_7_0/doc/html/apiDocs/XMemory_8hpp__incl.png
xerces-c-src_2_7_0/doc/html/apiDocs/XMemory_8hpp__incl.map
xerces-c-src_2_7_0/doc/html/apiDocs/XMemory_8hpp__dep__incl.md5
xerces-c-src_2_7_0/doc/html/apiDocs/XMLAttDef_8hpp__incl.md5
xerces-c-src_2_7_0/doc/html/apiDocs/XMemory_8hpp__dep__incl.png
xerces-c-src_2_7_0/doc/html/apiDocs/XMemory_8hpp__dep__incl.map
xerces-c-src_2_7_0/doc/html/apiDocs/XMLAbstractDoubleFloat_8hpp.html
xerces-c-src_2_7_0/doc/html/apiDocs/XMLAbstractDoubleFloat_8hpp__incl.md5
xerces-c-src_2_7_0/doc/html/apiDocs/XMLAttDef_8hpp__dep__incl.md5
xerces-c-src_2_7_0/doc/html/apiDocs/XMLAbstractDoubleFloat_8hpp__incl.png
xerces-c-src_2_7_0/doc/html/apiDocs/XMLAbstractDoubleFloat_8hpp__incl.map
xerces-c-src_2_7_0/doc/html/apiDocs/XMLAbstractDoubleFloat_8hpp__dep__incl.md5
xerces-c-src_2_7_0/doc/html/apiDocs/XMLAttDef_8hpp__incl.png
xerces-c-src_2_7_0/doc/html/apiDocs/XMLAbstractDoubleFloat_8hpp__dep__incl.png
xerces-c-src_2_7_0/doc/html/apiDocs/XMLAbstractDoubleFloat_8hpp__dep__incl.map
xerces-c-src_2_7_0/doc/html/apiDocs/XMLAttDef_8hpp__incl.map
xerces-c-src_2_7_0/doc/html/apiDocs/XMLAttDefList_8hpp.html
xerces-c-src_2_7_0/doc/html/apiDocs/XMLAttDef_8hpp__dep__incl.png
xerces-c-src_2_7_0/doc/html/apiDocs/XMLAttDefList_8hpp__incl.md5
xerces-c-src_2_7_0/doc/html/apiDocs/XMLAttDef_8hpp__dep__incl.map
xerces-c-src_2_7_0/doc/html/apiDocs/XMLAttr_8hpp.html
xerces-c-src_2_7_0/doc/html/apiDocs/XMLAttDefList_8hpp__incl.png
xerces-c-src_2_7_0/doc/html/apiDocs/XMLAttDefList_8hpp__incl.map
xerces-c-src_2_7_0/doc/html/apiDocs/XMLAttDefList_8hpp__dep__incl.md5
xerces-c-src_2_7_0/doc/html/apiDocs/XMLAttr_8hpp__incl.md5
xerces-c-src_2_7_0/doc/html/apiDocs/XMLAttDefList_8hpp__dep__incl.png
xerces-c-src_2_7_0/doc/html/apiDocs/XMLAttDefList_8hpp__dep__incl.map
xerces-c-src_2_7_0/doc/html/apiDocs/XMLBigDecimal_8hpp.html
xerces-c-src_2_7_0/doc/html/apiDocs/XMLAttr_8hpp__incl.png
xerces-c-src_2_7_0/doc/html/apiDocs/XMLAttr_8hpp__incl.map
xerces-c-src_2_7_0/doc/html/apiDocs/XMLAttr_8hpp__dep__incl.md5
xerces-c-src_2_7_0/doc/html/apiDocs/XMLBigDecimal_8hpp__incl.md5
xerces-c-src_2_7_0/doc/html/apiDocs/XMLAttr_8hpp__dep__incl.png
xerces-c-src_2_7_0/doc/html/apiDocs/XMLAttr_8hpp__dep__incl.map
xerces-c-src_2_7_0/doc/html/apiDocs/XMLBigInteger_8hpp.html
xerces-c-src_2_7_0/doc/html/apiDocs/XMLChar_8hpp.html
xerces-c-src_2_7_0/doc/html/apiDocs/XMLBigDecimal_8hpp__incl.png
xerces-c-src_2_7_0/doc/html/apiDocs/XMLBigDecimal_8hpp__incl.map
xerces-c-src_2_7_0/doc/html/apiDocs/XMLBigInteger_8hpp__incl.md5
xerces-c-src_2_7_0/doc/html/apiDocs/XMLBigInteger_8hpp__incl.png
xerces-c-src_2_7_0/doc/html/apiDocs/XMLBigInteger_8hpp__incl.map
xerces-c-src_2_7_0/doc/html/apiDocs/XMLChar_8hpp__incl.md5
xerces-c-src_2_7_0/doc/html/apiDocs/XMLDateTime_8hpp.html
xerces-c-src_2_7_0/doc/html/apiDocs/XMLChar_8hpp__incl.png
xerces-c-src_2_7_0/doc/html/apiDocs/XMLChar_8hpp__incl.map
xerces-c-src_2_7_0/doc/html/apiDocs/XMLContentModel_8hpp.html
xerces-c-src_2_7_0/doc/html/apiDocs/XMLContentModel_8hpp__incl.md5
xerces-c-src_2_7_0/doc/html/apiDocs/XMLDateTime_8hpp__incl.md5
xerces-c-src_2_7_0/doc/html/apiDocs/XMLContentModel_8hpp__incl.png
xerces-c-src_2_7_0/doc/html/apiDocs/XMLDeleterFor_8hpp.html
xerces-c-src_2_7_0/doc/html/apiDocs/XMLContentModel_8hpp__incl.map
xerces-c-src_2_7_0/doc/html/apiDocs/XMLDateTime_8hpp__incl.png
xerces-c-src_2_7_0/doc/html/apiDocs/XMLDateTime_8hpp__incl.map
xerces-c-src_2_7_0/doc/html/apiDocs/XMLDeleterFor_8hpp__incl.md5
xerces-c-src_2_7_0/doc/html/apiDocs/XMLDocumentHandler_8hpp.html
xerces-c-src_2_7_0/doc/html/apiDocs/XMLDeleterFor_8hpp__incl.png
xerces-c-src_2_7_0/doc/html/apiDocs/XMLDeleterFor_8hpp__incl.map
xerces-c-src_2_7_0/doc/html/apiDocs/XMLDocumentHandler_8hpp__incl.md5
xerces-c-src_2_7_0/doc/html/apiDocs/XMLDOMMsg_8hpp.html
xerces-c-src_2_7_0/doc/html/apiDocs/XMLDocumentHandler_8hpp__incl.png
xerces-c-src_2_7_0/doc/html/apiDocs/XMLDocumentHandler_8hpp__incl.map
xerces-c-src_2_7_0/doc/html/apiDocs/XMLDocumentHandler_8hpp__dep__incl.md5
xerces-c-src_2_7_0/doc/html/apiDocs/XMLDouble_8hpp.html
xerces-c-src_2_7_0/doc/html/apiDocs/XMLDOMMsg_8hpp__incl.md5
xerces-c-src_2_7_0/doc/html/apiDocs/XMLDocumentHandler_8hpp__dep__incl.png
xerces-c-src_2_7_0/doc/html/apiDocs/XMLDocumentHandler_8hpp__dep__incl.map
xerces-c-src_2_7_0/doc/html/apiDocs/XMLDOMMsg_8hpp__incl.png
xerces-c-src_2_7_0/doc/html/apiDocs/XMLDOMMsg_8hpp__incl.map
xerces-c-src_2_7_0/doc/html/apiDocs/XMLDouble_8hpp__incl.md5
xerces-c-src_2_7_0/doc/html/apiDocs/XMLElementDecl_8hpp.html
xerces-c-src_2_7_0/doc/html/apiDocs/XMLDouble_8hpp__incl.png
xerces-c-src_2_7_0/doc/html/apiDocs/XMLDouble_8hpp__incl.map
xerces-c-src_2_7_0/doc/html/apiDocs/XMLDTDDescription_8hpp.html
xerces-c-src_2_7_0/doc/html/apiDocs/XMLDTDDescription_8hpp__incl.md5
xerces-c-src_2_7_0/doc/html/apiDocs/XMLElementDecl_8hpp__incl.md5
xerces-c-src_2_7_0/doc/html/apiDocs/XMLDTDDescription_8hpp__incl.png
xerces-c-src_2_7_0/doc/html/apiDocs/XMLDTDDescription_8hpp__incl.map
xerces-c-src_2_7_0/doc/html/apiDocs/XMLEntityDecl_8hpp.html
xerces-c-src_2_7_0/doc/html/apiDocs/XMLElementDecl_8hpp__incl.png
xerces-c-src_2_7_0/doc/html/apiDocs/XMLElementDecl_8hpp__incl.map
xerces-c-src_2_7_0/doc/html/apiDocs/XMLElementDecl_8hpp__dep__incl.md5
xerces-c-src_2_7_0/doc/html/apiDocs/XMLEntityDecl_8hpp__incl.md5
xerces-c-src_2_7_0/doc/html/apiDocs/XMLElementDecl_8hpp__dep__incl.png
xerces-c-src_2_7_0/doc/html/apiDocs/XMLElementDecl_8hpp__dep__incl.map
xerces-c-src_2_7_0/doc/html/apiDocs/XMLEntityHandler_8hpp.html
xerces-c-src_2_7_0/doc/html/apiDocs/XMLEntityDecl_8hpp__incl.png
xerces-c-src_2_7_0/doc/html/apiDocs/XMLEntityDecl_8hpp__incl.map
xerces-c-src_2_7_0/doc/html/apiDocs/XMLEntityHandler_8hpp__incl.md5
xerces-c-src_2_7_0/doc/html/apiDocs/XMLFloat_8hpp.html
xerces-c-src_2_7_0/doc/html/apiDocs/XMLEntityResolver_8hpp.html
xerces-c-src_2_7_0/doc/html/apiDocs/XMLEntityHandler_8hpp__incl.png
xerces-c-src_2_7_0/doc/html/apiDocs/XMLEntityHandler_8hpp__incl.map
xerces-c-src_2_7_0/doc/html/apiDocs/XMLEntityHandler_8hpp__dep__incl.md5
xerces-c-src_2_7_0/doc/html/apiDocs/XMLEntityResolver_8hpp__incl.md5
xerces-c-src_2_7_0/doc/html/apiDocs/XMLEntityHandler_8hpp__dep__incl.png
xerces-c-src_2_7_0/doc/html/apiDocs/XMLEntityHandler_8hpp__dep__incl.map
xerces-c-src_2_7_0/doc/html/apiDocs/XMLErrorCodes_8hpp.html
xerces-c-src_2_7_0/doc/html/apiDocs/XMLEntityResolver_8hpp__incl.png
xerces-c-src_2_7_0/doc/html/apiDocs/XMLEntityResolver_8hpp__incl.map
xerces-c-src_2_7_0/doc/html/apiDocs/XMLErrorCodes_8hpp__incl.md5
xerces-c-src_2_7_0/doc/html/apiDocs/XMLErrorReporter_8hpp.html
xerces-c-src_2_7_0/doc/html/apiDocs/XMLErrorCodes_8hpp__incl.png
xerces-c-src_2_7_0/doc/html/apiDocs/XMLErrorCodes_8hpp__incl.map
xerces-c-src_2_7_0/doc/html/apiDocs/XMLErrorReporter_8hpp__incl.md5
xerces-c-src_2_7_0/doc/html/apiDocs/XMLException_8hpp.html
xerces-c-src_2_7_0/doc/html/apiDocs/XMLErrorReporter_8hpp__incl.png
xerces-c-src_2_7_0/doc/html/apiDocs/XMLErrorReporter_8hpp__incl.map
xerces-c-src_2_7_0/doc/html/apiDocs/XMLErrorReporter_8hpp__dep__incl.md5
xerces-c-src_2_7_0/doc/html/apiDocs/XMLException_8hpp__incl.md5
xerces-c-src_2_7_0/doc/html/apiDocs/XMLErrorReporter_8hpp__dep__incl.png
xerces-c-src_2_7_0/doc/html/apiDocs/XMLErrorReporter_8hpp__dep__incl.map
xerces-c-src_2_7_0/doc/html/apiDocs/XMLException_8hpp__incl.png
xerces-c-src_2_7_0/doc/html/apiDocs/XMLException_8hpp__incl.map
xerces-c-src_2_7_0/doc/html/apiDocs/XMLHolder_8hpp.html
xerces-c-src_2_7_0/doc/html/apiDocs/XMLException_8hpp__dep__incl.md5
xerces-c-src_2_7_0/doc/html/apiDocs/XMLFloat_8hpp__incl.md5
xerces-c-src_2_7_0/doc/html/apiDocs/XMLException_8hpp__dep__incl.png
xerces-c-src_2_7_0/doc/html/apiDocs/XMLException_8hpp__dep__incl.map
xerces-c-src_2_7_0/doc/html/apiDocs/XMLFormatter_8hpp.html
xerces-c-src_2_7_0/doc/html/apiDocs/XMLFloat_8hpp__incl.png
xerces-c-src_2_7_0/doc/html/apiDocs/XMLFloat_8hpp__incl.map
xerces-c-src_2_7_0/doc/html/apiDocs/XMLFormatter_8hpp__incl.md5
xerces-c-src_2_7_0/doc/html/apiDocs/XMLGrammarPool_8hpp.html
xerces-c-src_2_7_0/doc/html/apiDocs/XMLFormatter_8hpp__incl.png
xerces-c-src_2_7_0/doc/html/apiDocs/XMLFormatter_8hpp__incl.map
xerces-c-src_2_7_0/doc/html/apiDocs/XMLFormatter_8hpp__dep__incl.md5
xerces-c-src_2_7_0/doc/html/apiDocs/XMLGrammarDescription_8hpp.html
xerces-c-src_2_7_0/doc/html/apiDocs/deprecated.html
xerces-c-src_2_7_0/doc/html/apiDocs/XMLFormatter_8hpp__dep__incl.png
xerces-c-src_2_7_0/doc/html/apiDocs/XMLFormatter_8hpp__dep__incl.map
xerces-c-src_2_7_0/doc/html/apiDocs/XMLGrammarDescription_8hpp__incl.md5
xerces-c-src_2_7_0/doc/html/apiDocs/XMLGrammarPool_8hpp__incl.md5
xerces-c-src_2_7_0/doc/html/apiDocs/XMLGrammarDescription_8hpp__incl.png
xerces-c-src_2_7_0/doc/html/apiDocs/XMLGrammarDescription_8hpp__incl.map
xerces-c-src_2_7_0/doc/html/apiDocs/XMLGrammarDescription_8hpp__dep__incl.md5
xerces-c-src_2_7_0/doc/html/apiDocs/XMLHolder_8hpp__incl.md5
xerces-c-src_2_7_0/doc/html/apiDocs/XMLGrammarDescription_8hpp__dep__incl.png
xerces-c-src_2_7_0/doc/html/apiDocs/XMLGrammarDescription_8hpp__dep__incl.map
xerces-c-src_2_7_0/doc/html/apiDocs/XMLGrammarPool_8hpp__incl.png
xerces-c-src_2_7_0/doc/html/apiDocs/XMLGrammarPool_8hpp__incl.map
xerces-c-src_2_7_0/doc/html/apiDocs/XMLInitializer_8hpp.html
xerces-c-src_2_7_0/doc/html/apiDocs/XMLHolder_8hpp__incl.png
xerces-c-src_2_7_0/doc/html/apiDocs/XMLHolder_8hpp__incl.map
xerces-c-src_2_7_0/doc/html/apiDocs/XMLIBM1047Transcoder_8hpp.html
xerces-c-src_2_7_0/doc/html/apiDocs/XMLIBM1047Transcoder_8hpp__incl.md5
xerces-c-src_2_7_0/doc/html/apiDocs/XMLInitializer_8hpp__incl.md5
xerces-c-src_2_7_0/doc/html/apiDocs/XMLIBM1047Transcoder_8hpp__incl.png
xerces-c-src_2_7_0/doc/html/apiDocs/XMLIBM1047Transcoder_8hpp__incl.map
xerces-c-src_2_7_0/doc/html/apiDocs/XMLInteger_8hpp.html
xerces-c-src_2_7_0/doc/html/apiDocs/XMLInitializer_8hpp__incl.png
xerces-c-src_2_7_0/doc/html/apiDocs/XMLInitializer_8hpp__incl.map
xerces-c-src_2_7_0/doc/html/apiDocs/XMLInteger_8hpp__incl.md5
xerces-c-src_2_7_0/doc/html/apiDocs/XMLNetAccessor_8hpp.html
xerces-c-src_2_7_0/doc/html/apiDocs/XMLInteger_8hpp__incl.png
xerces-c-src_2_7_0/doc/html/apiDocs/XMLInteger_8hpp__incl.map
xerces-c-src_2_7_0/doc/html/apiDocs/XMLNetAccessor_8hpp__incl.md5
xerces-c-src_2_7_0/doc/html/apiDocs/XMLNotationDecl_8hpp.html
xerces-c-src_2_7_0/doc/html/apiDocs/XMLNetAccessor_8hpp__incl.png
xerces-c-src_2_7_0/doc/html/apiDocs/XMLNetAccessor_8hpp__incl.map
xerces-c-src_2_7_0/doc/html/apiDocs/XMLNotationDecl_8hpp__incl.md5
xerces-c-src_2_7_0/doc/html/apiDocs/XMLNumber_8hpp.html
xerces-c-src_2_7_0/doc/html/apiDocs/XMLNotationDecl_8hpp__incl.png
xerces-c-src_2_7_0/doc/html/apiDocs/XMLNotationDecl_8hpp__incl.map
xerces-c-src_2_7_0/doc/html/apiDocs/XMLNumber_8hpp__incl.md5
xerces-c-src_2_7_0/doc/html/apiDocs/XMLString_8hpp.html
xerces-c-src_2_7_0/doc/html/apiDocs/XMLNumber_8hpp__incl.png
xerces-c-src_2_7_0/doc/html/apiDocs/XMLNumber_8hpp__incl.map
xerces-c-src_2_7_0/doc/html/apiDocs/XMLNumber_8hpp__dep__incl.md5
xerces-c-src_2_7_0/doc/html/apiDocs/XMLReaderFactory_8hpp.html
xerces-c-src_2_7_0/doc/html/apiDocs/XMLNumber_8hpp__dep__incl.png
xerces-c-src_2_7_0/doc/html/apiDocs/XMLNumber_8hpp__dep__incl.map
xerces-c-src_2_7_0/doc/html/apiDocs/XMLReaderFactory_8hpp__incl.md5
xerces-c-src_2_7_0/doc/html/apiDocs/XMLRegisterCleanup_8hpp.html
xerces-c-src_2_7_0/doc/html/apiDocs/XMLReaderFactory_8hpp__incl.png
xerces-c-src_2_7_0/doc/html/apiDocs/XMLReaderFactory_8hpp__incl.map
xerces-c-src_2_7_0/doc/html/apiDocs/XMLRegisterCleanup_8hpp__incl.md5
xerces-c-src_2_7_0/doc/html/apiDocs/XMLResourceIdentifier_8hpp.html
xerces-c-src_2_7_0/doc/html/apiDocs/XMLRegisterCleanup_8hpp__incl.png
xerces-c-src_2_7_0/doc/html/apiDocs/XMLValidator_8hpp.html
xerces-c-src_2_7_0/doc/html/apiDocs/XMLRegisterCleanup_8hpp__incl.map
xerces-c-src_2_7_0/doc/html/apiDocs/XMLResourceIdentifier_8hpp__dep__incl.md5
xerces-c-src_2_7_0/doc/html/apiDocs/XMLSchemaDescription_8hpp.html
xerces-c-src_2_7_0/doc/html/apiDocs/XMLResourceIdentifier_8hpp__dep__incl.png
xerces-c-src_2_7_0/doc/html/apiDocs/XMLResourceIdentifier_8hpp__dep__incl.map
xerces-c-src_2_7_0/doc/html/apiDocs/XMLSchemaDescription_8hpp__incl.md5
xerces-c-src_2_7_0/doc/html/apiDocs/XMLString_8hpp__incl.md5
xerces-c-src_2_7_0/doc/html/apiDocs/XMLSchemaDescription_8hpp__incl.png
xerces-c-src_2_7_0/doc/html/apiDocs/XMLSchemaDescription_8hpp__incl.map
xerces-c-src_2_7_0/doc/html/apiDocs/XMLString_8hpp__incl.png
xerces-c-src_2_7_0/doc/html/apiDocs/XMLString_8hpp__incl.map
xerces-c-src_2_7_0/doc/html/apiDocs/XMLUni_8hpp__incl.md5
xerces-c-src_2_7_0/doc/html/apiDocs/XMLString_8hpp__dep__incl.md5
xerces-c-src_2_7_0/doc/html/apiDocs/XMLStringTokenizer_8hpp.html
xerces-c-src_2_7_0/doc/html/apiDocs/XMLString_8hpp__dep__incl.png
xerces-c-src_2_7_0/doc/html/apiDocs/XMLString_8hpp__dep__incl.map
xerces-c-src_2_7_0/doc/html/apiDocs/XMLStringTokenizer_8hpp__incl.md5
xerces-c-src_2_7_0/doc/html/apiDocs/XMLStringTokenizer_8hpp__incl.png
xerces-c-src_2_7_0/doc/html/apiDocs/XMLStringTokenizer_8hpp__incl.map
xerces-c-src_2_7_0/doc/html/apiDocs/XMLUniDefs_8hpp.html
xerces-c-src_2_7_0/doc/html/apiDocs/XMLUni_8hpp__incl.png
xerces-c-src_2_7_0/doc/html/apiDocs/XMLUni_8hpp__incl.map
xerces-c-src_2_7_0/doc/html/apiDocs/XMLUni_8hpp__dep__incl.md5
xerces-c-src_2_7_0/doc/html/apiDocs/XMLUniDefs_8hpp__incl.md5
xerces-c-src_2_7_0/doc/html/apiDocs/XMLUni_8hpp__dep__incl.png
xerces-c-src_2_7_0/doc/html/apiDocs/XMLUni_8hpp__dep__incl.map
xerces-c-src_2_7_0/doc/html/apiDocs/XMLUri_8hpp.html
xerces-c-src_2_7_0/doc/html/apiDocs/XMLUniDefs_8hpp__incl.png
xerces-c-src_2_7_0/doc/html/apiDocs/XMLUniDefs_8hpp__incl.map
xerces-c-src_2_7_0/doc/html/apiDocs/XMLUniDefs_8hpp__dep__incl.md5
xerces-c-src_2_7_0/doc/html/apiDocs/XMLUri_8hpp__incl.md5
xerces-c-src_2_7_0/doc/html/apiDocs/XMLUniDefs_8hpp__dep__incl.png
xerces-c-src_2_7_0/doc/html/apiDocs/XMLUniDefs_8hpp__dep__incl.map
xerces-c-src_2_7_0/doc/html/apiDocs/XMLURL_8hpp.html
xerces-c-src_2_7_0/doc/html/apiDocs/XMLUri_8hpp__incl.png
xerces-c-src_2_7_0/doc/html/apiDocs/XMLUri_8hpp__incl.map
xerces-c-src_2_7_0/doc/html/apiDocs/XMLURL_8hpp__incl.md5
xerces-c-src_2_7_0/doc/html/apiDocs/XSAnnotation_8hpp.html
xerces-c-src_2_7_0/doc/html/apiDocs/XMLURL_8hpp__incl.png
xerces-c-src_2_7_0/doc/html/apiDocs/XMLURL_8hpp__incl.map
xerces-c-src_2_7_0/doc/html/apiDocs/XMLURL_8hpp__dep__incl.md5
xerces-c-src_2_7_0/doc/html/apiDocs/XMLValidator_8hpp__incl.md5
xerces-c-src_2_7_0/doc/html/apiDocs/XMLURL_8hpp__dep__incl.png
xerces-c-src_2_7_0/doc/html/apiDocs/XMLURL_8hpp__dep__incl.map
xerces-c-src_2_7_0/doc/html/apiDocs/XMLValidityCodes_8hpp.html
xerces-c-src_2_7_0/doc/html/apiDocs/XMLValidator_8hpp__incl.png
xerces-c-src_2_7_0/doc/html/apiDocs/XMLValidator_8hpp__incl.map
xerces-c-src_2_7_0/doc/html/apiDocs/XMLValidator_8hpp__dep__incl.md5
xerces-c-src_2_7_0/doc/html/apiDocs/XMLValidityCodes_8hpp__incl.md5
xerces-c-src_2_7_0/doc/html/apiDocs/XMLValidator_8hpp__dep__incl.png
xerces-c-src_2_7_0/doc/html/apiDocs/XMLValidator_8hpp__dep__incl.map
xerces-c-src_2_7_0/doc/html/apiDocs/XSAttributeUse_8hpp.html
xerces-c-src_2_7_0/doc/html/apiDocs/XSAnnotation_8hpp__incl.md5
xerces-c-src_2_7_0/doc/html/apiDocs/XMLValidityCodes_8hpp__incl.png
xerces-c-src_2_7_0/doc/html/apiDocs/XMLValidityCodes_8hpp__incl.map
xerces-c-src_2_7_0/doc/html/apiDocs/XMLValidityCodes_8hpp__dep__incl.md5
xerces-c-src_2_7_0/doc/html/apiDocs/XSAttributeDeclaration_8hpp.html
xerces-c-src_2_7_0/doc/html/apiDocs/XMLValidityCodes_8hpp__dep__incl.png
xerces-c-src_2_7_0/doc/html/apiDocs/XMLValidityCodes_8hpp__dep__incl.map
xerces-c-src_2_7_0/doc/html/apiDocs/XSAnnotation_8hpp__incl.png
xerces-c-src_2_7_0/doc/html/apiDocs/XSAnnotation_8hpp__incl.map
xerces-c-src_2_7_0/doc/html/apiDocs/XSAttributeDeclaration_8hpp__incl.md5
xerces-c-src_2_7_0/doc/html/apiDocs/XSAttributeGroupDefinition_8hpp.html
xerces-c-src_2_7_0/doc/html/apiDocs/XSAttributeDeclaration_8hpp__incl.png
xerces-c-src_2_7_0/doc/html/apiDocs/functions_func.html
xerces-c-src_2_7_0/doc/html/apiDocs/XSAttributeDeclaration_8hpp__incl.map
xerces-c-src_2_7_0/doc/html/apiDocs/XSAttributeGroupDefinition_8hpp__incl.md5
xerces-c-src_2_7_0/doc/html/apiDocs/XSAttributeGroupDefinition_8hpp__incl.png
xerces-c-src_2_7_0/doc/html/apiDocs/XSAttributeGroupDefinition_8hpp__incl.map
xerces-c-src_2_7_0/doc/html/apiDocs/XSAttributeUse_8hpp__incl.md5
xerces-c-src_2_7_0/doc/html/apiDocs/XSConstants_8hpp.html
xerces-c-src_2_7_0/doc/html/apiDocs/XSAttributeUse_8hpp__incl.png
xerces-c-src_2_7_0/doc/html/apiDocs/XSAttributeUse_8hpp__incl.map
xerces-c-src_2_7_0/doc/html/apiDocs/XSComplexTypeDefinition_8hpp.html
xerces-c-src_2_7_0/doc/html/apiDocs/XSComplexTypeDefinition_8hpp__incl.md5
xerces-c-src_2_7_0/doc/html/apiDocs/XSConstants_8hpp__incl.md5
xerces-c-src_2_7_0/doc/html/apiDocs/XSFacet_8hpp.html
xerces-c-src_2_7_0/doc/html/apiDocs/XSComplexTypeDefinition_8hpp__incl.png
xerces-c-src_2_7_0/doc/html/apiDocs/XSComplexTypeDefinition_8hpp__incl.map
xerces-c-src_2_7_0/doc/html/apiDocs/XSConstants_8hpp__incl.png
xerces-c-src_2_7_0/doc/html/apiDocs/XSConstants_8hpp__incl.map
xerces-c-src_2_7_0/doc/html/apiDocs/XSConstants_8hpp__dep__incl.md5
xerces-c-src_2_7_0/doc/html/apiDocs/XSElementDeclaration_8hpp.html
xerces-c-src_2_7_0/doc/html/apiDocs/XSConstants_8hpp__dep__incl.png
xerces-c-src_2_7_0/doc/html/apiDocs/XSConstants_8hpp__dep__incl.map
xerces-c-src_2_7_0/doc/html/apiDocs/XSElementDeclaration_8hpp__incl.md5
xerces-c-src_2_7_0/doc/html/apiDocs/XSFacet_8hpp__incl.md5
xerces-c-src_2_7_0/doc/html/apiDocs/XSElementDeclaration_8hpp__incl.png
xerces-c-src_2_7_0/doc/html/apiDocs/XSElementDeclaration_8hpp__incl.map
xerces-c-src_2_7_0/doc/html/apiDocs/XSModel_8hpp.html
xerces-c-src_2_7_0/doc/html/apiDocs/XSFacet_8hpp__incl.png
xerces-c-src_2_7_0/doc/html/apiDocs/XSFacet_8hpp__incl.map
xerces-c-src_2_7_0/doc/html/apiDocs/XSIDCDefinition_8hpp.html
xerces-c-src_2_7_0/doc/html/apiDocs/XSIDCDefinition_8hpp__incl.md5
xerces-c-src_2_7_0/doc/html/apiDocs/XSModel_8hpp__incl.md5
xerces-c-src_2_7_0/doc/html/apiDocs/XSIDCDefinition_8hpp__incl.png
xerces-c-src_2_7_0/doc/html/apiDocs/XSIDCDefinition_8hpp__incl.map
xerces-c-src_2_7_0/doc/html/apiDocs/XSModelGroup_8hpp.html
xerces-c-src_2_7_0/doc/html/apiDocs/XSModel_8hpp__incl.png
xerces-c-src_2_7_0/doc/html/apiDocs/XSModel_8hpp__incl.map
xerces-c-src_2_7_0/doc/html/apiDocs/XSModel_8hpp__dep__incl.md5
xerces-c-src_2_7_0/doc/html/apiDocs/XSModelGroup_8hpp__incl.md5
xerces-c-src_2_7_0/doc/html/apiDocs/XSModel_8hpp__dep__incl.png
xerces-c-src_2_7_0/doc/html/apiDocs/XSObject_8hpp.html
xerces-c-src_2_7_0/doc/html/apiDocs/XSModel_8hpp__dep__incl.map
xerces-c-src_2_7_0/doc/html/apiDocs/XSMultiValueFacet_8hpp.html
xerces-c-src_2_7_0/doc/html/apiDocs/XSModelGroup_8hpp__incl.png
xerces-c-src_2_7_0/doc/html/apiDocs/XSModelGroup_8hpp__incl.map
xerces-c-src_2_7_0/doc/html/apiDocs/XSModelGroupDefinition_8hpp.html
xerces-c-src_2_7_0/doc/html/apiDocs/XSModelGroupDefinition_8hpp__incl.md5
xerces-c-src_2_7_0/doc/html/apiDocs/XSMultiValueFacet_8hpp__incl.md5
xerces-c-src_2_7_0/doc/html/apiDocs/XSModelGroupDefinition_8hpp__incl.png
xerces-c-src_2_7_0/doc/html/apiDocs/XSModelGroupDefinition_8hpp__incl.map
xerces-c-src_2_7_0/doc/html/apiDocs/XSNamedMap_8hpp.html
xerces-c-src_2_7_0/doc/html/apiDocs/XSMultiValueFacet_8hpp__incl.png
xerces-c-src_2_7_0/doc/html/apiDocs/XSMultiValueFacet_8hpp__incl.map
xerces-c-src_2_7_0/doc/html/apiDocs/XSNamedMap_8hpp__incl.md5
xerces-c-src_2_7_0/doc/html/apiDocs/XSNamespaceItem_8hpp.html
xerces-c-src_2_7_0/doc/html/apiDocs/XSNamedMap_8hpp__incl.png
xerces-c-src_2_7_0/doc/html/apiDocs/XSNamedMap_8hpp__incl.map
xerces-c-src_2_7_0/doc/html/apiDocs/XSNamedMap_8hpp__dep__incl.md5
xerces-c-src_2_7_0/doc/html/apiDocs/XSNamespaceItem_8hpp__incl.md5
xerces-c-src_2_7_0/doc/html/apiDocs/XSNamedMap_8hpp__dep__incl.png
xerces-c-src_2_7_0/doc/html/apiDocs/XSNamedMap_8hpp__dep__incl.map
xerces-c-src_2_7_0/doc/html/apiDocs/XSNotationDeclaration_8hpp.html
xerces-c-src_2_7_0/doc/html/apiDocs/XSNamespaceItem_8hpp__incl.png
xerces-c-src_2_7_0/doc/html/apiDocs/XSNamespaceItem_8hpp__incl.map
xerces-c-src_2_7_0/doc/html/apiDocs/XSNotationDeclaration_8hpp__incl.md5
xerces-c-src_2_7_0/doc/html/apiDocs/XSObject_8hpp__incl.md5
xerces-c-src_2_7_0/doc/html/apiDocs/XSNotationDeclaration_8hpp__incl.png
xerces-c-src_2_7_0/doc/html/apiDocs/XSNotationDeclaration_8hpp__incl.map
xerces-c-src_2_7_0/doc/html/apiDocs/XSParticle_8hpp.html
xerces-c-src_2_7_0/doc/html/apiDocs/XSObject_8hpp__incl.png
xerces-c-src_2_7_0/doc/html/apiDocs/XSObject_8hpp__incl.map
xerces-c-src_2_7_0/doc/html/apiDocs/XSObject_8hpp__dep__incl.md5
xerces-c-src_2_7_0/doc/html/apiDocs/XSParticle_8hpp__incl.md5
xerces-c-src_2_7_0/doc/html/apiDocs/XSObject_8hpp__dep__incl.png
xerces-c-src_2_7_0/doc/html/apiDocs/XSObject_8hpp__dep__incl.map
xerces-c-src_2_7_0/doc/html/apiDocs/XSTypeDefinition_8hpp.html
xerces-c-src_2_7_0/doc/html/apiDocs/XSParticle_8hpp__incl.png
xerces-c-src_2_7_0/doc/html/apiDocs/XSParticle_8hpp__incl.map
xerces-c-src_2_7_0/doc/html/apiDocs/XSSimpleTypeDefinition_8hpp.html
xerces-c-src_2_7_0/doc/html/apiDocs/XSSimpleTypeDefinition_8hpp__incl.md5
xerces-c-src_2_7_0/doc/html/apiDocs/XSTypeDefinition_8hpp__incl.md5
xerces-c-src_2_7_0/doc/html/apiDocs/XSSimpleTypeDefinition_8hpp__incl.png
xerces-c-src_2_7_0/doc/html/apiDocs/XSSimpleTypeDefinition_8hpp__incl.map
xerces-c-src_2_7_0/doc/html/apiDocs/XSSimpleTypeDefinition_8hpp__dep__incl.md5
xerces-c-src_2_7_0/doc/html/apiDocs/XSTypeDefinition_8hpp__dep__incl.md5
xerces-c-src_2_7_0/doc/html/apiDocs/XSSimpleTypeDefinition_8hpp__dep__incl.png
xerces-c-src_2_7_0/doc/html/apiDocs/XSSimpleTypeDefinition_8hpp__dep__incl.map
xerces-c-src_2_7_0/doc/html/apiDocs/XSTypeDefinition_8hpp__incl.png
xerces-c-src_2_7_0/doc/html/apiDocs/XSValue_8hpp.html
xerces-c-src_2_7_0/doc/html/apiDocs/XSTypeDefinition_8hpp__incl.map
xerces-c-src_2_7_0/doc/html/apiDocs/XSValue_8hpp__incl.md5
xerces-c-src_2_7_0/doc/html/apiDocs/XSTypeDefinition_8hpp__dep__incl.png
xerces-c-src_2_7_0/doc/html/apiDocs/XSTypeDefinition_8hpp__dep__incl.map
xerces-c-src_2_7_0/doc/html/apiDocs/XSWildcard_8hpp.html
xerces-c-src_2_7_0/doc/html/apiDocs/XSValue_8hpp__incl.png
xerces-c-src_2_7_0/doc/html/apiDocs/XSValue_8hpp__incl.map
xerces-c-src_2_7_0/doc/html/apiDocs/XSWildcard_8hpp__incl.md5
xerces-c-src_2_7_0/doc/html/apiDocs/XSWildcard_8hpp__incl.png
xerces-c-src_2_7_0/doc/html/apiDocs/XSWildcard_8hpp__incl.map
xerces-c-src_2_7_0/doc/html/apiDocs/classAttributeList.html
xerces-c-src_2_7_0/doc/html/apiDocs/functions_vars.html
xerces-c-src_2_7_0/doc/html/apiDocs/functions_type.html
xerces-c-src_2_7_0/doc/html/apiDocs/functions_enum.html
xerces-c-src_2_7_0/doc/html/apiDocs/functions_eval.html
xerces-c-src_2_7_0/doc/html/apiDocs/functions_rela.html
xerces-c-src_2_7_0/doc/html/apiDocs/classAbstractDOMParser.html
xerces-c-src_2_7_0/doc/html/apiDocs/classAbstractDOMParser__inherit__graph.md5
xerces-c-src_2_7_0/doc/html/apiDocs/classAbstractDOMParser-members.html
xerces-c-src_2_7_0/doc/html/apiDocs/classAbstractDOMParser__inherit__graph.png
xerces-c-src_2_7_0/doc/html/apiDocs/classAbstractDOMParser__inherit__graph.map
xerces-c-src_2_7_0/doc/html/apiDocs/classAttributeList-members.html
xerces-c-src_2_7_0/doc/html/apiDocs/classBase64-members.html
xerces-c-src_2_7_0/doc/html/apiDocs/classAttributes.html
xerces-c-src_2_7_0/doc/html/apiDocs/classAttributes-members.html
xerces-c-src_2_7_0/doc/html/apiDocs/classBase64.html
xerces-c-src_2_7_0/doc/html/apiDocs/classBinFileInputStream.html
xerces-c-src_2_7_0/doc/html/apiDocs/classBinInputStream.html
xerces-c-src_2_7_0/doc/html/apiDocs/dir_000007.html
xerces-c-src_2_7_0/doc/html/apiDocs/classBinFileInputStream__inherit__graph.md5
xerces-c-src_2_7_0/doc/html/apiDocs/classBinFileInputStream-members.html
xerces-c-src_2_7_0/doc/html/apiDocs/classBinFileInputStream__inherit__graph.png
xerces-c-src_2_7_0/doc/html/apiDocs/classBinFileInputStream__inherit__graph.map
xerces-c-src_2_7_0/doc/html/apiDocs/classContentHandler.html
xerces-c-src_2_7_0/doc/html/apiDocs/classBinInputStream__inherit__graph.md5
xerces-c-src_2_7_0/doc/html/apiDocs/classBinInputStream-members.html
xerces-c-src_2_7_0/doc/html/apiDocs/classBinInputStream__inherit__graph.png
xerces-c-src_2_7_0/doc/html/apiDocs/classBinInputStream__inherit__graph.map
xerces-c-src_2_7_0/doc/html/apiDocs/classBinMemInputStream.html
xerces-c-src_2_7_0/doc/html/apiDocs/classBinMemInputStream-members.html
xerces-c-src_2_7_0/doc/html/apiDocs/classBinMemInputStream__inherit__graph.md5
xerces-c-src_2_7_0/doc/html/apiDocs/classBinMemInputStream__inherit__graph.png
xerces-c-src_2_7_0/doc/html/apiDocs/classBinMemInputStream__inherit__graph.map
xerces-c-src_2_7_0/doc/html/apiDocs/classBinOutputStream.html
xerces-c-src_2_7_0/doc/html/apiDocs/classBinOutputStream__inherit__graph.md5
xerces-c-src_2_7_0/doc/html/apiDocs/classBinOutputStream-members.html
xerces-c-src_2_7_0/doc/html/apiDocs/classBinOutputStream__inherit__graph.png
xerces-c-src_2_7_0/doc/html/apiDocs/classBinOutputStream__inherit__graph.map
xerces-c-src_2_7_0/doc/html/apiDocs/classDeclHandler.html
xerces-c-src_2_7_0/doc/html/apiDocs/classContentHandler__inherit__graph.md5
xerces-c-src_2_7_0/doc/html/apiDocs/classDefaultHandler.html
xerces-c-src_2_7_0/doc/html/apiDocs/classContentHandler-members.html
xerces-c-src_2_7_0/doc/html/apiDocs/classContentHandler__inherit__graph.png
xerces-c-src_2_7_0/doc/html/apiDocs/classContentHandler__inherit__graph.map
xerces-c-src_2_7_0/doc/html/apiDocs/classDeclHandler__inherit__graph.md5
xerces-c-src_2_7_0/doc/html/apiDocs/classDeclHandler-members.html
xerces-c-src_2_7_0/doc/html/apiDocs/classDeclHandler__inherit__graph.png
xerces-c-src_2_7_0/doc/html/apiDocs/classDeclHandler__inherit__graph.map
xerces-c-src_2_7_0/doc/html/apiDocs/classDOMDocument.html
xerces-c-src_2_7_0/doc/html/apiDocs/classDefaultHandler__inherit__graph.md5
xerces-c-src_2_7_0/doc/html/apiDocs/classDefaultHandler-members.html
xerces-c-src_2_7_0/doc/html/apiDocs/classDefaultHandler__inherit__graph.png
xerces-c-src_2_7_0/doc/html/apiDocs/classDefaultHandler__inherit__graph.map
xerces-c-src_2_7_0/doc/html/apiDocs/classDefaultPanicHandler.html
xerces-c-src_2_7_0/doc/html/apiDocs/classDefaultPanicHandler__inherit__graph.md5
xerces-c-src_2_7_0/doc/html/apiDocs/classDefaultPanicHandler-members.html
xerces-c-src_2_7_0/doc/html/apiDocs/classDefaultPanicHandler__inherit__graph.png
xerces-c-src_2_7_0/doc/html/apiDocs/classDefaultPanicHandler__inherit__graph.map
xerces-c-src_2_7_0/doc/html/apiDocs/classDocumentHandler.html
xerces-c-src_2_7_0/doc/html/apiDocs/classDocumentHandler__inherit__graph.md5
xerces-c-src_2_7_0/doc/html/apiDocs/classDocumentHandler-members.html
xerces-c-src_2_7_0/doc/html/apiDocs/classDocumentHandler__inherit__graph.png
xerces-c-src_2_7_0/doc/html/apiDocs/dir_000006.html
xerces-c-src_2_7_0/doc/html/apiDocs/classDocumentHandler__inherit__graph.map
xerces-c-src_2_7_0/doc/html/apiDocs/classDOMAttr.html
xerces-c-src_2_7_0/doc/html/apiDocs/classDOMAttr__inherit__graph.md5
xerces-c-src_2_7_0/doc/html/apiDocs/classDOMAttr-members.html
xerces-c-src_2_7_0/doc/html/apiDocs/classDOMAttr__inherit__graph.png
xerces-c-src_2_7_0/doc/html/apiDocs/classDOMAttr__inherit__graph.map
xerces-c-src_2_7_0/doc/html/apiDocs/classDOMBuilder.html
xerces-c-src_2_7_0/doc/html/apiDocs/classDOMBuilder-members.html
xerces-c-src_2_7_0/doc/html/apiDocs/classDOMCDATASection.html
xerces-c-src_2_7_0/doc/html/apiDocs/classDOMCDATASection__inherit__graph.md5
xerces-c-src_2_7_0/doc/html/apiDocs/classDOMCDATASection-members.html
xerces-c-src_2_7_0/doc/html/apiDocs/classDOMCDATASection__inherit__graph.png
xerces-c-src_2_7_0/doc/html/apiDocs/classDOMCDATASection__inherit__graph.map
xerces-c-src_2_7_0/doc/html/apiDocs/classDOMCharacterData.html
xerces-c-src_2_7_0/doc/html/apiDocs/classDOMCharacterData__inherit__graph.md5
xerces-c-src_2_7_0/doc/html/apiDocs/classDOMCharacterData-members.html
xerces-c-src_2_7_0/doc/html/apiDocs/classDOMCharacterData__inherit__graph.png
xerces-c-src_2_7_0/doc/html/apiDocs/classDOMCharacterData__inherit__graph.map
xerces-c-src_2_7_0/doc/html/apiDocs/classDOMComment.html
xerces-c-src_2_7_0/doc/html/apiDocs/classDOMComment__inherit__graph.md5
xerces-c-src_2_7_0/doc/html/apiDocs/classDOMComment-members.html
xerces-c-src_2_7_0/doc/html/apiDocs/classDOMComment__inherit__graph.png
xerces-c-src_2_7_0/doc/html/apiDocs/classDOMComment__inherit__graph.map
xerces-c-src_2_7_0/doc/html/apiDocs/classDOMException.html
xerces-c-src_2_7_0/doc/html/apiDocs/classDOMConfiguration.html
xerces-c-src_2_7_0/doc/html/apiDocs/classDOMConfiguration-members.html
xerces-c-src_2_7_0/doc/html/apiDocs/classDOMDocument__inherit__graph.md5
xerces-c-src_2_7_0/doc/html/apiDocs/classDOMDocument-members.html
xerces-c-src_2_7_0/doc/html/apiDocs/classDOMDocument__inherit__graph.png
xerces-c-src_2_7_0/doc/html/apiDocs/classDOMDocument__inherit__graph.map
xerces-c-src_2_7_0/doc/html/apiDocs/classDOMDocumentFragment.html
xerces-c-src_2_7_0/doc/html/apiDocs/classDOMDocumentFragment__inherit__graph.md5
xerces-c-src_2_7_0/doc/html/apiDocs/classDOMDocumentFragment-members.html
xerces-c-src_2_7_0/doc/html/apiDocs/classDOMDocumentFragment__inherit__graph.png
xerces-c-src_2_7_0/doc/html/apiDocs/classDOMDocumentFragment__inherit__graph.map
xerces-c-src_2_7_0/doc/html/apiDocs/classDOMDocumentRange.html
xerces-c-src_2_7_0/doc/html/apiDocs/classDOMDocumentRange__inherit__graph.md5
xerces-c-src_2_7_0/doc/html/apiDocs/classDOMDocumentRange-members.html
xerces-c-src_2_7_0/doc/html/apiDocs/classDOMDocumentRange__inherit__graph.png
xerces-c-src_2_7_0/doc/html/apiDocs/classDOMDocumentRange__inherit__graph.map
xerces-c-src_2_7_0/doc/html/apiDocs/classDOMDocumentTraversal.html
xerces-c-src_2_7_0/doc/html/apiDocs/classDOMDocumentTraversal__inherit__graph.md5
xerces-c-src_2_7_0/doc/html/apiDocs/classDOMDocumentTraversal-members.html
xerces-c-src_2_7_0/doc/html/apiDocs/classDOMDocumentTraversal__inherit__graph.png
xerces-c-src_2_7_0/doc/html/apiDocs/classDOMDocumentTraversal__inherit__graph.map
xerces-c-src_2_7_0/doc/html/apiDocs/classDOMDocumentType.html
xerces-c-src_2_7_0/doc/html/apiDocs/classDOMDocumentType__inherit__graph.md5
xerces-c-src_2_7_0/doc/html/apiDocs/classDOMDocumentType-members.html
xerces-c-src_2_7_0/doc/html/apiDocs/classDOMDocumentType__inherit__graph.png
xerces-c-src_2_7_0/doc/html/apiDocs/classDOMDocumentType__inherit__graph.map
xerces-c-src_2_7_0/doc/html/apiDocs/classDOMElement.html
xerces-c-src_2_7_0/doc/html/apiDocs/classDOMElement__inherit__graph.md5
xerces-c-src_2_7_0/doc/html/apiDocs/classDOMElement-members.html
xerces-c-src_2_7_0/doc/html/apiDocs/classDOMElement__inherit__graph.png
xerces-c-src_2_7_0/doc/html/apiDocs/classDOMElement__inherit__graph.map
xerces-c-src_2_7_0/doc/html/apiDocs/classDOMEntity.html
xerces-c-src_2_7_0/doc/html/apiDocs/classDOMEntity__inherit__graph.md5
xerces-c-src_2_7_0/doc/html/apiDocs/classDOMEntity-members.html
xerces-c-src_2_7_0/doc/html/apiDocs/classDOMEntity__inherit__graph.png
xerces-c-src_2_7_0/doc/html/apiDocs/classDOMEntity__inherit__graph.map
xerces-c-src_2_7_0/doc/html/apiDocs/classDOMEntityReference.html
xerces-c-src_2_7_0/doc/html/apiDocs/classDOMEntityReference__inherit__graph.md5
xerces-c-src_2_7_0/doc/html/apiDocs/classDOMEntityReference-members.html
xerces-c-src_2_7_0/doc/html/apiDocs/classDOMEntityReference__inherit__graph.png
xerces-c-src_2_7_0/doc/html/apiDocs/classDOMEntityReference__inherit__graph.map
xerces-c-src_2_7_0/doc/html/apiDocs/classDOMEntityResolver.html
xerces-c-src_2_7_0/doc/html/apiDocs/classDOMError.html
xerces-c-src_2_7_0/doc/html/apiDocs/classDOMEntityResolver-members.html
xerces-c-src_2_7_0/doc/html/apiDocs/classDOMError-members.html
xerces-c-src_2_7_0/doc/html/apiDocs/classDOMErrorHandler.html
xerces-c-src_2_7_0/doc/html/apiDocs/classDOMErrorHandler-members.html
xerces-c-src_2_7_0/doc/html/apiDocs/classDOMInputSource.html
xerces-c-src_2_7_0/doc/html/apiDocs/classDOMException__inherit__graph.md5
xerces-c-src_2_7_0/doc/html/apiDocs/classDOMException-members.html
xerces-c-src_2_7_0/doc/html/apiDocs/classDOMException__inherit__graph.png
xerces-c-src_2_7_0/doc/html/apiDocs/classDOMException__inherit__graph.map
xerces-c-src_2_7_0/doc/html/apiDocs/classDOMImplementation.html
xerces-c-src_2_7_0/doc/html/apiDocs/classDOMImplementation__inherit__graph.md5
xerces-c-src_2_7_0/doc/html/apiDocs/classDOMImplementation-members.html
xerces-c-src_2_7_0/doc/html/apiDocs/classDOMImplementation__inherit__graph.png
xerces-c-src_2_7_0/doc/html/apiDocs/classDOMImplementation__inherit__graph.map
xerces-c-src_2_7_0/doc/html/apiDocs/classDOMImplementationLS.html
xerces-c-src_2_7_0/doc/html/apiDocs/classDOMImplementationLS__inherit__graph.md5
xerces-c-src_2_7_0/doc/html/apiDocs/classDOMImplementationLS-members.html
xerces-c-src_2_7_0/doc/html/apiDocs/classDOMImplementationLS__inherit__graph.png
xerces-c-src_2_7_0/doc/html/apiDocs/classDOMImplementationLS__inherit__graph.map
xerces-c-src_2_7_0/doc/html/apiDocs/classDOMImplementationRegistry.html
xerces-c-src_2_7_0/doc/html/apiDocs/classDOMImplementationRegistry-members.html
xerces-c-src_2_7_0/doc/html/apiDocs/classDOMImplementationSource.html
xerces-c-src_2_7_0/doc/html/apiDocs/classDOMImplementationSource-members.html
xerces-c-src_2_7_0/doc/html/apiDocs/classDOMNodeFilter.html
xerces-c-src_2_7_0/doc/html/apiDocs/classDOMInputSource__inherit__graph.md5
xerces-c-src_2_7_0/doc/html/apiDocs/classDOMInputSource-members.html
xerces-c-src_2_7_0/doc/html/apiDocs/classDOMInputSource__inherit__graph.png
xerces-c-src_2_7_0/doc/html/apiDocs/classDOMInputSource__inherit__graph.map
xerces-c-src_2_7_0/doc/html/apiDocs/classDOMLocator.html
xerces-c-src_2_7_0/doc/html/apiDocs/classDOMLocator-members.html
xerces-c-src_2_7_0/doc/html/apiDocs/classDOMNamedNodeMap.html
xerces-c-src_2_7_0/doc/html/apiDocs/classDOMNamedNodeMap-members.html
xerces-c-src_2_7_0/doc/html/apiDocs/classDOMNode.html
xerces-c-src_2_7_0/doc/html/apiDocs/classDOMNode__inherit__graph.md5
xerces-c-src_2_7_0/doc/html/apiDocs/classDOMNode-members.html
xerces-c-src_2_7_0/doc/html/apiDocs/classDOMNode__inherit__graph.png
xerces-c-src_2_7_0/doc/html/apiDocs/classDOMNode__inherit__graph.map
xerces-c-src_2_7_0/doc/html/apiDocs/classDOMNodeList.html
xerces-c-src_2_7_0/doc/html/apiDocs/classDOMNodeFilter__inherit__graph.md5
xerces-c-src_2_7_0/doc/html/apiDocs/classDOMNodeFilter-members.html
xerces-c-src_2_7_0/doc/html/apiDocs/classDOMNodeFilter__inherit__graph.png
xerces-c-src_2_7_0/doc/html/apiDocs/classDOMNodeFilter__inherit__graph.map
xerces-c-src_2_7_0/doc/html/apiDocs/classDOMNodeIterator.html
xerces-c-src_2_7_0/doc/html/apiDocs/classDOMNodeIterator-members.html
xerces-c-src_2_7_0/doc/html/apiDocs/classDOMNodeList-members.html
xerces-c-src_2_7_0/doc/html/apiDocs/classDOMNotation.html
xerces-c-src_2_7_0/doc/html/apiDocs/classDOMTreeWalker.html
xerces-c-src_2_7_0/doc/html/apiDocs/classDOMNotation__inherit__graph.md5
xerces-c-src_2_7_0/doc/html/apiDocs/classDOMNotation-members.html
xerces-c-src_2_7_0/doc/html/apiDocs/classHexBin.html
xerces-c-src_2_7_0/doc/html/apiDocs/classDOMNotation__inherit__graph.png
xerces-c-src_2_7_0/doc/html/apiDocs/classDOMNotation__inherit__graph.map
xerces-c-src_2_7_0/doc/html/apiDocs/classDOMProcessingInstruction.html
xerces-c-src_2_7_0/doc/html/apiDocs/classDOMProcessingInstruction__inherit__graph.md5
xerces-c-src_2_7_0/doc/html/apiDocs/classDOMProcessingInstruction-members.html
xerces-c-src_2_7_0/doc/html/apiDocs/classDOMProcessingInstruction__inherit__graph.png
xerces-c-src_2_7_0/doc/html/apiDocs/classDOMPSVITypeInfo.html
xerces-c-src_2_7_0/doc/html/apiDocs/classDOMProcessingInstruction__inherit__graph.map
xerces-c-src_2_7_0/doc/html/apiDocs/classDOMPSVITypeInfo-members.html
xerces-c-src_2_7_0/doc/html/apiDocs/classDOMRange.html
xerces-c-src_2_7_0/doc/html/apiDocs/classDOMRange-members.html
xerces-c-src_2_7_0/doc/html/apiDocs/classDOMRangeException.html
xerces-c-src_2_7_0/doc/html/apiDocs/classDOMRangeException__inherit__graph.md5
xerces-c-src_2_7_0/doc/html/apiDocs/classDOMRangeException-members.html
xerces-c-src_2_7_0/doc/html/apiDocs/classDOMRangeException__inherit__graph.png
xerces-c-src_2_7_0/doc/html/apiDocs/classDOMRangeException__inherit__graph.map
xerces-c-src_2_7_0/doc/html/apiDocs/classDOMText.html
xerces-c-src_2_7_0/doc/html/apiDocs/classDOMText__inherit__graph.md5
xerces-c-src_2_7_0/doc/html/apiDocs/classDOMText-members.html
xerces-c-src_2_7_0/doc/html/apiDocs/classDOMText__inherit__graph.png
xerces-c-src_2_7_0/doc/html/apiDocs/classDOMText__inherit__graph.map
xerces-c-src_2_7_0/doc/html/apiDocs/classDOMTreeWalker-members.html
xerces-c-src_2_7_0/doc/html/apiDocs/classDOMTypeInfo.html
xerces-c-src_2_7_0/doc/html/apiDocs/classDOMTypeInfo-members.html
xerces-c-src_2_7_0/doc/html/apiDocs/classDOMUserDataHandler.html
xerces-c-src_2_7_0/doc/html/apiDocs/classDOMUserDataHandler-members.html
xerces-c-src_2_7_0/doc/html/apiDocs/classDOMXPathResult.html
xerces-c-src_2_7_0/doc/html/apiDocs/classDOMWriter.html
xerces-c-src_2_7_0/doc/html/apiDocs/classDOMWriter-members.html
xerces-c-src_2_7_0/doc/html/apiDocs/classDOMWriterFilter.html
xerces-c-src_2_7_0/doc/html/apiDocs/classDOMWriterFilter__inherit__graph.md5
xerces-c-src_2_7_0/doc/html/apiDocs/classDOMXPathEvaluator.html
xerces-c-src_2_7_0/doc/html/apiDocs/classDOMWriterFilter-members.html
xerces-c-src_2_7_0/doc/html/apiDocs/classDOMWriterFilter__inherit__graph.png
xerces-c-src_2_7_0/doc/html/apiDocs/classDOMWriterFilter__inherit__graph.map
xerces-c-src_2_7_0/doc/html/apiDocs/classDOMXPathEvaluator__inherit__graph.md5
xerces-c-src_2_7_0/doc/html/apiDocs/classDOMXPathEvaluator-members.html
xerces-c-src_2_7_0/doc/html/apiDocs/classDOMXPathEvaluator__inherit__graph.png
xerces-c-src_2_7_0/doc/html/apiDocs/classDOMXPathEvaluator__inherit__graph.map
xerces-c-src_2_7_0/doc/html/apiDocs/classDOMXPathException.html
xerces-c-src_2_7_0/doc/html/apiDocs/classDOMXPathException-members.html
xerces-c-src_2_7_0/doc/html/apiDocs/classDOMXPathExpression.html
xerces-c-src_2_7_0/doc/html/apiDocs/classDOMXPathNamespace.html
xerces-c-src_2_7_0/doc/html/apiDocs/classDOMXPathExpression-members.html
xerces-c-src_2_7_0/doc/html/apiDocs/classDOMXPathNamespace__inherit__graph.md5
xerces-c-src_2_7_0/doc/html/apiDocs/classDOMXPathNamespace-members.html
xerces-c-src_2_7_0/doc/html/apiDocs/classDOMXPathNamespace__inherit__graph.png
xerces-c-src_2_7_0/doc/html/apiDocs/classDOMXPathNamespace__inherit__graph.map
xerces-c-src_2_7_0/doc/html/apiDocs/classDOMXPathNSResolver.html
xerces-c-src_2_7_0/doc/html/apiDocs/classDOMXPathNSResolver-members.html
xerces-c-src_2_7_0/doc/html/apiDocs/classDOMXPathResult-members.html
xerces-c-src_2_7_0/doc/html/apiDocs/classEntityResolver.html
xerces-c-src_2_7_0/doc/html/apiDocs/classDTDHandler.html
xerces-c-src_2_7_0/doc/html/apiDocs/classDTDHandler__inherit__graph.md5
xerces-c-src_2_7_0/doc/html/apiDocs/classDTDHandler-members.html
xerces-c-src_2_7_0/doc/html/apiDocs/classDTDHandler__inherit__graph.png
xerces-c-src_2_7_0/doc/html/apiDocs/classDTDHandler__inherit__graph.map
xerces-c-src_2_7_0/doc/html/apiDocs/classErrorHandler.html
xerces-c-src_2_7_0/doc/html/apiDocs/classEntityResolver__inherit__graph.md5
xerces-c-src_2_7_0/doc/html/apiDocs/classEntityResolver-members.html
xerces-c-src_2_7_0/doc/html/apiDocs/classEntityResolver__inherit__graph.png
xerces-c-src_2_7_0/doc/html/apiDocs/classEntityResolver__inherit__graph.map
xerces-c-src_2_7_0/doc/html/apiDocs/classHandlerBase.html
xerces-c-src_2_7_0/doc/html/apiDocs/classErrorHandler__inherit__graph.md5
xerces-c-src_2_7_0/doc/html/apiDocs/classErrorHandler-members.html
xerces-c-src_2_7_0/doc/html/apiDocs/classHexBin-members.html
xerces-c-src_2_7_0/doc/html/apiDocs/classErrorHandler__inherit__graph.png
xerces-c-src_2_7_0/doc/html/apiDocs/classErrorHandler__inherit__graph.map
xerces-c-src_2_7_0/doc/html/apiDocs/classHandlerBase__inherit__graph.md5
xerces-c-src_2_7_0/doc/html/apiDocs/classHandlerBase-members.html
xerces-c-src_2_7_0/doc/html/apiDocs/classHandlerBase__inherit__graph.png
xerces-c-src_2_7_0/doc/html/apiDocs/classHandlerBase__inherit__graph.map
xerces-c-src_2_7_0/doc/html/apiDocs/classInputSource.html
xerces-c-src_2_7_0/doc/html/apiDocs/classLexicalHandler.html
xerces-c-src_2_7_0/doc/html/apiDocs/classInputSource__inherit__graph.md5
xerces-c-src_2_7_0/doc/html/apiDocs/classInputSource-members.html
xerces-c-src_2_7_0/doc/html/apiDocs/classInputSource__inherit__graph.png
xerces-c-src_2_7_0/doc/html/apiDocs/classLocator.html
xerces-c-src_2_7_0/doc/html/apiDocs/classInputSource__inherit__graph.map
xerces-c-src_2_7_0/doc/html/apiDocs/classMemoryManager.html
xerces-c-src_2_7_0/doc/html/apiDocs/classLexicalHandler__inherit__graph.md5
xerces-c-src_2_7_0/doc/html/apiDocs/classLexicalHandler-members.html
xerces-c-src_2_7_0/doc/html/apiDocs/classLexicalHandler__inherit__graph.png
xerces-c-src_2_7_0/doc/html/apiDocs/classLexicalHandler__inherit__graph.map
xerces-c-src_2_7_0/doc/html/apiDocs/classLocalFileFormatTarget.html
xerces-c-src_2_7_0/doc/html/apiDocs/classLocalFileFormatTarget__inherit__graph.md5
xerces-c-src_2_7_0/doc/html/apiDocs/classLocalFileFormatTarget-members.html
xerces-c-src_2_7_0/doc/html/apiDocs/classLocalFileFormatTarget__inherit__graph.png
xerces-c-src_2_7_0/doc/html/apiDocs/classLocalFileInputSource.html
xerces-c-src_2_7_0/doc/html/apiDocs/classLocalFileFormatTarget__inherit__graph.map
xerces-c-src_2_7_0/doc/html/apiDocs/classLocalFileInputSource__inherit__graph.md5
xerces-c-src_2_7_0/doc/html/apiDocs/classLocalFileInputSource-members.html
xerces-c-src_2_7_0/doc/html/apiDocs/classLocalFileInputSource__inherit__graph.png
xerces-c-src_2_7_0/doc/html/apiDocs/classLocalFileInputSource__inherit__graph.map
xerces-c-src_2_7_0/doc/html/apiDocs/classLocator-members.html
xerces-c-src_2_7_0/doc/html/apiDocs/classMemBufFormatTarget.html
xerces-c-src_2_7_0/doc/html/apiDocs/classMemBufFormatTarget__inherit__graph.md5
xerces-c-src_2_7_0/doc/html/apiDocs/classMemBufFormatTarget-members.html
xerces-c-src_2_7_0/doc/html/apiDocs/classMemBufFormatTarget__inherit__graph.png
xerces-c-src_2_7_0/doc/html/apiDocs/classMemBufFormatTarget__inherit__graph.map
xerces-c-src_2_7_0/doc/html/apiDocs/classMemBufInputSource.html
xerces-c-src_2_7_0/doc/html/apiDocs/classMemBufInputSource__inherit__graph.md5
xerces-c-src_2_7_0/doc/html/apiDocs/classMemBufInputSource-members.html
xerces-c-src_2_7_0/doc/html/apiDocs/classMemBufInputSource__inherit__graph.png
xerces-c-src_2_7_0/doc/html/apiDocs/classMemBufInputSource__inherit__graph.map
xerces-c-src_2_7_0/doc/html/apiDocs/classMemoryManager-members.html
xerces-c-src_2_7_0/doc/html/apiDocs/classOutOfMemoryException.html
xerces-c-src_2_7_0/doc/html/apiDocs/classPanicHandler.html
xerces-c-src_2_7_0/doc/html/apiDocs/classOutOfMemoryException__inherit__graph.md5
xerces-c-src_2_7_0/doc/html/apiDocs/classOutOfMemoryException-members.html
xerces-c-src_2_7_0/doc/html/apiDocs/classOutOfMemoryException__inherit__graph.png
xerces-c-src_2_7_0/doc/html/apiDocs/classOutOfMemoryException__inherit__graph.map
xerces-c-src_2_7_0/doc/html/apiDocs/classParser-members.html
xerces-c-src_2_7_0/doc/html/apiDocs/classPanicHandler__inherit__graph.md5
xerces-c-src_2_7_0/doc/html/apiDocs/classPanicHandler-members.html
xerces-c-src_2_7_0/doc/html/apiDocs/classPanicHandler__inherit__graph.png
xerces-c-src_2_7_0/doc/html/apiDocs/classPanicHandler__inherit__graph.map
xerces-c-src_2_7_0/doc/html/apiDocs/classParser.html
xerces-c-src_2_7_0/doc/html/apiDocs/classParser__inherit__graph.md5
xerces-c-src_2_7_0/doc/html/apiDocs/classPSVIAttribute-members.html
xerces-c-src_2_7_0/doc/html/apiDocs/classParser__inherit__graph.png
xerces-c-src_2_7_0/doc/html/apiDocs/classPSVIAttribute.html
xerces-c-src_2_7_0/doc/html/apiDocs/classParser__inherit__graph.map
xerces-c-src_2_7_0/doc/html/apiDocs/classPSVIAttribute__inherit__graph.md5
xerces-c-src_2_7_0/doc/html/apiDocs/classWrapper4DOMInputSource-members.html
xerces-c-src_2_7_0/doc/html/apiDocs/classPSVIAttribute__inherit__graph.png
xerces-c-src_2_7_0/doc/html/apiDocs/classPSVIAttribute__inherit__graph.map
xerces-c-src_2_7_0/doc/html/apiDocs/classPSVIAttributeList.html
xerces-c-src_2_7_0/doc/html/apiDocs/classPSVIAttributeList__inherit__graph.md5
xerces-c-src_2_7_0/doc/html/apiDocs/classPSVIAttributeList-members.html
xerces-c-src_2_7_0/doc/html/apiDocs/classPSVIAttributeList__inherit__graph.png
xerces-c-src_2_7_0/doc/html/apiDocs/classPSVIAttributeList__inherit__graph.map
xerces-c-src_2_7_0/doc/html/apiDocs/classPSVIElement.html
xerces-c-src_2_7_0/doc/html/apiDocs/classPSVIElement__inherit__graph.md5
xerces-c-src_2_7_0/doc/html/apiDocs/classPSVIElement-members.html
xerces-c-src_2_7_0/doc/html/apiDocs/classPSVIElement__inherit__graph.png
xerces-c-src_2_7_0/doc/html/apiDocs/classPSVIElement__inherit__graph.map
xerces-c-src_2_7_0/doc/html/apiDocs/classPSVIHandler.html
xerces-c-src_2_7_0/doc/html/apiDocs/classPSVIHandler__inherit__graph.md5
xerces-c-src_2_7_0/doc/html/apiDocs/classPSVIHandler-members.html
xerces-c-src_2_7_0/doc/html/apiDocs/classPSVIHandler__inherit__graph.png
xerces-c-src_2_7_0/doc/html/apiDocs/classPSVIHandler__inherit__graph.map
xerces-c-src_2_7_0/doc/html/apiDocs/classPSVIItem.html
xerces-c-src_2_7_0/doc/html/apiDocs/classPSVIItem__inherit__graph.md5
xerces-c-src_2_7_0/doc/html/apiDocs/classPSVIItem-members.html
xerces-c-src_2_7_0/doc/html/apiDocs/classPSVIItem__inherit__graph.png
xerces-c-src_2_7_0/doc/html/apiDocs/classPSVIItem__inherit__graph.map
xerces-c-src_2_7_0/doc/html/apiDocs/classQName__inherit__graph.md5
xerces-c-src_2_7_0/doc/html/apiDocs/classQName-members.html
xerces-c-src_2_7_0/doc/html/apiDocs/classQName__inherit__graph.png
xerces-c-src_2_7_0/doc/html/apiDocs/classQName__inherit__graph.map
xerces-c-src_2_7_0/doc/html/apiDocs/classSAX2XMLFilter.html
xerces-c-src_2_7_0/doc/html/apiDocs/classSAX2XMLFilter__inherit__graph.md5
xerces-c-src_2_7_0/doc/html/apiDocs/classSAX2XMLFilter-members.html
xerces-c-src_2_7_0/doc/html/apiDocs/classSAX2XMLFilter__inherit__graph.png
xerces-c-src_2_7_0/doc/html/apiDocs/classSAX2XMLFilter__inherit__graph.map
xerces-c-src_2_7_0/doc/html/apiDocs/classSAX2XMLReader.html
xerces-c-src_2_7_0/doc/html/apiDocs/dir_000002.html
xerces-c-src_2_7_0/doc/html/apiDocs/classSAX2XMLReader__inherit__graph.md5
xerces-c-src_2_7_0/doc/html/apiDocs/classSAX2XMLReader-members.html
xerces-c-src_2_7_0/doc/html/apiDocs/classSAX2XMLReader__inherit__graph.png
xerces-c-src_2_7_0/doc/html/apiDocs/classSAX2XMLReader__inherit__graph.map
xerces-c-src_2_7_0/doc/html/apiDocs/classSAXException.html
xerces-c-src_2_7_0/doc/html/apiDocs/classSAXException__inherit__graph.md5
xerces-c-src_2_7_0/doc/html/apiDocs/classSAXException-members.html
xerces-c-src_2_7_0/doc/html/apiDocs/classSAXException__inherit__graph.png
xerces-c-src_2_7_0/doc/html/apiDocs/classSAXException__inherit__graph.map
xerces-c-src_2_7_0/doc/html/apiDocs/classSAXNotRecognizedException.html
xerces-c-src_2_7_0/doc/html/apiDocs/classSAXNotRecognizedException__inherit__graph.md5
xerces-c-src_2_7_0/doc/html/apiDocs/classSAXNotRecognizedException-members.html
xerces-c-src_2_7_0/doc/html/apiDocs/classSAXNotRecognizedException__inherit__graph.png
xerces-c-src_2_7_0/doc/html/apiDocs/classSAXNotRecognizedException__inherit__graph.map
xerces-c-src_2_7_0/doc/html/apiDocs/classSAXNotSupportedException.html
xerces-c-src_2_7_0/doc/html/apiDocs/classSAXNotSupportedException__inherit__graph.md5
xerces-c-src_2_7_0/doc/html/apiDocs/classSAXNotSupportedException-members.html
xerces-c-src_2_7_0/doc/html/apiDocs/classSAXNotSupportedException__inherit__graph.png
xerces-c-src_2_7_0/doc/html/apiDocs/classSAXNotSupportedException__inherit__graph.map
xerces-c-src_2_7_0/doc/html/apiDocs/classSAXParseException.html
xerces-c-src_2_7_0/doc/html/apiDocs/classSAXParser.html
xerces-c-src_2_7_0/doc/html/apiDocs/classSAXParseException__inherit__graph.md5
xerces-c-src_2_7_0/doc/html/apiDocs/classSAXParseException-members.html
xerces-c-src_2_7_0/doc/html/apiDocs/classSAXParseException__inherit__graph.png
xerces-c-src_2_7_0/doc/html/apiDocs/classSAXParseException__inherit__graph.map
xerces-c-src_2_7_0/doc/html/apiDocs/classSAXParser__inherit__graph.md5
xerces-c-src_2_7_0/doc/html/apiDocs/classSAXParser-members.html
xerces-c-src_2_7_0/doc/html/apiDocs/classSAXParser__inherit__graph.png
xerces-c-src_2_7_0/doc/html/apiDocs/classSAXParser__inherit__graph.map
xerces-c-src_2_7_0/doc/html/apiDocs/classSecurityManager.html
xerces-c-src_2_7_0/doc/html/apiDocs/classSecurityManager-members.html
xerces-c-src_2_7_0/doc/html/apiDocs/classStdInInputSource.html
xerces-c-src_2_7_0/doc/html/apiDocs/classStDOMNode.html
xerces-c-src_2_7_0/doc/html/apiDocs/classStdInInputSource__inherit__graph.md5
xerces-c-src_2_7_0/doc/html/apiDocs/classStdInInputSource-members.html
xerces-c-src_2_7_0/doc/html/apiDocs/classStdInInputSource__inherit__graph.png
xerces-c-src_2_7_0/doc/html/apiDocs/classStdInInputSource__inherit__graph.map
xerces-c-src_2_7_0/doc/html/apiDocs/classStDOMNode-members.html
xerces-c-src_2_7_0/doc/html/apiDocs/classStdOutFormatTarget.html
xerces-c-src_2_7_0/doc/html/apiDocs/classStdOutFormatTarget__inherit__graph.md5
xerces-c-src_2_7_0/doc/html/apiDocs/classStdOutFormatTarget-members.html
xerces-c-src_2_7_0/doc/html/apiDocs/classStdOutFormatTarget__inherit__graph.png
xerces-c-src_2_7_0/doc/html/apiDocs/classStdOutFormatTarget__inherit__graph.map
xerces-c-src_2_7_0/doc/html/apiDocs/classXMemory.html
xerces-c-src_2_7_0/doc/html/apiDocs/classURLInputSource.html
xerces-c-src_2_7_0/doc/html/apiDocs/classURLInputSource__inherit__graph.md5
xerces-c-src_2_7_0/doc/html/apiDocs/classURLInputSource-members.html
xerces-c-src_2_7_0/doc/html/apiDocs/classURLInputSource__inherit__graph.png
xerces-c-src_2_7_0/doc/html/apiDocs/classURLInputSource__inherit__graph.map
xerces-c-src_2_7_0/doc/html/apiDocs/classValidationContext.html
xerces-c-src_2_7_0/doc/html/apiDocs/classValidationContext__inherit__graph.md5
xerces-c-src_2_7_0/doc/html/apiDocs/classValidationContext-members.html
xerces-c-src_2_7_0/doc/html/apiDocs/classValidationContext__inherit__graph.png
xerces-c-src_2_7_0/doc/html/apiDocs/classValidationContext__inherit__graph.map
xerces-c-src_2_7_0/doc/html/apiDocs/classWrapper4DOMInputSource.html
xerces-c-src_2_7_0/doc/html/apiDocs/classWrapper4DOMInputSource__inherit__graph.md5
xerces-c-src_2_7_0/doc/html/apiDocs/structXMLTransService_1_1TransRec-members.html
xerces-c-src_2_7_0/doc/html/apiDocs/classWrapper4DOMInputSource__inherit__graph.png
xerces-c-src_2_7_0/doc/html/apiDocs/classWrapper4DOMInputSource__inherit__graph.map
xerces-c-src_2_7_0/doc/html/apiDocs/classWrapper4InputSource.html
xerces-c-src_2_7_0/doc/html/apiDocs/classWrapper4InputSource__inherit__graph.md5
xerces-c-src_2_7_0/doc/html/apiDocs/classWrapper4InputSource-members.html
xerces-c-src_2_7_0/doc/html/apiDocs/classWrapper4InputSource__inherit__graph.png
xerces-c-src_2_7_0/doc/html/apiDocs/classWrapper4InputSource__inherit__graph.map
xerces-c-src_2_7_0/doc/html/apiDocs/classXMLAttDef.html
xerces-c-src_2_7_0/doc/html/apiDocs/classXercesDOMParser.html
xerces-c-src_2_7_0/doc/html/apiDocs/classXercesDOMParser__inherit__graph.md5
xerces-c-src_2_7_0/doc/html/apiDocs/classXercesDOMParser-members.html
xerces-c-src_2_7_0/doc/html/apiDocs/classXercesDOMParser__inherit__graph.png
xerces-c-src_2_7_0/doc/html/apiDocs/classXercesDOMParser__inherit__graph.map
xerces-c-src_2_7_0/doc/html/apiDocs/classXMemory__inherit__graph.md5
xerces-c-src_2_7_0/doc/html/apiDocs/classXMemory-members.html
xerces-c-src_2_7_0/doc/html/apiDocs/classXMemory__inherit__graph.png
xerces-c-src_2_7_0/doc/html/apiDocs/classXMemory__inherit__graph.map
xerces-c-src_2_7_0/doc/html/apiDocs/classXMLAbstractDoubleFloat.html
xerces-c-src_2_7_0/doc/html/apiDocs/classXMLAbstractDoubleFloat__inherit__graph.md5
xerces-c-src_2_7_0/doc/html/apiDocs/classXMLAbstractDoubleFloat-members.html
xerces-c-src_2_7_0/doc/html/apiDocs/classXMLAbstractDoubleFloat__inherit__graph.png
xerces-c-src_2_7_0/doc/html/apiDocs/classXMLAbstractDoubleFloat__inherit__graph.map
xerces-c-src_2_7_0/doc/html/apiDocs/classXMLAttDef__inherit__graph.md5
xerces-c-src_2_7_0/doc/html/apiDocs/classXMLAttDef-members.html
xerces-c-src_2_7_0/doc/html/apiDocs/classXMLAttDef__inherit__graph.png
xerces-c-src_2_7_0/doc/html/apiDocs/classXMLAttDef__inherit__graph.map
xerces-c-src_2_7_0/doc/html/apiDocs/classXMLAttDefList.html
xerces-c-src_2_7_0/doc/html/apiDocs/classXMLAttDefList__inherit__graph.md5
xerces-c-src_2_7_0/doc/html/apiDocs/classXMLAttDefList-members.html
xerces-c-src_2_7_0/doc/html/apiDocs/classXMLAttDefList__inherit__graph.png
xerces-c-src_2_7_0/doc/html/apiDocs/classXMLAttDefList__inherit__graph.map
xerces-c-src_2_7_0/doc/html/apiDocs/classXMLAttr.html
xerces-c-src_2_7_0/doc/html/apiDocs/classXMLAttr__inherit__graph.md5
xerces-c-src_2_7_0/doc/html/apiDocs/classXMLAttr-members.html
xerces-c-src_2_7_0/doc/html/apiDocs/classXMLAttr__inherit__graph.png
xerces-c-src_2_7_0/doc/html/apiDocs/classXMLAttr__inherit__graph.map
xerces-c-src_2_7_0/doc/html/apiDocs/classXMLBigDecimal.html
xerces-c-src_2_7_0/doc/html/apiDocs/classXMLBigDecimal__inherit__graph.md5
xerces-c-src_2_7_0/doc/html/apiDocs/classXMLBigDecimal-members.html
xerces-c-src_2_7_0/doc/html/apiDocs/classXMLBigDecimal__inherit__graph.png
xerces-c-src_2_7_0/doc/html/apiDocs/classXMLBigDecimal__inherit__graph.map
xerces-c-src_2_7_0/doc/html/apiDocs/classXMLBigInteger.html
xerces-c-src_2_7_0/doc/html/apiDocs/classXMLBigInteger__inherit__graph.md5
xerces-c-src_2_7_0/doc/html/apiDocs/classXMLBigInteger-members.html
xerces-c-src_2_7_0/doc/html/apiDocs/classXMLBigInteger__inherit__graph.png
xerces-c-src_2_7_0/doc/html/apiDocs/classXMLBigInteger__inherit__graph.map
xerces-c-src_2_7_0/doc/html/apiDocs/classXMLChar1__0.html
xerces-c-src_2_7_0/doc/html/apiDocs/classXMLChar1__0-members.html
xerces-c-src_2_7_0/doc/html/apiDocs/classXMLChar1__1.html
xerces-c-src_2_7_0/doc/html/apiDocs/classXMLChar1__1-members.html
xerces-c-src_2_7_0/doc/html/apiDocs/classXMLContentModel.html
xerces-c-src_2_7_0/doc/html/apiDocs/classXMLContentModel__inherit__graph.md5
xerces-c-src_2_7_0/doc/html/apiDocs/classXMLContentModel-members.html
xerces-c-src_2_7_0/doc/html/apiDocs/classXMLContentModel__inherit__graph.png
xerces-c-src_2_7_0/doc/html/apiDocs/classXMLContentModel__inherit__graph.map
xerces-c-src_2_7_0/doc/html/apiDocs/classXMLDateTime.html
xerces-c-src_2_7_0/doc/html/apiDocs/classXMLDateTime__inherit__graph.md5
xerces-c-src_2_7_0/doc/html/apiDocs/classXMLDateTime-members.html
xerces-c-src_2_7_0/doc/html/apiDocs/classXMLDateTime__inherit__graph.png
xerces-c-src_2_7_0/doc/html/apiDocs/classXMLDateTime__inherit__graph.map
xerces-c-src_2_7_0/doc/html/apiDocs/classXMLDeleter.html
xerces-c-src_2_7_0/doc/html/apiDocs/classXMLDeleter__inherit__graph.md5
xerces-c-src_2_7_0/doc/html/apiDocs/classXMLDeleter-members.html
xerces-c-src_2_7_0/doc/html/apiDocs/classXMLDeleter__inherit__graph.png
xerces-c-src_2_7_0/doc/html/apiDocs/classXMLDeleter__inherit__graph.map
xerces-c-src_2_7_0/doc/html/apiDocs/classXMLDeleterFor.html
xerces-c-src_2_7_0/doc/html/apiDocs/classXMLDeleterFor__inherit__graph.md5
xerces-c-src_2_7_0/doc/html/apiDocs/classXMLDeleterFor-members.html
xerces-c-src_2_7_0/doc/html/apiDocs/classXMLDeleterFor__inherit__graph.png
xerces-c-src_2_7_0/doc/html/apiDocs/classXMLDeleterFor__inherit__graph.map
xerces-c-src_2_7_0/doc/html/apiDocs/classXMLDocumentHandler.html
xerces-c-src_2_7_0/doc/html/apiDocs/classXMLDocumentHandler__inherit__graph.md5
xerces-c-src_2_7_0/doc/html/apiDocs/classXMLDocumentHandler-members.html
xerces-c-src_2_7_0/doc/html/apiDocs/classXMLDocumentHandler__inherit__graph.png
xerces-c-src_2_7_0/doc/html/apiDocs/classXMLDocumentHandler__inherit__graph.map
xerces-c-src_2_7_0/doc/html/apiDocs/classXMLDOMMsg.html
xerces-c-src_2_7_0/doc/html/apiDocs/classXMLDOMMsg-members.html
xerces-c-src_2_7_0/doc/html/apiDocs/classXMLDouble.html
xerces-c-src_2_7_0/doc/html/apiDocs/classXMLDouble__inherit__graph.md5
xerces-c-src_2_7_0/doc/html/apiDocs/classXMLDouble-members.html
xerces-c-src_2_7_0/doc/html/apiDocs/classXMLDouble__inherit__graph.png
xerces-c-src_2_7_0/doc/html/apiDocs/classXMLDouble__inherit__graph.map
xerces-c-src_2_7_0/doc/html/apiDocs/classXMLDTDDescription.html
xerces-c-src_2_7_0/doc/html/apiDocs/classXMLDTDDescription__inherit__graph.md5
xerces-c-src_2_7_0/doc/html/apiDocs/classXMLDTDDescription-members.html
xerces-c-src_2_7_0/doc/html/apiDocs/classXMLDTDDescription__inherit__graph.png
xerces-c-src_2_7_0/doc/html/apiDocs/classXMLDTDDescription__inherit__graph.map
xerces-c-src_2_7_0/doc/html/apiDocs/classXMLElementDecl.html
xerces-c-src_2_7_0/doc/html/apiDocs/classXMLElementDecl-members.html
xerces-c-src_2_7_0/doc/html/apiDocs/classXMLElementDecl__inherit__graph.md5
xerces-c-src_2_7_0/doc/html/apiDocs/classXMLElementDecl__inherit__graph.png
xerces-c-src_2_7_0/doc/html/apiDocs/classXMLElementDecl__inherit__graph.map
xerces-c-src_2_7_0/doc/html/apiDocs/classXMLEntityDecl.html
xerces-c-src_2_7_0/doc/html/apiDocs/classXMLEntityDecl__inherit__graph.md5
xerces-c-src_2_7_0/doc/html/apiDocs/classXMLEntityDecl-members.html
xerces-c-src_2_7_0/doc/html/apiDocs/classXMLEntityDecl__inherit__graph.png
xerces-c-src_2_7_0/doc/html/apiDocs/classXMLEntityDecl__inherit__graph.map
xerces-c-src_2_7_0/doc/html/apiDocs/classXMLEntityHandler.html
xerces-c-src_2_7_0/doc/html/apiDocs/classXMLEntityHandler__inherit__graph.md5
xerces-c-src_2_7_0/doc/html/apiDocs/classXMLEntityHandler-members.html
xerces-c-src_2_7_0/doc/html/apiDocs/classXMLEntityHandler__inherit__graph.png
xerces-c-src_2_7_0/doc/html/apiDocs/classXMLEntityHandler__inherit__graph.map
xerces-c-src_2_7_0/doc/html/apiDocs/classXMLEntityResolver.html
xerces-c-src_2_7_0/doc/html/apiDocs/classXMLEntityResolver-members.html
xerces-c-src_2_7_0/doc/html/apiDocs/classXMLErrorReporter.html
xerces-c-src_2_7_0/doc/html/apiDocs/classXMLErrorReporter__inherit__graph.md5
xerces-c-src_2_7_0/doc/html/apiDocs/classXMLErrorReporter-members.html
xerces-c-src_2_7_0/doc/html/apiDocs/classXMLErrorReporter__inherit__graph.png
xerces-c-src_2_7_0/doc/html/apiDocs/classXMLErrorReporter__inherit__graph.map
xerces-c-src_2_7_0/doc/html/apiDocs/classXMLErrs.html
xerces-c-src_2_7_0/doc/html/apiDocs/classXMLErrs-members.html
xerces-c-src_2_7_0/doc/html/apiDocs/classXMLFloat.html
xerces-c-src_2_7_0/doc/html/apiDocs/classXMLException.html
xerces-c-src_2_7_0/doc/html/apiDocs/classXMLException__inherit__graph.md5
xerces-c-src_2_7_0/doc/html/apiDocs/classXMLException-members.html
xerces-c-src_2_7_0/doc/html/apiDocs/classXMLException__inherit__graph.png
xerces-c-src_2_7_0/doc/html/apiDocs/classXMLException__inherit__graph.map
xerces-c-src_2_7_0/doc/html/apiDocs/classXMLFloat__inherit__graph.md5
xerces-c-src_2_7_0/doc/html/apiDocs/classXMLFloat-members.html
xerces-c-src_2_7_0/doc/html/apiDocs/classXMLFloat__inherit__graph.png
xerces-c-src_2_7_0/doc/html/apiDocs/classXMLFloat__inherit__graph.map
xerces-c-src_2_7_0/doc/html/apiDocs/classXMLFormatTarget.html
xerces-c-src_2_7_0/doc/html/apiDocs/classXMLFormatTarget__inherit__graph.md5
xerces-c-src_2_7_0/doc/html/apiDocs/classXMLFormatter.html
xerces-c-src_2_7_0/doc/html/apiDocs/classXMLFormatTarget-members.html
xerces-c-src_2_7_0/doc/html/apiDocs/classXMLFormatTarget__inherit__graph.png
xerces-c-src_2_7_0/doc/html/apiDocs/classXMLFormatTarget__inherit__graph.map
xerces-c-src_2_7_0/doc/html/apiDocs/classXMLFormatter__inherit__graph.md5
xerces-c-src_2_7_0/doc/html/apiDocs/classXMLFormatter-members.html
xerces-c-src_2_7_0/doc/html/apiDocs/classXMLFormatter__inherit__graph.png
xerces-c-src_2_7_0/doc/html/apiDocs/classXMLFormatter__inherit__graph.map
xerces-c-src_2_7_0/doc/html/apiDocs/classXMLGrammarDescription.html
xerces-c-src_2_7_0/doc/html/apiDocs/classXMLGrammarDescription__inherit__graph.md5
xerces-c-src_2_7_0/doc/html/apiDocs/classXMLGrammarDescription-members.html
xerces-c-src_2_7_0/doc/html/apiDocs/classXMLGrammarPool.html
xerces-c-src_2_7_0/doc/html/apiDocs/classXMLGrammarDescription__inherit__graph.png
xerces-c-src_2_7_0/doc/html/apiDocs/classXMLGrammarDescription__inherit__graph.map
xerces-c-src_2_7_0/doc/html/apiDocs/classXMLGrammarPool__inherit__graph.md5
xerces-c-src_2_7_0/doc/html/apiDocs/classXMLGrammarPool-members.html
xerces-c-src_2_7_0/doc/html/apiDocs/classXMLGrammarPool__inherit__graph.png
xerces-c-src_2_7_0/doc/html/apiDocs/classXMLGrammarPool__inherit__graph.map
xerces-c-src_2_7_0/doc/html/apiDocs/classXMLHolder.html
xerces-c-src_2_7_0/doc/html/apiDocs/classXMLHolder__inherit__graph.md5
xerces-c-src_2_7_0/doc/html/apiDocs/classXMLHolder-members.html
xerces-c-src_2_7_0/doc/html/apiDocs/classXMLHolder__inherit__graph.png
xerces-c-src_2_7_0/doc/html/apiDocs/classXMLHolder__inherit__graph.map
xerces-c-src_2_7_0/doc/html/apiDocs/classXMLIBM1047Transcoder.html
xerces-c-src_2_7_0/doc/html/apiDocs/classXMLIBM1047Transcoder-members.html
xerces-c-src_2_7_0/doc/html/apiDocs/classXMLInitializer.html
xerces-c-src_2_7_0/doc/html/apiDocs/classXMLInitializer-members.html
xerces-c-src_2_7_0/doc/html/apiDocs/classXMLInteger.html
xerces-c-src_2_7_0/doc/html/apiDocs/classXMLNumber.html
xerces-c-src_2_7_0/doc/html/apiDocs/classXMLInteger__inherit__graph.md5
xerces-c-src_2_7_0/doc/html/apiDocs/classXMLInteger-members.html
xerces-c-src_2_7_0/doc/html/apiDocs/classXMLInteger__inherit__graph.png
xerces-c-src_2_7_0/doc/html/apiDocs/classXMLInteger__inherit__graph.map
xerces-c-src_2_7_0/doc/html/apiDocs/classXMLLCPTranscoder.html
xerces-c-src_2_7_0/doc/html/apiDocs/classXMLLCPTranscoder__inherit__graph.md5
xerces-c-src_2_7_0/doc/html/apiDocs/dir_000008.html
xerces-c-src_2_7_0/doc/html/apiDocs/classXMLLCPTranscoder-members.html
xerces-c-src_2_7_0/doc/html/apiDocs/classXMLLCPTranscoder__inherit__graph.png
xerces-c-src_2_7_0/doc/html/apiDocs/classXMLLCPTranscoder__inherit__graph.map
xerces-c-src_2_7_0/doc/html/apiDocs/classXMLNetAccessor.html
xerces-c-src_2_7_0/doc/html/apiDocs/classXMLNetAccessor__inherit__graph.md5
xerces-c-src_2_7_0/doc/html/apiDocs/classXMLNetAccessor-members.html
xerces-c-src_2_7_0/doc/html/apiDocs/classXMLNetAccessor__inherit__graph.png
xerces-c-src_2_7_0/doc/html/apiDocs/classXMLNetAccessor__inherit__graph.map
xerces-c-src_2_7_0/doc/html/apiDocs/classXMLNetHTTPInfo.html
xerces-c-src_2_7_0/doc/html/apiDocs/classXMLNetHTTPInfo-members.html
xerces-c-src_2_7_0/doc/html/apiDocs/classXMLNotationDecl.html
xerces-c-src_2_7_0/doc/html/apiDocs/dir_000004.html
xerces-c-src_2_7_0/doc/html/apiDocs/classXMLNotationDecl__inherit__graph.md5
xerces-c-src_2_7_0/doc/html/apiDocs/classXMLNotationDecl-members.html
xerces-c-src_2_7_0/doc/html/apiDocs/classXMLNotationDecl__inherit__graph.png
xerces-c-src_2_7_0/doc/html/apiDocs/classXMLNotationDecl__inherit__graph.map
xerces-c-src_2_7_0/doc/html/apiDocs/classXMLNumber__inherit__graph.md5
xerces-c-src_2_7_0/doc/html/apiDocs/classXMLNumber-members.html
xerces-c-src_2_7_0/doc/html/apiDocs/classXMLNumber__inherit__graph.png
xerces-c-src_2_7_0/doc/html/apiDocs/classXMLNumber__inherit__graph.map
xerces-c-src_2_7_0/doc/html/apiDocs/classXMLPlatformUtils.html
xerces-c-src_2_7_0/doc/html/apiDocs/classXMLPlatformUtils-members.html
xerces-c-src_2_7_0/doc/html/apiDocs/classXMLReaderFactory.html
xerces-c-src_2_7_0/doc/html/apiDocs/classXMLString.html
xerces-c-src_2_7_0/doc/html/apiDocs/classXMLReaderFactory-members.html
xerces-c-src_2_7_0/doc/html/apiDocs/classXMLRegisterCleanup.html
xerces-c-src_2_7_0/doc/html/apiDocs/classXMLRegisterCleanup-members.html
xerces-c-src_2_7_0/doc/html/apiDocs/classXMLResourceIdentifier.html
xerces-c-src_2_7_0/doc/html/apiDocs/classXMLResourceIdentifier-members.html
xerces-c-src_2_7_0/doc/html/apiDocs/classXMLSchemaDescription.html
xerces-c-src_2_7_0/doc/html/apiDocs/classXMLSchemaDescription__inherit__graph.md5
xerces-c-src_2_7_0/doc/html/apiDocs/classXMLSchemaDescription-members.html
xerces-c-src_2_7_0/doc/html/apiDocs/classXMLSchemaDescription__inherit__graph.png
xerces-c-src_2_7_0/doc/html/apiDocs/classXMLSchemaDescription__inherit__graph.map
xerces-c-src_2_7_0/doc/html/apiDocs/classXMLString-members.html
xerces-c-src_2_7_0/doc/html/apiDocs/classXMLStringTokenizer.html
xerces-c-src_2_7_0/doc/html/apiDocs/classXMLStringTokenizer__inherit__graph.md5
xerces-c-src_2_7_0/doc/html/apiDocs/classXMLStringTokenizer-members.html
xerces-c-src_2_7_0/doc/html/apiDocs/classXMLStringTokenizer__inherit__graph.png
xerces-c-src_2_7_0/doc/html/apiDocs/classXMLStringTokenizer__inherit__graph.map
xerces-c-src_2_7_0/doc/html/apiDocs/classXMLSynchronizedStringPool.html
xerces-c-src_2_7_0/doc/html/apiDocs/classXMLSynchronizedStringPool-members.html
xerces-c-src_2_7_0/doc/html/apiDocs/classXMLTranscoder.html
xerces-c-src_2_7_0/doc/html/apiDocs/classXMLTranscoder__inherit__graph.md5
xerces-c-src_2_7_0/doc/html/apiDocs/classXMLTranscoder-members.html
xerces-c-src_2_7_0/doc/html/apiDocs/classXMLTranscoder__inherit__graph.png
xerces-c-src_2_7_0/doc/html/apiDocs/classXMLTranscoder__inherit__graph.map
xerces-c-src_2_7_0/doc/html/apiDocs/classXMLTransService.html
xerces-c-src_2_7_0/doc/html/apiDocs/classXMLTransService__inherit__graph.md5
xerces-c-src_2_7_0/doc/html/apiDocs/classXMLTransService-members.html
xerces-c-src_2_7_0/doc/html/apiDocs/classXMLTransService__inherit__graph.png
xerces-c-src_2_7_0/doc/html/apiDocs/classXMLTransService__inherit__graph.map
xerces-c-src_2_7_0/doc/html/apiDocs/structXMLTransService_1_1TransRec.html
xerces-c-src_2_7_0/doc/html/apiDocs/classXMLValid.html
xerces-c-src_2_7_0/doc/html/apiDocs/classXMLUni.html
xerces-c-src_2_7_0/doc/html/apiDocs/classXMLUni-members.html
xerces-c-src_2_7_0/doc/html/apiDocs/classXMLUri.html
xerces-c-src_2_7_0/doc/html/apiDocs/classXMLURL.html
xerces-c-src_2_7_0/doc/html/apiDocs/classXMLValidator.html
xerces-c-src_2_7_0/doc/html/apiDocs/classXMLUri__inherit__graph.md5
xerces-c-src_2_7_0/doc/html/apiDocs/classXMLUri-members.html
xerces-c-src_2_7_0/doc/html/apiDocs/classXMLUri__inherit__graph.png
xerces-c-src_2_7_0/doc/html/apiDocs/classXMLUri__inherit__graph.map
xerces-c-src_2_7_0/doc/html/apiDocs/classXMLURL__inherit__graph.md5
xerces-c-src_2_7_0/doc/html/apiDocs/classXMLURL-members.html
xerces-c-src_2_7_0/doc/html/apiDocs/classXMLURL__inherit__graph.png
xerces-c-src_2_7_0/doc/html/apiDocs/classXMLURL__inherit__graph.map
xerces-c-src_2_7_0/doc/html/apiDocs/classXMLValid-members.html
xerces-c-src_2_7_0/doc/html/apiDocs/classXSFacet.html
xerces-c-src_2_7_0/doc/html/apiDocs/classXMLValidator__inherit__graph.md5
xerces-c-src_2_7_0/doc/html/apiDocs/classXMLValidator-members.html
xerces-c-src_2_7_0/doc/html/apiDocs/classXMLValidator__inherit__graph.png
xerces-c-src_2_7_0/doc/html/apiDocs/classXMLValidator__inherit__graph.map
xerces-c-src_2_7_0/doc/html/apiDocs/classXSAnnotation.html
xerces-c-src_2_7_0/doc/html/apiDocs/classXSAnnotation__inherit__graph.md5
xerces-c-src_2_7_0/doc/html/apiDocs/classXSAnnotation-members.html
xerces-c-src_2_7_0/doc/html/apiDocs/classXSAnnotation__inherit__graph.png
xerces-c-src_2_7_0/doc/html/apiDocs/classXSAnnotation__inherit__graph.map
xerces-c-src_2_7_0/doc/html/apiDocs/classXSAttributeDeclaration.html
xerces-c-src_2_7_0/doc/html/apiDocs/classXSAttributeDeclaration__inherit__graph.md5
xerces-c-src_2_7_0/doc/html/apiDocs/classXSAttributeDeclaration-members.html
xerces-c-src_2_7_0/doc/html/apiDocs/classXSAttributeDeclaration__inherit__graph.png
xerces-c-src_2_7_0/doc/html/apiDocs/classXSAttributeUse.html
xerces-c-src_2_7_0/doc/html/apiDocs/classXSAttributeDeclaration__inherit__graph.map
xerces-c-src_2_7_0/doc/html/apiDocs/classXSAttributeGroupDefinition.html
xerces-c-src_2_7_0/doc/html/apiDocs/classXSAttributeGroupDefinition__inherit__graph.md5
xerces-c-src_2_7_0/doc/html/apiDocs/classXSAttributeGroupDefinition-members.html
xerces-c-src_2_7_0/doc/html/apiDocs/classXSAttributeGroupDefinition__inherit__graph.png
xerces-c-src_2_7_0/doc/html/apiDocs/classXSAttributeGroupDefinition__inherit__graph.map
xerces-c-src_2_7_0/doc/html/apiDocs/classXSAttributeUse__inherit__graph.md5
xerces-c-src_2_7_0/doc/html/apiDocs/classXSAttributeUse-members.html
xerces-c-src_2_7_0/doc/html/apiDocs/classXSAttributeUse__inherit__graph.png
xerces-c-src_2_7_0/doc/html/apiDocs/classXSConstants.html
xerces-c-src_2_7_0/doc/html/apiDocs/classXSAttributeUse__inherit__graph.map
xerces-c-src_2_7_0/doc/html/apiDocs/classXSComplexTypeDefinition.html
xerces-c-src_2_7_0/doc/html/apiDocs/classXSComplexTypeDefinition__inherit__graph.md5
xerces-c-src_2_7_0/doc/html/apiDocs/classXSComplexTypeDefinition-members.html
xerces-c-src_2_7_0/doc/html/apiDocs/classXSComplexTypeDefinition__inherit__graph.png
xerces-c-src_2_7_0/doc/html/apiDocs/classXSComplexTypeDefinition__inherit__graph.map
xerces-c-src_2_7_0/doc/html/apiDocs/classXSConstants-members.html
xerces-c-src_2_7_0/doc/html/apiDocs/classXSElementDeclaration.html
xerces-c-src_2_7_0/doc/html/apiDocs/classXSElementDeclaration__inherit__graph.md5
xerces-c-src_2_7_0/doc/html/apiDocs/classXSElementDeclaration-members.html
xerces-c-src_2_7_0/doc/html/apiDocs/classXSElementDeclaration__inherit__graph.png
xerces-c-src_2_7_0/doc/html/apiDocs/classXSElementDeclaration__inherit__graph.map
xerces-c-src_2_7_0/doc/html/apiDocs/classXSModel.html
xerces-c-src_2_7_0/doc/html/apiDocs/classXSFacet__inherit__graph.md5
xerces-c-src_2_7_0/doc/html/apiDocs/classXSFacet-members.html
xerces-c-src_2_7_0/doc/html/apiDocs/classXSFacet__inherit__graph.png
xerces-c-src_2_7_0/doc/html/apiDocs/classXSFacet__inherit__graph.map
xerces-c-src_2_7_0/doc/html/apiDocs/classXSIDCDefinition.html
xerces-c-src_2_7_0/doc/html/apiDocs/classXSIDCDefinition__inherit__graph.md5
xerces-c-src_2_7_0/doc/html/apiDocs/classXSIDCDefinition-members.html
xerces-c-src_2_7_0/doc/html/apiDocs/classXSIDCDefinition__inherit__graph.png
xerces-c-src_2_7_0/doc/html/apiDocs/classXSIDCDefinition__inherit__graph.map
xerces-c-src_2_7_0/doc/html/apiDocs/classXSNamedMap.html
xerces-c-src_2_7_0/doc/html/apiDocs/classXSModel__inherit__graph.md5
xerces-c-src_2_7_0/doc/html/apiDocs/classXSModel-members.html
xerces-c-src_2_7_0/doc/html/apiDocs/classXSModel__inherit__graph.png
xerces-c-src_2_7_0/doc/html/apiDocs/classXSModel__inherit__graph.map
xerces-c-src_2_7_0/doc/html/apiDocs/classXSModelGroup.html
xerces-c-src_2_7_0/doc/html/apiDocs/classXSModelGroup__inherit__graph.md5
xerces-c-src_2_7_0/doc/html/apiDocs/classXSModelGroup-members.html
xerces-c-src_2_7_0/doc/html/apiDocs/classXSModelGroup__inherit__graph.png
xerces-c-src_2_7_0/doc/html/apiDocs/classXSModelGroup__inherit__graph.map
xerces-c-src_2_7_0/doc/html/apiDocs/classXSModelGroupDefinition.html
xerces-c-src_2_7_0/doc/html/apiDocs/classXSModelGroupDefinition__inherit__graph.md5
xerces-c-src_2_7_0/doc/html/apiDocs/classXSModelGroupDefinition-members.html
xerces-c-src_2_7_0/doc/html/apiDocs/classXSModelGroupDefinition__inherit__graph.png
xerces-c-src_2_7_0/doc/html/apiDocs/classXSModelGroupDefinition__inherit__graph.map
xerces-c-src_2_7_0/doc/html/apiDocs/classXSMultiValueFacet.html
xerces-c-src_2_7_0/doc/html/apiDocs/classXSMultiValueFacet__inherit__graph.md5
xerces-c-src_2_7_0/doc/html/apiDocs/classXSMultiValueFacet-members.html
xerces-c-src_2_7_0/doc/html/apiDocs/classXSMultiValueFacet__inherit__graph.png
xerces-c-src_2_7_0/doc/html/apiDocs/classXSMultiValueFacet__inherit__graph.map
xerces-c-src_2_7_0/doc/html/apiDocs/classXSObject.html
xerces-c-src_2_7_0/doc/html/apiDocs/classXSValue.html
xerces-c-src_2_7_0/doc/html/apiDocs/classXSNamedMap__inherit__graph.md5
xerces-c-src_2_7_0/doc/html/apiDocs/classXSNamedMap-members.html
xerces-c-src_2_7_0/doc/html/apiDocs/classXSNamedMap__inherit__graph.png
xerces-c-src_2_7_0/doc/html/apiDocs/classXSNamedMap__inherit__graph.map
xerces-c-src_2_7_0/doc/html/apiDocs/classXSNamespaceItem.html
xerces-c-src_2_7_0/doc/html/apiDocs/classXSNamespaceItem__inherit__graph.md5
xerces-c-src_2_7_0/doc/html/apiDocs/classXSNamespaceItem-members.html
xerces-c-src_2_7_0/doc/html/apiDocs/classXSNamespaceItem__inherit__graph.png
xerces-c-src_2_7_0/doc/html/apiDocs/classXSNamespaceItem__inherit__graph.map
xerces-c-src_2_7_0/doc/html/apiDocs/classXSNotationDeclaration.html
xerces-c-src_2_7_0/doc/html/apiDocs/classXSNotationDeclaration__inherit__graph.md5
xerces-c-src_2_7_0/doc/html/apiDocs/classXSNotationDeclaration-members.html
xerces-c-src_2_7_0/doc/html/apiDocs/classXSNotationDeclaration__inherit__graph.png
xerces-c-src_2_7_0/doc/html/apiDocs/classXSNotationDeclaration__inherit__graph.map
xerces-c-src_2_7_0/doc/html/apiDocs/classXSParticle.html
xerces-c-src_2_7_0/doc/html/apiDocs/classXSObject__inherit__graph.md5
xerces-c-src_2_7_0/doc/html/apiDocs/classXSObject-members.html
xerces-c-src_2_7_0/doc/html/apiDocs/classXSObject__inherit__graph.png
xerces-c-src_2_7_0/doc/html/apiDocs/classXSObject__inherit__graph.map
xerces-c-src_2_7_0/doc/html/apiDocs/classXSParticle__inherit__graph.md5
xerces-c-src_2_7_0/doc/html/apiDocs/classXSParticle-members.html
xerces-c-src_2_7_0/doc/html/apiDocs/classXSParticle__inherit__graph.png
xerces-c-src_2_7_0/doc/html/apiDocs/dir_000005.html
xerces-c-src_2_7_0/doc/html/apiDocs/classXSParticle__inherit__graph.map
xerces-c-src_2_7_0/doc/html/apiDocs/classXSSimpleTypeDefinition.html
xerces-c-src_2_7_0/doc/html/apiDocs/classXSSimpleTypeDefinition__inherit__graph.md5
xerces-c-src_2_7_0/doc/html/apiDocs/classXSSimpleTypeDefinition-members.html
xerces-c-src_2_7_0/doc/html/apiDocs/classXSSimpleTypeDefinition__inherit__graph.png
xerces-c-src_2_7_0/doc/html/apiDocs/classXSSimpleTypeDefinition__inherit__graph.map
xerces-c-src_2_7_0/doc/html/apiDocs/classXSTypeDefinition.html
xerces-c-src_2_7_0/doc/html/apiDocs/classXSTypeDefinition__inherit__graph.md5
xerces-c-src_2_7_0/doc/html/apiDocs/classXSTypeDefinition-members.html
xerces-c-src_2_7_0/doc/html/apiDocs/classXSTypeDefinition__inherit__graph.png
xerces-c-src_2_7_0/doc/html/apiDocs/classXSTypeDefinition__inherit__graph.map
xerces-c-src_2_7_0/doc/html/apiDocs/classXSWildcard.html
xerces-c-src_2_7_0/doc/html/apiDocs/classXSValue__inherit__graph.md5
xerces-c-src_2_7_0/doc/html/apiDocs/classXSValue-members.html
xerces-c-src_2_7_0/doc/html/apiDocs/classXSValue__inherit__graph.png
xerces-c-src_2_7_0/doc/html/apiDocs/classXSValue__inherit__graph.map
xerces-c-src_2_7_0/doc/html/apiDocs/structXSValue_1_1XSValue__Data.html
xerces-c-src_2_7_0/doc/html/apiDocs/globals_func.html
xerces-c-src_2_7_0/doc/html/apiDocs/structXSValue_1_1XSValue__Data-members.html
xerces-c-src_2_7_0/doc/html/apiDocs/classXSWildcard__inherit__graph.md5
xerces-c-src_2_7_0/doc/html/apiDocs/classXSWildcard-members.html
xerces-c-src_2_7_0/doc/html/apiDocs/classXSWildcard__inherit__graph.png
xerces-c-src_2_7_0/doc/html/apiDocs/classXSWildcard__inherit__graph.map
xerces-c-src_2_7_0/doc/html/apiDocs/dir_000007_dep.png
xerces-c-src_2_7_0/doc/html/apiDocs/dir_000007_dep.map
xerces-c-src_2_7_0/doc/html/apiDocs/dir_000006_dep.png
xerces-c-src_2_7_0/doc/html/apiDocs/dir_000006_dep.map
xerces-c-src_2_7_0/doc/html/apiDocs/dir_000002_dep.png
xerces-c-src_2_7_0/doc/html/apiDocs/dir_000002_dep.map
xerces-c-src_2_7_0/doc/html/apiDocs/dir_000008_dep.png
xerces-c-src_2_7_0/doc/html/apiDocs/dir_000008_dep.map
xerces-c-src_2_7_0/doc/html/apiDocs/dir_000000.html
xerces-c-src_2_7_0/doc/html/apiDocs/dir_000004_dep.png
xerces-c-src_2_7_0/doc/html/apiDocs/dir_000004_dep.map
xerces-c-src_2_7_0/doc/html/apiDocs/dir_000003.html
xerces-c-src_2_7_0/doc/html/apiDocs/dir_000005_dep.png
xerces-c-src_2_7_0/doc/html/apiDocs/dir_000005_dep.map
xerces-c-src_2_7_0/doc/html/apiDocs/dir_000001.html
xerces-c-src_2_7_0/doc/html/apiDocs/dir_000000_dep.png
xerces-c-src_2_7_0/doc/html/apiDocs/dir_000000_dep.map
xerces-c-src_2_7_0/doc/html/apiDocs/globals_vars.html
xerces-c-src_2_7_0/doc/html/apiDocs/dir_000003_dep.png
xerces-c-src_2_7_0/doc/html/apiDocs/dir_000003_dep.map
xerces-c-src_2_7_0/doc/html/apiDocs/globals_type.html
xerces-c-src_2_7_0/doc/html/apiDocs/dir_000001_dep.png
xerces-c-src_2_7_0/doc/html/apiDocs/dir_000001_dep.map
xerces-c-src_2_7_0/doc/html/apiDocs/dir_000003_000006.html
xerces-c-src_2_7_0/doc/html/apiDocs/dir_000003_000007.html
xerces-c-src_2_7_0/doc/html/apiDocs/dir_000006_000003.html
xerces-c-src_2_7_0/doc/html/apiDocs/dir_000006_000007.html
xerces-c-src_2_7_0/doc/html/apiDocs/dir_000007_000003.html
xerces-c-src_2_7_0/doc/html/apiDocs/dir_000007_000006.html
xerces-c-src_2_7_0/doc/html/apiDocs/dir_000004_000003.html
xerces-c-src_2_7_0/doc/html/apiDocs/dir_000006_000004.html
xerces-c-src_2_7_0/doc/html/apiDocs/dir_000006_000008.html
xerces-c-src_2_7_0/doc/html/apiDocs/dir_000008_000003.html
xerces-c-src_2_7_0/doc/html/apiDocs/inherits.html
xerces-c-src_2_7_0/doc/html/apiDocs/dir_000002_000003.html
xerces-c-src_2_7_0/doc/html/apiDocs/dir_000002_000004.html
xerces-c-src_2_7_0/doc/html/apiDocs/dir_000002_000006.html
xerces-c-src_2_7_0/doc/html/apiDocs/dir_000002_000007.html
xerces-c-src_2_7_0/doc/html/apiDocs/dir_000005_000003.html
xerces-c-src_2_7_0/doc/html/apiDocs/dir_000005_000004.html
xerces-c-src_2_7_0/doc/html/apiDocs/dir_000005_000006.html
xerces-c-src_2_7_0/doc/html/apiDocs/globals_defs.html
xerces-c-src_2_7_0/doc/html/apiDocs/graph_legend.html
xerces-c-src_2_7_0/doc/html/apiDocs/graph_legend.dot
xerces-c-src_2_7_0/doc/html/apiDocs/graph_legend.png
xerces-c-src_2_7_0/doc/html/apiDocs/inherit__graph__0.md5
xerces-c-src_2_7_0/doc/html/apiDocs/inherit__graph__1.md5
xerces-c-src_2_7_0/doc/html/apiDocs/inherit__graph__0.png
xerces-c-src_2_7_0/doc/html/apiDocs/inherit__graph__0.map
xerces-c-src_2_7_0/doc/html/apiDocs/inherit__graph__2.md5
xerces-c-src_2_7_0/doc/html/apiDocs/inherit__graph__1.png
xerces-c-src_2_7_0/doc/html/apiDocs/inherit__graph__1.map
xerces-c-src_2_7_0/doc/html/apiDocs/inherit__graph__3.md5
xerces-c-src_2_7_0/doc/html/apiDocs/inherit__graph__2.png
xerces-c-src_2_7_0/doc/html/apiDocs/inherit__graph__2.map
xerces-c-src_2_7_0/doc/html/apiDocs/inherit__graph__4.md5
xerces-c-src_2_7_0/doc/html/apiDocs/inherit__graph__3.png
xerces-c-src_2_7_0/doc/html/apiDocs/inherit__graph__3.map
xerces-c-src_2_7_0/doc/html/apiDocs/inherit__graph__5.md5
xerces-c-src_2_7_0/doc/html/apiDocs/inherit__graph__4.png
xerces-c-src_2_7_0/doc/html/apiDocs/inherit__graph__4.map
xerces-c-src_2_7_0/doc/html/apiDocs/inherit__graph__6.md5
xerces-c-src_2_7_0/doc/html/apiDocs/inherit__graph__5.png
xerces-c-src_2_7_0/doc/html/apiDocs/inherit__graph__5.map
xerces-c-src_2_7_0/doc/html/apiDocs/inherit__graph__7.md5
xerces-c-src_2_7_0/doc/html/apiDocs/inherit__graph__6.png
xerces-c-src_2_7_0/doc/html/apiDocs/inherit__graph__6.map
xerces-c-src_2_7_0/doc/html/apiDocs/inherit__graph__8.md5
xerces-c-src_2_7_0/doc/html/apiDocs/inherit__graph__7.png
xerces-c-src_2_7_0/doc/html/apiDocs/inherit__graph__7.map
xerces-c-src_2_7_0/doc/html/apiDocs/inherit__graph__9.md5
xerces-c-src_2_7_0/doc/html/apiDocs/inherit__graph__8.png
xerces-c-src_2_7_0/doc/html/apiDocs/inherit__graph__8.map
xerces-c-src_2_7_0/doc/html/apiDocs/inherit__graph__10.md5
xerces-c-src_2_7_0/doc/html/apiDocs/inherit__graph__9.png
xerces-c-src_2_7_0/doc/html/apiDocs/inherit__graph__9.map
xerces-c-src_2_7_0/doc/html/apiDocs/inherit__graph__11.md5
xerces-c-src_2_7_0/doc/html/apiDocs/inherit__graph__10.png
xerces-c-src_2_7_0/doc/html/apiDocs/inherit__graph__10.map
xerces-c-src_2_7_0/doc/html/apiDocs/inherit__graph__12.md5
xerces-c-src_2_7_0/doc/html/apiDocs/inherit__graph__11.png
xerces-c-src_2_7_0/doc/html/apiDocs/inherit__graph__11.map
xerces-c-src_2_7_0/doc/html/apiDocs/inherit__graph__13.md5
xerces-c-src_2_7_0/doc/html/apiDocs/inherit__graph__12.png
xerces-c-src_2_7_0/doc/html/apiDocs/inherit__graph__12.map
xerces-c-src_2_7_0/doc/html/apiDocs/inherit__graph__14.md5
xerces-c-src_2_7_0/doc/html/apiDocs/inherit__graph__13.png
xerces-c-src_2_7_0/doc/html/apiDocs/inherit__graph__13.map
xerces-c-src_2_7_0/doc/html/apiDocs/inherit__graph__15.md5
xerces-c-src_2_7_0/doc/html/apiDocs/inherit__graph__14.png
xerces-c-src_2_7_0/doc/html/apiDocs/inherit__graph__14.map
xerces-c-src_2_7_0/doc/html/apiDocs/inherit__graph__16.md5
xerces-c-src_2_7_0/doc/html/apiDocs/inherit__graph__15.png
xerces-c-src_2_7_0/doc/html/apiDocs/inherit__graph__15.map
xerces-c-src_2_7_0/doc/html/apiDocs/inherit__graph__17.md5
xerces-c-src_2_7_0/doc/html/apiDocs/inherit__graph__16.png
xerces-c-src_2_7_0/doc/html/apiDocs/inherit__graph__16.map
xerces-c-src_2_7_0/doc/html/apiDocs/inherit__graph__18.md5
xerces-c-src_2_7_0/doc/html/apiDocs/inherit__graph__17.png
xerces-c-src_2_7_0/doc/html/apiDocs/inherit__graph__17.map
xerces-c-src_2_7_0/doc/html/apiDocs/inherit__graph__19.md5
xerces-c-src_2_7_0/doc/html/apiDocs/inherit__graph__18.png
xerces-c-src_2_7_0/doc/html/apiDocs/inherit__graph__18.map
xerces-c-src_2_7_0/doc/html/apiDocs/inherit__graph__20.md5
xerces-c-src_2_7_0/doc/html/apiDocs/inherit__graph__19.png
xerces-c-src_2_7_0/doc/html/apiDocs/inherit__graph__19.map
xerces-c-src_2_7_0/doc/html/apiDocs/inherit__graph__21.md5
xerces-c-src_2_7_0/doc/html/apiDocs/inherit__graph__20.png
xerces-c-src_2_7_0/doc/html/apiDocs/inherit__graph__20.map
xerces-c-src_2_7_0/doc/html/apiDocs/inherit__graph__22.md5
xerces-c-src_2_7_0/doc/html/apiDocs/inherit__graph__21.png
xerces-c-src_2_7_0/doc/html/apiDocs/inherit__graph__21.map
xerces-c-src_2_7_0/doc/html/apiDocs/inherit__graph__23.md5
xerces-c-src_2_7_0/doc/html/apiDocs/inherit__graph__22.png
xerces-c-src_2_7_0/doc/html/apiDocs/inherit__graph__22.map
xerces-c-src_2_7_0/doc/html/apiDocs/inherit__graph__24.md5
xerces-c-src_2_7_0/doc/html/apiDocs/inherit__graph__23.png
xerces-c-src_2_7_0/doc/html/apiDocs/inherit__graph__23.map
xerces-c-src_2_7_0/doc/html/apiDocs/inherit__graph__25.md5
xerces-c-src_2_7_0/doc/html/apiDocs/inherit__graph__24.png
xerces-c-src_2_7_0/doc/html/apiDocs/inherit__graph__24.map
xerces-c-src_2_7_0/doc/html/apiDocs/inherit__graph__26.md5
xerces-c-src_2_7_0/doc/html/apiDocs/inherit__graph__25.png
xerces-c-src_2_7_0/doc/html/apiDocs/inherit__graph__25.map
xerces-c-src_2_7_0/doc/html/apiDocs/inherit__graph__27.md5
xerces-c-src_2_7_0/doc/html/apiDocs/inherit__graph__26.png
xerces-c-src_2_7_0/doc/html/apiDocs/inherit__graph__26.map
xerces-c-src_2_7_0/doc/html/apiDocs/inherit__graph__28.md5
xerces-c-src_2_7_0/doc/html/apiDocs/inherit__graph__27.png
xerces-c-src_2_7_0/doc/html/apiDocs/inherit__graph__27.map
xerces-c-src_2_7_0/doc/html/apiDocs/inherit__graph__29.md5
xerces-c-src_2_7_0/doc/html/apiDocs/inherit__graph__28.png
xerces-c-src_2_7_0/doc/html/apiDocs/inherit__graph__28.map
xerces-c-src_2_7_0/doc/html/apiDocs/inherit__graph__30.md5
xerces-c-src_2_7_0/doc/html/apiDocs/inherit__graph__29.png
xerces-c-src_2_7_0/doc/html/apiDocs/inherit__graph__29.map
xerces-c-src_2_7_0/doc/html/apiDocs/inherit__graph__31.md5
xerces-c-src_2_7_0/doc/html/apiDocs/inherit__graph__30.png
xerces-c-src_2_7_0/doc/html/apiDocs/inherit__graph__30.map
xerces-c-src_2_7_0/doc/html/apiDocs/inherit__graph__32.md5
xerces-c-src_2_7_0/doc/html/apiDocs/inherit__graph__31.png
xerces-c-src_2_7_0/doc/html/apiDocs/inherit__graph__31.map
xerces-c-src_2_7_0/doc/html/apiDocs/inherit__graph__33.md5
xerces-c-src_2_7_0/doc/html/apiDocs/inherit__graph__32.png
xerces-c-src_2_7_0/doc/html/apiDocs/inherit__graph__32.map
xerces-c-src_2_7_0/doc/html/apiDocs/inherit__graph__34.md5
xerces-c-src_2_7_0/doc/html/apiDocs/inherit__graph__33.png
xerces-c-src_2_7_0/doc/html/apiDocs/inherit__graph__33.map
xerces-c-src_2_7_0/doc/html/apiDocs/inherit__graph__35.md5
xerces-c-src_2_7_0/doc/html/apiDocs/inherit__graph__34.png
xerces-c-src_2_7_0/doc/html/apiDocs/inherit__graph__34.map
xerces-c-src_2_7_0/doc/html/apiDocs/inherit__graph__36.md5
xerces-c-src_2_7_0/doc/html/apiDocs/inherit__graph__35.png
xerces-c-src_2_7_0/doc/html/apiDocs/inherit__graph__35.map
xerces-c-src_2_7_0/doc/html/apiDocs/inherit__graph__37.md5
xerces-c-src_2_7_0/doc/html/apiDocs/inherit__graph__36.png
xerces-c-src_2_7_0/doc/html/apiDocs/inherit__graph__36.map
xerces-c-src_2_7_0/doc/html/apiDocs/inherit__graph__38.md5
xerces-c-src_2_7_0/doc/html/apiDocs/inherit__graph__37.png
xerces-c-src_2_7_0/doc/html/apiDocs/inherit__graph__37.map
xerces-c-src_2_7_0/doc/html/apiDocs/inherit__graph__39.md5
xerces-c-src_2_7_0/doc/html/apiDocs/inherit__graph__38.png
xerces-c-src_2_7_0/doc/html/apiDocs/inherit__graph__38.map
xerces-c-src_2_7_0/doc/html/apiDocs/inherit__graph__40.md5
xerces-c-src_2_7_0/doc/html/apiDocs/inherit__graph__39.png
xerces-c-src_2_7_0/doc/html/apiDocs/inherit__graph__39.map
xerces-c-src_2_7_0/doc/html/apiDocs/inherit__graph__41.md5
xerces-c-src_2_7_0/doc/html/apiDocs/inherit__graph__40.png
xerces-c-src_2_7_0/doc/html/apiDocs/inherit__graph__40.map
xerces-c-src_2_7_0/doc/html/apiDocs/inherit__graph__42.md5
xerces-c-src_2_7_0/doc/html/apiDocs/inherit__graph__41.png
xerces-c-src_2_7_0/doc/html/apiDocs/inherit__graph__41.map
xerces-c-src_2_7_0/doc/html/apiDocs/inherit__graph__43.md5
xerces-c-src_2_7_0/doc/html/apiDocs/inherit__graph__42.png
xerces-c-src_2_7_0/doc/html/apiDocs/inherit__graph__42.map
xerces-c-src_2_7_0/doc/html/apiDocs/inherit__graph__44.md5
xerces-c-src_2_7_0/doc/html/apiDocs/inherit__graph__43.png
xerces-c-src_2_7_0/doc/html/apiDocs/inherit__graph__43.map
xerces-c-src_2_7_0/doc/html/apiDocs/inherit__graph__45.md5
xerces-c-src_2_7_0/doc/html/apiDocs/inherit__graph__44.png
xerces-c-src_2_7_0/doc/html/apiDocs/inherit__graph__44.map
xerces-c-src_2_7_0/doc/html/apiDocs/inherit__graph__46.md5
xerces-c-src_2_7_0/doc/html/apiDocs/inherit__graph__45.png
xerces-c-src_2_7_0/doc/html/apiDocs/inherit__graph__45.map
xerces-c-src_2_7_0/doc/html/apiDocs/inherit__graph__47.md5
xerces-c-src_2_7_0/doc/html/apiDocs/inherit__graph__46.png
xerces-c-src_2_7_0/doc/html/apiDocs/inherit__graph__46.map
xerces-c-src_2_7_0/doc/html/apiDocs/inherit__graph__48.md5
xerces-c-src_2_7_0/doc/html/apiDocs/inherit__graph__47.png
xerces-c-src_2_7_0/doc/html/apiDocs/inherit__graph__47.map
xerces-c-src_2_7_0/doc/html/apiDocs/inherit__graph__49.md5
xerces-c-src_2_7_0/doc/html/apiDocs/inherit__graph__48.png
xerces-c-src_2_7_0/doc/html/apiDocs/inherit__graph__48.map
xerces-c-src_2_7_0/doc/html/apiDocs/inherit__graph__50.md5
xerces-c-src_2_7_0/doc/html/apiDocs/inherit__graph__49.png
xerces-c-src_2_7_0/doc/html/apiDocs/inherit__graph__49.map
xerces-c-src_2_7_0/doc/html/apiDocs/inherit__graph__51.md5
xerces-c-src_2_7_0/doc/html/apiDocs/inherit__graph__50.png
xerces-c-src_2_7_0/doc/html/apiDocs/inherit__graph__50.map
xerces-c-src_2_7_0/doc/html/apiDocs/inherit__graph__52.md5
xerces-c-src_2_7_0/doc/html/apiDocs/inherit__graph__51.png
xerces-c-src_2_7_0/doc/html/apiDocs/inherit__graph__51.map
xerces-c-src_2_7_0/doc/html/apiDocs/inherit__graph__53.md5
xerces-c-src_2_7_0/doc/html/apiDocs/inherit__graph__52.png
xerces-c-src_2_7_0/doc/html/apiDocs/inherit__graph__52.map
xerces-c-src_2_7_0/doc/html/apiDocs/inherit__graph__54.md5
xerces-c-src_2_7_0/doc/html/apiDocs/inherit__graph__53.png
xerces-c-src_2_7_0/doc/html/apiDocs/inherit__graph__53.map
xerces-c-src_2_7_0/doc/html/apiDocs/inherit__graph__55.md5
xerces-c-src_2_7_0/doc/html/apiDocs/inherit__graph__54.png
xerces-c-src_2_7_0/doc/html/apiDocs/inherit__graph__54.map
xerces-c-src_2_7_0/doc/html/apiDocs/inherit__graph__56.md5
xerces-c-src_2_7_0/doc/html/apiDocs/inherit__graph__55.png
xerces-c-src_2_7_0/doc/html/apiDocs/inherit__graph__55.map
xerces-c-src_2_7_0/doc/html/apiDocs/inherit__graph__56.png
xerces-c-src_2_7_0/doc/html/apiDocs/inherit__graph__56.map
xerces-c-src_2_7_0/doc/html/ApacheDOMC++BindingL2.html
xerces-c-src_2_7_0/doc/html/ApacheDOMC++BindingL3.html
xerces-c-src_2_7_0/doc/html/ApacheDOMC++Binding.html
xerces-c-src_2_7_0/doc/html/download.cgi
xerces-c-src_2_7_0/doc/html/download.html
xerces-c-src_2_7_0/doc/html/graphics/
xerces-c-src_2_7_0/doc/html/graphics/pdf-label-1.jpg
xerces-c-src_2_7_0/doc/html/graphics/releases_archive-header.jpg
xerces-c-src_2_7_0/doc/html/graphics/program-label-2.jpg
xerces-c-src_2_7_0/doc/html/graphics/faqs-label-3.jpg
xerces-c-src_2_7_0/doc/html/graphics/ext-2-label-2.jpg
xerces-c-src_2_7_0/doc/html/graphics/releases-label-2.jpg
xerces-c-src_2_7_0/doc/html/graphics/migrate-label-3.jpg
xerces-c-src_2_7_0/doc/html/graphics/api-label-1.jpg
xerces-c-src_2_7_0/doc/html/graphics/ext-70-label-2.jpg
xerces-c-src_2_7_0/doc/html/graphics/psviwriter-header.jpg
xerces-c-src_2_7_0/doc/html/graphics/index-label-1.jpg
xerces-c-src_2_7_0/doc/html/graphics/dom3-header.jpg
xerces-c-src_2_7_0/doc/html/graphics/index-header.jpg
xerces-c-src_2_7_0/doc/html/graphics/ext-106-label-1.jpg
xerces-c-src_2_7_0/doc/html/graphics/pdf-header.jpg
xerces-c-src_2_7_0/doc/html/graphics/faq-distrib-header.jpg
xerces-c-src_2_7_0/doc/html/graphics/feedback-label-1.jpg
xerces-c-src_2_7_0/doc/html/graphics/ext-20-label-1.jpg
xerces-c-src_2_7_0/doc/html/graphics/sax2print-header.jpg
xerces-c-src_2_7_0/doc/html/graphics/ext-104-label-2.jpg
xerces-c-src_2_7_0/doc/html/graphics/program-dom-header.jpg
xerces-c-src_2_7_0/doc/html/graphics/install-label-1.jpg
xerces-c-src_2_7_0/doc/html/graphics/samples-label-2.jpg
xerces-c-src_2_7_0/doc/html/graphics/createdoc-header.jpg
xerces-c-src_2_7_0/doc/html/graphics/saxcount-header.jpg
xerces-c-src_2_7_0/doc/html/graphics/bug-report-label-1.jpg
xerces-c-src_2_7_0/doc/html/graphics/charter-label-2.jpg
xerces-c-src_2_7_0/doc/html/graphics/ext-102-label-3.jpg
xerces-c-src_2_7_0/doc/html/graphics/faq-parse-header.jpg
xerces-c-src_2_7_0/doc/html/graphics/releases-header.jpg
xerces-c-src_2_7_0/doc/html/graphics/program-label-1.jpg
xerces-c-src_2_7_0/doc/html/graphics/faqs-label-2.jpg
xerces-c-src_2_7_0/doc/html/graphics/ext-2-label-1.jpg
xerces-c-src_2_7_0/doc/html/graphics/releases-label-1.jpg
xerces-c-src_2_7_0/doc/html/graphics/migrate-label-2.jpg
xerces-c-src_2_7_0/doc/html/graphics/build-label-3.jpg
xerces-c-src_2_7_0/doc/html/graphics/memparse-header.jpg
xerces-c-src_2_7_0/doc/html/graphics/ext-70-label-1.jpg
xerces-c-src_2_7_0/doc/html/graphics/redirect-header.jpg
xerces-c-src_2_7_0/doc/html/graphics/faqs-header.jpg
xerces-c-src_2_7_0/doc/html/graphics/migrate_archive-header.jpg
xerces-c-src_2_7_0/doc/html/graphics/program-others-header.jpg
xerces-c-src_2_7_0/doc/html/graphics/build-winunix-header.jpg
xerces-c-src_2_7_0/doc/html/graphics/senumval-header.jpg
xerces-c-src_2_7_0/doc/html/graphics/ext-104-label-1.jpg
xerces-c-src_2_7_0/doc/html/graphics/program-sax2-header.jpg
xerces-c-src_2_7_0/doc/html/graphics/pdf-label-3.jpg
xerces-c-src_2_7_0/doc/html/graphics/releases_plan-header.jpg
xerces-c-src_2_7_0/doc/html/graphics/api-label-3.jpg
xerces-c-src_2_7_0/doc/html/graphics/api-header.jpg
xerces-c-src_2_7_0/doc/html/graphics/samples-label-1.jpg
xerces-c-src_2_7_0/doc/html/graphics/schema-header.jpg
xerces-c-src_2_7_0/doc/html/graphics/enumval-header.jpg
xerces-c-src_2_7_0/doc/html/graphics/index-label-3.jpg
xerces-c-src_2_7_0/doc/html/graphics/bug-report-header.jpg
xerces-c-src_2_7_0/doc/html/graphics/ext-106-label-3.jpg
xerces-c-src_2_7_0/doc/html/graphics/charter-label-1.jpg
xerces-c-src_2_7_0/doc/html/graphics/ext-102-label-2.jpg
xerces-c-src_2_7_0/doc/html/graphics/feedback-label-3.jpg
xerces-c-src_2_7_0/doc/html/graphics/domcount-header.jpg
xerces-c-src_2_7_0/doc/html/graphics/charter-header.jpg
xerces-c-src_2_7_0/doc/html/graphics/ext-20-label-3.jpg
xerces-c-src_2_7_0/doc/html/graphics/faqs-label-1.jpg
xerces-c-src_2_7_0/doc/html/graphics/install-label-3.jpg
xerces-c-src_2_7_0/doc/html/graphics/migrate-label-1.jpg
xerces-c-src_2_7_0/doc/html/graphics/build-label-2.jpg
xerces-c-src_2_7_0/doc/html/graphics/saxprint-header.jpg
xerces-c-src_2_7_0/doc/html/graphics/program-deprecateddom-header.jpg
xerces-c-src_2_7_0/doc/html/graphics/faq-build-header.jpg
xerces-c-src_2_7_0/doc/html/graphics/build-misc-header.jpg
xerces-c-src_2_7_0/doc/html/graphics/faq-contributing-header.jpg
xerces-c-src_2_7_0/doc/html/graphics/bug-report-label-3.jpg
xerces-c-src_2_7_0/doc/html/graphics/program-sax-header.jpg
xerces-c-src_2_7_0/doc/html/graphics/pdf-label-2.jpg
xerces-c-src_2_7_0/doc/html/graphics/sax2count-header.jpg
xerces-c-src_2_7_0/doc/html/graphics/program-label-3.jpg
xerces-c-src_2_7_0/doc/html/graphics/migrate-header.jpg
xerces-c-src_2_7_0/doc/html/graphics/feedback-header.jpg
xerces-c-src_2_7_0/doc/html/graphics/ext-2-label-3.jpg
xerces-c-src_2_7_0/doc/html/graphics/releases-label-3.jpg
xerces-c-src_2_7_0/doc/html/graphics/stdinparse-header.jpg
xerces-c-src_2_7_0/doc/html/graphics/install-header.jpg
xerces-c-src_2_7_0/doc/html/graphics/api-label-2.jpg
xerces-c-src_2_7_0/doc/html/graphics/ext-70-label-3.jpg
xerces-c-src_2_7_0/doc/html/graphics/index-label-2.jpg
xerces-c-src_2_7_0/doc/html/graphics/build-header.jpg
xerces-c-src_2_7_0/doc/html/graphics/ext-106-label-2.jpg
xerces-c-src_2_7_0/doc/html/graphics/ext-102-label-1.jpg
xerces-c-src_2_7_0/doc/html/graphics/feedback-label-2.jpg
xerces-c-src_2_7_0/doc/html/graphics/ext-20-label-2.jpg
xerces-c-src_2_7_0/doc/html/graphics/ext-104-label-3.jpg
xerces-c-src_2_7_0/doc/html/graphics/install-label-2.jpg
xerces-c-src_2_7_0/doc/html/graphics/build-other-header.jpg
xerces-c-src_2_7_0/doc/html/graphics/faq-other-header.jpg
xerces-c-src_2_7_0/doc/html/graphics/build-label-1.jpg
xerces-c-src_2_7_0/doc/html/graphics/program-header.jpg
xerces-c-src_2_7_0/doc/html/graphics/samples-label-3.jpg
xerces-c-src_2_7_0/doc/html/graphics/domprint-header.jpg
xerces-c-src_2_7_0/doc/html/graphics/bug-report-label-2.jpg
xerces-c-src_2_7_0/doc/html/graphics/pparse-header.jpg
xerces-c-src_2_7_0/doc/html/graphics/scmprint-header.jpg
xerces-c-src_2_7_0/doc/html/graphics/charter-label-3.jpg
xerces-c-src_2_7_0/doc/html/graphics/samples-header.jpg
xerces-c-src_2_7_0/doc/html/migrate_archive.html
xerces-c-src_2_7_0/doc/html/program-sax2.html
xerces-c-src_2_7_0/doc/html/resources/
xerces-c-src_2_7_0/doc/html/resources/void.gif
xerces-c-src_2_7_0/doc/html/resources/line.gif
xerces-c-src_2_7_0/doc/html/resources/note.gif
xerces-c-src_2_7_0/doc/html/resources/button-asf-lo.gif
xerces-c-src_2_7_0/doc/html/resources/button-w3c-hi.gif
xerces-c-src_2_7_0/doc/html/resources/.svn
xerces-c-src_2_7_0/doc/html/resources/button-xml-lo.gif
xerces-c-src_2_7_0/doc/html/resources/bottom.gif
xerces-c-src_2_7_0/doc/html/resources/logo.gif
xerces-c-src_2_7_0/doc/html/resources/script.js
xerces-c-src_2_7_0/doc/html/resources/separator.gif
xerces-c-src_2_7_0/doc/html/resources/button-w3c-lo.gif
xerces-c-src_2_7_0/doc/html/resources/close.gif
xerces-c-src_2_7_0/doc/html/resources/join.gif
xerces-c-src_2_7_0/doc/html/resources/right.gif
xerces-c-src_2_7_0/doc/html/resources/button-asf-hi.gif
xerces-c-src_2_7_0/doc/html/resources/button-xml-hi.gif
xerces-c-src_2_7_0/doc/html/resources/dot.gif
xerces-c-src_2_7_0/doc/html/stdinparse.html
xerces-c-src_2_7_0/doc/html/build-other.html
xerces-c-src_2_7_0/doc/html/dom3.html
xerces-c-src_2_7_0/doc/html/sax2print.html
xerces-c-src_2_7_0/doc/html/api.html
xerces-c-src_2_7_0/doc/html/releases.html
xerces-c-src_2_7_0/doc/html/pdf.html
xerces-c-src_2_7_0/doc/html/faq-distrib.html
xerces-c-src_2_7_0/doc/html/build.html
xerces-c-src_2_7_0/doc/html/senumval.html
xerces-c-src_2_7_0/doc/html/program-others.html
xerces-c-src_2_7_0/doc/html/program-sax.html
xerces-c-src_2_7_0/doc/html/enumval.html
xerces-c-src_2_7_0/doc/html/faq-contributing.html
xerces-c-src_2_7_0/doc/html/program-deprecateddom.html
xerces-c-src_2_7_0/doc/html/scmprint.html
xerces-c-src_2_7_0/doc/html/faq-other.html
xerces-c-src_2_7_0/doc/html/index.html
xerces-c-src_2_7_0/doc/html/install.html
xerces-c-src_2_7_0/doc/html/saxprint.html
xerces-c-src_2_7_0/doc/html/program.html
xerces-c-src_2_7_0/doc/html/sax2count.html
xerces-c-src_2_7_0/doc/html/charter.html
xerces-c-src_2_7_0/doc/html/redirect.html
xerces-c-src_2_7_0/doc/html/memparse.html
xerces-c-src_2_7_0/doc/html/pparse.html
xerces-c-src_2_7_0/doc/html/faq-parse.html
xerces-c-src_2_7_0/doc/html/domprint.html
xerces-c-src_2_7_0/doc/html/program-dom.html
xerces-c-src_2_7_0/doc/html/feedback.html
xerces-c-src_2_7_0/doc/html/samples.html
xerces-c-src_2_7_0/doc/html/migrate.html
xerces-c-src_2_7_0/doc/html/saxcount.html
xerces-c-src_2_7_0/doc/html/build-misc.html
xerces-c-src_2_7_0/doc/html/createdoc.html
xerces-c-src_2_7_0/doc/html/build-winunix.html
xerces-c-src_2_7_0/doc/html/releases_plan.html
xerces-c-src_2_7_0/doc/html/faqs.html
xerces-c-src_2_7_0/doc/html/psviwriter.html
xerces-c-src_2_7_0/doc/html/domcount.html
xerces-c-src_2_7_0/doc/html/faq-build.html
xerces-c-src_2_7_0/doc/html/schema.html
xerces-c-src_2_7_0/doc/html/releases_archive.html
xerces-c-src_2_7_0/doc/html/bug-report.html
xerces-c-src_2_7_0/doc/style/
xerces-c-src_2_7_0/doc/style/graphics/
xerces-c-src_2_7_0/doc/style/graphics/button-a.gif
xerces-c-src_2_7_0/doc/style/graphics/button-b.gif
xerces-c-src_2_7_0/doc/style/resources/
xerces-c-src_2_7_0/doc/style/resources/separator.gif
xerces-c-src_2_7_0/doc/style/resources/script.js
xerces-c-src_2_7_0/doc/style/resources/right.gif
xerces-c-src_2_7_0/doc/style/resources/dot.gif
xerces-c-src_2_7_0/doc/style/resources/button-w3c-lo.gif
xerces-c-src_2_7_0/doc/style/resources/button-asf-hi.gif
xerces-c-src_2_7_0/doc/style/resources/button-xml-lo.gif
xerces-c-src_2_7_0/doc/style/resources/line.gif
xerces-c-src_2_7_0/doc/style/resources/join.gif
xerces-c-src_2_7_0/doc/style/resources/button-xml-hi.gif
xerces-c-src_2_7_0/doc/style/resources/button-asf-lo.gif
xerces-c-src_2_7_0/doc/style/resources/logo.gif
xerces-c-src_2_7_0/doc/style/resources/void.gif
xerces-c-src_2_7_0/doc/style/resources/bottom.gif
xerces-c-src_2_7_0/doc/style/resources/button-w3c-hi.gif
xerces-c-src_2_7_0/doc/style/resources/note.gif
xerces-c-src_2_7_0/doc/style/resources/close.gif
xerces-c-src_2_7_0/doc/style/dtd/
xerces-c-src_2_7_0/doc/style/dtd/characters.ent
xerces-c-src_2_7_0/doc/style/dtd/blocks.ent
xerces-c-src_2_7_0/doc/style/dtd/changes.dtd
xerces-c-src_2_7_0/doc/style/dtd/book.dtd
xerces-c-src_2_7_0/doc/style/dtd/document.dtd
xerces-c-src_2_7_0/doc/style/dtd/faqs.dtd
xerces-c-src_2_7_0/doc/style/dtd/markup.ent
xerces-c-src_2_7_0/doc/style/dtd/links.ent
xerces-c-src_2_7_0/doc/style/dtd/entities.ent
xerces-c-src_2_7_0/doc/style/stylesheets/
xerces-c-src_2_7_0/doc/style/stylesheets/directory2project.xsl
xerces-c-src_2_7_0/doc/style/stylesheets/faqs2document.xsl
xerces-c-src_2_7_0/doc/style/stylesheets/changes2document.xsl
xerces-c-src_2_7_0/doc/style/stylesheets/group2document.xsl
xerces-c-src_2_7_0/doc/style/stylesheets/any2project.xsl
xerces-c-src_2_7_0/doc/style/stylesheets/any2header.xsl
xerces-c-src_2_7_0/doc/style/stylesheets/book2project.xsl
xerces-c-src_2_7_0/doc/style/stylesheets/context2footer.xsl
xerces-c-src_2_7_0/doc/style/stylesheets/document2html.xsl
xerces-c-src_2_7_0/doc/style/stylesheets/context2label.xsl
xerces-c-src_2_7_0/doc/style/stylesheets/book2group.xsl
xerces-c-src_2_7_0/doc/style/loader.xml
xerces-c-src_2_7_0/doc/build-winunix.xml
xerces-c-src_2_7_0/doc/program-dom.xml
xerces-c-src_2_7_0/doc/feedback.xml
xerces-c-src_2_7_0/doc/Doxyfile
xerces-c-src_2_7_0/doc/faq-other.xml
xerces-c-src_2_7_0/doc/bug-report.xml
xerces-c-src_2_7_0/doc/sax2count.xml
xerces-c-src_2_7_0/doc/domcount.xml
xerces-c-src_2_7_0/doc/pdf-c.xml
xerces-c-src_2_7_0/doc/readme.xml
xerces-c-src_2_7_0/doc/migration_archive.xml
xerces-c-src_2_7_0/doc/scmprint.xml
xerces-c-src_2_7_0/doc/build.xml
xerces-c-src_2_7_0/doc/saxcount.xml
xerces-c-src_2_7_0/doc/samples.xml
xerces-c-src_2_7_0/doc/program-sax.xml
xerces-c-src_2_7_0/doc/schema.xml
xerces-c-src_2_7_0/doc/redirect.xml
xerces-c-src_2_7_0/doc/install.xml
xerces-c-src_2_7_0/doc/releases_archive.xml
xerces-c-src_2_7_0/doc/program-others.xml
xerces-c-src_2_7_0/doc/program-deprecateddom.xml
xerces-c-src_2_7_0/doc/enumval.xml
xerces-c-src_2_7_0/doc/program.xml
xerces-c-src_2_7_0/doc/faq-contributing.xml
xerces-c-src_2_7_0/doc/releases_plan.xml
xerces-c-src_2_7_0/doc/build-other.xml
xerces-c-src_2_7_0/doc/psviwriter.xml
xerces-c-src_2_7_0/doc/faq-parse.xml
xerces-c-src_2_7_0/doc/apidocs.xml
xerces-c-src_2_7_0/doc/program-sax2.xml
xerces-c-src_2_7_0/doc/xerces-c_book.xml
xerces-c-src_2_7_0/doc/build-misc.xml
xerces-c-src_2_7_0/doc/charter.xml
xerces-c-src_2_7_0/doc/migration.xml
xerces-c-src_2_7_0/doc/createdoc.xml
xerces-c-src_2_7_0/doc/pparse.xml
xerces-c-src_2_7_0/doc/sax2print.xml
xerces-c-src_2_7_0/doc/senumval.xml
xerces-c-src_2_7_0/doc/domprint.xml
xerces-c-src_2_7_0/doc/blueb.gif
xerces-c-src_2_7_0/doc/dom3.xml
xerces-c-src_2_7_0/doc/releases.xml
xerces-c-src_2_7_0/doc/faq-build.xml
xerces-c-src_2_7_0/doc/faq-distrib.xml
xerces-c-src_2_7_0/doc/saxprint.xml
xerces-c-src_2_7_0/doc/memparse.xml
xerces-c-src_2_7_0/doc/index.html
xerces-c-src_2_7_0/doc/stdinparse.xml
xerces-c-src_2_7_0/obj/
xerces-c-src_2_7_0/obj/Makefile.in
xerces-c-src_2_7_0/createdocs.bat
xerces-c-src_2_7_0/NOTICE
xerces-c-src_2_7_0/LICENSE
xerces-c-src_2_7_0/STATUS
xerces-c-src_2_7_0/createDocs.sh
xerces-c-src_2_7_0/Readme.html
xerces-c-src_2_7_0/LICENSE.txt
xerces-c-src_2_7_0/xerces-c.spec
xerces-c-src_2_7_0/version.incl
xerces-c-src_2_7_0/credits.txt
xerces-c-src_2_7_0/KEYS
(cd xerces-c-src_2_7_0/src/xercesc; \
autoconf; \
./runConfigure -plinux -cgcc -xg++ -minmem -nsocket -tnative -rpthread; \
make; \
cd ../../..; \
cp  xerces-c-src_2_7_0/lib/* /home/ualusr2011/ual1220/ual1/tools/lib/linux; \
cp -r xerces-c-src_2_7_0/include/xercesc /home/ualusr2011/ual1220/ual1/tools/include; )
Generating makefiles with the following options ...
Platform: linux
C Compiler: gcc
C++ Compiler: g++
Message Loader: inmem
Net Accessor: socket
Transcoder: native
Thread option: pthread
bitsToBuild option: 32
Extra compile options: 
Extra link options: 
Extra configure options: 
Debug is OFF

checking for gcc... gcc
checking whether the C compiler works... yes
checking for C compiler default output file name... a.out
checking for suffix of executables... 
checking whether we are cross compiling... no
checking for suffix of object files... o
checking whether we are using the GNU C compiler... yes
checking whether gcc accepts -g... yes
checking for gcc option to accept ISO C89... none needed
checking whether we are using the GNU C++ compiler... yes
checking whether g++ accepts -g... yes
checking for a BSD-compatible install... /usr/bin/install -c
checking for autoconf... autoconf
checking how to run the C preprocessor... gcc -E
checking for grep that handles long lines and -e... /usr/bin/grep
checking for egrep... /usr/bin/grep -E
checking for ANSI C header files... yes
checking for sys/types.h... yes
checking for sys/stat.h... yes
checking for stdlib.h... yes
checking for string.h... yes
checking for memory.h... yes
checking for strings.h... yes
checking for inttypes.h... yes
checking for stdint.h... yes
checking for unistd.h... yes
checking for XMLByte... no
checking build system type... x86_64-unknown-linux-gnu
checking host system type... x86_64-unknown-linux-gnu
configure: creating ./config.status
config.status: creating Makefile
config.status: creating util/Makefile
config.status: creating util/Transcoders/Cygwin/Makefile
config.status: creating util/Transcoders/ICU/Makefile
config.status: creating util/Transcoders/Iconv/Makefile
config.status: creating util/Transcoders/Iconv390/Makefile
config.status: creating util/Transcoders/Uniconv390/Makefile
config.status: creating util/Transcoders/Iconv400/Makefile
config.status: creating util/Transcoders/IconvFBSD/Makefile
config.status: creating util/Transcoders/IconvGNU/Makefile
config.status: creating util/Transcoders/MacOSUnicodeConverter/Makefile
config.status: creating util/Platforms/Makefile
config.status: creating util/Platforms/Solaris/Makefile
config.status: creating util/Platforms/AIX/Makefile
config.status: creating util/Platforms/BeOS/Makefile
config.status: creating util/Platforms/QNX/Makefile
config.status: creating util/Platforms/Linux/Makefile
config.status: creating util/Platforms/FreeBSD/Makefile
config.status: creating util/Platforms/NetBSD/Makefile
config.status: creating util/Platforms/HPUX/Makefile
config.status: creating util/Platforms/OS390/Makefile
config.status: creating util/Platforms/OS400/Makefile
config.status: creating util/Platforms/IRIX/Makefile
config.status: creating util/Platforms/PTX/Makefile
config.status: creating util/Platforms/OpenServer/Makefile
config.status: creating util/Platforms/UnixWare/Makefile
config.status: creating util/Platforms/Tru64/Makefile
config.status: creating util/Platforms/MacOS/Makefile
config.status: creating util/Platforms/Win32/Makefile
config.status: creating util/Platforms/Cygwin/Makefile
config.status: creating util/Compilers/Makefile
config.status: creating util/MsgLoaders/InMemory/Makefile
config.status: creating util/MsgLoaders/ICU/Makefile
config.status: creating util/MsgLoaders/ICU/resources/Makefile
config.status: creating util/MsgLoaders/MsgCatalog/Makefile
config.status: creating util/MsgLoaders/MsgFile/Makefile
config.status: creating util/NetAccessors/Socket/Makefile
config.status: creating util/NetAccessors/libWWW/Makefile
config.status: creating util/NetAccessors/MacOSURLAccessCF/Makefile
config.status: creating util/regx/Makefile
config.status: creating validators/Makefile
config.status: creating validators/common/Makefile
config.status: creating validators/datatype/Makefile
config.status: creating validators/DTD/Makefile
config.status: creating validators/schema/Makefile
config.status: creating validators/schema/identity/Makefile
config.status: creating framework/Makefile
config.status: creating framework/psvi/Makefile
config.status: creating dom/Makefile
config.status: creating dom/impl/Makefile
config.status: creating dom/deprecated/Makefile
config.status: creating parsers/Makefile
config.status: creating internal/Makefile
config.status: creating sax/Makefile
config.status: creating sax2/Makefile
config.status: creating ../../obj/Makefile
config.status: executing default commands

Having build problems?
Read instructions at http://xml.apache.org/xerces-c/build.html
Still cannot resolve it?
Find out if someone else had the same problem before.
Go to http://marc.theaimsgroup.com/?l=xerces-c-dev

In future, you may also directly type the following commands to create the Makefiles.

export TRANSCODER="NATIVE"
export MESSAGELOADER="INMEM"
export NETACCESSOR="Socket"
export THREADS="pthread"
export BITSTOBUILD="32"
export CC="gcc"
export CXX="g++"
export CXXFLAGS=" -w -O -DNDEBUG -DPROJ_XMLPARSER -DPROJ_XMLUTIL -DPROJ_PARSERS -DPROJ_SAX4C -DPROJ_SAX2 -DPROJ_DOM -DPROJ_DEPRECATED_DOM -DPROJ_VALIDATORS -DXML_USE_NATIVE_TRANSCODER -DXML_USE_INMEM_MESSAGELOADER -DXML_USE_PTHREADS -DXML_USE_NETACCESSOR_SOCKET "
export CFLAGS=" -w -O -DNDEBUG -DPROJ_XMLPARSER -DPROJ_XMLUTIL -DPROJ_PARSERS -DPROJ_SAX4C -DPROJ_SAX2 -DPROJ_DOM -DPROJ_DEPRECATED_DOM -DPROJ_VALIDATORS -DXML_USE_NATIVE_TRANSCODER -DXML_USE_INMEM_MESSAGELOADER -DXML_USE_PTHREADS -DXML_USE_NETACCESSOR_SOCKET "
export LDFLAGS=" "
export LIBS=" -lpthread "
configure

If the result of the above commands look OK to you, go to the directory
/home/ualusr2011/ual1220/ual1/tools/tars/xerces-c-src_2_7_0/src/xercesc and type "gmake" to make the XERCES-C system.
make[3]: Entering directory `/home/ualusr2011/ual1220/ual1/tools/tars/xerces-c-src_2_7_0/src/xercesc'
Preparing the directory structure for a build ...
mkdir -p /home/ualusr2011/ual1220/ual1/tools/tars/xerces-c-src_2_7_0/obj/LINUX
mkdir -p /home/ualusr2011/ual1220/ual1/tools/tars/xerces-c-src_2_7_0/obj/LINUX/depdom
mkdir -p /home/ualusr2011/ual1220/ual1/tools/tars/xerces-c-src_2_7_0/lib
make -s -C util includes
make[4]: Entering directory `/home/ualusr2011/ual1220/ual1/tools/tars/xerces-c-src_2_7_0/src/xercesc/util'
  (CP)  /home/ualusr2011/ual1220/ual1/tools/tars/xerces-c-src_2_7_0/include/xercesc/util
make[5]: Entering directory `/home/ualusr2011/ual1220/ual1/tools/tars/xerces-c-src_2_7_0/src/xercesc/util/Platforms'
make[6]: Entering directory `/home/ualusr2011/ual1220/ual1/tools/tars/xerces-c-src_2_7_0/src/xercesc/util/Platforms/Linux'
  (CP)  /home/ualusr2011/ual1220/ual1/tools/tars/xerces-c-src_2_7_0/include/xercesc/util/Platforms/Linux
make[6]: Leaving directory `/home/ualusr2011/ual1220/ual1/tools/tars/xerces-c-src_2_7_0/src/xercesc/util/Platforms/Linux'
make[5]: Leaving directory `/home/ualusr2011/ual1220/ual1/tools/tars/xerces-c-src_2_7_0/src/xercesc/util/Platforms'
make[5]: Entering directory `/home/ualusr2011/ual1220/ual1/tools/tars/xerces-c-src_2_7_0/src/xercesc/util/Transcoders/Iconv'
  (CP)  /home/ualusr2011/ual1220/ual1/tools/tars/xerces-c-src_2_7_0/include/xercesc/util/Transcoders/Iconv
make[5]: Leaving directory `/home/ualusr2011/ual1220/ual1/tools/tars/xerces-c-src_2_7_0/src/xercesc/util/Transcoders/Iconv'
make[5]: Entering directory `/home/ualusr2011/ual1220/ual1/tools/tars/xerces-c-src_2_7_0/src/xercesc/util/MsgLoaders/InMemory'
  (CP)  /home/ualusr2011/ual1220/ual1/tools/tars/xerces-c-src_2_7_0/include/xercesc/util/MsgLoaders/InMemory
make[5]: Leaving directory `/home/ualusr2011/ual1220/ual1/tools/tars/xerces-c-src_2_7_0/src/xercesc/util/MsgLoaders/InMemory'
make[5]: Entering directory `/home/ualusr2011/ual1220/ual1/tools/tars/xerces-c-src_2_7_0/src/xercesc/util/NetAccessors/Socket'
  (CP)  /home/ualusr2011/ual1220/ual1/tools/tars/xerces-c-src_2_7_0/include/xercesc/util/NetAccessors/Socket
make[5]: Leaving directory `/home/ualusr2011/ual1220/ual1/tools/tars/xerces-c-src_2_7_0/src/xercesc/util/NetAccessors/Socket'
make[5]: Entering directory `/home/ualusr2011/ual1220/ual1/tools/tars/xerces-c-src_2_7_0/src/xercesc/util/Compilers'
  (CP)  /home/ualusr2011/ual1220/ual1/tools/tars/xerces-c-src_2_7_0/include/xercesc/util/Compilers
make[5]: Leaving directory `/home/ualusr2011/ual1220/ual1/tools/tars/xerces-c-src_2_7_0/src/xercesc/util/Compilers'
make[5]: Entering directory `/home/ualusr2011/ual1220/ual1/tools/tars/xerces-c-src_2_7_0/src/xercesc/util/regx'
  (CP)  /home/ualusr2011/ual1220/ual1/tools/tars/xerces-c-src_2_7_0/include/xercesc/util/regx
make[5]: Leaving directory `/home/ualusr2011/ual1220/ual1/tools/tars/xerces-c-src_2_7_0/src/xercesc/util/regx'
make[4]: Leaving directory `/home/ualusr2011/ual1220/ual1/tools/tars/xerces-c-src_2_7_0/src/xercesc/util'
make -s -C sax includes
make[4]: Entering directory `/home/ualusr2011/ual1220/ual1/tools/tars/xerces-c-src_2_7_0/src/xercesc/sax'
  (CP)  /home/ualusr2011/ual1220/ual1/tools/tars/xerces-c-src_2_7_0/include/xercesc/sax
make[4]: Leaving directory `/home/ualusr2011/ual1220/ual1/tools/tars/xerces-c-src_2_7_0/src/xercesc/sax'
make -s -C sax2 includes
make[4]: Entering directory `/home/ualusr2011/ual1220/ual1/tools/tars/xerces-c-src_2_7_0/src/xercesc/sax2'
  (CP)  /home/ualusr2011/ual1220/ual1/tools/tars/xerces-c-src_2_7_0/include/xercesc/sax2
make[4]: Leaving directory `/home/ualusr2011/ual1220/ual1/tools/tars/xerces-c-src_2_7_0/src/xercesc/sax2'
make -s -C internal includes
make[4]: Entering directory `/home/ualusr2011/ual1220/ual1/tools/tars/xerces-c-src_2_7_0/src/xercesc/internal'
  (CP)  /home/ualusr2011/ual1220/ual1/tools/tars/xerces-c-src_2_7_0/include/xercesc/internal
make[4]: Leaving directory `/home/ualusr2011/ual1220/ual1/tools/tars/xerces-c-src_2_7_0/src/xercesc/internal'
make -s -C framework includes
make[4]: Entering directory `/home/ualusr2011/ual1220/ual1/tools/tars/xerces-c-src_2_7_0/src/xercesc/framework'
  (CP)  /home/ualusr2011/ual1220/ual1/tools/tars/xerces-c-src_2_7_0/include/xercesc/framework
make[5]: Entering directory `/home/ualusr2011/ual1220/ual1/tools/tars/xerces-c-src_2_7_0/src/xercesc/framework/psvi'
  (CP)  /home/ualusr2011/ual1220/ual1/tools/tars/xerces-c-src_2_7_0/include/xercesc/framework/psvi
make[5]: Leaving directory `/home/ualusr2011/ual1220/ual1/tools/tars/xerces-c-src_2_7_0/src/xercesc/framework/psvi'
make[4]: Leaving directory `/home/ualusr2011/ual1220/ual1/tools/tars/xerces-c-src_2_7_0/src/xercesc/framework'
make -s -C parsers includes
make[4]: Entering directory `/home/ualusr2011/ual1220/ual1/tools/tars/xerces-c-src_2_7_0/src/xercesc/parsers'
  (CP)  /home/ualusr2011/ual1220/ual1/tools/tars/xerces-c-src_2_7_0/include/xercesc/parsers
make[4]: Leaving directory `/home/ualusr2011/ual1220/ual1/tools/tars/xerces-c-src_2_7_0/src/xercesc/parsers'
make -s -C validators includes
make[4]: Entering directory `/home/ualusr2011/ual1220/ual1/tools/tars/xerces-c-src_2_7_0/src/xercesc/validators'
make[5]: Entering directory `/home/ualusr2011/ual1220/ual1/tools/tars/xerces-c-src_2_7_0/src/xercesc/validators/common'
  (CP)  /home/ualusr2011/ual1220/ual1/tools/tars/xerces-c-src_2_7_0/include/xercesc/validators/common
make[5]: Leaving directory `/home/ualusr2011/ual1220/ual1/tools/tars/xerces-c-src_2_7_0/src/xercesc/validators/common'
make[5]: Entering directory `/home/ualusr2011/ual1220/ual1/tools/tars/xerces-c-src_2_7_0/src/xercesc/validators/datatype'
  (CP)  /home/ualusr2011/ual1220/ual1/tools/tars/xerces-c-src_2_7_0/include/xercesc/validators/datatype
make[5]: Leaving directory `/home/ualusr2011/ual1220/ual1/tools/tars/xerces-c-src_2_7_0/src/xercesc/validators/datatype'
make[5]: Entering directory `/home/ualusr2011/ual1220/ual1/tools/tars/xerces-c-src_2_7_0/src/xercesc/validators/DTD'
  (CP)  /home/ualusr2011/ual1220/ual1/tools/tars/xerces-c-src_2_7_0/include/xercesc/validators/DTD
make[5]: Leaving directory `/home/ualusr2011/ual1220/ual1/tools/tars/xerces-c-src_2_7_0/src/xercesc/validators/DTD'
make[5]: Entering directory `/home/ualusr2011/ual1220/ual1/tools/tars/xerces-c-src_2_7_0/src/xercesc/validators/schema'
  (CP)  /home/ualusr2011/ual1220/ual1/tools/tars/xerces-c-src_2_7_0/include/xercesc/validators/schema
make[6]: Entering directory `/home/ualusr2011/ual1220/ual1/tools/tars/xerces-c-src_2_7_0/src/xercesc/validators/schema/identity'
  (CP)  /home/ualusr2011/ual1220/ual1/tools/tars/xerces-c-src_2_7_0/include/xercesc/validators/schema/identity
make[6]: Leaving directory `/home/ualusr2011/ual1220/ual1/tools/tars/xerces-c-src_2_7_0/src/xercesc/validators/schema/identity'
make[5]: Leaving directory `/home/ualusr2011/ual1220/ual1/tools/tars/xerces-c-src_2_7_0/src/xercesc/validators/schema'
make[4]: Leaving directory `/home/ualusr2011/ual1220/ual1/tools/tars/xerces-c-src_2_7_0/src/xercesc/validators'
make -s -C dom includes
make[4]: Entering directory `/home/ualusr2011/ual1220/ual1/tools/tars/xerces-c-src_2_7_0/src/xercesc/dom'
  (CP)  /home/ualusr2011/ual1220/ual1/tools/tars/xerces-c-src_2_7_0/include/xercesc/dom
make[5]: Entering directory `/home/ualusr2011/ual1220/ual1/tools/tars/xerces-c-src_2_7_0/src/xercesc/dom/impl'
  (CP)  /home/ualusr2011/ual1220/ual1/tools/tars/xerces-c-src_2_7_0/include/xercesc/dom/impl
make[5]: Leaving directory `/home/ualusr2011/ual1220/ual1/tools/tars/xerces-c-src_2_7_0/src/xercesc/dom/impl'
make[5]: Entering directory `/home/ualusr2011/ual1220/ual1/tools/tars/xerces-c-src_2_7_0/src/xercesc/dom/deprecated'
  (CP)  /home/ualusr2011/ual1220/ual1/tools/tars/xerces-c-src_2_7_0/include/xercesc/dom/deprecated
make[5]: Leaving directory `/home/ualusr2011/ual1220/ual1/tools/tars/xerces-c-src_2_7_0/src/xercesc/dom/deprecated'
make[4]: Leaving directory `/home/ualusr2011/ual1220/ual1/tools/tars/xerces-c-src_2_7_0/src/xercesc/dom'
Building util
make -s -C util 
make[4]: Entering directory `/home/ualusr2011/ual1220/ual1/tools/tars/xerces-c-src_2_7_0/src/xercesc/util'
  (CP)  /home/ualusr2011/ual1220/ual1/tools/tars/xerces-c-src_2_7_0/include/xercesc/util
make[5]: Entering directory `/home/ualusr2011/ual1220/ual1/tools/tars/xerces-c-src_2_7_0/src/xercesc/util/Platforms'
make[6]: Entering directory `/home/ualusr2011/ual1220/ual1/tools/tars/xerces-c-src_2_7_0/src/xercesc/util/Platforms/Linux'
  (CP)  /home/ualusr2011/ual1220/ual1/tools/tars/xerces-c-src_2_7_0/include/xercesc/util/Platforms/Linux
make[6]: Leaving directory `/home/ualusr2011/ual1220/ual1/tools/tars/xerces-c-src_2_7_0/src/xercesc/util/Platforms/Linux'
make[5]: Leaving directory `/home/ualusr2011/ual1220/ual1/tools/tars/xerces-c-src_2_7_0/src/xercesc/util/Platforms'
make[5]: Entering directory `/home/ualusr2011/ual1220/ual1/tools/tars/xerces-c-src_2_7_0/src/xercesc/util/Transcoders/Iconv'
  (CP)  /home/ualusr2011/ual1220/ual1/tools/tars/xerces-c-src_2_7_0/include/xercesc/util/Transcoders/Iconv
make[5]: Leaving directory `/home/ualusr2011/ual1220/ual1/tools/tars/xerces-c-src_2_7_0/src/xercesc/util/Transcoders/Iconv'
make[5]: Entering directory `/home/ualusr2011/ual1220/ual1/tools/tars/xerces-c-src_2_7_0/src/xercesc/util/MsgLoaders/InMemory'
  (CP)  /home/ualusr2011/ual1220/ual1/tools/tars/xerces-c-src_2_7_0/include/xercesc/util/MsgLoaders/InMemory
make[5]: Leaving directory `/home/ualusr2011/ual1220/ual1/tools/tars/xerces-c-src_2_7_0/src/xercesc/util/MsgLoaders/InMemory'
make[5]: Entering directory `/home/ualusr2011/ual1220/ual1/tools/tars/xerces-c-src_2_7_0/src/xercesc/util/NetAccessors/Socket'
  (CP)  /home/ualusr2011/ual1220/ual1/tools/tars/xerces-c-src_2_7_0/include/xercesc/util/NetAccessors/Socket
make[5]: Leaving directory `/home/ualusr2011/ual1220/ual1/tools/tars/xerces-c-src_2_7_0/src/xercesc/util/NetAccessors/Socket'
make[5]: Entering directory `/home/ualusr2011/ual1220/ual1/tools/tars/xerces-c-src_2_7_0/src/xercesc/util/Compilers'
  (CP)  /home/ualusr2011/ual1220/ual1/tools/tars/xerces-c-src_2_7_0/include/xercesc/util/Compilers
make[5]: Leaving directory `/home/ualusr2011/ual1220/ual1/tools/tars/xerces-c-src_2_7_0/src/xercesc/util/Compilers'
make[5]: Entering directory `/home/ualusr2011/ual1220/ual1/tools/tars/xerces-c-src_2_7_0/src/xercesc/util/regx'
  (CP)  /home/ualusr2011/ual1220/ual1/tools/tars/xerces-c-src_2_7_0/include/xercesc/util/regx
make[5]: Leaving directory `/home/ualusr2011/ual1220/ual1/tools/tars/xerces-c-src_2_7_0/src/xercesc/util/regx'
  (C++) Base64.o
  (C++) BinFileInputStream.o
  (C++) BinInputStream.o
  (C++) BinMemInputStream.o
  (C++) BitSet.o
  (C++) DefaultPanicHandler.o
  (C++) EncodingValidator.o
  (C++) HashPtr.o
  (C++) HashXMLCh.o
  (C++) HeaderDummy.o
  (C++) HexBin.o
  (C++) KVStringPair.o
  (C++) Mutexes.o
  (C++) PanicHandler.o
  (C++) PlatformUtils.o
  (C++) QName.o
  (C++) StringPool.o
  (C++) SynchronizedStringPool.o
  (C++) TransService.o
  (C++) XMemory.o
  (C++) XMLAbstractDoubleFloat.o
  (C++) XMLASCIITranscoder.o
  (C++) XMLBigDecimal.o
  (C++) XMLBigInteger.o
  (C++) XMLChar.o
  (C++) XMLChTranscoder.o
  (C++) XMLDateTime.o
  (C++) XMLDouble.o
  (C++) XMLEBCDICTranscoder.o
  (C++) XMLException.o
  (C++) XMLFloat.o
  (C++) XMLIBM1047Transcoder.o
  (C++) XMLIBM1140Transcoder.o
  (C++) XMLInitializer.o
  (C++) XMLMsgLoader.o
  (C++) XMLNumber.o
  (C++) XMLRegisterCleanup.o
  (C++) XMLString.o
  (C++) XMLStringTokenizer.o
  (C++) XMLUCSTranscoder.o
  (C++) XMLUni.o
  (C++) XMLUri.o
  (C++) XMLURL.o
  (C++) XMLUTF16Transcoder.o
  (C++) XMLUTF8Transcoder.o
  (C++) XMLWin1252Transcoder.o
  (C++) XML256TableTranscoder.o
  (C++) XML88591Transcoder.o
make[5]: Entering directory `/home/ualusr2011/ual1220/ual1/tools/tars/xerces-c-src_2_7_0/src/xercesc/util/Platforms'
make[6]: Entering directory `/home/ualusr2011/ual1220/ual1/tools/tars/xerces-c-src_2_7_0/src/xercesc/util/Platforms/Linux'
  (CP)  /home/ualusr2011/ual1220/ual1/tools/tars/xerces-c-src_2_7_0/include/xercesc/util/Platforms/Linux
  (C++) LinuxPlatformUtils.o
make[6]: Leaving directory `/home/ualusr2011/ual1220/ual1/tools/tars/xerces-c-src_2_7_0/src/xercesc/util/Platforms/Linux'
make[5]: Leaving directory `/home/ualusr2011/ual1220/ual1/tools/tars/xerces-c-src_2_7_0/src/xercesc/util/Platforms'
make[5]: Entering directory `/home/ualusr2011/ual1220/ual1/tools/tars/xerces-c-src_2_7_0/src/xercesc/util/Transcoders/Iconv'
  (CP)  /home/ualusr2011/ual1220/ual1/tools/tars/xerces-c-src_2_7_0/include/xercesc/util/Transcoders/Iconv
  (C++) IconvTransService.o
make[5]: Leaving directory `/home/ualusr2011/ual1220/ual1/tools/tars/xerces-c-src_2_7_0/src/xercesc/util/Transcoders/Iconv'
make[5]: Entering directory `/home/ualusr2011/ual1220/ual1/tools/tars/xerces-c-src_2_7_0/src/xercesc/util/MsgLoaders/InMemory'
  (CP)  /home/ualusr2011/ual1220/ual1/tools/tars/xerces-c-src_2_7_0/include/xercesc/util/MsgLoaders/InMemory
  (C++) InMemMsgLoader.o
make[5]: Leaving directory `/home/ualusr2011/ual1220/ual1/tools/tars/xerces-c-src_2_7_0/src/xercesc/util/MsgLoaders/InMemory'
make[5]: Entering directory `/home/ualusr2011/ual1220/ual1/tools/tars/xerces-c-src_2_7_0/src/xercesc/util/Compilers'
  (CP)  /home/ualusr2011/ual1220/ual1/tools/tars/xerces-c-src_2_7_0/include/xercesc/util/Compilers
  (C++) GCCDefs.o
make[5]: Leaving directory `/home/ualusr2011/ual1220/ual1/tools/tars/xerces-c-src_2_7_0/src/xercesc/util/Compilers'
make[5]: Entering directory `/home/ualusr2011/ual1220/ual1/tools/tars/xerces-c-src_2_7_0/src/xercesc/util/NetAccessors/Socket'
  (CP)  /home/ualusr2011/ual1220/ual1/tools/tars/xerces-c-src_2_7_0/include/xercesc/util/NetAccessors/Socket
  (C++) SocketNetAccessor.o
  (C++) UnixHTTPURLInputStream.o
make[5]: Leaving directory `/home/ualusr2011/ual1220/ual1/tools/tars/xerces-c-src_2_7_0/src/xercesc/util/NetAccessors/Socket'
make[5]: Entering directory `/home/ualusr2011/ual1220/ual1/tools/tars/xerces-c-src_2_7_0/src/xercesc/util/regx'
  (CP)  /home/ualusr2011/ual1220/ual1/tools/tars/xerces-c-src_2_7_0/include/xercesc/util/regx
  (C++) Op.o
  (C++) OpFactory.o
  (C++) BMPattern.o
  (C++) Match.o
  (C++) RegxUtil.o
  (C++) RangeToken.o
  (C++) Token.o
  (C++) CharToken.o
  (C++) ClosureToken.o
  (C++) ConcatToken.o
  (C++) ConditionToken.o
  (C++) ModifierToken.o
  (C++) ParenToken.o
  (C++) StringToken.o
  (C++) UnionToken.o
  (C++) XMLUniCharacter.o
  (C++) RangeFactory.o
  (C++) XMLRangeFactory.o
  (C++) BlockRangeFactory.o
  (C++) UnicodeRangeFactory.o
  (C++) ASCIIRangeFactory.o
  (C++) RangeTokenMap.o
  (C++) TokenFactory.o
  (C++) RegxParser.o
  (C++) ParserForXMLSchema.o
  (C++) RegularExpression.o
make[5]: Leaving directory `/home/ualusr2011/ual1220/ual1/tools/tars/xerces-c-src_2_7_0/src/xercesc/util/regx'
make[4]: Leaving directory `/home/ualusr2011/ual1220/ual1/tools/tars/xerces-c-src_2_7_0/src/xercesc/util'
Building sax
make -s -C sax 
make[4]: Entering directory `/home/ualusr2011/ual1220/ual1/tools/tars/xerces-c-src_2_7_0/src/xercesc/sax'
  (CP)  /home/ualusr2011/ual1220/ual1/tools/tars/xerces-c-src_2_7_0/include/xercesc/sax
  (C++) Dummy.o
  (C++) InputSource.o
  (C++) SAXException.o
  (C++) SAXParseException.o
make[4]: Leaving directory `/home/ualusr2011/ual1220/ual1/tools/tars/xerces-c-src_2_7_0/src/xercesc/sax'
Building internal
make -s -C internal 
make[4]: Entering directory `/home/ualusr2011/ual1220/ual1/tools/tars/xerces-c-src_2_7_0/src/xercesc/internal'
  (CP)  /home/ualusr2011/ual1220/ual1/tools/tars/xerces-c-src_2_7_0/include/xercesc/internal
  (C++) BinFileOutputStream.o
  (C++) BinMemOutputStream.o
  (C++) DGXMLScanner.o
  (C++) ElemStack.o
  (C++) IGXMLScanner.o
  (C++) IGXMLScanner2.o
  (C++) MemoryManagerArrayImpl.o
  (C++) MemoryManagerImpl.o
  (C++) ReaderMgr.o
  (C++) SGXMLScanner.o
  (C++) ValidationContextImpl.o
  (C++) VecAttrListImpl.o
  (C++) VecAttributesImpl.o
  (C++) WFXMLScanner.o
  (C++) XMLGrammarPoolImpl.o
  (C++) XMLReader.o
  (C++) XMLScanner.o
  (C++) XMLScannerResolver.o
  (C++) XProtoType.o
  (C++) XSAXMLScanner.o
  (C++) XSerializeEngine.o
  (C++) XSObjectFactory.o
  (C++) XTemplateSerializer.o
make[4]: Leaving directory `/home/ualusr2011/ual1220/ual1/tools/tars/xerces-c-src_2_7_0/src/xercesc/internal'
Building framework
make -s -C framework 
make[4]: Entering directory `/home/ualusr2011/ual1220/ual1/tools/tars/xerces-c-src_2_7_0/src/xercesc/framework'
  (CP)  /home/ualusr2011/ual1220/ual1/tools/tars/xerces-c-src_2_7_0/include/xercesc/framework
make[5]: Entering directory `/home/ualusr2011/ual1220/ual1/tools/tars/xerces-c-src_2_7_0/src/xercesc/framework/psvi'
  (CP)  /home/ualusr2011/ual1220/ual1/tools/tars/xerces-c-src_2_7_0/include/xercesc/framework/psvi
make[5]: Leaving directory `/home/ualusr2011/ual1220/ual1/tools/tars/xerces-c-src_2_7_0/src/xercesc/framework/psvi'
  (C++) BinOutputStream.o
  (C++) LocalFileInputSource.o
  (C++) LocalFileFormatTarget.o
  (C++) MemBufInputSource.o
  (C++) MemBufFormatTarget.o
  (C++) StdInInputSource.o
  (C++) StdOutFormatTarget.o
  (C++) URLInputSource.o
  (C++) Wrapper4DOMInputSource.o
  (C++) Wrapper4InputSource.o
  (C++) XMLAttDef.o
  (C++) XMLAttDefList.o
  (C++) XMLAttr.o
  (C++) XMLBuffer.o
  (C++) XMLBufferMgr.o
  (C++) XMLContentModel.o
  (C++) XMLDTDDescription.o
  (C++) XMLElementDecl.o
  (C++) XMLEntityDecl.o
  (C++) XMLFormatter.o
  (C++) XMLGrammarDescription.o
  (C++) XMLNotationDecl.o
  (C++) XMLRecognizer.o
  (C++) XMLRefInfo.o
  (C++) XMLSchemaDescription.o
  (C++) XMLValidator.o
make[5]: Entering directory `/home/ualusr2011/ual1220/ual1/tools/tars/xerces-c-src_2_7_0/src/xercesc/framework/psvi'
  (CP)  /home/ualusr2011/ual1220/ual1/tools/tars/xerces-c-src_2_7_0/include/xercesc/framework/psvi
  (C++) PSVIAttribute.o
  (C++) PSVIAttributeList.o
  (C++) PSVIElement.o
  (C++) PSVIItem.o
  (C++) XSAnnotation.o
  (C++) XSAttributeDeclaration.o
  (C++) XSAttributeGroupDefinition.o
  (C++) XSAttributeUse.o
  (C++) XSComplexTypeDefinition.o
  (C++) XSIDCDefinition.o
  (C++) XSElementDeclaration.o
  (C++) XSFacet.o
  (C++) XSModel.o
  (C++) XSModelGroup.o
  (C++) XSModelGroupDefinition.o
  (C++) XSMultiValueFacet.o
  (C++) XSNamespaceItem.o
  (C++) XSNotationDeclaration.o
  (C++) XSObject.o
  (C++) XSParticle.o
  (C++) XSSimpleTypeDefinition.o
  (C++) XSTypeDefinition.o
  (C++) XSValue.o
  (C++) XSWildcard.o
make[5]: Leaving directory `/home/ualusr2011/ual1220/ual1/tools/tars/xerces-c-src_2_7_0/src/xercesc/framework/psvi'
make[4]: Leaving directory `/home/ualusr2011/ual1220/ual1/tools/tars/xerces-c-src_2_7_0/src/xercesc/framework'
Building parsers
make -s -C parsers 
make[4]: Entering directory `/home/ualusr2011/ual1220/ual1/tools/tars/xerces-c-src_2_7_0/src/xercesc/parsers'
  (CP)  /home/ualusr2011/ual1220/ual1/tools/tars/xerces-c-src_2_7_0/include/xercesc/parsers
  (C++) AbstractDOMParser.o
  (C++) DOMBuilderImpl.o
  (C++) XercesDOMParser.o
  (C++) SAXParser.o
  (C++) SAX2XMLReaderImpl.o
  (C++) SAX2XMLFilterImpl.o
make[4]: Leaving directory `/home/ualusr2011/ual1220/ual1/tools/tars/xerces-c-src_2_7_0/src/xercesc/parsers'
Building sax2
make -s -C sax2 
make[4]: Entering directory `/home/ualusr2011/ual1220/ual1/tools/tars/xerces-c-src_2_7_0/src/xercesc/sax2'
  (CP)  /home/ualusr2011/ual1220/ual1/tools/tars/xerces-c-src_2_7_0/include/xercesc/sax2
  (C++) sax2Dummy.o
make[4]: Leaving directory `/home/ualusr2011/ual1220/ual1/tools/tars/xerces-c-src_2_7_0/src/xercesc/sax2'
Building dom
make -s -C dom 
make[4]: Entering directory `/home/ualusr2011/ual1220/ual1/tools/tars/xerces-c-src_2_7_0/src/xercesc/dom'
  (CP)  /home/ualusr2011/ual1220/ual1/tools/tars/xerces-c-src_2_7_0/include/xercesc/dom
make[5]: Entering directory `/home/ualusr2011/ual1220/ual1/tools/tars/xerces-c-src_2_7_0/src/xercesc/dom/impl'
  (CP)  /home/ualusr2011/ual1220/ual1/tools/tars/xerces-c-src_2_7_0/include/xercesc/dom/impl
make[5]: Leaving directory `/home/ualusr2011/ual1220/ual1/tools/tars/xerces-c-src_2_7_0/src/xercesc/dom/impl'
make[5]: Entering directory `/home/ualusr2011/ual1220/ual1/tools/tars/xerces-c-src_2_7_0/src/xercesc/dom/deprecated'
  (CP)  /home/ualusr2011/ual1220/ual1/tools/tars/xerces-c-src_2_7_0/include/xercesc/dom/deprecated
make[5]: Leaving directory `/home/ualusr2011/ual1220/ual1/tools/tars/xerces-c-src_2_7_0/src/xercesc/dom/deprecated'
  (C++) DOMException.o
  (C++) DOMRangeException.o
  (C++) DOMXPathException.o
make[5]: Entering directory `/home/ualusr2011/ual1220/ual1/tools/tars/xerces-c-src_2_7_0/src/xercesc/dom/impl'
  (CP)  /home/ualusr2011/ual1220/ual1/tools/tars/xerces-c-src_2_7_0/include/xercesc/dom/impl
  (C++) DOMAttrImpl.o
  (C++) DOMAttrMapImpl.o
  (C++) DOMAttrNSImpl.o
  (C++) DOMCDATASectionImpl.o
  (C++) DOMCharacterDataImpl.o
  (C++) DOMChildNode.o
  (C++) DOMCommentImpl.o
  (C++) DOMConfigurationImpl.o
  (C++) DOMDeepNodeListImpl.o
  (C++) DOMDocumentFragmentImpl.o
  (C++) DOMDocumentImpl.o
  (C++) DOMDocumentTypeImpl.o
  (C++) DOMImplementationImpl.o
  (C++) DOMImplementationRegistry.o
  (C++) DOMElementImpl.o
  (C++) DOMElementNSImpl.o
  (C++) DOMEntityImpl.o
  (C++) DOMEntityReferenceImpl.o
  (C++) DOMErrorImpl.o
  (C++) DOMLocatorImpl.o
  (C++) DOMNamedNodeMapImpl.o
  (C++) DOMNodeIDMap.o
  (C++) DOMNodeImpl.o
  (C++) DOMNodeIteratorImpl.o
  (C++) DOMNodeListImpl.o
  (C++) DOMNodeVector.o
  (C++) DOMNormalizer.o
  (C++) DOMNotationImpl.o
  (C++) DOMParentNode.o
  (C++) DOMProcessingInstructionImpl.o
  (C++) DOMRangeImpl.o
  (C++) DOMStringPool.o
  (C++) DOMTextImpl.o
  (C++) DOMTreeWalkerImpl.o
  (C++) DOMTypeInfoImpl.o
  (C++) DOMWriterImpl.o
  (C++) XSDElementNSImpl.o
make[5]: Leaving directory `/home/ualusr2011/ual1220/ual1/tools/tars/xerces-c-src_2_7_0/src/xercesc/dom/impl'
make[5]: Entering directory `/home/ualusr2011/ual1220/ual1/tools/tars/xerces-c-src_2_7_0/src/xercesc/dom/deprecated'
  (CP)  /home/ualusr2011/ual1220/ual1/tools/tars/xerces-c-src_2_7_0/include/xercesc/dom/deprecated
  (C++) AttrImpl.o
  (C++) AttrMapImpl.o
  (C++) AttrNSImpl.o
  (C++) CDATASectionImpl.o
  (C++) CharacterDataImpl.o
  (C++) ChildNode.o
  (C++) CommentImpl.o
  (C++) DOMParser.o
  (C++) DOMString.o
  (C++) DOM_Attr.o
  (C++) DOM_CDATASection.o
  (C++) DOM_CharacterData.o
  (C++) DOM_Comment.o
  (C++) DOM_DOMException.o
  (C++) DOM_DOMImplementation.o
  (C++) DOM_Document.o
  (C++) DOM_DocumentFragment.o
  (C++) DOM_DocumentType.o
  (C++) DOM_Element.o
  (C++) DOM_Entity.o
  (C++) DOM_EntityReference.o
  (C++) DOM_NamedNodeMap.o
  (C++) DOM_Node.o
  (C++) DOM_NodeList.o
  (C++) DOM_NodeFilter.o
  (C++) DOM_NodeIterator.o
  (C++) DOM_TreeWalker.o
  (C++) DOM_Notation.o
  (C++) DOM_ProcessingInstruction.o
  (C++) DOM_Range.o
  (C++) DOM_RangeException.o
  (C++) DOM_Text.o
  (C++) DOM_XMLDecl.o
  (C++) DStringPool.o
  (C++) DeepNodeListImpl.o
  (C++) DocumentFragmentImpl.o
  (C++) DocumentImpl.o
  (C++) DocumentTypeImpl.o
  (C++) DomMemDebug.o
  (C++) ElementDefinitionImpl.o
  (C++) ElementImpl.o
  (C++) ElementNSImpl.o
  (C++) EntityImpl.o
  (C++) EntityReferenceImpl.o
  (C++) NamedNodeMapImpl.o
  (C++) NodeIDMap.o
  (C++) NodeImpl.o
  (C++) NodeIteratorImpl.o
  (C++) NodeListImpl.o
  (C++) NodeVector.o
  (C++) NotationImpl.o
  (C++) ParentNode.o
  (C++) ProcessingInstructionImpl.o
  (C++) RangeImpl.o
  (C++) RefCountedImpl.o
  (C++) TextImpl.o
  (C++) TreeWalkerImpl.o
  (C++) XMLDeclImpl.o
copy objects to /home/ualusr2011/ual1220/ual1/tools/tars/xerces-c-src_2_7_0/obj/LINUX/depdom
make[5]: Leaving directory `/home/ualusr2011/ual1220/ual1/tools/tars/xerces-c-src_2_7_0/src/xercesc/dom/deprecated'
make[4]: Leaving directory `/home/ualusr2011/ual1220/ual1/tools/tars/xerces-c-src_2_7_0/src/xercesc/dom'
Building validators
make -s -C validators 
make[4]: Entering directory `/home/ualusr2011/ual1220/ual1/tools/tars/xerces-c-src_2_7_0/src/xercesc/validators'
make[5]: Entering directory `/home/ualusr2011/ual1220/ual1/tools/tars/xerces-c-src_2_7_0/src/xercesc/validators/common'
  (CP)  /home/ualusr2011/ual1220/ual1/tools/tars/xerces-c-src_2_7_0/include/xercesc/validators/common
make[5]: Leaving directory `/home/ualusr2011/ual1220/ual1/tools/tars/xerces-c-src_2_7_0/src/xercesc/validators/common'
make[5]: Entering directory `/home/ualusr2011/ual1220/ual1/tools/tars/xerces-c-src_2_7_0/src/xercesc/validators/datatype'
  (CP)  /home/ualusr2011/ual1220/ual1/tools/tars/xerces-c-src_2_7_0/include/xercesc/validators/datatype
make[5]: Leaving directory `/home/ualusr2011/ual1220/ual1/tools/tars/xerces-c-src_2_7_0/src/xercesc/validators/datatype'
make[5]: Entering directory `/home/ualusr2011/ual1220/ual1/tools/tars/xerces-c-src_2_7_0/src/xercesc/validators/DTD'
  (CP)  /home/ualusr2011/ual1220/ual1/tools/tars/xerces-c-src_2_7_0/include/xercesc/validators/DTD
make[5]: Leaving directory `/home/ualusr2011/ual1220/ual1/tools/tars/xerces-c-src_2_7_0/src/xercesc/validators/DTD'
make[5]: Entering directory `/home/ualusr2011/ual1220/ual1/tools/tars/xerces-c-src_2_7_0/src/xercesc/validators/schema'
  (CP)  /home/ualusr2011/ual1220/ual1/tools/tars/xerces-c-src_2_7_0/include/xercesc/validators/schema
make[6]: Entering directory `/home/ualusr2011/ual1220/ual1/tools/tars/xerces-c-src_2_7_0/src/xercesc/validators/schema/identity'
  (CP)  /home/ualusr2011/ual1220/ual1/tools/tars/xerces-c-src_2_7_0/include/xercesc/validators/schema/identity
make[6]: Leaving directory `/home/ualusr2011/ual1220/ual1/tools/tars/xerces-c-src_2_7_0/src/xercesc/validators/schema/identity'
make[5]: Leaving directory `/home/ualusr2011/ual1220/ual1/tools/tars/xerces-c-src_2_7_0/src/xercesc/validators/schema'
make[5]: Entering directory `/home/ualusr2011/ual1220/ual1/tools/tars/xerces-c-src_2_7_0/src/xercesc/validators/common'
  (CP)  /home/ualusr2011/ual1220/ual1/tools/tars/xerces-c-src_2_7_0/include/xercesc/validators/common
  (C++) AllContentModel.o
  (C++) CMAny.o
  (C++) CMBinaryOp.o
  (C++) CMUnaryOp.o
  (C++) ContentLeafNameTypeVector.o
  (C++) ContentSpecNode.o
  (C++) DFAContentModel.o
  (C++) Grammar.o
  (C++) GrammarResolver.o
  (C++) MixedContentModel.o
  (C++) SimpleContentModel.o
make[5]: Leaving directory `/home/ualusr2011/ual1220/ual1/tools/tars/xerces-c-src_2_7_0/src/xercesc/validators/common'
make[5]: Entering directory `/home/ualusr2011/ual1220/ual1/tools/tars/xerces-c-src_2_7_0/src/xercesc/validators/datatype'
  (CP)  /home/ualusr2011/ual1220/ual1/tools/tars/xerces-c-src_2_7_0/include/xercesc/validators/datatype
  (C++) DatatypeValidator.o
  (C++) DatatypeValidatorFactory.o
  (C++) Base64BinaryDatatypeValidator.o
  (C++) BooleanDatatypeValidator.o
  (C++) DecimalDatatypeValidator.o
  (C++) HexBinaryDatatypeValidator.o
  (C++) StringDatatypeValidator.o
  (C++) IDDatatypeValidator.o
  (C++) NOTATIONDatatypeValidator.o
  (C++) ENTITYDatatypeValidator.o
  (C++) QNameDatatypeValidator.o
  (C++) NameDatatypeValidator.o
  (C++) NCNameDatatypeValidator.o
  (C++) ListDatatypeValidator.o
  (C++) UnionDatatypeValidator.o
  (C++) DoubleDatatypeValidator.o
  (C++) FloatDatatypeValidator.o
  (C++) AnyURIDatatypeValidator.o
  (C++) IDREFDatatypeValidator.o
  (C++) AnySimpleTypeDatatypeValidator.o
  (C++) AbstractNumericFacetValidator.o
  (C++) AbstractNumericValidator.o
  (C++) AbstractStringValidator.o
  (C++) DateTimeValidator.o
  (C++) DateTimeDatatypeValidator.o
  (C++) DateDatatypeValidator.o
  (C++) TimeDatatypeValidator.o
  (C++) DayDatatypeValidator.o
  (C++) MonthDatatypeValidator.o
  (C++) MonthDayDatatypeValidator.o
  (C++) YearDatatypeValidator.o
  (C++) YearMonthDatatypeValidator.o
  (C++) XMLCanRepGroup.o
  (C++) DurationDatatypeValidator.o
make[5]: Leaving directory `/home/ualusr2011/ual1220/ual1/tools/tars/xerces-c-src_2_7_0/src/xercesc/validators/datatype'
make[5]: Entering directory `/home/ualusr2011/ual1220/ual1/tools/tars/xerces-c-src_2_7_0/src/xercesc/validators/DTD'
  (CP)  /home/ualusr2011/ual1220/ual1/tools/tars/xerces-c-src_2_7_0/include/xercesc/validators/DTD
  (C++) DTDAttDef.o
  (C++) DTDAttDefList.o
  (C++) DTDElementDecl.o
  (C++) DTDEntityDecl.o
  (C++) DTDGrammar.o
  (C++) DTDScanner.o
  (C++) DTDValidator.o
  (C++) XMLDTDDescriptionImpl.o
make[5]: Leaving directory `/home/ualusr2011/ual1220/ual1/tools/tars/xerces-c-src_2_7_0/src/xercesc/validators/DTD'
make[5]: Entering directory `/home/ualusr2011/ual1220/ual1/tools/tars/xerces-c-src_2_7_0/src/xercesc/validators/schema'
  (CP)  /home/ualusr2011/ual1220/ual1/tools/tars/xerces-c-src_2_7_0/include/xercesc/validators/schema
make[6]: Entering directory `/home/ualusr2011/ual1220/ual1/tools/tars/xerces-c-src_2_7_0/src/xercesc/validators/schema/identity'
  (CP)  /home/ualusr2011/ual1220/ual1/tools/tars/xerces-c-src_2_7_0/include/xercesc/validators/schema/identity
make[6]: Leaving directory `/home/ualusr2011/ual1220/ual1/tools/tars/xerces-c-src_2_7_0/src/xercesc/validators/schema/identity'
  (C++) ComplexTypeInfo.o
  (C++) GeneralAttributeCheck.o
  (C++) NamespaceScope.o
  (C++) SchemaAttDef.o
  (C++) SchemaAttDefList.o
  (C++) SchemaElementDecl.o
  (C++) SchemaGrammar.o
  (C++) SchemaInfo.o
  (C++) SchemaSymbols.o
  (C++) SchemaValidator.o
  (C++) SubstitutionGroupComparator.o
  (C++) TraverseSchema.o
  (C++) XercesAttGroupInfo.o
  (C++) XercesElementWildcard.o
  (C++) XercesGroupInfo.o
  (C++) XMLSchemaDescriptionImpl.o
  (C++) XUtil.o
  (C++) XSDDOMParser.o
  (C++) XSDLocator.o
  (C++) XSDErrorReporter.o
make[6]: Entering directory `/home/ualusr2011/ual1220/ual1/tools/tars/xerces-c-src_2_7_0/src/xercesc/validators/schema/identity'
  (CP)  /home/ualusr2011/ual1220/ual1/tools/tars/xerces-c-src_2_7_0/include/xercesc/validators/schema/identity
  (C++) FieldActivator.o
  (C++) FieldValueMap.o
  (C++) IC_Field.o
  (C++) IC_Key.o
  (C++) IC_KeyRef.o
  (C++) IC_Selector.o
  (C++) IC_Unique.o
  (C++) IdentityConstraint.o
  (C++) IdentityConstraintHandler.o
  (C++) ValueStore.o
  (C++) ValueStoreCache.o
  (C++) XercesXPath.o
  (C++) XPathMatcher.o
  (C++) XPathMatcherStack.o
  (C++) XPathSymbols.o
make[6]: Leaving directory `/home/ualusr2011/ual1220/ual1/tools/tars/xerces-c-src_2_7_0/src/xercesc/validators/schema/identity'
make[5]: Leaving directory `/home/ualusr2011/ual1220/ual1/tools/tars/xerces-c-src_2_7_0/src/xercesc/validators/schema'
make[4]: Leaving directory `/home/ualusr2011/ual1220/ual1/tools/tars/xerces-c-src_2_7_0/src/xercesc/validators'
toplevel Building /home/ualusr2011/ual1220/ual1/tools/tars/xerces-c-src_2_7_0/lib/libxerces-c.so.27.0
make -C /home/ualusr2011/ual1220/ual1/tools/tars/xerces-c-src_2_7_0/obj -k 
make[4]: Entering directory `/home/ualusr2011/ual1220/ual1/tools/tars/xerces-c-src_2_7_0/obj'
Building /home/ualusr2011/ual1220/ual1/tools/tars/xerces-c-src_2_7_0/lib/libxerces-c.so.27.0
g++ -DLINUX -shared -fPIC  -Wl,-soname,libxerces-c.so.27 -o /home/ualusr2011/ual1220/ual1/tools/tars/xerces-c-src_2_7_0/lib/libxerces-c.so.27.0 LINUX/NodeVector.o LINUX/StringDatatypeValidator.o LINUX/DOMParser.o LINUX/PlatformUtils.o LINUX/IC_Selector.o LINUX/XProtoType.o LINUX/XSIDCDefinition.o LINUX/XSNamespaceItem.o LINUX/XMLFloat.o LINUX/IDDatatypeValidator.o LINUX/DOM_NodeList.o LINUX/AnySimpleTypeDatatypeValidator.o LINUX/XSAttributeUse.o LINUX/HexBin.o LINUX/SchemaValidator.o LINUX/DOM_Attr.o LINUX/DOMNodeImpl.o LINUX/DeepNodeListImpl.o LINUX/XSDDOMParser.o LINUX/DomMemDebug.o LINUX/MemBufInputSource.o LINUX/CMUnaryOp.o LINUX/CharToken.o LINUX/DOMImplementationImpl.o LINUX/ValidationContextImpl.o LINUX/HashPtr.o LINUX/OpFactory.o LINUX/IC_Unique.o LINUX/ProcessingInstructionImpl.o LINUX/XercesXPath.o LINUX/Dummy.o LINUX/XMLDateTime.o LINUX/XSFacet.o LINUX/ValueStoreCache.o LINUX/LocalFileInputSource.o LINUX/TransService.o LINUX/AnyURIDatatypeValidator.o LINUX/XSDErrorReporter.o LINUX/XMLAttr.o LINUX/ParserForXMLSchema.o LINUX/SchemaInfo.o LINUX/XMLChar.o LINUX/XMLGrammarDescription.o LINUX/XSAXMLScanner.o LINUX/XMLUCSTranscoder.o LINUX/DateTimeValidator.o LINUX/IC_Key.o LINUX/YearDatatypeValidator.o LINUX/SAXParser.o LINUX/EntityReferenceImpl.o LINUX/XSModelGroup.o LINUX/DOMImplementationRegistry.o LINUX/DTDAttDef.o LINUX/BinFileOutputStream.o LINUX/CDATASectionImpl.o LINUX/ClosureToken.o LINUX/DocumentTypeImpl.o LINUX/TimeDatatypeValidator.o LINUX/CMBinaryOp.o LINUX/DOMChildNode.o LINUX/XMLScannerResolver.o LINUX/DOMDocumentImpl.o LINUX/SGXMLScanner.o LINUX/DOMDocumentFragmentImpl.o LINUX/XMLIBM1140Transcoder.o LINUX/XMLBigDecimal.o LINUX/XMLBufferMgr.o LINUX/XMLIBM1047Transcoder.o LINUX/BinOutputStream.o LINUX/DoubleDatatypeValidator.o LINUX/IC_Field.o LINUX/CMAny.o LINUX/ContentLeafNameTypeVector.o LINUX/Mutexes.o LINUX/XTemplateSerializer.o LINUX/MemBufFormatTarget.o LINUX/DOM_ProcessingInstruction.o LINUX/XSObject.o LINUX/XPathMatcher.o LINUX/IGXMLScanner.o LINUX/CharacterDataImpl.o LINUX/SimpleContentModel.o LINUX/Base64.o LINUX/XMLRegisterCleanup.o LINUX/InMemMsgLoader.o LINUX/BinFileInputStream.o LINUX/VecAttributesImpl.o LINUX/DStringPool.o LINUX/RangeTokenMap.o LINUX/DOMNodeVector.o LINUX/UnionToken.o LINUX/ENTITYDatatypeValidator.o LINUX/DateDatatypeValidator.o LINUX/IconvTransService.o LINUX/FloatDatatypeValidator.o LINUX/DOMCDATASectionImpl.o LINUX/DOMElementNSImpl.o LINUX/IdentityConstraint.o LINUX/SchemaElementDecl.o LINUX/MonthDatatypeValidator.o LINUX/Grammar.o LINUX/DOMLocatorImpl.o LINUX/Token.o LINUX/RegularExpression.o LINUX/ComplexTypeInfo.o LINUX/DateTimeDatatypeValidator.o LINUX/XMLNotationDecl.o LINUX/ElementImpl.o LINUX/StringToken.o LINUX/XMLAbstractDoubleFloat.o LINUX/DOMString.o LINUX/StringPool.o LINUX/Wrapper4InputSource.o LINUX/AbstractDOMParser.o LINUX/ModifierToken.o LINUX/TreeWalkerImpl.o LINUX/TokenFactory.o LINUX/DOM_Text.o LINUX/XMLReader.o LINUX/XMLDTDDescriptionImpl.o LINUX/DecimalDatatypeValidator.o LINUX/IGXMLScanner2.o LINUX/SchemaGrammar.o LINUX/SAX2XMLReaderImpl.o LINUX/URLInputSource.o LINUX/DOMNotationImpl.o LINUX/YearMonthDatatypeValidator.o LINUX/DTDScanner.o LINUX/BMPattern.o LINUX/PSVIItem.o LINUX/Op.o LINUX/XMLContentModel.o LINUX/XMLCanRepGroup.o LINUX/XMLUniCharacter.o LINUX/NodeImpl.o LINUX/DFAContentModel.o LINUX/DOM_Document.o LINUX/ElemStack.o LINUX/SubstitutionGroupComparator.o LINUX/DOM_DocumentFragment.o LINUX/BooleanDatatypeValidator.o LINUX/DOM_TreeWalker.o LINUX/LocalFileFormatTarget.o LINUX/BinMemOutputStream.o LINUX/DOMTextImpl.o LINUX/XMLUTF16Transcoder.o LINUX/DOMBuilderImpl.o LINUX/ConditionToken.o LINUX/XMLInitializer.o LINUX/DOMTreeWalkerImpl.o LINUX/RangeToken.o LINUX/MemoryManagerImpl.o LINUX/Base64BinaryDatatypeValidator.o LINUX/XSModel.o LINUX/ParenToken.o LINUX/XMLEntityDecl.o LINUX/DOMAttrImpl.o LINUX/XSerializeEngine.o LINUX/DOMRangeImpl.o LINUX/UnionDatatypeValidator.o LINUX/XML256TableTranscoder.o LINUX/XMLChTranscoder.o LINUX/MonthDayDatatypeValidator.o LINUX/NamedNodeMapImpl.o LINUX/SocketNetAccessor.o LINUX/KVStringPair.o LINUX/DOMProcessingInstructionImpl.o LINUX/sax2Dummy.o LINUX/DOMXPathException.o LINUX/XMLSchemaDescription.o LINUX/DOM_DOMException.o LINUX/XMLWin1252Transcoder.o LINUX/DatatypeValidatorFactory.o LINUX/DGXMLScanner.o LINUX/RegxUtil.o LINUX/NodeIteratorImpl.o LINUX/NOTATIONDatatypeValidator.o LINUX/DOMElementImpl.o LINUX/PSVIElement.o LINUX/NodeListImpl.o LINUX/XMLASCIITranscoder.o LINUX/Wrapper4DOMInputSource.o LINUX/XMLException.o LINUX/XMLBigInteger.o LINUX/DOM_DocumentType.o LINUX/DOM_Range.o LINUX/AttrNSImpl.o LINUX/AbstractNumericValidator.o LINUX/SchemaAttDef.o LINUX/ListDatatypeValidator.o LINUX/NotationImpl.o LINUX/HashXMLCh.o LINUX/XMLUTF8Transcoder.o LINUX/UnixHTTPURLInputStream.o LINUX/HeaderDummy.o LINUX/AttrImpl.o LINUX/XMLEBCDICTranscoder.o LINUX/XMLRangeFactory.o LINUX/XSWildcard.o LINUX/UnicodeRangeFactory.o LINUX/QName.o LINUX/DOMException.o LINUX/DOM_NodeFilter.o LINUX/XSAttributeDeclaration.o LINUX/XMLUni.o LINUX/BinInputStream.o LINUX/DOMEntityImpl.o LINUX/RangeImpl.o LINUX/XSAttributeGroupDefinition.o LINUX/DOMConfigurationImpl.o LINUX/DOM_Comment.o LINUX/DTDValidator.o LINUX/DTDAttDefList.o LINUX/XSAnnotation.o LINUX/StdInInputSource.o LINUX/DOM_Node.o LINUX/XMLElementDecl.o LINUX/TextImpl.o LINUX/PanicHandler.o LINUX/XMLRefInfo.o LINUX/DOMNormalizer.o LINUX/DOM_XMLDecl.o LINUX/Match.o LINUX/DOM_CDATASection.o LINUX/DOMNamedNodeMapImpl.o LINUX/ElementNSImpl.o LINUX/XMLAttDefList.o LINUX/XMLSchemaDescriptionImpl.o LINUX/XMemory.o LINUX/XSElementDeclaration.o LINUX/XSValue.o LINUX/XercesElementWildcard.o LINUX/DOM_DOMImplementation.o LINUX/TraverseSchema.o LINUX/DOM_Entity.o LINUX/ElementDefinitionImpl.o LINUX/DOMDocumentTypeImpl.o LINUX/XSDElementNSImpl.o LINUX/DefaultPanicHandler.o LINUX/XPathMatcherStack.o LINUX/ReaderMgr.o LINUX/XMLNumber.o LINUX/SAX2XMLFilterImpl.o LINUX/DOMEntityReferenceImpl.o LINUX/RangeFactory.o LINUX/XSDLocator.o LINUX/DurationDatatypeValidator.o LINUX/AbstractNumericFacetValidator.o LINUX/XSMultiValueFacet.o LINUX/XMLGrammarPoolImpl.o LINUX/XSNotationDeclaration.o LINUX/XMLURL.o LINUX/NodeIDMap.o LINUX/SAXParseException.o LINUX/DOMTypeInfoImpl.o LINUX/XSModelGroupDefinition.o LINUX/DTDElementDecl.o LINUX/DOMNodeIteratorImpl.o LINUX/ChildNode.o LINUX/DOMCommentImpl.o LINUX/LinuxPlatformUtils.o LINUX/SAXException.o LINUX/DOMNodeListImpl.o LINUX/SynchronizedStringPool.o LINUX/DOM_RangeException.o LINUX/DOMAttrMapImpl.o LINUX/MixedContentModel.o LINUX/XSParticle.o LINUX/PSVIAttributeList.o LINUX/BinMemInputStream.o LINUX/DOM_CharacterData.o LINUX/XMLDouble.o LINUX/DatatypeValidator.o LINUX/DOM_EntityReference.o LINUX/RegxParser.o LINUX/AbstractStringValidator.o LINUX/XSObjectFactory.o LINUX/XMLScanner.o LINUX/XPathSymbols.o LINUX/AllContentModel.o LINUX/GCCDefs.o LINUX/IC_KeyRef.o LINUX/XMLBuffer.o LINUX/XSTypeDefinition.o LINUX/ASCIIRangeFactory.o LINUX/DOM_Notation.o LINUX/SchemaSymbols.o LINUX/XMLStringTokenizer.o LINUX/InputSource.o LINUX/DOMParentNode.o LINUX/IdentityConstraintHandler.o LINUX/ValueStore.o LINUX/SchemaAttDefList.o LINUX/DOMNodeIDMap.o LINUX/XMLFormatter.o LINUX/DOMCharacterDataImpl.o LINUX/DTDGrammar.o LINUX/DOM_NamedNodeMap.o LINUX/AttrMapImpl.o LINUX/QNameDatatypeValidator.o LINUX/IDREFDatatypeValidator.o LINUX/DOMAttrNSImpl.o LINUX/EncodingValidator.o LINUX/FieldActivator.o LINUX/DOMWriterImpl.o LINUX/XMLRecognizer.o LINUX/NamespaceScope.o LINUX/XMLMsgLoader.o LINUX/HexBinaryDatatypeValidator.o LINUX/XMLAttDef.o LINUX/GeneralAttributeCheck.o LINUX/ConcatToken.o LINUX/GrammarResolver.o LINUX/XMLString.o LINUX/StdOutFormatTarget.o LINUX/BitSet.o LINUX/XSComplexTypeDefinition.o LINUX/DOMRangeException.o LINUX/CommentImpl.o LINUX/BlockRangeFactory.o LINUX/XMLDeclImpl.o LINUX/XMLUri.o LINUX/XercesAttGroupInfo.o LINUX/WFXMLScanner.o LINUX/XercesDOMParser.o LINUX/XMLValidator.o LINUX/DOMStringPool.o LINUX/ContentSpecNode.o LINUX/NCNameDatatypeValidator.o LINUX/DayDatatypeValidator.o LINUX/MemoryManagerArrayImpl.o LINUX/DocumentImpl.o LINUX/DOM_NodeIterator.o LINUX/XML88591Transcoder.o LINUX/DocumentFragmentImpl.o LINUX/DOM_Element.o LINUX/XUtil.o LINUX/EntityImpl.o LINUX/XMLDTDDescription.o LINUX/ParentNode.o LINUX/VecAttrListImpl.o LINUX/NameDatatypeValidator.o LINUX/XSSimpleTypeDefinition.o LINUX/RefCountedImpl.o LINUX/XercesGroupInfo.o LINUX/DOMDeepNodeListImpl.o LINUX/DTDEntityDecl.o LINUX/FieldValueMap.o LINUX/PSVIAttribute.o LINUX/DOMErrorImpl.o   -Xlinker -Map -Xlinker /home/ualusr2011/ual1220/ual1/tools/tars/xerces-c-src_2_7_0/obj/libxerces-c.so.27.map -lpthread  -L/usr/lib -L/usr/local/lib -L/usr/ccs/lib
symlink /home/ualusr2011/ual1220/ual1/tools/tars/xerces-c-src_2_7_0/lib/libxerces-c.so.27
rm -rf /home/ualusr2011/ual1220/ual1/tools/tars/xerces-c-src_2_7_0/lib/libxerces-c.so.27   && ln -s /home/ualusr2011/ual1220/ual1/tools/tars/xerces-c-src_2_7_0/lib/libxerces-c.so.27.0 /home/ualusr2011/ual1220/ual1/tools/tars/xerces-c-src_2_7_0/lib/libxerces-c.so.27
symlink /home/ualusr2011/ual1220/ual1/tools/tars/xerces-c-src_2_7_0/lib/libxerces-c.so
rm -rf /home/ualusr2011/ual1220/ual1/tools/tars/xerces-c-src_2_7_0/lib/libxerces-c.so && ln -s /home/ualusr2011/ual1220/ual1/tools/tars/xerces-c-src_2_7_0/lib/libxerces-c.so.27 /home/ualusr2011/ual1220/ual1/tools/tars/xerces-c-src_2_7_0/lib/libxerces-c.so
Building /home/ualusr2011/ual1220/ual1/tools/tars/xerces-c-src_2_7_0/lib/libxerces-depdom.so.27.0
g++ -DLINUX -shared -fPIC  -Wl,-soname,libxerces-depdom.so.27         -o /home/ualusr2011/ual1220/ual1/tools/tars/xerces-c-src_2_7_0/lib/libxerces-depdom.so.27.0 LINUX/depdom/AttrImpl.o LINUX/depdom/NodeListImpl.o LINUX/depdom/AttrMapImpl.o LINUX/depdom/DOM_Notation.o LINUX/depdom/DOM_NodeFilter.o LINUX/depdom/ElementImpl.o LINUX/depdom/DOM_DocumentType.o LINUX/depdom/DOM_Range.o LINUX/depdom/DOM_XMLDecl.o LINUX/depdom/DocumentTypeImpl.o LINUX/depdom/AttrNSImpl.o LINUX/depdom/NodeIDMap.o LINUX/depdom/DOM_Comment.o LINUX/depdom/DOM_NamedNodeMap.o LINUX/depdom/DOMParser.o LINUX/depdom/EntityReferenceImpl.o LINUX/depdom/RangeImpl.o LINUX/depdom/DOM_Node.o LINUX/depdom/CommentImpl.o LINUX/depdom/NodeVector.o LINUX/depdom/DOMString.o LINUX/depdom/NamedNodeMapImpl.o LINUX/depdom/TreeWalkerImpl.o LINUX/depdom/DOM_NodeIterator.o LINUX/depdom/DOM_Element.o LINUX/depdom/DOM_Attr.o LINUX/depdom/ElementNSImpl.o LINUX/depdom/DeepNodeListImpl.o LINUX/depdom/DomMemDebug.o LINUX/depdom/DOM_DOMImplementation.o LINUX/depdom/DOM_Entity.o LINUX/depdom/XMLDeclImpl.o LINUX/depdom/ProcessingInstructionImpl.o LINUX/depdom/EntityImpl.o LINUX/depdom/DOM_Document.o LINUX/depdom/DOM_NodeList.o LINUX/depdom/DocumentImpl.o LINUX/depdom/DOM_DocumentFragment.o LINUX/depdom/DOM_TreeWalker.o LINUX/depdom/DocumentFragmentImpl.o LINUX/depdom/NotationImpl.o LINUX/depdom/DOM_Text.o LINUX/depdom/TextImpl.o LINUX/depdom/ParentNode.o LINUX/depdom/NodeIteratorImpl.o LINUX/depdom/ChildNode.o LINUX/depdom/RefCountedImpl.o LINUX/depdom/DOM_ProcessingInstruction.o LINUX/depdom/DOM_CDATASection.o LINUX/depdom/ElementDefinitionImpl.o LINUX/depdom/DOM_RangeException.o LINUX/depdom/CDATASectionImpl.o LINUX/depdom/DOM_CharacterData.o LINUX/depdom/DOM_EntityReference.o LINUX/depdom/DOM_DOMException.o LINUX/depdom/NodeImpl.o LINUX/depdom/DStringPool.o LINUX/depdom/CharacterDataImpl.o   -Xlinker -Map -Xlinker /home/ualusr2011/ual1220/ual1/tools/tars/xerces-c-src_2_7_0/obj/libxerces-depdom.so.27.map -lpthread  -L/usr/lib -L/usr/local/lib -L/usr/ccs/lib -L/home/ualusr2011/ual1220/ual1/tools/tars/xerces-c-src_2_7_0/lib -lxerces-c
symlink /home/ualusr2011/ual1220/ual1/tools/tars/xerces-c-src_2_7_0/lib/libxerces-depdom.so.27
rm -rf /home/ualusr2011/ual1220/ual1/tools/tars/xerces-c-src_2_7_0/lib/libxerces-depdom.so.27   && ln -s /home/ualusr2011/ual1220/ual1/tools/tars/xerces-c-src_2_7_0/lib/libxerces-depdom.so.27.0 /home/ualusr2011/ual1220/ual1/tools/tars/xerces-c-src_2_7_0/lib/libxerces-depdom.so.27
symlink /home/ualusr2011/ual1220/ual1/tools/tars/xerces-c-src_2_7_0/lib/libxerces-depdom.so
rm -rf /home/ualusr2011/ual1220/ual1/tools/tars/xerces-c-src_2_7_0/lib/libxerces-depdom.so && ln -s /home/ualusr2011/ual1220/ual1/tools/tars/xerces-c-src_2_7_0/lib/libxerces-depdom.so.27 /home/ualusr2011/ual1220/ual1/tools/tars/xerces-c-src_2_7_0/lib/libxerces-depdom.so
make[4]: Leaving directory `/home/ualusr2011/ual1220/ual1/tools/tars/xerces-c-src_2_7_0/obj'
make[3]: Leaving directory `/home/ualusr2011/ual1220/ual1/tools/tars/xerces-c-src_2_7_0/src/xercesc'
rm -rf xerces-c-src_2_7_0
gzip -d -c gperf-2.7.2.tar.gz | tar xvf -
gperf-2.7.2/
gperf-2.7.2/ChangeLog
gperf-2.7.2/AUTHORS
gperf-2.7.2/COPYING
gperf-2.7.2/INSTALL
gperf-2.7.2/doc/
gperf-2.7.2/doc/gperf.1
gperf-2.7.2/lib/
gperf-2.7.2/lib/Makefile
gperf-2.7.2/lib/Makefile.in
gperf-2.7.2/lib/config.log
gperf-2.7.2/lib/config.status
gperf-2.7.2/lib/configure
gperf-2.7.2/lib/configure.in
gperf-2.7.2/lib/getopt.c
gperf-2.7.2/lib/getopt.c.patch
gperf-2.7.2/lib/getopt.h
gperf-2.7.2/lib/getopt.h.patch
gperf-2.7.2/lib/getopt1.c
gperf-2.7.2/lib/hash.cc
gperf-2.7.2/lib/hash.h
gperf-2.7.2/Makefile.devel
gperf-2.7.2/Makefile.in
gperf-2.7.2/NEWS
gperf-2.7.2/README
gperf-2.7.2/acconfig.h
gperf-2.7.2/aclocal.m4
gperf-2.7.2/configure.in
gperf-2.7.2/config.log
gperf-2.7.2/config.status
gperf-2.7.2/configure
gperf-2.7.2/mkinstalldirs
gperf-2.7.2/src/
gperf-2.7.2/src/Makefile
gperf-2.7.2/src/Makefile.in
gperf-2.7.2/src/bool-array.cc
gperf-2.7.2/src/bool-array.h
gperf-2.7.2/src/bool-array.icc
gperf-2.7.2/src/config.h
gperf-2.7.2/src/config.h.in
gperf-2.7.2/src/config.log
gperf-2.7.2/src/config.status
gperf-2.7.2/src/configure
gperf-2.7.2/src/configure.in
gperf-2.7.2/src/gen-perf.cc
gperf-2.7.2/src/gen-perf.h
gperf-2.7.2/src/hash-table.cc
gperf-2.7.2/src/hash-table.h
gperf-2.7.2/src/iterator.cc
gperf-2.7.2/src/iterator.h
gperf-2.7.2/src/key-list.cc
gperf-2.7.2/src/key-list.h
gperf-2.7.2/src/list-node.cc
gperf-2.7.2/src/list-node.h
gperf-2.7.2/src/main.cc
gperf-2.7.2/src/new.cc
gperf-2.7.2/src/options.cc
gperf-2.7.2/src/options.h
gperf-2.7.2/src/options.icc
gperf-2.7.2/src/read-line.cc
gperf-2.7.2/src/read-line.h
gperf-2.7.2/src/read-line.icc
gperf-2.7.2/src/trace.cc
gperf-2.7.2/src/trace.h
gperf-2.7.2/src/vectors.cc
gperf-2.7.2/src/vectors.h
gperf-2.7.2/src/version.cc
gperf-2.7.2/src/version.h
gperf-2.7.2/Makefile
(cd gperf-2.7.2; \
./configure  --bindir=/home/ualusr2011/ual1220/ual1/tools/bin/linux --infodir=/home/ualusr2011/ual1220/ual1/tools/info --mandir=/home/ualusr2011/ual1220/ual1/tools/man  ; \
make; \
make install;) 
creating cache ./config.cache
checking whether make sets ${MAKE}... yes
updating cache ./config.cache
creating ./config.status
creating Makefile
configuring in lib
running /bin/sh ./configure  --bindir=/home/ualusr2011/ual1220/ual1/tools/bin/linux --infodir=/home/ualusr2011/ual1220/ual1/tools/info --mandir=/home/ualusr2011/ual1220/ual1/tools/man --cache-file=.././config.cache --srcdir=.
loading cache .././config.cache
checking whether make sets ${MAKE}... (cached) yes
checking for gcc... gcc
checking whether the C compiler (gcc  ) works... yes
checking whether the C compiler (gcc  ) is a cross-compiler... no
checking whether we are using GNU C... yes
checking whether gcc accepts -g... yes
checking how to run the C preprocessor... gcc -E
checking for c++... c++
checking whether the C++ compiler (c++  ) works... yes
checking whether the C++ compiler (c++  ) is a cross-compiler... no
checking whether we are using GNU C++... yes
checking whether c++ accepts -g... yes
checking how to run the C++ preprocessor... c++ -E
checking for ranlib... ranlib
checking for a BSD compatible install... cp
updating cache .././config.cache
creating ./config.status
creating Makefile
configuring in src
running /bin/sh ./configure  --bindir=/home/ualusr2011/ual1220/ual1/tools/bin/linux --infodir=/home/ualusr2011/ual1220/ual1/tools/info --mandir=/home/ualusr2011/ual1220/ual1/tools/man --cache-file=.././config.cache --srcdir=.
loading cache .././config.cache
checking whether make sets ${MAKE}... (cached) yes
checking for gcc... (cached) gcc
checking whether the C compiler (gcc  ) works... yes
checking whether the C compiler (gcc  ) is a cross-compiler... no
checking whether we are using GNU C... (cached) yes
checking whether gcc accepts -g... (cached) yes
checking how to run the C preprocessor... (cached) gcc -E
checking for c++... (cached) c++
checking whether the C++ compiler (c++  ) works... yes
checking whether the C++ compiler (c++  ) is a cross-compiler... no
checking whether we are using GNU C++... (cached) yes
checking whether c++ accepts -g... (cached) yes
checking how to run the C++ preprocessor... (cached) c++ -E
checking for a BSD compatible install... (cached) cp
checking for working throw()... yes
checking for unistd.h... yes
checking for sys/time.h... yes
checking for sys/resource.h... yes
checking for getrlimit... yes
checking for setrlimit... yes
updating cache .././config.cache
creating ./config.status
creating Makefile
creating config.h
config.h is unchanged
make[3]: Entering directory `/home/ualusr2011/ual1220/ual1/tools/tars/gperf-2.7.2'
cd lib; make all
make[4]: Entering directory `/home/ualusr2011/ual1220/ual1/tools/tars/gperf-2.7.2/lib'
gcc -g -O2 -I. -c ./getopt.c
gcc -g -O2 -I. -c ./getopt1.c
c++ -g -O2 -I. -c ./hash.cc
rm -f libgp.a
ar rc libgp.a getopt.o getopt1.o hash.o
ranlib libgp.a
make[4]: Leaving directory `/home/ualusr2011/ual1220/ual1/tools/tars/gperf-2.7.2/lib'
cd src; make all
make[4]: Entering directory `/home/ualusr2011/ual1220/ual1/tools/tars/gperf-2.7.2/src'
c++ -g -O2 -I. -I./../lib -c ./new.cc
c++ -g -O2 -I. -I./../lib -c ./options.cc
c++ -g -O2 -I. -I./../lib -c ./iterator.cc
c++ -g -O2 -I. -I./../lib -c ./main.cc
c++ -g -O2 -I. -I./../lib -c ./gen-perf.cc
c++ -g -O2 -I. -I./../lib -c ./key-list.cc
c++ -g -O2 -I. -I./../lib -c ./list-node.cc
c++ -g -O2 -I. -I./../lib -c ./hash-table.cc
c++ -g -O2 -I. -I./../lib -c ./bool-array.cc
c++ -g -O2 -I. -I./../lib -c ./read-line.cc
c++ -g -O2 -I. -I./../lib -c ./trace.cc
c++ -g -O2 -I. -I./../lib -c ./vectors.cc
c++ -g -O2 -I. -I./../lib -c ./version.cc
c++ -g -O2  -o gperf new.o options.o iterator.o main.o gen-perf.o key-list.o list-node.o hash-table.o bool-array.o read-line.o trace.o vectors.o version.o ../lib/libgp.a -lm
make[4]: Leaving directory `/home/ualusr2011/ual1220/ual1/tools/tars/gperf-2.7.2/src'
make[3]: Leaving directory `/home/ualusr2011/ual1220/ual1/tools/tars/gperf-2.7.2'
make[3]: Entering directory `/home/ualusr2011/ual1220/ual1/tools/tars/gperf-2.7.2'
cd lib; make install
make[4]: Entering directory `/home/ualusr2011/ual1220/ual1/tools/tars/gperf-2.7.2/lib'
make[4]: Nothing to be done for `install'.
make[4]: Leaving directory `/home/ualusr2011/ual1220/ual1/tools/tars/gperf-2.7.2/lib'
cd src; make install
make[4]: Entering directory `/home/ualusr2011/ual1220/ual1/tools/tars/gperf-2.7.2/src'
/bin/sh ./../mkinstalldirs /home/ualusr2011/ual1220/ual1/tools/bin/linux
cp gperf /home/ualusr2011/ual1220/ual1/tools/bin/linux/gperf
make[4]: Leaving directory `/home/ualusr2011/ual1220/ual1/tools/tars/gperf-2.7.2/src'
make[3]: Leaving directory `/home/ualusr2011/ual1220/ual1/tools/tars/gperf-2.7.2'
rm -rf gperf-2.7.2
gzip -d -c pcre-8.02.tar.gz | tar xvf -
pcre-8.02/
pcre-8.02/m4/
pcre-8.02/m4/libtool.m4
pcre-8.02/m4/ltversion.m4
pcre-8.02/m4/lt~obsolete.m4
pcre-8.02/m4/ltoptions.m4
pcre-8.02/m4/ltsugar.m4
pcre-8.02/doc/
pcre-8.02/doc/html/
pcre-8.02/doc/html/pcre.html
pcre-8.02/doc/html/pcreperform.html
pcre-8.02/doc/html/pcrepartial.html
pcre-8.02/doc/html/pcre_study.html
pcre-8.02/doc/html/pcre_get_named_substring.html
pcre-8.02/doc/html/pcreapi.html
pcre-8.02/doc/html/pcre_copy_substring.html
pcre-8.02/doc/html/pcre_maketables.html
pcre-8.02/doc/html/pcrecompat.html
pcre-8.02/doc/html/pcre_info.html
pcre-8.02/doc/html/pcre_compile2.html
pcre-8.02/doc/html/index.html
pcre-8.02/doc/html/pcre_get_stringnumber.html
pcre-8.02/doc/html/pcre_refcount.html
pcre-8.02/doc/html/pcre_get_stringtable_entries.html
pcre-8.02/doc/html/pcrecpp.html
pcre-8.02/doc/html/pcredemo.html
pcre-8.02/doc/html/pcre_get_substring_list.html
pcre-8.02/doc/html/pcresyntax.html
pcre-8.02/doc/html/pcre_free_substring.html
pcre-8.02/doc/html/pcrestack.html
pcre-8.02/doc/html/pcre_fullinfo.html
pcre-8.02/doc/html/pcrecallout.html
pcre-8.02/doc/html/pcretest.html
pcre-8.02/doc/html/pcreprecompile.html
pcre-8.02/doc/html/pcrepattern.html
pcre-8.02/doc/html/pcre-config.html
pcre-8.02/doc/html/pcre_config.html
pcre-8.02/doc/html/pcre_version.html
pcre-8.02/doc/html/pcreposix.html
pcre-8.02/doc/html/pcrebuild.html
pcre-8.02/doc/html/pcre_exec.html
pcre-8.02/doc/html/pcrematching.html
pcre-8.02/doc/html/pcre_get_substring.html
pcre-8.02/doc/html/pcresample.html
pcre-8.02/doc/html/pcre_free_substring_list.html
pcre-8.02/doc/html/pcregrep.html
pcre-8.02/doc/html/pcre_copy_named_substring.html
pcre-8.02/doc/html/pcre_compile.html
pcre-8.02/doc/html/pcre_dfa_exec.html
pcre-8.02/doc/pcre_maketables.3
pcre-8.02/doc/index.html.src
pcre-8.02/doc/pcre_get_substring_list.3
pcre-8.02/doc/pcreposix.3
pcre-8.02/doc/pcrebuild.3
pcre-8.02/doc/pcregrep.txt
pcre-8.02/doc/pcreperform.3
pcre-8.02/doc/pcreapi.3
pcre-8.02/doc/pcrecpp.3
pcre-8.02/doc/pcre_get_substring.3
pcre-8.02/doc/pcre_free_substring.3
pcre-8.02/doc/pcrepattern.3
pcre-8.02/doc/pcretest.txt
pcre-8.02/doc/pcregrep.1
pcre-8.02/doc/pcre_dfa_exec.3
pcre-8.02/doc/pcre_free_substring_list.3
pcre-8.02/doc/pcre_version.3
pcre-8.02/doc/pcrecompat.3
pcre-8.02/doc/pcretest.1
pcre-8.02/doc/pcre_exec.3
pcre-8.02/doc/pcrecallout.3
pcre-8.02/doc/pcre_info.3
pcre-8.02/doc/pcre_copy_substring.3
pcre-8.02/doc/pcresyntax.3
pcre-8.02/doc/pcrestack.3
pcre-8.02/doc/pcre-config.txt
pcre-8.02/doc/pcre_study.3
pcre-8.02/doc/pcrematching.3
pcre-8.02/doc/pcre_get_named_substring.3
pcre-8.02/doc/pcre.3
pcre-8.02/doc/pcre_compile.3
pcre-8.02/doc/pcre.txt
pcre-8.02/doc/perltest.txt
pcre-8.02/doc/pcre_config.3
pcre-8.02/doc/pcre_get_stringnumber.3
pcre-8.02/doc/pcre_compile2.3
pcre-8.02/doc/pcre_get_stringtable_entries.3
pcre-8.02/doc/pcreprecompile.3
pcre-8.02/doc/pcrepartial.3
pcre-8.02/doc/pcre_copy_named_substring.3
pcre-8.02/doc/pcre_fullinfo.3
pcre-8.02/doc/pcresample.3
pcre-8.02/doc/pcre-config.1
pcre-8.02/doc/pcre_refcount.3
pcre-8.02/NEWS
pcre-8.02/pcre_maketables.c
pcre-8.02/pcreposix.c
pcre-8.02/pcreposix.h
pcre-8.02/pcre.h.in
pcre-8.02/depcomp
pcre-8.02/pcre_scanner_unittest.cc
pcre-8.02/pcre_stringpiece.h.in
pcre-8.02/pcrecpp.h
pcre-8.02/PrepareRelease
pcre-8.02/LICENCE
pcre-8.02/pcre_get.c
pcre-8.02/cmake/
pcre-8.02/cmake/FindPackageHandleStandardArgs.cmake
pcre-8.02/cmake/FindReadline.cmake
pcre-8.02/cmake/COPYING-CMAKE-SCRIPTS
pcre-8.02/aclocal.m4
pcre-8.02/pcre_printint.src
pcre-8.02/pcre_ucd.c
pcre-8.02/ucp.h
pcre-8.02/perltest.pl
pcre-8.02/README
pcre-8.02/pcrecpp.cc
pcre-8.02/pcredemo.c
pcre-8.02/makevp.bat
pcre-8.02/pcre_globals.c
pcre-8.02/ltmain.sh
pcre-8.02/configure
pcre-8.02/pcregrep.c
pcre-8.02/pcre_dfa_exec.c
pcre-8.02/CMakeLists.txt
pcre-8.02/pcre_newline.c
pcre-8.02/pcre_valid_utf8.c
pcre-8.02/configure.ac
pcre-8.02/pcre_version.c
pcre-8.02/testdata/
pcre-8.02/testdata/testoutput1
pcre-8.02/testdata/testoutput2
pcre-8.02/testdata/testoutput3
pcre-8.02/testdata/testoutput4
pcre-8.02/testdata/testoutput5
pcre-8.02/testdata/testoutput6
pcre-8.02/testdata/testoutput7
pcre-8.02/testdata/testoutput8
pcre-8.02/testdata/testoutput9
pcre-8.02/testdata/testinput10
pcre-8.02/testdata/testinput11
pcre-8.02/testdata/testinput12
pcre-8.02/testdata/testinput1
pcre-8.02/testdata/testinput2
pcre-8.02/testdata/testinput3
pcre-8.02/testdata/testinput4
pcre-8.02/testdata/testinput5
pcre-8.02/testdata/testinput6
pcre-8.02/testdata/testinput7
pcre-8.02/testdata/testinput8
pcre-8.02/testdata/testinput9
pcre-8.02/testdata/greplist
pcre-8.02/testdata/grepinput
pcre-8.02/testdata/testoutput10
pcre-8.02/testdata/testoutput11
pcre-8.02/testdata/testoutput12
pcre-8.02/testdata/grepinput8
pcre-8.02/testdata/grepinputv
pcre-8.02/testdata/grepinputx
pcre-8.02/testdata/grepoutput
pcre-8.02/testdata/grepoutput8
pcre-8.02/testdata/grepoutputN
pcre-8.02/testdata/wintestoutput3
pcre-8.02/testdata/wintestinput3
pcre-8.02/config.guess
pcre-8.02/pcre_try_flipped.c
pcre-8.02/install-sh
pcre-8.02/pcre_ord2utf8.c
pcre-8.02/Detrail
pcre-8.02/pcretest.c
pcre-8.02/RunGrepTest
pcre-8.02/pcre_exec.c
pcre-8.02/config.sub
pcre-8.02/missing
pcre-8.02/dftables.c
pcre-8.02/pcregexp.pas
pcre-8.02/HACKING
pcre-8.02/pcrecpp_internal.h
pcre-8.02/pcre_info.c
pcre-8.02/pcrecpp_unittest.cc
pcre-8.02/pcre_stringpiece.cc
pcre-8.02/config.h.generic
pcre-8.02/Makefile.am
pcre-8.02/Makefile.in
pcre-8.02/NON-UNIX-USE
pcre-8.02/pcre_xclass.c
pcre-8.02/RunTest.bat
pcre-8.02/pcre_study.c
pcre-8.02/pcre_internal.h
pcre-8.02/config.h.in
pcre-8.02/CleanTxt
pcre-8.02/pcre_compile.c
pcre-8.02/RunTest
pcre-8.02/pcrecpparg.h.in
pcre-8.02/makevp_c.txt
pcre-8.02/makevp_l.txt
pcre-8.02/pcre_scanner.cc
pcre-8.02/pcre_config.c
pcre-8.02/AUTHORS
pcre-8.02/pcre_tables.c
pcre-8.02/libpcrecpp.pc.in
pcre-8.02/INSTALL
pcre-8.02/libpcre.pc.in
pcre-8.02/pcre.h.generic
pcre-8.02/config-cmake.h.in
pcre-8.02/pcre_stringpiece_unittest.cc
pcre-8.02/pcre_scanner.h
pcre-8.02/ChangeLog
pcre-8.02/132html
pcre-8.02/libpcreposix.pc.in
pcre-8.02/COPYING
pcre-8.02/pcre_fullinfo.c
pcre-8.02/pcre-config.in
pcre-8.02/pcre_chartables.c.dist
pcre-8.02/pcre_refcount.c
(cd pcre-8.02; \
./configure  --libdir=/home/ualusr2011/ual1220/ual1/tools/lib/linux --includedir=/home/ualusr2011/ual1220/ual1/tools/include --bindir=/home/ualusr2011/ual1220/ual1/tools/bin/linux --mandir=/home/ualusr2011/ual1220/ual1/tools/man --sharedstatedir=/home/ualusr2011/ual1220/ual1/tools/man --docdir=/home/ualusr2011/ual1220/ual1/tools/man ; \
make; \
make install;) 
checking for a BSD-compatible install... /usr/bin/install -c
checking whether build environment is sane... yes
checking for a thread-safe mkdir -p... /usr/bin/mkdir -p
checking for gawk... gawk
checking whether make sets $(MAKE)... yes
checking for gcc... gcc
checking for C compiler default output file name... a.out
checking whether the C compiler works... yes
checking whether we are cross compiling... no
checking for suffix of executables... 
checking for suffix of object files... o
checking whether we are using the GNU C compiler... yes
checking whether gcc accepts -g... yes
checking for gcc option to accept ISO C89... none needed
checking for style of include used by make... GNU
checking dependency style of gcc... gcc3
checking for g++... g++
checking whether we are using the GNU C++ compiler... yes
checking whether g++ accepts -g... yes
checking dependency style of g++... gcc3
checking how to run the C preprocessor... gcc -E
checking for grep that handles long lines and -e... /usr/bin/grep
checking for egrep... /usr/bin/grep -E
checking for ANSI C header files... yes
checking for sys/types.h... yes
checking for sys/stat.h... yes
checking for stdlib.h... yes
checking for string.h... yes
checking for memory.h... yes
checking for strings.h... yes
checking for inttypes.h... yes
checking for stdint.h... yes
checking for unistd.h... yes
checking for int64_t... yes
checking for a BSD-compatible install... /usr/bin/install -c
checking build system type... x86_64-unknown-linux-gnu
checking host system type... x86_64-unknown-linux-gnu
checking for a sed that does not truncate output... /usr/bin/sed
checking for fgrep... /usr/bin/grep -F
checking for ld used by gcc... /usr/bin/ld
checking if the linker (/usr/bin/ld) is GNU ld... yes
checking for BSD- or MS-compatible name lister (nm)... /usr/bin/nm -B
checking the name lister (/usr/bin/nm -B) interface... BSD nm
checking whether ln -s works... yes
checking the maximum length of command line arguments... 1572864
checking whether the shell understands some XSI constructs... yes
checking whether the shell understands "+="... yes
checking for /usr/bin/ld option to reload object files... -r
checking for objdump... objdump
checking how to recognize dependent libraries... pass_all
checking for ar... ar
checking for strip... strip
checking for ranlib... ranlib
checking command to parse /usr/bin/nm -B output from gcc object... ok
checking for dlfcn.h... yes
checking whether we are using the GNU C++ compiler... (cached) yes
checking whether g++ accepts -g... (cached) yes
checking dependency style of g++... (cached) gcc3
checking how to run the C++ preprocessor... g++ -E
checking for objdir... .libs
checking if gcc supports -fno-rtti -fno-exceptions... no
checking for gcc option to produce PIC... -fPIC -DPIC
checking if gcc PIC flag -fPIC -DPIC works... yes
checking if gcc static flag -static works... no
checking if gcc supports -c -o file.o... yes
checking if gcc supports -c -o file.o... (cached) yes
checking whether the gcc linker (/usr/bin/ld -m elf_x86_64) supports shared libraries... yes
checking whether -lc should be explicitly linked in... no
checking dynamic linker characteristics... GNU/Linux ld.so
checking how to hardcode library paths into programs... immediate
checking whether stripping libraries is possible... yes
checking if libtool supports shared libraries... yes
checking whether to build shared libraries... yes
checking whether to build static libraries... yes
checking for ld used by g++... /usr/bin/ld -m elf_x86_64
checking if the linker (/usr/bin/ld -m elf_x86_64) is GNU ld... yes
checking whether the g++ linker (/usr/bin/ld -m elf_x86_64) supports shared libraries... yes
checking for g++ option to produce PIC... -fPIC -DPIC
checking if g++ PIC flag -fPIC -DPIC works... yes
checking if g++ static flag -static works... no
checking if g++ supports -c -o file.o... yes
checking if g++ supports -c -o file.o... (cached) yes
checking whether the g++ linker (/usr/bin/ld -m elf_x86_64) supports shared libraries... yes
checking dynamic linker characteristics... GNU/Linux ld.so
checking how to hardcode library paths into programs... immediate
checking whether ln -s works... yes
checking for ANSI C header files... (cached) yes
checking limits.h usability... yes
checking limits.h presence... yes
checking for limits.h... yes
checking for sys/types.h... (cached) yes
checking for sys/stat.h... (cached) yes
checking dirent.h usability... yes
checking dirent.h presence... yes
checking for dirent.h... yes
checking windows.h usability... no
checking windows.h presence... no
checking for windows.h... no
checking for alias support in the linker... no
checking for alias support in the linker... no
checking string usability... yes
checking string presence... yes
checking for string... yes
checking bits/type_traits.h usability... no
checking bits/type_traits.h presence... no
checking for bits/type_traits.h... no
checking type_traits.h usability... no
checking type_traits.h presence... no
checking for type_traits.h... no
checking for strtoq... yes
checking for long long... yes
checking for unsigned long long... yes
checking for an ANSI C-conforming const... yes
checking for size_t... yes
checking for bcopy... yes
checking for memmove... yes
checking for strerror... yes
checking zlib.h usability... no
checking zlib.h presence... no
checking for zlib.h... no
checking for gzopen in -lz... no
checking bzlib.h usability... no
checking bzlib.h presence... no
checking for bzlib.h... no
checking for libbz2... no
checking readline/readline.h usability... no
checking readline/readline.h presence... no
checking for readline/readline.h... no
checking readline/history.h usability... no
checking readline/history.h presence... no
checking for readline/history.h... no
checking for readline in -lreadline... no
configure: creating ./config.status
config.status: creating Makefile
config.status: creating libpcre.pc
config.status: creating libpcreposix.pc
config.status: creating libpcrecpp.pc
config.status: creating pcre-config
config.status: creating pcre.h
config.status: creating pcre_stringpiece.h
config.status: creating pcrecpparg.h
config.status: creating config.h
config.status: executing depfiles commands
config.status: executing libtool commands
config.status: executing script-chmod commands
config.status: executing delete-old-chartables commands

pcre-8.02 configuration summary:

    Install prefix .................. : /usr/local
    C preprocessor .................. : gcc -E
    C compiler ...................... : gcc
    C++ preprocessor ................ : g++ -E
    C++ compiler .................... : g++
    Linker .......................... : /usr/bin/ld -m elf_x86_64
    C preprocessor flags ............ : 
    C compiler flags ................ : -O2
    C++ compiler flags .............. : -O2
    Linker flags .................... : 
    Extra libraries ................. : 

    Build C++ library ............... : yes
    Enable UTF-8 support ............ : no
    Unicode properties .............. : no
    Newline char/sequence ........... : lf
    \R matches only ANYCRLF ......... : no
    EBCDIC coding ................... : no
    Rebuild char tables ............. : no
    Use stack recursion ............. : yes
    POSIX mem threshold ............. : 10
    Internal link size .............. : 2
    Match limit ..................... : 10000000
    Match limit recursion ........... : MATCH_LIMIT
    Build shared libs ............... : yes
    Build static libs ............... : yes
    Link pcregrep with libz ......... : no
    Link pcregrep with libbz2 ....... : no
    Link pcretest with libreadline .. : no

make[3]: Entering directory `/home/ualusr2011/ual1220/ual1/tools/tars/pcre-8.02'
make  all-am
make[4]: Entering directory `/home/ualusr2011/ual1220/ual1/tools/tars/pcre-8.02'
/bin/sh ./libtool --tag=CC   --mode=compile gcc -DHAVE_CONFIG_H -I.     -O2 -MT pcre_compile.lo -MD -MP -MF .deps/pcre_compile.Tpo -c -o pcre_compile.lo pcre_compile.c
libtool: compile:  gcc -DHAVE_CONFIG_H -I. -O2 -MT pcre_compile.lo -MD -MP -MF .deps/pcre_compile.Tpo -c pcre_compile.c  -fPIC -DPIC -o .libs/pcre_compile.o
libtool: compile:  gcc -DHAVE_CONFIG_H -I. -O2 -MT pcre_compile.lo -MD -MP -MF .deps/pcre_compile.Tpo -c pcre_compile.c -o pcre_compile.o >/dev/null 2>&1
mv -f .deps/pcre_compile.Tpo .deps/pcre_compile.Plo
/bin/sh ./libtool --tag=CC   --mode=compile gcc -DHAVE_CONFIG_H -I.     -O2 -MT pcre_config.lo -MD -MP -MF .deps/pcre_config.Tpo -c -o pcre_config.lo pcre_config.c
libtool: compile:  gcc -DHAVE_CONFIG_H -I. -O2 -MT pcre_config.lo -MD -MP -MF .deps/pcre_config.Tpo -c pcre_config.c  -fPIC -DPIC -o .libs/pcre_config.o
libtool: compile:  gcc -DHAVE_CONFIG_H -I. -O2 -MT pcre_config.lo -MD -MP -MF .deps/pcre_config.Tpo -c pcre_config.c -o pcre_config.o >/dev/null 2>&1
mv -f .deps/pcre_config.Tpo .deps/pcre_config.Plo
/bin/sh ./libtool --tag=CC   --mode=compile gcc -DHAVE_CONFIG_H -I.     -O2 -MT pcre_dfa_exec.lo -MD -MP -MF .deps/pcre_dfa_exec.Tpo -c -o pcre_dfa_exec.lo pcre_dfa_exec.c
libtool: compile:  gcc -DHAVE_CONFIG_H -I. -O2 -MT pcre_dfa_exec.lo -MD -MP -MF .deps/pcre_dfa_exec.Tpo -c pcre_dfa_exec.c  -fPIC -DPIC -o .libs/pcre_dfa_exec.o
libtool: compile:  gcc -DHAVE_CONFIG_H -I. -O2 -MT pcre_dfa_exec.lo -MD -MP -MF .deps/pcre_dfa_exec.Tpo -c pcre_dfa_exec.c -o pcre_dfa_exec.o >/dev/null 2>&1
mv -f .deps/pcre_dfa_exec.Tpo .deps/pcre_dfa_exec.Plo
/bin/sh ./libtool --tag=CC   --mode=compile gcc -DHAVE_CONFIG_H -I.     -O2 -MT pcre_exec.lo -MD -MP -MF .deps/pcre_exec.Tpo -c -o pcre_exec.lo pcre_exec.c
libtool: compile:  gcc -DHAVE_CONFIG_H -I. -O2 -MT pcre_exec.lo -MD -MP -MF .deps/pcre_exec.Tpo -c pcre_exec.c  -fPIC -DPIC -o .libs/pcre_exec.o
libtool: compile:  gcc -DHAVE_CONFIG_H -I. -O2 -MT pcre_exec.lo -MD -MP -MF .deps/pcre_exec.Tpo -c pcre_exec.c -o pcre_exec.o >/dev/null 2>&1
mv -f .deps/pcre_exec.Tpo .deps/pcre_exec.Plo
/bin/sh ./libtool --tag=CC   --mode=compile gcc -DHAVE_CONFIG_H -I.     -O2 -MT pcre_fullinfo.lo -MD -MP -MF .deps/pcre_fullinfo.Tpo -c -o pcre_fullinfo.lo pcre_fullinfo.c
libtool: compile:  gcc -DHAVE_CONFIG_H -I. -O2 -MT pcre_fullinfo.lo -MD -MP -MF .deps/pcre_fullinfo.Tpo -c pcre_fullinfo.c  -fPIC -DPIC -o .libs/pcre_fullinfo.o
libtool: compile:  gcc -DHAVE_CONFIG_H -I. -O2 -MT pcre_fullinfo.lo -MD -MP -MF .deps/pcre_fullinfo.Tpo -c pcre_fullinfo.c -o pcre_fullinfo.o >/dev/null 2>&1
mv -f .deps/pcre_fullinfo.Tpo .deps/pcre_fullinfo.Plo
/bin/sh ./libtool --tag=CC   --mode=compile gcc -DHAVE_CONFIG_H -I.     -O2 -MT pcre_get.lo -MD -MP -MF .deps/pcre_get.Tpo -c -o pcre_get.lo pcre_get.c
libtool: compile:  gcc -DHAVE_CONFIG_H -I. -O2 -MT pcre_get.lo -MD -MP -MF .deps/pcre_get.Tpo -c pcre_get.c  -fPIC -DPIC -o .libs/pcre_get.o
libtool: compile:  gcc -DHAVE_CONFIG_H -I. -O2 -MT pcre_get.lo -MD -MP -MF .deps/pcre_get.Tpo -c pcre_get.c -o pcre_get.o >/dev/null 2>&1
mv -f .deps/pcre_get.Tpo .deps/pcre_get.Plo
/bin/sh ./libtool --tag=CC   --mode=compile gcc -DHAVE_CONFIG_H -I.     -O2 -MT pcre_globals.lo -MD -MP -MF .deps/pcre_globals.Tpo -c -o pcre_globals.lo pcre_globals.c
libtool: compile:  gcc -DHAVE_CONFIG_H -I. -O2 -MT pcre_globals.lo -MD -MP -MF .deps/pcre_globals.Tpo -c pcre_globals.c  -fPIC -DPIC -o .libs/pcre_globals.o
libtool: compile:  gcc -DHAVE_CONFIG_H -I. -O2 -MT pcre_globals.lo -MD -MP -MF .deps/pcre_globals.Tpo -c pcre_globals.c -o pcre_globals.o >/dev/null 2>&1
mv -f .deps/pcre_globals.Tpo .deps/pcre_globals.Plo
/bin/sh ./libtool --tag=CC   --mode=compile gcc -DHAVE_CONFIG_H -I.     -O2 -MT pcre_info.lo -MD -MP -MF .deps/pcre_info.Tpo -c -o pcre_info.lo pcre_info.c
libtool: compile:  gcc -DHAVE_CONFIG_H -I. -O2 -MT pcre_info.lo -MD -MP -MF .deps/pcre_info.Tpo -c pcre_info.c  -fPIC -DPIC -o .libs/pcre_info.o
libtool: compile:  gcc -DHAVE_CONFIG_H -I. -O2 -MT pcre_info.lo -MD -MP -MF .deps/pcre_info.Tpo -c pcre_info.c -o pcre_info.o >/dev/null 2>&1
mv -f .deps/pcre_info.Tpo .deps/pcre_info.Plo
/bin/sh ./libtool --tag=CC   --mode=compile gcc -DHAVE_CONFIG_H -I.     -O2 -MT pcre_maketables.lo -MD -MP -MF .deps/pcre_maketables.Tpo -c -o pcre_maketables.lo pcre_maketables.c
libtool: compile:  gcc -DHAVE_CONFIG_H -I. -O2 -MT pcre_maketables.lo -MD -MP -MF .deps/pcre_maketables.Tpo -c pcre_maketables.c  -fPIC -DPIC -o .libs/pcre_maketables.o
libtool: compile:  gcc -DHAVE_CONFIG_H -I. -O2 -MT pcre_maketables.lo -MD -MP -MF .deps/pcre_maketables.Tpo -c pcre_maketables.c -o pcre_maketables.o >/dev/null 2>&1
mv -f .deps/pcre_maketables.Tpo .deps/pcre_maketables.Plo
/bin/sh ./libtool --tag=CC   --mode=compile gcc -DHAVE_CONFIG_H -I.     -O2 -MT pcre_newline.lo -MD -MP -MF .deps/pcre_newline.Tpo -c -o pcre_newline.lo pcre_newline.c
libtool: compile:  gcc -DHAVE_CONFIG_H -I. -O2 -MT pcre_newline.lo -MD -MP -MF .deps/pcre_newline.Tpo -c pcre_newline.c  -fPIC -DPIC -o .libs/pcre_newline.o
libtool: compile:  gcc -DHAVE_CONFIG_H -I. -O2 -MT pcre_newline.lo -MD -MP -MF .deps/pcre_newline.Tpo -c pcre_newline.c -o pcre_newline.o >/dev/null 2>&1
mv -f .deps/pcre_newline.Tpo .deps/pcre_newline.Plo
/bin/sh ./libtool --tag=CC   --mode=compile gcc -DHAVE_CONFIG_H -I.     -O2 -MT pcre_ord2utf8.lo -MD -MP -MF .deps/pcre_ord2utf8.Tpo -c -o pcre_ord2utf8.lo pcre_ord2utf8.c
libtool: compile:  gcc -DHAVE_CONFIG_H -I. -O2 -MT pcre_ord2utf8.lo -MD -MP -MF .deps/pcre_ord2utf8.Tpo -c pcre_ord2utf8.c  -fPIC -DPIC -o .libs/pcre_ord2utf8.o
libtool: compile:  gcc -DHAVE_CONFIG_H -I. -O2 -MT pcre_ord2utf8.lo -MD -MP -MF .deps/pcre_ord2utf8.Tpo -c pcre_ord2utf8.c -o pcre_ord2utf8.o >/dev/null 2>&1
mv -f .deps/pcre_ord2utf8.Tpo .deps/pcre_ord2utf8.Plo
/bin/sh ./libtool --tag=CC   --mode=compile gcc -DHAVE_CONFIG_H -I.     -O2 -MT pcre_refcount.lo -MD -MP -MF .deps/pcre_refcount.Tpo -c -o pcre_refcount.lo pcre_refcount.c
libtool: compile:  gcc -DHAVE_CONFIG_H -I. -O2 -MT pcre_refcount.lo -MD -MP -MF .deps/pcre_refcount.Tpo -c pcre_refcount.c  -fPIC -DPIC -o .libs/pcre_refcount.o
libtool: compile:  gcc -DHAVE_CONFIG_H -I. -O2 -MT pcre_refcount.lo -MD -MP -MF .deps/pcre_refcount.Tpo -c pcre_refcount.c -o pcre_refcount.o >/dev/null 2>&1
mv -f .deps/pcre_refcount.Tpo .deps/pcre_refcount.Plo
/bin/sh ./libtool --tag=CC   --mode=compile gcc -DHAVE_CONFIG_H -I.     -O2 -MT pcre_study.lo -MD -MP -MF .deps/pcre_study.Tpo -c -o pcre_study.lo pcre_study.c
libtool: compile:  gcc -DHAVE_CONFIG_H -I. -O2 -MT pcre_study.lo -MD -MP -MF .deps/pcre_study.Tpo -c pcre_study.c  -fPIC -DPIC -o .libs/pcre_study.o
libtool: compile:  gcc -DHAVE_CONFIG_H -I. -O2 -MT pcre_study.lo -MD -MP -MF .deps/pcre_study.Tpo -c pcre_study.c -o pcre_study.o >/dev/null 2>&1
mv -f .deps/pcre_study.Tpo .deps/pcre_study.Plo
/bin/sh ./libtool --tag=CC   --mode=compile gcc -DHAVE_CONFIG_H -I.     -O2 -MT pcre_tables.lo -MD -MP -MF .deps/pcre_tables.Tpo -c -o pcre_tables.lo pcre_tables.c
libtool: compile:  gcc -DHAVE_CONFIG_H -I. -O2 -MT pcre_tables.lo -MD -MP -MF .deps/pcre_tables.Tpo -c pcre_tables.c  -fPIC -DPIC -o .libs/pcre_tables.o
libtool: compile:  gcc -DHAVE_CONFIG_H -I. -O2 -MT pcre_tables.lo -MD -MP -MF .deps/pcre_tables.Tpo -c pcre_tables.c -o pcre_tables.o >/dev/null 2>&1
mv -f .deps/pcre_tables.Tpo .deps/pcre_tables.Plo
/bin/sh ./libtool --tag=CC   --mode=compile gcc -DHAVE_CONFIG_H -I.     -O2 -MT pcre_try_flipped.lo -MD -MP -MF .deps/pcre_try_flipped.Tpo -c -o pcre_try_flipped.lo pcre_try_flipped.c
libtool: compile:  gcc -DHAVE_CONFIG_H -I. -O2 -MT pcre_try_flipped.lo -MD -MP -MF .deps/pcre_try_flipped.Tpo -c pcre_try_flipped.c  -fPIC -DPIC -o .libs/pcre_try_flipped.o
libtool: compile:  gcc -DHAVE_CONFIG_H -I. -O2 -MT pcre_try_flipped.lo -MD -MP -MF .deps/pcre_try_flipped.Tpo -c pcre_try_flipped.c -o pcre_try_flipped.o >/dev/null 2>&1
mv -f .deps/pcre_try_flipped.Tpo .deps/pcre_try_flipped.Plo
/bin/sh ./libtool --tag=CC   --mode=compile gcc -DHAVE_CONFIG_H -I.     -O2 -MT pcre_ucd.lo -MD -MP -MF .deps/pcre_ucd.Tpo -c -o pcre_ucd.lo pcre_ucd.c
libtool: compile:  gcc -DHAVE_CONFIG_H -I. -O2 -MT pcre_ucd.lo -MD -MP -MF .deps/pcre_ucd.Tpo -c pcre_ucd.c  -fPIC -DPIC -o .libs/pcre_ucd.o
libtool: compile:  gcc -DHAVE_CONFIG_H -I. -O2 -MT pcre_ucd.lo -MD -MP -MF .deps/pcre_ucd.Tpo -c pcre_ucd.c -o pcre_ucd.o >/dev/null 2>&1
mv -f .deps/pcre_ucd.Tpo .deps/pcre_ucd.Plo
/bin/sh ./libtool --tag=CC   --mode=compile gcc -DHAVE_CONFIG_H -I.     -O2 -MT pcre_valid_utf8.lo -MD -MP -MF .deps/pcre_valid_utf8.Tpo -c -o pcre_valid_utf8.lo pcre_valid_utf8.c
libtool: compile:  gcc -DHAVE_CONFIG_H -I. -O2 -MT pcre_valid_utf8.lo -MD -MP -MF .deps/pcre_valid_utf8.Tpo -c pcre_valid_utf8.c  -fPIC -DPIC -o .libs/pcre_valid_utf8.o
libtool: compile:  gcc -DHAVE_CONFIG_H -I. -O2 -MT pcre_valid_utf8.lo -MD -MP -MF .deps/pcre_valid_utf8.Tpo -c pcre_valid_utf8.c -o pcre_valid_utf8.o >/dev/null 2>&1
mv -f .deps/pcre_valid_utf8.Tpo .deps/pcre_valid_utf8.Plo
/bin/sh ./libtool --tag=CC   --mode=compile gcc -DHAVE_CONFIG_H -I.     -O2 -MT pcre_version.lo -MD -MP -MF .deps/pcre_version.Tpo -c -o pcre_version.lo pcre_version.c
libtool: compile:  gcc -DHAVE_CONFIG_H -I. -O2 -MT pcre_version.lo -MD -MP -MF .deps/pcre_version.Tpo -c pcre_version.c  -fPIC -DPIC -o .libs/pcre_version.o
libtool: compile:  gcc -DHAVE_CONFIG_H -I. -O2 -MT pcre_version.lo -MD -MP -MF .deps/pcre_version.Tpo -c pcre_version.c -o pcre_version.o >/dev/null 2>&1
mv -f .deps/pcre_version.Tpo .deps/pcre_version.Plo
/bin/sh ./libtool --tag=CC   --mode=compile gcc -DHAVE_CONFIG_H -I.     -O2 -MT pcre_xclass.lo -MD -MP -MF .deps/pcre_xclass.Tpo -c -o pcre_xclass.lo pcre_xclass.c
libtool: compile:  gcc -DHAVE_CONFIG_H -I. -O2 -MT pcre_xclass.lo -MD -MP -MF .deps/pcre_xclass.Tpo -c pcre_xclass.c  -fPIC -DPIC -o .libs/pcre_xclass.o
libtool: compile:  gcc -DHAVE_CONFIG_H -I. -O2 -MT pcre_xclass.lo -MD -MP -MF .deps/pcre_xclass.Tpo -c pcre_xclass.c -o pcre_xclass.o >/dev/null 2>&1
mv -f .deps/pcre_xclass.Tpo .deps/pcre_xclass.Plo
rm -f pcre_chartables.c
ln -s ./pcre_chartables.c.dist pcre_chartables.c
/bin/sh ./libtool --tag=CC   --mode=compile gcc -DHAVE_CONFIG_H -I.     -O2 -MT pcre_chartables.lo -MD -MP -MF .deps/pcre_chartables.Tpo -c -o pcre_chartables.lo pcre_chartables.c
libtool: compile:  gcc -DHAVE_CONFIG_H -I. -O2 -MT pcre_chartables.lo -MD -MP -MF .deps/pcre_chartables.Tpo -c pcre_chartables.c  -fPIC -DPIC -o .libs/pcre_chartables.o
libtool: compile:  gcc -DHAVE_CONFIG_H -I. -O2 -MT pcre_chartables.lo -MD -MP -MF .deps/pcre_chartables.Tpo -c pcre_chartables.c -o pcre_chartables.o >/dev/null 2>&1
mv -f .deps/pcre_chartables.Tpo .deps/pcre_chartables.Plo
/bin/sh ./libtool --tag=CC   --mode=link gcc  -O2 -version-info 0:1:0  -o libpcre.la -rpath /home/ualusr2011/ual1220/ual1/tools/lib/linux pcre_compile.lo pcre_config.lo pcre_dfa_exec.lo pcre_exec.lo pcre_fullinfo.lo pcre_get.lo pcre_globals.lo pcre_info.lo pcre_maketables.lo pcre_newline.lo pcre_ord2utf8.lo pcre_refcount.lo pcre_study.lo pcre_tables.lo pcre_try_flipped.lo pcre_ucd.lo pcre_valid_utf8.lo pcre_version.lo pcre_xclass.lo pcre_chartables.lo  
libtool: link: gcc -shared  .libs/pcre_compile.o .libs/pcre_config.o .libs/pcre_dfa_exec.o .libs/pcre_exec.o .libs/pcre_fullinfo.o .libs/pcre_get.o .libs/pcre_globals.o .libs/pcre_info.o .libs/pcre_maketables.o .libs/pcre_newline.o .libs/pcre_ord2utf8.o .libs/pcre_refcount.o .libs/pcre_study.o .libs/pcre_tables.o .libs/pcre_try_flipped.o .libs/pcre_ucd.o .libs/pcre_valid_utf8.o .libs/pcre_version.o .libs/pcre_xclass.o .libs/pcre_chartables.o      -Wl,-soname -Wl,libpcre.so.0 -o .libs/libpcre.so.0.0.1
libtool: link: (cd ".libs" && rm -f "libpcre.so.0" && ln -s "libpcre.so.0.0.1" "libpcre.so.0")
libtool: link: (cd ".libs" && rm -f "libpcre.so" && ln -s "libpcre.so.0.0.1" "libpcre.so")
libtool: link: ar cru .libs/libpcre.a  pcre_compile.o pcre_config.o pcre_dfa_exec.o pcre_exec.o pcre_fullinfo.o pcre_get.o pcre_globals.o pcre_info.o pcre_maketables.o pcre_newline.o pcre_ord2utf8.o pcre_refcount.o pcre_study.o pcre_tables.o pcre_try_flipped.o pcre_ucd.o pcre_valid_utf8.o pcre_version.o pcre_xclass.o pcre_chartables.o
libtool: link: ranlib .libs/libpcre.a
libtool: link: ( cd ".libs" && rm -f "libpcre.la" && ln -s "../libpcre.la" "libpcre.la" )
/bin/sh ./libtool --tag=CC   --mode=compile gcc -DHAVE_CONFIG_H -I.     -O2 -MT pcreposix.lo -MD -MP -MF .deps/pcreposix.Tpo -c -o pcreposix.lo pcreposix.c
libtool: compile:  gcc -DHAVE_CONFIG_H -I. -O2 -MT pcreposix.lo -MD -MP -MF .deps/pcreposix.Tpo -c pcreposix.c  -fPIC -DPIC -o .libs/pcreposix.o
libtool: compile:  gcc -DHAVE_CONFIG_H -I. -O2 -MT pcreposix.lo -MD -MP -MF .deps/pcreposix.Tpo -c pcreposix.c -o pcreposix.o >/dev/null 2>&1
mv -f .deps/pcreposix.Tpo .deps/pcreposix.Plo
/bin/sh ./libtool --tag=CC   --mode=link gcc  -O2 -version-info 0:0:0  -o libpcreposix.la -rpath /home/ualusr2011/ual1220/ual1/tools/lib/linux pcreposix.lo libpcre.la 
libtool: link: gcc -shared  .libs/pcreposix.o   -Wl,-rpath -Wl,/home/ualusr2011/ual1220/ual1/tools/tars/pcre-8.02/.libs -Wl,-rpath -Wl,/home/ualusr2011/ual1220/ual1/tools/lib/linux ./.libs/libpcre.so    -Wl,-soname -Wl,libpcreposix.so.0 -o .libs/libpcreposix.so.0.0.0
libtool: link: (cd ".libs" && rm -f "libpcreposix.so.0" && ln -s "libpcreposix.so.0.0.0" "libpcreposix.so.0")
libtool: link: (cd ".libs" && rm -f "libpcreposix.so" && ln -s "libpcreposix.so.0.0.0" "libpcreposix.so")
libtool: link: ar cru .libs/libpcreposix.a  pcreposix.o
libtool: link: ranlib .libs/libpcreposix.a
libtool: link: ( cd ".libs" && rm -f "libpcreposix.la" && ln -s "../libpcreposix.la" "libpcreposix.la" )
/bin/sh ./libtool --tag=CXX   --mode=compile g++ -DHAVE_CONFIG_H -I.     -O2 -MT pcrecpp.lo -MD -MP -MF .deps/pcrecpp.Tpo -c -o pcrecpp.lo pcrecpp.cc
libtool: compile:  g++ -DHAVE_CONFIG_H -I. -O2 -MT pcrecpp.lo -MD -MP -MF .deps/pcrecpp.Tpo -c pcrecpp.cc  -fPIC -DPIC -o .libs/pcrecpp.o
libtool: compile:  g++ -DHAVE_CONFIG_H -I. -O2 -MT pcrecpp.lo -MD -MP -MF .deps/pcrecpp.Tpo -c pcrecpp.cc -o pcrecpp.o >/dev/null 2>&1
mv -f .deps/pcrecpp.Tpo .deps/pcrecpp.Plo
/bin/sh ./libtool --tag=CXX   --mode=compile g++ -DHAVE_CONFIG_H -I.     -O2 -MT pcre_scanner.lo -MD -MP -MF .deps/pcre_scanner.Tpo -c -o pcre_scanner.lo pcre_scanner.cc
libtool: compile:  g++ -DHAVE_CONFIG_H -I. -O2 -MT pcre_scanner.lo -MD -MP -MF .deps/pcre_scanner.Tpo -c pcre_scanner.cc  -fPIC -DPIC -o .libs/pcre_scanner.o
libtool: compile:  g++ -DHAVE_CONFIG_H -I. -O2 -MT pcre_scanner.lo -MD -MP -MF .deps/pcre_scanner.Tpo -c pcre_scanner.cc -o pcre_scanner.o >/dev/null 2>&1
mv -f .deps/pcre_scanner.Tpo .deps/pcre_scanner.Plo
/bin/sh ./libtool --tag=CXX   --mode=compile g++ -DHAVE_CONFIG_H -I.     -O2 -MT pcre_stringpiece.lo -MD -MP -MF .deps/pcre_stringpiece.Tpo -c -o pcre_stringpiece.lo pcre_stringpiece.cc
libtool: compile:  g++ -DHAVE_CONFIG_H -I. -O2 -MT pcre_stringpiece.lo -MD -MP -MF .deps/pcre_stringpiece.Tpo -c pcre_stringpiece.cc  -fPIC -DPIC -o .libs/pcre_stringpiece.o
libtool: compile:  g++ -DHAVE_CONFIG_H -I. -O2 -MT pcre_stringpiece.lo -MD -MP -MF .deps/pcre_stringpiece.Tpo -c pcre_stringpiece.cc -o pcre_stringpiece.o >/dev/null 2>&1
mv -f .deps/pcre_stringpiece.Tpo .deps/pcre_stringpiece.Plo
/bin/sh ./libtool --tag=CXX   --mode=link g++  -O2 -version-info 0:0:0                             -o libpcrecpp.la -rpath /home/ualusr2011/ual1220/ual1/tools/lib/linux pcrecpp.lo pcre_scanner.lo pcre_stringpiece.lo libpcre.la 
libtool: link: g++ -shared -nostdlib /usr/lib/gcc/x86_64-redhat-linux/4.8.5/../../../../lib64/crti.o /usr/lib/gcc/x86_64-redhat-linux/4.8.5/crtbeginS.o  .libs/pcrecpp.o .libs/pcre_scanner.o .libs/pcre_stringpiece.o   -Wl,-rpath -Wl,/home/ualusr2011/ual1220/ual1/tools/tars/pcre-8.02/.libs -Wl,-rpath -Wl,/home/ualusr2011/ual1220/ual1/tools/lib/linux ./.libs/libpcre.so -L/usr/lib/gcc/x86_64-redhat-linux/4.8.5 -L/usr/lib/gcc/x86_64-redhat-linux/4.8.5/../../../../lib64 -L/lib/../lib64 -L/usr/lib/../lib64 -L/usr/lib/gcc/x86_64-redhat-linux/4.8.5/../../.. -lstdc++ -lm -lc -lgcc_s /usr/lib/gcc/x86_64-redhat-linux/4.8.5/crtendS.o /usr/lib/gcc/x86_64-redhat-linux/4.8.5/../../../../lib64/crtn.o    -Wl,-soname -Wl,libpcrecpp.so.0 -o .libs/libpcrecpp.so.0.0.0
libtool: link: (cd ".libs" && rm -f "libpcrecpp.so.0" && ln -s "libpcrecpp.so.0.0.0" "libpcrecpp.so.0")
libtool: link: (cd ".libs" && rm -f "libpcrecpp.so" && ln -s "libpcrecpp.so.0.0.0" "libpcrecpp.so")
libtool: link: ar cru .libs/libpcrecpp.a  pcrecpp.o pcre_scanner.o pcre_stringpiece.o
libtool: link: ranlib .libs/libpcrecpp.a
libtool: link: ( cd ".libs" && rm -f "libpcrecpp.la" && ln -s "../libpcrecpp.la" "libpcrecpp.la" )
gcc -DHAVE_CONFIG_H -I.     -O2 -MT pcretest.o -MD -MP -MF .deps/pcretest.Tpo -c -o pcretest.o pcretest.c
mv -f .deps/pcretest.Tpo .deps/pcretest.Po
/bin/sh ./libtool --tag=CC   --mode=link gcc  -O2   -o pcretest pcretest.o libpcreposix.la  
libtool: link: gcc -O2 -o .libs/pcretest pcretest.o  ./.libs/libpcreposix.so /home/ualusr2011/ual1220/ual1/tools/tars/pcre-8.02/.libs/libpcre.so -Wl,-rpath -Wl,/home/ualusr2011/ual1220/ual1/tools/lib/linux
gcc -DHAVE_CONFIG_H -I.     -O2 -MT pcregrep.o -MD -MP -MF .deps/pcregrep.Tpo -c -o pcregrep.o pcregrep.c
mv -f .deps/pcregrep.Tpo .deps/pcregrep.Po
/bin/sh ./libtool --tag=CC   --mode=link gcc  -O2   -o pcregrep pcregrep.o libpcreposix.la   
libtool: link: gcc -O2 -o .libs/pcregrep pcregrep.o  ./.libs/libpcreposix.so /home/ualusr2011/ual1220/ual1/tools/tars/pcre-8.02/.libs/libpcre.so -Wl,-rpath -Wl,/home/ualusr2011/ual1220/ual1/tools/lib/linux
g++ -DHAVE_CONFIG_H -I.     -O2 -MT pcrecpp_unittest.o -MD -MP -MF .deps/pcrecpp_unittest.Tpo -c -o pcrecpp_unittest.o pcrecpp_unittest.cc
mv -f .deps/pcrecpp_unittest.Tpo .deps/pcrecpp_unittest.Po
/bin/sh ./libtool --tag=CXX   --mode=link g++  -O2   -o pcrecpp_unittest pcrecpp_unittest.o libpcrecpp.la 
libtool: link: g++ -O2 -o .libs/pcrecpp_unittest pcrecpp_unittest.o  ./.libs/libpcrecpp.so /home/ualusr2011/ual1220/ual1/tools/tars/pcre-8.02/.libs/libpcre.so -Wl,-rpath -Wl,/home/ualusr2011/ual1220/ual1/tools/lib/linux
g++ -DHAVE_CONFIG_H -I.     -O2 -MT pcre_scanner_unittest.o -MD -MP -MF .deps/pcre_scanner_unittest.Tpo -c -o pcre_scanner_unittest.o pcre_scanner_unittest.cc
mv -f .deps/pcre_scanner_unittest.Tpo .deps/pcre_scanner_unittest.Po
/bin/sh ./libtool --tag=CXX   --mode=link g++  -O2   -o pcre_scanner_unittest pcre_scanner_unittest.o libpcrecpp.la 
libtool: link: g++ -O2 -o .libs/pcre_scanner_unittest pcre_scanner_unittest.o  ./.libs/libpcrecpp.so /home/ualusr2011/ual1220/ual1/tools/tars/pcre-8.02/.libs/libpcre.so -Wl,-rpath -Wl,/home/ualusr2011/ual1220/ual1/tools/lib/linux
g++ -DHAVE_CONFIG_H -I.     -O2 -MT pcre_stringpiece_unittest.o -MD -MP -MF .deps/pcre_stringpiece_unittest.Tpo -c -o pcre_stringpiece_unittest.o pcre_stringpiece_unittest.cc
mv -f .deps/pcre_stringpiece_unittest.Tpo .deps/pcre_stringpiece_unittest.Po
/bin/sh ./libtool --tag=CXX   --mode=link g++  -O2   -o pcre_stringpiece_unittest pcre_stringpiece_unittest.o libpcrecpp.la 
libtool: link: g++ -O2 -o .libs/pcre_stringpiece_unittest pcre_stringpiece_unittest.o  ./.libs/libpcrecpp.so /home/ualusr2011/ual1220/ual1/tools/tars/pcre-8.02/.libs/libpcre.so -Wl,-rpath -Wl,/home/ualusr2011/ual1220/ual1/tools/lib/linux
make[4]: Leaving directory `/home/ualusr2011/ual1220/ual1/tools/tars/pcre-8.02'
make[3]: Leaving directory `/home/ualusr2011/ual1220/ual1/tools/tars/pcre-8.02'
make[3]: Entering directory `/home/ualusr2011/ual1220/ual1/tools/tars/pcre-8.02'
make[4]: Entering directory `/home/ualusr2011/ual1220/ual1/tools/tars/pcre-8.02'
test -z "/home/ualusr2011/ual1220/ual1/tools/lib/linux" || /usr/bin/mkdir -p "/home/ualusr2011/ual1220/ual1/tools/lib/linux"
 /bin/sh ./libtool   --mode=install /usr/bin/install -c  'libpcre.la' '/home/ualusr2011/ual1220/ual1/tools/lib/linux/libpcre.la'
libtool: install: /usr/bin/install -c .libs/libpcre.so.0.0.1 /home/ualusr2011/ual1220/ual1/tools/lib/linux/libpcre.so.0.0.1
libtool: install: (cd /home/ualusr2011/ual1220/ual1/tools/lib/linux && { ln -s -f libpcre.so.0.0.1 libpcre.so.0 || { rm -f libpcre.so.0 && ln -s libpcre.so.0.0.1 libpcre.so.0; }; })
libtool: install: (cd /home/ualusr2011/ual1220/ual1/tools/lib/linux && { ln -s -f libpcre.so.0.0.1 libpcre.so || { rm -f libpcre.so && ln -s libpcre.so.0.0.1 libpcre.so; }; })
libtool: install: /usr/bin/install -c .libs/libpcre.lai /home/ualusr2011/ual1220/ual1/tools/lib/linux/libpcre.la
libtool: install: /usr/bin/install -c .libs/libpcre.a /home/ualusr2011/ual1220/ual1/tools/lib/linux/libpcre.a
libtool: install: chmod 644 /home/ualusr2011/ual1220/ual1/tools/lib/linux/libpcre.a
libtool: install: ranlib /home/ualusr2011/ual1220/ual1/tools/lib/linux/libpcre.a
libtool: finish: PATH="/home/ualusr2011/ual1220/ual1/tools/bin/linux/:/home/ualusr2011/ual1206/ual1/tools/bin/linux/:/usr/local/bin:/usr/local/sbin:/usr/bin:/usr/sbin:/bin:/sbin:/usr/bin:/home/ualusr2011/ual1206/ual1/ext/PAC/bin/linux:/usr/bin:/home/ualusr2011/ual1220/ual1/ext/PAC/bin/linux:/sbin" ldconfig -n /home/ualusr2011/ual1220/ual1/tools/lib/linux
ldconfig: /home/ualusr2011/ual1220/ual1/tools/lib/linux/libxerces-depdom.so.27 is not a symbolic link

ldconfig: /home/ualusr2011/ual1220/ual1/tools/lib/linux/libxerces-c.so.27 is not a symbolic link

----------------------------------------------------------------------
Libraries have been installed in:
   /home/ualusr2011/ual1220/ual1/tools/lib/linux

If you ever happen to want to link against installed libraries
in a given directory, LIBDIR, you must either use libtool, and
specify the full pathname of the library, or use the `-LLIBDIR'
flag during linking and do at least one of the following:
   - add LIBDIR to the `LD_LIBRARY_PATH' environment variable
     during execution
   - add LIBDIR to the `LD_RUN_PATH' environment variable
     during linking
   - use the `-Wl,-rpath -Wl,LIBDIR' linker flag
   - have your system administrator add LIBDIR to `/etc/ld.so.conf'

See any operating system documentation about shared libraries for
more information, such as the ld(1) and ld.so(8) manual pages.
----------------------------------------------------------------------
 /bin/sh ./libtool   --mode=install /usr/bin/install -c  'libpcreposix.la' '/home/ualusr2011/ual1220/ual1/tools/lib/linux/libpcreposix.la'
libtool: install: warning: relinking `libpcreposix.la'
libtool: install: (cd /home/ualusr2011/ual1220/ual1/tools/tars/pcre-8.02; /bin/sh /home/ualusr2011/ual1220/ual1/tools/tars/pcre-8.02/libtool  --tag CC --mode=relink gcc -O2 -version-info 0:0:0 -o libpcreposix.la -rpath /home/ualusr2011/ual1220/ual1/tools/lib/linux pcreposix.lo libpcre.la )
libtool: relink: gcc -shared  .libs/pcreposix.o   -Wl,-rpath -Wl,/home/ualusr2011/ual1220/ual1/tools/lib/linux -L/home/ualusr2011/ual1220/ual1/tools/lib/linux -lpcre    -Wl,-soname -Wl,libpcreposix.so.0 -o .libs/libpcreposix.so.0.0.0
libtool: install: /usr/bin/install -c .libs/libpcreposix.so.0.0.0T /home/ualusr2011/ual1220/ual1/tools/lib/linux/libpcreposix.so.0.0.0
libtool: install: (cd /home/ualusr2011/ual1220/ual1/tools/lib/linux && { ln -s -f libpcreposix.so.0.0.0 libpcreposix.so.0 || { rm -f libpcreposix.so.0 && ln -s libpcreposix.so.0.0.0 libpcreposix.so.0; }; })
libtool: install: (cd /home/ualusr2011/ual1220/ual1/tools/lib/linux && { ln -s -f libpcreposix.so.0.0.0 libpcreposix.so || { rm -f libpcreposix.so && ln -s libpcreposix.so.0.0.0 libpcreposix.so; }; })
libtool: install: /usr/bin/install -c .libs/libpcreposix.lai /home/ualusr2011/ual1220/ual1/tools/lib/linux/libpcreposix.la
libtool: install: /usr/bin/install -c .libs/libpcreposix.a /home/ualusr2011/ual1220/ual1/tools/lib/linux/libpcreposix.a
libtool: install: chmod 644 /home/ualusr2011/ual1220/ual1/tools/lib/linux/libpcreposix.a
libtool: install: ranlib /home/ualusr2011/ual1220/ual1/tools/lib/linux/libpcreposix.a
libtool: finish: PATH="/home/ualusr2011/ual1220/ual1/tools/bin/linux/:/home/ualusr2011/ual1206/ual1/tools/bin/linux/:/usr/local/bin:/usr/local/sbin:/usr/bin:/usr/sbin:/bin:/sbin:/usr/bin:/home/ualusr2011/ual1206/ual1/ext/PAC/bin/linux:/usr/bin:/home/ualusr2011/ual1220/ual1/ext/PAC/bin/linux:/sbin" ldconfig -n /home/ualusr2011/ual1220/ual1/tools/lib/linux
ldconfig: /home/ualusr2011/ual1220/ual1/tools/lib/linux/libxerces-depdom.so.27 is not a symbolic link

ldconfig: /home/ualusr2011/ual1220/ual1/tools/lib/linux/libxerces-c.so.27 is not a symbolic link

----------------------------------------------------------------------
Libraries have been installed in:
   /home/ualusr2011/ual1220/ual1/tools/lib/linux

If you ever happen to want to link against installed libraries
in a given directory, LIBDIR, you must either use libtool, and
specify the full pathname of the library, or use the `-LLIBDIR'
flag during linking and do at least one of the following:
   - add LIBDIR to the `LD_LIBRARY_PATH' environment variable
     during execution
   - add LIBDIR to the `LD_RUN_PATH' environment variable
     during linking
   - use the `-Wl,-rpath -Wl,LIBDIR' linker flag
   - have your system administrator add LIBDIR to `/etc/ld.so.conf'

See any operating system documentation about shared libraries for
more information, such as the ld(1) and ld.so(8) manual pages.
----------------------------------------------------------------------
 /bin/sh ./libtool   --mode=install /usr/bin/install -c  'libpcrecpp.la' '/home/ualusr2011/ual1220/ual1/tools/lib/linux/libpcrecpp.la'
libtool: install: warning: relinking `libpcrecpp.la'
libtool: install: (cd /home/ualusr2011/ual1220/ual1/tools/tars/pcre-8.02; /bin/sh /home/ualusr2011/ual1220/ual1/tools/tars/pcre-8.02/libtool  --tag CXX --mode=relink g++ -O2 -version-info 0:0:0 -o libpcrecpp.la -rpath /home/ualusr2011/ual1220/ual1/tools/lib/linux pcrecpp.lo pcre_scanner.lo pcre_stringpiece.lo libpcre.la )
libtool: relink: g++ -shared -nostdlib /usr/lib/gcc/x86_64-redhat-linux/4.8.5/../../../../lib64/crti.o /usr/lib/gcc/x86_64-redhat-linux/4.8.5/crtbeginS.o  .libs/pcrecpp.o .libs/pcre_scanner.o .libs/pcre_stringpiece.o   -Wl,-rpath -Wl,/home/ualusr2011/ual1220/ual1/tools/lib/linux -L/home/ualusr2011/ual1220/ual1/tools/lib/linux -lpcre -L/usr/lib/gcc/x86_64-redhat-linux/4.8.5 -L/usr/lib/gcc/x86_64-redhat-linux/4.8.5/../../../../lib64 -L/lib/../lib64 -L/usr/lib/../lib64 -L/usr/lib/gcc/x86_64-redhat-linux/4.8.5/../../.. -lstdc++ -lm -lc -lgcc_s /usr/lib/gcc/x86_64-redhat-linux/4.8.5/crtendS.o /usr/lib/gcc/x86_64-redhat-linux/4.8.5/../../../../lib64/crtn.o    -Wl,-soname -Wl,libpcrecpp.so.0 -o .libs/libpcrecpp.so.0.0.0
libtool: install: /usr/bin/install -c .libs/libpcrecpp.so.0.0.0T /home/ualusr2011/ual1220/ual1/tools/lib/linux/libpcrecpp.so.0.0.0
libtool: install: (cd /home/ualusr2011/ual1220/ual1/tools/lib/linux && { ln -s -f libpcrecpp.so.0.0.0 libpcrecpp.so.0 || { rm -f libpcrecpp.so.0 && ln -s libpcrecpp.so.0.0.0 libpcrecpp.so.0; }; })
libtool: install: (cd /home/ualusr2011/ual1220/ual1/tools/lib/linux && { ln -s -f libpcrecpp.so.0.0.0 libpcrecpp.so || { rm -f libpcrecpp.so && ln -s libpcrecpp.so.0.0.0 libpcrecpp.so; }; })
libtool: install: /usr/bin/install -c .libs/libpcrecpp.lai /home/ualusr2011/ual1220/ual1/tools/lib/linux/libpcrecpp.la
libtool: install: /usr/bin/install -c .libs/libpcrecpp.a /home/ualusr2011/ual1220/ual1/tools/lib/linux/libpcrecpp.a
libtool: install: chmod 644 /home/ualusr2011/ual1220/ual1/tools/lib/linux/libpcrecpp.a
libtool: install: ranlib /home/ualusr2011/ual1220/ual1/tools/lib/linux/libpcrecpp.a
libtool: finish: PATH="/home/ualusr2011/ual1220/ual1/tools/bin/linux/:/home/ualusr2011/ual1206/ual1/tools/bin/linux/:/usr/local/bin:/usr/local/sbin:/usr/bin:/usr/sbin:/bin:/sbin:/usr/bin:/home/ualusr2011/ual1206/ual1/ext/PAC/bin/linux:/usr/bin:/home/ualusr2011/ual1220/ual1/ext/PAC/bin/linux:/sbin" ldconfig -n /home/ualusr2011/ual1220/ual1/tools/lib/linux
ldconfig: /home/ualusr2011/ual1220/ual1/tools/lib/linux/libxerces-depdom.so.27 is not a symbolic link

ldconfig: /home/ualusr2011/ual1220/ual1/tools/lib/linux/libxerces-c.so.27 is not a symbolic link

----------------------------------------------------------------------
Libraries have been installed in:
   /home/ualusr2011/ual1220/ual1/tools/lib/linux

If you ever happen to want to link against installed libraries
in a given directory, LIBDIR, you must either use libtool, and
specify the full pathname of the library, or use the `-LLIBDIR'
flag during linking and do at least one of the following:
   - add LIBDIR to the `LD_LIBRARY_PATH' environment variable
     during execution
   - add LIBDIR to the `LD_RUN_PATH' environment variable
     during linking
   - use the `-Wl,-rpath -Wl,LIBDIR' linker flag
   - have your system administrator add LIBDIR to `/etc/ld.so.conf'

See any operating system documentation about shared libraries for
more information, such as the ld(1) and ld.so(8) manual pages.
----------------------------------------------------------------------
test -z "/home/ualusr2011/ual1220/ual1/tools/bin/linux" || /usr/bin/mkdir -p "/home/ualusr2011/ual1220/ual1/tools/bin/linux"
  /bin/sh ./libtool   --mode=install /usr/bin/install -c 'pcretest' '/home/ualusr2011/ual1220/ual1/tools/bin/linux/pcretest'
libtool: install: /usr/bin/install -c .libs/pcretest /home/ualusr2011/ual1220/ual1/tools/bin/linux/pcretest
  /bin/sh ./libtool   --mode=install /usr/bin/install -c 'pcregrep' '/home/ualusr2011/ual1220/ual1/tools/bin/linux/pcregrep'
libtool: install: /usr/bin/install -c .libs/pcregrep /home/ualusr2011/ual1220/ual1/tools/bin/linux/pcregrep
test -z "/home/ualusr2011/ual1220/ual1/tools/bin/linux" || /usr/bin/mkdir -p "/home/ualusr2011/ual1220/ual1/tools/bin/linux"
 /usr/bin/install -c 'pcre-config' '/home/ualusr2011/ual1220/ual1/tools/bin/linux/pcre-config'
test -z "/home/ualusr2011/ual1220/ual1/tools/man" || /usr/bin/mkdir -p "/home/ualusr2011/ual1220/ual1/tools/man"
 /usr/bin/install -c -m 644 'doc/pcre.txt' '/home/ualusr2011/ual1220/ual1/tools/man/pcre.txt'
 /usr/bin/install -c -m 644 'doc/pcre-config.txt' '/home/ualusr2011/ual1220/ual1/tools/man/pcre-config.txt'
 /usr/bin/install -c -m 644 'doc/pcregrep.txt' '/home/ualusr2011/ual1220/ual1/tools/man/pcregrep.txt'
 /usr/bin/install -c -m 644 'doc/pcretest.txt' '/home/ualusr2011/ual1220/ual1/tools/man/pcretest.txt'
 /usr/bin/install -c -m 644 'AUTHORS' '/home/ualusr2011/ual1220/ual1/tools/man/AUTHORS'
 /usr/bin/install -c -m 644 'COPYING' '/home/ualusr2011/ual1220/ual1/tools/man/COPYING'
 /usr/bin/install -c -m 644 'ChangeLog' '/home/ualusr2011/ual1220/ual1/tools/man/ChangeLog'
 /usr/bin/install -c -m 644 'LICENCE' '/home/ualusr2011/ual1220/ual1/tools/man/LICENCE'
 /usr/bin/install -c -m 644 'NEWS' '/home/ualusr2011/ual1220/ual1/tools/man/NEWS'
 /usr/bin/install -c -m 644 'README' '/home/ualusr2011/ual1220/ual1/tools/man/README'
test -z "/home/ualusr2011/ual1220/ual1/tools/man/html" || /usr/bin/mkdir -p "/home/ualusr2011/ual1220/ual1/tools/man/html"
 /usr/bin/install -c -m 644 'doc/html/index.html' '/home/ualusr2011/ual1220/ual1/tools/man/html/index.html'
 /usr/bin/install -c -m 644 'doc/html/pcre.html' '/home/ualusr2011/ual1220/ual1/tools/man/html/pcre.html'
 /usr/bin/install -c -m 644 'doc/html/pcre-config.html' '/home/ualusr2011/ual1220/ual1/tools/man/html/pcre-config.html'
 /usr/bin/install -c -m 644 'doc/html/pcre_compile.html' '/home/ualusr2011/ual1220/ual1/tools/man/html/pcre_compile.html'
 /usr/bin/install -c -m 644 'doc/html/pcre_compile2.html' '/home/ualusr2011/ual1220/ual1/tools/man/html/pcre_compile2.html'
 /usr/bin/install -c -m 644 'doc/html/pcre_config.html' '/home/ualusr2011/ual1220/ual1/tools/man/html/pcre_config.html'
 /usr/bin/install -c -m 644 'doc/html/pcre_copy_named_substring.html' '/home/ualusr2011/ual1220/ual1/tools/man/html/pcre_copy_named_substring.html'
 /usr/bin/install -c -m 644 'doc/html/pcre_copy_substring.html' '/home/ualusr2011/ual1220/ual1/tools/man/html/pcre_copy_substring.html'
 /usr/bin/install -c -m 644 'doc/html/pcre_dfa_exec.html' '/home/ualusr2011/ual1220/ual1/tools/man/html/pcre_dfa_exec.html'
 /usr/bin/install -c -m 644 'doc/html/pcre_exec.html' '/home/ualusr2011/ual1220/ual1/tools/man/html/pcre_exec.html'
 /usr/bin/install -c -m 644 'doc/html/pcre_free_substring.html' '/home/ualusr2011/ual1220/ual1/tools/man/html/pcre_free_substring.html'
 /usr/bin/install -c -m 644 'doc/html/pcre_free_substring_list.html' '/home/ualusr2011/ual1220/ual1/tools/man/html/pcre_free_substring_list.html'
 /usr/bin/install -c -m 644 'doc/html/pcre_fullinfo.html' '/home/ualusr2011/ual1220/ual1/tools/man/html/pcre_fullinfo.html'
 /usr/bin/install -c -m 644 'doc/html/pcre_get_named_substring.html' '/home/ualusr2011/ual1220/ual1/tools/man/html/pcre_get_named_substring.html'
 /usr/bin/install -c -m 644 'doc/html/pcre_get_stringnumber.html' '/home/ualusr2011/ual1220/ual1/tools/man/html/pcre_get_stringnumber.html'
 /usr/bin/install -c -m 644 'doc/html/pcre_get_stringtable_entries.html' '/home/ualusr2011/ual1220/ual1/tools/man/html/pcre_get_stringtable_entries.html'
 /usr/bin/install -c -m 644 'doc/html/pcre_get_substring.html' '/home/ualusr2011/ual1220/ual1/tools/man/html/pcre_get_substring.html'
 /usr/bin/install -c -m 644 'doc/html/pcre_get_substring_list.html' '/home/ualusr2011/ual1220/ual1/tools/man/html/pcre_get_substring_list.html'
 /usr/bin/install -c -m 644 'doc/html/pcre_info.html' '/home/ualusr2011/ual1220/ual1/tools/man/html/pcre_info.html'
 /usr/bin/install -c -m 644 'doc/html/pcre_maketables.html' '/home/ualusr2011/ual1220/ual1/tools/man/html/pcre_maketables.html'
 /usr/bin/install -c -m 644 'doc/html/pcre_refcount.html' '/home/ualusr2011/ual1220/ual1/tools/man/html/pcre_refcount.html'
 /usr/bin/install -c -m 644 'doc/html/pcre_study.html' '/home/ualusr2011/ual1220/ual1/tools/man/html/pcre_study.html'
 /usr/bin/install -c -m 644 'doc/html/pcre_version.html' '/home/ualusr2011/ual1220/ual1/tools/man/html/pcre_version.html'
 /usr/bin/install -c -m 644 'doc/html/pcreapi.html' '/home/ualusr2011/ual1220/ual1/tools/man/html/pcreapi.html'
 /usr/bin/install -c -m 644 'doc/html/pcrebuild.html' '/home/ualusr2011/ual1220/ual1/tools/man/html/pcrebuild.html'
 /usr/bin/install -c -m 644 'doc/html/pcrecallout.html' '/home/ualusr2011/ual1220/ual1/tools/man/html/pcrecallout.html'
 /usr/bin/install -c -m 644 'doc/html/pcrecompat.html' '/home/ualusr2011/ual1220/ual1/tools/man/html/pcrecompat.html'
 /usr/bin/install -c -m 644 'doc/html/pcredemo.html' '/home/ualusr2011/ual1220/ual1/tools/man/html/pcredemo.html'
 /usr/bin/install -c -m 644 'doc/html/pcregrep.html' '/home/ualusr2011/ual1220/ual1/tools/man/html/pcregrep.html'
 /usr/bin/install -c -m 644 'doc/html/pcrematching.html' '/home/ualusr2011/ual1220/ual1/tools/man/html/pcrematching.html'
 /usr/bin/install -c -m 644 'doc/html/pcrepartial.html' '/home/ualusr2011/ual1220/ual1/tools/man/html/pcrepartial.html'
 /usr/bin/install -c -m 644 'doc/html/pcrepattern.html' '/home/ualusr2011/ual1220/ual1/tools/man/html/pcrepattern.html'
 /usr/bin/install -c -m 644 'doc/html/pcreperform.html' '/home/ualusr2011/ual1220/ual1/tools/man/html/pcreperform.html'
 /usr/bin/install -c -m 644 'doc/html/pcreposix.html' '/home/ualusr2011/ual1220/ual1/tools/man/html/pcreposix.html'
 /usr/bin/install -c -m 644 'doc/html/pcreprecompile.html' '/home/ualusr2011/ual1220/ual1/tools/man/html/pcreprecompile.html'
 /usr/bin/install -c -m 644 'doc/html/pcresample.html' '/home/ualusr2011/ual1220/ual1/tools/man/html/pcresample.html'
 /usr/bin/install -c -m 644 'doc/html/pcrestack.html' '/home/ualusr2011/ual1220/ual1/tools/man/html/pcrestack.html'
 /usr/bin/install -c -m 644 'doc/html/pcresyntax.html' '/home/ualusr2011/ual1220/ual1/tools/man/html/pcresyntax.html'
 /usr/bin/install -c -m 644 'doc/html/pcretest.html' '/home/ualusr2011/ual1220/ual1/tools/man/html/pcretest.html'
test -z "/home/ualusr2011/ual1220/ual1/tools/man/html" || /usr/bin/mkdir -p "/home/ualusr2011/ual1220/ual1/tools/man/html"
 /usr/bin/install -c -m 644 'doc/html/pcrecpp.html' '/home/ualusr2011/ual1220/ual1/tools/man/html/pcrecpp.html'
test -z "/home/ualusr2011/ual1220/ual1/tools/include" || /usr/bin/mkdir -p "/home/ualusr2011/ual1220/ual1/tools/include"
 /usr/bin/install -c -m 644 'pcreposix.h' '/home/ualusr2011/ual1220/ual1/tools/include/pcreposix.h'
 /usr/bin/install -c -m 644 'pcrecpp.h' '/home/ualusr2011/ual1220/ual1/tools/include/pcrecpp.h'
 /usr/bin/install -c -m 644 'pcre_scanner.h' '/home/ualusr2011/ual1220/ual1/tools/include/pcre_scanner.h'
test -z "/home/ualusr2011/ual1220/ual1/tools/man/man1" || /usr/bin/mkdir -p "/home/ualusr2011/ual1220/ual1/tools/man/man1"
 /usr/bin/install -c -m 644 'doc/pcre-config.1' '/home/ualusr2011/ual1220/ual1/tools/man/man1/pcre-config.1'
 /usr/bin/install -c -m 644 'doc/pcregrep.1' '/home/ualusr2011/ual1220/ual1/tools/man/man1/pcregrep.1'
 /usr/bin/install -c -m 644 'doc/pcretest.1' '/home/ualusr2011/ual1220/ual1/tools/man/man1/pcretest.1'
test -z "/home/ualusr2011/ual1220/ual1/tools/man/man3" || /usr/bin/mkdir -p "/home/ualusr2011/ual1220/ual1/tools/man/man3"
 /usr/bin/install -c -m 644 'doc/pcrecpp.3' '/home/ualusr2011/ual1220/ual1/tools/man/man3/pcrecpp.3'
 /usr/bin/install -c -m 644 'doc/pcre.3' '/home/ualusr2011/ual1220/ual1/tools/man/man3/pcre.3'
 /usr/bin/install -c -m 644 'doc/pcre_compile.3' '/home/ualusr2011/ual1220/ual1/tools/man/man3/pcre_compile.3'
 /usr/bin/install -c -m 644 'doc/pcre_compile2.3' '/home/ualusr2011/ual1220/ual1/tools/man/man3/pcre_compile2.3'
 /usr/bin/install -c -m 644 'doc/pcre_config.3' '/home/ualusr2011/ual1220/ual1/tools/man/man3/pcre_config.3'
 /usr/bin/install -c -m 644 'doc/pcre_copy_named_substring.3' '/home/ualusr2011/ual1220/ual1/tools/man/man3/pcre_copy_named_substring.3'
 /usr/bin/install -c -m 644 'doc/pcre_copy_substring.3' '/home/ualusr2011/ual1220/ual1/tools/man/man3/pcre_copy_substring.3'
 /usr/bin/install -c -m 644 'doc/pcre_dfa_exec.3' '/home/ualusr2011/ual1220/ual1/tools/man/man3/pcre_dfa_exec.3'
 /usr/bin/install -c -m 644 'doc/pcre_exec.3' '/home/ualusr2011/ual1220/ual1/tools/man/man3/pcre_exec.3'
 /usr/bin/install -c -m 644 'doc/pcre_free_substring.3' '/home/ualusr2011/ual1220/ual1/tools/man/man3/pcre_free_substring.3'
 /usr/bin/install -c -m 644 'doc/pcre_free_substring_list.3' '/home/ualusr2011/ual1220/ual1/tools/man/man3/pcre_free_substring_list.3'
 /usr/bin/install -c -m 644 'doc/pcre_fullinfo.3' '/home/ualusr2011/ual1220/ual1/tools/man/man3/pcre_fullinfo.3'
 /usr/bin/install -c -m 644 'doc/pcre_get_named_substring.3' '/home/ualusr2011/ual1220/ual1/tools/man/man3/pcre_get_named_substring.3'
 /usr/bin/install -c -m 644 'doc/pcre_get_stringnumber.3' '/home/ualusr2011/ual1220/ual1/tools/man/man3/pcre_get_stringnumber.3'
 /usr/bin/install -c -m 644 'doc/pcre_get_stringtable_entries.3' '/home/ualusr2011/ual1220/ual1/tools/man/man3/pcre_get_stringtable_entries.3'
 /usr/bin/install -c -m 644 'doc/pcre_get_substring.3' '/home/ualusr2011/ual1220/ual1/tools/man/man3/pcre_get_substring.3'
 /usr/bin/install -c -m 644 'doc/pcre_get_substring_list.3' '/home/ualusr2011/ual1220/ual1/tools/man/man3/pcre_get_substring_list.3'
 /usr/bin/install -c -m 644 'doc/pcre_info.3' '/home/ualusr2011/ual1220/ual1/tools/man/man3/pcre_info.3'
 /usr/bin/install -c -m 644 'doc/pcre_maketables.3' '/home/ualusr2011/ual1220/ual1/tools/man/man3/pcre_maketables.3'
 /usr/bin/install -c -m 644 'doc/pcre_refcount.3' '/home/ualusr2011/ual1220/ual1/tools/man/man3/pcre_refcount.3'
 /usr/bin/install -c -m 644 'doc/pcre_study.3' '/home/ualusr2011/ual1220/ual1/tools/man/man3/pcre_study.3'
 /usr/bin/install -c -m 644 'doc/pcre_version.3' '/home/ualusr2011/ual1220/ual1/tools/man/man3/pcre_version.3'
 /usr/bin/install -c -m 644 'doc/pcreapi.3' '/home/ualusr2011/ual1220/ual1/tools/man/man3/pcreapi.3'
 /usr/bin/install -c -m 644 'doc/pcrebuild.3' '/home/ualusr2011/ual1220/ual1/tools/man/man3/pcrebuild.3'
 /usr/bin/install -c -m 644 'doc/pcrecallout.3' '/home/ualusr2011/ual1220/ual1/tools/man/man3/pcrecallout.3'
 /usr/bin/install -c -m 644 'doc/pcrecompat.3' '/home/ualusr2011/ual1220/ual1/tools/man/man3/pcrecompat.3'
 /usr/bin/install -c -m 644 'doc/pcrematching.3' '/home/ualusr2011/ual1220/ual1/tools/man/man3/pcrematching.3'
 /usr/bin/install -c -m 644 'doc/pcrepartial.3' '/home/ualusr2011/ual1220/ual1/tools/man/man3/pcrepartial.3'
 /usr/bin/install -c -m 644 'doc/pcrepattern.3' '/home/ualusr2011/ual1220/ual1/tools/man/man3/pcrepattern.3'
 /usr/bin/install -c -m 644 'doc/pcreperform.3' '/home/ualusr2011/ual1220/ual1/tools/man/man3/pcreperform.3'
 /usr/bin/install -c -m 644 'doc/pcreposix.3' '/home/ualusr2011/ual1220/ual1/tools/man/man3/pcreposix.3'
 /usr/bin/install -c -m 644 'doc/pcreprecompile.3' '/home/ualusr2011/ual1220/ual1/tools/man/man3/pcreprecompile.3'
 /usr/bin/install -c -m 644 'doc/pcresample.3' '/home/ualusr2011/ual1220/ual1/tools/man/man3/pcresample.3'
 /usr/bin/install -c -m 644 'doc/pcrestack.3' '/home/ualusr2011/ual1220/ual1/tools/man/man3/pcrestack.3'
 /usr/bin/install -c -m 644 'doc/pcresyntax.3' '/home/ualusr2011/ual1220/ual1/tools/man/man3/pcresyntax.3'
test -z "/home/ualusr2011/ual1220/ual1/tools/include" || /usr/bin/mkdir -p "/home/ualusr2011/ual1220/ual1/tools/include"
 /usr/bin/install -c -m 644 'pcre.h' '/home/ualusr2011/ual1220/ual1/tools/include/pcre.h'
 /usr/bin/install -c -m 644 'pcrecpparg.h' '/home/ualusr2011/ual1220/ual1/tools/include/pcrecpparg.h'
 /usr/bin/install -c -m 644 'pcre_stringpiece.h' '/home/ualusr2011/ual1220/ual1/tools/include/pcre_stringpiece.h'
test -z "/home/ualusr2011/ual1220/ual1/tools/lib/linux/pkgconfig" || /usr/bin/mkdir -p "/home/ualusr2011/ual1220/ual1/tools/lib/linux/pkgconfig"
 /usr/bin/install -c -m 644 'libpcre.pc' '/home/ualusr2011/ual1220/ual1/tools/lib/linux/pkgconfig/libpcre.pc'
 /usr/bin/install -c -m 644 'libpcreposix.pc' '/home/ualusr2011/ual1220/ual1/tools/lib/linux/pkgconfig/libpcreposix.pc'
 /usr/bin/install -c -m 644 'libpcrecpp.pc' '/home/ualusr2011/ual1220/ual1/tools/lib/linux/pkgconfig/libpcrecpp.pc'
make[4]: Leaving directory `/home/ualusr2011/ual1220/ual1/tools/tars/pcre-8.02'
make[3]: Leaving directory `/home/ualusr2011/ual1220/ual1/tools/tars/pcre-8.02'
rm -rf pcre-8.02
gzip -d -c libxml2-sources-2.6.22.tar.gz | tar xvf -
libxml2-2.6.22/
libxml2-2.6.22/nanoftp.c
libxml2-2.6.22/acconfig.h
libxml2-2.6.22/globals.c
libxml2-2.6.22/libxml-2.0.pc.in
libxml2-2.6.22/xmlstring.c
libxml2-2.6.22/macos/
libxml2-2.6.22/macos/README
libxml2-2.6.22/macos/src/
libxml2-2.6.22/macos/src/macos_main.c
libxml2-2.6.22/macos/src/XMLTestPrefix.h
libxml2-2.6.22/macos/src/XMLTestPrefix2.h
libxml2-2.6.22/macos/src/libxml2_GUSIConfig.cp
libxml2-2.6.22/macos/src/config-mac.h
libxml2-2.6.22/macos/libxml2.mcp.xml.sit.hqx
libxml2-2.6.22/xinclude.c
libxml2-2.6.22/Makefile.am
libxml2-2.6.22/threads.c
libxml2-2.6.22/config.guess
libxml2-2.6.22/relaxng.c
libxml2-2.6.22/ChangeLog
libxml2-2.6.22/dbgen.pl
libxml2-2.6.22/testRelax.c
libxml2-2.6.22/win32/
libxml2-2.6.22/win32/.cvsignore
libxml2-2.6.22/win32/wince/
libxml2-2.6.22/win32/wince/wincecompat.c
libxml2-2.6.22/win32/wince/libxml2.vcw
libxml2-2.6.22/win32/wince/libxml2.vco
libxml2-2.6.22/win32/wince/wincecompat.h
libxml2-2.6.22/win32/wince/libxml2.vcl
libxml2-2.6.22/win32/wince/libxml2.vcb
libxml2-2.6.22/win32/wince/libxml2.vcp
libxml2-2.6.22/win32/Makefile.mingw
libxml2-2.6.22/win32/defgen.xsl
libxml2-2.6.22/win32/Makefile.bcb
libxml2-2.6.22/win32/Readme.txt
libxml2-2.6.22/win32/configure.js
libxml2-2.6.22/win32/libxml2.def.src
libxml2-2.6.22/win32/Makefile.msvc
libxml2-2.6.22/regressions.xml
libxml2-2.6.22/install-sh
libxml2-2.6.22/xmlunicode.c
libxml2-2.6.22/valid.c
libxml2-2.6.22/list.c
libxml2-2.6.22/xmlmodule.c
libxml2-2.6.22/hash.c
libxml2-2.6.22/xml2-config.in
libxml2-2.6.22/testapi.c
libxml2-2.6.22/trio.h
libxml2-2.6.22/xmlmemory.c
libxml2-2.6.22/triostr.c
libxml2-2.6.22/xmllint.c
libxml2-2.6.22/parserInternals.c
libxml2-2.6.22/bakefile/
libxml2-2.6.22/bakefile/Readme.txt
libxml2-2.6.22/bakefile/Bakefiles.bkgen
libxml2-2.6.22/bakefile/libxml2.bkl
libxml2-2.6.22/ltmain.sh
libxml2-2.6.22/missing
libxml2-2.6.22/xml2-config.1
libxml2-2.6.22/check-xml-test-suite.py
libxml2-2.6.22/triodef.h
libxml2-2.6.22/check-relaxng-test-suite.py
libxml2-2.6.22/trionan.c
libxml2-2.6.22/dbgenattr.pl
libxml2-2.6.22/tree.c
libxml2-2.6.22/testC14N.c
libxml2-2.6.22/INSTALL
libxml2-2.6.22/catalog.c
libxml2-2.6.22/doc/
libxml2-2.6.22/doc/xsa.xsl
libxml2-2.6.22/doc/Libxml2-Logo-180x168.gif
libxml2-2.6.22/doc/XMLinfo.html
libxml2-2.6.22/doc/intro.html
libxml2-2.6.22/doc/threads.html
libxml2-2.6.22/doc/Makefile.am
libxml2-2.6.22/doc/APIchunk15.html
libxml2-2.6.22/doc/xmlio.html
libxml2-2.6.22/doc/APIchunk10.html
libxml2-2.6.22/doc/interface.html
libxml2-2.6.22/doc/apibuild.py
libxml2-2.6.22/doc/APIchunk23.html
libxml2-2.6.22/doc/libxml.gif
libxml2-2.6.22/doc/devhelp/
libxml2-2.6.22/doc/devhelp/libxml2-threads.html
libxml2-2.6.22/doc/devhelp/libxml2-xmlstring.html
libxml2-2.6.22/doc/devhelp/Makefile.am
libxml2-2.6.22/doc/devhelp/style.css
libxml2-2.6.22/doc/devhelp/libxml2-xmlschemas.html
libxml2-2.6.22/doc/devhelp/libxml2-nanohttp.html
libxml2-2.6.22/doc/devhelp/libxml2-tree.html
libxml2-2.6.22/doc/devhelp/libxml2-parserInternals.html
libxml2-2.6.22/doc/devhelp/html.xsl
libxml2-2.6.22/doc/devhelp/libxml2-relaxng.html
libxml2-2.6.22/doc/devhelp/libxml2-xpointer.html
libxml2-2.6.22/doc/devhelp/libxml2-c14n.html
libxml2-2.6.22/doc/devhelp/devhelp.xsl
libxml2-2.6.22/doc/devhelp/libxml2-xmlmemory.html
libxml2-2.6.22/doc/devhelp/libxml2-chvalid.html
libxml2-2.6.22/doc/devhelp/up.png
libxml2-2.6.22/doc/devhelp/libxml2-xmlregexp.html
libxml2-2.6.22/doc/devhelp/libxml2-xpathInternals.html
libxml2-2.6.22/doc/devhelp/libxml2-xmlversion.html
libxml2-2.6.22/doc/devhelp/libxml2-valid.html
libxml2-2.6.22/doc/devhelp/libxml2-globals.html
libxml2-2.6.22/doc/devhelp/home.png
libxml2-2.6.22/doc/devhelp/libxml2-uri.html
libxml2-2.6.22/doc/devhelp/libxml2-xmlunicode.html
libxml2-2.6.22/doc/devhelp/libxml2.devhelp
libxml2-2.6.22/doc/devhelp/libxml2-nanoftp.html
libxml2-2.6.22/doc/devhelp/libxml2-dict.html
libxml2-2.6.22/doc/devhelp/Makefile.in
libxml2-2.6.22/doc/devhelp/libxml2-entities.html
libxml2-2.6.22/doc/devhelp/libxml2-SAX.html
libxml2-2.6.22/doc/devhelp/libxml2-xmlexports.html
libxml2-2.6.22/doc/devhelp/libxml2-hash.html
libxml2-2.6.22/doc/devhelp/libxml2-pattern.html
libxml2-2.6.22/doc/devhelp/libxml2-HTMLtree.html
libxml2-2.6.22/doc/devhelp/libxml2-xmlreader.html
libxml2-2.6.22/doc/devhelp/index.html
libxml2-2.6.22/doc/devhelp/libxml2-xpath.html
libxml2-2.6.22/doc/devhelp/libxml2-xmlschemastypes.html
libxml2-2.6.22/doc/devhelp/libxml2-xmlerror.html
libxml2-2.6.22/doc/devhelp/libxml2-SAX2.html
libxml2-2.6.22/doc/devhelp/libxml2-encoding.html
libxml2-2.6.22/doc/devhelp/libxml2-catalog.html
libxml2-2.6.22/doc/devhelp/libxml2-DOCBparser.html
libxml2-2.6.22/doc/devhelp/libxml2-xmlautomata.html
libxml2-2.6.22/doc/devhelp/right.png
libxml2-2.6.22/doc/devhelp/libxml2-xmlIO.html
libxml2-2.6.22/doc/devhelp/libxml2-xmlmodule.html
libxml2-2.6.22/doc/devhelp/libxml2-HTMLparser.html
libxml2-2.6.22/doc/devhelp/libxml2-xlink.html
libxml2-2.6.22/doc/devhelp/left.png
libxml2-2.6.22/doc/devhelp/libxml2-schemasInternals.html
libxml2-2.6.22/doc/devhelp/libxml2-xmlwriter.html
libxml2-2.6.22/doc/devhelp/general.html
libxml2-2.6.22/doc/devhelp/libxml2-xmlsave.html
libxml2-2.6.22/doc/devhelp/libxml2-debugXML.html
libxml2-2.6.22/doc/devhelp/libxml2-parser.html
libxml2-2.6.22/doc/devhelp/libxml2-list.html
libxml2-2.6.22/doc/devhelp/libxml2-schematron.html
libxml2-2.6.22/doc/devhelp/libxml2-xinclude.html
libxml2-2.6.22/doc/example.html
libxml2-2.6.22/doc/namespaces.html
libxml2-2.6.22/doc/APIchunk27.html
libxml2-2.6.22/doc/DOM.gif
libxml2-2.6.22/doc/architecture.html
libxml2-2.6.22/doc/xmldtd.html
libxml2-2.6.22/doc/xmllint.xml
libxml2-2.6.22/doc/help.html
libxml2-2.6.22/doc/libxml2-api.xml
libxml2-2.6.22/doc/DOM.html
libxml2-2.6.22/doc/library.html
libxml2-2.6.22/doc/search.php
libxml2-2.6.22/doc/APIchunk29.html
libxml2-2.6.22/doc/APIchunk5.html
libxml2-2.6.22/doc/api.xsl
libxml2-2.6.22/doc/APIchunk28.html
libxml2-2.6.22/doc/APIchunk25.html
libxml2-2.6.22/doc/APIchunk11.html
libxml2-2.6.22/doc/guidelines.html
libxml2-2.6.22/doc/Makefile.in
libxml2-2.6.22/doc/xmlcatalog.1
libxml2-2.6.22/doc/contribs.html
libxml2-2.6.22/doc/site.xsl
libxml2-2.6.22/doc/APIchunk17.html
libxml2-2.6.22/doc/encoding.html
libxml2-2.6.22/doc/APIsymbols.html
libxml2-2.6.22/doc/downloads.html
libxml2-2.6.22/doc/APIchunk3.html
libxml2-2.6.22/doc/newapi.xsl
libxml2-2.6.22/doc/APIchunk7.html
libxml2-2.6.22/doc/Libxml2-Logo-90x34.gif
libxml2-2.6.22/doc/docs.html
libxml2-2.6.22/doc/structure.gif
libxml2-2.6.22/doc/xmlcatalog_man.html
libxml2-2.6.22/doc/APIchunk13.html
libxml2-2.6.22/doc/APIfunctions.html
libxml2-2.6.22/doc/APIchunk21.html
libxml2-2.6.22/doc/bugs.html
libxml2-2.6.22/doc/xml.html
libxml2-2.6.22/doc/xmlmem.html
libxml2-2.6.22/doc/tutorial/
libxml2-2.6.22/doc/tutorial/apg.html
libxml2-2.6.22/doc/tutorial/ix01.html
libxml2-2.6.22/doc/tutorial/ar01s06.html
libxml2-2.6.22/doc/tutorial/ar01s04.html
libxml2-2.6.22/doc/tutorial/ar01s05.html
libxml2-2.6.22/doc/tutorial/apa.html
libxml2-2.6.22/doc/tutorial/ape.html
libxml2-2.6.22/doc/tutorial/ar01s09.html
libxml2-2.6.22/doc/tutorial/apd.html
libxml2-2.6.22/doc/tutorial/aph.html
libxml2-2.6.22/doc/tutorial/ar01s03.html
libxml2-2.6.22/doc/tutorial/ar01s02.html
libxml2-2.6.22/doc/tutorial/apc.html
libxml2-2.6.22/doc/tutorial/api.html
libxml2-2.6.22/doc/tutorial/includeaddattribute.c
libxml2-2.6.22/doc/tutorial/index.html
libxml2-2.6.22/doc/tutorial/ar01s07.html
libxml2-2.6.22/doc/tutorial/apf.html
libxml2-2.6.22/doc/tutorial/apb.html
libxml2-2.6.22/doc/tutorial/ar01s08.html
libxml2-2.6.22/doc/tutorial/includegetattribute.c
libxml2-2.6.22/doc/tutorial/includeaddkeyword.c
libxml2-2.6.22/doc/tutorial/includexpath.c
libxml2-2.6.22/doc/tutorial/includeconvert.c
libxml2-2.6.22/doc/tutorial/xmltutorial.pdf
libxml2-2.6.22/doc/tutorial/images/
libxml2-2.6.22/doc/tutorial/images/next.png
libxml2-2.6.22/doc/tutorial/images/toc-blank.png
libxml2-2.6.22/doc/tutorial/images/draft.png
libxml2-2.6.22/doc/tutorial/images/caution.png
libxml2-2.6.22/doc/tutorial/images/callouts/
libxml2-2.6.22/doc/tutorial/images/callouts/10.png
libxml2-2.6.22/doc/tutorial/images/callouts/8.png
libxml2-2.6.22/doc/tutorial/images/callouts/7.png
libxml2-2.6.22/doc/tutorial/images/callouts/3.png
libxml2-2.6.22/doc/tutorial/images/callouts/2.png
libxml2-2.6.22/doc/tutorial/images/callouts/6.png
libxml2-2.6.22/doc/tutorial/images/callouts/1.png
libxml2-2.6.22/doc/tutorial/images/callouts/4.png
libxml2-2.6.22/doc/tutorial/images/callouts/9.png
libxml2-2.6.22/doc/tutorial/images/callouts/5.png
libxml2-2.6.22/doc/tutorial/images/up.png
libxml2-2.6.22/doc/tutorial/images/tip.png
libxml2-2.6.22/doc/tutorial/images/home.png
libxml2-2.6.22/doc/tutorial/images/blank.png
libxml2-2.6.22/doc/tutorial/images/warning.png
libxml2-2.6.22/doc/tutorial/images/toc-minus.png
libxml2-2.6.22/doc/tutorial/images/prev.png
libxml2-2.6.22/doc/tutorial/images/note.png
libxml2-2.6.22/doc/tutorial/images/important.png
libxml2-2.6.22/doc/tutorial/images/toc-plus.png
libxml2-2.6.22/doc/tutorial/includekeyword.c
libxml2-2.6.22/doc/APIfiles.html
libxml2-2.6.22/doc/news.xsl
libxml2-2.6.22/doc/APIchunk1.html
libxml2-2.6.22/doc/examples/
libxml2-2.6.22/doc/examples/reader4.res
libxml2-2.6.22/doc/examples/xpath2.res
libxml2-2.6.22/doc/examples/Makefile.am
libxml2-2.6.22/doc/examples/reader1.c
libxml2-2.6.22/doc/examples/test1.xml
libxml2-2.6.22/doc/examples/xpath1.res
libxml2-2.6.22/doc/examples/xpath1.c
libxml2-2.6.22/doc/examples/writer.xml
libxml2-2.6.22/doc/examples/reader1.res
libxml2-2.6.22/doc/examples/tst.xml
libxml2-2.6.22/doc/examples/reader4.c
libxml2-2.6.22/doc/examples/reader3.res
libxml2-2.6.22/doc/examples/tree1.c
libxml2-2.6.22/doc/examples/io1.c
libxml2-2.6.22/doc/examples/tree2.c
libxml2-2.6.22/doc/examples/Makefile.in
libxml2-2.6.22/doc/examples/io1.res
libxml2-2.6.22/doc/examples/examples.xml
libxml2-2.6.22/doc/examples/test2.xml
libxml2-2.6.22/doc/examples/parse4.c
libxml2-2.6.22/doc/examples/io2.res
libxml2-2.6.22/doc/examples/test3.xml
libxml2-2.6.22/doc/examples/parse3.c
libxml2-2.6.22/doc/examples/parse1.c
libxml2-2.6.22/doc/examples/io2.c
libxml2-2.6.22/doc/examples/parse2.c
libxml2-2.6.22/doc/examples/tree2.res
libxml2-2.6.22/doc/examples/testWriter.c
libxml2-2.6.22/doc/examples/reader3.c
libxml2-2.6.22/doc/examples/examples.xsl
libxml2-2.6.22/doc/examples/reader2.c
libxml2-2.6.22/doc/examples/tree1.res
libxml2-2.6.22/doc/examples/index.py
libxml2-2.6.22/doc/examples/xpath2.c
libxml2-2.6.22/doc/index.html
libxml2-2.6.22/doc/APIchunk19.html
libxml2-2.6.22/doc/wiki.xsl
libxml2-2.6.22/doc/XSLT.html
libxml2-2.6.22/doc/APIchunk16.html
libxml2-2.6.22/doc/APIchunk22.html
libxml2-2.6.22/doc/FAQ.html
libxml2-2.6.22/doc/smallfootonly.gif
libxml2-2.6.22/doc/python.html
libxml2-2.6.22/doc/xmllint.1
libxml2-2.6.22/doc/APIchunk4.html
libxml2-2.6.22/doc/tree.html
libxml2-2.6.22/doc/APIconstructors.html
libxml2-2.6.22/doc/catalog.html
libxml2-2.6.22/doc/APIchunk2.html
libxml2-2.6.22/doc/upgrade.html
libxml2-2.6.22/doc/w3c.png
libxml2-2.6.22/doc/README.docs
libxml2-2.6.22/doc/xmllint.html
libxml2-2.6.22/doc/APIchunk24.html
libxml2-2.6.22/doc/news.html
libxml2-2.6.22/doc/elfgcchack.xsl
libxml2-2.6.22/doc/APIchunk6.html
libxml2-2.6.22/doc/APIchunk0.html
libxml2-2.6.22/doc/catalog.gif
libxml2-2.6.22/doc/searches.html
libxml2-2.6.22/doc/APIchunk20.html
libxml2-2.6.22/doc/APIchunk14.html
libxml2-2.6.22/doc/searches.xsl
libxml2-2.6.22/doc/redhat.gif
libxml2-2.6.22/doc/xmlreader.html
libxml2-2.6.22/doc/html/
libxml2-2.6.22/doc/html/libxml-xmlstring.html
libxml2-2.6.22/doc/html/libxml-DOCBparser.html
libxml2-2.6.22/doc/html/libxml-xpointer.html
libxml2-2.6.22/doc/html/libxml-lib.html
libxml2-2.6.22/doc/html/libxml-xmlversion.html
libxml2-2.6.22/doc/html/libxml-xpath.html
libxml2-2.6.22/doc/html/libxml-uri.html
libxml2-2.6.22/doc/html/libxml-schemasInternals.html
libxml2-2.6.22/doc/html/libxml-xpathInternals.html
libxml2-2.6.22/doc/html/up.png
libxml2-2.6.22/doc/html/libxml-chvalid.html
libxml2-2.6.22/doc/html/libxml-xmlmemory.html
libxml2-2.6.22/doc/html/home.png
libxml2-2.6.22/doc/html/libxml-c14n.html
libxml2-2.6.22/doc/html/libxml-HTMLtree.html
libxml2-2.6.22/doc/html/libxml-HTMLparser.html
libxml2-2.6.22/doc/html/libxml-xmlsave.html
libxml2-2.6.22/doc/html/libxml-nanohttp.html
libxml2-2.6.22/doc/html/book1.html
libxml2-2.6.22/doc/html/libxml-xmlreader.html
libxml2-2.6.22/doc/html/libxml-valid.html
libxml2-2.6.22/doc/html/libxml-xmlschemastypes.html
libxml2-2.6.22/doc/html/libxml-parserInternals.html
libxml2-2.6.22/doc/html/libxml-catalog.html
libxml2-2.6.22/doc/html/libxml-xmlerror.html
libxml2-2.6.22/doc/html/libxml-parser.html
libxml2-2.6.22/doc/html/libxml-schematron.html
libxml2-2.6.22/doc/html/libxml-list.html
libxml2-2.6.22/doc/html/libxml-debugXML.html
libxml2-2.6.22/doc/html/index.html
libxml2-2.6.22/doc/html/libxml-globals.html
libxml2-2.6.22/doc/html/libxml-hash.html
libxml2-2.6.22/doc/html/libxml-encoding.html
libxml2-2.6.22/doc/html/libxml-xmlunicode.html
libxml2-2.6.22/doc/html/libxml-xmlregexp.html
libxml2-2.6.22/doc/html/libxml-pattern.html
libxml2-2.6.22/doc/html/right.png
libxml2-2.6.22/doc/html/libxml-xinclude.html
libxml2-2.6.22/doc/html/libxml-SAX.html
libxml2-2.6.22/doc/html/libxml-xmlwriter.html
libxml2-2.6.22/doc/html/libxml-entities.html
libxml2-2.6.22/doc/html/libxml-SAX2.html
libxml2-2.6.22/doc/html/libxml-xmlIO.html
libxml2-2.6.22/doc/html/libxml-threads.html
libxml2-2.6.22/doc/html/libxml-xmlschemas.html
libxml2-2.6.22/doc/html/left.png
libxml2-2.6.22/doc/html/libxml-xmlexports.html
libxml2-2.6.22/doc/html/libxml-nanoftp.html
libxml2-2.6.22/doc/html/libxml-relaxng.html
libxml2-2.6.22/doc/html/libxml-xmlmodule.html
libxml2-2.6.22/doc/html/libxml-xlink.html
libxml2-2.6.22/doc/html/libxml-dict.html
libxml2-2.6.22/doc/html/libxml-xmlautomata.html
libxml2-2.6.22/doc/html/libxml-tree.html
libxml2-2.6.22/doc/APIchunk26.html
libxml2-2.6.22/doc/APIchunk18.html
libxml2-2.6.22/doc/entities.html
libxml2-2.6.22/doc/xmlcatalog_man.xml
libxml2-2.6.22/doc/APIchunk12.html
libxml2-2.6.22/doc/libxml2.xsa
libxml2-2.6.22/doc/ChangeLog.xsl
libxml2-2.6.22/doc/APIchunk9.html
libxml2-2.6.22/doc/APIchunk8.html
libxml2-2.6.22/doc/index.py
libxml2-2.6.22/Makefile.in
libxml2-2.6.22/xmlschemastypes.c
libxml2-2.6.22/testXPath.c
libxml2-2.6.22/nanohttp.c
libxml2-2.6.22/configure
libxml2-2.6.22/config.h.in
libxml2-2.6.22/NEWS
libxml2-2.6.22/testRegexp.c
libxml2-2.6.22/triostr.h
libxml2-2.6.22/aclocal.m4
libxml2-2.6.22/check-xinclude-test-suite.py
libxml2-2.6.22/libxml-2.0-uninstalled.pc.in
libxml2-2.6.22/check-xsddata-test-suite.py
libxml2-2.6.22/runsuite.c
libxml2-2.6.22/DOCBparser.c
libxml2-2.6.22/include/
libxml2-2.6.22/include/libxml/
libxml2-2.6.22/include/libxml/relaxng.h
libxml2-2.6.22/include/libxml/xmlversion.h
libxml2-2.6.22/include/libxml/chvalid.h
libxml2-2.6.22/include/libxml/Makefile.am
libxml2-2.6.22/include/libxml/catalog.h
libxml2-2.6.22/include/libxml/xmlunicode.h
libxml2-2.6.22/include/libxml/threads.h
libxml2-2.6.22/include/libxml/pattern.h
libxml2-2.6.22/include/libxml/encoding.h
libxml2-2.6.22/include/libxml/dict.h
libxml2-2.6.22/include/libxml/xmlstring.h
libxml2-2.6.22/include/libxml/entities.h
libxml2-2.6.22/include/libxml/xmlIO.h
libxml2-2.6.22/include/libxml/xmlversion.h.in
libxml2-2.6.22/include/libxml/xmlmodule.h
libxml2-2.6.22/include/libxml/nanoftp.h
libxml2-2.6.22/include/libxml/xpath.h
libxml2-2.6.22/include/libxml/xpointer.h
libxml2-2.6.22/include/libxml/xmlmemory.h
libxml2-2.6.22/include/libxml/xinclude.h
libxml2-2.6.22/include/libxml/hash.h
libxml2-2.6.22/include/libxml/xmlwriter.h
libxml2-2.6.22/include/libxml/HTMLtree.h
libxml2-2.6.22/include/libxml/debugXML.h
libxml2-2.6.22/include/libxml/Makefile.in
libxml2-2.6.22/include/libxml/schematron.h
libxml2-2.6.22/include/libxml/SAX.h
libxml2-2.6.22/include/libxml/xmlsave.h
libxml2-2.6.22/include/libxml/c14n.h
libxml2-2.6.22/include/libxml/parser.h
libxml2-2.6.22/include/libxml/list.h
libxml2-2.6.22/include/libxml/xmlexports.h
libxml2-2.6.22/include/libxml/xmlreader.h
libxml2-2.6.22/include/libxml/schemasInternals.h
libxml2-2.6.22/include/libxml/SAX2.h
libxml2-2.6.22/include/libxml/xmlerror.h
libxml2-2.6.22/include/libxml/tree.h
libxml2-2.6.22/include/libxml/nanohttp.h
libxml2-2.6.22/include/libxml/HTMLparser.h
libxml2-2.6.22/include/libxml/xmlautomata.h
libxml2-2.6.22/include/libxml/valid.h
libxml2-2.6.22/include/libxml/xmlschemas.h
libxml2-2.6.22/include/libxml/xmlschemastypes.h
libxml2-2.6.22/include/libxml/DOCBparser.h
libxml2-2.6.22/include/libxml/xlink.h
libxml2-2.6.22/include/libxml/globals.h
libxml2-2.6.22/include/libxml/uri.h
libxml2-2.6.22/include/libxml/xpathInternals.h
libxml2-2.6.22/include/libxml/xmlregexp.h
libxml2-2.6.22/include/libxml/parserInternals.h
libxml2-2.6.22/include/Makefile.am
libxml2-2.6.22/include/win32config.h
libxml2-2.6.22/include/Makefile.in
libxml2-2.6.22/include/wsockcompat.h
libxml2-2.6.22/xmlschemas.c
libxml2-2.6.22/uri.c
libxml2-2.6.22/libxml2.spec
libxml2-2.6.22/elfgcchack.h
libxml2-2.6.22/xml2Conf.sh.in
libxml2-2.6.22/trionan.h
libxml2-2.6.22/regressions.py
libxml2-2.6.22/parser.c
libxml2-2.6.22/chvalid.c
libxml2-2.6.22/depcomp
libxml2-2.6.22/testdso.c
libxml2-2.6.22/testAutomata.c
libxml2-2.6.22/testModule.c
libxml2-2.6.22/configure.in
libxml2-2.6.22/gentest.py
libxml2-2.6.22/triop.h
libxml2-2.6.22/libxml.h
libxml2-2.6.22/testSchemas.c
libxml2-2.6.22/Copyright
libxml2-2.6.22/mkinstalldirs
libxml2-2.6.22/libxml.m4
libxml2-2.6.22/testHTML.c
libxml2-2.6.22/testURI.c
libxml2-2.6.22/acinclude.m4
libxml2-2.6.22/error.c
libxml2-2.6.22/xmlsave.c
libxml2-2.6.22/vms/
libxml2-2.6.22/vms/build_libxml.com
libxml2-2.6.22/vms/config.vms
libxml2-2.6.22/vms/diffs.vms
libxml2-2.6.22/vms/readme.vms
libxml2-2.6.22/xlink.c
libxml2-2.6.22/testReader.c
libxml2-2.6.22/legacy.c
libxml2-2.6.22/xpointer.c
libxml2-2.6.22/libxml.3
libxml2-2.6.22/testSAX.c
libxml2-2.6.22/entities.c
libxml2-2.6.22/README
libxml2-2.6.22/config.sub
libxml2-2.6.22/TODO
libxml2-2.6.22/trio.c
libxml2-2.6.22/runtest.c
libxml2-2.6.22/xpath.c
libxml2-2.6.22/libxml.spec.in
libxml2-2.6.22/debugXML.c
libxml2-2.6.22/xmlwriter.c
libxml2-2.6.22/encoding.c
libxml2-2.6.22/schematron.c
libxml2-2.6.22/xstc/
libxml2-2.6.22/xstc/Makefile.am
libxml2-2.6.22/xstc/Makefile.in
libxml2-2.6.22/xstc/xstc-to-python.xsl
libxml2-2.6.22/xstc/xstc.py
libxml2-2.6.22/testThreads.c
libxml2-2.6.22/SAX.c
libxml2-2.6.22/dict.c
libxml2-2.6.22/xmlregexp.c
libxml2-2.6.22/HTMLtree.c
libxml2-2.6.22/c14n.c
libxml2-2.6.22/COPYING
libxml2-2.6.22/Makefile.tests
libxml2-2.6.22/HTMLparser.c
libxml2-2.6.22/TODO_SCHEMAS
libxml2-2.6.22/testThreadsWin32.c
libxml2-2.6.22/xmlreader.c
libxml2-2.6.22/check-relaxng-test-suite2.py
libxml2-2.6.22/README.tests
libxml2-2.6.22/xmlcatalog.c
libxml2-2.6.22/genUnicode.py
libxml2-2.6.22/SAX2.c
libxml2-2.6.22/AUTHORS
libxml2-2.6.22/pattern.c
libxml2-2.6.22/example/
libxml2-2.6.22/example/Makefile.am
libxml2-2.6.22/example/gjobs.xml
libxml2-2.6.22/example/Makefile.in
libxml2-2.6.22/example/gjobread.c
libxml2-2.6.22/xmlIO.c
libxml2-2.6.22/python/
libxml2-2.6.22/python/tests/
libxml2-2.6.22/python/tests/reader8.py
libxml2-2.6.22/python/tests/valid.xml
libxml2-2.6.22/python/tests/pushSAXhtml.py
libxml2-2.6.22/python/tests/walker.py
libxml2-2.6.22/python/tests/Makefile.am
libxml2-2.6.22/python/tests/reader5.py
libxml2-2.6.22/python/tests/reader3.py
libxml2-2.6.22/python/tests/tstLastError.py
libxml2-2.6.22/python/tests/ctxterror.py
libxml2-2.6.22/python/tests/tstURI.py
libxml2-2.6.22/python/tests/thread2.py
libxml2-2.6.22/python/tests/dtdvalid.py
libxml2-2.6.22/python/tests/validate.py
libxml2-2.6.22/python/tests/reader7.py
libxml2-2.6.22/python/tests/tst.xml
libxml2-2.6.22/python/tests/nsdel.py
libxml2-2.6.22/python/tests/regexp.py
libxml2-2.6.22/python/tests/resolver.py
libxml2-2.6.22/python/tests/invalid.xml
libxml2-2.6.22/python/tests/test.dtd
libxml2-2.6.22/python/tests/tst.py
libxml2-2.6.22/python/tests/push.py
libxml2-2.6.22/python/tests/Makefile.in
libxml2-2.6.22/python/tests/xpathret.py
libxml2-2.6.22/python/tests/indexes.py
libxml2-2.6.22/python/tests/cutnpaste.py
libxml2-2.6.22/python/tests/readererr.py
libxml2-2.6.22/python/tests/tstmem.py
libxml2-2.6.22/python/tests/build.py
libxml2-2.6.22/python/tests/inbuf.py
libxml2-2.6.22/python/tests/reader.py
libxml2-2.6.22/python/tests/tstxpath.py
libxml2-2.6.22/python/tests/validDTD.py
libxml2-2.6.22/python/tests/attribs.py
libxml2-2.6.22/python/tests/xpathext.py
libxml2-2.6.22/python/tests/schema.py
libxml2-2.6.22/python/tests/sync.py
libxml2-2.6.22/python/tests/outbuf.py
libxml2-2.6.22/python/tests/relaxng.py
libxml2-2.6.22/python/tests/serialize.py
libxml2-2.6.22/python/tests/error.py
libxml2-2.6.22/python/tests/pushSAX.py
libxml2-2.6.22/python/tests/validRNG.py
libxml2-2.6.22/python/tests/validSchemas.py
libxml2-2.6.22/python/tests/reader4.py
libxml2-2.6.22/python/tests/reader6.py
libxml2-2.6.22/python/tests/readernext.py
libxml2-2.6.22/python/tests/reader2.py
libxml2-2.6.22/python/tests/xpath.py
libxml2-2.6.22/python/Makefile.am
libxml2-2.6.22/python/generator.py
libxml2-2.6.22/python/setup.py.in
libxml2-2.6.22/python/libxml.c
libxml2-2.6.22/python/drv_libxml2.py
libxml2-2.6.22/python/Makefile.in
libxml2-2.6.22/python/types.c
libxml2-2.6.22/python/setup.py
libxml2-2.6.22/python/README
libxml2-2.6.22/python/libxml.py
libxml2-2.6.22/python/TODO
libxml2-2.6.22/python/libxml2-py.c
libxml2-2.6.22/python/libxml2-python-api.xml
libxml2-2.6.22/python/libxml_wrap.h
(cd libxml2-2.6.22; \
./configure  --bindir=/home/ualusr2011/ual1220/ual1/tools/bin/linux --libdir=/home/ualusr2011/ual1220/ual1/tools/lib/linux --includedir=/home/ualusr2011/ual1220/ual1/tools/include --mandir=/home/ualusr2011/ual1220/ual1/tools/man --datadir=/home/ualusr2011/ual1220/ual1/tools/share  ; \
mv Makefile Makefile.orig; \
cp Makefile.orig Makefile; \
make; \
make install;) 
checking build system type... x86_64-redhat-linux-gnu
checking host system type... x86_64-redhat-linux-gnu
checking for a BSD-compatible install... /usr/bin/install -c
checking whether build environment is sane... yes
checking for gawk... gawk
checking whether make sets $(MAKE)... yes
checking for gcc... gcc
checking for C compiler default output file name... a.out
checking whether the C compiler works... yes
checking whether we are cross compiling... no
checking for suffix of executables... 
checking for suffix of object files... o
checking whether we are using the GNU C compiler... yes
checking whether gcc accepts -g... yes
checking for gcc option to accept ANSI C... none needed
checking for style of include used by make... GNU
checking dependency style of gcc... gcc3
checking for a BSD-compatible install... /usr/bin/install -c
checking how to run the C preprocessor... gcc -E
checking for rm... /usr/bin/rm
checking for mv... /usr/bin/mv
checking for tar... /usr/bin/tar
checking for perl... /usr/bin/perl
checking for xmllint... /home/ualusr2011/ual1206/ual1/tools/bin/linux//xmllint
checking for xsltproc... /usr/bin/xsltproc
checking for function prototypes... yes
checking for egrep... grep -E
checking for ANSI C header files... yes
checking for sys/types.h... yes
checking for sys/stat.h... yes
checking for stdlib.h... yes
checking for string.h... yes
checking for memory.h... yes
checking for strings.h... yes
checking for inttypes.h... yes
checking for stdint.h... yes
checking for unistd.h... yes
checking for string.h... (cached) yes
checking for a sed that does not truncate output... /usr/bin/sed
checking for ld used by gcc... /usr/bin/ld
checking if the linker (/usr/bin/ld) is GNU ld... yes
checking for /usr/bin/ld option to reload object files... -r
checking for BSD-compatible nm... /usr/bin/nm -B
checking whether ln -s works... yes
checking how to recognise dependent libraries... pass_all
checking dlfcn.h usability... yes
checking dlfcn.h presence... yes
checking for dlfcn.h... yes
checking for g++... g++
checking whether we are using the GNU C++ compiler... yes
checking whether g++ accepts -g... yes
checking dependency style of g++... gcc3
checking how to run the C++ preprocessor... g++ -E
checking for g77... no
checking for f77... no
checking for xlf... no
checking for frt... no
checking for pgf77... no
checking for fort77... no
checking for fl32... no
checking for af77... no
checking for f90... no
checking for xlf90... no
checking for pgf90... no
checking for epcf90... no
checking for f95... f95
checking whether we are using the GNU Fortran 77 compiler... yes
checking whether f95 accepts -g... yes
checking the maximum length of command line arguments... 32768
checking command to parse /usr/bin/nm -B output from gcc object... ok
checking for objdir... .libs
checking for ar... ar
checking for ranlib... ranlib
checking for strip... strip
checking if gcc static flag  works... yes
checking if gcc supports -fno-rtti -fno-exceptions... no
checking for gcc option to produce PIC... -fPIC
checking if gcc PIC flag -fPIC works... yes
checking if gcc supports -c -o file.o... yes
checking whether the gcc linker (/usr/bin/ld -m elf_x86_64) supports shared libraries... yes
checking whether -lc should be explicitly linked in... no
checking dynamic linker characteristics... GNU/Linux ld.so
checking how to hardcode library paths into programs... immediate
checking whether stripping libraries is possible... yes
checking if libtool supports shared libraries... yes
checking whether to build shared libraries... yes
checking whether to build static libraries... yes
configure: creating libtool
appending configuration tag "CXX" to libtool
checking for ld used by g++... /usr/bin/ld -m elf_x86_64
checking if the linker (/usr/bin/ld -m elf_x86_64) is GNU ld... yes
checking whether the g++ linker (/usr/bin/ld -m elf_x86_64) supports shared libraries... yes
checking for g++ option to produce PIC... -fPIC
checking if g++ PIC flag -fPIC works... yes
checking if g++ supports -c -o file.o... yes
checking whether the g++ linker (/usr/bin/ld -m elf_x86_64) supports shared libraries... yes
checking dynamic linker characteristics... GNU/Linux ld.so
checking how to hardcode library paths into programs... immediate
checking whether stripping libraries is possible... yes
appending configuration tag "F77" to libtool
checking if libtool supports shared libraries... yes
checking whether to build shared libraries... yes
checking whether to build static libraries... yes
checking for f95 option to produce PIC... -fPIC
checking if f95 PIC flag -fPIC works... yes
checking if f95 supports -c -o file.o... yes
checking whether the f95 linker (/usr/bin/ld -m elf_x86_64) supports shared libraries... yes
checking dynamic linker characteristics... GNU/Linux ld.so
checking how to hardcode library paths into programs... immediate
checking whether stripping libraries is possible... yes
Checking zlib
checking zlib.h usability... no
checking zlib.h presence... no
checking for zlib.h... no
Checking headers
checking for dirent.h that defines DIR... yes
checking for library containing opendir... none required
checking for ANSI C header files... (cached) yes
checking fcntl.h usability... yes
checking fcntl.h presence... yes
checking for fcntl.h... yes
checking for unistd.h... (cached) yes
checking ctype.h usability... yes
checking ctype.h presence... yes
checking for ctype.h... yes
checking dirent.h usability... yes
checking dirent.h presence... yes
checking for dirent.h... yes
checking errno.h usability... yes
checking errno.h presence... yes
checking for errno.h... yes
checking malloc.h usability... yes
checking malloc.h presence... yes
checking for malloc.h... yes
checking stdarg.h usability... yes
checking stdarg.h presence... yes
checking for stdarg.h... yes
checking for sys/stat.h... (cached) yes
checking for sys/types.h... (cached) yes
checking time.h usability... yes
checking time.h presence... yes
checking for time.h... yes
checking ansidecl.h usability... no
checking ansidecl.h presence... no
checking for ansidecl.h... no
checking ieeefp.h usability... no
checking ieeefp.h presence... no
checking for ieeefp.h... no
checking nan.h usability... no
checking nan.h presence... no
checking for nan.h... no
checking math.h usability... yes
checking math.h presence... yes
checking for math.h... yes
checking limits.h usability... yes
checking limits.h presence... yes
checking for limits.h... yes
checking fp_class.h usability... no
checking fp_class.h presence... no
checking for fp_class.h... no
checking float.h usability... yes
checking float.h presence... yes
checking for float.h... yes
checking for stdlib.h... (cached) yes
checking for sys/socket.h... yes
checking for netinet/in.h... yes
checking for arpa/inet.h... yes
checking netdb.h usability... yes
checking netdb.h presence... yes
checking for netdb.h... yes
checking sys/time.h usability... yes
checking sys/time.h presence... yes
checking for sys/time.h... yes
checking sys/select.h usability... yes
checking sys/select.h presence... yes
checking for sys/select.h... yes
checking sys/mman.h usability... yes
checking sys/mman.h presence... yes
checking for sys/mman.h... yes
checking sys/timeb.h usability... yes
checking sys/timeb.h presence... yes
checking for sys/timeb.h... yes
checking signal.h usability... yes
checking signal.h presence... yes
checking for signal.h... yes
checking for arpa/nameser.h... yes
checking for resolv.h... yes
checking dl.h usability... no
checking dl.h presence... no
checking for dl.h... no
checking for dlfcn.h... (cached) yes
Checking libraries
checking for strftime... yes
checking for strdup... yes
checking for strndup... yes
checking for strerror... yes
checking for finite... yes
checking for isnand... no
checking for fp_class... no
checking for class... no
checking for fpclass... no
checking for strftime... (cached) yes
checking for localtime... yes
checking for gettimeofday... yes
checking for ftime... yes
checking for stat... yes
checking for _stat... no
checking for signal... yes
checking for printf... yes
checking for sprintf... yes
checking for fprintf... yes
checking for snprintf... yes
checking for vfprintf... yes
checking for vsprintf... yes
checking for vsnprintf... yes
checking for sscanf... yes
checking for gethostent... yes
checking for setsockopt... yes
checking for setsockopt... (cached) yes
checking for connect... yes
checking for type of socket length (socklen_t)... socklen_t *
checking whether to enable IPv6... yes
checking struct sockaddr::ss_family... yes
checking for getaddrinfo... yes
checking for isnan... yes
checking for isinf... yes
Found python in /bin/python
Found Python version 2.7
checking for shl_load in -ldld... no
checking for dlopen in -ldl... yes
Checking configuration requirements
Enabling multithreaded support
checking pthread.h usability... yes
checking pthread.h presence... yes
checking for pthread.h... yes
checking for pthread_join in -lpthread... yes
checking iconv.h usability... yes
checking iconv.h presence... yes
checking for iconv.h... yes
checking for iconv... yes
Enabled Schematron support
Enabled Schemas/Relax-NG support
configure: creating ./config.status
config.status: creating libxml2.spec
config.status: creating Makefile
config.status: creating include/Makefile
config.status: creating include/libxml/Makefile
config.status: creating doc/Makefile
config.status: creating doc/examples/Makefile
config.status: creating doc/devhelp/Makefile
config.status: creating example/Makefile
config.status: creating python/Makefile
config.status: creating python/tests/Makefile
config.status: creating xstc/Makefile
config.status: creating include/libxml/xmlversion.h
config.status: creating xml2-config
config.status: creating libxml-2.0.pc
config.status: creating libxml-2.0-uninstalled.pc
config.status: creating python/setup.py
config.status: creating config.h
config.status: executing depfiles commands
make[3]: Entering directory `/home/ualusr2011/ual1220/ual1/tools/tars/libxml2-2.6.22'
make  all-recursive
make[4]: Entering directory `/home/ualusr2011/ual1220/ual1/tools/tars/libxml2-2.6.22'
Making all in include
make[5]: Entering directory `/home/ualusr2011/ual1220/ual1/tools/tars/libxml2-2.6.22/include'
Making all in libxml
make[6]: Entering directory `/home/ualusr2011/ual1220/ual1/tools/tars/libxml2-2.6.22/include/libxml'
make[6]: Nothing to be done for `all'.
make[6]: Leaving directory `/home/ualusr2011/ual1220/ual1/tools/tars/libxml2-2.6.22/include/libxml'
make[6]: Entering directory `/home/ualusr2011/ual1220/ual1/tools/tars/libxml2-2.6.22/include'
make[6]: Nothing to be done for `all-am'.
make[6]: Leaving directory `/home/ualusr2011/ual1220/ual1/tools/tars/libxml2-2.6.22/include'
make[5]: Leaving directory `/home/ualusr2011/ual1220/ual1/tools/tars/libxml2-2.6.22/include'
Making all in .
make[5]: Entering directory `/home/ualusr2011/ual1220/ual1/tools/tars/libxml2-2.6.22'
if /bin/sh ./libtool --mode=compile --tag=CC gcc -DHAVE_CONFIG_H -I. -I. -I. -I./include -I./include  -D_REENTRANT      -g -O2 -pedantic -W -Wformat -Wunused -Wimplicit -Wreturn-type -Wswitch -Wcomment -Wtrigraphs -Wformat -Wchar-subscripts -Wuninitialized -Wparentheses -Wshadow -Wpointer-arith -Wcast-align -Wwrite-strings -Waggregate-return -Wstrict-prototypes -Wmissing-prototypes -Wnested-externs -Winline -Wredundant-decls -MT SAX.lo -MD -MP -MF ".deps/SAX.Tpo" -c -o SAX.lo SAX.c; \
then mv -f ".deps/SAX.Tpo" ".deps/SAX.Plo"; else rm -f ".deps/SAX.Tpo"; exit 1; fi
mkdir .libs
 gcc -DHAVE_CONFIG_H -I. -I. -I. -I./include -I./include -D_REENTRANT -g -O2 -pedantic -W -Wformat -Wunused -Wimplicit -Wreturn-type -Wswitch -Wcomment -Wtrigraphs -Wformat -Wchar-subscripts -Wuninitialized -Wparentheses -Wshadow -Wpointer-arith -Wcast-align -Wwrite-strings -Waggregate-return -Wstrict-prototypes -Wmissing-prototypes -Wnested-externs -Winline -Wredundant-decls -MT SAX.lo -MD -MP -MF .deps/SAX.Tpo -c SAX.c  -fPIC -DPIC -o .libs/SAX.o
 gcc -DHAVE_CONFIG_H -I. -I. -I. -I./include -I./include -D_REENTRANT -g -O2 -pedantic -W -Wformat -Wunused -Wimplicit -Wreturn-type -Wswitch -Wcomment -Wtrigraphs -Wformat -Wchar-subscripts -Wuninitialized -Wparentheses -Wshadow -Wpointer-arith -Wcast-align -Wwrite-strings -Waggregate-return -Wstrict-prototypes -Wmissing-prototypes -Wnested-externs -Winline -Wredundant-decls -MT SAX.lo -MD -MP -MF .deps/SAX.Tpo -c SAX.c -o SAX.o >/dev/null 2>&1
if /bin/sh ./libtool --mode=compile --tag=CC gcc -DHAVE_CONFIG_H -I. -I. -I. -I./include -I./include  -D_REENTRANT      -g -O2 -pedantic -W -Wformat -Wunused -Wimplicit -Wreturn-type -Wswitch -Wcomment -Wtrigraphs -Wformat -Wchar-subscripts -Wuninitialized -Wparentheses -Wshadow -Wpointer-arith -Wcast-align -Wwrite-strings -Waggregate-return -Wstrict-prototypes -Wmissing-prototypes -Wnested-externs -Winline -Wredundant-decls -MT entities.lo -MD -MP -MF ".deps/entities.Tpo" -c -o entities.lo entities.c; \
then mv -f ".deps/entities.Tpo" ".deps/entities.Plo"; else rm -f ".deps/entities.Tpo"; exit 1; fi
 gcc -DHAVE_CONFIG_H -I. -I. -I. -I./include -I./include -D_REENTRANT -g -O2 -pedantic -W -Wformat -Wunused -Wimplicit -Wreturn-type -Wswitch -Wcomment -Wtrigraphs -Wformat -Wchar-subscripts -Wuninitialized -Wparentheses -Wshadow -Wpointer-arith -Wcast-align -Wwrite-strings -Waggregate-return -Wstrict-prototypes -Wmissing-prototypes -Wnested-externs -Winline -Wredundant-decls -MT entities.lo -MD -MP -MF .deps/entities.Tpo -c entities.c  -fPIC -DPIC -o .libs/entities.o
 gcc -DHAVE_CONFIG_H -I. -I. -I. -I./include -I./include -D_REENTRANT -g -O2 -pedantic -W -Wformat -Wunused -Wimplicit -Wreturn-type -Wswitch -Wcomment -Wtrigraphs -Wformat -Wchar-subscripts -Wuninitialized -Wparentheses -Wshadow -Wpointer-arith -Wcast-align -Wwrite-strings -Waggregate-return -Wstrict-prototypes -Wmissing-prototypes -Wnested-externs -Winline -Wredundant-decls -MT entities.lo -MD -MP -MF .deps/entities.Tpo -c entities.c -o entities.o >/dev/null 2>&1
if /bin/sh ./libtool --mode=compile --tag=CC gcc -DHAVE_CONFIG_H -I. -I. -I. -I./include -I./include  -D_REENTRANT      -g -O2 -pedantic -W -Wformat -Wunused -Wimplicit -Wreturn-type -Wswitch -Wcomment -Wtrigraphs -Wformat -Wchar-subscripts -Wuninitialized -Wparentheses -Wshadow -Wpointer-arith -Wcast-align -Wwrite-strings -Waggregate-return -Wstrict-prototypes -Wmissing-prototypes -Wnested-externs -Winline -Wredundant-decls -MT encoding.lo -MD -MP -MF ".deps/encoding.Tpo" -c -o encoding.lo encoding.c; \
then mv -f ".deps/encoding.Tpo" ".deps/encoding.Plo"; else rm -f ".deps/encoding.Tpo"; exit 1; fi
 gcc -DHAVE_CONFIG_H -I. -I. -I. -I./include -I./include -D_REENTRANT -g -O2 -pedantic -W -Wformat -Wunused -Wimplicit -Wreturn-type -Wswitch -Wcomment -Wtrigraphs -Wformat -Wchar-subscripts -Wuninitialized -Wparentheses -Wshadow -Wpointer-arith -Wcast-align -Wwrite-strings -Waggregate-return -Wstrict-prototypes -Wmissing-prototypes -Wnested-externs -Winline -Wredundant-decls -MT encoding.lo -MD -MP -MF .deps/encoding.Tpo -c encoding.c  -fPIC -DPIC -o .libs/encoding.o
 gcc -DHAVE_CONFIG_H -I. -I. -I. -I./include -I./include -D_REENTRANT -g -O2 -pedantic -W -Wformat -Wunused -Wimplicit -Wreturn-type -Wswitch -Wcomment -Wtrigraphs -Wformat -Wchar-subscripts -Wuninitialized -Wparentheses -Wshadow -Wpointer-arith -Wcast-align -Wwrite-strings -Waggregate-return -Wstrict-prototypes -Wmissing-prototypes -Wnested-externs -Winline -Wredundant-decls -MT encoding.lo -MD -MP -MF .deps/encoding.Tpo -c encoding.c -o encoding.o >/dev/null 2>&1
if /bin/sh ./libtool --mode=compile --tag=CC gcc -DHAVE_CONFIG_H -I. -I. -I. -I./include -I./include  -D_REENTRANT      -g -O2 -pedantic -W -Wformat -Wunused -Wimplicit -Wreturn-type -Wswitch -Wcomment -Wtrigraphs -Wformat -Wchar-subscripts -Wuninitialized -Wparentheses -Wshadow -Wpointer-arith -Wcast-align -Wwrite-strings -Waggregate-return -Wstrict-prototypes -Wmissing-prototypes -Wnested-externs -Winline -Wredundant-decls -MT error.lo -MD -MP -MF ".deps/error.Tpo" -c -o error.lo error.c; \
then mv -f ".deps/error.Tpo" ".deps/error.Plo"; else rm -f ".deps/error.Tpo"; exit 1; fi
 gcc -DHAVE_CONFIG_H -I. -I. -I. -I./include -I./include -D_REENTRANT -g -O2 -pedantic -W -Wformat -Wunused -Wimplicit -Wreturn-type -Wswitch -Wcomment -Wtrigraphs -Wformat -Wchar-subscripts -Wuninitialized -Wparentheses -Wshadow -Wpointer-arith -Wcast-align -Wwrite-strings -Waggregate-return -Wstrict-prototypes -Wmissing-prototypes -Wnested-externs -Winline -Wredundant-decls -MT error.lo -MD -MP -MF .deps/error.Tpo -c error.c  -fPIC -DPIC -o .libs/error.o
 gcc -DHAVE_CONFIG_H -I. -I. -I. -I./include -I./include -D_REENTRANT -g -O2 -pedantic -W -Wformat -Wunused -Wimplicit -Wreturn-type -Wswitch -Wcomment -Wtrigraphs -Wformat -Wchar-subscripts -Wuninitialized -Wparentheses -Wshadow -Wpointer-arith -Wcast-align -Wwrite-strings -Waggregate-return -Wstrict-prototypes -Wmissing-prototypes -Wnested-externs -Winline -Wredundant-decls -MT error.lo -MD -MP -MF .deps/error.Tpo -c error.c -o error.o >/dev/null 2>&1
if /bin/sh ./libtool --mode=compile --tag=CC gcc -DHAVE_CONFIG_H -I. -I. -I. -I./include -I./include  -D_REENTRANT      -g -O2 -pedantic -W -Wformat -Wunused -Wimplicit -Wreturn-type -Wswitch -Wcomment -Wtrigraphs -Wformat -Wchar-subscripts -Wuninitialized -Wparentheses -Wshadow -Wpointer-arith -Wcast-align -Wwrite-strings -Waggregate-return -Wstrict-prototypes -Wmissing-prototypes -Wnested-externs -Winline -Wredundant-decls -MT parserInternals.lo -MD -MP -MF ".deps/parserInternals.Tpo" -c -o parserInternals.lo parserInternals.c; \
then mv -f ".deps/parserInternals.Tpo" ".deps/parserInternals.Plo"; else rm -f ".deps/parserInternals.Tpo"; exit 1; fi
 gcc -DHAVE_CONFIG_H -I. -I. -I. -I./include -I./include -D_REENTRANT -g -O2 -pedantic -W -Wformat -Wunused -Wimplicit -Wreturn-type -Wswitch -Wcomment -Wtrigraphs -Wformat -Wchar-subscripts -Wuninitialized -Wparentheses -Wshadow -Wpointer-arith -Wcast-align -Wwrite-strings -Waggregate-return -Wstrict-prototypes -Wmissing-prototypes -Wnested-externs -Winline -Wredundant-decls -MT parserInternals.lo -MD -MP -MF .deps/parserInternals.Tpo -c parserInternals.c  -fPIC -DPIC -o .libs/parserInternals.o
 gcc -DHAVE_CONFIG_H -I. -I. -I. -I./include -I./include -D_REENTRANT -g -O2 -pedantic -W -Wformat -Wunused -Wimplicit -Wreturn-type -Wswitch -Wcomment -Wtrigraphs -Wformat -Wchar-subscripts -Wuninitialized -Wparentheses -Wshadow -Wpointer-arith -Wcast-align -Wwrite-strings -Waggregate-return -Wstrict-prototypes -Wmissing-prototypes -Wnested-externs -Winline -Wredundant-decls -MT parserInternals.lo -MD -MP -MF .deps/parserInternals.Tpo -c parserInternals.c -o parserInternals.o >/dev/null 2>&1
if /bin/sh ./libtool --mode=compile --tag=CC gcc -DHAVE_CONFIG_H -I. -I. -I. -I./include -I./include  -D_REENTRANT      -g -O2 -pedantic -W -Wformat -Wunused -Wimplicit -Wreturn-type -Wswitch -Wcomment -Wtrigraphs -Wformat -Wchar-subscripts -Wuninitialized -Wparentheses -Wshadow -Wpointer-arith -Wcast-align -Wwrite-strings -Waggregate-return -Wstrict-prototypes -Wmissing-prototypes -Wnested-externs -Winline -Wredundant-decls -MT parser.lo -MD -MP -MF ".deps/parser.Tpo" -c -o parser.lo parser.c; \
then mv -f ".deps/parser.Tpo" ".deps/parser.Plo"; else rm -f ".deps/parser.Tpo"; exit 1; fi
 gcc -DHAVE_CONFIG_H -I. -I. -I. -I./include -I./include -D_REENTRANT -g -O2 -pedantic -W -Wformat -Wunused -Wimplicit -Wreturn-type -Wswitch -Wcomment -Wtrigraphs -Wformat -Wchar-subscripts -Wuninitialized -Wparentheses -Wshadow -Wpointer-arith -Wcast-align -Wwrite-strings -Waggregate-return -Wstrict-prototypes -Wmissing-prototypes -Wnested-externs -Winline -Wredundant-decls -MT parser.lo -MD -MP -MF .deps/parser.Tpo -c parser.c  -fPIC -DPIC -o .libs/parser.o
 gcc -DHAVE_CONFIG_H -I. -I. -I. -I./include -I./include -D_REENTRANT -g -O2 -pedantic -W -Wformat -Wunused -Wimplicit -Wreturn-type -Wswitch -Wcomment -Wtrigraphs -Wformat -Wchar-subscripts -Wuninitialized -Wparentheses -Wshadow -Wpointer-arith -Wcast-align -Wwrite-strings -Waggregate-return -Wstrict-prototypes -Wmissing-prototypes -Wnested-externs -Winline -Wredundant-decls -MT parser.lo -MD -MP -MF .deps/parser.Tpo -c parser.c -o parser.o >/dev/null 2>&1
if /bin/sh ./libtool --mode=compile --tag=CC gcc -DHAVE_CONFIG_H -I. -I. -I. -I./include -I./include  -D_REENTRANT      -g -O2 -pedantic -W -Wformat -Wunused -Wimplicit -Wreturn-type -Wswitch -Wcomment -Wtrigraphs -Wformat -Wchar-subscripts -Wuninitialized -Wparentheses -Wshadow -Wpointer-arith -Wcast-align -Wwrite-strings -Waggregate-return -Wstrict-prototypes -Wmissing-prototypes -Wnested-externs -Winline -Wredundant-decls -MT tree.lo -MD -MP -MF ".deps/tree.Tpo" -c -o tree.lo tree.c; \
then mv -f ".deps/tree.Tpo" ".deps/tree.Plo"; else rm -f ".deps/tree.Tpo"; exit 1; fi
 gcc -DHAVE_CONFIG_H -I. -I. -I. -I./include -I./include -D_REENTRANT -g -O2 -pedantic -W -Wformat -Wunused -Wimplicit -Wreturn-type -Wswitch -Wcomment -Wtrigraphs -Wformat -Wchar-subscripts -Wuninitialized -Wparentheses -Wshadow -Wpointer-arith -Wcast-align -Wwrite-strings -Waggregate-return -Wstrict-prototypes -Wmissing-prototypes -Wnested-externs -Winline -Wredundant-decls -MT tree.lo -MD -MP -MF .deps/tree.Tpo -c tree.c  -fPIC -DPIC -o .libs/tree.o
tree.c: In function 'xmlUnsetProp__internal_alias':
tree.c:6261:22: warning: variable 'prev' set but not used [-Wunused-but-set-variable]
     xmlAttrPtr prop, prev = NULL;;
                      ^
tree.c: In function 'xmlUnsetNsProp__internal_alias':
tree.c:6290:22: warning: variable 'prev' set but not used [-Wunused-but-set-variable]
     xmlAttrPtr prop, prev = NULL;;
                      ^
 gcc -DHAVE_CONFIG_H -I. -I. -I. -I./include -I./include -D_REENTRANT -g -O2 -pedantic -W -Wformat -Wunused -Wimplicit -Wreturn-type -Wswitch -Wcomment -Wtrigraphs -Wformat -Wchar-subscripts -Wuninitialized -Wparentheses -Wshadow -Wpointer-arith -Wcast-align -Wwrite-strings -Waggregate-return -Wstrict-prototypes -Wmissing-prototypes -Wnested-externs -Winline -Wredundant-decls -MT tree.lo -MD -MP -MF .deps/tree.Tpo -c tree.c -o tree.o >/dev/null 2>&1
if /bin/sh ./libtool --mode=compile --tag=CC gcc -DHAVE_CONFIG_H -I. -I. -I. -I./include -I./include  -D_REENTRANT      -g -O2 -pedantic -W -Wformat -Wunused -Wimplicit -Wreturn-type -Wswitch -Wcomment -Wtrigraphs -Wformat -Wchar-subscripts -Wuninitialized -Wparentheses -Wshadow -Wpointer-arith -Wcast-align -Wwrite-strings -Waggregate-return -Wstrict-prototypes -Wmissing-prototypes -Wnested-externs -Winline -Wredundant-decls -MT hash.lo -MD -MP -MF ".deps/hash.Tpo" -c -o hash.lo hash.c; \
then mv -f ".deps/hash.Tpo" ".deps/hash.Plo"; else rm -f ".deps/hash.Tpo"; exit 1; fi
 gcc -DHAVE_CONFIG_H -I. -I. -I. -I./include -I./include -D_REENTRANT -g -O2 -pedantic -W -Wformat -Wunused -Wimplicit -Wreturn-type -Wswitch -Wcomment -Wtrigraphs -Wformat -Wchar-subscripts -Wuninitialized -Wparentheses -Wshadow -Wpointer-arith -Wcast-align -Wwrite-strings -Waggregate-return -Wstrict-prototypes -Wmissing-prototypes -Wnested-externs -Winline -Wredundant-decls -MT hash.lo -MD -MP -MF .deps/hash.Tpo -c hash.c  -fPIC -DPIC -o .libs/hash.o
 gcc -DHAVE_CONFIG_H -I. -I. -I. -I./include -I./include -D_REENTRANT -g -O2 -pedantic -W -Wformat -Wunused -Wimplicit -Wreturn-type -Wswitch -Wcomment -Wtrigraphs -Wformat -Wchar-subscripts -Wuninitialized -Wparentheses -Wshadow -Wpointer-arith -Wcast-align -Wwrite-strings -Waggregate-return -Wstrict-prototypes -Wmissing-prototypes -Wnested-externs -Winline -Wredundant-decls -MT hash.lo -MD -MP -MF .deps/hash.Tpo -c hash.c -o hash.o >/dev/null 2>&1
if /bin/sh ./libtool --mode=compile --tag=CC gcc -DHAVE_CONFIG_H -I. -I. -I. -I./include -I./include  -D_REENTRANT      -g -O2 -pedantic -W -Wformat -Wunused -Wimplicit -Wreturn-type -Wswitch -Wcomment -Wtrigraphs -Wformat -Wchar-subscripts -Wuninitialized -Wparentheses -Wshadow -Wpointer-arith -Wcast-align -Wwrite-strings -Waggregate-return -Wstrict-prototypes -Wmissing-prototypes -Wnested-externs -Winline -Wredundant-decls -MT list.lo -MD -MP -MF ".deps/list.Tpo" -c -o list.lo list.c; \
then mv -f ".deps/list.Tpo" ".deps/list.Plo"; else rm -f ".deps/list.Tpo"; exit 1; fi
 gcc -DHAVE_CONFIG_H -I. -I. -I. -I./include -I./include -D_REENTRANT -g -O2 -pedantic -W -Wformat -Wunused -Wimplicit -Wreturn-type -Wswitch -Wcomment -Wtrigraphs -Wformat -Wchar-subscripts -Wuninitialized -Wparentheses -Wshadow -Wpointer-arith -Wcast-align -Wwrite-strings -Waggregate-return -Wstrict-prototypes -Wmissing-prototypes -Wnested-externs -Winline -Wredundant-decls -MT list.lo -MD -MP -MF .deps/list.Tpo -c list.c  -fPIC -DPIC -o .libs/list.o
 gcc -DHAVE_CONFIG_H -I. -I. -I. -I./include -I./include -D_REENTRANT -g -O2 -pedantic -W -Wformat -Wunused -Wimplicit -Wreturn-type -Wswitch -Wcomment -Wtrigraphs -Wformat -Wchar-subscripts -Wuninitialized -Wparentheses -Wshadow -Wpointer-arith -Wcast-align -Wwrite-strings -Waggregate-return -Wstrict-prototypes -Wmissing-prototypes -Wnested-externs -Winline -Wredundant-decls -MT list.lo -MD -MP -MF .deps/list.Tpo -c list.c -o list.o >/dev/null 2>&1
if /bin/sh ./libtool --mode=compile --tag=CC gcc -DHAVE_CONFIG_H -I. -I. -I. -I./include -I./include  -D_REENTRANT      -g -O2 -pedantic -W -Wformat -Wunused -Wimplicit -Wreturn-type -Wswitch -Wcomment -Wtrigraphs -Wformat -Wchar-subscripts -Wuninitialized -Wparentheses -Wshadow -Wpointer-arith -Wcast-align -Wwrite-strings -Waggregate-return -Wstrict-prototypes -Wmissing-prototypes -Wnested-externs -Winline -Wredundant-decls -MT xmlIO.lo -MD -MP -MF ".deps/xmlIO.Tpo" -c -o xmlIO.lo xmlIO.c; \
then mv -f ".deps/xmlIO.Tpo" ".deps/xmlIO.Plo"; else rm -f ".deps/xmlIO.Tpo"; exit 1; fi
 gcc -DHAVE_CONFIG_H -I. -I. -I. -I./include -I./include -D_REENTRANT -g -O2 -pedantic -W -Wformat -Wunused -Wimplicit -Wreturn-type -Wswitch -Wcomment -Wtrigraphs -Wformat -Wchar-subscripts -Wuninitialized -Wparentheses -Wshadow -Wpointer-arith -Wcast-align -Wwrite-strings -Waggregate-return -Wstrict-prototypes -Wmissing-prototypes -Wnested-externs -Winline -Wredundant-decls -MT xmlIO.lo -MD -MP -MF .deps/xmlIO.Tpo -c xmlIO.c  -fPIC -DPIC -o .libs/xmlIO.o
xmlIO.c: In function 'xmlIOHTTPOpenW__internal_alias':
xmlIO.c:1473:42: warning: unused parameter 'compression' [-Wunused-parameter]
 xmlIOHTTPOpenW(const char *post_uri, int compression)
                                          ^
 gcc -DHAVE_CONFIG_H -I. -I. -I. -I./include -I./include -D_REENTRANT -g -O2 -pedantic -W -Wformat -Wunused -Wimplicit -Wreturn-type -Wswitch -Wcomment -Wtrigraphs -Wformat -Wchar-subscripts -Wuninitialized -Wparentheses -Wshadow -Wpointer-arith -Wcast-align -Wwrite-strings -Waggregate-return -Wstrict-prototypes -Wmissing-prototypes -Wnested-externs -Winline -Wredundant-decls -MT xmlIO.lo -MD -MP -MF .deps/xmlIO.Tpo -c xmlIO.c -o xmlIO.o >/dev/null 2>&1
if /bin/sh ./libtool --mode=compile --tag=CC gcc -DHAVE_CONFIG_H -I. -I. -I. -I./include -I./include  -D_REENTRANT      -g -O2 -pedantic -W -Wformat -Wunused -Wimplicit -Wreturn-type -Wswitch -Wcomment -Wtrigraphs -Wformat -Wchar-subscripts -Wuninitialized -Wparentheses -Wshadow -Wpointer-arith -Wcast-align -Wwrite-strings -Waggregate-return -Wstrict-prototypes -Wmissing-prototypes -Wnested-externs -Winline -Wredundant-decls -MT xmlmemory.lo -MD -MP -MF ".deps/xmlmemory.Tpo" -c -o xmlmemory.lo xmlmemory.c; \
then mv -f ".deps/xmlmemory.Tpo" ".deps/xmlmemory.Plo"; else rm -f ".deps/xmlmemory.Tpo"; exit 1; fi
 gcc -DHAVE_CONFIG_H -I. -I. -I. -I./include -I./include -D_REENTRANT -g -O2 -pedantic -W -Wformat -Wunused -Wimplicit -Wreturn-type -Wswitch -Wcomment -Wtrigraphs -Wformat -Wchar-subscripts -Wuninitialized -Wparentheses -Wshadow -Wpointer-arith -Wcast-align -Wwrite-strings -Waggregate-return -Wstrict-prototypes -Wmissing-prototypes -Wnested-externs -Winline -Wredundant-decls -MT xmlmemory.lo -MD -MP -MF .deps/xmlmemory.Tpo -c xmlmemory.c  -fPIC -DPIC -o .libs/xmlmemory.o
 gcc -DHAVE_CONFIG_H -I. -I. -I. -I./include -I./include -D_REENTRANT -g -O2 -pedantic -W -Wformat -Wunused -Wimplicit -Wreturn-type -Wswitch -Wcomment -Wtrigraphs -Wformat -Wchar-subscripts -Wuninitialized -Wparentheses -Wshadow -Wpointer-arith -Wcast-align -Wwrite-strings -Waggregate-return -Wstrict-prototypes -Wmissing-prototypes -Wnested-externs -Winline -Wredundant-decls -MT xmlmemory.lo -MD -MP -MF .deps/xmlmemory.Tpo -c xmlmemory.c -o xmlmemory.o >/dev/null 2>&1
if /bin/sh ./libtool --mode=compile --tag=CC gcc -DHAVE_CONFIG_H -I. -I. -I. -I./include -I./include  -D_REENTRANT      -g -O2 -pedantic -W -Wformat -Wunused -Wimplicit -Wreturn-type -Wswitch -Wcomment -Wtrigraphs -Wformat -Wchar-subscripts -Wuninitialized -Wparentheses -Wshadow -Wpointer-arith -Wcast-align -Wwrite-strings -Waggregate-return -Wstrict-prototypes -Wmissing-prototypes -Wnested-externs -Winline -Wredundant-decls -MT uri.lo -MD -MP -MF ".deps/uri.Tpo" -c -o uri.lo uri.c; \
then mv -f ".deps/uri.Tpo" ".deps/uri.Plo"; else rm -f ".deps/uri.Tpo"; exit 1; fi
 gcc -DHAVE_CONFIG_H -I. -I. -I. -I./include -I./include -D_REENTRANT -g -O2 -pedantic -W -Wformat -Wunused -Wimplicit -Wreturn-type -Wswitch -Wcomment -Wtrigraphs -Wformat -Wchar-subscripts -Wuninitialized -Wparentheses -Wshadow -Wpointer-arith -Wcast-align -Wwrite-strings -Waggregate-return -Wstrict-prototypes -Wmissing-prototypes -Wnested-externs -Winline -Wredundant-decls -MT uri.lo -MD -MP -MF .deps/uri.Tpo -c uri.c  -fPIC -DPIC -o .libs/uri.o
 gcc -DHAVE_CONFIG_H -I. -I. -I. -I./include -I./include -D_REENTRANT -g -O2 -pedantic -W -Wformat -Wunused -Wimplicit -Wreturn-type -Wswitch -Wcomment -Wtrigraphs -Wformat -Wchar-subscripts -Wuninitialized -Wparentheses -Wshadow -Wpointer-arith -Wcast-align -Wwrite-strings -Waggregate-return -Wstrict-prototypes -Wmissing-prototypes -Wnested-externs -Winline -Wredundant-decls -MT uri.lo -MD -MP -MF .deps/uri.Tpo -c uri.c -o uri.o >/dev/null 2>&1
if /bin/sh ./libtool --mode=compile --tag=CC gcc -DHAVE_CONFIG_H -I. -I. -I. -I./include -I./include  -D_REENTRANT      -g -O2 -pedantic -W -Wformat -Wunused -Wimplicit -Wreturn-type -Wswitch -Wcomment -Wtrigraphs -Wformat -Wchar-subscripts -Wuninitialized -Wparentheses -Wshadow -Wpointer-arith -Wcast-align -Wwrite-strings -Waggregate-return -Wstrict-prototypes -Wmissing-prototypes -Wnested-externs -Winline -Wredundant-decls -MT valid.lo -MD -MP -MF ".deps/valid.Tpo" -c -o valid.lo valid.c; \
then mv -f ".deps/valid.Tpo" ".deps/valid.Plo"; else rm -f ".deps/valid.Tpo"; exit 1; fi
 gcc -DHAVE_CONFIG_H -I. -I. -I. -I./include -I./include -D_REENTRANT -g -O2 -pedantic -W -Wformat -Wunused -Wimplicit -Wreturn-type -Wswitch -Wcomment -Wtrigraphs -Wformat -Wchar-subscripts -Wuninitialized -Wparentheses -Wshadow -Wpointer-arith -Wcast-align -Wwrite-strings -Waggregate-return -Wstrict-prototypes -Wmissing-prototypes -Wnested-externs -Winline -Wredundant-decls -MT valid.lo -MD -MP -MF .deps/valid.Tpo -c valid.c  -fPIC -DPIC -o .libs/valid.o
 gcc -DHAVE_CONFIG_H -I. -I. -I. -I./include -I./include -D_REENTRANT -g -O2 -pedantic -W -Wformat -Wunused -Wimplicit -Wreturn-type -Wswitch -Wcomment -Wtrigraphs -Wformat -Wchar-subscripts -Wuninitialized -Wparentheses -Wshadow -Wpointer-arith -Wcast-align -Wwrite-strings -Waggregate-return -Wstrict-prototypes -Wmissing-prototypes -Wnested-externs -Winline -Wredundant-decls -MT valid.lo -MD -MP -MF .deps/valid.Tpo -c valid.c -o valid.o >/dev/null 2>&1
if /bin/sh ./libtool --mode=compile --tag=CC gcc -DHAVE_CONFIG_H -I. -I. -I. -I./include -I./include  -D_REENTRANT      -g -O2 -pedantic -W -Wformat -Wunused -Wimplicit -Wreturn-type -Wswitch -Wcomment -Wtrigraphs -Wformat -Wchar-subscripts -Wuninitialized -Wparentheses -Wshadow -Wpointer-arith -Wcast-align -Wwrite-strings -Waggregate-return -Wstrict-prototypes -Wmissing-prototypes -Wnested-externs -Winline -Wredundant-decls -MT xlink.lo -MD -MP -MF ".deps/xlink.Tpo" -c -o xlink.lo xlink.c; \
then mv -f ".deps/xlink.Tpo" ".deps/xlink.Plo"; else rm -f ".deps/xlink.Tpo"; exit 1; fi
 gcc -DHAVE_CONFIG_H -I. -I. -I. -I./include -I./include -D_REENTRANT -g -O2 -pedantic -W -Wformat -Wunused -Wimplicit -Wreturn-type -Wswitch -Wcomment -Wtrigraphs -Wformat -Wchar-subscripts -Wuninitialized -Wparentheses -Wshadow -Wpointer-arith -Wcast-align -Wwrite-strings -Waggregate-return -Wstrict-prototypes -Wmissing-prototypes -Wnested-externs -Winline -Wredundant-decls -MT xlink.lo -MD -MP -MF .deps/xlink.Tpo -c xlink.c  -fPIC -DPIC -o .libs/xlink.o
 gcc -DHAVE_CONFIG_H -I. -I. -I. -I./include -I./include -D_REENTRANT -g -O2 -pedantic -W -Wformat -Wunused -Wimplicit -Wreturn-type -Wswitch -Wcomment -Wtrigraphs -Wformat -Wchar-subscripts -Wuninitialized -Wparentheses -Wshadow -Wpointer-arith -Wcast-align -Wwrite-strings -Waggregate-return -Wstrict-prototypes -Wmissing-prototypes -Wnested-externs -Winline -Wredundant-decls -MT xlink.lo -MD -MP -MF .deps/xlink.Tpo -c xlink.c -o xlink.o >/dev/null 2>&1
if /bin/sh ./libtool --mode=compile --tag=CC gcc -DHAVE_CONFIG_H -I. -I. -I. -I./include -I./include  -D_REENTRANT      -g -O2 -pedantic -W -Wformat -Wunused -Wimplicit -Wreturn-type -Wswitch -Wcomment -Wtrigraphs -Wformat -Wchar-subscripts -Wuninitialized -Wparentheses -Wshadow -Wpointer-arith -Wcast-align -Wwrite-strings -Waggregate-return -Wstrict-prototypes -Wmissing-prototypes -Wnested-externs -Winline -Wredundant-decls -MT HTMLparser.lo -MD -MP -MF ".deps/HTMLparser.Tpo" -c -o HTMLparser.lo HTMLparser.c; \
then mv -f ".deps/HTMLparser.Tpo" ".deps/HTMLparser.Plo"; else rm -f ".deps/HTMLparser.Tpo"; exit 1; fi
 gcc -DHAVE_CONFIG_H -I. -I. -I. -I./include -I./include -D_REENTRANT -g -O2 -pedantic -W -Wformat -Wunused -Wimplicit -Wreturn-type -Wswitch -Wcomment -Wtrigraphs -Wformat -Wchar-subscripts -Wuninitialized -Wparentheses -Wshadow -Wpointer-arith -Wcast-align -Wwrite-strings -Waggregate-return -Wstrict-prototypes -Wmissing-prototypes -Wnested-externs -Winline -Wredundant-decls -MT HTMLparser.lo -MD -MP -MF .deps/HTMLparser.Tpo -c HTMLparser.c  -fPIC -DPIC -o .libs/HTMLparser.o
HTMLparser.c: In function 'htmlParseTryOrFinish':
HTMLparser.c:4781:32: warning: variable 'oldname' set but not used [-Wunused-but-set-variable]
          const xmlChar *name, *oldname;
                                ^
 gcc -DHAVE_CONFIG_H -I. -I. -I. -I./include -I./include -D_REENTRANT -g -O2 -pedantic -W -Wformat -Wunused -Wimplicit -Wreturn-type -Wswitch -Wcomment -Wtrigraphs -Wformat -Wchar-subscripts -Wuninitialized -Wparentheses -Wshadow -Wpointer-arith -Wcast-align -Wwrite-strings -Waggregate-return -Wstrict-prototypes -Wmissing-prototypes -Wnested-externs -Winline -Wredundant-decls -MT HTMLparser.lo -MD -MP -MF .deps/HTMLparser.Tpo -c HTMLparser.c -o HTMLparser.o >/dev/null 2>&1
if /bin/sh ./libtool --mode=compile --tag=CC gcc -DHAVE_CONFIG_H -I. -I. -I. -I./include -I./include  -D_REENTRANT      -g -O2 -pedantic -W -Wformat -Wunused -Wimplicit -Wreturn-type -Wswitch -Wcomment -Wtrigraphs -Wformat -Wchar-subscripts -Wuninitialized -Wparentheses -Wshadow -Wpointer-arith -Wcast-align -Wwrite-strings -Waggregate-return -Wstrict-prototypes -Wmissing-prototypes -Wnested-externs -Winline -Wredundant-decls -MT HTMLtree.lo -MD -MP -MF ".deps/HTMLtree.Tpo" -c -o HTMLtree.lo HTMLtree.c; \
then mv -f ".deps/HTMLtree.Tpo" ".deps/HTMLtree.Plo"; else rm -f ".deps/HTMLtree.Tpo"; exit 1; fi
 gcc -DHAVE_CONFIG_H -I. -I. -I. -I./include -I./include -D_REENTRANT -g -O2 -pedantic -W -Wformat -Wunused -Wimplicit -Wreturn-type -Wswitch -Wcomment -Wtrigraphs -Wformat -Wchar-subscripts -Wuninitialized -Wparentheses -Wshadow -Wpointer-arith -Wcast-align -Wwrite-strings -Waggregate-return -Wstrict-prototypes -Wmissing-prototypes -Wnested-externs -Winline -Wredundant-decls -MT HTMLtree.lo -MD -MP -MF .deps/HTMLtree.Tpo -c HTMLtree.c  -fPIC -DPIC -o .libs/HTMLtree.o
 gcc -DHAVE_CONFIG_H -I. -I. -I. -I./include -I./include -D_REENTRANT -g -O2 -pedantic -W -Wformat -Wunused -Wimplicit -Wreturn-type -Wswitch -Wcomment -Wtrigraphs -Wformat -Wchar-subscripts -Wuninitialized -Wparentheses -Wshadow -Wpointer-arith -Wcast-align -Wwrite-strings -Waggregate-return -Wstrict-prototypes -Wmissing-prototypes -Wnested-externs -Winline -Wredundant-decls -MT HTMLtree.lo -MD -MP -MF .deps/HTMLtree.Tpo -c HTMLtree.c -o HTMLtree.o >/dev/null 2>&1
if /bin/sh ./libtool --mode=compile --tag=CC gcc -DHAVE_CONFIG_H -I. -I. -I. -I./include -I./include  -D_REENTRANT      -g -O2 -pedantic -W -Wformat -Wunused -Wimplicit -Wreturn-type -Wswitch -Wcomment -Wtrigraphs -Wformat -Wchar-subscripts -Wuninitialized -Wparentheses -Wshadow -Wpointer-arith -Wcast-align -Wwrite-strings -Waggregate-return -Wstrict-prototypes -Wmissing-prototypes -Wnested-externs -Winline -Wredundant-decls -MT debugXML.lo -MD -MP -MF ".deps/debugXML.Tpo" -c -o debugXML.lo debugXML.c; \
then mv -f ".deps/debugXML.Tpo" ".deps/debugXML.Plo"; else rm -f ".deps/debugXML.Tpo"; exit 1; fi
 gcc -DHAVE_CONFIG_H -I. -I. -I. -I./include -I./include -D_REENTRANT -g -O2 -pedantic -W -Wformat -Wunused -Wimplicit -Wreturn-type -Wswitch -Wcomment -Wtrigraphs -Wformat -Wchar-subscripts -Wuninitialized -Wparentheses -Wshadow -Wpointer-arith -Wcast-align -Wwrite-strings -Waggregate-return -Wstrict-prototypes -Wmissing-prototypes -Wnested-externs -Winline -Wredundant-decls -MT debugXML.lo -MD -MP -MF .deps/debugXML.Tpo -c debugXML.c  -fPIC -DPIC -o .libs/debugXML.o
 gcc -DHAVE_CONFIG_H -I. -I. -I. -I./include -I./include -D_REENTRANT -g -O2 -pedantic -W -Wformat -Wunused -Wimplicit -Wreturn-type -Wswitch -Wcomment -Wtrigraphs -Wformat -Wchar-subscripts -Wuninitialized -Wparentheses -Wshadow -Wpointer-arith -Wcast-align -Wwrite-strings -Waggregate-return -Wstrict-prototypes -Wmissing-prototypes -Wnested-externs -Winline -Wredundant-decls -MT debugXML.lo -MD -MP -MF .deps/debugXML.Tpo -c debugXML.c -o debugXML.o >/dev/null 2>&1
if /bin/sh ./libtool --mode=compile --tag=CC gcc -DHAVE_CONFIG_H -I. -I. -I. -I./include -I./include  -D_REENTRANT      -g -O2 -pedantic -W -Wformat -Wunused -Wimplicit -Wreturn-type -Wswitch -Wcomment -Wtrigraphs -Wformat -Wchar-subscripts -Wuninitialized -Wparentheses -Wshadow -Wpointer-arith -Wcast-align -Wwrite-strings -Waggregate-return -Wstrict-prototypes -Wmissing-prototypes -Wnested-externs -Winline -Wredundant-decls -MT xpath.lo -MD -MP -MF ".deps/xpath.Tpo" -c -o xpath.lo xpath.c; \
then mv -f ".deps/xpath.Tpo" ".deps/xpath.Plo"; else rm -f ".deps/xpath.Tpo"; exit 1; fi
 gcc -DHAVE_CONFIG_H -I. -I. -I. -I./include -I./include -D_REENTRANT -g -O2 -pedantic -W -Wformat -Wunused -Wimplicit -Wreturn-type -Wswitch -Wcomment -Wtrigraphs -Wformat -Wchar-subscripts -Wuninitialized -Wparentheses -Wshadow -Wpointer-arith -Wcast-align -Wwrite-strings -Waggregate-return -Wstrict-prototypes -Wmissing-prototypes -Wnested-externs -Winline -Wredundant-decls -MT xpath.lo -MD -MP -MF .deps/xpath.Tpo -c xpath.c  -fPIC -DPIC -o .libs/xpath.o
xpath.c: In function 'xmlXPathRegisterFuncNS__internal_alias':
xpath.c:2834:5: warning: ISO C forbids passing argument 4 of 'xmlHashAddEntry2__internal_alias' between function pointer and 'void *' [-Wpedantic]
     return(xmlHashAddEntry2(ctxt->funcHash, name, ns_uri, XML_CAST_FPTR(f)));
     ^
In file included from libxml.h:58:0,
                 from xpath.c:18:
elfgcchack.h:4119:36: note: expected 'void *' but argument is of type 'xmlXPathFunction'
 extern __typeof (xmlHashAddEntry2) xmlHashAddEntry2__internal_alias __attribute((visibility("hidden")));
                                    ^
xpath.c: In function 'xmlXPathFunctionLookupNS__internal_alias':
xpath.c:2915:24: warning: ISO C forbids assignment between function pointer and 'void *' [-Wpedantic]
     XML_CAST_FPTR(ret) = xmlHashLookup2(ctxt->funcHash, name, ns_uri);
                        ^
xpath.c: In function 'xmlXPathCompOpEval':
xpath.c:10483:41: warning: ISO C forbids assignment between function pointer and 'void *' [-Wpedantic]
                     XML_CAST_FPTR(func) = op->cache;
                                         ^
xpath.c:10508:31: warning: ISO C forbids assignment between function pointer and 'void *' [-Wpedantic]
                     op->cache = XML_CAST_FPTR(func);
                               ^
In file included from xpath.c:84:0:
xpath.c: At top level:
trionan.c:214:1: warning: 'trio_is_negative' defined but not used [-Wunused-function]
 trio_is_negative
 ^
xpath.c: In function 'xmlXPathCompStep':
xpath.c:646:24: warning: 'type' may be used uninitialized in this function [-Wmaybe-uninitialized]
     xmlXPathCompExprAdd(ctxt->comp, (op1), (op2),   \
                        ^
xpath.c:8865:18: note: 'type' was declared here
  xmlXPathTypeVal type;
                  ^
xpath.c:646:24: warning: 'test' may be used uninitialized in this function [-Wmaybe-uninitialized]
     xmlXPathCompExprAdd(ctxt->comp, (op1), (op2),   \
                        ^
xpath.c:8863:18: note: 'test' was declared here
  xmlXPathTestVal test;
                  ^
 gcc -DHAVE_CONFIG_H -I. -I. -I. -I./include -I./include -D_REENTRANT -g -O2 -pedantic -W -Wformat -Wunused -Wimplicit -Wreturn-type -Wswitch -Wcomment -Wtrigraphs -Wformat -Wchar-subscripts -Wuninitialized -Wparentheses -Wshadow -Wpointer-arith -Wcast-align -Wwrite-strings -Waggregate-return -Wstrict-prototypes -Wmissing-prototypes -Wnested-externs -Winline -Wredundant-decls -MT xpath.lo -MD -MP -MF .deps/xpath.Tpo -c xpath.c -o xpath.o >/dev/null 2>&1
if /bin/sh ./libtool --mode=compile --tag=CC gcc -DHAVE_CONFIG_H -I. -I. -I. -I./include -I./include  -D_REENTRANT      -g -O2 -pedantic -W -Wformat -Wunused -Wimplicit -Wreturn-type -Wswitch -Wcomment -Wtrigraphs -Wformat -Wchar-subscripts -Wuninitialized -Wparentheses -Wshadow -Wpointer-arith -Wcast-align -Wwrite-strings -Waggregate-return -Wstrict-prototypes -Wmissing-prototypes -Wnested-externs -Winline -Wredundant-decls -MT xpointer.lo -MD -MP -MF ".deps/xpointer.Tpo" -c -o xpointer.lo xpointer.c; \
then mv -f ".deps/xpointer.Tpo" ".deps/xpointer.Plo"; else rm -f ".deps/xpointer.Tpo"; exit 1; fi
 gcc -DHAVE_CONFIG_H -I. -I. -I. -I./include -I./include -D_REENTRANT -g -O2 -pedantic -W -Wformat -Wunused -Wimplicit -Wreturn-type -Wswitch -Wcomment -Wtrigraphs -Wformat -Wchar-subscripts -Wuninitialized -Wparentheses -Wshadow -Wpointer-arith -Wcast-align -Wwrite-strings -Waggregate-return -Wstrict-prototypes -Wmissing-prototypes -Wnested-externs -Winline -Wredundant-decls -MT xpointer.lo -MD -MP -MF .deps/xpointer.Tpo -c xpointer.c  -fPIC -DPIC -o .libs/xpointer.o
xpointer.c: In function 'xmlXPtrStringRangeFunction':
xpointer.c:2626:13: warning: 'end' may be used uninitialized in this function [-Wmaybe-uninitialized]
     if ((cur->type == XML_ELEMENT_NODE) ||
             ^
xpointer.c:2763:23: note: 'end' was declared here
     xmlNodePtr start, end, fend;
                       ^
xpointer.c:2630:10: warning: 'endindex' may be used uninitialized in this function [-Wmaybe-uninitialized]
      cur = xmlXPtrGetNthChild(cur, pos);
          ^
xpointer.c:2762:24: note: 'endindex' was declared here
     int i, startindex, endindex, fendindex;
                        ^
 gcc -DHAVE_CONFIG_H -I. -I. -I. -I./include -I./include -D_REENTRANT -g -O2 -pedantic -W -Wformat -Wunused -Wimplicit -Wreturn-type -Wswitch -Wcomment -Wtrigraphs -Wformat -Wchar-subscripts -Wuninitialized -Wparentheses -Wshadow -Wpointer-arith -Wcast-align -Wwrite-strings -Waggregate-return -Wstrict-prototypes -Wmissing-prototypes -Wnested-externs -Winline -Wredundant-decls -MT xpointer.lo -MD -MP -MF .deps/xpointer.Tpo -c xpointer.c -o xpointer.o >/dev/null 2>&1
if /bin/sh ./libtool --mode=compile --tag=CC gcc -DHAVE_CONFIG_H -I. -I. -I. -I./include -I./include  -D_REENTRANT      -g -O2 -pedantic -W -Wformat -Wunused -Wimplicit -Wreturn-type -Wswitch -Wcomment -Wtrigraphs -Wformat -Wchar-subscripts -Wuninitialized -Wparentheses -Wshadow -Wpointer-arith -Wcast-align -Wwrite-strings -Waggregate-return -Wstrict-prototypes -Wmissing-prototypes -Wnested-externs -Winline -Wredundant-decls -MT xinclude.lo -MD -MP -MF ".deps/xinclude.Tpo" -c -o xinclude.lo xinclude.c; \
then mv -f ".deps/xinclude.Tpo" ".deps/xinclude.Plo"; else rm -f ".deps/xinclude.Tpo"; exit 1; fi
 gcc -DHAVE_CONFIG_H -I. -I. -I. -I./include -I./include -D_REENTRANT -g -O2 -pedantic -W -Wformat -Wunused -Wimplicit -Wreturn-type -Wswitch -Wcomment -Wtrigraphs -Wformat -Wchar-subscripts -Wuninitialized -Wparentheses -Wshadow -Wpointer-arith -Wcast-align -Wwrite-strings -Waggregate-return -Wstrict-prototypes -Wmissing-prototypes -Wnested-externs -Winline -Wredundant-decls -MT xinclude.lo -MD -MP -MF .deps/xinclude.Tpo -c xinclude.c  -fPIC -DPIC -o .libs/xinclude.o
 gcc -DHAVE_CONFIG_H -I. -I. -I. -I./include -I./include -D_REENTRANT -g -O2 -pedantic -W -Wformat -Wunused -Wimplicit -Wreturn-type -Wswitch -Wcomment -Wtrigraphs -Wformat -Wchar-subscripts -Wuninitialized -Wparentheses -Wshadow -Wpointer-arith -Wcast-align -Wwrite-strings -Waggregate-return -Wstrict-prototypes -Wmissing-prototypes -Wnested-externs -Winline -Wredundant-decls -MT xinclude.lo -MD -MP -MF .deps/xinclude.Tpo -c xinclude.c -o xinclude.o >/dev/null 2>&1
if /bin/sh ./libtool --mode=compile --tag=CC gcc -DHAVE_CONFIG_H -I. -I. -I. -I./include -I./include  -D_REENTRANT      -g -O2 -pedantic -W -Wformat -Wunused -Wimplicit -Wreturn-type -Wswitch -Wcomment -Wtrigraphs -Wformat -Wchar-subscripts -Wuninitialized -Wparentheses -Wshadow -Wpointer-arith -Wcast-align -Wwrite-strings -Waggregate-return -Wstrict-prototypes -Wmissing-prototypes -Wnested-externs -Winline -Wredundant-decls -MT nanohttp.lo -MD -MP -MF ".deps/nanohttp.Tpo" -c -o nanohttp.lo nanohttp.c; \
then mv -f ".deps/nanohttp.Tpo" ".deps/nanohttp.Plo"; else rm -f ".deps/nanohttp.Tpo"; exit 1; fi
 gcc -DHAVE_CONFIG_H -I. -I. -I. -I./include -I./include -D_REENTRANT -g -O2 -pedantic -W -Wformat -Wunused -Wimplicit -Wreturn-type -Wswitch -Wcomment -Wtrigraphs -Wformat -Wchar-subscripts -Wuninitialized -Wparentheses -Wshadow -Wpointer-arith -Wcast-align -Wwrite-strings -Waggregate-return -Wstrict-prototypes -Wmissing-prototypes -Wnested-externs -Winline -Wredundant-decls -MT nanohttp.lo -MD -MP -MF .deps/nanohttp.Tpo -c nanohttp.c  -fPIC -DPIC -o .libs/nanohttp.o
nanohttp.c: In function 'xmlNanoHTTPSave__internal_alias':
nanohttp.c:1508:17: warning: C++ style comments are not allowed in ISO C90 [enabled by default]
         fd = 0; // open(filename, O_CREAT | O_WRONLY);
                 ^
nanohttp.c:1508:17: warning: (this will be reported only once per input file) [enabled by default]
 gcc -DHAVE_CONFIG_H -I. -I. -I. -I./include -I./include -D_REENTRANT -g -O2 -pedantic -W -Wformat -Wunused -Wimplicit -Wreturn-type -Wswitch -Wcomment -Wtrigraphs -Wformat -Wchar-subscripts -Wuninitialized -Wparentheses -Wshadow -Wpointer-arith -Wcast-align -Wwrite-strings -Waggregate-return -Wstrict-prototypes -Wmissing-prototypes -Wnested-externs -Winline -Wredundant-decls -MT nanohttp.lo -MD -MP -MF .deps/nanohttp.Tpo -c nanohttp.c -o nanohttp.o >/dev/null 2>&1
if /bin/sh ./libtool --mode=compile --tag=CC gcc -DHAVE_CONFIG_H -I. -I. -I. -I./include -I./include  -D_REENTRANT      -g -O2 -pedantic -W -Wformat -Wunused -Wimplicit -Wreturn-type -Wswitch -Wcomment -Wtrigraphs -Wformat -Wchar-subscripts -Wuninitialized -Wparentheses -Wshadow -Wpointer-arith -Wcast-align -Wwrite-strings -Waggregate-return -Wstrict-prototypes -Wmissing-prototypes -Wnested-externs -Winline -Wredundant-decls -MT nanoftp.lo -MD -MP -MF ".deps/nanoftp.Tpo" -c -o nanoftp.lo nanoftp.c; \
then mv -f ".deps/nanoftp.Tpo" ".deps/nanoftp.Plo"; else rm -f ".deps/nanoftp.Tpo"; exit 1; fi
 gcc -DHAVE_CONFIG_H -I. -I. -I. -I./include -I./include -D_REENTRANT -g -O2 -pedantic -W -Wformat -Wunused -Wimplicit -Wreturn-type -Wswitch -Wcomment -Wtrigraphs -Wformat -Wchar-subscripts -Wuninitialized -Wparentheses -Wshadow -Wpointer-arith -Wcast-align -Wwrite-strings -Waggregate-return -Wstrict-prototypes -Wmissing-prototypes -Wnested-externs -Winline -Wredundant-decls -MT nanoftp.lo -MD -MP -MF .deps/nanoftp.Tpo -c nanoftp.c  -fPIC -DPIC -o .libs/nanoftp.o
 gcc -DHAVE_CONFIG_H -I. -I. -I. -I./include -I./include -D_REENTRANT -g -O2 -pedantic -W -Wformat -Wunused -Wimplicit -Wreturn-type -Wswitch -Wcomment -Wtrigraphs -Wformat -Wchar-subscripts -Wuninitialized -Wparentheses -Wshadow -Wpointer-arith -Wcast-align -Wwrite-strings -Waggregate-return -Wstrict-prototypes -Wmissing-prototypes -Wnested-externs -Winline -Wredundant-decls -MT nanoftp.lo -MD -MP -MF .deps/nanoftp.Tpo -c nanoftp.c -o nanoftp.o >/dev/null 2>&1
if /bin/sh ./libtool --mode=compile --tag=CC gcc -DHAVE_CONFIG_H -I. -I. -I. -I./include -I./include  -D_REENTRANT      -g -O2 -pedantic -W -Wformat -Wunused -Wimplicit -Wreturn-type -Wswitch -Wcomment -Wtrigraphs -Wformat -Wchar-subscripts -Wuninitialized -Wparentheses -Wshadow -Wpointer-arith -Wcast-align -Wwrite-strings -Waggregate-return -Wstrict-prototypes -Wmissing-prototypes -Wnested-externs -Winline -Wredundant-decls -MT DOCBparser.lo -MD -MP -MF ".deps/DOCBparser.Tpo" -c -o DOCBparser.lo DOCBparser.c; \
then mv -f ".deps/DOCBparser.Tpo" ".deps/DOCBparser.Plo"; else rm -f ".deps/DOCBparser.Tpo"; exit 1; fi
 gcc -DHAVE_CONFIG_H -I. -I. -I. -I./include -I./include -D_REENTRANT -g -O2 -pedantic -W -Wformat -Wunused -Wimplicit -Wreturn-type -Wswitch -Wcomment -Wtrigraphs -Wformat -Wchar-subscripts -Wuninitialized -Wparentheses -Wshadow -Wpointer-arith -Wcast-align -Wwrite-strings -Waggregate-return -Wstrict-prototypes -Wmissing-prototypes -Wnested-externs -Winline -Wredundant-decls -MT DOCBparser.lo -MD -MP -MF .deps/DOCBparser.Tpo -c DOCBparser.c  -fPIC -DPIC -o .libs/DOCBparser.o
 gcc -DHAVE_CONFIG_H -I. -I. -I. -I./include -I./include -D_REENTRANT -g -O2 -pedantic -W -Wformat -Wunused -Wimplicit -Wreturn-type -Wswitch -Wcomment -Wtrigraphs -Wformat -Wchar-subscripts -Wuninitialized -Wparentheses -Wshadow -Wpointer-arith -Wcast-align -Wwrite-strings -Waggregate-return -Wstrict-prototypes -Wmissing-prototypes -Wnested-externs -Winline -Wredundant-decls -MT DOCBparser.lo -MD -MP -MF .deps/DOCBparser.Tpo -c DOCBparser.c -o DOCBparser.o >/dev/null 2>&1
if /bin/sh ./libtool --mode=compile --tag=CC gcc -DHAVE_CONFIG_H -I. -I. -I. -I./include -I./include  -D_REENTRANT      -g -O2 -pedantic -W -Wformat -Wunused -Wimplicit -Wreturn-type -Wswitch -Wcomment -Wtrigraphs -Wformat -Wchar-subscripts -Wuninitialized -Wparentheses -Wshadow -Wpointer-arith -Wcast-align -Wwrite-strings -Waggregate-return -Wstrict-prototypes -Wmissing-prototypes -Wnested-externs -Winline -Wredundant-decls -MT catalog.lo -MD -MP -MF ".deps/catalog.Tpo" -c -o catalog.lo catalog.c; \
then mv -f ".deps/catalog.Tpo" ".deps/catalog.Plo"; else rm -f ".deps/catalog.Tpo"; exit 1; fi
 gcc -DHAVE_CONFIG_H -I. -I. -I. -I./include -I./include -D_REENTRANT -g -O2 -pedantic -W -Wformat -Wunused -Wimplicit -Wreturn-type -Wswitch -Wcomment -Wtrigraphs -Wformat -Wchar-subscripts -Wuninitialized -Wparentheses -Wshadow -Wpointer-arith -Wcast-align -Wwrite-strings -Waggregate-return -Wstrict-prototypes -Wmissing-prototypes -Wnested-externs -Winline -Wredundant-decls -MT catalog.lo -MD -MP -MF .deps/catalog.Tpo -c catalog.c  -fPIC -DPIC -o .libs/catalog.o
 gcc -DHAVE_CONFIG_H -I. -I. -I. -I./include -I./include -D_REENTRANT -g -O2 -pedantic -W -Wformat -Wunused -Wimplicit -Wreturn-type -Wswitch -Wcomment -Wtrigraphs -Wformat -Wchar-subscripts -Wuninitialized -Wparentheses -Wshadow -Wpointer-arith -Wcast-align -Wwrite-strings -Waggregate-return -Wstrict-prototypes -Wmissing-prototypes -Wnested-externs -Winline -Wredundant-decls -MT catalog.lo -MD -MP -MF .deps/catalog.Tpo -c catalog.c -o catalog.o >/dev/null 2>&1
if /bin/sh ./libtool --mode=compile --tag=CC gcc -DHAVE_CONFIG_H -I. -I. -I. -I./include -I./include  -D_REENTRANT      -g -O2 -pedantic -W -Wformat -Wunused -Wimplicit -Wreturn-type -Wswitch -Wcomment -Wtrigraphs -Wformat -Wchar-subscripts -Wuninitialized -Wparentheses -Wshadow -Wpointer-arith -Wcast-align -Wwrite-strings -Waggregate-return -Wstrict-prototypes -Wmissing-prototypes -Wnested-externs -Winline -Wredundant-decls -MT globals.lo -MD -MP -MF ".deps/globals.Tpo" -c -o globals.lo globals.c; \
then mv -f ".deps/globals.Tpo" ".deps/globals.Plo"; else rm -f ".deps/globals.Tpo"; exit 1; fi
 gcc -DHAVE_CONFIG_H -I. -I. -I. -I./include -I./include -D_REENTRANT -g -O2 -pedantic -W -Wformat -Wunused -Wimplicit -Wreturn-type -Wswitch -Wcomment -Wtrigraphs -Wformat -Wchar-subscripts -Wuninitialized -Wparentheses -Wshadow -Wpointer-arith -Wcast-align -Wwrite-strings -Waggregate-return -Wstrict-prototypes -Wmissing-prototypes -Wnested-externs -Winline -Wredundant-decls -MT globals.lo -MD -MP -MF .deps/globals.Tpo -c globals.c  -fPIC -DPIC -o .libs/globals.o
 gcc -DHAVE_CONFIG_H -I. -I. -I. -I./include -I./include -D_REENTRANT -g -O2 -pedantic -W -Wformat -Wunused -Wimplicit -Wreturn-type -Wswitch -Wcomment -Wtrigraphs -Wformat -Wchar-subscripts -Wuninitialized -Wparentheses -Wshadow -Wpointer-arith -Wcast-align -Wwrite-strings -Waggregate-return -Wstrict-prototypes -Wmissing-prototypes -Wnested-externs -Winline -Wredundant-decls -MT globals.lo -MD -MP -MF .deps/globals.Tpo -c globals.c -o globals.o >/dev/null 2>&1
if /bin/sh ./libtool --mode=compile --tag=CC gcc -DHAVE_CONFIG_H -I. -I. -I. -I./include -I./include  -D_REENTRANT      -g -O2 -pedantic -W -Wformat -Wunused -Wimplicit -Wreturn-type -Wswitch -Wcomment -Wtrigraphs -Wformat -Wchar-subscripts -Wuninitialized -Wparentheses -Wshadow -Wpointer-arith -Wcast-align -Wwrite-strings -Waggregate-return -Wstrict-prototypes -Wmissing-prototypes -Wnested-externs -Winline -Wredundant-decls -MT threads.lo -MD -MP -MF ".deps/threads.Tpo" -c -o threads.lo threads.c; \
then mv -f ".deps/threads.Tpo" ".deps/threads.Plo"; else rm -f ".deps/threads.Tpo"; exit 1; fi
 gcc -DHAVE_CONFIG_H -I. -I. -I. -I./include -I./include -D_REENTRANT -g -O2 -pedantic -W -Wformat -Wunused -Wimplicit -Wreturn-type -Wswitch -Wcomment -Wtrigraphs -Wformat -Wchar-subscripts -Wuninitialized -Wparentheses -Wshadow -Wpointer-arith -Wcast-align -Wwrite-strings -Waggregate-return -Wstrict-prototypes -Wmissing-prototypes -Wnested-externs -Winline -Wredundant-decls -MT threads.lo -MD -MP -MF .deps/threads.Tpo -c threads.c  -fPIC -DPIC -o .libs/threads.o
threads.c:55:12: warning: redundant redeclaration of 'pthread_once' [-Wredundant-decls]
 extern int pthread_once (pthread_once_t *__once_control,
            ^
In file included from threads.c:28:0:
/usr/include/pthread.h:488:12: note: previous declaration of 'pthread_once' was here
 extern int pthread_once (pthread_once_t *__once_control,
            ^
threads.c:58:14: warning: redundant redeclaration of 'pthread_getspecific' [-Wredundant-decls]
 extern void *pthread_getspecific (pthread_key_t __key)
              ^
In file included from threads.c:28:0:
/usr/include/pthread.h:1113:14: note: previous declaration of 'pthread_getspecific' was here
 extern void *pthread_getspecific (pthread_key_t __key) __THROW;
              ^
threads.c:60:12: warning: redundant redeclaration of 'pthread_setspecific' [-Wredundant-decls]
 extern int pthread_setspecific (pthread_key_t __key,
            ^
In file included from threads.c:28:0:
/usr/include/pthread.h:1116:12: note: previous declaration of 'pthread_setspecific' was here
 extern int pthread_setspecific (pthread_key_t __key,
            ^
threads.c:63:12: warning: redundant redeclaration of 'pthread_key_create' [-Wredundant-decls]
 extern int pthread_key_create (pthread_key_t *__key,
            ^
In file included from threads.c:28:0:
/usr/include/pthread.h:1105:12: note: previous declaration of 'pthread_key_create' was here
 extern int pthread_key_create (pthread_key_t *__key,
            ^
threads.c:67:5: warning: function declaration isn't a prototype [-Wstrict-prototypes]
     __attribute((weak));
     ^
threads.c:66:12: warning: redundant redeclaration of 'pthread_mutex_init' [-Wredundant-decls]
 extern int pthread_mutex_init ()
            ^
In file included from threads.c:28:0:
/usr/include/pthread.h:743:12: note: previous declaration of 'pthread_mutex_init' was here
 extern int pthread_mutex_init (pthread_mutex_t *__mutex,
            ^
threads.c:69:5: warning: function declaration isn't a prototype [-Wstrict-prototypes]
     __attribute((weak));
     ^
threads.c:68:12: warning: redundant redeclaration of 'pthread_mutex_destroy' [-Wredundant-decls]
 extern int pthread_mutex_destroy ()
            ^
In file included from threads.c:28:0:
/usr/include/pthread.h:748:12: note: previous declaration of 'pthread_mutex_destroy' was here
 extern int pthread_mutex_destroy (pthread_mutex_t *__mutex)
            ^
threads.c:71:5: warning: function declaration isn't a prototype [-Wstrict-prototypes]
     __attribute((weak));
     ^
threads.c:70:12: warning: redundant redeclaration of 'pthread_mutex_lock' [-Wredundant-decls]
 extern int pthread_mutex_lock ()
            ^
In file included from threads.c:28:0:
/usr/include/pthread.h:756:12: note: previous declaration of 'pthread_mutex_lock' was here
 extern int pthread_mutex_lock (pthread_mutex_t *__mutex)
            ^
threads.c:73:5: warning: function declaration isn't a prototype [-Wstrict-prototypes]
     __attribute((weak));
     ^
threads.c:72:12: warning: redundant redeclaration of 'pthread_mutex_unlock' [-Wredundant-decls]
 extern int pthread_mutex_unlock ()
            ^
In file included from threads.c:28:0:
/usr/include/pthread.h:767:12: note: previous declaration of 'pthread_mutex_unlock' was here
 extern int pthread_mutex_unlock (pthread_mutex_t *__mutex)
            ^
threads.c:75:5: warning: function declaration isn't a prototype [-Wstrict-prototypes]
     __attribute((weak));
     ^
threads.c:74:12: warning: redundant redeclaration of 'pthread_cond_init' [-Wredundant-decls]
 extern int pthread_cond_init ()
            ^
In file included from threads.c:28:0:
/usr/include/pthread.h:962:12: note: previous declaration of 'pthread_cond_init' was here
 extern int pthread_cond_init (pthread_cond_t *__restrict __cond,
            ^
threads.c:77:5: warning: function declaration isn't a prototype [-Wstrict-prototypes]
     __attribute((weak));
     ^
threads.c:76:12: warning: redundant redeclaration of 'pthread_equal' [-Wredundant-decls]
 extern int pthread_equal ()
            ^
In file included from /usr/include/features.h:375:0,
                 from /usr/include/stdio.h:27,
                 from libxml.h:29,
                 from threads.c:11:
/usr/include/pthread.h:1147:1: note: previous definition of 'pthread_equal' was here
 __NTH (pthread_equal (pthread_t __thread1, pthread_t __thread2))
 ^
threads.c:79:5: warning: function declaration isn't a prototype [-Wstrict-prototypes]
     __attribute((weak));
     ^
threads.c:78:18: warning: redundant redeclaration of 'pthread_self' [-Wredundant-decls]
 extern pthread_t pthread_self ()
                  ^
In file included from threads.c:28:0:
/usr/include/pthread.h:277:18: note: previous declaration of 'pthread_self' was here
 extern pthread_t pthread_self (void) __THROW __attribute__ ((__const__));
                  ^
threads.c:81:5: warning: function declaration isn't a prototype [-Wstrict-prototypes]
     __attribute((weak));
     ^
threads.c:80:12: warning: redundant redeclaration of 'pthread_key_create' [-Wredundant-decls]
 extern int pthread_key_create ()
            ^
In file included from threads.c:28:0:
/usr/include/pthread.h:1105:12: note: previous declaration of 'pthread_key_create' was here
 extern int pthread_key_create (pthread_key_t *__key,
            ^
threads.c:83:5: warning: function declaration isn't a prototype [-Wstrict-prototypes]
     __attribute((weak));
     ^
threads.c:82:12: warning: redundant redeclaration of 'pthread_cond_signal' [-Wredundant-decls]
 extern int pthread_cond_signal ()
            ^
In file included from threads.c:28:0:
/usr/include/pthread.h:971:12: note: previous declaration of 'pthread_cond_signal' was here
 extern int pthread_cond_signal (pthread_cond_t *__cond)
            ^
 gcc -DHAVE_CONFIG_H -I. -I. -I. -I./include -I./include -D_REENTRANT -g -O2 -pedantic -W -Wformat -Wunused -Wimplicit -Wreturn-type -Wswitch -Wcomment -Wtrigraphs -Wformat -Wchar-subscripts -Wuninitialized -Wparentheses -Wshadow -Wpointer-arith -Wcast-align -Wwrite-strings -Waggregate-return -Wstrict-prototypes -Wmissing-prototypes -Wnested-externs -Winline -Wredundant-decls -MT threads.lo -MD -MP -MF .deps/threads.Tpo -c threads.c -o threads.o >/dev/null 2>&1
if /bin/sh ./libtool --mode=compile --tag=CC gcc -DHAVE_CONFIG_H -I. -I. -I. -I./include -I./include  -D_REENTRANT      -g -O2 -pedantic -W -Wformat -Wunused -Wimplicit -Wreturn-type -Wswitch -Wcomment -Wtrigraphs -Wformat -Wchar-subscripts -Wuninitialized -Wparentheses -Wshadow -Wpointer-arith -Wcast-align -Wwrite-strings -Waggregate-return -Wstrict-prototypes -Wmissing-prototypes -Wnested-externs -Winline -Wredundant-decls -MT c14n.lo -MD -MP -MF ".deps/c14n.Tpo" -c -o c14n.lo c14n.c; \
then mv -f ".deps/c14n.Tpo" ".deps/c14n.Plo"; else rm -f ".deps/c14n.Tpo"; exit 1; fi
 gcc -DHAVE_CONFIG_H -I. -I. -I. -I./include -I./include -D_REENTRANT -g -O2 -pedantic -W -Wformat -Wunused -Wimplicit -Wreturn-type -Wswitch -Wcomment -Wtrigraphs -Wformat -Wchar-subscripts -Wuninitialized -Wparentheses -Wshadow -Wpointer-arith -Wcast-align -Wwrite-strings -Waggregate-return -Wstrict-prototypes -Wmissing-prototypes -Wnested-externs -Winline -Wredundant-decls -MT c14n.lo -MD -MP -MF .deps/c14n.Tpo -c c14n.c  -fPIC -DPIC -o .libs/c14n.o
c14n.c: In function 'xmlC14NProcessNodeList':
c14n.c:372:20: warning: 'state.nsPrevEnd' may be used uninitialized in this function [-Wmaybe-uninitialized]
     cur->nsPrevEnd = state->nsPrevEnd;
                    ^
c14n.c:1120:27: note: 'state.nsPrevEnd' was declared here
     xmlC14NVisibleNsStack state;
                           ^
c14n.c:371:22: warning: 'state.nsPrevStart' may be used uninitialized in this function [-Wmaybe-uninitialized]
     cur->nsPrevStart = state->nsPrevStart;
                      ^
c14n.c:1120:27: note: 'state.nsPrevStart' was declared here
     xmlC14NVisibleNsStack state;
                           ^
c14n.c:370:19: warning: 'state.nsCurEnd' may be used uninitialized in this function [-Wmaybe-uninitialized]
     cur->nsCurEnd = state->nsCurEnd;
                   ^
c14n.c:1120:27: note: 'state.nsCurEnd' was declared here
     xmlC14NVisibleNsStack state;
                           ^
 gcc -DHAVE_CONFIG_H -I. -I. -I. -I./include -I./include -D_REENTRANT -g -O2 -pedantic -W -Wformat -Wunused -Wimplicit -Wreturn-type -Wswitch -Wcomment -Wtrigraphs -Wformat -Wchar-subscripts -Wuninitialized -Wparentheses -Wshadow -Wpointer-arith -Wcast-align -Wwrite-strings -Waggregate-return -Wstrict-prototypes -Wmissing-prototypes -Wnested-externs -Winline -Wredundant-decls -MT c14n.lo -MD -MP -MF .deps/c14n.Tpo -c c14n.c -o c14n.o >/dev/null 2>&1
if /bin/sh ./libtool --mode=compile --tag=CC gcc -DHAVE_CONFIG_H -I. -I. -I. -I./include -I./include  -D_REENTRANT      -g -O2 -pedantic -W -Wformat -Wunused -Wimplicit -Wreturn-type -Wswitch -Wcomment -Wtrigraphs -Wformat -Wchar-subscripts -Wuninitialized -Wparentheses -Wshadow -Wpointer-arith -Wcast-align -Wwrite-strings -Waggregate-return -Wstrict-prototypes -Wmissing-prototypes -Wnested-externs -Winline -Wredundant-decls -MT xmlstring.lo -MD -MP -MF ".deps/xmlstring.Tpo" -c -o xmlstring.lo xmlstring.c; \
then mv -f ".deps/xmlstring.Tpo" ".deps/xmlstring.Plo"; else rm -f ".deps/xmlstring.Tpo"; exit 1; fi
 gcc -DHAVE_CONFIG_H -I. -I. -I. -I./include -I./include -D_REENTRANT -g -O2 -pedantic -W -Wformat -Wunused -Wimplicit -Wreturn-type -Wswitch -Wcomment -Wtrigraphs -Wformat -Wchar-subscripts -Wuninitialized -Wparentheses -Wshadow -Wpointer-arith -Wcast-align -Wwrite-strings -Waggregate-return -Wstrict-prototypes -Wmissing-prototypes -Wnested-externs -Winline -Wredundant-decls -MT xmlstring.lo -MD -MP -MF .deps/xmlstring.Tpo -c xmlstring.c  -fPIC -DPIC -o .libs/xmlstring.o
 gcc -DHAVE_CONFIG_H -I. -I. -I. -I./include -I./include -D_REENTRANT -g -O2 -pedantic -W -Wformat -Wunused -Wimplicit -Wreturn-type -Wswitch -Wcomment -Wtrigraphs -Wformat -Wchar-subscripts -Wuninitialized -Wparentheses -Wshadow -Wpointer-arith -Wcast-align -Wwrite-strings -Waggregate-return -Wstrict-prototypes -Wmissing-prototypes -Wnested-externs -Winline -Wredundant-decls -MT xmlstring.lo -MD -MP -MF .deps/xmlstring.Tpo -c xmlstring.c -o xmlstring.o >/dev/null 2>&1
if /bin/sh ./libtool --mode=compile --tag=CC gcc -DHAVE_CONFIG_H -I. -I. -I. -I./include -I./include  -D_REENTRANT      -g -O2 -pedantic -W -Wformat -Wunused -Wimplicit -Wreturn-type -Wswitch -Wcomment -Wtrigraphs -Wformat -Wchar-subscripts -Wuninitialized -Wparentheses -Wshadow -Wpointer-arith -Wcast-align -Wwrite-strings -Waggregate-return -Wstrict-prototypes -Wmissing-prototypes -Wnested-externs -Winline -Wredundant-decls -MT xmlregexp.lo -MD -MP -MF ".deps/xmlregexp.Tpo" -c -o xmlregexp.lo xmlregexp.c; \
then mv -f ".deps/xmlregexp.Tpo" ".deps/xmlregexp.Plo"; else rm -f ".deps/xmlregexp.Tpo"; exit 1; fi
 gcc -DHAVE_CONFIG_H -I. -I. -I. -I./include -I./include -D_REENTRANT -g -O2 -pedantic -W -Wformat -Wunused -Wimplicit -Wreturn-type -Wswitch -Wcomment -Wtrigraphs -Wformat -Wchar-subscripts -Wuninitialized -Wparentheses -Wshadow -Wpointer-arith -Wcast-align -Wwrite-strings -Waggregate-return -Wstrict-prototypes -Wmissing-prototypes -Wnested-externs -Winline -Wredundant-decls -MT xmlregexp.lo -MD -MP -MF .deps/xmlregexp.Tpo -c xmlregexp.c  -fPIC -DPIC -o .libs/xmlregexp.o
 gcc -DHAVE_CONFIG_H -I. -I. -I. -I./include -I./include -D_REENTRANT -g -O2 -pedantic -W -Wformat -Wunused -Wimplicit -Wreturn-type -Wswitch -Wcomment -Wtrigraphs -Wformat -Wchar-subscripts -Wuninitialized -Wparentheses -Wshadow -Wpointer-arith -Wcast-align -Wwrite-strings -Waggregate-return -Wstrict-prototypes -Wmissing-prototypes -Wnested-externs -Winline -Wredundant-decls -MT xmlregexp.lo -MD -MP -MF .deps/xmlregexp.Tpo -c xmlregexp.c -o xmlregexp.o >/dev/null 2>&1
if /bin/sh ./libtool --mode=compile --tag=CC gcc -DHAVE_CONFIG_H -I. -I. -I. -I./include -I./include  -D_REENTRANT      -g -O2 -pedantic -W -Wformat -Wunused -Wimplicit -Wreturn-type -Wswitch -Wcomment -Wtrigraphs -Wformat -Wchar-subscripts -Wuninitialized -Wparentheses -Wshadow -Wpointer-arith -Wcast-align -Wwrite-strings -Waggregate-return -Wstrict-prototypes -Wmissing-prototypes -Wnested-externs -Winline -Wredundant-decls -MT xmlschemas.lo -MD -MP -MF ".deps/xmlschemas.Tpo" -c -o xmlschemas.lo xmlschemas.c; \
then mv -f ".deps/xmlschemas.Tpo" ".deps/xmlschemas.Plo"; else rm -f ".deps/xmlschemas.Tpo"; exit 1; fi
 gcc -DHAVE_CONFIG_H -I. -I. -I. -I./include -I./include -D_REENTRANT -g -O2 -pedantic -W -Wformat -Wunused -Wimplicit -Wreturn-type -Wswitch -Wcomment -Wtrigraphs -Wformat -Wchar-subscripts -Wuninitialized -Wparentheses -Wshadow -Wpointer-arith -Wcast-align -Wwrite-strings -Waggregate-return -Wstrict-prototypes -Wmissing-prototypes -Wnested-externs -Winline -Wredundant-decls -MT xmlschemas.lo -MD -MP -MF .deps/xmlschemas.Tpo -c xmlschemas.c  -fPIC -DPIC -o .libs/xmlschemas.o
xmlschemas.c: In function 'xmlSchemaComplexTypeErr':
xmlschemas.c:2191:12: warning: variable 'is_not' set but not used [-Wunused-but-set-variable]
     int i, is_not;
            ^
xmlschemas.c: In function 'xmlSchemaCheckCSelectorXPath':
xmlschemas.c:7162:15: warning: variable 'ns' set but not used [-Wunused-but-set-variable]
      xmlNsPtr ns;
               ^
xmlschemas.c: In function 'xmlSchemaParseIncludeOrRedefine':
xmlschemas.c:10050:49: warning: variable 'hasRedefinitions' set but not used [-Wunused-but-set-variable]
     int res = 0, /* docRes = 0, located = 0, */ hasRedefinitions = 0;
                                                 ^
xmlschemas.c: In function 'xmlSchemaBuildContentModel':
xmlschemas.c:12057:25: warning: variable 'start' set but not used [-Wunused-but-set-variable]
     xmlAutomataStatePtr start;
                         ^
xmlschemas.c: In function 'xmlSchemaBuildAttributeValidation':
xmlschemas.c:13541:17: warning: variable 'valid' set but not used [-Wunused-but-set-variable]
      int found, valid;
                 ^
xmlschemas.c:13166:22: warning: variable 'anyType' set but not used [-Wunused-but-set-variable]
     xmlSchemaTypePtr anyType;
                      ^
xmlschemas.c: In function 'xmlSchemaDeriveAndValidateFacets':
xmlschemas.c:16130:23: warning: variable 'fixedErr' set but not used [-Wunused-but-set-variable]
     int res, err = 0, fixedErr;
                       ^
xmlschemas.c:16130:14: warning: variable 'err' set but not used [-Wunused-but-set-variable]
     int res, err = 0, fixedErr;
              ^
xmlschemas.c: In function 'xmlSchemaVCheckCVCSimpleType':
xmlschemas.c:21618:34: warning: variable 'ws' set but not used [-Wunused-but-set-variable]
     xmlSchemaWhitespaceValueType ws;
                                  ^
xmlschemas.c: In function 'xmlSchemaVAttributesComplex':
xmlschemas.c:22764:10: warning: variable 'ws' set but not used [-Wunused-but-set-variable]
      int ws;
          ^
xmlschemas.c: At top level:
xmlschemas.c:12321:1: warning: 'xmlSchemaQueryBuiltInType' defined but not used [-Wunused-function]
 xmlSchemaQueryBuiltInType(xmlSchemaTypePtr type)
 ^
xmlschemas.c:13894:1: warning: 'xmlSchemaGetParticleTotalRangeMax' defined but not used [-Wunused-function]
 xmlSchemaGetParticleTotalRangeMax(xmlSchemaParticlePtr particle)
 ^
 gcc -DHAVE_CONFIG_H -I. -I. -I. -I./include -I./include -D_REENTRANT -g -O2 -pedantic -W -Wformat -Wunused -Wimplicit -Wreturn-type -Wswitch -Wcomment -Wtrigraphs -Wformat -Wchar-subscripts -Wuninitialized -Wparentheses -Wshadow -Wpointer-arith -Wcast-align -Wwrite-strings -Waggregate-return -Wstrict-prototypes -Wmissing-prototypes -Wnested-externs -Winline -Wredundant-decls -MT xmlschemas.lo -MD -MP -MF .deps/xmlschemas.Tpo -c xmlschemas.c -o xmlschemas.o >/dev/null 2>&1
if /bin/sh ./libtool --mode=compile --tag=CC gcc -DHAVE_CONFIG_H -I. -I. -I. -I./include -I./include  -D_REENTRANT      -g -O2 -pedantic -W -Wformat -Wunused -Wimplicit -Wreturn-type -Wswitch -Wcomment -Wtrigraphs -Wformat -Wchar-subscripts -Wuninitialized -Wparentheses -Wshadow -Wpointer-arith -Wcast-align -Wwrite-strings -Waggregate-return -Wstrict-prototypes -Wmissing-prototypes -Wnested-externs -Winline -Wredundant-decls -MT xmlschemastypes.lo -MD -MP -MF ".deps/xmlschemastypes.Tpo" -c -o xmlschemastypes.lo xmlschemastypes.c; \
then mv -f ".deps/xmlschemastypes.Tpo" ".deps/xmlschemastypes.Plo"; else rm -f ".deps/xmlschemastypes.Tpo"; exit 1; fi
 gcc -DHAVE_CONFIG_H -I. -I. -I. -I./include -I./include -D_REENTRANT -g -O2 -pedantic -W -Wformat -Wunused -Wimplicit -Wreturn-type -Wswitch -Wcomment -Wtrigraphs -Wformat -Wchar-subscripts -Wuninitialized -Wparentheses -Wshadow -Wpointer-arith -Wcast-align -Wwrite-strings -Waggregate-return -Wstrict-prototypes -Wmissing-prototypes -Wnested-externs -Winline -Wredundant-decls -MT xmlschemastypes.lo -MD -MP -MF .deps/xmlschemastypes.Tpo -c xmlschemastypes.c  -fPIC -DPIC -o .libs/xmlschemastypes.o
xmlschemastypes.c: In function 'xmlSchemaValidateLengthFacetInternal':
xmlschemastypes.c:5114:7: warning: case value '28' not in enumerated type 'xmlSchemaTypeType' [-Wswitch]
       case XML_SCHEMAS_NOTATION:
       ^
xmlschemastypes.c:5109:6: warning: case value '29' not in enumerated type 'xmlSchemaTypeType' [-Wswitch]
      case XML_SCHEMAS_ANYURI:
      ^
 gcc -DHAVE_CONFIG_H -I. -I. -I. -I./include -I./include -D_REENTRANT -g -O2 -pedantic -W -Wformat -Wunused -Wimplicit -Wreturn-type -Wswitch -Wcomment -Wtrigraphs -Wformat -Wchar-subscripts -Wuninitialized -Wparentheses -Wshadow -Wpointer-arith -Wcast-align -Wwrite-strings -Waggregate-return -Wstrict-prototypes -Wmissing-prototypes -Wnested-externs -Winline -Wredundant-decls -MT xmlschemastypes.lo -MD -MP -MF .deps/xmlschemastypes.Tpo -c xmlschemastypes.c -o xmlschemastypes.o >/dev/null 2>&1
if /bin/sh ./libtool --mode=compile --tag=CC gcc -DHAVE_CONFIG_H -I. -I. -I. -I./include -I./include  -D_REENTRANT      -g -O2 -pedantic -W -Wformat -Wunused -Wimplicit -Wreturn-type -Wswitch -Wcomment -Wtrigraphs -Wformat -Wchar-subscripts -Wuninitialized -Wparentheses -Wshadow -Wpointer-arith -Wcast-align -Wwrite-strings -Waggregate-return -Wstrict-prototypes -Wmissing-prototypes -Wnested-externs -Winline -Wredundant-decls -MT xmlunicode.lo -MD -MP -MF ".deps/xmlunicode.Tpo" -c -o xmlunicode.lo xmlunicode.c; \
then mv -f ".deps/xmlunicode.Tpo" ".deps/xmlunicode.Plo"; else rm -f ".deps/xmlunicode.Tpo"; exit 1; fi
 gcc -DHAVE_CONFIG_H -I. -I. -I. -I./include -I./include -D_REENTRANT -g -O2 -pedantic -W -Wformat -Wunused -Wimplicit -Wreturn-type -Wswitch -Wcomment -Wtrigraphs -Wformat -Wchar-subscripts -Wuninitialized -Wparentheses -Wshadow -Wpointer-arith -Wcast-align -Wwrite-strings -Waggregate-return -Wstrict-prototypes -Wmissing-prototypes -Wnested-externs -Winline -Wredundant-decls -MT xmlunicode.lo -MD -MP -MF .deps/xmlunicode.Tpo -c xmlunicode.c  -fPIC -DPIC -o .libs/xmlunicode.o
 gcc -DHAVE_CONFIG_H -I. -I. -I. -I./include -I./include -D_REENTRANT -g -O2 -pedantic -W -Wformat -Wunused -Wimplicit -Wreturn-type -Wswitch -Wcomment -Wtrigraphs -Wformat -Wchar-subscripts -Wuninitialized -Wparentheses -Wshadow -Wpointer-arith -Wcast-align -Wwrite-strings -Waggregate-return -Wstrict-prototypes -Wmissing-prototypes -Wnested-externs -Winline -Wredundant-decls -MT xmlunicode.lo -MD -MP -MF .deps/xmlunicode.Tpo -c xmlunicode.c -o xmlunicode.o >/dev/null 2>&1
if /bin/sh ./libtool --mode=compile --tag=CC gcc -DHAVE_CONFIG_H -I. -I. -I. -I./include -I./include  -D_REENTRANT      -g -O2 -pedantic -W -Wformat -Wunused -Wimplicit -Wreturn-type -Wswitch -Wcomment -Wtrigraphs -Wformat -Wchar-subscripts -Wuninitialized -Wparentheses -Wshadow -Wpointer-arith -Wcast-align -Wwrite-strings -Waggregate-return -Wstrict-prototypes -Wmissing-prototypes -Wnested-externs -Winline -Wredundant-decls -MT xmlreader.lo -MD -MP -MF ".deps/xmlreader.Tpo" -c -o xmlreader.lo xmlreader.c; \
then mv -f ".deps/xmlreader.Tpo" ".deps/xmlreader.Plo"; else rm -f ".deps/xmlreader.Tpo"; exit 1; fi
 gcc -DHAVE_CONFIG_H -I. -I. -I. -I./include -I./include -D_REENTRANT -g -O2 -pedantic -W -Wformat -Wunused -Wimplicit -Wreturn-type -Wswitch -Wcomment -Wtrigraphs -Wformat -Wchar-subscripts -Wuninitialized -Wparentheses -Wshadow -Wpointer-arith -Wcast-align -Wwrite-strings -Waggregate-return -Wstrict-prototypes -Wmissing-prototypes -Wnested-externs -Winline -Wredundant-decls -MT xmlreader.lo -MD -MP -MF .deps/xmlreader.Tpo -c xmlreader.c  -fPIC -DPIC -o .libs/xmlreader.o
 gcc -DHAVE_CONFIG_H -I. -I. -I. -I./include -I./include -D_REENTRANT -g -O2 -pedantic -W -Wformat -Wunused -Wimplicit -Wreturn-type -Wswitch -Wcomment -Wtrigraphs -Wformat -Wchar-subscripts -Wuninitialized -Wparentheses -Wshadow -Wpointer-arith -Wcast-align -Wwrite-strings -Waggregate-return -Wstrict-prototypes -Wmissing-prototypes -Wnested-externs -Winline -Wredundant-decls -MT xmlreader.lo -MD -MP -MF .deps/xmlreader.Tpo -c xmlreader.c -o xmlreader.o >/dev/null 2>&1
if /bin/sh ./libtool --mode=compile --tag=CC gcc -DHAVE_CONFIG_H -I. -I. -I. -I./include -I./include  -D_REENTRANT      -g -O2 -pedantic -W -Wformat -Wunused -Wimplicit -Wreturn-type -Wswitch -Wcomment -Wtrigraphs -Wformat -Wchar-subscripts -Wuninitialized -Wparentheses -Wshadow -Wpointer-arith -Wcast-align -Wwrite-strings -Waggregate-return -Wstrict-prototypes -Wmissing-prototypes -Wnested-externs -Winline -Wredundant-decls -MT relaxng.lo -MD -MP -MF ".deps/relaxng.Tpo" -c -o relaxng.lo relaxng.c; \
then mv -f ".deps/relaxng.Tpo" ".deps/relaxng.Plo"; else rm -f ".deps/relaxng.Tpo"; exit 1; fi
 gcc -DHAVE_CONFIG_H -I. -I. -I. -I./include -I./include -D_REENTRANT -g -O2 -pedantic -W -Wformat -Wunused -Wimplicit -Wreturn-type -Wswitch -Wcomment -Wtrigraphs -Wformat -Wchar-subscripts -Wuninitialized -Wparentheses -Wshadow -Wpointer-arith -Wcast-align -Wwrite-strings -Waggregate-return -Wstrict-prototypes -Wmissing-prototypes -Wnested-externs -Winline -Wredundant-decls -MT relaxng.lo -MD -MP -MF .deps/relaxng.Tpo -c relaxng.c  -fPIC -DPIC -o .libs/relaxng.o
 gcc -DHAVE_CONFIG_H -I. -I. -I. -I./include -I./include -D_REENTRANT -g -O2 -pedantic -W -Wformat -Wunused -Wimplicit -Wreturn-type -Wswitch -Wcomment -Wtrigraphs -Wformat -Wchar-subscripts -Wuninitialized -Wparentheses -Wshadow -Wpointer-arith -Wcast-align -Wwrite-strings -Waggregate-return -Wstrict-prototypes -Wmissing-prototypes -Wnested-externs -Winline -Wredundant-decls -MT relaxng.lo -MD -MP -MF .deps/relaxng.Tpo -c relaxng.c -o relaxng.o >/dev/null 2>&1
if /bin/sh ./libtool --mode=compile --tag=CC gcc -DHAVE_CONFIG_H -I. -I. -I. -I./include -I./include  -D_REENTRANT      -g -O2 -pedantic -W -Wformat -Wunused -Wimplicit -Wreturn-type -Wswitch -Wcomment -Wtrigraphs -Wformat -Wchar-subscripts -Wuninitialized -Wparentheses -Wshadow -Wpointer-arith -Wcast-align -Wwrite-strings -Waggregate-return -Wstrict-prototypes -Wmissing-prototypes -Wnested-externs -Winline -Wredundant-decls -MT dict.lo -MD -MP -MF ".deps/dict.Tpo" -c -o dict.lo dict.c; \
then mv -f ".deps/dict.Tpo" ".deps/dict.Plo"; else rm -f ".deps/dict.Tpo"; exit 1; fi
 gcc -DHAVE_CONFIG_H -I. -I. -I. -I./include -I./include -D_REENTRANT -g -O2 -pedantic -W -Wformat -Wunused -Wimplicit -Wreturn-type -Wswitch -Wcomment -Wtrigraphs -Wformat -Wchar-subscripts -Wuninitialized -Wparentheses -Wshadow -Wpointer-arith -Wcast-align -Wwrite-strings -Waggregate-return -Wstrict-prototypes -Wmissing-prototypes -Wnested-externs -Winline -Wredundant-decls -MT dict.lo -MD -MP -MF .deps/dict.Tpo -c dict.c  -fPIC -DPIC -o .libs/dict.o
 gcc -DHAVE_CONFIG_H -I. -I. -I. -I./include -I./include -D_REENTRANT -g -O2 -pedantic -W -Wformat -Wunused -Wimplicit -Wreturn-type -Wswitch -Wcomment -Wtrigraphs -Wformat -Wchar-subscripts -Wuninitialized -Wparentheses -Wshadow -Wpointer-arith -Wcast-align -Wwrite-strings -Waggregate-return -Wstrict-prototypes -Wmissing-prototypes -Wnested-externs -Winline -Wredundant-decls -MT dict.lo -MD -MP -MF .deps/dict.Tpo -c dict.c -o dict.o >/dev/null 2>&1
if /bin/sh ./libtool --mode=compile --tag=CC gcc -DHAVE_CONFIG_H -I. -I. -I. -I./include -I./include  -D_REENTRANT      -g -O2 -pedantic -W -Wformat -Wunused -Wimplicit -Wreturn-type -Wswitch -Wcomment -Wtrigraphs -Wformat -Wchar-subscripts -Wuninitialized -Wparentheses -Wshadow -Wpointer-arith -Wcast-align -Wwrite-strings -Waggregate-return -Wstrict-prototypes -Wmissing-prototypes -Wnested-externs -Winline -Wredundant-decls -MT SAX2.lo -MD -MP -MF ".deps/SAX2.Tpo" -c -o SAX2.lo SAX2.c; \
then mv -f ".deps/SAX2.Tpo" ".deps/SAX2.Plo"; else rm -f ".deps/SAX2.Tpo"; exit 1; fi
 gcc -DHAVE_CONFIG_H -I. -I. -I. -I./include -I./include -D_REENTRANT -g -O2 -pedantic -W -Wformat -Wunused -Wimplicit -Wreturn-type -Wswitch -Wcomment -Wtrigraphs -Wformat -Wchar-subscripts -Wuninitialized -Wparentheses -Wshadow -Wpointer-arith -Wcast-align -Wwrite-strings -Waggregate-return -Wstrict-prototypes -Wmissing-prototypes -Wnested-externs -Winline -Wredundant-decls -MT SAX2.lo -MD -MP -MF .deps/SAX2.Tpo -c SAX2.c  -fPIC -DPIC -o .libs/SAX2.o
 gcc -DHAVE_CONFIG_H -I. -I. -I. -I./include -I./include -D_REENTRANT -g -O2 -pedantic -W -Wformat -Wunused -Wimplicit -Wreturn-type -Wswitch -Wcomment -Wtrigraphs -Wformat -Wchar-subscripts -Wuninitialized -Wparentheses -Wshadow -Wpointer-arith -Wcast-align -Wwrite-strings -Waggregate-return -Wstrict-prototypes -Wmissing-prototypes -Wnested-externs -Winline -Wredundant-decls -MT SAX2.lo -MD -MP -MF .deps/SAX2.Tpo -c SAX2.c -o SAX2.o >/dev/null 2>&1
if /bin/sh ./libtool --mode=compile --tag=CC gcc -DHAVE_CONFIG_H -I. -I. -I. -I./include -I./include  -D_REENTRANT      -g -O2 -pedantic -W -Wformat -Wunused -Wimplicit -Wreturn-type -Wswitch -Wcomment -Wtrigraphs -Wformat -Wchar-subscripts -Wuninitialized -Wparentheses -Wshadow -Wpointer-arith -Wcast-align -Wwrite-strings -Waggregate-return -Wstrict-prototypes -Wmissing-prototypes -Wnested-externs -Winline -Wredundant-decls -MT xmlwriter.lo -MD -MP -MF ".deps/xmlwriter.Tpo" -c -o xmlwriter.lo xmlwriter.c; \
then mv -f ".deps/xmlwriter.Tpo" ".deps/xmlwriter.Plo"; else rm -f ".deps/xmlwriter.Tpo"; exit 1; fi
 gcc -DHAVE_CONFIG_H -I. -I. -I. -I./include -I./include -D_REENTRANT -g -O2 -pedantic -W -Wformat -Wunused -Wimplicit -Wreturn-type -Wswitch -Wcomment -Wtrigraphs -Wformat -Wchar-subscripts -Wuninitialized -Wparentheses -Wshadow -Wpointer-arith -Wcast-align -Wwrite-strings -Waggregate-return -Wstrict-prototypes -Wmissing-prototypes -Wnested-externs -Winline -Wredundant-decls -MT xmlwriter.lo -MD -MP -MF .deps/xmlwriter.Tpo -c xmlwriter.c  -fPIC -DPIC -o .libs/xmlwriter.o
 gcc -DHAVE_CONFIG_H -I. -I. -I. -I./include -I./include -D_REENTRANT -g -O2 -pedantic -W -Wformat -Wunused -Wimplicit -Wreturn-type -Wswitch -Wcomment -Wtrigraphs -Wformat -Wchar-subscripts -Wuninitialized -Wparentheses -Wshadow -Wpointer-arith -Wcast-align -Wwrite-strings -Waggregate-return -Wstrict-prototypes -Wmissing-prototypes -Wnested-externs -Winline -Wredundant-decls -MT xmlwriter.lo -MD -MP -MF .deps/xmlwriter.Tpo -c xmlwriter.c -o xmlwriter.o >/dev/null 2>&1
if /bin/sh ./libtool --mode=compile --tag=CC gcc -DHAVE_CONFIG_H -I. -I. -I. -I./include -I./include  -D_REENTRANT      -g -O2 -pedantic -W -Wformat -Wunused -Wimplicit -Wreturn-type -Wswitch -Wcomment -Wtrigraphs -Wformat -Wchar-subscripts -Wuninitialized -Wparentheses -Wshadow -Wpointer-arith -Wcast-align -Wwrite-strings -Waggregate-return -Wstrict-prototypes -Wmissing-prototypes -Wnested-externs -Winline -Wredundant-decls -MT legacy.lo -MD -MP -MF ".deps/legacy.Tpo" -c -o legacy.lo legacy.c; \
then mv -f ".deps/legacy.Tpo" ".deps/legacy.Plo"; else rm -f ".deps/legacy.Tpo"; exit 1; fi
 gcc -DHAVE_CONFIG_H -I. -I. -I. -I./include -I./include -D_REENTRANT -g -O2 -pedantic -W -Wformat -Wunused -Wimplicit -Wreturn-type -Wswitch -Wcomment -Wtrigraphs -Wformat -Wchar-subscripts -Wuninitialized -Wparentheses -Wshadow -Wpointer-arith -Wcast-align -Wwrite-strings -Waggregate-return -Wstrict-prototypes -Wmissing-prototypes -Wnested-externs -Winline -Wredundant-decls -MT legacy.lo -MD -MP -MF .deps/legacy.Tpo -c legacy.c  -fPIC -DPIC -o .libs/legacy.o
 gcc -DHAVE_CONFIG_H -I. -I. -I. -I./include -I./include -D_REENTRANT -g -O2 -pedantic -W -Wformat -Wunused -Wimplicit -Wreturn-type -Wswitch -Wcomment -Wtrigraphs -Wformat -Wchar-subscripts -Wuninitialized -Wparentheses -Wshadow -Wpointer-arith -Wcast-align -Wwrite-strings -Waggregate-return -Wstrict-prototypes -Wmissing-prototypes -Wnested-externs -Winline -Wredundant-decls -MT legacy.lo -MD -MP -MF .deps/legacy.Tpo -c legacy.c -o legacy.o >/dev/null 2>&1
if /bin/sh ./libtool --mode=compile --tag=CC gcc -DHAVE_CONFIG_H -I. -I. -I. -I./include -I./include  -D_REENTRANT      -g -O2 -pedantic -W -Wformat -Wunused -Wimplicit -Wreturn-type -Wswitch -Wcomment -Wtrigraphs -Wformat -Wchar-subscripts -Wuninitialized -Wparentheses -Wshadow -Wpointer-arith -Wcast-align -Wwrite-strings -Waggregate-return -Wstrict-prototypes -Wmissing-prototypes -Wnested-externs -Winline -Wredundant-decls -MT chvalid.lo -MD -MP -MF ".deps/chvalid.Tpo" -c -o chvalid.lo chvalid.c; \
then mv -f ".deps/chvalid.Tpo" ".deps/chvalid.Plo"; else rm -f ".deps/chvalid.Tpo"; exit 1; fi
 gcc -DHAVE_CONFIG_H -I. -I. -I. -I./include -I./include -D_REENTRANT -g -O2 -pedantic -W -Wformat -Wunused -Wimplicit -Wreturn-type -Wswitch -Wcomment -Wtrigraphs -Wformat -Wchar-subscripts -Wuninitialized -Wparentheses -Wshadow -Wpointer-arith -Wcast-align -Wwrite-strings -Waggregate-return -Wstrict-prototypes -Wmissing-prototypes -Wnested-externs -Winline -Wredundant-decls -MT chvalid.lo -MD -MP -MF .deps/chvalid.Tpo -c chvalid.c  -fPIC -DPIC -o .libs/chvalid.o
 gcc -DHAVE_CONFIG_H -I. -I. -I. -I./include -I./include -D_REENTRANT -g -O2 -pedantic -W -Wformat -Wunused -Wimplicit -Wreturn-type -Wswitch -Wcomment -Wtrigraphs -Wformat -Wchar-subscripts -Wuninitialized -Wparentheses -Wshadow -Wpointer-arith -Wcast-align -Wwrite-strings -Waggregate-return -Wstrict-prototypes -Wmissing-prototypes -Wnested-externs -Winline -Wredundant-decls -MT chvalid.lo -MD -MP -MF .deps/chvalid.Tpo -c chvalid.c -o chvalid.o >/dev/null 2>&1
if /bin/sh ./libtool --mode=compile --tag=CC gcc -DHAVE_CONFIG_H -I. -I. -I. -I./include -I./include  -D_REENTRANT      -g -O2 -pedantic -W -Wformat -Wunused -Wimplicit -Wreturn-type -Wswitch -Wcomment -Wtrigraphs -Wformat -Wchar-subscripts -Wuninitialized -Wparentheses -Wshadow -Wpointer-arith -Wcast-align -Wwrite-strings -Waggregate-return -Wstrict-prototypes -Wmissing-prototypes -Wnested-externs -Winline -Wredundant-decls -MT pattern.lo -MD -MP -MF ".deps/pattern.Tpo" -c -o pattern.lo pattern.c; \
then mv -f ".deps/pattern.Tpo" ".deps/pattern.Plo"; else rm -f ".deps/pattern.Tpo"; exit 1; fi
 gcc -DHAVE_CONFIG_H -I. -I. -I. -I./include -I./include -D_REENTRANT -g -O2 -pedantic -W -Wformat -Wunused -Wimplicit -Wreturn-type -Wswitch -Wcomment -Wtrigraphs -Wformat -Wchar-subscripts -Wuninitialized -Wparentheses -Wshadow -Wpointer-arith -Wcast-align -Wwrite-strings -Waggregate-return -Wstrict-prototypes -Wmissing-prototypes -Wnested-externs -Winline -Wredundant-decls -MT pattern.lo -MD -MP -MF .deps/pattern.Tpo -c pattern.c  -fPIC -DPIC -o .libs/pattern.o
pattern.c: In function 'xmlStreamPop__internal_alias':
pattern.c:1924:9: warning: variable 'ret' set but not used [-Wunused-but-set-variable]
     int ret;
         ^
 gcc -DHAVE_CONFIG_H -I. -I. -I. -I./include -I./include -D_REENTRANT -g -O2 -pedantic -W -Wformat -Wunused -Wimplicit -Wreturn-type -Wswitch -Wcomment -Wtrigraphs -Wformat -Wchar-subscripts -Wuninitialized -Wparentheses -Wshadow -Wpointer-arith -Wcast-align -Wwrite-strings -Waggregate-return -Wstrict-prototypes -Wmissing-prototypes -Wnested-externs -Winline -Wredundant-decls -MT pattern.lo -MD -MP -MF .deps/pattern.Tpo -c pattern.c -o pattern.o >/dev/null 2>&1
if /bin/sh ./libtool --mode=compile --tag=CC gcc -DHAVE_CONFIG_H -I. -I. -I. -I./include -I./include  -D_REENTRANT      -g -O2 -pedantic -W -Wformat -Wunused -Wimplicit -Wreturn-type -Wswitch -Wcomment -Wtrigraphs -Wformat -Wchar-subscripts -Wuninitialized -Wparentheses -Wshadow -Wpointer-arith -Wcast-align -Wwrite-strings -Waggregate-return -Wstrict-prototypes -Wmissing-prototypes -Wnested-externs -Winline -Wredundant-decls -MT xmlsave.lo -MD -MP -MF ".deps/xmlsave.Tpo" -c -o xmlsave.lo xmlsave.c; \
then mv -f ".deps/xmlsave.Tpo" ".deps/xmlsave.Plo"; else rm -f ".deps/xmlsave.Tpo"; exit 1; fi
 gcc -DHAVE_CONFIG_H -I. -I. -I. -I./include -I./include -D_REENTRANT -g -O2 -pedantic -W -Wformat -Wunused -Wimplicit -Wreturn-type -Wswitch -Wcomment -Wtrigraphs -Wformat -Wchar-subscripts -Wuninitialized -Wparentheses -Wshadow -Wpointer-arith -Wcast-align -Wwrite-strings -Waggregate-return -Wstrict-prototypes -Wmissing-prototypes -Wnested-externs -Winline -Wredundant-decls -MT xmlsave.lo -MD -MP -MF .deps/xmlsave.Tpo -c xmlsave.c  -fPIC -DPIC -o .libs/xmlsave.o
 gcc -DHAVE_CONFIG_H -I. -I. -I. -I./include -I./include -D_REENTRANT -g -O2 -pedantic -W -Wformat -Wunused -Wimplicit -Wreturn-type -Wswitch -Wcomment -Wtrigraphs -Wformat -Wchar-subscripts -Wuninitialized -Wparentheses -Wshadow -Wpointer-arith -Wcast-align -Wwrite-strings -Waggregate-return -Wstrict-prototypes -Wmissing-prototypes -Wnested-externs -Winline -Wredundant-decls -MT xmlsave.lo -MD -MP -MF .deps/xmlsave.Tpo -c xmlsave.c -o xmlsave.o >/dev/null 2>&1
if /bin/sh ./libtool --mode=compile --tag=CC gcc -DHAVE_CONFIG_H -I. -I. -I. -I./include -I./include  -D_REENTRANT      -g -O2 -pedantic -W -Wformat -Wunused -Wimplicit -Wreturn-type -Wswitch -Wcomment -Wtrigraphs -Wformat -Wchar-subscripts -Wuninitialized -Wparentheses -Wshadow -Wpointer-arith -Wcast-align -Wwrite-strings -Waggregate-return -Wstrict-prototypes -Wmissing-prototypes -Wnested-externs -Winline -Wredundant-decls -MT xmlmodule.lo -MD -MP -MF ".deps/xmlmodule.Tpo" -c -o xmlmodule.lo xmlmodule.c; \
then mv -f ".deps/xmlmodule.Tpo" ".deps/xmlmodule.Plo"; else rm -f ".deps/xmlmodule.Tpo"; exit 1; fi
 gcc -DHAVE_CONFIG_H -I. -I. -I. -I./include -I./include -D_REENTRANT -g -O2 -pedantic -W -Wformat -Wunused -Wimplicit -Wreturn-type -Wswitch -Wcomment -Wtrigraphs -Wformat -Wchar-subscripts -Wuninitialized -Wparentheses -Wshadow -Wpointer-arith -Wcast-align -Wwrite-strings -Waggregate-return -Wstrict-prototypes -Wmissing-prototypes -Wnested-externs -Winline -Wredundant-decls -MT xmlmodule.lo -MD -MP -MF .deps/xmlmodule.Tpo -c xmlmodule.c  -fPIC -DPIC -o .libs/xmlmodule.o
 gcc -DHAVE_CONFIG_H -I. -I. -I. -I./include -I./include -D_REENTRANT -g -O2 -pedantic -W -Wformat -Wunused -Wimplicit -Wreturn-type -Wswitch -Wcomment -Wtrigraphs -Wformat -Wchar-subscripts -Wuninitialized -Wparentheses -Wshadow -Wpointer-arith -Wcast-align -Wwrite-strings -Waggregate-return -Wstrict-prototypes -Wmissing-prototypes -Wnested-externs -Winline -Wredundant-decls -MT xmlmodule.lo -MD -MP -MF .deps/xmlmodule.Tpo -c xmlmodule.c -o xmlmodule.o >/dev/null 2>&1
if /bin/sh ./libtool --mode=compile --tag=CC gcc -DHAVE_CONFIG_H -I. -I. -I. -I./include -I./include  -D_REENTRANT      -g -O2 -pedantic -W -Wformat -Wunused -Wimplicit -Wreturn-type -Wswitch -Wcomment -Wtrigraphs -Wformat -Wchar-subscripts -Wuninitialized -Wparentheses -Wshadow -Wpointer-arith -Wcast-align -Wwrite-strings -Waggregate-return -Wstrict-prototypes -Wmissing-prototypes -Wnested-externs -Winline -Wredundant-decls -MT schematron.lo -MD -MP -MF ".deps/schematron.Tpo" -c -o schematron.lo schematron.c; \
then mv -f ".deps/schematron.Tpo" ".deps/schematron.Plo"; else rm -f ".deps/schematron.Tpo"; exit 1; fi
 gcc -DHAVE_CONFIG_H -I. -I. -I. -I./include -I./include -D_REENTRANT -g -O2 -pedantic -W -Wformat -Wunused -Wimplicit -Wreturn-type -Wswitch -Wcomment -Wtrigraphs -Wformat -Wchar-subscripts -Wuninitialized -Wparentheses -Wshadow -Wpointer-arith -Wcast-align -Wwrite-strings -Waggregate-return -Wstrict-prototypes -Wmissing-prototypes -Wnested-externs -Winline -Wredundant-decls -MT schematron.lo -MD -MP -MF .deps/schematron.Tpo -c schematron.c  -fPIC -DPIC -o .libs/schematron.o
schematron.c:768:1: warning: 'xmlSchematronPopInclude' defined but not used [-Wunused-function]
 xmlSchematronPopInclude(xmlSchematronParserCtxtPtr ctxt)
 ^
schematron.c:1000:1: warning: 'xmlSchematronLoadInclude' defined but not used [-Wunused-function]
 xmlSchematronLoadInclude(xmlSchematronParserCtxtPtr ctxt, xmlNodePtr cur)
 ^
 gcc -DHAVE_CONFIG_H -I. -I. -I. -I./include -I./include -D_REENTRANT -g -O2 -pedantic -W -Wformat -Wunused -Wimplicit -Wreturn-type -Wswitch -Wcomment -Wtrigraphs -Wformat -Wchar-subscripts -Wuninitialized -Wparentheses -Wshadow -Wpointer-arith -Wcast-align -Wwrite-strings -Waggregate-return -Wstrict-prototypes -Wmissing-prototypes -Wnested-externs -Winline -Wredundant-decls -MT schematron.lo -MD -MP -MF .deps/schematron.Tpo -c schematron.c -o schematron.o >/dev/null 2>&1
/bin/sh ./libtool --mode=link --tag=CC gcc  -g -O2 -pedantic -W -Wformat -Wunused -Wimplicit -Wreturn-type -Wswitch -Wcomment -Wtrigraphs -Wformat -Wchar-subscripts -Wuninitialized -Wparentheses -Wshadow -Wpointer-arith -Wcast-align -Wwrite-strings -Waggregate-return -Wstrict-prototypes -Wmissing-prototypes -Wnested-externs -Winline -Wredundant-decls   -o libxml2.la -rpath /home/ualusr2011/ual1220/ual1/tools/lib/linux -version-info 8:22:6 -ldl SAX.lo entities.lo encoding.lo error.lo parserInternals.lo parser.lo tree.lo hash.lo list.lo xmlIO.lo xmlmemory.lo uri.lo valid.lo xlink.lo HTMLparser.lo HTMLtree.lo debugXML.lo xpath.lo xpointer.lo xinclude.lo nanohttp.lo nanoftp.lo DOCBparser.lo catalog.lo globals.lo threads.lo c14n.lo xmlstring.lo xmlregexp.lo xmlschemas.lo xmlschemastypes.lo xmlunicode.lo xmlreader.lo relaxng.lo dict.lo SAX2.lo xmlwriter.lo legacy.lo chvalid.lo pattern.lo xmlsave.lo xmlmodule.lo schematron.lo  -lm  
gcc -shared  .libs/SAX.o .libs/entities.o .libs/encoding.o .libs/error.o .libs/parserInternals.o .libs/parser.o .libs/tree.o .libs/hash.o .libs/list.o .libs/xmlIO.o .libs/xmlmemory.o .libs/uri.o .libs/valid.o .libs/xlink.o .libs/HTMLparser.o .libs/HTMLtree.o .libs/debugXML.o .libs/xpath.o .libs/xpointer.o .libs/xinclude.o .libs/nanohttp.o .libs/nanoftp.o .libs/DOCBparser.o .libs/catalog.o .libs/globals.o .libs/threads.o .libs/c14n.o .libs/xmlstring.o .libs/xmlregexp.o .libs/xmlschemas.o .libs/xmlschemastypes.o .libs/xmlunicode.o .libs/xmlreader.o .libs/relaxng.o .libs/dict.o .libs/SAX2.o .libs/xmlwriter.o .libs/legacy.o .libs/chvalid.o .libs/pattern.o .libs/xmlsave.o .libs/xmlmodule.o .libs/schematron.o  -ldl -lm  -Wl,-soname -Wl,libxml2.so.2 -o .libs/libxml2.so.2.6.22
(cd .libs && rm -f libxml2.so.2 && ln -s libxml2.so.2.6.22 libxml2.so.2)
(cd .libs && rm -f libxml2.so && ln -s libxml2.so.2.6.22 libxml2.so)
ar cru .libs/libxml2.a  SAX.o entities.o encoding.o error.o parserInternals.o parser.o tree.o hash.o list.o xmlIO.o xmlmemory.o uri.o valid.o xlink.o HTMLparser.o HTMLtree.o debugXML.o xpath.o xpointer.o xinclude.o nanohttp.o nanoftp.o DOCBparser.o catalog.o globals.o threads.o c14n.o xmlstring.o xmlregexp.o xmlschemas.o xmlschemastypes.o xmlunicode.o xmlreader.o relaxng.o dict.o SAX2.o xmlwriter.o legacy.o chvalid.o pattern.o xmlsave.o xmlmodule.o schematron.o
ranlib .libs/libxml2.a
creating libxml2.la
(cd .libs && rm -f libxml2.la && ln -s ../libxml2.la libxml2.la)
if /bin/sh ./libtool --mode=compile --tag=CC gcc -DHAVE_CONFIG_H -I. -I. -I. -I./include -I./include  -D_REENTRANT      -g -O2 -pedantic -W -Wformat -Wunused -Wimplicit -Wreturn-type -Wswitch -Wcomment -Wtrigraphs -Wformat -Wchar-subscripts -Wuninitialized -Wparentheses -Wshadow -Wpointer-arith -Wcast-align -Wwrite-strings -Waggregate-return -Wstrict-prototypes -Wmissing-prototypes -Wnested-externs -Winline -Wredundant-decls -MT testdso.lo -MD -MP -MF ".deps/testdso.Tpo" -c -o testdso.lo testdso.c; \
then mv -f ".deps/testdso.Tpo" ".deps/testdso.Plo"; else rm -f ".deps/testdso.Tpo"; exit 1; fi
 gcc -DHAVE_CONFIG_H -I. -I. -I. -I./include -I./include -D_REENTRANT -g -O2 -pedantic -W -Wformat -Wunused -Wimplicit -Wreturn-type -Wswitch -Wcomment -Wtrigraphs -Wformat -Wchar-subscripts -Wuninitialized -Wparentheses -Wshadow -Wpointer-arith -Wcast-align -Wwrite-strings -Waggregate-return -Wstrict-prototypes -Wmissing-prototypes -Wnested-externs -Winline -Wredundant-decls -MT testdso.lo -MD -MP -MF .deps/testdso.Tpo -c testdso.c  -fPIC -DPIC -o .libs/testdso.o
 gcc -DHAVE_CONFIG_H -I. -I. -I. -I./include -I./include -D_REENTRANT -g -O2 -pedantic -W -Wformat -Wunused -Wimplicit -Wreturn-type -Wswitch -Wcomment -Wtrigraphs -Wformat -Wchar-subscripts -Wuninitialized -Wparentheses -Wshadow -Wpointer-arith -Wcast-align -Wwrite-strings -Waggregate-return -Wstrict-prototypes -Wmissing-prototypes -Wnested-externs -Winline -Wredundant-decls -MT testdso.lo -MD -MP -MF .deps/testdso.Tpo -c testdso.c -o testdso.o >/dev/null 2>&1
/bin/sh ./libtool --mode=link --tag=CC gcc  -g -O2 -pedantic -W -Wformat -Wunused -Wimplicit -Wreturn-type -Wswitch -Wcomment -Wtrigraphs -Wformat -Wchar-subscripts -Wuninitialized -Wparentheses -Wshadow -Wpointer-arith -Wcast-align -Wwrite-strings -Waggregate-return -Wstrict-prototypes -Wmissing-prototypes -Wnested-externs -Winline -Wredundant-decls   -o testdso.la  -module -rpath /home/ualusr2011/ual1220/ual1/tools/lib/linux testdso.lo  
gcc -shared  .libs/testdso.o   -Wl,-soname -Wl,testdso.so.0 -o .libs/testdso.so.0.0.0
(cd .libs && rm -f testdso.so.0 && ln -s testdso.so.0.0.0 testdso.so.0)
(cd .libs && rm -f testdso.so && ln -s testdso.so.0.0.0 testdso.so)
ar cru .libs/testdso.a  testdso.o
ranlib .libs/testdso.a
creating testdso.la
(cd .libs && rm -f testdso.la && ln -s ../testdso.la testdso.la)
if gcc -DHAVE_CONFIG_H -I. -I. -I. -I./include -I./include  -D_REENTRANT      -g -O2 -pedantic -W -Wformat -Wunused -Wimplicit -Wreturn-type -Wswitch -Wcomment -Wtrigraphs -Wformat -Wchar-subscripts -Wuninitialized -Wparentheses -Wshadow -Wpointer-arith -Wcast-align -Wwrite-strings -Waggregate-return -Wstrict-prototypes -Wmissing-prototypes -Wnested-externs -Winline -Wredundant-decls -MT xmllint.o -MD -MP -MF ".deps/xmllint.Tpo" -c -o xmllint.o xmllint.c; \
then mv -f ".deps/xmllint.Tpo" ".deps/xmllint.Po"; else rm -f ".deps/xmllint.Tpo"; exit 1; fi
/bin/sh ./libtool --mode=link --tag=CC gcc  -g -O2 -pedantic -W -Wformat -Wunused -Wimplicit -Wreturn-type -Wswitch -Wcomment -Wtrigraphs -Wformat -Wchar-subscripts -Wuninitialized -Wparentheses -Wshadow -Wpointer-arith -Wcast-align -Wwrite-strings -Waggregate-return -Wstrict-prototypes -Wmissing-prototypes -Wnested-externs -Winline -Wredundant-decls   -o xmllint  xmllint.o ./libxml2.la    -lm  
gcc -g -O2 -pedantic -W -Wformat -Wunused -Wimplicit -Wreturn-type -Wswitch -Wcomment -Wtrigraphs -Wformat -Wchar-subscripts -Wuninitialized -Wparentheses -Wshadow -Wpointer-arith -Wcast-align -Wwrite-strings -Waggregate-return -Wstrict-prototypes -Wmissing-prototypes -Wnested-externs -Winline -Wredundant-decls -o .libs/xmllint xmllint.o  ./.libs/libxml2.so -ldl -lm -Wl,--rpath -Wl,/home/ualusr2011/ual1220/ual1/tools/lib/linux
creating xmllint
if gcc -DHAVE_CONFIG_H -I. -I. -I. -I./include -I./include  -D_REENTRANT      -g -O2 -pedantic -W -Wformat -Wunused -Wimplicit -Wreturn-type -Wswitch -Wcomment -Wtrigraphs -Wformat -Wchar-subscripts -Wuninitialized -Wparentheses -Wshadow -Wpointer-arith -Wcast-align -Wwrite-strings -Waggregate-return -Wstrict-prototypes -Wmissing-prototypes -Wnested-externs -Winline -Wredundant-decls -MT xmlcatalog.o -MD -MP -MF ".deps/xmlcatalog.Tpo" -c -o xmlcatalog.o xmlcatalog.c; \
then mv -f ".deps/xmlcatalog.Tpo" ".deps/xmlcatalog.Po"; else rm -f ".deps/xmlcatalog.Tpo"; exit 1; fi
/bin/sh ./libtool --mode=link --tag=CC gcc  -g -O2 -pedantic -W -Wformat -Wunused -Wimplicit -Wreturn-type -Wswitch -Wcomment -Wtrigraphs -Wformat -Wchar-subscripts -Wuninitialized -Wparentheses -Wshadow -Wpointer-arith -Wcast-align -Wwrite-strings -Waggregate-return -Wstrict-prototypes -Wmissing-prototypes -Wnested-externs -Winline -Wredundant-decls   -o xmlcatalog  xmlcatalog.o ./libxml2.la    -lm  
gcc -g -O2 -pedantic -W -Wformat -Wunused -Wimplicit -Wreturn-type -Wswitch -Wcomment -Wtrigraphs -Wformat -Wchar-subscripts -Wuninitialized -Wparentheses -Wshadow -Wpointer-arith -Wcast-align -Wwrite-strings -Waggregate-return -Wstrict-prototypes -Wmissing-prototypes -Wnested-externs -Winline -Wredundant-decls -o .libs/xmlcatalog xmlcatalog.o  ./.libs/libxml2.so -ldl -lm -Wl,--rpath -Wl,/home/ualusr2011/ual1220/ual1/tools/lib/linux
creating xmlcatalog
if gcc -DHAVE_CONFIG_H -I. -I. -I. -I./include -I./include  -D_REENTRANT      -g -O2 -pedantic -W -Wformat -Wunused -Wimplicit -Wreturn-type -Wswitch -Wcomment -Wtrigraphs -Wformat -Wchar-subscripts -Wuninitialized -Wparentheses -Wshadow -Wpointer-arith -Wcast-align -Wwrite-strings -Waggregate-return -Wstrict-prototypes -Wmissing-prototypes -Wnested-externs -Winline -Wredundant-decls -MT testSchemas.o -MD -MP -MF ".deps/testSchemas.Tpo" -c -o testSchemas.o testSchemas.c; \
then mv -f ".deps/testSchemas.Tpo" ".deps/testSchemas.Po"; else rm -f ".deps/testSchemas.Tpo"; exit 1; fi
/bin/sh ./libtool --mode=link --tag=CC gcc  -g -O2 -pedantic -W -Wformat -Wunused -Wimplicit -Wreturn-type -Wswitch -Wcomment -Wtrigraphs -Wformat -Wchar-subscripts -Wuninitialized -Wparentheses -Wshadow -Wpointer-arith -Wcast-align -Wwrite-strings -Waggregate-return -Wstrict-prototypes -Wmissing-prototypes -Wnested-externs -Winline -Wredundant-decls   -o testSchemas  testSchemas.o ./libxml2.la    -lm  
gcc -g -O2 -pedantic -W -Wformat -Wunused -Wimplicit -Wreturn-type -Wswitch -Wcomment -Wtrigraphs -Wformat -Wchar-subscripts -Wuninitialized -Wparentheses -Wshadow -Wpointer-arith -Wcast-align -Wwrite-strings -Waggregate-return -Wstrict-prototypes -Wmissing-prototypes -Wnested-externs -Winline -Wredundant-decls -o .libs/testSchemas testSchemas.o  ./.libs/libxml2.so -ldl -lm -Wl,--rpath -Wl,/home/ualusr2011/ual1220/ual1/tools/lib/linux
creating testSchemas
if gcc -DHAVE_CONFIG_H -I. -I. -I. -I./include -I./include  -D_REENTRANT      -g -O2 -pedantic -W -Wformat -Wunused -Wimplicit -Wreturn-type -Wswitch -Wcomment -Wtrigraphs -Wformat -Wchar-subscripts -Wuninitialized -Wparentheses -Wshadow -Wpointer-arith -Wcast-align -Wwrite-strings -Waggregate-return -Wstrict-prototypes -Wmissing-prototypes -Wnested-externs -Winline -Wredundant-decls -MT testRelax.o -MD -MP -MF ".deps/testRelax.Tpo" -c -o testRelax.o testRelax.c; \
then mv -f ".deps/testRelax.Tpo" ".deps/testRelax.Po"; else rm -f ".deps/testRelax.Tpo"; exit 1; fi
/bin/sh ./libtool --mode=link --tag=CC gcc  -g -O2 -pedantic -W -Wformat -Wunused -Wimplicit -Wreturn-type -Wswitch -Wcomment -Wtrigraphs -Wformat -Wchar-subscripts -Wuninitialized -Wparentheses -Wshadow -Wpointer-arith -Wcast-align -Wwrite-strings -Waggregate-return -Wstrict-prototypes -Wmissing-prototypes -Wnested-externs -Winline -Wredundant-decls   -o testRelax  testRelax.o ./libxml2.la    -lm  
gcc -g -O2 -pedantic -W -Wformat -Wunused -Wimplicit -Wreturn-type -Wswitch -Wcomment -Wtrigraphs -Wformat -Wchar-subscripts -Wuninitialized -Wparentheses -Wshadow -Wpointer-arith -Wcast-align -Wwrite-strings -Waggregate-return -Wstrict-prototypes -Wmissing-prototypes -Wnested-externs -Winline -Wredundant-decls -o .libs/testRelax testRelax.o  ./.libs/libxml2.so -ldl -lm -Wl,--rpath -Wl,/home/ualusr2011/ual1220/ual1/tools/lib/linux
creating testRelax
if gcc -DHAVE_CONFIG_H -I. -I. -I. -I./include -I./include  -D_REENTRANT      -g -O2 -pedantic -W -Wformat -Wunused -Wimplicit -Wreturn-type -Wswitch -Wcomment -Wtrigraphs -Wformat -Wchar-subscripts -Wuninitialized -Wparentheses -Wshadow -Wpointer-arith -Wcast-align -Wwrite-strings -Waggregate-return -Wstrict-prototypes -Wmissing-prototypes -Wnested-externs -Winline -Wredundant-decls -MT testSAX.o -MD -MP -MF ".deps/testSAX.Tpo" -c -o testSAX.o testSAX.c; \
then mv -f ".deps/testSAX.Tpo" ".deps/testSAX.Po"; else rm -f ".deps/testSAX.Tpo"; exit 1; fi
/bin/sh ./libtool --mode=link --tag=CC gcc  -g -O2 -pedantic -W -Wformat -Wunused -Wimplicit -Wreturn-type -Wswitch -Wcomment -Wtrigraphs -Wformat -Wchar-subscripts -Wuninitialized -Wparentheses -Wshadow -Wpointer-arith -Wcast-align -Wwrite-strings -Waggregate-return -Wstrict-prototypes -Wmissing-prototypes -Wnested-externs -Winline -Wredundant-decls   -o testSAX  testSAX.o ./libxml2.la    -lm  
gcc -g -O2 -pedantic -W -Wformat -Wunused -Wimplicit -Wreturn-type -Wswitch -Wcomment -Wtrigraphs -Wformat -Wchar-subscripts -Wuninitialized -Wparentheses -Wshadow -Wpointer-arith -Wcast-align -Wwrite-strings -Waggregate-return -Wstrict-prototypes -Wmissing-prototypes -Wnested-externs -Winline -Wredundant-decls -o .libs/testSAX testSAX.o  ./.libs/libxml2.so -ldl -lm -Wl,--rpath -Wl,/home/ualusr2011/ual1220/ual1/tools/lib/linux
creating testSAX
if gcc -DHAVE_CONFIG_H -I. -I. -I. -I./include -I./include  -D_REENTRANT      -g -O2 -pedantic -W -Wformat -Wunused -Wimplicit -Wreturn-type -Wswitch -Wcomment -Wtrigraphs -Wformat -Wchar-subscripts -Wuninitialized -Wparentheses -Wshadow -Wpointer-arith -Wcast-align -Wwrite-strings -Waggregate-return -Wstrict-prototypes -Wmissing-prototypes -Wnested-externs -Winline -Wredundant-decls -MT testHTML.o -MD -MP -MF ".deps/testHTML.Tpo" -c -o testHTML.o testHTML.c; \
then mv -f ".deps/testHTML.Tpo" ".deps/testHTML.Po"; else rm -f ".deps/testHTML.Tpo"; exit 1; fi
/bin/sh ./libtool --mode=link --tag=CC gcc  -g -O2 -pedantic -W -Wformat -Wunused -Wimplicit -Wreturn-type -Wswitch -Wcomment -Wtrigraphs -Wformat -Wchar-subscripts -Wuninitialized -Wparentheses -Wshadow -Wpointer-arith -Wcast-align -Wwrite-strings -Waggregate-return -Wstrict-prototypes -Wmissing-prototypes -Wnested-externs -Winline -Wredundant-decls   -o testHTML  testHTML.o ./libxml2.la    -lm  
gcc -g -O2 -pedantic -W -Wformat -Wunused -Wimplicit -Wreturn-type -Wswitch -Wcomment -Wtrigraphs -Wformat -Wchar-subscripts -Wuninitialized -Wparentheses -Wshadow -Wpointer-arith -Wcast-align -Wwrite-strings -Waggregate-return -Wstrict-prototypes -Wmissing-prototypes -Wnested-externs -Winline -Wredundant-decls -o .libs/testHTML testHTML.o  ./.libs/libxml2.so -ldl -lm -Wl,--rpath -Wl,/home/ualusr2011/ual1220/ual1/tools/lib/linux
creating testHTML
if gcc -DHAVE_CONFIG_H -I. -I. -I. -I./include -I./include  -D_REENTRANT      -g -O2 -pedantic -W -Wformat -Wunused -Wimplicit -Wreturn-type -Wswitch -Wcomment -Wtrigraphs -Wformat -Wchar-subscripts -Wuninitialized -Wparentheses -Wshadow -Wpointer-arith -Wcast-align -Wwrite-strings -Waggregate-return -Wstrict-prototypes -Wmissing-prototypes -Wnested-externs -Winline -Wredundant-decls -MT testXPath.o -MD -MP -MF ".deps/testXPath.Tpo" -c -o testXPath.o testXPath.c; \
then mv -f ".deps/testXPath.Tpo" ".deps/testXPath.Po"; else rm -f ".deps/testXPath.Tpo"; exit 1; fi
/bin/sh ./libtool --mode=link --tag=CC gcc  -g -O2 -pedantic -W -Wformat -Wunused -Wimplicit -Wreturn-type -Wswitch -Wcomment -Wtrigraphs -Wformat -Wchar-subscripts -Wuninitialized -Wparentheses -Wshadow -Wpointer-arith -Wcast-align -Wwrite-strings -Waggregate-return -Wstrict-prototypes -Wmissing-prototypes -Wnested-externs -Winline -Wredundant-decls   -o testXPath  testXPath.o ./libxml2.la    -lm  
gcc -g -O2 -pedantic -W -Wformat -Wunused -Wimplicit -Wreturn-type -Wswitch -Wcomment -Wtrigraphs -Wformat -Wchar-subscripts -Wuninitialized -Wparentheses -Wshadow -Wpointer-arith -Wcast-align -Wwrite-strings -Waggregate-return -Wstrict-prototypes -Wmissing-prototypes -Wnested-externs -Winline -Wredundant-decls -o .libs/testXPath testXPath.o  ./.libs/libxml2.so -ldl -lm -Wl,--rpath -Wl,/home/ualusr2011/ual1220/ual1/tools/lib/linux
creating testXPath
if gcc -DHAVE_CONFIG_H -I. -I. -I. -I./include -I./include  -D_REENTRANT      -g -O2 -pedantic -W -Wformat -Wunused -Wimplicit -Wreturn-type -Wswitch -Wcomment -Wtrigraphs -Wformat -Wchar-subscripts -Wuninitialized -Wparentheses -Wshadow -Wpointer-arith -Wcast-align -Wwrite-strings -Waggregate-return -Wstrict-prototypes -Wmissing-prototypes -Wnested-externs -Winline -Wredundant-decls -MT testURI.o -MD -MP -MF ".deps/testURI.Tpo" -c -o testURI.o testURI.c; \
then mv -f ".deps/testURI.Tpo" ".deps/testURI.Po"; else rm -f ".deps/testURI.Tpo"; exit 1; fi
/bin/sh ./libtool --mode=link --tag=CC gcc  -g -O2 -pedantic -W -Wformat -Wunused -Wimplicit -Wreturn-type -Wswitch -Wcomment -Wtrigraphs -Wformat -Wchar-subscripts -Wuninitialized -Wparentheses -Wshadow -Wpointer-arith -Wcast-align -Wwrite-strings -Waggregate-return -Wstrict-prototypes -Wmissing-prototypes -Wnested-externs -Winline -Wredundant-decls   -o testURI  testURI.o ./libxml2.la    -lm  
gcc -g -O2 -pedantic -W -Wformat -Wunused -Wimplicit -Wreturn-type -Wswitch -Wcomment -Wtrigraphs -Wformat -Wchar-subscripts -Wuninitialized -Wparentheses -Wshadow -Wpointer-arith -Wcast-align -Wwrite-strings -Waggregate-return -Wstrict-prototypes -Wmissing-prototypes -Wnested-externs -Winline -Wredundant-decls -o .libs/testURI testURI.o  ./.libs/libxml2.so -ldl -lm -Wl,--rpath -Wl,/home/ualusr2011/ual1220/ual1/tools/lib/linux
creating testURI
if gcc -DHAVE_CONFIG_H -I. -I. -I. -I./include -I./include  -D_REENTRANT      -g -O2 -pedantic -W -Wformat -Wunused -Wimplicit -Wreturn-type -Wswitch -Wcomment -Wtrigraphs -Wformat -Wchar-subscripts -Wuninitialized -Wparentheses -Wshadow -Wpointer-arith -Wcast-align -Wwrite-strings -Waggregate-return -Wstrict-prototypes -Wmissing-prototypes -Wnested-externs -Winline -Wredundant-decls -MT testThreads.o -MD -MP -MF ".deps/testThreads.Tpo" -c -o testThreads.o testThreads.c; \
then mv -f ".deps/testThreads.Tpo" ".deps/testThreads.Po"; else rm -f ".deps/testThreads.Tpo"; exit 1; fi
/bin/sh ./libtool --mode=link --tag=CC gcc  -g -O2 -pedantic -W -Wformat -Wunused -Wimplicit -Wreturn-type -Wswitch -Wcomment -Wtrigraphs -Wformat -Wchar-subscripts -Wuninitialized -Wparentheses -Wshadow -Wpointer-arith -Wcast-align -Wwrite-strings -Waggregate-return -Wstrict-prototypes -Wmissing-prototypes -Wnested-externs -Winline -Wredundant-decls   -o testThreads  testThreads.o -lpthread  ./libxml2.la    -lm  
gcc -g -O2 -pedantic -W -Wformat -Wunused -Wimplicit -Wreturn-type -Wswitch -Wcomment -Wtrigraphs -Wformat -Wchar-subscripts -Wuninitialized -Wparentheses -Wshadow -Wpointer-arith -Wcast-align -Wwrite-strings -Waggregate-return -Wstrict-prototypes -Wmissing-prototypes -Wnested-externs -Winline -Wredundant-decls -o .libs/testThreads testThreads.o  -lpthread ./.libs/libxml2.so -ldl -lm -Wl,--rpath -Wl,/home/ualusr2011/ual1220/ual1/tools/lib/linux
creating testThreads
if gcc -DHAVE_CONFIG_H -I. -I. -I. -I./include -I./include  -D_REENTRANT      -g -O2 -pedantic -W -Wformat -Wunused -Wimplicit -Wreturn-type -Wswitch -Wcomment -Wtrigraphs -Wformat -Wchar-subscripts -Wuninitialized -Wparentheses -Wshadow -Wpointer-arith -Wcast-align -Wwrite-strings -Waggregate-return -Wstrict-prototypes -Wmissing-prototypes -Wnested-externs -Winline -Wredundant-decls -MT testC14N.o -MD -MP -MF ".deps/testC14N.Tpo" -c -o testC14N.o testC14N.c; \
then mv -f ".deps/testC14N.Tpo" ".deps/testC14N.Po"; else rm -f ".deps/testC14N.Tpo"; exit 1; fi
/bin/sh ./libtool --mode=link --tag=CC gcc  -g -O2 -pedantic -W -Wformat -Wunused -Wimplicit -Wreturn-type -Wswitch -Wcomment -Wtrigraphs -Wformat -Wchar-subscripts -Wuninitialized -Wparentheses -Wshadow -Wpointer-arith -Wcast-align -Wwrite-strings -Waggregate-return -Wstrict-prototypes -Wmissing-prototypes -Wnested-externs -Winline -Wredundant-decls   -o testC14N  testC14N.o ./libxml2.la    -lm  
gcc -g -O2 -pedantic -W -Wformat -Wunused -Wimplicit -Wreturn-type -Wswitch -Wcomment -Wtrigraphs -Wformat -Wchar-subscripts -Wuninitialized -Wparentheses -Wshadow -Wpointer-arith -Wcast-align -Wwrite-strings -Waggregate-return -Wstrict-prototypes -Wmissing-prototypes -Wnested-externs -Winline -Wredundant-decls -o .libs/testC14N testC14N.o  ./.libs/libxml2.so -ldl -lm -Wl,--rpath -Wl,/home/ualusr2011/ual1220/ual1/tools/lib/linux
creating testC14N
if gcc -DHAVE_CONFIG_H -I. -I. -I. -I./include -I./include  -D_REENTRANT      -g -O2 -pedantic -W -Wformat -Wunused -Wimplicit -Wreturn-type -Wswitch -Wcomment -Wtrigraphs -Wformat -Wchar-subscripts -Wuninitialized -Wparentheses -Wshadow -Wpointer-arith -Wcast-align -Wwrite-strings -Waggregate-return -Wstrict-prototypes -Wmissing-prototypes -Wnested-externs -Winline -Wredundant-decls -MT testAutomata.o -MD -MP -MF ".deps/testAutomata.Tpo" -c -o testAutomata.o testAutomata.c; \
then mv -f ".deps/testAutomata.Tpo" ".deps/testAutomata.Po"; else rm -f ".deps/testAutomata.Tpo"; exit 1; fi
/bin/sh ./libtool --mode=link --tag=CC gcc  -g -O2 -pedantic -W -Wformat -Wunused -Wimplicit -Wreturn-type -Wswitch -Wcomment -Wtrigraphs -Wformat -Wchar-subscripts -Wuninitialized -Wparentheses -Wshadow -Wpointer-arith -Wcast-align -Wwrite-strings -Waggregate-return -Wstrict-prototypes -Wmissing-prototypes -Wnested-externs -Winline -Wredundant-decls   -o testAutomata  testAutomata.o ./libxml2.la    -lm  
gcc -g -O2 -pedantic -W -Wformat -Wunused -Wimplicit -Wreturn-type -Wswitch -Wcomment -Wtrigraphs -Wformat -Wchar-subscripts -Wuninitialized -Wparentheses -Wshadow -Wpointer-arith -Wcast-align -Wwrite-strings -Waggregate-return -Wstrict-prototypes -Wmissing-prototypes -Wnested-externs -Winline -Wredundant-decls -o .libs/testAutomata testAutomata.o  ./.libs/libxml2.so -ldl -lm -Wl,--rpath -Wl,/home/ualusr2011/ual1220/ual1/tools/lib/linux
creating testAutomata
if gcc -DHAVE_CONFIG_H -I. -I. -I. -I./include -I./include  -D_REENTRANT      -g -O2 -pedantic -W -Wformat -Wunused -Wimplicit -Wreturn-type -Wswitch -Wcomment -Wtrigraphs -Wformat -Wchar-subscripts -Wuninitialized -Wparentheses -Wshadow -Wpointer-arith -Wcast-align -Wwrite-strings -Waggregate-return -Wstrict-prototypes -Wmissing-prototypes -Wnested-externs -Winline -Wredundant-decls -MT testRegexp.o -MD -MP -MF ".deps/testRegexp.Tpo" -c -o testRegexp.o testRegexp.c; \
then mv -f ".deps/testRegexp.Tpo" ".deps/testRegexp.Po"; else rm -f ".deps/testRegexp.Tpo"; exit 1; fi
/bin/sh ./libtool --mode=link --tag=CC gcc  -g -O2 -pedantic -W -Wformat -Wunused -Wimplicit -Wreturn-type -Wswitch -Wcomment -Wtrigraphs -Wformat -Wchar-subscripts -Wuninitialized -Wparentheses -Wshadow -Wpointer-arith -Wcast-align -Wwrite-strings -Waggregate-return -Wstrict-prototypes -Wmissing-prototypes -Wnested-externs -Winline -Wredundant-decls   -o testRegexp  testRegexp.o ./libxml2.la    -lm  
gcc -g -O2 -pedantic -W -Wformat -Wunused -Wimplicit -Wreturn-type -Wswitch -Wcomment -Wtrigraphs -Wformat -Wchar-subscripts -Wuninitialized -Wparentheses -Wshadow -Wpointer-arith -Wcast-align -Wwrite-strings -Waggregate-return -Wstrict-prototypes -Wmissing-prototypes -Wnested-externs -Winline -Wredundant-decls -o .libs/testRegexp testRegexp.o  ./.libs/libxml2.so -ldl -lm -Wl,--rpath -Wl,/home/ualusr2011/ual1220/ual1/tools/lib/linux
creating testRegexp
if gcc -DHAVE_CONFIG_H -I. -I. -I. -I./include -I./include  -D_REENTRANT      -g -O2 -pedantic -W -Wformat -Wunused -Wimplicit -Wreturn-type -Wswitch -Wcomment -Wtrigraphs -Wformat -Wchar-subscripts -Wuninitialized -Wparentheses -Wshadow -Wpointer-arith -Wcast-align -Wwrite-strings -Waggregate-return -Wstrict-prototypes -Wmissing-prototypes -Wnested-externs -Winline -Wredundant-decls -MT testReader.o -MD -MP -MF ".deps/testReader.Tpo" -c -o testReader.o testReader.c; \
then mv -f ".deps/testReader.Tpo" ".deps/testReader.Po"; else rm -f ".deps/testReader.Tpo"; exit 1; fi
/bin/sh ./libtool --mode=link --tag=CC gcc  -g -O2 -pedantic -W -Wformat -Wunused -Wimplicit -Wreturn-type -Wswitch -Wcomment -Wtrigraphs -Wformat -Wchar-subscripts -Wuninitialized -Wparentheses -Wshadow -Wpointer-arith -Wcast-align -Wwrite-strings -Waggregate-return -Wstrict-prototypes -Wmissing-prototypes -Wnested-externs -Winline -Wredundant-decls   -o testReader  testReader.o ./libxml2.la    -lm  
gcc -g -O2 -pedantic -W -Wformat -Wunused -Wimplicit -Wreturn-type -Wswitch -Wcomment -Wtrigraphs -Wformat -Wchar-subscripts -Wuninitialized -Wparentheses -Wshadow -Wpointer-arith -Wcast-align -Wwrite-strings -Waggregate-return -Wstrict-prototypes -Wmissing-prototypes -Wnested-externs -Winline -Wredundant-decls -o .libs/testReader testReader.o  ./.libs/libxml2.so -ldl -lm -Wl,--rpath -Wl,/home/ualusr2011/ual1220/ual1/tools/lib/linux
creating testReader
if gcc -DHAVE_CONFIG_H -I. -I. -I. -I./include -I./include  -D_REENTRANT      -g -O2 -pedantic -W -Wformat -Wunused -Wimplicit -Wreturn-type -Wswitch -Wcomment -Wtrigraphs -Wformat -Wchar-subscripts -Wuninitialized -Wparentheses -Wshadow -Wpointer-arith -Wcast-align -Wwrite-strings -Waggregate-return -Wstrict-prototypes -Wmissing-prototypes -Wnested-externs -Winline -Wredundant-decls -MT testapi.o -MD -MP -MF ".deps/testapi.Tpo" -c -o testapi.o testapi.c; \
then mv -f ".deps/testapi.Tpo" ".deps/testapi.Po"; else rm -f ".deps/testapi.Tpo"; exit 1; fi
testapi.c:17762:25: warning: ‘gen_xmlSchematronPtr’ defined but not used [-Wunused-function]
 static xmlSchematronPtr gen_xmlSchematronPtr(int no ATTRIBUTE_UNUSED, int nr ATTRIBUTE_UNUSED) {
                         ^
testapi.c:17765:13: warning: ‘des_xmlSchematronPtr’ defined but not used [-Wunused-function]
 static void des_xmlSchematronPtr(int no ATTRIBUTE_UNUSED, xmlSchematronPtr val ATTRIBUTE_UNUSED, int nr ATTRIBUTE_UNUSED) {
             ^
testapi.c:17779:35: warning: ‘gen_xmlSchematronParserCtxtPtr’ defined but not used [-Wunused-function]
 static xmlSchematronParserCtxtPtr gen_xmlSchematronParserCtxtPtr(int no ATTRIBUTE_UNUSED, int nr ATTRIBUTE_UNUSED) {
                                   ^
testapi.c:17782:13: warning: ‘des_xmlSchematronParserCtxtPtr’ defined but not used [-Wunused-function]
 static void des_xmlSchematronParserCtxtPtr(int no ATTRIBUTE_UNUSED, xmlSchematronParserCtxtPtr val ATTRIBUTE_UNUSED, int nr ATTRIBUTE_UNUSED) {
             ^
testapi.c:33400:27: warning: ‘gen_xmlSAXHandlerPtr_ptr’ defined but not used [-Wunused-function]
 static xmlSAXHandlerPtr * gen_xmlSAXHandlerPtr_ptr(int no ATTRIBUTE_UNUSED, int nr ATTRIBUTE_UNUSED) {
                           ^
testapi.c:33403:13: warning: ‘des_xmlSAXHandlerPtr_ptr’ defined but not used [-Wunused-function]
 static void des_xmlSAXHandlerPtr_ptr(int no ATTRIBUTE_UNUSED, xmlSAXHandlerPtr * val ATTRIBUTE_UNUSED, int nr ATTRIBUTE_UNUSED) {
             ^
/bin/sh ./libtool --mode=link --tag=CC gcc  -g -O2 -pedantic -W -Wformat -Wunused -Wimplicit -Wreturn-type -Wswitch -Wcomment -Wtrigraphs -Wformat -Wchar-subscripts -Wuninitialized -Wparentheses -Wshadow -Wpointer-arith -Wcast-align -Wwrite-strings -Waggregate-return -Wstrict-prototypes -Wmissing-prototypes -Wnested-externs -Winline -Wredundant-decls   -o testapi  testapi.o ./libxml2.la    -lm  
gcc -g -O2 -pedantic -W -Wformat -Wunused -Wimplicit -Wreturn-type -Wswitch -Wcomment -Wtrigraphs -Wformat -Wchar-subscripts -Wuninitialized -Wparentheses -Wshadow -Wpointer-arith -Wcast-align -Wwrite-strings -Waggregate-return -Wstrict-prototypes -Wmissing-prototypes -Wnested-externs -Winline -Wredundant-decls -o .libs/testapi testapi.o  ./.libs/libxml2.so -ldl -lm -Wl,--rpath -Wl,/home/ualusr2011/ual1220/ual1/tools/lib/linux
creating testapi
if gcc -DHAVE_CONFIG_H -I. -I. -I. -I./include -I./include  -D_REENTRANT      -g -O2 -pedantic -W -Wformat -Wunused -Wimplicit -Wreturn-type -Wswitch -Wcomment -Wtrigraphs -Wformat -Wchar-subscripts -Wuninitialized -Wparentheses -Wshadow -Wpointer-arith -Wcast-align -Wwrite-strings -Waggregate-return -Wstrict-prototypes -Wmissing-prototypes -Wnested-externs -Winline -Wredundant-decls -MT testModule.o -MD -MP -MF ".deps/testModule.Tpo" -c -o testModule.o testModule.c; \
then mv -f ".deps/testModule.Tpo" ".deps/testModule.Po"; else rm -f ".deps/testModule.Tpo"; exit 1; fi
/bin/sh ./libtool --mode=link --tag=CC gcc  -g -O2 -pedantic -W -Wformat -Wunused -Wimplicit -Wreturn-type -Wswitch -Wcomment -Wtrigraphs -Wformat -Wchar-subscripts -Wuninitialized -Wparentheses -Wshadow -Wpointer-arith -Wcast-align -Wwrite-strings -Waggregate-return -Wstrict-prototypes -Wmissing-prototypes -Wnested-externs -Winline -Wredundant-decls   -o testModule  testModule.o ./libxml2.la    -lm  
gcc -g -O2 -pedantic -W -Wformat -Wunused -Wimplicit -Wreturn-type -Wswitch -Wcomment -Wtrigraphs -Wformat -Wchar-subscripts -Wuninitialized -Wparentheses -Wshadow -Wpointer-arith -Wcast-align -Wwrite-strings -Waggregate-return -Wstrict-prototypes -Wmissing-prototypes -Wnested-externs -Winline -Wredundant-decls -o .libs/testModule testModule.o  ./.libs/libxml2.so -ldl -lm -Wl,--rpath -Wl,/home/ualusr2011/ual1220/ual1/tools/lib/linux
creating testModule
if gcc -DHAVE_CONFIG_H -I. -I. -I. -I./include -I./include  -D_REENTRANT      -g -O2 -pedantic -W -Wformat -Wunused -Wimplicit -Wreturn-type -Wswitch -Wcomment -Wtrigraphs -Wformat -Wchar-subscripts -Wuninitialized -Wparentheses -Wshadow -Wpointer-arith -Wcast-align -Wwrite-strings -Waggregate-return -Wstrict-prototypes -Wmissing-prototypes -Wnested-externs -Winline -Wredundant-decls -MT runtest.o -MD -MP -MF ".deps/runtest.Tpo" -c -o runtest.o runtest.c; \
then mv -f ".deps/runtest.Tpo" ".deps/runtest.Po"; else rm -f ".deps/runtest.Tpo"; exit 1; fi
runtest.c: In function ‘schemasTest’:
runtest.c:2962:23: warning: variable ‘ret’ set but not used [-Wunused-but-set-variable]
     int res = 0, len, ret;
                       ^
runtest.c: In function ‘rngTest’:
runtest.c:3136:23: warning: variable ‘ret’ set but not used [-Wunused-but-set-variable]
     int res = 0, len, ret;
                       ^
/bin/sh ./libtool --mode=link --tag=CC gcc  -g -O2 -pedantic -W -Wformat -Wunused -Wimplicit -Wreturn-type -Wswitch -Wcomment -Wtrigraphs -Wformat -Wchar-subscripts -Wuninitialized -Wparentheses -Wshadow -Wpointer-arith -Wcast-align -Wwrite-strings -Waggregate-return -Wstrict-prototypes -Wmissing-prototypes -Wnested-externs -Winline -Wredundant-decls   -o runtest  runtest.o -lpthread  ./libxml2.la    -lm  
gcc -g -O2 -pedantic -W -Wformat -Wunused -Wimplicit -Wreturn-type -Wswitch -Wcomment -Wtrigraphs -Wformat -Wchar-subscripts -Wuninitialized -Wparentheses -Wshadow -Wpointer-arith -Wcast-align -Wwrite-strings -Waggregate-return -Wstrict-prototypes -Wmissing-prototypes -Wnested-externs -Winline -Wredundant-decls -o .libs/runtest runtest.o  -lpthread ./.libs/libxml2.so -ldl -lm -Wl,--rpath -Wl,/home/ualusr2011/ual1220/ual1/tools/lib/linux
creating runtest
if gcc -DHAVE_CONFIG_H -I. -I. -I. -I./include -I./include  -D_REENTRANT      -g -O2 -pedantic -W -Wformat -Wunused -Wimplicit -Wreturn-type -Wswitch -Wcomment -Wtrigraphs -Wformat -Wchar-subscripts -Wuninitialized -Wparentheses -Wshadow -Wpointer-arith -Wcast-align -Wwrite-strings -Waggregate-return -Wstrict-prototypes -Wmissing-prototypes -Wnested-externs -Winline -Wredundant-decls -MT runsuite.o -MD -MP -MF ".deps/runsuite.Tpo" -c -o runsuite.o runsuite.c; \
then mv -f ".deps/runsuite.Tpo" ".deps/runsuite.Po"; else rm -f ".deps/runsuite.Tpo"; exit 1; fi
runsuite.c: In function ‘main’:
runsuite.c:1036:9: warning: variable ‘res’ set but not used [-Wunused-but-set-variable]
     int res, ret = 0;
         ^
/bin/sh ./libtool --mode=link --tag=CC gcc  -g -O2 -pedantic -W -Wformat -Wunused -Wimplicit -Wreturn-type -Wswitch -Wcomment -Wtrigraphs -Wformat -Wchar-subscripts -Wuninitialized -Wparentheses -Wshadow -Wpointer-arith -Wcast-align -Wwrite-strings -Waggregate-return -Wstrict-prototypes -Wmissing-prototypes -Wnested-externs -Winline -Wredundant-decls   -o runsuite  runsuite.o ./libxml2.la    -lm  
gcc -g -O2 -pedantic -W -Wformat -Wunused -Wimplicit -Wreturn-type -Wswitch -Wcomment -Wtrigraphs -Wformat -Wchar-subscripts -Wuninitialized -Wparentheses -Wshadow -Wpointer-arith -Wcast-align -Wwrite-strings -Waggregate-return -Wstrict-prototypes -Wmissing-prototypes -Wnested-externs -Winline -Wredundant-decls -o .libs/runsuite runsuite.o  ./.libs/libxml2.so -ldl -lm -Wl,--rpath -Wl,/home/ualusr2011/ual1220/ual1/tools/lib/linux
creating runsuite
sed -e 's?\@XML_LIBDIR\@?-L/home/ualusr2011/ual1220/ual1/tools/lib/linux?g' \
    -e 's?\@XML_INCLUDEDIR\@?-I/home/ualusr2011/ual1220/ual1/tools/include/libxml2?g' \
    -e 's?\@VERSION\@?2.6.22?g' \
    -e 's?\@XML_LIBS\@?-lxml2    -lm ?g' \
       < ./xml2Conf.sh.in > xml2Conf.tmp \
&& mv xml2Conf.tmp xml2Conf.sh
make[5]: Leaving directory `/home/ualusr2011/ual1220/ual1/tools/tars/libxml2-2.6.22'
Making all in doc
make[5]: Entering directory `/home/ualusr2011/ual1220/ual1/tools/tars/libxml2-2.6.22/doc'
Making all in devhelp
make[6]: Entering directory `/home/ualusr2011/ual1220/ual1/tools/tars/libxml2-2.6.22/doc/devhelp'
make[6]: Nothing to be done for `all'.
make[6]: Leaving directory `/home/ualusr2011/ual1220/ual1/tools/tars/libxml2-2.6.22/doc/devhelp'
Making all in examples
make[6]: Entering directory `/home/ualusr2011/ual1220/ual1/tools/tars/libxml2-2.6.22/doc/examples'
if gcc -DHAVE_CONFIG_H -I. -I. -I../.. -I../../include -I../../include -I./include  -D_REENTRANT     -g -O2 -pedantic -W -Wformat -Wunused -Wimplicit -Wreturn-type -Wswitch -Wcomment -Wtrigraphs -Wformat -Wchar-subscripts -Wuninitialized -Wparentheses -Wshadow -Wpointer-arith -Wcast-align -Wwrite-strings -Waggregate-return -Wstrict-prototypes -Wmissing-prototypes -Wnested-externs -Winline -Wredundant-decls -MT reader3.o -MD -MP -MF ".deps/reader3.Tpo" -c -o reader3.o reader3.c; \
then mv -f ".deps/reader3.Tpo" ".deps/reader3.Po"; else rm -f ".deps/reader3.Tpo"; exit 1; fi
/bin/sh ../../libtool --mode=link --tag=CC gcc  -g -O2 -pedantic -W -Wformat -Wunused -Wimplicit -Wreturn-type -Wswitch -Wcomment -Wtrigraphs -Wformat -Wchar-subscripts -Wuninitialized -Wparentheses -Wshadow -Wpointer-arith -Wcast-align -Wwrite-strings -Waggregate-return -Wstrict-prototypes -Wmissing-prototypes -Wnested-externs -Winline -Wredundant-decls   -o reader3  reader3.o ../../libxml2.la    -lm  
mkdir .libs
gcc -g -O2 -pedantic -W -Wformat -Wunused -Wimplicit -Wreturn-type -Wswitch -Wcomment -Wtrigraphs -Wformat -Wchar-subscripts -Wuninitialized -Wparentheses -Wshadow -Wpointer-arith -Wcast-align -Wwrite-strings -Waggregate-return -Wstrict-prototypes -Wmissing-prototypes -Wnested-externs -Winline -Wredundant-decls -o .libs/reader3 reader3.o  ../../.libs/libxml2.so -ldl -lm -Wl,--rpath -Wl,/home/ualusr2011/ual1220/ual1/tools/lib/linux
creating reader3
if gcc -DHAVE_CONFIG_H -I. -I. -I../.. -I../../include -I../../include -I./include  -D_REENTRANT     -g -O2 -pedantic -W -Wformat -Wunused -Wimplicit -Wreturn-type -Wswitch -Wcomment -Wtrigraphs -Wformat -Wchar-subscripts -Wuninitialized -Wparentheses -Wshadow -Wpointer-arith -Wcast-align -Wwrite-strings -Waggregate-return -Wstrict-prototypes -Wmissing-prototypes -Wnested-externs -Winline -Wredundant-decls -MT io2.o -MD -MP -MF ".deps/io2.Tpo" -c -o io2.o io2.c; \
then mv -f ".deps/io2.Tpo" ".deps/io2.Po"; else rm -f ".deps/io2.Tpo"; exit 1; fi
/bin/sh ../../libtool --mode=link --tag=CC gcc  -g -O2 -pedantic -W -Wformat -Wunused -Wimplicit -Wreturn-type -Wswitch -Wcomment -Wtrigraphs -Wformat -Wchar-subscripts -Wuninitialized -Wparentheses -Wshadow -Wpointer-arith -Wcast-align -Wwrite-strings -Waggregate-return -Wstrict-prototypes -Wmissing-prototypes -Wnested-externs -Winline -Wredundant-decls   -o io2  io2.o ../../libxml2.la    -lm  
gcc -g -O2 -pedantic -W -Wformat -Wunused -Wimplicit -Wreturn-type -Wswitch -Wcomment -Wtrigraphs -Wformat -Wchar-subscripts -Wuninitialized -Wparentheses -Wshadow -Wpointer-arith -Wcast-align -Wwrite-strings -Waggregate-return -Wstrict-prototypes -Wmissing-prototypes -Wnested-externs -Winline -Wredundant-decls -o .libs/io2 io2.o  ../../.libs/libxml2.so -ldl -lm -Wl,--rpath -Wl,/home/ualusr2011/ual1220/ual1/tools/lib/linux
creating io2
if gcc -DHAVE_CONFIG_H -I. -I. -I../.. -I../../include -I../../include -I./include  -D_REENTRANT     -g -O2 -pedantic -W -Wformat -Wunused -Wimplicit -Wreturn-type -Wswitch -Wcomment -Wtrigraphs -Wformat -Wchar-subscripts -Wuninitialized -Wparentheses -Wshadow -Wpointer-arith -Wcast-align -Wwrite-strings -Waggregate-return -Wstrict-prototypes -Wmissing-prototypes -Wnested-externs -Winline -Wredundant-decls -MT reader1.o -MD -MP -MF ".deps/reader1.Tpo" -c -o reader1.o reader1.c; \
then mv -f ".deps/reader1.Tpo" ".deps/reader1.Po"; else rm -f ".deps/reader1.Tpo"; exit 1; fi
/bin/sh ../../libtool --mode=link --tag=CC gcc  -g -O2 -pedantic -W -Wformat -Wunused -Wimplicit -Wreturn-type -Wswitch -Wcomment -Wtrigraphs -Wformat -Wchar-subscripts -Wuninitialized -Wparentheses -Wshadow -Wpointer-arith -Wcast-align -Wwrite-strings -Waggregate-return -Wstrict-prototypes -Wmissing-prototypes -Wnested-externs -Winline -Wredundant-decls   -o reader1  reader1.o ../../libxml2.la    -lm  
gcc -g -O2 -pedantic -W -Wformat -Wunused -Wimplicit -Wreturn-type -Wswitch -Wcomment -Wtrigraphs -Wformat -Wchar-subscripts -Wuninitialized -Wparentheses -Wshadow -Wpointer-arith -Wcast-align -Wwrite-strings -Waggregate-return -Wstrict-prototypes -Wmissing-prototypes -Wnested-externs -Winline -Wredundant-decls -o .libs/reader1 reader1.o  ../../.libs/libxml2.so -ldl -lm -Wl,--rpath -Wl,/home/ualusr2011/ual1220/ual1/tools/lib/linux
creating reader1
if gcc -DHAVE_CONFIG_H -I. -I. -I../.. -I../../include -I../../include -I./include  -D_REENTRANT     -g -O2 -pedantic -W -Wformat -Wunused -Wimplicit -Wreturn-type -Wswitch -Wcomment -Wtrigraphs -Wformat -Wchar-subscripts -Wuninitialized -Wparentheses -Wshadow -Wpointer-arith -Wcast-align -Wwrite-strings -Waggregate-return -Wstrict-prototypes -Wmissing-prototypes -Wnested-externs -Winline -Wredundant-decls -MT reader2.o -MD -MP -MF ".deps/reader2.Tpo" -c -o reader2.o reader2.c; \
then mv -f ".deps/reader2.Tpo" ".deps/reader2.Po"; else rm -f ".deps/reader2.Tpo"; exit 1; fi
/bin/sh ../../libtool --mode=link --tag=CC gcc  -g -O2 -pedantic -W -Wformat -Wunused -Wimplicit -Wreturn-type -Wswitch -Wcomment -Wtrigraphs -Wformat -Wchar-subscripts -Wuninitialized -Wparentheses -Wshadow -Wpointer-arith -Wcast-align -Wwrite-strings -Waggregate-return -Wstrict-prototypes -Wmissing-prototypes -Wnested-externs -Winline -Wredundant-decls   -o reader2  reader2.o ../../libxml2.la    -lm  
gcc -g -O2 -pedantic -W -Wformat -Wunused -Wimplicit -Wreturn-type -Wswitch -Wcomment -Wtrigraphs -Wformat -Wchar-subscripts -Wuninitialized -Wparentheses -Wshadow -Wpointer-arith -Wcast-align -Wwrite-strings -Waggregate-return -Wstrict-prototypes -Wmissing-prototypes -Wnested-externs -Winline -Wredundant-decls -o .libs/reader2 reader2.o  ../../.libs/libxml2.so -ldl -lm -Wl,--rpath -Wl,/home/ualusr2011/ual1220/ual1/tools/lib/linux
creating reader2
if gcc -DHAVE_CONFIG_H -I. -I. -I../.. -I../../include -I../../include -I./include  -D_REENTRANT     -g -O2 -pedantic -W -Wformat -Wunused -Wimplicit -Wreturn-type -Wswitch -Wcomment -Wtrigraphs -Wformat -Wchar-subscripts -Wuninitialized -Wparentheses -Wshadow -Wpointer-arith -Wcast-align -Wwrite-strings -Waggregate-return -Wstrict-prototypes -Wmissing-prototypes -Wnested-externs -Winline -Wredundant-decls -MT reader4.o -MD -MP -MF ".deps/reader4.Tpo" -c -o reader4.o reader4.c; \
then mv -f ".deps/reader4.Tpo" ".deps/reader4.Po"; else rm -f ".deps/reader4.Tpo"; exit 1; fi
/bin/sh ../../libtool --mode=link --tag=CC gcc  -g -O2 -pedantic -W -Wformat -Wunused -Wimplicit -Wreturn-type -Wswitch -Wcomment -Wtrigraphs -Wformat -Wchar-subscripts -Wuninitialized -Wparentheses -Wshadow -Wpointer-arith -Wcast-align -Wwrite-strings -Waggregate-return -Wstrict-prototypes -Wmissing-prototypes -Wnested-externs -Winline -Wredundant-decls   -o reader4  reader4.o ../../libxml2.la    -lm  
gcc -g -O2 -pedantic -W -Wformat -Wunused -Wimplicit -Wreturn-type -Wswitch -Wcomment -Wtrigraphs -Wformat -Wchar-subscripts -Wuninitialized -Wparentheses -Wshadow -Wpointer-arith -Wcast-align -Wwrite-strings -Waggregate-return -Wstrict-prototypes -Wmissing-prototypes -Wnested-externs -Winline -Wredundant-decls -o .libs/reader4 reader4.o  ../../.libs/libxml2.so -ldl -lm -Wl,--rpath -Wl,/home/ualusr2011/ual1220/ual1/tools/lib/linux
creating reader4
if gcc -DHAVE_CONFIG_H -I. -I. -I../.. -I../../include -I../../include -I./include  -D_REENTRANT     -g -O2 -pedantic -W -Wformat -Wunused -Wimplicit -Wreturn-type -Wswitch -Wcomment -Wtrigraphs -Wformat -Wchar-subscripts -Wuninitialized -Wparentheses -Wshadow -Wpointer-arith -Wcast-align -Wwrite-strings -Waggregate-return -Wstrict-prototypes -Wmissing-prototypes -Wnested-externs -Winline -Wredundant-decls -MT testWriter.o -MD -MP -MF ".deps/testWriter.Tpo" -c -o testWriter.o testWriter.c; \
then mv -f ".deps/testWriter.Tpo" ".deps/testWriter.Po"; else rm -f ".deps/testWriter.Tpo"; exit 1; fi
/bin/sh ../../libtool --mode=link --tag=CC gcc  -g -O2 -pedantic -W -Wformat -Wunused -Wimplicit -Wreturn-type -Wswitch -Wcomment -Wtrigraphs -Wformat -Wchar-subscripts -Wuninitialized -Wparentheses -Wshadow -Wpointer-arith -Wcast-align -Wwrite-strings -Waggregate-return -Wstrict-prototypes -Wmissing-prototypes -Wnested-externs -Winline -Wredundant-decls   -o testWriter  testWriter.o ../../libxml2.la    -lm  
gcc -g -O2 -pedantic -W -Wformat -Wunused -Wimplicit -Wreturn-type -Wswitch -Wcomment -Wtrigraphs -Wformat -Wchar-subscripts -Wuninitialized -Wparentheses -Wshadow -Wpointer-arith -Wcast-align -Wwrite-strings -Waggregate-return -Wstrict-prototypes -Wmissing-prototypes -Wnested-externs -Winline -Wredundant-decls -o .libs/testWriter testWriter.o  ../../.libs/libxml2.so -ldl -lm -Wl,--rpath -Wl,/home/ualusr2011/ual1220/ual1/tools/lib/linux
creating testWriter
if gcc -DHAVE_CONFIG_H -I. -I. -I../.. -I../../include -I../../include -I./include  -D_REENTRANT     -g -O2 -pedantic -W -Wformat -Wunused -Wimplicit -Wreturn-type -Wswitch -Wcomment -Wtrigraphs -Wformat -Wchar-subscripts -Wuninitialized -Wparentheses -Wshadow -Wpointer-arith -Wcast-align -Wwrite-strings -Waggregate-return -Wstrict-prototypes -Wmissing-prototypes -Wnested-externs -Winline -Wredundant-decls -MT parse3.o -MD -MP -MF ".deps/parse3.Tpo" -c -o parse3.o parse3.c; \
then mv -f ".deps/parse3.Tpo" ".deps/parse3.Po"; else rm -f ".deps/parse3.Tpo"; exit 1; fi
/bin/sh ../../libtool --mode=link --tag=CC gcc  -g -O2 -pedantic -W -Wformat -Wunused -Wimplicit -Wreturn-type -Wswitch -Wcomment -Wtrigraphs -Wformat -Wchar-subscripts -Wuninitialized -Wparentheses -Wshadow -Wpointer-arith -Wcast-align -Wwrite-strings -Waggregate-return -Wstrict-prototypes -Wmissing-prototypes -Wnested-externs -Winline -Wredundant-decls   -o parse3  parse3.o ../../libxml2.la    -lm  
gcc -g -O2 -pedantic -W -Wformat -Wunused -Wimplicit -Wreturn-type -Wswitch -Wcomment -Wtrigraphs -Wformat -Wchar-subscripts -Wuninitialized -Wparentheses -Wshadow -Wpointer-arith -Wcast-align -Wwrite-strings -Waggregate-return -Wstrict-prototypes -Wmissing-prototypes -Wnested-externs -Winline -Wredundant-decls -o .libs/parse3 parse3.o  ../../.libs/libxml2.so -ldl -lm -Wl,--rpath -Wl,/home/ualusr2011/ual1220/ual1/tools/lib/linux
creating parse3
if gcc -DHAVE_CONFIG_H -I. -I. -I../.. -I../../include -I../../include -I./include  -D_REENTRANT     -g -O2 -pedantic -W -Wformat -Wunused -Wimplicit -Wreturn-type -Wswitch -Wcomment -Wtrigraphs -Wformat -Wchar-subscripts -Wuninitialized -Wparentheses -Wshadow -Wpointer-arith -Wcast-align -Wwrite-strings -Waggregate-return -Wstrict-prototypes -Wmissing-prototypes -Wnested-externs -Winline -Wredundant-decls -MT tree2.o -MD -MP -MF ".deps/tree2.Tpo" -c -o tree2.o tree2.c; \
then mv -f ".deps/tree2.Tpo" ".deps/tree2.Po"; else rm -f ".deps/tree2.Tpo"; exit 1; fi
tree2.c: In function ‘main’:
tree2.c:30:15: warning: variable ‘dtd’ set but not used [-Wunused-but-set-variable]
     xmlDtdPtr dtd = NULL;       /* DTD pointer */
               ^
/bin/sh ../../libtool --mode=link --tag=CC gcc  -g -O2 -pedantic -W -Wformat -Wunused -Wimplicit -Wreturn-type -Wswitch -Wcomment -Wtrigraphs -Wformat -Wchar-subscripts -Wuninitialized -Wparentheses -Wshadow -Wpointer-arith -Wcast-align -Wwrite-strings -Waggregate-return -Wstrict-prototypes -Wmissing-prototypes -Wnested-externs -Winline -Wredundant-decls   -o tree2  tree2.o ../../libxml2.la    -lm  
gcc -g -O2 -pedantic -W -Wformat -Wunused -Wimplicit -Wreturn-type -Wswitch -Wcomment -Wtrigraphs -Wformat -Wchar-subscripts -Wuninitialized -Wparentheses -Wshadow -Wpointer-arith -Wcast-align -Wwrite-strings -Waggregate-return -Wstrict-prototypes -Wmissing-prototypes -Wnested-externs -Winline -Wredundant-decls -o .libs/tree2 tree2.o  ../../.libs/libxml2.so -ldl -lm -Wl,--rpath -Wl,/home/ualusr2011/ual1220/ual1/tools/lib/linux
creating tree2
if gcc -DHAVE_CONFIG_H -I. -I. -I../.. -I../../include -I../../include -I./include  -D_REENTRANT     -g -O2 -pedantic -W -Wformat -Wunused -Wimplicit -Wreturn-type -Wswitch -Wcomment -Wtrigraphs -Wformat -Wchar-subscripts -Wuninitialized -Wparentheses -Wshadow -Wpointer-arith -Wcast-align -Wwrite-strings -Waggregate-return -Wstrict-prototypes -Wmissing-prototypes -Wnested-externs -Winline -Wredundant-decls -MT tree1.o -MD -MP -MF ".deps/tree1.Tpo" -c -o tree1.o tree1.c; \
then mv -f ".deps/tree1.Tpo" ".deps/tree1.Po"; else rm -f ".deps/tree1.Tpo"; exit 1; fi
/bin/sh ../../libtool --mode=link --tag=CC gcc  -g -O2 -pedantic -W -Wformat -Wunused -Wimplicit -Wreturn-type -Wswitch -Wcomment -Wtrigraphs -Wformat -Wchar-subscripts -Wuninitialized -Wparentheses -Wshadow -Wpointer-arith -Wcast-align -Wwrite-strings -Waggregate-return -Wstrict-prototypes -Wmissing-prototypes -Wnested-externs -Winline -Wredundant-decls   -o tree1  tree1.o ../../libxml2.la    -lm  
gcc -g -O2 -pedantic -W -Wformat -Wunused -Wimplicit -Wreturn-type -Wswitch -Wcomment -Wtrigraphs -Wformat -Wchar-subscripts -Wuninitialized -Wparentheses -Wshadow -Wpointer-arith -Wcast-align -Wwrite-strings -Waggregate-return -Wstrict-prototypes -Wmissing-prototypes -Wnested-externs -Winline -Wredundant-decls -o .libs/tree1 tree1.o  ../../.libs/libxml2.so -ldl -lm -Wl,--rpath -Wl,/home/ualusr2011/ual1220/ual1/tools/lib/linux
creating tree1
if gcc -DHAVE_CONFIG_H -I. -I. -I../.. -I../../include -I../../include -I./include  -D_REENTRANT     -g -O2 -pedantic -W -Wformat -Wunused -Wimplicit -Wreturn-type -Wswitch -Wcomment -Wtrigraphs -Wformat -Wchar-subscripts -Wuninitialized -Wparentheses -Wshadow -Wpointer-arith -Wcast-align -Wwrite-strings -Waggregate-return -Wstrict-prototypes -Wmissing-prototypes -Wnested-externs -Winline -Wredundant-decls -MT xpath2.o -MD -MP -MF ".deps/xpath2.Tpo" -c -o xpath2.o xpath2.c; \
then mv -f ".deps/xpath2.Tpo" ".deps/xpath2.Po"; else rm -f ".deps/xpath2.Tpo"; exit 1; fi
/bin/sh ../../libtool --mode=link --tag=CC gcc  -g -O2 -pedantic -W -Wformat -Wunused -Wimplicit -Wreturn-type -Wswitch -Wcomment -Wtrigraphs -Wformat -Wchar-subscripts -Wuninitialized -Wparentheses -Wshadow -Wpointer-arith -Wcast-align -Wwrite-strings -Waggregate-return -Wstrict-prototypes -Wmissing-prototypes -Wnested-externs -Winline -Wredundant-decls   -o xpath2  xpath2.o ../../libxml2.la    -lm  
gcc -g -O2 -pedantic -W -Wformat -Wunused -Wimplicit -Wreturn-type -Wswitch -Wcomment -Wtrigraphs -Wformat -Wchar-subscripts -Wuninitialized -Wparentheses -Wshadow -Wpointer-arith -Wcast-align -Wwrite-strings -Waggregate-return -Wstrict-prototypes -Wmissing-prototypes -Wnested-externs -Winline -Wredundant-decls -o .libs/xpath2 xpath2.o  ../../.libs/libxml2.so -ldl -lm -Wl,--rpath -Wl,/home/ualusr2011/ual1220/ual1/tools/lib/linux
creating xpath2
if gcc -DHAVE_CONFIG_H -I. -I. -I../.. -I../../include -I../../include -I./include  -D_REENTRANT     -g -O2 -pedantic -W -Wformat -Wunused -Wimplicit -Wreturn-type -Wswitch -Wcomment -Wtrigraphs -Wformat -Wchar-subscripts -Wuninitialized -Wparentheses -Wshadow -Wpointer-arith -Wcast-align -Wwrite-strings -Waggregate-return -Wstrict-prototypes -Wmissing-prototypes -Wnested-externs -Winline -Wredundant-decls -MT parse1.o -MD -MP -MF ".deps/parse1.Tpo" -c -o parse1.o parse1.c; \
then mv -f ".deps/parse1.Tpo" ".deps/parse1.Po"; else rm -f ".deps/parse1.Tpo"; exit 1; fi
/bin/sh ../../libtool --mode=link --tag=CC gcc  -g -O2 -pedantic -W -Wformat -Wunused -Wimplicit -Wreturn-type -Wswitch -Wcomment -Wtrigraphs -Wformat -Wchar-subscripts -Wuninitialized -Wparentheses -Wshadow -Wpointer-arith -Wcast-align -Wwrite-strings -Waggregate-return -Wstrict-prototypes -Wmissing-prototypes -Wnested-externs -Winline -Wredundant-decls   -o parse1  parse1.o ../../libxml2.la    -lm  
gcc -g -O2 -pedantic -W -Wformat -Wunused -Wimplicit -Wreturn-type -Wswitch -Wcomment -Wtrigraphs -Wformat -Wchar-subscripts -Wuninitialized -Wparentheses -Wshadow -Wpointer-arith -Wcast-align -Wwrite-strings -Waggregate-return -Wstrict-prototypes -Wmissing-prototypes -Wnested-externs -Winline -Wredundant-decls -o .libs/parse1 parse1.o  ../../.libs/libxml2.so -ldl -lm -Wl,--rpath -Wl,/home/ualusr2011/ual1220/ual1/tools/lib/linux
creating parse1
if gcc -DHAVE_CONFIG_H -I. -I. -I../.. -I../../include -I../../include -I./include  -D_REENTRANT     -g -O2 -pedantic -W -Wformat -Wunused -Wimplicit -Wreturn-type -Wswitch -Wcomment -Wtrigraphs -Wformat -Wchar-subscripts -Wuninitialized -Wparentheses -Wshadow -Wpointer-arith -Wcast-align -Wwrite-strings -Waggregate-return -Wstrict-prototypes -Wmissing-prototypes -Wnested-externs -Winline -Wredundant-decls -MT xpath1.o -MD -MP -MF ".deps/xpath1.Tpo" -c -o xpath1.o xpath1.c; \
then mv -f ".deps/xpath1.Tpo" ".deps/xpath1.Po"; else rm -f ".deps/xpath1.Tpo"; exit 1; fi
/bin/sh ../../libtool --mode=link --tag=CC gcc  -g -O2 -pedantic -W -Wformat -Wunused -Wimplicit -Wreturn-type -Wswitch -Wcomment -Wtrigraphs -Wformat -Wchar-subscripts -Wuninitialized -Wparentheses -Wshadow -Wpointer-arith -Wcast-align -Wwrite-strings -Waggregate-return -Wstrict-prototypes -Wmissing-prototypes -Wnested-externs -Winline -Wredundant-decls   -o xpath1  xpath1.o ../../libxml2.la    -lm  
gcc -g -O2 -pedantic -W -Wformat -Wunused -Wimplicit -Wreturn-type -Wswitch -Wcomment -Wtrigraphs -Wformat -Wchar-subscripts -Wuninitialized -Wparentheses -Wshadow -Wpointer-arith -Wcast-align -Wwrite-strings -Waggregate-return -Wstrict-prototypes -Wmissing-prototypes -Wnested-externs -Winline -Wredundant-decls -o .libs/xpath1 xpath1.o  ../../.libs/libxml2.so -ldl -lm -Wl,--rpath -Wl,/home/ualusr2011/ual1220/ual1/tools/lib/linux
creating xpath1
if gcc -DHAVE_CONFIG_H -I. -I. -I../.. -I../../include -I../../include -I./include  -D_REENTRANT     -g -O2 -pedantic -W -Wformat -Wunused -Wimplicit -Wreturn-type -Wswitch -Wcomment -Wtrigraphs -Wformat -Wchar-subscripts -Wuninitialized -Wparentheses -Wshadow -Wpointer-arith -Wcast-align -Wwrite-strings -Waggregate-return -Wstrict-prototypes -Wmissing-prototypes -Wnested-externs -Winline -Wredundant-decls -MT io1.o -MD -MP -MF ".deps/io1.Tpo" -c -o io1.o io1.c; \
then mv -f ".deps/io1.Tpo" ".deps/io1.Po"; else rm -f ".deps/io1.Tpo"; exit 1; fi
/bin/sh ../../libtool --mode=link --tag=CC gcc  -g -O2 -pedantic -W -Wformat -Wunused -Wimplicit -Wreturn-type -Wswitch -Wcomment -Wtrigraphs -Wformat -Wchar-subscripts -Wuninitialized -Wparentheses -Wshadow -Wpointer-arith -Wcast-align -Wwrite-strings -Waggregate-return -Wstrict-prototypes -Wmissing-prototypes -Wnested-externs -Winline -Wredundant-decls   -o io1  io1.o ../../libxml2.la    -lm  
gcc -g -O2 -pedantic -W -Wformat -Wunused -Wimplicit -Wreturn-type -Wswitch -Wcomment -Wtrigraphs -Wformat -Wchar-subscripts -Wuninitialized -Wparentheses -Wshadow -Wpointer-arith -Wcast-align -Wwrite-strings -Waggregate-return -Wstrict-prototypes -Wmissing-prototypes -Wnested-externs -Winline -Wredundant-decls -o .libs/io1 io1.o  ../../.libs/libxml2.so -ldl -lm -Wl,--rpath -Wl,/home/ualusr2011/ual1220/ual1/tools/lib/linux
creating io1
if gcc -DHAVE_CONFIG_H -I. -I. -I../.. -I../../include -I../../include -I./include  -D_REENTRANT     -g -O2 -pedantic -W -Wformat -Wunused -Wimplicit -Wreturn-type -Wswitch -Wcomment -Wtrigraphs -Wformat -Wchar-subscripts -Wuninitialized -Wparentheses -Wshadow -Wpointer-arith -Wcast-align -Wwrite-strings -Waggregate-return -Wstrict-prototypes -Wmissing-prototypes -Wnested-externs -Winline -Wredundant-decls -MT parse4.o -MD -MP -MF ".deps/parse4.Tpo" -c -o parse4.o parse4.c; \
then mv -f ".deps/parse4.Tpo" ".deps/parse4.Po"; else rm -f ".deps/parse4.Tpo"; exit 1; fi
/bin/sh ../../libtool --mode=link --tag=CC gcc  -g -O2 -pedantic -W -Wformat -Wunused -Wimplicit -Wreturn-type -Wswitch -Wcomment -Wtrigraphs -Wformat -Wchar-subscripts -Wuninitialized -Wparentheses -Wshadow -Wpointer-arith -Wcast-align -Wwrite-strings -Waggregate-return -Wstrict-prototypes -Wmissing-prototypes -Wnested-externs -Winline -Wredundant-decls   -o parse4  parse4.o ../../libxml2.la    -lm  
gcc -g -O2 -pedantic -W -Wformat -Wunused -Wimplicit -Wreturn-type -Wswitch -Wcomment -Wtrigraphs -Wformat -Wchar-subscripts -Wuninitialized -Wparentheses -Wshadow -Wpointer-arith -Wcast-align -Wwrite-strings -Waggregate-return -Wstrict-prototypes -Wmissing-prototypes -Wnested-externs -Winline -Wredundant-decls -o .libs/parse4 parse4.o  ../../.libs/libxml2.so -ldl -lm -Wl,--rpath -Wl,/home/ualusr2011/ual1220/ual1/tools/lib/linux
creating parse4
if gcc -DHAVE_CONFIG_H -I. -I. -I../.. -I../../include -I../../include -I./include  -D_REENTRANT     -g -O2 -pedantic -W -Wformat -Wunused -Wimplicit -Wreturn-type -Wswitch -Wcomment -Wtrigraphs -Wformat -Wchar-subscripts -Wuninitialized -Wparentheses -Wshadow -Wpointer-arith -Wcast-align -Wwrite-strings -Waggregate-return -Wstrict-prototypes -Wmissing-prototypes -Wnested-externs -Winline -Wredundant-decls -MT parse2.o -MD -MP -MF ".deps/parse2.Tpo" -c -o parse2.o parse2.c; \
then mv -f ".deps/parse2.Tpo" ".deps/parse2.Po"; else rm -f ".deps/parse2.Tpo"; exit 1; fi
/bin/sh ../../libtool --mode=link --tag=CC gcc  -g -O2 -pedantic -W -Wformat -Wunused -Wimplicit -Wreturn-type -Wswitch -Wcomment -Wtrigraphs -Wformat -Wchar-subscripts -Wuninitialized -Wparentheses -Wshadow -Wpointer-arith -Wcast-align -Wwrite-strings -Waggregate-return -Wstrict-prototypes -Wmissing-prototypes -Wnested-externs -Winline -Wredundant-decls   -o parse2  parse2.o ../../libxml2.la    -lm  
gcc -g -O2 -pedantic -W -Wformat -Wunused -Wimplicit -Wreturn-type -Wswitch -Wcomment -Wtrigraphs -Wformat -Wchar-subscripts -Wuninitialized -Wparentheses -Wshadow -Wpointer-arith -Wcast-align -Wwrite-strings -Waggregate-return -Wstrict-prototypes -Wmissing-prototypes -Wnested-externs -Winline -Wredundant-decls -o .libs/parse2 parse2.o  ../../.libs/libxml2.so -ldl -lm -Wl,--rpath -Wl,/home/ualusr2011/ual1220/ual1/tools/lib/linux
creating parse2
make[6]: Leaving directory `/home/ualusr2011/ual1220/ual1/tools/tars/libxml2-2.6.22/doc/examples'
make[6]: Entering directory `/home/ualusr2011/ual1220/ual1/tools/tars/libxml2-2.6.22/doc'
make[6]: Nothing to be done for `all-am'.
make[6]: Leaving directory `/home/ualusr2011/ual1220/ual1/tools/tars/libxml2-2.6.22/doc'
make[5]: Leaving directory `/home/ualusr2011/ual1220/ual1/tools/tars/libxml2-2.6.22/doc'
Making all in example
make[5]: Entering directory `/home/ualusr2011/ual1220/ual1/tools/tars/libxml2-2.6.22/example'
if gcc -DHAVE_CONFIG_H -I. -I. -I.. -I../include -I../include -I./include  -D_REENTRANT     -g -O2 -pedantic -W -Wformat -Wunused -Wimplicit -Wreturn-type -Wswitch -Wcomment -Wtrigraphs -Wformat -Wchar-subscripts -Wuninitialized -Wparentheses -Wshadow -Wpointer-arith -Wcast-align -Wwrite-strings -Waggregate-return -Wstrict-prototypes -Wmissing-prototypes -Wnested-externs -Winline -Wredundant-decls -MT gjobread.o -MD -MP -MF ".deps/gjobread.Tpo" -c -o gjobread.o gjobread.c; \
then mv -f ".deps/gjobread.Tpo" ".deps/gjobread.Po"; else rm -f ".deps/gjobread.Tpo"; exit 1; fi
/bin/sh ../libtool --mode=link --tag=CC gcc  -g -O2 -pedantic -W -Wformat -Wunused -Wimplicit -Wreturn-type -Wswitch -Wcomment -Wtrigraphs -Wformat -Wchar-subscripts -Wuninitialized -Wparentheses -Wshadow -Wpointer-arith -Wcast-align -Wwrite-strings -Waggregate-return -Wstrict-prototypes -Wmissing-prototypes -Wnested-externs -Winline -Wredundant-decls   -o gjobread  gjobread.o ../libxml2.la    -lm  
mkdir .libs
gcc -g -O2 -pedantic -W -Wformat -Wunused -Wimplicit -Wreturn-type -Wswitch -Wcomment -Wtrigraphs -Wformat -Wchar-subscripts -Wuninitialized -Wparentheses -Wshadow -Wpointer-arith -Wcast-align -Wwrite-strings -Waggregate-return -Wstrict-prototypes -Wmissing-prototypes -Wnested-externs -Winline -Wredundant-decls -o .libs/gjobread gjobread.o  ../.libs/libxml2.so -ldl -lm -Wl,--rpath -Wl,/home/ualusr2011/ual1220/ual1/tools/lib/linux
creating gjobread
make[5]: Leaving directory `/home/ualusr2011/ual1220/ual1/tools/tars/libxml2-2.6.22/example'
Making all in xstc
make[5]: Entering directory `/home/ualusr2011/ual1220/ual1/tools/tars/libxml2-2.6.22/xstc'
make[5]: Nothing to be done for `all'.
make[5]: Leaving directory `/home/ualusr2011/ual1220/ual1/tools/tars/libxml2-2.6.22/xstc'
Making all in python
make[5]: Entering directory `/home/ualusr2011/ual1220/ual1/tools/tars/libxml2-2.6.22/python'
Making all in .
make[6]: Entering directory `/home/ualusr2011/ual1220/ual1/tools/tars/libxml2-2.6.22/python'
/bin/python ./generator.py .
Found 1579 functions in libxml2-api.xml
Found 53 functions in libxml2-python-api.xml
Generated 873 wrapper functions, 547 failed, 212 skipped

Missing type converters: 
xmlRelaxNGValidityErrorFunc *:2  xmlXPathObjectPtr:22  const htmlEntityDesc *:2  xmlOutputMatchCallback:1  xmlElementContentPtr *:1  xmlStructuredErrorFunc:3  xmlSchematronValidCtxtPtr:2  xmlParserInputBufferCreateFilenameFunc:2  xmlSchemaValType:2  size_t:1  xmlEnumerationPtr:5  xmlSchemaWildcardPtr:1  xmlXIncludeCtxtPtr:4  xmlRelaxNGValidityErrorFunc:2  xmlSAXHandler *:4  ...:1  xmlShellReadlineFunc:1  xmlDict *:1  xmlAutomataPtr:19  xmlParserInputPtr:17  xmlCatalogAllow:2  xmlExpNodePtr:3  xmlElementContent *:1  xmlCharEncodingOutputFunc:1  xmlDictPtr:10  xmlTextWriterPtr:77  const htmlElemDesc *:1  xmlIDPtr:1  xmlSchemaValPtr:13  xmlInputMatchCallback:1  xmlElementTablePtr:2  xmlChar **:15  xmlXPathCompExprPtr:5  xmlTextReaderErrorFunc:1  xmlExternalEntityLoader:2  xmlNotationTablePtr:2  xmlXPathVariableLookupFunc:1  xmlParserNodeInfoPtr:1  xmlExpCtxtPtr:14  xmlPatternPtr:8  xmlC14NIsVisibleCallback:1  xmlDeregisterNodeFunc:2  va_list:1  xmlSchemaTypePtr:9  htmlStatus:1  xmlRegisterNodeFunc:2  xmlAttributeType:2  xmlRefPtr:1  xmlCharEncodingHandler *:4  xmlNotationPtr:3  xmlSaveCtxtPtr:8  xmlRegExecCallbacks:1  xmlNsPtr *:1  xmlLocationSetPtr:6  xmlSchemaSAXPlugPtr:1  xmlModulePtr:4  xmlEnumerationPtr *:2  xmlShellCtxtPtr:10  xlinkNodeDetectFunc:2  xmlRefTablePtr:1  xmlStreamCtxtPtr:4  xmlSchemaValidityErrorFunc *:2  xmlChRangeGroupPtr:1  xmlAttributeTablePtr:2  xmlSchematronParserCtxtPtr:5  xmlCatalogPrefer:1  xmlParserNodeInfoSeqPtr:3  xmlSchematronPtr:2  xmlNodePtr *:2  xmlInputReadCallback:7  char **:5  xmlCharEncoding:13  xmlRegExecCtxtPtr:5  xmlElementContentType:2  void *:85  xmlTextReaderErrorFunc *:1  xmlSAXHandlerPtr *:1  xmlEntityReferenceFunc:1  xmlDocPtr *:1  xmlBufferAllocationScheme:3  xmlSchemaValidityErrorFunc:2  xmlDOMWrapCtxtPtr:5  xmlOutputWriteCallback:2  xmlSchemaFacetPtr:7  xlinkHandlerPtr:2  xmlXPathFuncLookupFunc:1  htmlElemDesc *:3  xmlCharEncodingHandlerPtr:7  xmlCharEncodingInputFunc:1  xmlFeature:1  const xmlParserNodeInfo *:1  xmlNodeSetPtr:32  xmlEntitiesTablePtr:3  xmlIDTablePtr:1  xmlXPathFunction:4  xmlOutputBufferCreateFilenameFunc:2  xmlElementContentPtr:8  xmlElementTypeVal:1  xlinkType:1  xmlGenericErrorFunc *:1 
touch gen_prog
if /bin/sh ../libtool --mode=compile --tag=CC gcc -DHAVE_CONFIG_H -I. -I. -I.. -I/usr/include/python2.7 -I../include -I../include -I../python    -g -O2 -pedantic -W -Wformat -Wunused -Wimplicit -Wreturn-type -Wswitch -Wcomment -Wtrigraphs -Wformat -Wchar-subscripts -Wuninitialized -Wparentheses -Wshadow -Wpointer-arith -Wcast-align -Wwrite-strings -Waggregate-return -Wstrict-prototypes -Wmissing-prototypes -Wnested-externs -Winline -Wredundant-decls -MT libxml.lo -MD -MP -MF ".deps/libxml.Tpo" -c -o libxml.lo libxml.c; \
then mv -f ".deps/libxml.Tpo" ".deps/libxml.Plo"; else rm -f ".deps/libxml.Tpo"; exit 1; fi
mkdir .libs
 gcc -DHAVE_CONFIG_H -I. -I. -I.. -I/usr/include/python2.7 -I../include -I../include -I../python -g -O2 -pedantic -W -Wformat -Wunused -Wimplicit -Wreturn-type -Wswitch -Wcomment -Wtrigraphs -Wformat -Wchar-subscripts -Wuninitialized -Wparentheses -Wshadow -Wpointer-arith -Wcast-align -Wwrite-strings -Waggregate-return -Wstrict-prototypes -Wmissing-prototypes -Wnested-externs -Winline -Wredundant-decls -MT libxml.lo -MD -MP -MF .deps/libxml.Tpo -c libxml.c  -fPIC -DPIC -o .libs/libxml.o
In file included from /usr/include/python2.7/Python.h:58:0,
                 from libxml.c:14:
/usr/include/python2.7/pyport.h:69:27: warning: ISO C90 does not support 'long long' [-Wlong-long]
 #define PY_LONG_LONG long long
                           ^
/usr/include/python2.7/pyport.h:793:34: note: in definition of macro 'PyAPI_FUNC'
 #       define PyAPI_FUNC(RTYPE) RTYPE
                                  ^
/usr/include/python2.7/intobject.h:46:21: note: in expansion of macro 'PY_LONG_LONG'
 PyAPI_FUNC(unsigned PY_LONG_LONG) PyInt_AsUnsignedLongLongMask(PyObject *);
                     ^
In file included from /usr/include/python2.7/Python.h:58:0,
                 from libxml.c:14:
/usr/include/python2.7/pyport.h:69:27: warning: ISO C90 does not support 'long long' [-Wlong-long]
 #define PY_LONG_LONG long long
                           ^
/usr/include/python2.7/longobject.h:50:44: note: in expansion of macro 'PY_LONG_LONG'
 PyAPI_FUNC(PyObject *) PyLong_FromLongLong(PY_LONG_LONG);
                                            ^
/usr/include/python2.7/pyport.h:69:27: warning: ISO C90 does not support 'long long' [-Wlong-long]
 #define PY_LONG_LONG long long
                           ^
/usr/include/python2.7/longobject.h:51:61: note: in expansion of macro 'PY_LONG_LONG'
 PyAPI_FUNC(PyObject *) PyLong_FromUnsignedLongLong(unsigned PY_LONG_LONG);
                                                             ^
In file included from /usr/include/python2.7/Python.h:58:0,
                 from libxml.c:14:
/usr/include/python2.7/pyport.h:69:27: warning: ISO C90 does not support 'long long' [-Wlong-long]
 #define PY_LONG_LONG long long
                           ^
/usr/include/python2.7/pyport.h:793:34: note: in definition of macro 'PyAPI_FUNC'
 #       define PyAPI_FUNC(RTYPE) RTYPE
                                  ^
/usr/include/python2.7/longobject.h:52:12: note: in expansion of macro 'PY_LONG_LONG'
 PyAPI_FUNC(PY_LONG_LONG) PyLong_AsLongLong(PyObject *);
            ^
/usr/include/python2.7/pyport.h:69:27: warning: ISO C90 does not support 'long long' [-Wlong-long]
 #define PY_LONG_LONG long long
                           ^
/usr/include/python2.7/pyport.h:793:34: note: in definition of macro 'PyAPI_FUNC'
 #       define PyAPI_FUNC(RTYPE) RTYPE
                                  ^
/usr/include/python2.7/longobject.h:53:21: note: in expansion of macro 'PY_LONG_LONG'
 PyAPI_FUNC(unsigned PY_LONG_LONG) PyLong_AsUnsignedLongLong(PyObject *);
                     ^
/usr/include/python2.7/pyport.h:69:27: warning: ISO C90 does not support 'long long' [-Wlong-long]
 #define PY_LONG_LONG long long
                           ^
/usr/include/python2.7/pyport.h:793:34: note: in definition of macro 'PyAPI_FUNC'
 #       define PyAPI_FUNC(RTYPE) RTYPE
                                  ^
/usr/include/python2.7/longobject.h:54:21: note: in expansion of macro 'PY_LONG_LONG'
 PyAPI_FUNC(unsigned PY_LONG_LONG) PyLong_AsUnsignedLongLongMask(PyObject *);
                     ^
/usr/include/python2.7/pyport.h:69:27: warning: ISO C90 does not support 'long long' [-Wlong-long]
 #define PY_LONG_LONG long long
                           ^
/usr/include/python2.7/pyport.h:793:34: note: in definition of macro 'PyAPI_FUNC'
 #       define PyAPI_FUNC(RTYPE) RTYPE
                                  ^
/usr/include/python2.7/longobject.h:55:12: note: in expansion of macro 'PY_LONG_LONG'
 PyAPI_FUNC(PY_LONG_LONG) PyLong_AsLongLongAndOverflow(PyObject *, int *);
            ^
libxml.c: In function 'libxml_xmlValidCtxtGenericErrorFuncHandler':
libxml.c:1743:59: warning: unused parameter 'severity' [-Wunused-parameter]
 libxml_xmlValidCtxtGenericErrorFuncHandler(void *ctx, int severity, char *str) 
                                                           ^
libxml.c: In function 'libxml_xmlValidCtxtGenericWarningFuncHandler':
libxml.c:1770:61: warning: unused parameter 'severity' [-Wunused-parameter]
 libxml_xmlValidCtxtGenericWarningFuncHandler(void *ctx, int severity, char *str) 
                                                             ^
libxml.c: At top level:
libxml.c:2669:1: warning: no previous prototype for 'libxml_xmlNodeRemoveNsDef' [-Wmissing-prototypes]
 libxml_xmlNodeRemoveNsDef(ATTRIBUTE_UNUSED PyObject * self, PyObject * args)
 ^
 gcc -DHAVE_CONFIG_H -I. -I. -I.. -I/usr/include/python2.7 -I../include -I../include -I../python -g -O2 -pedantic -W -Wformat -Wunused -Wimplicit -Wreturn-type -Wswitch -Wcomment -Wtrigraphs -Wformat -Wchar-subscripts -Wuninitialized -Wparentheses -Wshadow -Wpointer-arith -Wcast-align -Wwrite-strings -Waggregate-return -Wstrict-prototypes -Wmissing-prototypes -Wnested-externs -Winline -Wredundant-decls -MT libxml.lo -MD -MP -MF .deps/libxml.Tpo -c libxml.c -o libxml.o >/dev/null 2>&1
if /bin/sh ../libtool --mode=compile --tag=CC gcc -DHAVE_CONFIG_H -I. -I. -I.. -I/usr/include/python2.7 -I../include -I../include -I../python    -g -O2 -pedantic -W -Wformat -Wunused -Wimplicit -Wreturn-type -Wswitch -Wcomment -Wtrigraphs -Wformat -Wchar-subscripts -Wuninitialized -Wparentheses -Wshadow -Wpointer-arith -Wcast-align -Wwrite-strings -Waggregate-return -Wstrict-prototypes -Wmissing-prototypes -Wnested-externs -Winline -Wredundant-decls -MT types.lo -MD -MP -MF ".deps/types.Tpo" -c -o types.lo types.c; \
then mv -f ".deps/types.Tpo" ".deps/types.Plo"; else rm -f ".deps/types.Tpo"; exit 1; fi
 gcc -DHAVE_CONFIG_H -I. -I. -I.. -I/usr/include/python2.7 -I../include -I../include -I../python -g -O2 -pedantic -W -Wformat -Wunused -Wimplicit -Wreturn-type -Wswitch -Wcomment -Wtrigraphs -Wformat -Wchar-subscripts -Wuninitialized -Wparentheses -Wshadow -Wpointer-arith -Wcast-align -Wwrite-strings -Waggregate-return -Wstrict-prototypes -Wmissing-prototypes -Wnested-externs -Winline -Wredundant-decls -MT types.lo -MD -MP -MF .deps/types.Tpo -c types.c  -fPIC -DPIC -o .libs/types.o
In file included from /usr/include/python2.7/Python.h:58:0,
                 from libxml_wrap.h:1,
                 from types.c:9:
/usr/include/python2.7/pyport.h:69:27: warning: ISO C90 does not support 'long long' [-Wlong-long]
 #define PY_LONG_LONG long long
                           ^
/usr/include/python2.7/pyport.h:793:34: note: in definition of macro 'PyAPI_FUNC'
 #       define PyAPI_FUNC(RTYPE) RTYPE
                                  ^
/usr/include/python2.7/intobject.h:46:21: note: in expansion of macro 'PY_LONG_LONG'
 PyAPI_FUNC(unsigned PY_LONG_LONG) PyInt_AsUnsignedLongLongMask(PyObject *);
                     ^
In file included from /usr/include/python2.7/Python.h:58:0,
                 from libxml_wrap.h:1,
                 from types.c:9:
/usr/include/python2.7/pyport.h:69:27: warning: ISO C90 does not support 'long long' [-Wlong-long]
 #define PY_LONG_LONG long long
                           ^
/usr/include/python2.7/longobject.h:50:44: note: in expansion of macro 'PY_LONG_LONG'
 PyAPI_FUNC(PyObject *) PyLong_FromLongLong(PY_LONG_LONG);
                                            ^
/usr/include/python2.7/pyport.h:69:27: warning: ISO C90 does not support 'long long' [-Wlong-long]
 #define PY_LONG_LONG long long
                           ^
/usr/include/python2.7/longobject.h:51:61: note: in expansion of macro 'PY_LONG_LONG'
 PyAPI_FUNC(PyObject *) PyLong_FromUnsignedLongLong(unsigned PY_LONG_LONG);
                                                             ^
In file included from /usr/include/python2.7/Python.h:58:0,
                 from libxml_wrap.h:1,
                 from types.c:9:
/usr/include/python2.7/pyport.h:69:27: warning: ISO C90 does not support 'long long' [-Wlong-long]
 #define PY_LONG_LONG long long
                           ^
/usr/include/python2.7/pyport.h:793:34: note: in definition of macro 'PyAPI_FUNC'
 #       define PyAPI_FUNC(RTYPE) RTYPE
                                  ^
/usr/include/python2.7/longobject.h:52:12: note: in expansion of macro 'PY_LONG_LONG'
 PyAPI_FUNC(PY_LONG_LONG) PyLong_AsLongLong(PyObject *);
            ^
/usr/include/python2.7/pyport.h:69:27: warning: ISO C90 does not support 'long long' [-Wlong-long]
 #define PY_LONG_LONG long long
                           ^
/usr/include/python2.7/pyport.h:793:34: note: in definition of macro 'PyAPI_FUNC'
 #       define PyAPI_FUNC(RTYPE) RTYPE
                                  ^
/usr/include/python2.7/longobject.h:53:21: note: in expansion of macro 'PY_LONG_LONG'
 PyAPI_FUNC(unsigned PY_LONG_LONG) PyLong_AsUnsignedLongLong(PyObject *);
                     ^
/usr/include/python2.7/pyport.h:69:27: warning: ISO C90 does not support 'long long' [-Wlong-long]
 #define PY_LONG_LONG long long
                           ^
/usr/include/python2.7/pyport.h:793:34: note: in definition of macro 'PyAPI_FUNC'
 #       define PyAPI_FUNC(RTYPE) RTYPE
                                  ^
/usr/include/python2.7/longobject.h:54:21: note: in expansion of macro 'PY_LONG_LONG'
 PyAPI_FUNC(unsigned PY_LONG_LONG) PyLong_AsUnsignedLongLongMask(PyObject *);
                     ^
/usr/include/python2.7/pyport.h:69:27: warning: ISO C90 does not support 'long long' [-Wlong-long]
 #define PY_LONG_LONG long long
                           ^
/usr/include/python2.7/pyport.h:793:34: note: in definition of macro 'PyAPI_FUNC'
 #       define PyAPI_FUNC(RTYPE) RTYPE
                                  ^
/usr/include/python2.7/longobject.h:55:12: note: in expansion of macro 'PY_LONG_LONG'
 PyAPI_FUNC(PY_LONG_LONG) PyLong_AsLongLongAndOverflow(PyObject *, int *);
            ^
 gcc -DHAVE_CONFIG_H -I. -I. -I.. -I/usr/include/python2.7 -I../include -I../include -I../python -g -O2 -pedantic -W -Wformat -Wunused -Wimplicit -Wreturn-type -Wswitch -Wcomment -Wtrigraphs -Wformat -Wchar-subscripts -Wuninitialized -Wparentheses -Wshadow -Wpointer-arith -Wcast-align -Wwrite-strings -Waggregate-return -Wstrict-prototypes -Wmissing-prototypes -Wnested-externs -Winline -Wredundant-decls -MT types.lo -MD -MP -MF .deps/types.Tpo -c types.c -o types.o >/dev/null 2>&1
if /bin/sh ../libtool --mode=compile --tag=CC gcc -DHAVE_CONFIG_H -I. -I. -I.. -I/usr/include/python2.7 -I../include -I../include -I../python    -g -O2 -pedantic -W -Wformat -Wunused -Wimplicit -Wreturn-type -Wswitch -Wcomment -Wtrigraphs -Wformat -Wchar-subscripts -Wuninitialized -Wparentheses -Wshadow -Wpointer-arith -Wcast-align -Wwrite-strings -Waggregate-return -Wstrict-prototypes -Wmissing-prototypes -Wnested-externs -Winline -Wredundant-decls -MT libxml2-py.lo -MD -MP -MF ".deps/libxml2-py.Tpo" -c -o libxml2-py.lo libxml2-py.c; \
then mv -f ".deps/libxml2-py.Tpo" ".deps/libxml2-py.Plo"; else rm -f ".deps/libxml2-py.Tpo"; exit 1; fi
 gcc -DHAVE_CONFIG_H -I. -I. -I.. -I/usr/include/python2.7 -I../include -I../include -I../python -g -O2 -pedantic -W -Wformat -Wunused -Wimplicit -Wreturn-type -Wswitch -Wcomment -Wtrigraphs -Wformat -Wchar-subscripts -Wuninitialized -Wparentheses -Wshadow -Wpointer-arith -Wcast-align -Wwrite-strings -Waggregate-return -Wstrict-prototypes -Wmissing-prototypes -Wnested-externs -Winline -Wredundant-decls -MT libxml2-py.lo -MD -MP -MF .deps/libxml2-py.Tpo -c libxml2-py.c  -fPIC -DPIC -o .libs/libxml2-py.o
In file included from /usr/include/python2.7/Python.h:58:0,
                 from libxml2-py.c:3:
/usr/include/python2.7/pyport.h:69:27: warning: ISO C90 does not support 'long long' [-Wlong-long]
 #define PY_LONG_LONG long long
                           ^
/usr/include/python2.7/pyport.h:793:34: note: in definition of macro 'PyAPI_FUNC'
 #       define PyAPI_FUNC(RTYPE) RTYPE
                                  ^
/usr/include/python2.7/intobject.h:46:21: note: in expansion of macro 'PY_LONG_LONG'
 PyAPI_FUNC(unsigned PY_LONG_LONG) PyInt_AsUnsignedLongLongMask(PyObject *);
                     ^
In file included from /usr/include/python2.7/Python.h:58:0,
                 from libxml2-py.c:3:
/usr/include/python2.7/pyport.h:69:27: warning: ISO C90 does not support 'long long' [-Wlong-long]
 #define PY_LONG_LONG long long
                           ^
/usr/include/python2.7/longobject.h:50:44: note: in expansion of macro 'PY_LONG_LONG'
 PyAPI_FUNC(PyObject *) PyLong_FromLongLong(PY_LONG_LONG);
                                            ^
/usr/include/python2.7/pyport.h:69:27: warning: ISO C90 does not support 'long long' [-Wlong-long]
 #define PY_LONG_LONG long long
                           ^
/usr/include/python2.7/longobject.h:51:61: note: in expansion of macro 'PY_LONG_LONG'
 PyAPI_FUNC(PyObject *) PyLong_FromUnsignedLongLong(unsigned PY_LONG_LONG);
                                                             ^
In file included from /usr/include/python2.7/Python.h:58:0,
                 from libxml2-py.c:3:
/usr/include/python2.7/pyport.h:69:27: warning: ISO C90 does not support 'long long' [-Wlong-long]
 #define PY_LONG_LONG long long
                           ^
/usr/include/python2.7/pyport.h:793:34: note: in definition of macro 'PyAPI_FUNC'
 #       define PyAPI_FUNC(RTYPE) RTYPE
                                  ^
/usr/include/python2.7/longobject.h:52:12: note: in expansion of macro 'PY_LONG_LONG'
 PyAPI_FUNC(PY_LONG_LONG) PyLong_AsLongLong(PyObject *);
            ^
/usr/include/python2.7/pyport.h:69:27: warning: ISO C90 does not support 'long long' [-Wlong-long]
 #define PY_LONG_LONG long long
                           ^
/usr/include/python2.7/pyport.h:793:34: note: in definition of macro 'PyAPI_FUNC'
 #       define PyAPI_FUNC(RTYPE) RTYPE
                                  ^
/usr/include/python2.7/longobject.h:53:21: note: in expansion of macro 'PY_LONG_LONG'
 PyAPI_FUNC(unsigned PY_LONG_LONG) PyLong_AsUnsignedLongLong(PyObject *);
                     ^
/usr/include/python2.7/pyport.h:69:27: warning: ISO C90 does not support 'long long' [-Wlong-long]
 #define PY_LONG_LONG long long
                           ^
/usr/include/python2.7/pyport.h:793:34: note: in definition of macro 'PyAPI_FUNC'
 #       define PyAPI_FUNC(RTYPE) RTYPE
                                  ^
/usr/include/python2.7/longobject.h:54:21: note: in expansion of macro 'PY_LONG_LONG'
 PyAPI_FUNC(unsigned PY_LONG_LONG) PyLong_AsUnsignedLongLongMask(PyObject *);
                     ^
/usr/include/python2.7/pyport.h:69:27: warning: ISO C90 does not support 'long long' [-Wlong-long]
 #define PY_LONG_LONG long long
                           ^
/usr/include/python2.7/pyport.h:793:34: note: in definition of macro 'PyAPI_FUNC'
 #       define PyAPI_FUNC(RTYPE) RTYPE
                                  ^
/usr/include/python2.7/longobject.h:55:12: note: in expansion of macro 'PY_LONG_LONG'
 PyAPI_FUNC(PY_LONG_LONG) PyLong_AsLongLongAndOverflow(PyObject *, int *);
            ^
 gcc -DHAVE_CONFIG_H -I. -I. -I.. -I/usr/include/python2.7 -I../include -I../include -I../python -g -O2 -pedantic -W -Wformat -Wunused -Wimplicit -Wreturn-type -Wswitch -Wcomment -Wtrigraphs -Wformat -Wchar-subscripts -Wuninitialized -Wparentheses -Wshadow -Wpointer-arith -Wcast-align -Wwrite-strings -Waggregate-return -Wstrict-prototypes -Wmissing-prototypes -Wnested-externs -Winline -Wredundant-decls -MT libxml2-py.lo -MD -MP -MF .deps/libxml2-py.Tpo -c libxml2-py.c -o libxml2-py.o >/dev/null 2>&1
/bin/sh ../libtool --mode=link --tag=CC gcc  -g -O2 -pedantic -W -Wformat -Wunused -Wimplicit -Wreturn-type -Wswitch -Wcomment -Wtrigraphs -Wformat -Wchar-subscripts -Wuninitialized -Wparentheses -Wshadow -Wpointer-arith -Wcast-align -Wwrite-strings -Waggregate-return -Wstrict-prototypes -Wmissing-prototypes -Wnested-externs -Winline -Wredundant-decls   -o libxml2mod.la -rpath /home/ualusr2011/ual1220/ual1/tools/lib/linux/python2.7/site-packages -module -avoid-version -L../.libs libxml.lo types.lo libxml2-py.lo ../libxml2.la  
gcc -shared  .libs/libxml.o .libs/types.o .libs/libxml2-py.o  -Wl,--rpath -Wl,/home/ualusr2011/ual1220/ual1/tools/tars/libxml2-2.6.22/.libs -Wl,--rpath -Wl,/home/ualusr2011/ual1220/ual1/tools/lib/linux -L/home/ualusr2011/ual1220/ual1/tools/tars/libxml2-2.6.22/.libs ../.libs/libxml2.so  -Wl,-soname -Wl,libxml2mod.so -o .libs/libxml2mod.so
ar cru .libs/libxml2mod.a  libxml.o types.o libxml2-py.o
ranlib .libs/libxml2mod.a
creating libxml2mod.la
(cd .libs && rm -f libxml2mod.la && ln -s ../libxml2mod.la libxml2mod.la)
cat ./libxml.py libxml2class.py > libxml2.py
make[6]: Leaving directory `/home/ualusr2011/ual1220/ual1/tools/tars/libxml2-2.6.22/python'
Making all in tests
make[6]: Entering directory `/home/ualusr2011/ual1220/ual1/tools/tars/libxml2-2.6.22/python/tests'
make[6]: Nothing to be done for `all'.
make[6]: Leaving directory `/home/ualusr2011/ual1220/ual1/tools/tars/libxml2-2.6.22/python/tests'
make[5]: Leaving directory `/home/ualusr2011/ual1220/ual1/tools/tars/libxml2-2.6.22/python'
make[4]: Leaving directory `/home/ualusr2011/ual1220/ual1/tools/tars/libxml2-2.6.22'
make[3]: Leaving directory `/home/ualusr2011/ual1220/ual1/tools/tars/libxml2-2.6.22'
make[3]: Entering directory `/home/ualusr2011/ual1220/ual1/tools/tars/libxml2-2.6.22'
Making install in include
make[4]: Entering directory `/home/ualusr2011/ual1220/ual1/tools/tars/libxml2-2.6.22/include'
Making install in libxml
make[5]: Entering directory `/home/ualusr2011/ual1220/ual1/tools/tars/libxml2-2.6.22/include/libxml'
make[6]: Entering directory `/home/ualusr2011/ual1220/ual1/tools/tars/libxml2-2.6.22/include/libxml'
make  install-exec-hook
make[7]: Entering directory `/home/ualusr2011/ual1220/ual1/tools/tars/libxml2-2.6.22/include/libxml'
/bin/sh ../../mkinstalldirs /home/ualusr2011/ual1220/ual1/tools/include/libxml2/libxml
mkdir -p -- /home/ualusr2011/ual1220/ual1/tools/include/libxml2/libxml
make[7]: Leaving directory `/home/ualusr2011/ual1220/ual1/tools/tars/libxml2-2.6.22/include/libxml'
test -z "/home/ualusr2011/ual1220/ual1/tools/include/libxml2/libxml" || mkdir -p -- "/home/ualusr2011/ual1220/ual1/tools/include/libxml2/libxml"
 /usr/bin/install -c -m 644 'SAX.h' '/home/ualusr2011/ual1220/ual1/tools/include/libxml2/libxml/SAX.h'
 /usr/bin/install -c -m 644 'entities.h' '/home/ualusr2011/ual1220/ual1/tools/include/libxml2/libxml/entities.h'
 /usr/bin/install -c -m 644 'encoding.h' '/home/ualusr2011/ual1220/ual1/tools/include/libxml2/libxml/encoding.h'
 /usr/bin/install -c -m 644 'parser.h' '/home/ualusr2011/ual1220/ual1/tools/include/libxml2/libxml/parser.h'
 /usr/bin/install -c -m 644 'parserInternals.h' '/home/ualusr2011/ual1220/ual1/tools/include/libxml2/libxml/parserInternals.h'
 /usr/bin/install -c -m 644 'xmlerror.h' '/home/ualusr2011/ual1220/ual1/tools/include/libxml2/libxml/xmlerror.h'
 /usr/bin/install -c -m 644 'HTMLparser.h' '/home/ualusr2011/ual1220/ual1/tools/include/libxml2/libxml/HTMLparser.h'
 /usr/bin/install -c -m 644 'HTMLtree.h' '/home/ualusr2011/ual1220/ual1/tools/include/libxml2/libxml/HTMLtree.h'
 /usr/bin/install -c -m 644 'debugXML.h' '/home/ualusr2011/ual1220/ual1/tools/include/libxml2/libxml/debugXML.h'
 /usr/bin/install -c -m 644 'tree.h' '/home/ualusr2011/ual1220/ual1/tools/include/libxml2/libxml/tree.h'
 /usr/bin/install -c -m 644 'list.h' '/home/ualusr2011/ual1220/ual1/tools/include/libxml2/libxml/list.h'
 /usr/bin/install -c -m 644 'hash.h' '/home/ualusr2011/ual1220/ual1/tools/include/libxml2/libxml/hash.h'
 /usr/bin/install -c -m 644 'xpath.h' '/home/ualusr2011/ual1220/ual1/tools/include/libxml2/libxml/xpath.h'
 /usr/bin/install -c -m 644 'xpathInternals.h' '/home/ualusr2011/ual1220/ual1/tools/include/libxml2/libxml/xpathInternals.h'
 /usr/bin/install -c -m 644 'xpointer.h' '/home/ualusr2011/ual1220/ual1/tools/include/libxml2/libxml/xpointer.h'
 /usr/bin/install -c -m 644 'xinclude.h' '/home/ualusr2011/ual1220/ual1/tools/include/libxml2/libxml/xinclude.h'
 /usr/bin/install -c -m 644 'xmlIO.h' '/home/ualusr2011/ual1220/ual1/tools/include/libxml2/libxml/xmlIO.h'
 /usr/bin/install -c -m 644 'xmlmemory.h' '/home/ualusr2011/ual1220/ual1/tools/include/libxml2/libxml/xmlmemory.h'
 /usr/bin/install -c -m 644 'nanohttp.h' '/home/ualusr2011/ual1220/ual1/tools/include/libxml2/libxml/nanohttp.h'
 /usr/bin/install -c -m 644 'nanoftp.h' '/home/ualusr2011/ual1220/ual1/tools/include/libxml2/libxml/nanoftp.h'
 /usr/bin/install -c -m 644 'uri.h' '/home/ualusr2011/ual1220/ual1/tools/include/libxml2/libxml/uri.h'
 /usr/bin/install -c -m 644 'valid.h' '/home/ualusr2011/ual1220/ual1/tools/include/libxml2/libxml/valid.h'
 /usr/bin/install -c -m 644 'xlink.h' '/home/ualusr2011/ual1220/ual1/tools/include/libxml2/libxml/xlink.h'
 /usr/bin/install -c -m 644 'xmlversion.h' '/home/ualusr2011/ual1220/ual1/tools/include/libxml2/libxml/xmlversion.h'
 /usr/bin/install -c -m 644 'DOCBparser.h' '/home/ualusr2011/ual1220/ual1/tools/include/libxml2/libxml/DOCBparser.h'
 /usr/bin/install -c -m 644 'catalog.h' '/home/ualusr2011/ual1220/ual1/tools/include/libxml2/libxml/catalog.h'
 /usr/bin/install -c -m 644 'threads.h' '/home/ualusr2011/ual1220/ual1/tools/include/libxml2/libxml/threads.h'
 /usr/bin/install -c -m 644 'globals.h' '/home/ualusr2011/ual1220/ual1/tools/include/libxml2/libxml/globals.h'
 /usr/bin/install -c -m 644 'c14n.h' '/home/ualusr2011/ual1220/ual1/tools/include/libxml2/libxml/c14n.h'
 /usr/bin/install -c -m 644 'xmlautomata.h' '/home/ualusr2011/ual1220/ual1/tools/include/libxml2/libxml/xmlautomata.h'
 /usr/bin/install -c -m 644 'xmlregexp.h' '/home/ualusr2011/ual1220/ual1/tools/include/libxml2/libxml/xmlregexp.h'
 /usr/bin/install -c -m 644 'xmlmodule.h' '/home/ualusr2011/ual1220/ual1/tools/include/libxml2/libxml/xmlmodule.h'
 /usr/bin/install -c -m 644 'xmlschemas.h' '/home/ualusr2011/ual1220/ual1/tools/include/libxml2/libxml/xmlschemas.h'
 /usr/bin/install -c -m 644 'schemasInternals.h' '/home/ualusr2011/ual1220/ual1/tools/include/libxml2/libxml/schemasInternals.h'
 /usr/bin/install -c -m 644 'xmlschemastypes.h' '/home/ualusr2011/ual1220/ual1/tools/include/libxml2/libxml/xmlschemastypes.h'
 /usr/bin/install -c -m 644 'xmlstring.h' '/home/ualusr2011/ual1220/ual1/tools/include/libxml2/libxml/xmlstring.h'
 /usr/bin/install -c -m 644 'xmlunicode.h' '/home/ualusr2011/ual1220/ual1/tools/include/libxml2/libxml/xmlunicode.h'
 /usr/bin/install -c -m 644 'xmlreader.h' '/home/ualusr2011/ual1220/ual1/tools/include/libxml2/libxml/xmlreader.h'
 /usr/bin/install -c -m 644 'relaxng.h' '/home/ualusr2011/ual1220/ual1/tools/include/libxml2/libxml/relaxng.h'
 /usr/bin/install -c -m 644 'dict.h' '/home/ualusr2011/ual1220/ual1/tools/include/libxml2/libxml/dict.h'
 /usr/bin/install -c -m 644 'SAX2.h' '/home/ualusr2011/ual1220/ual1/tools/include/libxml2/libxml/SAX2.h'
 /usr/bin/install -c -m 644 'xmlexports.h' '/home/ualusr2011/ual1220/ual1/tools/include/libxml2/libxml/xmlexports.h'
 /usr/bin/install -c -m 644 'xmlwriter.h' '/home/ualusr2011/ual1220/ual1/tools/include/libxml2/libxml/xmlwriter.h'
 /usr/bin/install -c -m 644 'chvalid.h' '/home/ualusr2011/ual1220/ual1/tools/include/libxml2/libxml/chvalid.h'
 /usr/bin/install -c -m 644 'pattern.h' '/home/ualusr2011/ual1220/ual1/tools/include/libxml2/libxml/pattern.h'
 /usr/bin/install -c -m 644 'xmlsave.h' '/home/ualusr2011/ual1220/ual1/tools/include/libxml2/libxml/xmlsave.h'
 /usr/bin/install -c -m 644 'schematron.h' '/home/ualusr2011/ual1220/ual1/tools/include/libxml2/libxml/schematron.h'
make[6]: Leaving directory `/home/ualusr2011/ual1220/ual1/tools/tars/libxml2-2.6.22/include/libxml'
make[5]: Leaving directory `/home/ualusr2011/ual1220/ual1/tools/tars/libxml2-2.6.22/include/libxml'
make[5]: Entering directory `/home/ualusr2011/ual1220/ual1/tools/tars/libxml2-2.6.22/include'
make[6]: Entering directory `/home/ualusr2011/ual1220/ual1/tools/tars/libxml2-2.6.22/include'
make[6]: Nothing to be done for `install-exec-am'.
make[6]: Nothing to be done for `install-data-am'.
make[6]: Leaving directory `/home/ualusr2011/ual1220/ual1/tools/tars/libxml2-2.6.22/include'
make[5]: Leaving directory `/home/ualusr2011/ual1220/ual1/tools/tars/libxml2-2.6.22/include'
make[4]: Leaving directory `/home/ualusr2011/ual1220/ual1/tools/tars/libxml2-2.6.22/include'
Making install in .
make[4]: Entering directory `/home/ualusr2011/ual1220/ual1/tools/tars/libxml2-2.6.22'
make[5]: Entering directory `/home/ualusr2011/ual1220/ual1/tools/tars/libxml2-2.6.22'
test -z "/home/ualusr2011/ual1220/ual1/tools/lib/linux" || mkdir -p -- "/home/ualusr2011/ual1220/ual1/tools/lib/linux"
 /bin/sh ./libtool --mode=install /usr/bin/install -c  'libxml2.la' '/home/ualusr2011/ual1220/ual1/tools/lib/linux/libxml2.la'
/usr/bin/install -c .libs/libxml2.so.2.6.22 /home/ualusr2011/ual1220/ual1/tools/lib/linux/libxml2.so.2.6.22
(cd /home/ualusr2011/ual1220/ual1/tools/lib/linux && rm -f libxml2.so.2 && ln -s libxml2.so.2.6.22 libxml2.so.2)
(cd /home/ualusr2011/ual1220/ual1/tools/lib/linux && rm -f libxml2.so && ln -s libxml2.so.2.6.22 libxml2.so)
/usr/bin/install -c .libs/libxml2.lai /home/ualusr2011/ual1220/ual1/tools/lib/linux/libxml2.la
/usr/bin/install -c .libs/libxml2.a /home/ualusr2011/ual1220/ual1/tools/lib/linux/libxml2.a
ranlib /home/ualusr2011/ual1220/ual1/tools/lib/linux/libxml2.a
chmod 644 /home/ualusr2011/ual1220/ual1/tools/lib/linux/libxml2.a
PATH="$PATH:/sbin" ldconfig -n /home/ualusr2011/ual1220/ual1/tools/lib/linux
ldconfig: /home/ualusr2011/ual1220/ual1/tools/lib/linux/libxerces-depdom.so.27 is not a symbolic link

ldconfig: /home/ualusr2011/ual1220/ual1/tools/lib/linux/libxerces-c.so.27 is not a symbolic link

----------------------------------------------------------------------
Libraries have been installed in:
   /home/ualusr2011/ual1220/ual1/tools/lib/linux

If you ever happen to want to link against installed libraries
in a given directory, LIBDIR, you must either use libtool, and
specify the full pathname of the library, or use the `-LLIBDIR'
flag during linking and do at least one of the following:
   - add LIBDIR to the `LD_LIBRARY_PATH' environment variable
     during execution
   - add LIBDIR to the `LD_RUN_PATH' environment variable
     during linking
   - use the `-Wl,--rpath -Wl,LIBDIR' linker flag
   - have your system administrator add LIBDIR to `/etc/ld.so.conf'

See any operating system documentation about shared libraries for
more information, such as the ld(1) and ld.so(8) manual pages.
----------------------------------------------------------------------
test -z "/home/ualusr2011/ual1220/ual1/tools/bin/linux" || mkdir -p -- "/home/ualusr2011/ual1220/ual1/tools/bin/linux"
  /bin/sh ./libtool --mode=install /usr/bin/install -c 'xmllint' '/home/ualusr2011/ual1220/ual1/tools/bin/linux/xmllint'
/usr/bin/install -c .libs/xmllint /home/ualusr2011/ual1220/ual1/tools/bin/linux/xmllint
  /bin/sh ./libtool --mode=install /usr/bin/install -c 'xmlcatalog' '/home/ualusr2011/ual1220/ual1/tools/bin/linux/xmlcatalog'
/usr/bin/install -c .libs/xmlcatalog /home/ualusr2011/ual1220/ual1/tools/bin/linux/xmlcatalog
test -z "/home/ualusr2011/ual1220/ual1/tools/bin/linux" || mkdir -p -- "/home/ualusr2011/ual1220/ual1/tools/bin/linux"
 /usr/bin/install -c 'xml2-config' '/home/ualusr2011/ual1220/ual1/tools/bin/linux/xml2-config'
test -z "/home/ualusr2011/ual1220/ual1/tools/lib/linux" || mkdir -p -- "/home/ualusr2011/ual1220/ual1/tools/lib/linux"
 /usr/bin/install -c -m 644 'xml2Conf.sh' '/home/ualusr2011/ual1220/ual1/tools/lib/linux/xml2Conf.sh'
/bin/sh ./mkinstalldirs /home/ualusr2011/ual1220/ual1/tools/share/doc/libxml2-2.6.22
mkdir -p -- /home/ualusr2011/ual1220/ual1/tools/share/doc/libxml2-2.6.22
/usr/bin/install -c -m 0644 ./Copyright /home/ualusr2011/ual1220/ual1/tools/share/doc/libxml2-2.6.22
/bin/sh ./mkinstalldirs /home/ualusr2011/ual1220/ual1/tools/share/doc/libxml2-2.6.22/examples
mkdir -p -- /home/ualusr2011/ual1220/ual1/tools/share/doc/libxml2-2.6.22/examples
/usr/bin/install -c -m 0644 ./xmllint.c /home/ualusr2011/ual1220/ual1/tools/share/doc/libxml2-2.6.22/examples
/usr/bin/install -c -m 0644 ./testSAX.c /home/ualusr2011/ual1220/ual1/tools/share/doc/libxml2-2.6.22/examples
/usr/bin/install -c -m 0644 ./testHTML.c /home/ualusr2011/ual1220/ual1/tools/share/doc/libxml2-2.6.22/examples
/usr/bin/install -c -m 0644 ./testXPath.c /home/ualusr2011/ual1220/ual1/tools/share/doc/libxml2-2.6.22/examples
test -z "/home/ualusr2011/ual1220/ual1/tools/share/aclocal" || mkdir -p -- "/home/ualusr2011/ual1220/ual1/tools/share/aclocal"
 /usr/bin/install -c -m 644 'libxml.m4' '/home/ualusr2011/ual1220/ual1/tools/share/aclocal/libxml.m4'
test -z "/home/ualusr2011/ual1220/ual1/tools/man/man1" || mkdir -p -- "/home/ualusr2011/ual1220/ual1/tools/man/man1"
 /usr/bin/install -c -m 644 './xml2-config.1' '/home/ualusr2011/ual1220/ual1/tools/man/man1/xml2-config.1'
test -z "/home/ualusr2011/ual1220/ual1/tools/man/man3" || mkdir -p -- "/home/ualusr2011/ual1220/ual1/tools/man/man3"
 /usr/bin/install -c -m 644 './libxml.3' '/home/ualusr2011/ual1220/ual1/tools/man/man3/libxml.3'
test -z "/home/ualusr2011/ual1220/ual1/tools/lib/linux/pkgconfig" || mkdir -p -- "/home/ualusr2011/ual1220/ual1/tools/lib/linux/pkgconfig"
 /usr/bin/install -c -m 644 'libxml-2.0.pc' '/home/ualusr2011/ual1220/ual1/tools/lib/linux/pkgconfig/libxml-2.0.pc'
make[5]: Leaving directory `/home/ualusr2011/ual1220/ual1/tools/tars/libxml2-2.6.22'
make[4]: Leaving directory `/home/ualusr2011/ual1220/ual1/tools/tars/libxml2-2.6.22'
Making install in doc
make[4]: Entering directory `/home/ualusr2011/ual1220/ual1/tools/tars/libxml2-2.6.22/doc'
Making install in devhelp
make[5]: Entering directory `/home/ualusr2011/ual1220/ual1/tools/tars/libxml2-2.6.22/doc/devhelp'
make[6]: Entering directory `/home/ualusr2011/ual1220/ual1/tools/tars/libxml2-2.6.22/doc/devhelp'
make[6]: Nothing to be done for `install-exec-am'.
/bin/sh ../../mkinstalldirs /home/ualusr2011/ual1220/ual1/tools/share/gtk-doc/html/libxml2
mkdir -p -- /home/ualusr2011/ual1220/ual1/tools/share/gtk-doc/html/libxml2
/usr/bin/install -c -m 0644 libxml2.devhelp /home/ualusr2011/ual1220/ual1/tools/share/gtk-doc/html/libxml2
/usr/bin/install -c -m 0644 home.png left.png right.png up.png style.css /home/ualusr2011/ual1220/ual1/tools/share/gtk-doc/html/libxml2
/usr/bin/install -c -m 0644 index.html general.html libxml2-c14n.html libxml2-catalog.html libxml2-chvalid.html libxml2-debugXML.html libxml2-dict.html libxml2-DOCBparser.html libxml2-encoding.html libxml2-entities.html libxml2-globals.html libxml2-hash.html libxml2-HTMLparser.html libxml2-HTMLtree.html libxml2-list.html libxml2-nanoftp.html libxml2-nanohttp.html libxml2-parser.html libxml2-parserInternals.html libxml2-pattern.html libxml2-relaxng.html libxml2-SAX2.html libxml2-SAX.html libxml2-schemasInternals.html libxml2-schematron.html libxml2-threads.html libxml2-tree.html libxml2-uri.html libxml2-valid.html libxml2-xinclude.html libxml2-xlink.html libxml2-xmlautomata.html libxml2-xmlerror.html libxml2-xmlexports.html libxml2-xmlIO.html libxml2-xmlmemory.html libxml2-xmlmodule.html libxml2-xmlreader.html libxml2-xmlregexp.html libxml2-xmlsave.html libxml2-xmlschemas.html libxml2-xmlschemastypes.html libxml2-xmlstring.html libxml2-xmlunicode.html libxml2-xmlversion.html libxml2-xmlwriter.html libxml2-xpath.html libxml2-xpathInternals.html libxml2-xpointer.html /home/ualusr2011/ual1220/ual1/tools/share/gtk-doc/html/libxml2
make[6]: Leaving directory `/home/ualusr2011/ual1220/ual1/tools/tars/libxml2-2.6.22/doc/devhelp'
make[5]: Leaving directory `/home/ualusr2011/ual1220/ual1/tools/tars/libxml2-2.6.22/doc/devhelp'
Making install in examples
make[5]: Entering directory `/home/ualusr2011/ual1220/ual1/tools/tars/libxml2-2.6.22/doc/examples'
make[6]: Entering directory `/home/ualusr2011/ual1220/ual1/tools/tars/libxml2-2.6.22/doc/examples'
make[6]: Nothing to be done for `install-exec-am'.
/bin/sh ../../mkinstalldirs /home/ualusr2011/ual1220/ual1/tools/share/doc/libxml2-2.6.22/html
mkdir -p -- /home/ualusr2011/ual1220/ual1/tools/share/doc/libxml2-2.6.22/html
/usr/bin/install -c -m 0644 ./*.html ./*.c ./*.xml ./*.xsl ./*.res /home/ualusr2011/ual1220/ual1/tools/share/doc/libxml2-2.6.22/html
/usr/bin/install: cannot stat ‘./*.html’: No such file or directory
make[6]: [install-data-local] Error 1 (ignored)
make[6]: Leaving directory `/home/ualusr2011/ual1220/ual1/tools/tars/libxml2-2.6.22/doc/examples'
make[5]: Leaving directory `/home/ualusr2011/ual1220/ual1/tools/tars/libxml2-2.6.22/doc/examples'
make[5]: Entering directory `/home/ualusr2011/ual1220/ual1/tools/tars/libxml2-2.6.22/doc'
make[6]: Entering directory `/home/ualusr2011/ual1220/ual1/tools/tars/libxml2-2.6.22/doc'
make[6]: Nothing to be done for `install-exec-am'.
/bin/sh ../mkinstalldirs /home/ualusr2011/ual1220/ual1/tools/share/doc/libxml2-2.6.22/html
/usr/bin/install -c -m 0644 ./xml.html ./encoding.html ./FAQ.html ./structure.gif ./DOM.gif ./smallfootonly.gif ./redhat.gif ./libxml.gif ./w3c.png ./Libxml2-Logo-180x168.gif ./Libxml2-Logo-90x34.gif /home/ualusr2011/ual1220/ual1/tools/share/doc/libxml2-2.6.22/html
/bin/sh ../mkinstalldirs /home/ualusr2011/ual1220/ual1/tools/share/doc/libxml2-2.6.22/html/html
mkdir -p -- /home/ualusr2011/ual1220/ual1/tools/share/doc/libxml2-2.6.22/html/html
/usr/bin/install -c -m 0644 ./html/*.html /home/ualusr2011/ual1220/ual1/tools/share/doc/libxml2-2.6.22/html/html
/usr/bin/install -c -m 0644 ./html/*.png /home/ualusr2011/ual1220/ual1/tools/share/doc/libxml2-2.6.22/html/html
/usr/bin/install -c -m 0644 ./html/index.sgml /home/ualusr2011/ual1220/ual1/tools/share/doc/libxml2-2.6.22/html/html
/usr/bin/install: cannot stat ‘./html/index.sgml’: No such file or directory
make[6]: [install-data-local] Error 1 (ignored)
/bin/sh ../mkinstalldirs /home/ualusr2011/ual1220/ual1/tools/share/doc/libxml2-2.6.22/html/tutorial
mkdir -p -- /home/ualusr2011/ual1220/ual1/tools/share/doc/libxml2-2.6.22/html/tutorial
/usr/bin/install -c -m 0644 ./tutorial/*.* \
	/home/ualusr2011/ual1220/ual1/tools/share/doc/libxml2-2.6.22/html/tutorial
/bin/sh ../mkinstalldirs /home/ualusr2011/ual1220/ual1/tools/share/doc/libxml2-2.6.22/html/tutorial/images
mkdir -p -- /home/ualusr2011/ual1220/ual1/tools/share/doc/libxml2-2.6.22/html/tutorial/images
/usr/bin/install -c -m 0644 ./tutorial/images/*.* \
	/home/ualusr2011/ual1220/ual1/tools/share/doc/libxml2-2.6.22/html/tutorial/images
/bin/sh ../mkinstalldirs /home/ualusr2011/ual1220/ual1/tools/share/doc/libxml2-2.6.22/html/tutorial/images/callouts
mkdir -p -- /home/ualusr2011/ual1220/ual1/tools/share/doc/libxml2-2.6.22/html/tutorial/images/callouts
/usr/bin/install -c -m 0644 ./tutorial/images/callouts/*.* \
	/home/ualusr2011/ual1220/ual1/tools/share/doc/libxml2-2.6.22/html/tutorial/images/callouts
test -z "/home/ualusr2011/ual1220/ual1/tools/man/man1" || mkdir -p -- "/home/ualusr2011/ual1220/ual1/tools/man/man1"
 /usr/bin/install -c -m 644 './xmllint.1' '/home/ualusr2011/ual1220/ual1/tools/man/man1/xmllint.1'
 /usr/bin/install -c -m 644 './xmlcatalog.1' '/home/ualusr2011/ual1220/ual1/tools/man/man1/xmlcatalog.1'
make[6]: Leaving directory `/home/ualusr2011/ual1220/ual1/tools/tars/libxml2-2.6.22/doc'
make[5]: Leaving directory `/home/ualusr2011/ual1220/ual1/tools/tars/libxml2-2.6.22/doc'
make[4]: Leaving directory `/home/ualusr2011/ual1220/ual1/tools/tars/libxml2-2.6.22/doc'
Making install in example
make[4]: Entering directory `/home/ualusr2011/ual1220/ual1/tools/tars/libxml2-2.6.22/example'
make[5]: Entering directory `/home/ualusr2011/ual1220/ual1/tools/tars/libxml2-2.6.22/example'
make[5]: Nothing to be done for `install-exec-am'.
make[5]: Nothing to be done for `install-data-am'.
make[5]: Leaving directory `/home/ualusr2011/ual1220/ual1/tools/tars/libxml2-2.6.22/example'
make[4]: Leaving directory `/home/ualusr2011/ual1220/ual1/tools/tars/libxml2-2.6.22/example'
Making install in xstc
make[4]: Entering directory `/home/ualusr2011/ual1220/ual1/tools/tars/libxml2-2.6.22/xstc'
make[5]: Entering directory `/home/ualusr2011/ual1220/ual1/tools/tars/libxml2-2.6.22/xstc'
make[5]: Nothing to be done for `install-exec-am'.
make[5]: Nothing to be done for `install-data-am'.
make[5]: Leaving directory `/home/ualusr2011/ual1220/ual1/tools/tars/libxml2-2.6.22/xstc'
make[4]: Leaving directory `/home/ualusr2011/ual1220/ual1/tools/tars/libxml2-2.6.22/xstc'
Making install in python
make[4]: Entering directory `/home/ualusr2011/ual1220/ual1/tools/tars/libxml2-2.6.22/python'
Making install in .
make[5]: Entering directory `/home/ualusr2011/ual1220/ual1/tools/tars/libxml2-2.6.22/python'
make[6]: Entering directory `/home/ualusr2011/ual1220/ual1/tools/tars/libxml2-2.6.22/python'
make[6]: Nothing to be done for `install-exec-am'.
/bin/sh ../mkinstalldirs /home/ualusr2011/ual1220/ual1/tools/lib/linux/python2.7/site-packages
mkdir -p -- /home/ualusr2011/ual1220/ual1/tools/lib/linux/python2.7/site-packages
/usr/bin/install -c -m 0644 libxml2.py /home/ualusr2011/ual1220/ual1/tools/lib/linux/python2.7/site-packages
/usr/bin/install -c -m 0644 ./drv_libxml2.py /home/ualusr2011/ual1220/ual1/tools/lib/linux/python2.7/site-packages
/bin/sh ../mkinstalldirs /home/ualusr2011/ual1220/ual1/tools/share/doc/libxml2-python-2.6.22
mkdir -p -- /home/ualusr2011/ual1220/ual1/tools/share/doc/libxml2-python-2.6.22
test -z "/home/ualusr2011/ual1220/ual1/tools/lib/linux/python2.7/site-packages" || mkdir -p -- "/home/ualusr2011/ual1220/ual1/tools/lib/linux/python2.7/site-packages"
 /bin/sh ../libtool --mode=install /usr/bin/install -c  'libxml2mod.la' '/home/ualusr2011/ual1220/ual1/tools/lib/linux/python2.7/site-packages/libxml2mod.la'
libtool: install: warning: relinking `libxml2mod.la'
(cd /home/ualusr2011/ual1220/ual1/tools/tars/libxml2-2.6.22/python; /bin/sh ../libtool  --tag=CC --mode=relink gcc -g -O2 -pedantic -W -Wformat -Wunused -Wimplicit -Wreturn-type -Wswitch -Wcomment -Wtrigraphs -Wformat -Wchar-subscripts -Wuninitialized -Wparentheses -Wshadow -Wpointer-arith -Wcast-align -Wwrite-strings -Waggregate-return -Wstrict-prototypes -Wmissing-prototypes -Wnested-externs -Winline -Wredundant-decls -o libxml2mod.la -rpath /home/ualusr2011/ual1220/ual1/tools/lib/linux/python2.7/site-packages -module -avoid-version -L../.libs libxml.lo types.lo libxml2-py.lo ../libxml2.la )
gcc -shared  .libs/libxml.o .libs/types.o .libs/libxml2-py.o  -Wl,--rpath -Wl,/home/ualusr2011/ual1220/ual1/tools/lib/linux -L/home/ualusr2011/ual1220/ual1/tools/tars/libxml2-2.6.22/.libs -L/home/ualusr2011/ual1220/ual1/tools/lib/linux -lxml2  -Wl,-soname -Wl,libxml2mod.so -o .libs/libxml2mod.so
/usr/bin/install -c .libs/libxml2mod.soT /home/ualusr2011/ual1220/ual1/tools/lib/linux/python2.7/site-packages/libxml2mod.so
/usr/bin/install -c .libs/libxml2mod.lai /home/ualusr2011/ual1220/ual1/tools/lib/linux/python2.7/site-packages/libxml2mod.la
/usr/bin/install -c .libs/libxml2mod.a /home/ualusr2011/ual1220/ual1/tools/lib/linux/python2.7/site-packages/libxml2mod.a
ranlib /home/ualusr2011/ual1220/ual1/tools/lib/linux/python2.7/site-packages/libxml2mod.a
chmod 644 /home/ualusr2011/ual1220/ual1/tools/lib/linux/python2.7/site-packages/libxml2mod.a
PATH="$PATH:/sbin" ldconfig -n /home/ualusr2011/ual1220/ual1/tools/lib/linux/python2.7/site-packages
----------------------------------------------------------------------
Libraries have been installed in:
   /home/ualusr2011/ual1220/ual1/tools/lib/linux/python2.7/site-packages

If you ever happen to want to link against installed libraries
in a given directory, LIBDIR, you must either use libtool, and
specify the full pathname of the library, or use the `-LLIBDIR'
flag during linking and do at least one of the following:
   - add LIBDIR to the `LD_LIBRARY_PATH' environment variable
     during execution
   - add LIBDIR to the `LD_RUN_PATH' environment variable
     during linking
   - use the `-Wl,--rpath -Wl,LIBDIR' linker flag
   - have your system administrator add LIBDIR to `/etc/ld.so.conf'

See any operating system documentation about shared libraries for
more information, such as the ld(1) and ld.so(8) manual pages.
----------------------------------------------------------------------
make[6]: Leaving directory `/home/ualusr2011/ual1220/ual1/tools/tars/libxml2-2.6.22/python'
make[5]: Leaving directory `/home/ualusr2011/ual1220/ual1/tools/tars/libxml2-2.6.22/python'
Making install in tests
make[5]: Entering directory `/home/ualusr2011/ual1220/ual1/tools/tars/libxml2-2.6.22/python/tests'
make[6]: Entering directory `/home/ualusr2011/ual1220/ual1/tools/tars/libxml2-2.6.22/python/tests'
make[6]: Nothing to be done for `install-exec-am'.
/bin/sh ../../mkinstalldirs /home/ualusr2011/ual1220/ual1/tools/share/doc/libxml2-python-2.6.22/examples
mkdir -p -- /home/ualusr2011/ual1220/ual1/tools/share/doc/libxml2-python-2.6.22/examples
(for test in build.py attribs.py tst.py tstxpath.py xpathext.py push.py pushSAX.py pushSAXhtml.py error.py serialize.py validate.py tstURI.py cutnpaste.py xpathret.py xpath.py outbuf.py inbuf.py resolver.py regexp.py reader.py reader2.py reader3.py reader4.py reader5.py reader6.py reader7.py reader8.py readernext.py walker.py nsdel.py ctxterror.py readererr.py relaxng.py schema.py thread2.py sync.py tstLastError.py indexes.py dtdvalid.py tstmem.py validDTD.py validSchemas.py validRNG.py tst.xml valid.xml invalid.xml test.dtd; \
  do /usr/bin/install -c -m 0644 ./$test /home/ualusr2011/ual1220/ual1/tools/share/doc/libxml2-python-2.6.22/examples ; done)
make[6]: Leaving directory `/home/ualusr2011/ual1220/ual1/tools/tars/libxml2-2.6.22/python/tests'
make[5]: Leaving directory `/home/ualusr2011/ual1220/ual1/tools/tars/libxml2-2.6.22/python/tests'
make[4]: Leaving directory `/home/ualusr2011/ual1220/ual1/tools/tars/libxml2-2.6.22/python'
make[3]: Leaving directory `/home/ualusr2011/ual1220/ual1/tools/tars/libxml2-2.6.22'
rm -rf libxml2-2.6.22
gzip -d -c fftw-2.1.3.nm.tar.gz | tar xvf -
fftw-2.1.3.nm/
fftw-2.1.3.nm/Makefile.in
fftw-2.1.3.nm/README
fftw-2.1.3.nm/AUTHORS
fftw-2.1.3.nm/COPYING
fftw-2.1.3.nm/ChangeLog
fftw-2.1.3.nm/INSTALL
fftw-2.1.3.nm/Makefile.am
fftw-2.1.3.nm/NEWS
fftw-2.1.3.nm/TODO
fftw-2.1.3.nm/acinclude.m4
fftw-2.1.3.nm/aclocal.m4
fftw-2.1.3.nm/config.sub
fftw-2.1.3.nm/config.guess
fftw-2.1.3.nm/configure
fftw-2.1.3.nm/configure.in
fftw-2.1.3.nm/fftw.spec.in
fftw-2.1.3.nm/install-sh
fftw-2.1.3.nm/ltconfig
fftw-2.1.3.nm/ltmain.sh
fftw-2.1.3.nm/missing
fftw-2.1.3.nm/mkinstalldirs
fftw-2.1.3.nm/README.hacks
fftw-2.1.3.nm/bootstrap.sh
fftw-2.1.3.nm/COPYRIGHT
fftw-2.1.3.nm/fftw/
fftw-2.1.3.nm/fftw/Makefile.in
fftw-2.1.3.nm/fftw/stamp-h1.in
fftw-2.1.3.nm/fftw/stamp-h2.in
fftw-2.1.3.nm/fftw/Makefile.am
fftw-2.1.3.nm/fftw/config.h.in
fftw-2.1.3.nm/fftw/fftw.h.in
fftw-2.1.3.nm/fftw/fn_1.c
fftw-2.1.3.nm/fftw/fn_2.c
fftw-2.1.3.nm/fftw/fn_3.c
fftw-2.1.3.nm/fftw/fn_4.c
fftw-2.1.3.nm/fftw/fn_5.c
fftw-2.1.3.nm/fftw/fn_6.c
fftw-2.1.3.nm/fftw/fn_7.c
fftw-2.1.3.nm/fftw/fn_8.c
fftw-2.1.3.nm/fftw/fn_9.c
fftw-2.1.3.nm/fftw/fn_10.c
fftw-2.1.3.nm/fftw/fn_11.c
fftw-2.1.3.nm/fftw/fn_12.c
fftw-2.1.3.nm/fftw/fn_13.c
fftw-2.1.3.nm/fftw/fn_14.c
fftw-2.1.3.nm/fftw/fn_15.c
fftw-2.1.3.nm/fftw/fn_16.c
fftw-2.1.3.nm/fftw/fn_32.c
fftw-2.1.3.nm/fftw/fn_64.c
fftw-2.1.3.nm/fftw/ftw_2.c
fftw-2.1.3.nm/fftw/ftw_3.c
fftw-2.1.3.nm/fftw/ftw_4.c
fftw-2.1.3.nm/fftw/ftw_5.c
fftw-2.1.3.nm/fftw/ftw_6.c
fftw-2.1.3.nm/fftw/ftw_7.c
fftw-2.1.3.nm/fftw/ftw_8.c
fftw-2.1.3.nm/fftw/ftw_9.c
fftw-2.1.3.nm/fftw/ftw_10.c
fftw-2.1.3.nm/fftw/ftw_16.c
fftw-2.1.3.nm/fftw/ftw_32.c
fftw-2.1.3.nm/fftw/ftw_64.c
fftw-2.1.3.nm/fftw/fni_1.c
fftw-2.1.3.nm/fftw/fni_2.c
fftw-2.1.3.nm/fftw/fni_3.c
fftw-2.1.3.nm/fftw/fni_4.c
fftw-2.1.3.nm/fftw/fni_5.c
fftw-2.1.3.nm/fftw/fni_6.c
fftw-2.1.3.nm/fftw/fni_7.c
fftw-2.1.3.nm/fftw/fni_8.c
fftw-2.1.3.nm/fftw/fni_9.c
fftw-2.1.3.nm/fftw/fni_10.c
fftw-2.1.3.nm/fftw/fni_11.c
fftw-2.1.3.nm/fftw/fni_12.c
fftw-2.1.3.nm/fftw/fni_13.c
fftw-2.1.3.nm/fftw/fni_14.c
fftw-2.1.3.nm/fftw/fni_15.c
fftw-2.1.3.nm/fftw/fni_16.c
fftw-2.1.3.nm/fftw/fni_32.c
fftw-2.1.3.nm/fftw/fni_64.c
fftw-2.1.3.nm/fftw/ftwi_2.c
fftw-2.1.3.nm/fftw/ftwi_3.c
fftw-2.1.3.nm/fftw/ftwi_4.c
fftw-2.1.3.nm/fftw/ftwi_5.c
fftw-2.1.3.nm/fftw/ftwi_6.c
fftw-2.1.3.nm/fftw/ftwi_7.c
fftw-2.1.3.nm/fftw/ftwi_8.c
fftw-2.1.3.nm/fftw/ftwi_9.c
fftw-2.1.3.nm/fftw/ftwi_10.c
fftw-2.1.3.nm/fftw/ftwi_16.c
fftw-2.1.3.nm/fftw/ftwi_32.c
fftw-2.1.3.nm/fftw/ftwi_64.c
fftw-2.1.3.nm/fftw/timer.c
fftw-2.1.3.nm/fftw/config.c
fftw-2.1.3.nm/fftw/planner.c
fftw-2.1.3.nm/fftw/twiddle.c
fftw-2.1.3.nm/fftw/executor.c
fftw-2.1.3.nm/fftw/generic.c
fftw-2.1.3.nm/fftw/fftwnd.c
fftw-2.1.3.nm/fftw/malloc.c
fftw-2.1.3.nm/fftw/wisdom.c
fftw-2.1.3.nm/fftw/wisdomio.c
fftw-2.1.3.nm/fftw/putils.c
fftw-2.1.3.nm/fftw/rader.c
fftw-2.1.3.nm/fftw/fftwf77.c
fftw-2.1.3.nm/fftw/f77_func.h
fftw-2.1.3.nm/fftw/fftw.h
fftw-2.1.3.nm/fftw/fftw-int.h
fftw-2.1.3.nm/fftw/config.h
fftw-2.1.3.nm/rfftw/
fftw-2.1.3.nm/rfftw/Makefile.in
fftw-2.1.3.nm/rfftw/Makefile.am
fftw-2.1.3.nm/rfftw/frc_1.c
fftw-2.1.3.nm/rfftw/frc_2.c
fftw-2.1.3.nm/rfftw/frc_3.c
fftw-2.1.3.nm/rfftw/frc_4.c
fftw-2.1.3.nm/rfftw/frc_5.c
fftw-2.1.3.nm/rfftw/frc_6.c
fftw-2.1.3.nm/rfftw/frc_7.c
fftw-2.1.3.nm/rfftw/frc_8.c
fftw-2.1.3.nm/rfftw/frc_9.c
fftw-2.1.3.nm/rfftw/frc_10.c
fftw-2.1.3.nm/rfftw/frc_11.c
fftw-2.1.3.nm/rfftw/frc_12.c
fftw-2.1.3.nm/rfftw/frc_13.c
fftw-2.1.3.nm/rfftw/frc_14.c
fftw-2.1.3.nm/rfftw/frc_15.c
fftw-2.1.3.nm/rfftw/frc_16.c
fftw-2.1.3.nm/rfftw/frc_32.c
fftw-2.1.3.nm/rfftw/frc_64.c
fftw-2.1.3.nm/rfftw/frc_128.c
fftw-2.1.3.nm/rfftw/fhf_2.c
fftw-2.1.3.nm/rfftw/fhf_3.c
fftw-2.1.3.nm/rfftw/fhf_4.c
fftw-2.1.3.nm/rfftw/fhf_5.c
fftw-2.1.3.nm/rfftw/fhf_6.c
fftw-2.1.3.nm/rfftw/fhf_7.c
fftw-2.1.3.nm/rfftw/fhf_8.c
fftw-2.1.3.nm/rfftw/fhf_9.c
fftw-2.1.3.nm/rfftw/fhf_10.c
fftw-2.1.3.nm/rfftw/fhf_16.c
fftw-2.1.3.nm/rfftw/fhf_32.c
fftw-2.1.3.nm/rfftw/fcr_1.c
fftw-2.1.3.nm/rfftw/fcr_2.c
fftw-2.1.3.nm/rfftw/fcr_3.c
fftw-2.1.3.nm/rfftw/fcr_4.c
fftw-2.1.3.nm/rfftw/fcr_5.c
fftw-2.1.3.nm/rfftw/fcr_6.c
fftw-2.1.3.nm/rfftw/fcr_7.c
fftw-2.1.3.nm/rfftw/fcr_8.c
fftw-2.1.3.nm/rfftw/fcr_9.c
fftw-2.1.3.nm/rfftw/fcr_10.c
fftw-2.1.3.nm/rfftw/fcr_11.c
fftw-2.1.3.nm/rfftw/fcr_12.c
fftw-2.1.3.nm/rfftw/fcr_13.c
fftw-2.1.3.nm/rfftw/fcr_14.c
fftw-2.1.3.nm/rfftw/fcr_15.c
fftw-2.1.3.nm/rfftw/fcr_16.c
fftw-2.1.3.nm/rfftw/fcr_32.c
fftw-2.1.3.nm/rfftw/fcr_64.c
fftw-2.1.3.nm/rfftw/fcr_128.c
fftw-2.1.3.nm/rfftw/fhb_2.c
fftw-2.1.3.nm/rfftw/fhb_3.c
fftw-2.1.3.nm/rfftw/fhb_4.c
fftw-2.1.3.nm/rfftw/fhb_5.c
fftw-2.1.3.nm/rfftw/fhb_6.c
fftw-2.1.3.nm/rfftw/fhb_7.c
fftw-2.1.3.nm/rfftw/fhb_8.c
fftw-2.1.3.nm/rfftw/fhb_9.c
fftw-2.1.3.nm/rfftw/fhb_10.c
fftw-2.1.3.nm/rfftw/fhb_16.c
fftw-2.1.3.nm/rfftw/fhb_32.c
fftw-2.1.3.nm/rfftw/rconfig.c
fftw-2.1.3.nm/rfftw/rplanner.c
fftw-2.1.3.nm/rfftw/rexec.c
fftw-2.1.3.nm/rfftw/rexec2.c
fftw-2.1.3.nm/rfftw/rfftwnd.c
fftw-2.1.3.nm/rfftw/rgeneric.c
fftw-2.1.3.nm/rfftw/rfftwf77.c
fftw-2.1.3.nm/rfftw/rfftw.h
fftw-2.1.3.nm/tests/
fftw-2.1.3.nm/tests/Makefile.in
fftw-2.1.3.nm/tests/README
fftw-2.1.3.nm/tests/Makefile.am
fftw-2.1.3.nm/tests/fftw_test.c
fftw-2.1.3.nm/tests/test_main.c
fftw-2.1.3.nm/tests/rfftw_test.c
fftw-2.1.3.nm/tests/test_main.h
fftw-2.1.3.nm/doc/
fftw-2.1.3.nm/doc/Makefile.in
fftw-2.1.3.nm/doc/fftw.texi
fftw-2.1.3.nm/doc/version.texi
fftw-2.1.3.nm/doc/Makefile.am
fftw-2.1.3.nm/doc/mdate-sh
fftw-2.1.3.nm/doc/stamp-vti
fftw-2.1.3.nm/doc/texinfo.tex
fftw-2.1.3.nm/doc/fftw.ps
fftw-2.1.3.nm/doc/equation-1.gif
fftw-2.1.3.nm/doc/fftw_1.html
fftw-2.1.3.nm/doc/fftw_4.html
fftw-2.1.3.nm/doc/fftw_7.html
fftw-2.1.3.nm/doc/fftw_foot.html
fftw-2.1.3.nm/doc/equation-2.gif
fftw-2.1.3.nm/doc/fftw_2.html
fftw-2.1.3.nm/doc/fftw_5.html
fftw-2.1.3.nm/doc/fftw_8.html
fftw-2.1.3.nm/doc/fftw_toc.html
fftw-2.1.3.nm/doc/equation-3.gif
fftw-2.1.3.nm/doc/fftw_3.html
fftw-2.1.3.nm/doc/fftw_6.html
fftw-2.1.3.nm/doc/fftw_9.html
fftw-2.1.3.nm/doc/fftw_10.html
fftw-2.1.3.nm/doc/equation-4.gif
fftw-2.1.3.nm/doc/texi2html
fftw-2.1.3.nm/doc/rfftwnd.fig
fftw-2.1.3.nm/doc/rfftwnd.gif
fftw-2.1.3.nm/doc/fftw.info
fftw-2.1.3.nm/doc/fftw.info-1
fftw-2.1.3.nm/doc/fftw.info-2
fftw-2.1.3.nm/doc/fftw.info-3
fftw-2.1.3.nm/doc/fftw.info-4
fftw-2.1.3.nm/doc/fftw.info-5
fftw-2.1.3.nm/threads/
fftw-2.1.3.nm/threads/Makefile.in
fftw-2.1.3.nm/threads/Makefile.am
fftw-2.1.3.nm/threads/executor_threads.c
fftw-2.1.3.nm/threads/fftw_threads.c
fftw-2.1.3.nm/threads/fftwnd_threads.c
fftw-2.1.3.nm/threads/fftw_f77_threads.c
fftw-2.1.3.nm/threads/fftw_threads.h
fftw-2.1.3.nm/threads/fftw_threads-int.h
fftw-2.1.3.nm/threads/rexec_threads.c
fftw-2.1.3.nm/threads/rexec2_threads.c
fftw-2.1.3.nm/threads/rfftwnd_threads.c
fftw-2.1.3.nm/threads/rfftw_f77_threads.c
fftw-2.1.3.nm/threads/rfftw_threads.h
fftw-2.1.3.nm/threads/fftw_threads_test.c
fftw-2.1.3.nm/threads/rfftw_threads_test.c
fftw-2.1.3.nm/mpi/
fftw-2.1.3.nm/mpi/Makefile.in
fftw-2.1.3.nm/mpi/Makefile.am
fftw-2.1.3.nm/mpi/sched.c
fftw-2.1.3.nm/mpi/sched.h
fftw-2.1.3.nm/mpi/TOMS_transpose.c
fftw-2.1.3.nm/mpi/TOMS_transpose.h
fftw-2.1.3.nm/mpi/transpose_mpi.c
fftw-2.1.3.nm/mpi/fftwnd_mpi.c
fftw-2.1.3.nm/mpi/fftw_mpi.c
fftw-2.1.3.nm/mpi/fftw_mpi.h
fftw-2.1.3.nm/mpi/fftw_f77_mpi.c
fftw-2.1.3.nm/mpi/fftw_f77_mpi.h
fftw-2.1.3.nm/mpi/rfftwnd_mpi.c
fftw-2.1.3.nm/mpi/rfftw_mpi.h
fftw-2.1.3.nm/mpi/rfftw_f77_mpi.c
fftw-2.1.3.nm/mpi/test_sched.c
fftw-2.1.3.nm/mpi/test_transpose_mpi.c
fftw-2.1.3.nm/mpi/fftw_mpi_test.c
fftw-2.1.3.nm/mpi/rfftw_mpi_test.c
fftw-2.1.3.nm/mpi/README.f77
fftw-2.1.3.nm/fortran/
fftw-2.1.3.nm/fortran/f77_test.F
fftw-2.1.3.nm/fortran/fftw_f77.i
fftw-2.1.3.nm/gensrc/
fftw-2.1.3.nm/gensrc/.indent.pro
fftw-2.1.3.nm/gensrc/Makefile
fftw-2.1.3.nm/gensrc/Makefile.fftw.am
fftw-2.1.3.nm/gensrc/Makefile.genfft
fftw-2.1.3.nm/gensrc/Makefile.rfftw.am
fftw-2.1.3.nm/gensrc/Makefile.sources
fftw-2.1.3.nm/gensrc/README
fftw-2.1.3.nm/gensrc/asched.ml
fftw-2.1.3.nm/gensrc/asched.mli
fftw-2.1.3.nm/gensrc/ast.ml
fftw-2.1.3.nm/gensrc/codelet_prelude
fftw-2.1.3.nm/gensrc/complex.ml
fftw-2.1.3.nm/gensrc/complex.mli
fftw-2.1.3.nm/gensrc/config
fftw-2.1.3.nm/gensrc/config_prelude
fftw-2.1.3.nm/gensrc/dag.ml
fftw-2.1.3.nm/gensrc/dag.mli
fftw-2.1.3.nm/gensrc/expr.ml
fftw-2.1.3.nm/gensrc/expr.mli
fftw-2.1.3.nm/gensrc/exprdag.ml
fftw-2.1.3.nm/gensrc/exprdag.mli
fftw-2.1.3.nm/gensrc/fft.ml
fftw-2.1.3.nm/gensrc/genfft.ml
fftw-2.1.3.nm/gensrc/install.sh
fftw-2.1.3.nm/gensrc/magic.ml
fftw-2.1.3.nm/gensrc/makeconfig.sh
fftw-2.1.3.nm/gensrc/makemakefile.sh
fftw-2.1.3.nm/gensrc/makerconfig.sh
fftw-2.1.3.nm/gensrc/makesources.sh
fftw-2.1.3.nm/gensrc/number.ml
fftw-2.1.3.nm/gensrc/number.mli
fftw-2.1.3.nm/gensrc/rconfig_prelude
fftw-2.1.3.nm/gensrc/schedule.ml
fftw-2.1.3.nm/gensrc/schedule.mli
fftw-2.1.3.nm/gensrc/symmetry.ml
fftw-2.1.3.nm/gensrc/to_c.ml
fftw-2.1.3.nm/gensrc/to_c.mli
fftw-2.1.3.nm/gensrc/twiddle.ml
fftw-2.1.3.nm/gensrc/util.ml
fftw-2.1.3.nm/gensrc/util.mli
fftw-2.1.3.nm/gensrc/variable.ml
fftw-2.1.3.nm/gensrc/variable.mli
fftw-2.1.3.nm/matlab/
fftw-2.1.3.nm/matlab/Makefile
fftw-2.1.3.nm/matlab/README
fftw-2.1.3.nm/matlab/fftw.c
fftw-2.1.3.nm/matlab/fftw.m
fftw-2.1.3.nm/cilk/
fftw-2.1.3.nm/cilk/Makefile
fftw-2.1.3.nm/cilk/README
fftw-2.1.3.nm/cilk/executor_cilk.cilk
fftw-2.1.3.nm/cilk/fftw_cilk.cilkh
fftw-2.1.3.nm/cilk/fftwnd_cilk.cilk
fftw-2.1.3.nm/cilk/test_cilk.cilk
fftw-2.1.3.nm/cilk/time_cilk.cilk
fftw-2.1.3.nm/FAQ/
fftw-2.1.3.nm/FAQ/Makefile
fftw-2.1.3.nm/FAQ/bfnnconv.pl
fftw-2.1.3.nm/FAQ/fftw-faq.bfnn
fftw-2.1.3.nm/FAQ/html.refs
fftw-2.1.3.nm/FAQ/m-ascii.pl
fftw-2.1.3.nm/FAQ/m-html.pl
fftw-2.1.3.nm/FAQ/m-info.pl
fftw-2.1.3.nm/FAQ/m-lout.pl
fftw-2.1.3.nm/FAQ/m-post.pl
fftw-2.1.3.nm/FAQ/fftw-faq.ascii
fftw-2.1.3.nm/FAQ/fftw-faq.info
fftw-2.1.3.nm/FAQ/fftw-faq.html/
fftw-2.1.3.nm/FAQ/fftw-faq.html/index.html
fftw-2.1.3.nm/FAQ/fftw-faq.html/section1.html
fftw-2.1.3.nm/FAQ/fftw-faq.html/section2.html
fftw-2.1.3.nm/FAQ/fftw-faq.html/section3.html
fftw-2.1.3.nm/FAQ/fftw-faq.html/section4.html
fftw-2.1.3.nm/FAQ/fftw-faq.html/section5.html
fftw-2.1.3.nm/FAQ/fftw-faq.xrefdb
fftw-2.1.3.nm/config.sub.orig
fftw-2.1.3.nm/config.guess.orig
(cd fftw-2.1.3.nm; \
./configure  --libdir=/home/ualusr2011/ual1220/ual1/tools/lib/linux --includedir=/home/ualusr2011/ual1220/ual1/tools/include --infodir=. --enable-shared --with-gcc --disable-fortran --enable-static=no; \
make; \
make install;) 
creating cache ./config.cache
checking for a BSD compatible install... /usr/bin/install -c
checking whether build environment is sane... yes
checking whether make sets ${MAKE}... yes
checking for working aclocal... found
checking for working autoconf... found
checking for working automake... found
checking for working autoheader... found
checking for working makeinfo... found
checking type prefix for installed files... (none)
checking for vendor's cc to be used instead of gcc... checking for cc... gcc
checking for gcc... (cached) gcc
checking whether the C compiler (gcc  ) works... yes
checking whether the C compiler (gcc  ) is a cross-compiler... no
checking whether we are using GNU C... yes
checking whether gcc accepts -g... yes
checking whether we are using gcc 2.90 or later... yes
checking for a BSD compatible install... /usr/bin/install -c
checking whether make sets ${MAKE}... (cached) yes
checking for ranlib... ranlib
checking whether ln -s works... yes
checking host system type... x86_64-unknown-linux-gnu
checking build system type... x86_64-unknown-linux-gnu
checking for ld used by GCC... /usr/bin/ld
checking if the linker (/usr/bin/ld) is GNU ld... yes
checking for BSD-compatible nm... /usr/bin/nm -B
updating cache ./config.cache
loading cache ./config.cache within ltconfig
checking for object suffix... o
checking for executable suffix... no
checking for gcc option to produce PIC... -fPIC
checking if gcc PIC flag -fPIC works... yes
checking if gcc supports -c -o file.o... yes
checking if gcc supports -c -o file.lo... yes
checking if gcc supports -fno-rtti -fno-exceptions ... no
checking if gcc static flag -static works... none
checking if the linker (/usr/bin/ld) is GNU ld... yes
checking whether the linker (/usr/bin/ld) supports shared libraries... yes
checking command to parse /usr/bin/nm -B output... ok
checking how to hardcode library paths into programs... immediate
checking for /usr/bin/ld option to reload object files... -r
checking dynamic linker characteristics... Linux ld.so
checking if libtool supports shared libraries... yes

*** Warning: the command libtool uses to detect shared libraries,
*** /usr/bin/file, produces output that libtool cannot recognize.
*** The result is that libtool may fail to recognize shared libraries
*** as such.  This will affect the creation of libtool libraries that
*** depend on shared libraries, but programs linked with such libtool
*** libraries will work regardless of this problem.  Nevertheless, you
*** may want to report the problem to your system manager and/or to
*** bug-libtool@gnu.org

checking whether to build shared libraries... yes
checking whether to build static libraries... no
checking for objdir... .libs
creating libtool
updating cache ./config.cache
loading cache ./config.cache
checking for perl... perl
*******************************************************
*       Congratulations! You are running linux.       *
*******************************************************
checking whether gcc accepts -malign-double... yes
checking whether gcc accepts -fstrict-aliasing... yes
checking whether gcc accepts -O6 -fomit-frame-pointer -Wall -W -Wcast-qual -Wpointer-arith -Wcast-align -pedantic -fno-schedule-insns -fschedule-insns2 -malign-double -fstrict-aliasing... yes
checking whether gcc accepts -mpreferred-stack-boundary=4... yes
checking whether the stack is correctly aligned by gcc... yes
checking for sqrt in -lm... yes
checking how to run the C preprocessor... gcc -E
checking for ANSI C header files... yes
checking for sys/time.h... yes
checking for unistd.h... yes
checking for getopt.h... yes
checking for malloc.h... yes
checking for working const... yes
checking for size_t... yes
checking whether time.h and sys/time.h may both be included... yes
checking for working alloca.h... yes
checking for alloca... yes
checking for gettimeofday... yes
checking for BSDgettimeofday... no
checking for gethrtime... no
checking for getopt... yes
checking for getopt_long... yes
checking for isnan... yes
checking for hrtime_t... no
checking size of int... 4
checking size of long long... 8
checking whether gcc accepts -fkeep-programmers-inline... no
checking whether gcc accepts -vomit-frame-pointer... no
checking for mpicc... no
checking for hcc... no
updating cache ./config.cache
creating ./config.status
creating fftw/Makefile
creating tests/Makefile
creating rfftw/Makefile
creating doc/Makefile
creating Makefile
creating threads/Makefile
creating mpi/Makefile
creating fftw.spec
creating fftw/config.h
creating fftw/fftw.h
make[3]: Entering directory `/home/ualusr2011/ual1220/ual1/tools/tars/fftw-2.1.3.nm'
Making all in fftw
make[4]: Entering directory `/home/ualusr2011/ual1220/ual1/tools/tars/fftw-2.1.3.nm/fftw'
/bin/sh ../libtool --mode=compile gcc -DHAVE_CONFIG_H -I. -I. -I. -I. -I./../fftw -I.    -O6 -fomit-frame-pointer -Wall -W -Wcast-qual -Wpointer-arith -Wcast-align -pedantic -fno-schedule-insns -fschedule-insns2 -malign-double -fstrict-aliasing -c fn_1.c
gcc -DHAVE_CONFIG_H -I. -I. -I. -I. -I./../fftw -I. -O6 -fomit-frame-pointer -Wall -W -Wcast-qual -Wpointer-arith -Wcast-align -pedantic -fno-schedule-insns -fschedule-insns2 -malign-double -fstrict-aliasing -c  -fPIC -DPIC fn_1.c -o fn_1.lo
fn_1.c: In function 'fftw_no_twiddle_1':
fn_1.c:41:77: warning: unused parameter 'istride' [-Wunused-parameter]
 void fftw_no_twiddle_1(const fftw_complex *input, fftw_complex *output, int istride, int ostride)
                                                                             ^
fn_1.c:41:90: warning: unused parameter 'ostride' [-Wunused-parameter]
 void fftw_no_twiddle_1(const fftw_complex *input, fftw_complex *output, int istride, int ostride)
                                                                                          ^
/bin/sh ../libtool --mode=compile gcc -DHAVE_CONFIG_H -I. -I. -I. -I. -I./../fftw -I.    -O6 -fomit-frame-pointer -Wall -W -Wcast-qual -Wpointer-arith -Wcast-align -pedantic -fno-schedule-insns -fschedule-insns2 -malign-double -fstrict-aliasing -c fn_2.c
gcc -DHAVE_CONFIG_H -I. -I. -I. -I. -I./../fftw -I. -O6 -fomit-frame-pointer -Wall -W -Wcast-qual -Wpointer-arith -Wcast-align -pedantic -fno-schedule-insns -fschedule-insns2 -malign-double -fstrict-aliasing -c  -fPIC -DPIC fn_2.c -o fn_2.lo
/bin/sh ../libtool --mode=compile gcc -DHAVE_CONFIG_H -I. -I. -I. -I. -I./../fftw -I.    -O6 -fomit-frame-pointer -Wall -W -Wcast-qual -Wpointer-arith -Wcast-align -pedantic -fno-schedule-insns -fschedule-insns2 -malign-double -fstrict-aliasing -c fn_3.c
gcc -DHAVE_CONFIG_H -I. -I. -I. -I. -I./../fftw -I. -O6 -fomit-frame-pointer -Wall -W -Wcast-qual -Wpointer-arith -Wcast-align -pedantic -fno-schedule-insns -fschedule-insns2 -malign-double -fstrict-aliasing -c  -fPIC -DPIC fn_3.c -o fn_3.lo
/bin/sh ../libtool --mode=compile gcc -DHAVE_CONFIG_H -I. -I. -I. -I. -I./../fftw -I.    -O6 -fomit-frame-pointer -Wall -W -Wcast-qual -Wpointer-arith -Wcast-align -pedantic -fno-schedule-insns -fschedule-insns2 -malign-double -fstrict-aliasing -c fn_4.c
gcc -DHAVE_CONFIG_H -I. -I. -I. -I. -I./../fftw -I. -O6 -fomit-frame-pointer -Wall -W -Wcast-qual -Wpointer-arith -Wcast-align -pedantic -fno-schedule-insns -fschedule-insns2 -malign-double -fstrict-aliasing -c  -fPIC -DPIC fn_4.c -o fn_4.lo
/bin/sh ../libtool --mode=compile gcc -DHAVE_CONFIG_H -I. -I. -I. -I. -I./../fftw -I.    -O6 -fomit-frame-pointer -Wall -W -Wcast-qual -Wpointer-arith -Wcast-align -pedantic -fno-schedule-insns -fschedule-insns2 -malign-double -fstrict-aliasing -c fn_5.c
gcc -DHAVE_CONFIG_H -I. -I. -I. -I. -I./../fftw -I. -O6 -fomit-frame-pointer -Wall -W -Wcast-qual -Wpointer-arith -Wcast-align -pedantic -fno-schedule-insns -fschedule-insns2 -malign-double -fstrict-aliasing -c  -fPIC -DPIC fn_5.c -o fn_5.lo
/bin/sh ../libtool --mode=compile gcc -DHAVE_CONFIG_H -I. -I. -I. -I. -I./../fftw -I.    -O6 -fomit-frame-pointer -Wall -W -Wcast-qual -Wpointer-arith -Wcast-align -pedantic -fno-schedule-insns -fschedule-insns2 -malign-double -fstrict-aliasing -c fn_6.c
gcc -DHAVE_CONFIG_H -I. -I. -I. -I. -I./../fftw -I. -O6 -fomit-frame-pointer -Wall -W -Wcast-qual -Wpointer-arith -Wcast-align -pedantic -fno-schedule-insns -fschedule-insns2 -malign-double -fstrict-aliasing -c  -fPIC -DPIC fn_6.c -o fn_6.lo
/bin/sh ../libtool --mode=compile gcc -DHAVE_CONFIG_H -I. -I. -I. -I. -I./../fftw -I.    -O6 -fomit-frame-pointer -Wall -W -Wcast-qual -Wpointer-arith -Wcast-align -pedantic -fno-schedule-insns -fschedule-insns2 -malign-double -fstrict-aliasing -c fn_7.c
gcc -DHAVE_CONFIG_H -I. -I. -I. -I. -I./../fftw -I. -O6 -fomit-frame-pointer -Wall -W -Wcast-qual -Wpointer-arith -Wcast-align -pedantic -fno-schedule-insns -fschedule-insns2 -malign-double -fstrict-aliasing -c  -fPIC -DPIC fn_7.c -o fn_7.lo
/bin/sh ../libtool --mode=compile gcc -DHAVE_CONFIG_H -I. -I. -I. -I. -I./../fftw -I.    -O6 -fomit-frame-pointer -Wall -W -Wcast-qual -Wpointer-arith -Wcast-align -pedantic -fno-schedule-insns -fschedule-insns2 -malign-double -fstrict-aliasing -c fn_8.c
gcc -DHAVE_CONFIG_H -I. -I. -I. -I. -I./../fftw -I. -O6 -fomit-frame-pointer -Wall -W -Wcast-qual -Wpointer-arith -Wcast-align -pedantic -fno-schedule-insns -fschedule-insns2 -malign-double -fstrict-aliasing -c  -fPIC -DPIC fn_8.c -o fn_8.lo
/bin/sh ../libtool --mode=compile gcc -DHAVE_CONFIG_H -I. -I. -I. -I. -I./../fftw -I.    -O6 -fomit-frame-pointer -Wall -W -Wcast-qual -Wpointer-arith -Wcast-align -pedantic -fno-schedule-insns -fschedule-insns2 -malign-double -fstrict-aliasing -c fn_9.c
gcc -DHAVE_CONFIG_H -I. -I. -I. -I. -I./../fftw -I. -O6 -fomit-frame-pointer -Wall -W -Wcast-qual -Wpointer-arith -Wcast-align -pedantic -fno-schedule-insns -fschedule-insns2 -malign-double -fstrict-aliasing -c  -fPIC -DPIC fn_9.c -o fn_9.lo
/bin/sh ../libtool --mode=compile gcc -DHAVE_CONFIG_H -I. -I. -I. -I. -I./../fftw -I.    -O6 -fomit-frame-pointer -Wall -W -Wcast-qual -Wpointer-arith -Wcast-align -pedantic -fno-schedule-insns -fschedule-insns2 -malign-double -fstrict-aliasing -c fn_10.c
gcc -DHAVE_CONFIG_H -I. -I. -I. -I. -I./../fftw -I. -O6 -fomit-frame-pointer -Wall -W -Wcast-qual -Wpointer-arith -Wcast-align -pedantic -fno-schedule-insns -fschedule-insns2 -malign-double -fstrict-aliasing -c  -fPIC -DPIC fn_10.c -o fn_10.lo
/bin/sh ../libtool --mode=compile gcc -DHAVE_CONFIG_H -I. -I. -I. -I. -I./../fftw -I.    -O6 -fomit-frame-pointer -Wall -W -Wcast-qual -Wpointer-arith -Wcast-align -pedantic -fno-schedule-insns -fschedule-insns2 -malign-double -fstrict-aliasing -c fn_11.c
gcc -DHAVE_CONFIG_H -I. -I. -I. -I. -I./../fftw -I. -O6 -fomit-frame-pointer -Wall -W -Wcast-qual -Wpointer-arith -Wcast-align -pedantic -fno-schedule-insns -fschedule-insns2 -malign-double -fstrict-aliasing -c  -fPIC -DPIC fn_11.c -o fn_11.lo
/bin/sh ../libtool --mode=compile gcc -DHAVE_CONFIG_H -I. -I. -I. -I. -I./../fftw -I.    -O6 -fomit-frame-pointer -Wall -W -Wcast-qual -Wpointer-arith -Wcast-align -pedantic -fno-schedule-insns -fschedule-insns2 -malign-double -fstrict-aliasing -c fn_12.c
gcc -DHAVE_CONFIG_H -I. -I. -I. -I. -I./../fftw -I. -O6 -fomit-frame-pointer -Wall -W -Wcast-qual -Wpointer-arith -Wcast-align -pedantic -fno-schedule-insns -fschedule-insns2 -malign-double -fstrict-aliasing -c  -fPIC -DPIC fn_12.c -o fn_12.lo
/bin/sh ../libtool --mode=compile gcc -DHAVE_CONFIG_H -I. -I. -I. -I. -I./../fftw -I.    -O6 -fomit-frame-pointer -Wall -W -Wcast-qual -Wpointer-arith -Wcast-align -pedantic -fno-schedule-insns -fschedule-insns2 -malign-double -fstrict-aliasing -c fn_13.c
gcc -DHAVE_CONFIG_H -I. -I. -I. -I. -I./../fftw -I. -O6 -fomit-frame-pointer -Wall -W -Wcast-qual -Wpointer-arith -Wcast-align -pedantic -fno-schedule-insns -fschedule-insns2 -malign-double -fstrict-aliasing -c  -fPIC -DPIC fn_13.c -o fn_13.lo
/bin/sh ../libtool --mode=compile gcc -DHAVE_CONFIG_H -I. -I. -I. -I. -I./../fftw -I.    -O6 -fomit-frame-pointer -Wall -W -Wcast-qual -Wpointer-arith -Wcast-align -pedantic -fno-schedule-insns -fschedule-insns2 -malign-double -fstrict-aliasing -c fn_14.c
gcc -DHAVE_CONFIG_H -I. -I. -I. -I. -I./../fftw -I. -O6 -fomit-frame-pointer -Wall -W -Wcast-qual -Wpointer-arith -Wcast-align -pedantic -fno-schedule-insns -fschedule-insns2 -malign-double -fstrict-aliasing -c  -fPIC -DPIC fn_14.c -o fn_14.lo
/bin/sh ../libtool --mode=compile gcc -DHAVE_CONFIG_H -I. -I. -I. -I. -I./../fftw -I.    -O6 -fomit-frame-pointer -Wall -W -Wcast-qual -Wpointer-arith -Wcast-align -pedantic -fno-schedule-insns -fschedule-insns2 -malign-double -fstrict-aliasing -c fn_15.c
gcc -DHAVE_CONFIG_H -I. -I. -I. -I. -I./../fftw -I. -O6 -fomit-frame-pointer -Wall -W -Wcast-qual -Wpointer-arith -Wcast-align -pedantic -fno-schedule-insns -fschedule-insns2 -malign-double -fstrict-aliasing -c  -fPIC -DPIC fn_15.c -o fn_15.lo
/bin/sh ../libtool --mode=compile gcc -DHAVE_CONFIG_H -I. -I. -I. -I. -I./../fftw -I.    -O6 -fomit-frame-pointer -Wall -W -Wcast-qual -Wpointer-arith -Wcast-align -pedantic -fno-schedule-insns -fschedule-insns2 -malign-double -fstrict-aliasing -c fn_16.c
gcc -DHAVE_CONFIG_H -I. -I. -I. -I. -I./../fftw -I. -O6 -fomit-frame-pointer -Wall -W -Wcast-qual -Wpointer-arith -Wcast-align -pedantic -fno-schedule-insns -fschedule-insns2 -malign-double -fstrict-aliasing -c  -fPIC -DPIC fn_16.c -o fn_16.lo
/bin/sh ../libtool --mode=compile gcc -DHAVE_CONFIG_H -I. -I. -I. -I. -I./../fftw -I.    -O6 -fomit-frame-pointer -Wall -W -Wcast-qual -Wpointer-arith -Wcast-align -pedantic -fno-schedule-insns -fschedule-insns2 -malign-double -fstrict-aliasing -c fn_32.c
gcc -DHAVE_CONFIG_H -I. -I. -I. -I. -I./../fftw -I. -O6 -fomit-frame-pointer -Wall -W -Wcast-qual -Wpointer-arith -Wcast-align -pedantic -fno-schedule-insns -fschedule-insns2 -malign-double -fstrict-aliasing -c  -fPIC -DPIC fn_32.c -o fn_32.lo
/bin/sh ../libtool --mode=compile gcc -DHAVE_CONFIG_H -I. -I. -I. -I. -I./../fftw -I.    -O6 -fomit-frame-pointer -Wall -W -Wcast-qual -Wpointer-arith -Wcast-align -pedantic -fno-schedule-insns -fschedule-insns2 -malign-double -fstrict-aliasing -c fn_64.c
gcc -DHAVE_CONFIG_H -I. -I. -I. -I. -I./../fftw -I. -O6 -fomit-frame-pointer -Wall -W -Wcast-qual -Wpointer-arith -Wcast-align -pedantic -fno-schedule-insns -fschedule-insns2 -malign-double -fstrict-aliasing -c  -fPIC -DPIC fn_64.c -o fn_64.lo
/bin/sh ../libtool --mode=compile gcc -DHAVE_CONFIG_H -I. -I. -I. -I. -I./../fftw -I.    -O6 -fomit-frame-pointer -Wall -W -Wcast-qual -Wpointer-arith -Wcast-align -pedantic -fno-schedule-insns -fschedule-insns2 -malign-double -fstrict-aliasing -c ftw_2.c
gcc -DHAVE_CONFIG_H -I. -I. -I. -I. -I./../fftw -I. -O6 -fomit-frame-pointer -Wall -W -Wcast-qual -Wpointer-arith -Wcast-align -pedantic -fno-schedule-insns -fschedule-insns2 -malign-double -fstrict-aliasing -c  -fPIC -DPIC ftw_2.c -o ftw_2.lo
/bin/sh ../libtool --mode=compile gcc -DHAVE_CONFIG_H -I. -I. -I. -I. -I./../fftw -I.    -O6 -fomit-frame-pointer -Wall -W -Wcast-qual -Wpointer-arith -Wcast-align -pedantic -fno-schedule-insns -fschedule-insns2 -malign-double -fstrict-aliasing -c ftw_3.c
gcc -DHAVE_CONFIG_H -I. -I. -I. -I. -I./../fftw -I. -O6 -fomit-frame-pointer -Wall -W -Wcast-qual -Wpointer-arith -Wcast-align -pedantic -fno-schedule-insns -fschedule-insns2 -malign-double -fstrict-aliasing -c  -fPIC -DPIC ftw_3.c -o ftw_3.lo
/bin/sh ../libtool --mode=compile gcc -DHAVE_CONFIG_H -I. -I. -I. -I. -I./../fftw -I.    -O6 -fomit-frame-pointer -Wall -W -Wcast-qual -Wpointer-arith -Wcast-align -pedantic -fno-schedule-insns -fschedule-insns2 -malign-double -fstrict-aliasing -c ftw_4.c
gcc -DHAVE_CONFIG_H -I. -I. -I. -I. -I./../fftw -I. -O6 -fomit-frame-pointer -Wall -W -Wcast-qual -Wpointer-arith -Wcast-align -pedantic -fno-schedule-insns -fschedule-insns2 -malign-double -fstrict-aliasing -c  -fPIC -DPIC ftw_4.c -o ftw_4.lo
/bin/sh ../libtool --mode=compile gcc -DHAVE_CONFIG_H -I. -I. -I. -I. -I./../fftw -I.    -O6 -fomit-frame-pointer -Wall -W -Wcast-qual -Wpointer-arith -Wcast-align -pedantic -fno-schedule-insns -fschedule-insns2 -malign-double -fstrict-aliasing -c ftw_5.c
gcc -DHAVE_CONFIG_H -I. -I. -I. -I. -I./../fftw -I. -O6 -fomit-frame-pointer -Wall -W -Wcast-qual -Wpointer-arith -Wcast-align -pedantic -fno-schedule-insns -fschedule-insns2 -malign-double -fstrict-aliasing -c  -fPIC -DPIC ftw_5.c -o ftw_5.lo
/bin/sh ../libtool --mode=compile gcc -DHAVE_CONFIG_H -I. -I. -I. -I. -I./../fftw -I.    -O6 -fomit-frame-pointer -Wall -W -Wcast-qual -Wpointer-arith -Wcast-align -pedantic -fno-schedule-insns -fschedule-insns2 -malign-double -fstrict-aliasing -c ftw_6.c
gcc -DHAVE_CONFIG_H -I. -I. -I. -I. -I./../fftw -I. -O6 -fomit-frame-pointer -Wall -W -Wcast-qual -Wpointer-arith -Wcast-align -pedantic -fno-schedule-insns -fschedule-insns2 -malign-double -fstrict-aliasing -c  -fPIC -DPIC ftw_6.c -o ftw_6.lo
/bin/sh ../libtool --mode=compile gcc -DHAVE_CONFIG_H -I. -I. -I. -I. -I./../fftw -I.    -O6 -fomit-frame-pointer -Wall -W -Wcast-qual -Wpointer-arith -Wcast-align -pedantic -fno-schedule-insns -fschedule-insns2 -malign-double -fstrict-aliasing -c ftw_7.c
gcc -DHAVE_CONFIG_H -I. -I. -I. -I. -I./../fftw -I. -O6 -fomit-frame-pointer -Wall -W -Wcast-qual -Wpointer-arith -Wcast-align -pedantic -fno-schedule-insns -fschedule-insns2 -malign-double -fstrict-aliasing -c  -fPIC -DPIC ftw_7.c -o ftw_7.lo
/bin/sh ../libtool --mode=compile gcc -DHAVE_CONFIG_H -I. -I. -I. -I. -I./../fftw -I.    -O6 -fomit-frame-pointer -Wall -W -Wcast-qual -Wpointer-arith -Wcast-align -pedantic -fno-schedule-insns -fschedule-insns2 -malign-double -fstrict-aliasing -c ftw_8.c
gcc -DHAVE_CONFIG_H -I. -I. -I. -I. -I./../fftw -I. -O6 -fomit-frame-pointer -Wall -W -Wcast-qual -Wpointer-arith -Wcast-align -pedantic -fno-schedule-insns -fschedule-insns2 -malign-double -fstrict-aliasing -c  -fPIC -DPIC ftw_8.c -o ftw_8.lo
/bin/sh ../libtool --mode=compile gcc -DHAVE_CONFIG_H -I. -I. -I. -I. -I./../fftw -I.    -O6 -fomit-frame-pointer -Wall -W -Wcast-qual -Wpointer-arith -Wcast-align -pedantic -fno-schedule-insns -fschedule-insns2 -malign-double -fstrict-aliasing -c ftw_9.c
gcc -DHAVE_CONFIG_H -I. -I. -I. -I. -I./../fftw -I. -O6 -fomit-frame-pointer -Wall -W -Wcast-qual -Wpointer-arith -Wcast-align -pedantic -fno-schedule-insns -fschedule-insns2 -malign-double -fstrict-aliasing -c  -fPIC -DPIC ftw_9.c -o ftw_9.lo
/bin/sh ../libtool --mode=compile gcc -DHAVE_CONFIG_H -I. -I. -I. -I. -I./../fftw -I.    -O6 -fomit-frame-pointer -Wall -W -Wcast-qual -Wpointer-arith -Wcast-align -pedantic -fno-schedule-insns -fschedule-insns2 -malign-double -fstrict-aliasing -c ftw_10.c
gcc -DHAVE_CONFIG_H -I. -I. -I. -I. -I./../fftw -I. -O6 -fomit-frame-pointer -Wall -W -Wcast-qual -Wpointer-arith -Wcast-align -pedantic -fno-schedule-insns -fschedule-insns2 -malign-double -fstrict-aliasing -c  -fPIC -DPIC ftw_10.c -o ftw_10.lo
/bin/sh ../libtool --mode=compile gcc -DHAVE_CONFIG_H -I. -I. -I. -I. -I./../fftw -I.    -O6 -fomit-frame-pointer -Wall -W -Wcast-qual -Wpointer-arith -Wcast-align -pedantic -fno-schedule-insns -fschedule-insns2 -malign-double -fstrict-aliasing -c ftw_16.c
gcc -DHAVE_CONFIG_H -I. -I. -I. -I. -I./../fftw -I. -O6 -fomit-frame-pointer -Wall -W -Wcast-qual -Wpointer-arith -Wcast-align -pedantic -fno-schedule-insns -fschedule-insns2 -malign-double -fstrict-aliasing -c  -fPIC -DPIC ftw_16.c -o ftw_16.lo
/bin/sh ../libtool --mode=compile gcc -DHAVE_CONFIG_H -I. -I. -I. -I. -I./../fftw -I.    -O6 -fomit-frame-pointer -Wall -W -Wcast-qual -Wpointer-arith -Wcast-align -pedantic -fno-schedule-insns -fschedule-insns2 -malign-double -fstrict-aliasing -c ftw_32.c
gcc -DHAVE_CONFIG_H -I. -I. -I. -I. -I./../fftw -I. -O6 -fomit-frame-pointer -Wall -W -Wcast-qual -Wpointer-arith -Wcast-align -pedantic -fno-schedule-insns -fschedule-insns2 -malign-double -fstrict-aliasing -c  -fPIC -DPIC ftw_32.c -o ftw_32.lo
/bin/sh ../libtool --mode=compile gcc -DHAVE_CONFIG_H -I. -I. -I. -I. -I./../fftw -I.    -O6 -fomit-frame-pointer -Wall -W -Wcast-qual -Wpointer-arith -Wcast-align -pedantic -fno-schedule-insns -fschedule-insns2 -malign-double -fstrict-aliasing -c ftw_64.c
gcc -DHAVE_CONFIG_H -I. -I. -I. -I. -I./../fftw -I. -O6 -fomit-frame-pointer -Wall -W -Wcast-qual -Wpointer-arith -Wcast-align -pedantic -fno-schedule-insns -fschedule-insns2 -malign-double -fstrict-aliasing -c  -fPIC -DPIC ftw_64.c -o ftw_64.lo
/bin/sh ../libtool --mode=compile gcc -DHAVE_CONFIG_H -I. -I. -I. -I. -I./../fftw -I.    -O6 -fomit-frame-pointer -Wall -W -Wcast-qual -Wpointer-arith -Wcast-align -pedantic -fno-schedule-insns -fschedule-insns2 -malign-double -fstrict-aliasing -c fni_1.c
gcc -DHAVE_CONFIG_H -I. -I. -I. -I. -I./../fftw -I. -O6 -fomit-frame-pointer -Wall -W -Wcast-qual -Wpointer-arith -Wcast-align -pedantic -fno-schedule-insns -fschedule-insns2 -malign-double -fstrict-aliasing -c  -fPIC -DPIC fni_1.c -o fni_1.lo
fni_1.c: In function 'fftwi_no_twiddle_1':
fni_1.c:41:78: warning: unused parameter 'istride' [-Wunused-parameter]
 void fftwi_no_twiddle_1(const fftw_complex *input, fftw_complex *output, int istride, int ostride)
                                                                              ^
fni_1.c:41:91: warning: unused parameter 'ostride' [-Wunused-parameter]
 void fftwi_no_twiddle_1(const fftw_complex *input, fftw_complex *output, int istride, int ostride)
                                                                                           ^
/bin/sh ../libtool --mode=compile gcc -DHAVE_CONFIG_H -I. -I. -I. -I. -I./../fftw -I.    -O6 -fomit-frame-pointer -Wall -W -Wcast-qual -Wpointer-arith -Wcast-align -pedantic -fno-schedule-insns -fschedule-insns2 -malign-double -fstrict-aliasing -c fni_2.c
gcc -DHAVE_CONFIG_H -I. -I. -I. -I. -I./../fftw -I. -O6 -fomit-frame-pointer -Wall -W -Wcast-qual -Wpointer-arith -Wcast-align -pedantic -fno-schedule-insns -fschedule-insns2 -malign-double -fstrict-aliasing -c  -fPIC -DPIC fni_2.c -o fni_2.lo
/bin/sh ../libtool --mode=compile gcc -DHAVE_CONFIG_H -I. -I. -I. -I. -I./../fftw -I.    -O6 -fomit-frame-pointer -Wall -W -Wcast-qual -Wpointer-arith -Wcast-align -pedantic -fno-schedule-insns -fschedule-insns2 -malign-double -fstrict-aliasing -c fni_3.c
gcc -DHAVE_CONFIG_H -I. -I. -I. -I. -I./../fftw -I. -O6 -fomit-frame-pointer -Wall -W -Wcast-qual -Wpointer-arith -Wcast-align -pedantic -fno-schedule-insns -fschedule-insns2 -malign-double -fstrict-aliasing -c  -fPIC -DPIC fni_3.c -o fni_3.lo
/bin/sh ../libtool --mode=compile gcc -DHAVE_CONFIG_H -I. -I. -I. -I. -I./../fftw -I.    -O6 -fomit-frame-pointer -Wall -W -Wcast-qual -Wpointer-arith -Wcast-align -pedantic -fno-schedule-insns -fschedule-insns2 -malign-double -fstrict-aliasing -c fni_4.c
gcc -DHAVE_CONFIG_H -I. -I. -I. -I. -I./../fftw -I. -O6 -fomit-frame-pointer -Wall -W -Wcast-qual -Wpointer-arith -Wcast-align -pedantic -fno-schedule-insns -fschedule-insns2 -malign-double -fstrict-aliasing -c  -fPIC -DPIC fni_4.c -o fni_4.lo
/bin/sh ../libtool --mode=compile gcc -DHAVE_CONFIG_H -I. -I. -I. -I. -I./../fftw -I.    -O6 -fomit-frame-pointer -Wall -W -Wcast-qual -Wpointer-arith -Wcast-align -pedantic -fno-schedule-insns -fschedule-insns2 -malign-double -fstrict-aliasing -c fni_5.c
gcc -DHAVE_CONFIG_H -I. -I. -I. -I. -I./../fftw -I. -O6 -fomit-frame-pointer -Wall -W -Wcast-qual -Wpointer-arith -Wcast-align -pedantic -fno-schedule-insns -fschedule-insns2 -malign-double -fstrict-aliasing -c  -fPIC -DPIC fni_5.c -o fni_5.lo
/bin/sh ../libtool --mode=compile gcc -DHAVE_CONFIG_H -I. -I. -I. -I. -I./../fftw -I.    -O6 -fomit-frame-pointer -Wall -W -Wcast-qual -Wpointer-arith -Wcast-align -pedantic -fno-schedule-insns -fschedule-insns2 -malign-double -fstrict-aliasing -c fni_6.c
gcc -DHAVE_CONFIG_H -I. -I. -I. -I. -I./../fftw -I. -O6 -fomit-frame-pointer -Wall -W -Wcast-qual -Wpointer-arith -Wcast-align -pedantic -fno-schedule-insns -fschedule-insns2 -malign-double -fstrict-aliasing -c  -fPIC -DPIC fni_6.c -o fni_6.lo
/bin/sh ../libtool --mode=compile gcc -DHAVE_CONFIG_H -I. -I. -I. -I. -I./../fftw -I.    -O6 -fomit-frame-pointer -Wall -W -Wcast-qual -Wpointer-arith -Wcast-align -pedantic -fno-schedule-insns -fschedule-insns2 -malign-double -fstrict-aliasing -c fni_7.c
gcc -DHAVE_CONFIG_H -I. -I. -I. -I. -I./../fftw -I. -O6 -fomit-frame-pointer -Wall -W -Wcast-qual -Wpointer-arith -Wcast-align -pedantic -fno-schedule-insns -fschedule-insns2 -malign-double -fstrict-aliasing -c  -fPIC -DPIC fni_7.c -o fni_7.lo
/bin/sh ../libtool --mode=compile gcc -DHAVE_CONFIG_H -I. -I. -I. -I. -I./../fftw -I.    -O6 -fomit-frame-pointer -Wall -W -Wcast-qual -Wpointer-arith -Wcast-align -pedantic -fno-schedule-insns -fschedule-insns2 -malign-double -fstrict-aliasing -c fni_8.c
gcc -DHAVE_CONFIG_H -I. -I. -I. -I. -I./../fftw -I. -O6 -fomit-frame-pointer -Wall -W -Wcast-qual -Wpointer-arith -Wcast-align -pedantic -fno-schedule-insns -fschedule-insns2 -malign-double -fstrict-aliasing -c  -fPIC -DPIC fni_8.c -o fni_8.lo
/bin/sh ../libtool --mode=compile gcc -DHAVE_CONFIG_H -I. -I. -I. -I. -I./../fftw -I.    -O6 -fomit-frame-pointer -Wall -W -Wcast-qual -Wpointer-arith -Wcast-align -pedantic -fno-schedule-insns -fschedule-insns2 -malign-double -fstrict-aliasing -c fni_9.c
gcc -DHAVE_CONFIG_H -I. -I. -I. -I. -I./../fftw -I. -O6 -fomit-frame-pointer -Wall -W -Wcast-qual -Wpointer-arith -Wcast-align -pedantic -fno-schedule-insns -fschedule-insns2 -malign-double -fstrict-aliasing -c  -fPIC -DPIC fni_9.c -o fni_9.lo
/bin/sh ../libtool --mode=compile gcc -DHAVE_CONFIG_H -I. -I. -I. -I. -I./../fftw -I.    -O6 -fomit-frame-pointer -Wall -W -Wcast-qual -Wpointer-arith -Wcast-align -pedantic -fno-schedule-insns -fschedule-insns2 -malign-double -fstrict-aliasing -c fni_10.c
gcc -DHAVE_CONFIG_H -I. -I. -I. -I. -I./../fftw -I. -O6 -fomit-frame-pointer -Wall -W -Wcast-qual -Wpointer-arith -Wcast-align -pedantic -fno-schedule-insns -fschedule-insns2 -malign-double -fstrict-aliasing -c  -fPIC -DPIC fni_10.c -o fni_10.lo
/bin/sh ../libtool --mode=compile gcc -DHAVE_CONFIG_H -I. -I. -I. -I. -I./../fftw -I.    -O6 -fomit-frame-pointer -Wall -W -Wcast-qual -Wpointer-arith -Wcast-align -pedantic -fno-schedule-insns -fschedule-insns2 -malign-double -fstrict-aliasing -c fni_11.c
gcc -DHAVE_CONFIG_H -I. -I. -I. -I. -I./../fftw -I. -O6 -fomit-frame-pointer -Wall -W -Wcast-qual -Wpointer-arith -Wcast-align -pedantic -fno-schedule-insns -fschedule-insns2 -malign-double -fstrict-aliasing -c  -fPIC -DPIC fni_11.c -o fni_11.lo
/bin/sh ../libtool --mode=compile gcc -DHAVE_CONFIG_H -I. -I. -I. -I. -I./../fftw -I.    -O6 -fomit-frame-pointer -Wall -W -Wcast-qual -Wpointer-arith -Wcast-align -pedantic -fno-schedule-insns -fschedule-insns2 -malign-double -fstrict-aliasing -c fni_12.c
gcc -DHAVE_CONFIG_H -I. -I. -I. -I. -I./../fftw -I. -O6 -fomit-frame-pointer -Wall -W -Wcast-qual -Wpointer-arith -Wcast-align -pedantic -fno-schedule-insns -fschedule-insns2 -malign-double -fstrict-aliasing -c  -fPIC -DPIC fni_12.c -o fni_12.lo
/bin/sh ../libtool --mode=compile gcc -DHAVE_CONFIG_H -I. -I. -I. -I. -I./../fftw -I.    -O6 -fomit-frame-pointer -Wall -W -Wcast-qual -Wpointer-arith -Wcast-align -pedantic -fno-schedule-insns -fschedule-insns2 -malign-double -fstrict-aliasing -c fni_13.c
gcc -DHAVE_CONFIG_H -I. -I. -I. -I. -I./../fftw -I. -O6 -fomit-frame-pointer -Wall -W -Wcast-qual -Wpointer-arith -Wcast-align -pedantic -fno-schedule-insns -fschedule-insns2 -malign-double -fstrict-aliasing -c  -fPIC -DPIC fni_13.c -o fni_13.lo
/bin/sh ../libtool --mode=compile gcc -DHAVE_CONFIG_H -I. -I. -I. -I. -I./../fftw -I.    -O6 -fomit-frame-pointer -Wall -W -Wcast-qual -Wpointer-arith -Wcast-align -pedantic -fno-schedule-insns -fschedule-insns2 -malign-double -fstrict-aliasing -c fni_14.c
gcc -DHAVE_CONFIG_H -I. -I. -I. -I. -I./../fftw -I. -O6 -fomit-frame-pointer -Wall -W -Wcast-qual -Wpointer-arith -Wcast-align -pedantic -fno-schedule-insns -fschedule-insns2 -malign-double -fstrict-aliasing -c  -fPIC -DPIC fni_14.c -o fni_14.lo
/bin/sh ../libtool --mode=compile gcc -DHAVE_CONFIG_H -I. -I. -I. -I. -I./../fftw -I.    -O6 -fomit-frame-pointer -Wall -W -Wcast-qual -Wpointer-arith -Wcast-align -pedantic -fno-schedule-insns -fschedule-insns2 -malign-double -fstrict-aliasing -c fni_15.c
gcc -DHAVE_CONFIG_H -I. -I. -I. -I. -I./../fftw -I. -O6 -fomit-frame-pointer -Wall -W -Wcast-qual -Wpointer-arith -Wcast-align -pedantic -fno-schedule-insns -fschedule-insns2 -malign-double -fstrict-aliasing -c  -fPIC -DPIC fni_15.c -o fni_15.lo
/bin/sh ../libtool --mode=compile gcc -DHAVE_CONFIG_H -I. -I. -I. -I. -I./../fftw -I.    -O6 -fomit-frame-pointer -Wall -W -Wcast-qual -Wpointer-arith -Wcast-align -pedantic -fno-schedule-insns -fschedule-insns2 -malign-double -fstrict-aliasing -c fni_16.c
gcc -DHAVE_CONFIG_H -I. -I. -I. -I. -I./../fftw -I. -O6 -fomit-frame-pointer -Wall -W -Wcast-qual -Wpointer-arith -Wcast-align -pedantic -fno-schedule-insns -fschedule-insns2 -malign-double -fstrict-aliasing -c  -fPIC -DPIC fni_16.c -o fni_16.lo
/bin/sh ../libtool --mode=compile gcc -DHAVE_CONFIG_H -I. -I. -I. -I. -I./../fftw -I.    -O6 -fomit-frame-pointer -Wall -W -Wcast-qual -Wpointer-arith -Wcast-align -pedantic -fno-schedule-insns -fschedule-insns2 -malign-double -fstrict-aliasing -c fni_32.c
gcc -DHAVE_CONFIG_H -I. -I. -I. -I. -I./../fftw -I. -O6 -fomit-frame-pointer -Wall -W -Wcast-qual -Wpointer-arith -Wcast-align -pedantic -fno-schedule-insns -fschedule-insns2 -malign-double -fstrict-aliasing -c  -fPIC -DPIC fni_32.c -o fni_32.lo
/bin/sh ../libtool --mode=compile gcc -DHAVE_CONFIG_H -I. -I. -I. -I. -I./../fftw -I.    -O6 -fomit-frame-pointer -Wall -W -Wcast-qual -Wpointer-arith -Wcast-align -pedantic -fno-schedule-insns -fschedule-insns2 -malign-double -fstrict-aliasing -c fni_64.c
gcc -DHAVE_CONFIG_H -I. -I. -I. -I. -I./../fftw -I. -O6 -fomit-frame-pointer -Wall -W -Wcast-qual -Wpointer-arith -Wcast-align -pedantic -fno-schedule-insns -fschedule-insns2 -malign-double -fstrict-aliasing -c  -fPIC -DPIC fni_64.c -o fni_64.lo
/bin/sh ../libtool --mode=compile gcc -DHAVE_CONFIG_H -I. -I. -I. -I. -I./../fftw -I.    -O6 -fomit-frame-pointer -Wall -W -Wcast-qual -Wpointer-arith -Wcast-align -pedantic -fno-schedule-insns -fschedule-insns2 -malign-double -fstrict-aliasing -c ftwi_2.c
gcc -DHAVE_CONFIG_H -I. -I. -I. -I. -I./../fftw -I. -O6 -fomit-frame-pointer -Wall -W -Wcast-qual -Wpointer-arith -Wcast-align -pedantic -fno-schedule-insns -fschedule-insns2 -malign-double -fstrict-aliasing -c  -fPIC -DPIC ftwi_2.c -o ftwi_2.lo
/bin/sh ../libtool --mode=compile gcc -DHAVE_CONFIG_H -I. -I. -I. -I. -I./../fftw -I.    -O6 -fomit-frame-pointer -Wall -W -Wcast-qual -Wpointer-arith -Wcast-align -pedantic -fno-schedule-insns -fschedule-insns2 -malign-double -fstrict-aliasing -c ftwi_3.c
gcc -DHAVE_CONFIG_H -I. -I. -I. -I. -I./../fftw -I. -O6 -fomit-frame-pointer -Wall -W -Wcast-qual -Wpointer-arith -Wcast-align -pedantic -fno-schedule-insns -fschedule-insns2 -malign-double -fstrict-aliasing -c  -fPIC -DPIC ftwi_3.c -o ftwi_3.lo
/bin/sh ../libtool --mode=compile gcc -DHAVE_CONFIG_H -I. -I. -I. -I. -I./../fftw -I.    -O6 -fomit-frame-pointer -Wall -W -Wcast-qual -Wpointer-arith -Wcast-align -pedantic -fno-schedule-insns -fschedule-insns2 -malign-double -fstrict-aliasing -c ftwi_4.c
gcc -DHAVE_CONFIG_H -I. -I. -I. -I. -I./../fftw -I. -O6 -fomit-frame-pointer -Wall -W -Wcast-qual -Wpointer-arith -Wcast-align -pedantic -fno-schedule-insns -fschedule-insns2 -malign-double -fstrict-aliasing -c  -fPIC -DPIC ftwi_4.c -o ftwi_4.lo
/bin/sh ../libtool --mode=compile gcc -DHAVE_CONFIG_H -I. -I. -I. -I. -I./../fftw -I.    -O6 -fomit-frame-pointer -Wall -W -Wcast-qual -Wpointer-arith -Wcast-align -pedantic -fno-schedule-insns -fschedule-insns2 -malign-double -fstrict-aliasing -c ftwi_5.c
gcc -DHAVE_CONFIG_H -I. -I. -I. -I. -I./../fftw -I. -O6 -fomit-frame-pointer -Wall -W -Wcast-qual -Wpointer-arith -Wcast-align -pedantic -fno-schedule-insns -fschedule-insns2 -malign-double -fstrict-aliasing -c  -fPIC -DPIC ftwi_5.c -o ftwi_5.lo
/bin/sh ../libtool --mode=compile gcc -DHAVE_CONFIG_H -I. -I. -I. -I. -I./../fftw -I.    -O6 -fomit-frame-pointer -Wall -W -Wcast-qual -Wpointer-arith -Wcast-align -pedantic -fno-schedule-insns -fschedule-insns2 -malign-double -fstrict-aliasing -c ftwi_6.c
gcc -DHAVE_CONFIG_H -I. -I. -I. -I. -I./../fftw -I. -O6 -fomit-frame-pointer -Wall -W -Wcast-qual -Wpointer-arith -Wcast-align -pedantic -fno-schedule-insns -fschedule-insns2 -malign-double -fstrict-aliasing -c  -fPIC -DPIC ftwi_6.c -o ftwi_6.lo
/bin/sh ../libtool --mode=compile gcc -DHAVE_CONFIG_H -I. -I. -I. -I. -I./../fftw -I.    -O6 -fomit-frame-pointer -Wall -W -Wcast-qual -Wpointer-arith -Wcast-align -pedantic -fno-schedule-insns -fschedule-insns2 -malign-double -fstrict-aliasing -c ftwi_7.c
gcc -DHAVE_CONFIG_H -I. -I. -I. -I. -I./../fftw -I. -O6 -fomit-frame-pointer -Wall -W -Wcast-qual -Wpointer-arith -Wcast-align -pedantic -fno-schedule-insns -fschedule-insns2 -malign-double -fstrict-aliasing -c  -fPIC -DPIC ftwi_7.c -o ftwi_7.lo
/bin/sh ../libtool --mode=compile gcc -DHAVE_CONFIG_H -I. -I. -I. -I. -I./../fftw -I.    -O6 -fomit-frame-pointer -Wall -W -Wcast-qual -Wpointer-arith -Wcast-align -pedantic -fno-schedule-insns -fschedule-insns2 -malign-double -fstrict-aliasing -c ftwi_8.c
gcc -DHAVE_CONFIG_H -I. -I. -I. -I. -I./../fftw -I. -O6 -fomit-frame-pointer -Wall -W -Wcast-qual -Wpointer-arith -Wcast-align -pedantic -fno-schedule-insns -fschedule-insns2 -malign-double -fstrict-aliasing -c  -fPIC -DPIC ftwi_8.c -o ftwi_8.lo
/bin/sh ../libtool --mode=compile gcc -DHAVE_CONFIG_H -I. -I. -I. -I. -I./../fftw -I.    -O6 -fomit-frame-pointer -Wall -W -Wcast-qual -Wpointer-arith -Wcast-align -pedantic -fno-schedule-insns -fschedule-insns2 -malign-double -fstrict-aliasing -c ftwi_9.c
gcc -DHAVE_CONFIG_H -I. -I. -I. -I. -I./../fftw -I. -O6 -fomit-frame-pointer -Wall -W -Wcast-qual -Wpointer-arith -Wcast-align -pedantic -fno-schedule-insns -fschedule-insns2 -malign-double -fstrict-aliasing -c  -fPIC -DPIC ftwi_9.c -o ftwi_9.lo
/bin/sh ../libtool --mode=compile gcc -DHAVE_CONFIG_H -I. -I. -I. -I. -I./../fftw -I.    -O6 -fomit-frame-pointer -Wall -W -Wcast-qual -Wpointer-arith -Wcast-align -pedantic -fno-schedule-insns -fschedule-insns2 -malign-double -fstrict-aliasing -c ftwi_10.c
gcc -DHAVE_CONFIG_H -I. -I. -I. -I. -I./../fftw -I. -O6 -fomit-frame-pointer -Wall -W -Wcast-qual -Wpointer-arith -Wcast-align -pedantic -fno-schedule-insns -fschedule-insns2 -malign-double -fstrict-aliasing -c  -fPIC -DPIC ftwi_10.c -o ftwi_10.lo
/bin/sh ../libtool --mode=compile gcc -DHAVE_CONFIG_H -I. -I. -I. -I. -I./../fftw -I.    -O6 -fomit-frame-pointer -Wall -W -Wcast-qual -Wpointer-arith -Wcast-align -pedantic -fno-schedule-insns -fschedule-insns2 -malign-double -fstrict-aliasing -c ftwi_16.c
gcc -DHAVE_CONFIG_H -I. -I. -I. -I. -I./../fftw -I. -O6 -fomit-frame-pointer -Wall -W -Wcast-qual -Wpointer-arith -Wcast-align -pedantic -fno-schedule-insns -fschedule-insns2 -malign-double -fstrict-aliasing -c  -fPIC -DPIC ftwi_16.c -o ftwi_16.lo
/bin/sh ../libtool --mode=compile gcc -DHAVE_CONFIG_H -I. -I. -I. -I. -I./../fftw -I.    -O6 -fomit-frame-pointer -Wall -W -Wcast-qual -Wpointer-arith -Wcast-align -pedantic -fno-schedule-insns -fschedule-insns2 -malign-double -fstrict-aliasing -c ftwi_32.c
gcc -DHAVE_CONFIG_H -I. -I. -I. -I. -I./../fftw -I. -O6 -fomit-frame-pointer -Wall -W -Wcast-qual -Wpointer-arith -Wcast-align -pedantic -fno-schedule-insns -fschedule-insns2 -malign-double -fstrict-aliasing -c  -fPIC -DPIC ftwi_32.c -o ftwi_32.lo
/bin/sh ../libtool --mode=compile gcc -DHAVE_CONFIG_H -I. -I. -I. -I. -I./../fftw -I.    -O6 -fomit-frame-pointer -Wall -W -Wcast-qual -Wpointer-arith -Wcast-align -pedantic -fno-schedule-insns -fschedule-insns2 -malign-double -fstrict-aliasing -c ftwi_64.c
gcc -DHAVE_CONFIG_H -I. -I. -I. -I. -I./../fftw -I. -O6 -fomit-frame-pointer -Wall -W -Wcast-qual -Wpointer-arith -Wcast-align -pedantic -fno-schedule-insns -fschedule-insns2 -malign-double -fstrict-aliasing -c  -fPIC -DPIC ftwi_64.c -o ftwi_64.lo
/bin/sh ../libtool --mode=compile gcc -DHAVE_CONFIG_H -I. -I. -I. -I. -I./../fftw -I.    -O6 -fomit-frame-pointer -Wall -W -Wcast-qual -Wpointer-arith -Wcast-align -pedantic -fno-schedule-insns -fschedule-insns2 -malign-double -fstrict-aliasing -c timer.c
gcc -DHAVE_CONFIG_H -I. -I. -I. -I. -I./../fftw -I. -O6 -fomit-frame-pointer -Wall -W -Wcast-qual -Wpointer-arith -Wcast-align -pedantic -fno-schedule-insns -fschedule-insns2 -malign-double -fstrict-aliasing -c  -fPIC -DPIC timer.c -o timer.lo
timer.c:126:36: warning: C++ style comments are not allowed in ISO C90 [enabled by default]
    return pTime / gFreq.u.LowPart; // assumes HighPart==0
                                    ^
timer.c:126:36: warning: (this will be reported only once per input file) [enabled by default]
/bin/sh ../libtool --mode=compile gcc -DHAVE_CONFIG_H -I. -I. -I. -I. -I./../fftw -I.    -O6 -fomit-frame-pointer -Wall -W -Wcast-qual -Wpointer-arith -Wcast-align -pedantic -fno-schedule-insns -fschedule-insns2 -malign-double -fstrict-aliasing -c config.c
gcc -DHAVE_CONFIG_H -I. -I. -I. -I. -I./../fftw -I. -O6 -fomit-frame-pointer -Wall -W -Wcast-qual -Wpointer-arith -Wcast-align -pedantic -fno-schedule-insns -fschedule-insns2 -malign-double -fstrict-aliasing -c  -fPIC -DPIC config.c -o config.lo
/bin/sh ../libtool --mode=compile gcc -DHAVE_CONFIG_H -I. -I. -I. -I. -I./../fftw -I.    -O6 -fomit-frame-pointer -Wall -W -Wcast-qual -Wpointer-arith -Wcast-align -pedantic -fno-schedule-insns -fschedule-insns2 -malign-double -fstrict-aliasing -c planner.c
gcc -DHAVE_CONFIG_H -I. -I. -I. -I. -I./../fftw -I. -O6 -fomit-frame-pointer -Wall -W -Wcast-qual -Wpointer-arith -Wcast-align -pedantic -fno-schedule-insns -fschedule-insns2 -malign-double -fstrict-aliasing -c  -fPIC -DPIC planner.c -o planner.lo
/bin/sh ../libtool --mode=compile gcc -DHAVE_CONFIG_H -I. -I. -I. -I. -I./../fftw -I.    -O6 -fomit-frame-pointer -Wall -W -Wcast-qual -Wpointer-arith -Wcast-align -pedantic -fno-schedule-insns -fschedule-insns2 -malign-double -fstrict-aliasing -c twiddle.c
gcc -DHAVE_CONFIG_H -I. -I. -I. -I. -I./../fftw -I. -O6 -fomit-frame-pointer -Wall -W -Wcast-qual -Wpointer-arith -Wcast-align -pedantic -fno-schedule-insns -fschedule-insns2 -malign-double -fstrict-aliasing -c  -fPIC -DPIC twiddle.c -o twiddle.lo
In file included from twiddle.c:32:0:
twiddle.c: In function 'fftw_compute_rader_twiddle':
./fftw-int.h:154:41: warning: ISO C90 does not support 'long long' [-Wlong-long]
 #  define MULMOD(x,y,p) ((int) ((((long long) (x)) * ((long long) (y))) \
                                         ^
twiddle.c:71:16: note: in expansion of macro 'MULMOD'
       gpower = MULMOD(gpower, g, r)) {
                ^
./fftw-int.h:154:61: warning: ISO C90 does not support 'long long' [-Wlong-long]
 #  define MULMOD(x,y,p) ((int) ((((long long) (x)) * ((long long) (y))) \
                                                             ^
twiddle.c:71:16: note: in expansion of macro 'MULMOD'
       gpower = MULMOD(gpower, g, r)) {
                ^
./fftw-int.h:155:14: warning: ISO C90 does not support 'long long' [-Wlong-long]
     % ((long long) (p))))
              ^
twiddle.c:71:16: note: in expansion of macro 'MULMOD'
       gpower = MULMOD(gpower, g, r)) {
                ^
/bin/sh ../libtool --mode=compile gcc -DHAVE_CONFIG_H -I. -I. -I. -I. -I./../fftw -I.    -O6 -fomit-frame-pointer -Wall -W -Wcast-qual -Wpointer-arith -Wcast-align -pedantic -fno-schedule-insns -fschedule-insns2 -malign-double -fstrict-aliasing -c executor.c
gcc -DHAVE_CONFIG_H -I. -I. -I. -I. -I./../fftw -I. -O6 -fomit-frame-pointer -Wall -W -Wcast-qual -Wpointer-arith -Wcast-align -pedantic -fno-schedule-insns -fschedule-insns2 -malign-double -fstrict-aliasing -c  -fPIC -DPIC executor.c -o executor.lo
executor.c: In function 'fftw_executor_simple':
executor.c:217:24: warning: unused parameter 'recurse_kind' [-Wunused-parameter]
      fftw_recurse_kind recurse_kind)
                        ^
/bin/sh ../libtool --mode=compile gcc -DHAVE_CONFIG_H -I. -I. -I. -I. -I./../fftw -I.    -O6 -fomit-frame-pointer -Wall -W -Wcast-qual -Wpointer-arith -Wcast-align -pedantic -fno-schedule-insns -fschedule-insns2 -malign-double -fstrict-aliasing -c generic.c
gcc -DHAVE_CONFIG_H -I. -I. -I. -I. -I./../fftw -I. -O6 -fomit-frame-pointer -Wall -W -Wcast-qual -Wpointer-arith -Wcast-align -pedantic -fno-schedule-insns -fschedule-insns2 -malign-double -fstrict-aliasing -c  -fPIC -DPIC generic.c -o generic.lo
/bin/sh ../libtool --mode=compile gcc -DHAVE_CONFIG_H -I. -I. -I. -I. -I./../fftw -I.    -O6 -fomit-frame-pointer -Wall -W -Wcast-qual -Wpointer-arith -Wcast-align -pedantic -fno-schedule-insns -fschedule-insns2 -malign-double -fstrict-aliasing -c fftwnd.c
gcc -DHAVE_CONFIG_H -I. -I. -I. -I. -I./../fftw -I. -O6 -fomit-frame-pointer -Wall -W -Wcast-qual -Wpointer-arith -Wcast-align -pedantic -fno-schedule-insns -fschedule-insns2 -malign-double -fstrict-aliasing -c  -fPIC -DPIC fftwnd.c -o fftwnd.lo
/bin/sh ../libtool --mode=compile gcc -DHAVE_CONFIG_H -I. -I. -I. -I. -I./../fftw -I.    -O6 -fomit-frame-pointer -Wall -W -Wcast-qual -Wpointer-arith -Wcast-align -pedantic -fno-schedule-insns -fschedule-insns2 -malign-double -fstrict-aliasing -c malloc.c
gcc -DHAVE_CONFIG_H -I. -I. -I. -I. -I./../fftw -I. -O6 -fomit-frame-pointer -Wall -W -Wcast-qual -Wpointer-arith -Wcast-align -pedantic -fno-schedule-insns -fschedule-insns2 -malign-double -fstrict-aliasing -c  -fPIC -DPIC malloc.c -o malloc.lo
/bin/sh ../libtool --mode=compile gcc -DHAVE_CONFIG_H -I. -I. -I. -I. -I./../fftw -I.    -O6 -fomit-frame-pointer -Wall -W -Wcast-qual -Wpointer-arith -Wcast-align -pedantic -fno-schedule-insns -fschedule-insns2 -malign-double -fstrict-aliasing -c wisdom.c
gcc -DHAVE_CONFIG_H -I. -I. -I. -I. -I./../fftw -I. -O6 -fomit-frame-pointer -Wall -W -Wcast-qual -Wpointer-arith -Wcast-align -pedantic -fno-schedule-insns -fschedule-insns2 -malign-double -fstrict-aliasing -c  -fPIC -DPIC wisdom.c -o wisdom.lo
/bin/sh ../libtool --mode=compile gcc -DHAVE_CONFIG_H -I. -I. -I. -I. -I./../fftw -I.    -O6 -fomit-frame-pointer -Wall -W -Wcast-qual -Wpointer-arith -Wcast-align -pedantic -fno-schedule-insns -fschedule-insns2 -malign-double -fstrict-aliasing -c wisdomio.c
gcc -DHAVE_CONFIG_H -I. -I. -I. -I. -I./../fftw -I. -O6 -fomit-frame-pointer -Wall -W -Wcast-qual -Wpointer-arith -Wcast-align -pedantic -fno-schedule-insns -fschedule-insns2 -malign-double -fstrict-aliasing -c  -fPIC -DPIC wisdomio.c -o wisdomio.lo
wisdomio.c: In function 'emission_counter':
wisdomio.c:52:35: warning: unused parameter 'c' [-Wunused-parameter]
 static void emission_counter(char c, void *data)
                                   ^
/bin/sh ../libtool --mode=compile gcc -DHAVE_CONFIG_H -I. -I. -I. -I. -I./../fftw -I.    -O6 -fomit-frame-pointer -Wall -W -Wcast-qual -Wpointer-arith -Wcast-align -pedantic -fno-schedule-insns -fschedule-insns2 -malign-double -fstrict-aliasing -c putils.c
gcc -DHAVE_CONFIG_H -I. -I. -I. -I. -I./../fftw -I. -O6 -fomit-frame-pointer -Wall -W -Wcast-qual -Wpointer-arith -Wcast-align -pedantic -fno-schedule-insns -fschedule-insns2 -malign-double -fstrict-aliasing -c  -fPIC -DPIC putils.c -o putils.lo
/bin/sh ../libtool --mode=compile gcc -DHAVE_CONFIG_H -I. -I. -I. -I. -I./../fftw -I.    -O6 -fomit-frame-pointer -Wall -W -Wcast-qual -Wpointer-arith -Wcast-align -pedantic -fno-schedule-insns -fschedule-insns2 -malign-double -fstrict-aliasing -c rader.c
gcc -DHAVE_CONFIG_H -I. -I. -I. -I. -I./../fftw -I. -O6 -fomit-frame-pointer -Wall -W -Wcast-qual -Wpointer-arith -Wcast-align -pedantic -fno-schedule-insns -fschedule-insns2 -malign-double -fstrict-aliasing -c  -fPIC -DPIC rader.c -o rader.lo
In file included from rader.c:29:0:
rader.c: In function 'power_mod':
./fftw-int.h:154:41: warning: ISO C90 does not support 'long long' [-Wlong-long]
 #  define MULMOD(x,y,p) ((int) ((((long long) (x)) * ((long long) (y))) \
                                         ^
rader.c:49:11: note: in expansion of macro 'MULMOD'
    return MULMOD(x, x, p);
           ^
./fftw-int.h:154:61: warning: ISO C90 does not support 'long long' [-Wlong-long]
 #  define MULMOD(x,y,p) ((int) ((((long long) (x)) * ((long long) (y))) \
                                                             ^
rader.c:49:11: note: in expansion of macro 'MULMOD'
    return MULMOD(x, x, p);
           ^
./fftw-int.h:155:14: warning: ISO C90 does not support 'long long' [-Wlong-long]
     % ((long long) (p))))
              ^
rader.c:49:11: note: in expansion of macro 'MULMOD'
    return MULMOD(x, x, p);
           ^
./fftw-int.h:154:41: warning: ISO C90 does not support 'long long' [-Wlong-long]
 #  define MULMOD(x,y,p) ((int) ((((long long) (x)) * ((long long) (y))) \
                                         ^
rader.c:52:11: note: in expansion of macro 'MULMOD'
    return MULMOD(n, power_mod(n, m - 1, p), p);
           ^
./fftw-int.h:154:61: warning: ISO C90 does not support 'long long' [-Wlong-long]
 #  define MULMOD(x,y,p) ((int) ((((long long) (x)) * ((long long) (y))) \
                                                             ^
rader.c:52:11: note: in expansion of macro 'MULMOD'
    return MULMOD(n, power_mod(n, m - 1, p), p);
           ^
./fftw-int.h:155:14: warning: ISO C90 does not support 'long long' [-Wlong-long]
     % ((long long) (p))))
              ^
rader.c:52:11: note: in expansion of macro 'MULMOD'
    return MULMOD(n, power_mod(n, m - 1, p), p);
           ^
rader.c: In function 'period':
./fftw-int.h:154:41: warning: ISO C90 does not support 'long long' [-Wlong-long]
 #  define MULMOD(x,y,p) ((int) ((((long long) (x)) * ((long long) (y))) \
                                         ^
rader.c:64:11: note: in expansion of macro 'MULMOD'
    prod = MULMOD(prod, n, p);
           ^
./fftw-int.h:154:61: warning: ISO C90 does not support 'long long' [-Wlong-long]
 #  define MULMOD(x,y,p) ((int) ((((long long) (x)) * ((long long) (y))) \
                                                             ^
rader.c:64:11: note: in expansion of macro 'MULMOD'
    prod = MULMOD(prod, n, p);
           ^
./fftw-int.h:155:14: warning: ISO C90 does not support 'long long' [-Wlong-long]
     % ((long long) (p))))
              ^
rader.c:64:11: note: in expansion of macro 'MULMOD'
    prod = MULMOD(prod, n, p);
           ^
rader.c: In function 'create_rader_aux':
./fftw-int.h:154:41: warning: ISO C90 does not support 'long long' [-Wlong-long]
 #  define MULMOD(x,y,p) ((int) ((((long long) (x)) * ((long long) (y))) \
                                         ^
rader.c:120:13: note: in expansion of macro 'MULMOD'
    gpower = MULMOD(gpower, ginv, p);
             ^
./fftw-int.h:154:61: warning: ISO C90 does not support 'long long' [-Wlong-long]
 #  define MULMOD(x,y,p) ((int) ((((long long) (x)) * ((long long) (y))) \
                                                             ^
rader.c:120:13: note: in expansion of macro 'MULMOD'
    gpower = MULMOD(gpower, ginv, p);
             ^
./fftw-int.h:155:14: warning: ISO C90 does not support 'long long' [-Wlong-long]
     % ((long long) (p))))
              ^
rader.c:120:13: note: in expansion of macro 'MULMOD'
    gpower = MULMOD(gpower, ginv, p);
             ^
rader.c: In function 'fftw_twiddle_rader':
./fftw-int.h:154:41: warning: ISO C90 does not support 'long long' [-Wlong-long]
 #  define MULMOD(x,y,p) ((int) ((((long long) (x)) * ((long long) (y))) \
                                         ^
rader.c:195:41: note: in expansion of macro 'MULMOD'
    for (k = 0; k < r - 1; ++k, gpower = MULMOD(gpower, g, r)) {
                                         ^
./fftw-int.h:154:61: warning: ISO C90 does not support 'long long' [-Wlong-long]
 #  define MULMOD(x,y,p) ((int) ((((long long) (x)) * ((long long) (y))) \
                                                             ^
rader.c:195:41: note: in expansion of macro 'MULMOD'
    for (k = 0; k < r - 1; ++k, gpower = MULMOD(gpower, g, r)) {
                                         ^
./fftw-int.h:155:14: warning: ISO C90 does not support 'long long' [-Wlong-long]
     % ((long long) (p))))
              ^
rader.c:195:41: note: in expansion of macro 'MULMOD'
    for (k = 0; k < r - 1; ++k, gpower = MULMOD(gpower, g, r)) {
                                         ^
./fftw-int.h:154:41: warning: ISO C90 does not support 'long long' [-Wlong-long]
 #  define MULMOD(x,y,p) ((int) ((((long long) (x)) * ((long long) (y))) \
                                         ^
rader.c:243:41: note: in expansion of macro 'MULMOD'
    for (k = 0; k < r - 1; ++k, gpower = MULMOD(gpower, ginv, r)) {
                                         ^
./fftw-int.h:154:61: warning: ISO C90 does not support 'long long' [-Wlong-long]
 #  define MULMOD(x,y,p) ((int) ((((long long) (x)) * ((long long) (y))) \
                                                             ^
rader.c:243:41: note: in expansion of macro 'MULMOD'
    for (k = 0; k < r - 1; ++k, gpower = MULMOD(gpower, ginv, r)) {
                                         ^
./fftw-int.h:155:14: warning: ISO C90 does not support 'long long' [-Wlong-long]
     % ((long long) (p))))
              ^
rader.c:243:41: note: in expansion of macro 'MULMOD'
    for (k = 0; k < r - 1; ++k, gpower = MULMOD(gpower, ginv, r)) {
                                         ^
rader.c: In function 'fftwi_twiddle_rader':
./fftw-int.h:154:41: warning: ISO C90 does not support 'long long' [-Wlong-long]
 #  define MULMOD(x,y,p) ((int) ((((long long) (x)) * ((long long) (y))) \
                                         ^
rader.c:278:41: note: in expansion of macro 'MULMOD'
    for (k = 0; k < r - 1; ++k, gpower = MULMOD(gpower, g, r)) {
                                         ^
./fftw-int.h:154:61: warning: ISO C90 does not support 'long long' [-Wlong-long]
 #  define MULMOD(x,y,p) ((int) ((((long long) (x)) * ((long long) (y))) \
                                                             ^
rader.c:278:41: note: in expansion of macro 'MULMOD'
    for (k = 0; k < r - 1; ++k, gpower = MULMOD(gpower, g, r)) {
                                         ^
./fftw-int.h:155:14: warning: ISO C90 does not support 'long long' [-Wlong-long]
     % ((long long) (p))))
              ^
rader.c:278:41: note: in expansion of macro 'MULMOD'
    for (k = 0; k < r - 1; ++k, gpower = MULMOD(gpower, g, r)) {
                                         ^
./fftw-int.h:154:41: warning: ISO C90 does not support 'long long' [-Wlong-long]
 #  define MULMOD(x,y,p) ((int) ((((long long) (x)) * ((long long) (y))) \
                                         ^
rader.c:326:41: note: in expansion of macro 'MULMOD'
    for (k = 0; k < r - 1; ++k, gpower = MULMOD(gpower, ginv, r)) {
                                         ^
./fftw-int.h:154:61: warning: ISO C90 does not support 'long long' [-Wlong-long]
 #  define MULMOD(x,y,p) ((int) ((((long long) (x)) * ((long long) (y))) \
                                                             ^
rader.c:326:41: note: in expansion of macro 'MULMOD'
    for (k = 0; k < r - 1; ++k, gpower = MULMOD(gpower, ginv, r)) {
                                         ^
./fftw-int.h:155:14: warning: ISO C90 does not support 'long long' [-Wlong-long]
     % ((long long) (p))))
              ^
rader.c:326:41: note: in expansion of macro 'MULMOD'
    for (k = 0; k < r - 1; ++k, gpower = MULMOD(gpower, ginv, r)) {
                                         ^
/bin/sh ../libtool --mode=compile gcc -DHAVE_CONFIG_H -I. -I. -I. -I. -I./../fftw -I.    -O6 -fomit-frame-pointer -Wall -W -Wcast-qual -Wpointer-arith -Wcast-align -pedantic -fno-schedule-insns -fschedule-insns2 -malign-double -fstrict-aliasing -c fftwf77.c
gcc -DHAVE_CONFIG_H -I. -I. -I. -I. -I./../fftw -I. -O6 -fomit-frame-pointer -Wall -W -Wcast-qual -Wpointer-arith -Wcast-align -pedantic -fno-schedule-insns -fschedule-insns2 -malign-double -fstrict-aliasing -c  -fPIC -DPIC fftwf77.c -o fftwf77.lo
/bin/sh ../libtool --mode=link gcc  -O6 -fomit-frame-pointer -Wall -W -Wcast-qual -Wpointer-arith -Wcast-align -pedantic -fno-schedule-insns -fschedule-insns2 -malign-double -fstrict-aliasing  -o libfftw.la -rpath /home/ualusr2011/ual1220/ual1/tools/lib/linux -version-info 2:5:0 fn_1.lo fn_2.lo fn_3.lo fn_4.lo fn_5.lo fn_6.lo fn_7.lo fn_8.lo fn_9.lo fn_10.lo fn_11.lo fn_12.lo fn_13.lo fn_14.lo fn_15.lo fn_16.lo fn_32.lo fn_64.lo ftw_2.lo ftw_3.lo ftw_4.lo ftw_5.lo ftw_6.lo ftw_7.lo ftw_8.lo ftw_9.lo ftw_10.lo ftw_16.lo ftw_32.lo ftw_64.lo fni_1.lo fni_2.lo fni_3.lo fni_4.lo fni_5.lo fni_6.lo fni_7.lo fni_8.lo fni_9.lo fni_10.lo fni_11.lo fni_12.lo fni_13.lo fni_14.lo fni_15.lo fni_16.lo fni_32.lo fni_64.lo ftwi_2.lo ftwi_3.lo ftwi_4.lo ftwi_5.lo ftwi_6.lo ftwi_7.lo ftwi_8.lo ftwi_9.lo ftwi_10.lo ftwi_16.lo ftwi_32.lo ftwi_64.lo timer.lo config.lo planner.lo twiddle.lo executor.lo generic.lo fftwnd.lo malloc.lo wisdom.lo wisdomio.lo putils.lo rader.lo fftwf77.lo  -lm 
mkdir .libs

*** Warning: This library needs some functionality provided by -lm.
*** I have the capability to make that library automatically link in when
*** you link to this library.  But I can only do this if you have a
*** shared version of the library, which you do not appear to have.

*** Warning: This library needs some functionality provided by -lc.
*** I have the capability to make that library automatically link in when
*** you link to this library.  But I can only do this if you have a
*** shared version of the library, which you do not appear to have.
*** The inter-library dependencies that have been dropped here will be
*** automatically added whenever a program is linked with this library
*** or is declared to -dlopen it.
ln -s fn_1.lo fn_1.o
ln -s fn_2.lo fn_2.o
ln -s fn_3.lo fn_3.o
ln -s fn_4.lo fn_4.o
ln -s fn_5.lo fn_5.o
ln -s fn_6.lo fn_6.o
ln -s fn_7.lo fn_7.o
ln -s fn_8.lo fn_8.o
ln -s fn_9.lo fn_9.o
ln -s fn_10.lo fn_10.o
ln -s fn_11.lo fn_11.o
ln -s fn_12.lo fn_12.o
ln -s fn_13.lo fn_13.o
ln -s fn_14.lo fn_14.o
ln -s fn_15.lo fn_15.o
ln -s fn_16.lo fn_16.o
ln -s fn_32.lo fn_32.o
ln -s fn_64.lo fn_64.o
ln -s ftw_2.lo ftw_2.o
ln -s ftw_3.lo ftw_3.o
ln -s ftw_4.lo ftw_4.o
ln -s ftw_5.lo ftw_5.o
ln -s ftw_6.lo ftw_6.o
ln -s ftw_7.lo ftw_7.o
ln -s ftw_8.lo ftw_8.o
ln -s ftw_9.lo ftw_9.o
ln -s ftw_10.lo ftw_10.o
ln -s ftw_16.lo ftw_16.o
ln -s ftw_32.lo ftw_32.o
ln -s ftw_64.lo ftw_64.o
ln -s fni_1.lo fni_1.o
ln -s fni_2.lo fni_2.o
ln -s fni_3.lo fni_3.o
ln -s fni_4.lo fni_4.o
ln -s fni_5.lo fni_5.o
ln -s fni_6.lo fni_6.o
ln -s fni_7.lo fni_7.o
ln -s fni_8.lo fni_8.o
ln -s fni_9.lo fni_9.o
ln -s fni_10.lo fni_10.o
ln -s fni_11.lo fni_11.o
ln -s fni_12.lo fni_12.o
ln -s fni_13.lo fni_13.o
ln -s fni_14.lo fni_14.o
ln -s fni_15.lo fni_15.o
ln -s fni_16.lo fni_16.o
ln -s fni_32.lo fni_32.o
ln -s fni_64.lo fni_64.o
ln -s ftwi_2.lo ftwi_2.o
ln -s ftwi_3.lo ftwi_3.o
ln -s ftwi_4.lo ftwi_4.o
ln -s ftwi_5.lo ftwi_5.o
ln -s ftwi_6.lo ftwi_6.o
ln -s ftwi_7.lo ftwi_7.o
ln -s ftwi_8.lo ftwi_8.o
ln -s ftwi_9.lo ftwi_9.o
ln -s ftwi_10.lo ftwi_10.o
ln -s ftwi_16.lo ftwi_16.o
ln -s ftwi_32.lo ftwi_32.o
ln -s ftwi_64.lo ftwi_64.o
ln -s timer.lo timer.o
ln -s config.lo config.o
ln -s planner.lo planner.o
ln -s twiddle.lo twiddle.o
ln -s executor.lo executor.o
ln -s generic.lo generic.o
ln -s fftwnd.lo fftwnd.o
ln -s malloc.lo malloc.o
ln -s wisdom.lo wisdom.o
ln -s wisdomio.lo wisdomio.o
ln -s putils.lo putils.o
ln -s rader.lo rader.o
ln -s fftwf77.lo fftwf77.o
gcc -shared  fn_1.lo fn_2.lo fn_3.lo fn_4.lo fn_5.lo fn_6.lo fn_7.lo fn_8.lo fn_9.lo fn_10.lo fn_11.lo fn_12.lo fn_13.lo fn_14.lo fn_15.lo fn_16.lo fn_32.lo fn_64.lo ftw_2.lo ftw_3.lo ftw_4.lo ftw_5.lo ftw_6.lo ftw_7.lo ftw_8.lo ftw_9.lo ftw_10.lo ftw_16.lo ftw_32.lo ftw_64.lo fni_1.lo fni_2.lo fni_3.lo fni_4.lo fni_5.lo fni_6.lo fni_7.lo fni_8.lo fni_9.lo fni_10.lo fni_11.lo fni_12.lo fni_13.lo fni_14.lo fni_15.lo fni_16.lo fni_32.lo fni_64.lo ftwi_2.lo ftwi_3.lo ftwi_4.lo ftwi_5.lo ftwi_6.lo ftwi_7.lo ftwi_8.lo ftwi_9.lo ftwi_10.lo ftwi_16.lo ftwi_32.lo ftwi_64.lo timer.lo config.lo planner.lo twiddle.lo executor.lo generic.lo fftwnd.lo malloc.lo wisdom.lo wisdomio.lo putils.lo rader.lo fftwf77.lo   -Wl,-soname -Wl,libfftw.so.2 -o .libs/libfftw.so.2.0.5
(cd .libs && rm -f libfftw.so.2 && ln -s libfftw.so.2.0.5 libfftw.so.2)
(cd .libs && rm -f libfftw.so && ln -s libfftw.so.2.0.5 libfftw.so)
creating libfftw.la
(cd .libs && rm -f libfftw.la && ln -s ../libfftw.la libfftw.la)
make[4]: Leaving directory `/home/ualusr2011/ual1220/ual1/tools/tars/fftw-2.1.3.nm/fftw'
Making all in rfftw
make[4]: Entering directory `/home/ualusr2011/ual1220/ual1/tools/tars/fftw-2.1.3.nm/rfftw'
/bin/sh ../libtool --mode=compile gcc -DHAVE_CONFIG_H -I. -I. -I../fftw -I../fftw -I./../fftw -I.    -O6 -fomit-frame-pointer -Wall -W -Wcast-qual -Wpointer-arith -Wcast-align -pedantic -fno-schedule-insns -fschedule-insns2 -malign-double -fstrict-aliasing -c frc_1.c
gcc -DHAVE_CONFIG_H -I. -I. -I../fftw -I../fftw -I./../fftw -I. -O6 -fomit-frame-pointer -Wall -W -Wcast-qual -Wpointer-arith -Wcast-align -pedantic -fno-schedule-insns -fschedule-insns2 -malign-double -fstrict-aliasing -c  -fPIC -DPIC frc_1.c -o frc_1.lo
frc_1.c: In function 'fftw_real2hc_1':
frc_1.c:41:80: warning: unused parameter 'imag_output' [-Wunused-parameter]
 void fftw_real2hc_1(const fftw_real *input, fftw_real *real_output, fftw_real *imag_output, int istride, int real_ostride, int imag_ostride)
                                                                                ^
frc_1.c:41:97: warning: unused parameter 'istride' [-Wunused-parameter]
 void fftw_real2hc_1(const fftw_real *input, fftw_real *real_output, fftw_real *imag_output, int istride, int real_ostride, int imag_ostride)
                                                                                                 ^
frc_1.c:41:110: warning: unused parameter 'real_ostride' [-Wunused-parameter]
 void fftw_real2hc_1(const fftw_real *input, fftw_real *real_output, fftw_real *imag_output, int istride, int real_ostride, int imag_ostride)
                                                                                                              ^
frc_1.c:41:128: warning: unused parameter 'imag_ostride' [-Wunused-parameter]
 void fftw_real2hc_1(const fftw_real *input, fftw_real *real_output, fftw_real *imag_output, int istride, int real_ostride, int imag_ostride)
                                                                                                                                ^
/bin/sh ../libtool --mode=compile gcc -DHAVE_CONFIG_H -I. -I. -I../fftw -I../fftw -I./../fftw -I.    -O6 -fomit-frame-pointer -Wall -W -Wcast-qual -Wpointer-arith -Wcast-align -pedantic -fno-schedule-insns -fschedule-insns2 -malign-double -fstrict-aliasing -c frc_2.c
gcc -DHAVE_CONFIG_H -I. -I. -I../fftw -I../fftw -I./../fftw -I. -O6 -fomit-frame-pointer -Wall -W -Wcast-qual -Wpointer-arith -Wcast-align -pedantic -fno-schedule-insns -fschedule-insns2 -malign-double -fstrict-aliasing -c  -fPIC -DPIC frc_2.c -o frc_2.lo
frc_2.c: In function 'fftw_real2hc_2':
frc_2.c:41:80: warning: unused parameter 'imag_output' [-Wunused-parameter]
 void fftw_real2hc_2(const fftw_real *input, fftw_real *real_output, fftw_real *imag_output, int istride, int real_ostride, int imag_ostride)
                                                                                ^
frc_2.c:41:128: warning: unused parameter 'imag_ostride' [-Wunused-parameter]
 void fftw_real2hc_2(const fftw_real *input, fftw_real *real_output, fftw_real *imag_output, int istride, int real_ostride, int imag_ostride)
                                                                                                                                ^
/bin/sh ../libtool --mode=compile gcc -DHAVE_CONFIG_H -I. -I. -I../fftw -I../fftw -I./../fftw -I.    -O6 -fomit-frame-pointer -Wall -W -Wcast-qual -Wpointer-arith -Wcast-align -pedantic -fno-schedule-insns -fschedule-insns2 -malign-double -fstrict-aliasing -c frc_3.c
gcc -DHAVE_CONFIG_H -I. -I. -I../fftw -I../fftw -I./../fftw -I. -O6 -fomit-frame-pointer -Wall -W -Wcast-qual -Wpointer-arith -Wcast-align -pedantic -fno-schedule-insns -fschedule-insns2 -malign-double -fstrict-aliasing -c  -fPIC -DPIC frc_3.c -o frc_3.lo
/bin/sh ../libtool --mode=compile gcc -DHAVE_CONFIG_H -I. -I. -I../fftw -I../fftw -I./../fftw -I.    -O6 -fomit-frame-pointer -Wall -W -Wcast-qual -Wpointer-arith -Wcast-align -pedantic -fno-schedule-insns -fschedule-insns2 -malign-double -fstrict-aliasing -c frc_4.c
gcc -DHAVE_CONFIG_H -I. -I. -I../fftw -I../fftw -I./../fftw -I. -O6 -fomit-frame-pointer -Wall -W -Wcast-qual -Wpointer-arith -Wcast-align -pedantic -fno-schedule-insns -fschedule-insns2 -malign-double -fstrict-aliasing -c  -fPIC -DPIC frc_4.c -o frc_4.lo
/bin/sh ../libtool --mode=compile gcc -DHAVE_CONFIG_H -I. -I. -I../fftw -I../fftw -I./../fftw -I.    -O6 -fomit-frame-pointer -Wall -W -Wcast-qual -Wpointer-arith -Wcast-align -pedantic -fno-schedule-insns -fschedule-insns2 -malign-double -fstrict-aliasing -c frc_5.c
gcc -DHAVE_CONFIG_H -I. -I. -I../fftw -I../fftw -I./../fftw -I. -O6 -fomit-frame-pointer -Wall -W -Wcast-qual -Wpointer-arith -Wcast-align -pedantic -fno-schedule-insns -fschedule-insns2 -malign-double -fstrict-aliasing -c  -fPIC -DPIC frc_5.c -o frc_5.lo
/bin/sh ../libtool --mode=compile gcc -DHAVE_CONFIG_H -I. -I. -I../fftw -I../fftw -I./../fftw -I.    -O6 -fomit-frame-pointer -Wall -W -Wcast-qual -Wpointer-arith -Wcast-align -pedantic -fno-schedule-insns -fschedule-insns2 -malign-double -fstrict-aliasing -c frc_6.c
gcc -DHAVE_CONFIG_H -I. -I. -I../fftw -I../fftw -I./../fftw -I. -O6 -fomit-frame-pointer -Wall -W -Wcast-qual -Wpointer-arith -Wcast-align -pedantic -fno-schedule-insns -fschedule-insns2 -malign-double -fstrict-aliasing -c  -fPIC -DPIC frc_6.c -o frc_6.lo
/bin/sh ../libtool --mode=compile gcc -DHAVE_CONFIG_H -I. -I. -I../fftw -I../fftw -I./../fftw -I.    -O6 -fomit-frame-pointer -Wall -W -Wcast-qual -Wpointer-arith -Wcast-align -pedantic -fno-schedule-insns -fschedule-insns2 -malign-double -fstrict-aliasing -c frc_7.c
gcc -DHAVE_CONFIG_H -I. -I. -I../fftw -I../fftw -I./../fftw -I. -O6 -fomit-frame-pointer -Wall -W -Wcast-qual -Wpointer-arith -Wcast-align -pedantic -fno-schedule-insns -fschedule-insns2 -malign-double -fstrict-aliasing -c  -fPIC -DPIC frc_7.c -o frc_7.lo
/bin/sh ../libtool --mode=compile gcc -DHAVE_CONFIG_H -I. -I. -I../fftw -I../fftw -I./../fftw -I.    -O6 -fomit-frame-pointer -Wall -W -Wcast-qual -Wpointer-arith -Wcast-align -pedantic -fno-schedule-insns -fschedule-insns2 -malign-double -fstrict-aliasing -c frc_8.c
gcc -DHAVE_CONFIG_H -I. -I. -I../fftw -I../fftw -I./../fftw -I. -O6 -fomit-frame-pointer -Wall -W -Wcast-qual -Wpointer-arith -Wcast-align -pedantic -fno-schedule-insns -fschedule-insns2 -malign-double -fstrict-aliasing -c  -fPIC -DPIC frc_8.c -o frc_8.lo
/bin/sh ../libtool --mode=compile gcc -DHAVE_CONFIG_H -I. -I. -I../fftw -I../fftw -I./../fftw -I.    -O6 -fomit-frame-pointer -Wall -W -Wcast-qual -Wpointer-arith -Wcast-align -pedantic -fno-schedule-insns -fschedule-insns2 -malign-double -fstrict-aliasing -c frc_9.c
gcc -DHAVE_CONFIG_H -I. -I. -I../fftw -I../fftw -I./../fftw -I. -O6 -fomit-frame-pointer -Wall -W -Wcast-qual -Wpointer-arith -Wcast-align -pedantic -fno-schedule-insns -fschedule-insns2 -malign-double -fstrict-aliasing -c  -fPIC -DPIC frc_9.c -o frc_9.lo
/bin/sh ../libtool --mode=compile gcc -DHAVE_CONFIG_H -I. -I. -I../fftw -I../fftw -I./../fftw -I.    -O6 -fomit-frame-pointer -Wall -W -Wcast-qual -Wpointer-arith -Wcast-align -pedantic -fno-schedule-insns -fschedule-insns2 -malign-double -fstrict-aliasing -c frc_10.c
gcc -DHAVE_CONFIG_H -I. -I. -I../fftw -I../fftw -I./../fftw -I. -O6 -fomit-frame-pointer -Wall -W -Wcast-qual -Wpointer-arith -Wcast-align -pedantic -fno-schedule-insns -fschedule-insns2 -malign-double -fstrict-aliasing -c  -fPIC -DPIC frc_10.c -o frc_10.lo
/bin/sh ../libtool --mode=compile gcc -DHAVE_CONFIG_H -I. -I. -I../fftw -I../fftw -I./../fftw -I.    -O6 -fomit-frame-pointer -Wall -W -Wcast-qual -Wpointer-arith -Wcast-align -pedantic -fno-schedule-insns -fschedule-insns2 -malign-double -fstrict-aliasing -c frc_11.c
gcc -DHAVE_CONFIG_H -I. -I. -I../fftw -I../fftw -I./../fftw -I. -O6 -fomit-frame-pointer -Wall -W -Wcast-qual -Wpointer-arith -Wcast-align -pedantic -fno-schedule-insns -fschedule-insns2 -malign-double -fstrict-aliasing -c  -fPIC -DPIC frc_11.c -o frc_11.lo
/bin/sh ../libtool --mode=compile gcc -DHAVE_CONFIG_H -I. -I. -I../fftw -I../fftw -I./../fftw -I.    -O6 -fomit-frame-pointer -Wall -W -Wcast-qual -Wpointer-arith -Wcast-align -pedantic -fno-schedule-insns -fschedule-insns2 -malign-double -fstrict-aliasing -c frc_12.c
gcc -DHAVE_CONFIG_H -I. -I. -I../fftw -I../fftw -I./../fftw -I. -O6 -fomit-frame-pointer -Wall -W -Wcast-qual -Wpointer-arith -Wcast-align -pedantic -fno-schedule-insns -fschedule-insns2 -malign-double -fstrict-aliasing -c  -fPIC -DPIC frc_12.c -o frc_12.lo
/bin/sh ../libtool --mode=compile gcc -DHAVE_CONFIG_H -I. -I. -I../fftw -I../fftw -I./../fftw -I.    -O6 -fomit-frame-pointer -Wall -W -Wcast-qual -Wpointer-arith -Wcast-align -pedantic -fno-schedule-insns -fschedule-insns2 -malign-double -fstrict-aliasing -c frc_13.c
gcc -DHAVE_CONFIG_H -I. -I. -I../fftw -I../fftw -I./../fftw -I. -O6 -fomit-frame-pointer -Wall -W -Wcast-qual -Wpointer-arith -Wcast-align -pedantic -fno-schedule-insns -fschedule-insns2 -malign-double -fstrict-aliasing -c  -fPIC -DPIC frc_13.c -o frc_13.lo
/bin/sh ../libtool --mode=compile gcc -DHAVE_CONFIG_H -I. -I. -I../fftw -I../fftw -I./../fftw -I.    -O6 -fomit-frame-pointer -Wall -W -Wcast-qual -Wpointer-arith -Wcast-align -pedantic -fno-schedule-insns -fschedule-insns2 -malign-double -fstrict-aliasing -c frc_14.c
gcc -DHAVE_CONFIG_H -I. -I. -I../fftw -I../fftw -I./../fftw -I. -O6 -fomit-frame-pointer -Wall -W -Wcast-qual -Wpointer-arith -Wcast-align -pedantic -fno-schedule-insns -fschedule-insns2 -malign-double -fstrict-aliasing -c  -fPIC -DPIC frc_14.c -o frc_14.lo
/bin/sh ../libtool --mode=compile gcc -DHAVE_CONFIG_H -I. -I. -I../fftw -I../fftw -I./../fftw -I.    -O6 -fomit-frame-pointer -Wall -W -Wcast-qual -Wpointer-arith -Wcast-align -pedantic -fno-schedule-insns -fschedule-insns2 -malign-double -fstrict-aliasing -c frc_15.c
gcc -DHAVE_CONFIG_H -I. -I. -I../fftw -I../fftw -I./../fftw -I. -O6 -fomit-frame-pointer -Wall -W -Wcast-qual -Wpointer-arith -Wcast-align -pedantic -fno-schedule-insns -fschedule-insns2 -malign-double -fstrict-aliasing -c  -fPIC -DPIC frc_15.c -o frc_15.lo
/bin/sh ../libtool --mode=compile gcc -DHAVE_CONFIG_H -I. -I. -I../fftw -I../fftw -I./../fftw -I.    -O6 -fomit-frame-pointer -Wall -W -Wcast-qual -Wpointer-arith -Wcast-align -pedantic -fno-schedule-insns -fschedule-insns2 -malign-double -fstrict-aliasing -c frc_16.c
gcc -DHAVE_CONFIG_H -I. -I. -I../fftw -I../fftw -I./../fftw -I. -O6 -fomit-frame-pointer -Wall -W -Wcast-qual -Wpointer-arith -Wcast-align -pedantic -fno-schedule-insns -fschedule-insns2 -malign-double -fstrict-aliasing -c  -fPIC -DPIC frc_16.c -o frc_16.lo
/bin/sh ../libtool --mode=compile gcc -DHAVE_CONFIG_H -I. -I. -I../fftw -I../fftw -I./../fftw -I.    -O6 -fomit-frame-pointer -Wall -W -Wcast-qual -Wpointer-arith -Wcast-align -pedantic -fno-schedule-insns -fschedule-insns2 -malign-double -fstrict-aliasing -c frc_32.c
gcc -DHAVE_CONFIG_H -I. -I. -I../fftw -I../fftw -I./../fftw -I. -O6 -fomit-frame-pointer -Wall -W -Wcast-qual -Wpointer-arith -Wcast-align -pedantic -fno-schedule-insns -fschedule-insns2 -malign-double -fstrict-aliasing -c  -fPIC -DPIC frc_32.c -o frc_32.lo
/bin/sh ../libtool --mode=compile gcc -DHAVE_CONFIG_H -I. -I. -I../fftw -I../fftw -I./../fftw -I.    -O6 -fomit-frame-pointer -Wall -W -Wcast-qual -Wpointer-arith -Wcast-align -pedantic -fno-schedule-insns -fschedule-insns2 -malign-double -fstrict-aliasing -c frc_64.c
gcc -DHAVE_CONFIG_H -I. -I. -I../fftw -I../fftw -I./../fftw -I. -O6 -fomit-frame-pointer -Wall -W -Wcast-qual -Wpointer-arith -Wcast-align -pedantic -fno-schedule-insns -fschedule-insns2 -malign-double -fstrict-aliasing -c  -fPIC -DPIC frc_64.c -o frc_64.lo
/bin/sh ../libtool --mode=compile gcc -DHAVE_CONFIG_H -I. -I. -I../fftw -I../fftw -I./../fftw -I.    -O6 -fomit-frame-pointer -Wall -W -Wcast-qual -Wpointer-arith -Wcast-align -pedantic -fno-schedule-insns -fschedule-insns2 -malign-double -fstrict-aliasing -c frc_128.c
gcc -DHAVE_CONFIG_H -I. -I. -I../fftw -I../fftw -I./../fftw -I. -O6 -fomit-frame-pointer -Wall -W -Wcast-qual -Wpointer-arith -Wcast-align -pedantic -fno-schedule-insns -fschedule-insns2 -malign-double -fstrict-aliasing -c  -fPIC -DPIC frc_128.c -o frc_128.lo
/bin/sh ../libtool --mode=compile gcc -DHAVE_CONFIG_H -I. -I. -I../fftw -I../fftw -I./../fftw -I.    -O6 -fomit-frame-pointer -Wall -W -Wcast-qual -Wpointer-arith -Wcast-align -pedantic -fno-schedule-insns -fschedule-insns2 -malign-double -fstrict-aliasing -c fhf_2.c
gcc -DHAVE_CONFIG_H -I. -I. -I../fftw -I../fftw -I./../fftw -I. -O6 -fomit-frame-pointer -Wall -W -Wcast-qual -Wpointer-arith -Wcast-align -pedantic -fno-schedule-insns -fschedule-insns2 -malign-double -fstrict-aliasing -c  -fPIC -DPIC fhf_2.c -o fhf_2.lo
/bin/sh ../libtool --mode=compile gcc -DHAVE_CONFIG_H -I. -I. -I../fftw -I../fftw -I./../fftw -I.    -O6 -fomit-frame-pointer -Wall -W -Wcast-qual -Wpointer-arith -Wcast-align -pedantic -fno-schedule-insns -fschedule-insns2 -malign-double -fstrict-aliasing -c fhf_3.c
gcc -DHAVE_CONFIG_H -I. -I. -I../fftw -I../fftw -I./../fftw -I. -O6 -fomit-frame-pointer -Wall -W -Wcast-qual -Wpointer-arith -Wcast-align -pedantic -fno-schedule-insns -fschedule-insns2 -malign-double -fstrict-aliasing -c  -fPIC -DPIC fhf_3.c -o fhf_3.lo
/bin/sh ../libtool --mode=compile gcc -DHAVE_CONFIG_H -I. -I. -I../fftw -I../fftw -I./../fftw -I.    -O6 -fomit-frame-pointer -Wall -W -Wcast-qual -Wpointer-arith -Wcast-align -pedantic -fno-schedule-insns -fschedule-insns2 -malign-double -fstrict-aliasing -c fhf_4.c
gcc -DHAVE_CONFIG_H -I. -I. -I../fftw -I../fftw -I./../fftw -I. -O6 -fomit-frame-pointer -Wall -W -Wcast-qual -Wpointer-arith -Wcast-align -pedantic -fno-schedule-insns -fschedule-insns2 -malign-double -fstrict-aliasing -c  -fPIC -DPIC fhf_4.c -o fhf_4.lo
/bin/sh ../libtool --mode=compile gcc -DHAVE_CONFIG_H -I. -I. -I../fftw -I../fftw -I./../fftw -I.    -O6 -fomit-frame-pointer -Wall -W -Wcast-qual -Wpointer-arith -Wcast-align -pedantic -fno-schedule-insns -fschedule-insns2 -malign-double -fstrict-aliasing -c fhf_5.c
gcc -DHAVE_CONFIG_H -I. -I. -I../fftw -I../fftw -I./../fftw -I. -O6 -fomit-frame-pointer -Wall -W -Wcast-qual -Wpointer-arith -Wcast-align -pedantic -fno-schedule-insns -fschedule-insns2 -malign-double -fstrict-aliasing -c  -fPIC -DPIC fhf_5.c -o fhf_5.lo
/bin/sh ../libtool --mode=compile gcc -DHAVE_CONFIG_H -I. -I. -I../fftw -I../fftw -I./../fftw -I.    -O6 -fomit-frame-pointer -Wall -W -Wcast-qual -Wpointer-arith -Wcast-align -pedantic -fno-schedule-insns -fschedule-insns2 -malign-double -fstrict-aliasing -c fhf_6.c
gcc -DHAVE_CONFIG_H -I. -I. -I../fftw -I../fftw -I./../fftw -I. -O6 -fomit-frame-pointer -Wall -W -Wcast-qual -Wpointer-arith -Wcast-align -pedantic -fno-schedule-insns -fschedule-insns2 -malign-double -fstrict-aliasing -c  -fPIC -DPIC fhf_6.c -o fhf_6.lo
/bin/sh ../libtool --mode=compile gcc -DHAVE_CONFIG_H -I. -I. -I../fftw -I../fftw -I./../fftw -I.    -O6 -fomit-frame-pointer -Wall -W -Wcast-qual -Wpointer-arith -Wcast-align -pedantic -fno-schedule-insns -fschedule-insns2 -malign-double -fstrict-aliasing -c fhf_7.c
gcc -DHAVE_CONFIG_H -I. -I. -I../fftw -I../fftw -I./../fftw -I. -O6 -fomit-frame-pointer -Wall -W -Wcast-qual -Wpointer-arith -Wcast-align -pedantic -fno-schedule-insns -fschedule-insns2 -malign-double -fstrict-aliasing -c  -fPIC -DPIC fhf_7.c -o fhf_7.lo
/bin/sh ../libtool --mode=compile gcc -DHAVE_CONFIG_H -I. -I. -I../fftw -I../fftw -I./../fftw -I.    -O6 -fomit-frame-pointer -Wall -W -Wcast-qual -Wpointer-arith -Wcast-align -pedantic -fno-schedule-insns -fschedule-insns2 -malign-double -fstrict-aliasing -c fhf_8.c
gcc -DHAVE_CONFIG_H -I. -I. -I../fftw -I../fftw -I./../fftw -I. -O6 -fomit-frame-pointer -Wall -W -Wcast-qual -Wpointer-arith -Wcast-align -pedantic -fno-schedule-insns -fschedule-insns2 -malign-double -fstrict-aliasing -c  -fPIC -DPIC fhf_8.c -o fhf_8.lo
/bin/sh ../libtool --mode=compile gcc -DHAVE_CONFIG_H -I. -I. -I../fftw -I../fftw -I./../fftw -I.    -O6 -fomit-frame-pointer -Wall -W -Wcast-qual -Wpointer-arith -Wcast-align -pedantic -fno-schedule-insns -fschedule-insns2 -malign-double -fstrict-aliasing -c fhf_9.c
gcc -DHAVE_CONFIG_H -I. -I. -I../fftw -I../fftw -I./../fftw -I. -O6 -fomit-frame-pointer -Wall -W -Wcast-qual -Wpointer-arith -Wcast-align -pedantic -fno-schedule-insns -fschedule-insns2 -malign-double -fstrict-aliasing -c  -fPIC -DPIC fhf_9.c -o fhf_9.lo
/bin/sh ../libtool --mode=compile gcc -DHAVE_CONFIG_H -I. -I. -I../fftw -I../fftw -I./../fftw -I.    -O6 -fomit-frame-pointer -Wall -W -Wcast-qual -Wpointer-arith -Wcast-align -pedantic -fno-schedule-insns -fschedule-insns2 -malign-double -fstrict-aliasing -c fhf_10.c
gcc -DHAVE_CONFIG_H -I. -I. -I../fftw -I../fftw -I./../fftw -I. -O6 -fomit-frame-pointer -Wall -W -Wcast-qual -Wpointer-arith -Wcast-align -pedantic -fno-schedule-insns -fschedule-insns2 -malign-double -fstrict-aliasing -c  -fPIC -DPIC fhf_10.c -o fhf_10.lo
/bin/sh ../libtool --mode=compile gcc -DHAVE_CONFIG_H -I. -I. -I../fftw -I../fftw -I./../fftw -I.    -O6 -fomit-frame-pointer -Wall -W -Wcast-qual -Wpointer-arith -Wcast-align -pedantic -fno-schedule-insns -fschedule-insns2 -malign-double -fstrict-aliasing -c fhf_16.c
gcc -DHAVE_CONFIG_H -I. -I. -I../fftw -I../fftw -I./../fftw -I. -O6 -fomit-frame-pointer -Wall -W -Wcast-qual -Wpointer-arith -Wcast-align -pedantic -fno-schedule-insns -fschedule-insns2 -malign-double -fstrict-aliasing -c  -fPIC -DPIC fhf_16.c -o fhf_16.lo
/bin/sh ../libtool --mode=compile gcc -DHAVE_CONFIG_H -I. -I. -I../fftw -I../fftw -I./../fftw -I.    -O6 -fomit-frame-pointer -Wall -W -Wcast-qual -Wpointer-arith -Wcast-align -pedantic -fno-schedule-insns -fschedule-insns2 -malign-double -fstrict-aliasing -c fhf_32.c
gcc -DHAVE_CONFIG_H -I. -I. -I../fftw -I../fftw -I./../fftw -I. -O6 -fomit-frame-pointer -Wall -W -Wcast-qual -Wpointer-arith -Wcast-align -pedantic -fno-schedule-insns -fschedule-insns2 -malign-double -fstrict-aliasing -c  -fPIC -DPIC fhf_32.c -o fhf_32.lo
/bin/sh ../libtool --mode=compile gcc -DHAVE_CONFIG_H -I. -I. -I../fftw -I../fftw -I./../fftw -I.    -O6 -fomit-frame-pointer -Wall -W -Wcast-qual -Wpointer-arith -Wcast-align -pedantic -fno-schedule-insns -fschedule-insns2 -malign-double -fstrict-aliasing -c fcr_1.c
gcc -DHAVE_CONFIG_H -I. -I. -I../fftw -I../fftw -I./../fftw -I. -O6 -fomit-frame-pointer -Wall -W -Wcast-qual -Wpointer-arith -Wcast-align -pedantic -fno-schedule-insns -fschedule-insns2 -malign-double -fstrict-aliasing -c  -fPIC -DPIC fcr_1.c -o fcr_1.lo
fcr_1.c: In function 'fftw_hc2real_1':
fcr_1.c:41:67: warning: unused parameter 'imag_input' [-Wunused-parameter]
 void fftw_hc2real_1(const fftw_real *real_input, const fftw_real *imag_input, fftw_real *output, int real_istride, int imag_istride, int ostride)
                                                                   ^
fcr_1.c:41:102: warning: unused parameter 'real_istride' [-Wunused-parameter]
 void fftw_hc2real_1(const fftw_real *real_input, const fftw_real *imag_input, fftw_real *output, int real_istride, int imag_istride, int ostride)
                                                                                                      ^
fcr_1.c:41:120: warning: unused parameter 'imag_istride' [-Wunused-parameter]
 void fftw_hc2real_1(const fftw_real *real_input, const fftw_real *imag_input, fftw_real *output, int real_istride, int imag_istride, int ostride)
                                                                                                                        ^
fcr_1.c:41:138: warning: unused parameter 'ostride' [-Wunused-parameter]
 void fftw_hc2real_1(const fftw_real *real_input, const fftw_real *imag_input, fftw_real *output, int real_istride, int imag_istride, int ostride)
                                                                                                                                          ^
/bin/sh ../libtool --mode=compile gcc -DHAVE_CONFIG_H -I. -I. -I../fftw -I../fftw -I./../fftw -I.    -O6 -fomit-frame-pointer -Wall -W -Wcast-qual -Wpointer-arith -Wcast-align -pedantic -fno-schedule-insns -fschedule-insns2 -malign-double -fstrict-aliasing -c fcr_2.c
gcc -DHAVE_CONFIG_H -I. -I. -I../fftw -I../fftw -I./../fftw -I. -O6 -fomit-frame-pointer -Wall -W -Wcast-qual -Wpointer-arith -Wcast-align -pedantic -fno-schedule-insns -fschedule-insns2 -malign-double -fstrict-aliasing -c  -fPIC -DPIC fcr_2.c -o fcr_2.lo
fcr_2.c: In function 'fftw_hc2real_2':
fcr_2.c:41:67: warning: unused parameter 'imag_input' [-Wunused-parameter]
 void fftw_hc2real_2(const fftw_real *real_input, const fftw_real *imag_input, fftw_real *output, int real_istride, int imag_istride, int ostride)
                                                                   ^
fcr_2.c:41:120: warning: unused parameter 'imag_istride' [-Wunused-parameter]
 void fftw_hc2real_2(const fftw_real *real_input, const fftw_real *imag_input, fftw_real *output, int real_istride, int imag_istride, int ostride)
                                                                                                                        ^
/bin/sh ../libtool --mode=compile gcc -DHAVE_CONFIG_H -I. -I. -I../fftw -I../fftw -I./../fftw -I.    -O6 -fomit-frame-pointer -Wall -W -Wcast-qual -Wpointer-arith -Wcast-align -pedantic -fno-schedule-insns -fschedule-insns2 -malign-double -fstrict-aliasing -c fcr_3.c
gcc -DHAVE_CONFIG_H -I. -I. -I../fftw -I../fftw -I./../fftw -I. -O6 -fomit-frame-pointer -Wall -W -Wcast-qual -Wpointer-arith -Wcast-align -pedantic -fno-schedule-insns -fschedule-insns2 -malign-double -fstrict-aliasing -c  -fPIC -DPIC fcr_3.c -o fcr_3.lo
/bin/sh ../libtool --mode=compile gcc -DHAVE_CONFIG_H -I. -I. -I../fftw -I../fftw -I./../fftw -I.    -O6 -fomit-frame-pointer -Wall -W -Wcast-qual -Wpointer-arith -Wcast-align -pedantic -fno-schedule-insns -fschedule-insns2 -malign-double -fstrict-aliasing -c fcr_4.c
gcc -DHAVE_CONFIG_H -I. -I. -I../fftw -I../fftw -I./../fftw -I. -O6 -fomit-frame-pointer -Wall -W -Wcast-qual -Wpointer-arith -Wcast-align -pedantic -fno-schedule-insns -fschedule-insns2 -malign-double -fstrict-aliasing -c  -fPIC -DPIC fcr_4.c -o fcr_4.lo
/bin/sh ../libtool --mode=compile gcc -DHAVE_CONFIG_H -I. -I. -I../fftw -I../fftw -I./../fftw -I.    -O6 -fomit-frame-pointer -Wall -W -Wcast-qual -Wpointer-arith -Wcast-align -pedantic -fno-schedule-insns -fschedule-insns2 -malign-double -fstrict-aliasing -c fcr_5.c
gcc -DHAVE_CONFIG_H -I. -I. -I../fftw -I../fftw -I./../fftw -I. -O6 -fomit-frame-pointer -Wall -W -Wcast-qual -Wpointer-arith -Wcast-align -pedantic -fno-schedule-insns -fschedule-insns2 -malign-double -fstrict-aliasing -c  -fPIC -DPIC fcr_5.c -o fcr_5.lo
/bin/sh ../libtool --mode=compile gcc -DHAVE_CONFIG_H -I. -I. -I../fftw -I../fftw -I./../fftw -I.    -O6 -fomit-frame-pointer -Wall -W -Wcast-qual -Wpointer-arith -Wcast-align -pedantic -fno-schedule-insns -fschedule-insns2 -malign-double -fstrict-aliasing -c fcr_6.c
gcc -DHAVE_CONFIG_H -I. -I. -I../fftw -I../fftw -I./../fftw -I. -O6 -fomit-frame-pointer -Wall -W -Wcast-qual -Wpointer-arith -Wcast-align -pedantic -fno-schedule-insns -fschedule-insns2 -malign-double -fstrict-aliasing -c  -fPIC -DPIC fcr_6.c -o fcr_6.lo
/bin/sh ../libtool --mode=compile gcc -DHAVE_CONFIG_H -I. -I. -I../fftw -I../fftw -I./../fftw -I.    -O6 -fomit-frame-pointer -Wall -W -Wcast-qual -Wpointer-arith -Wcast-align -pedantic -fno-schedule-insns -fschedule-insns2 -malign-double -fstrict-aliasing -c fcr_7.c
gcc -DHAVE_CONFIG_H -I. -I. -I../fftw -I../fftw -I./../fftw -I. -O6 -fomit-frame-pointer -Wall -W -Wcast-qual -Wpointer-arith -Wcast-align -pedantic -fno-schedule-insns -fschedule-insns2 -malign-double -fstrict-aliasing -c  -fPIC -DPIC fcr_7.c -o fcr_7.lo
/bin/sh ../libtool --mode=compile gcc -DHAVE_CONFIG_H -I. -I. -I../fftw -I../fftw -I./../fftw -I.    -O6 -fomit-frame-pointer -Wall -W -Wcast-qual -Wpointer-arith -Wcast-align -pedantic -fno-schedule-insns -fschedule-insns2 -malign-double -fstrict-aliasing -c fcr_8.c
gcc -DHAVE_CONFIG_H -I. -I. -I../fftw -I../fftw -I./../fftw -I. -O6 -fomit-frame-pointer -Wall -W -Wcast-qual -Wpointer-arith -Wcast-align -pedantic -fno-schedule-insns -fschedule-insns2 -malign-double -fstrict-aliasing -c  -fPIC -DPIC fcr_8.c -o fcr_8.lo
/bin/sh ../libtool --mode=compile gcc -DHAVE_CONFIG_H -I. -I. -I../fftw -I../fftw -I./../fftw -I.    -O6 -fomit-frame-pointer -Wall -W -Wcast-qual -Wpointer-arith -Wcast-align -pedantic -fno-schedule-insns -fschedule-insns2 -malign-double -fstrict-aliasing -c fcr_9.c
gcc -DHAVE_CONFIG_H -I. -I. -I../fftw -I../fftw -I./../fftw -I. -O6 -fomit-frame-pointer -Wall -W -Wcast-qual -Wpointer-arith -Wcast-align -pedantic -fno-schedule-insns -fschedule-insns2 -malign-double -fstrict-aliasing -c  -fPIC -DPIC fcr_9.c -o fcr_9.lo
/bin/sh ../libtool --mode=compile gcc -DHAVE_CONFIG_H -I. -I. -I../fftw -I../fftw -I./../fftw -I.    -O6 -fomit-frame-pointer -Wall -W -Wcast-qual -Wpointer-arith -Wcast-align -pedantic -fno-schedule-insns -fschedule-insns2 -malign-double -fstrict-aliasing -c fcr_10.c
gcc -DHAVE_CONFIG_H -I. -I. -I../fftw -I../fftw -I./../fftw -I. -O6 -fomit-frame-pointer -Wall -W -Wcast-qual -Wpointer-arith -Wcast-align -pedantic -fno-schedule-insns -fschedule-insns2 -malign-double -fstrict-aliasing -c  -fPIC -DPIC fcr_10.c -o fcr_10.lo
/bin/sh ../libtool --mode=compile gcc -DHAVE_CONFIG_H -I. -I. -I../fftw -I../fftw -I./../fftw -I.    -O6 -fomit-frame-pointer -Wall -W -Wcast-qual -Wpointer-arith -Wcast-align -pedantic -fno-schedule-insns -fschedule-insns2 -malign-double -fstrict-aliasing -c fcr_11.c
gcc -DHAVE_CONFIG_H -I. -I. -I../fftw -I../fftw -I./../fftw -I. -O6 -fomit-frame-pointer -Wall -W -Wcast-qual -Wpointer-arith -Wcast-align -pedantic -fno-schedule-insns -fschedule-insns2 -malign-double -fstrict-aliasing -c  -fPIC -DPIC fcr_11.c -o fcr_11.lo
/bin/sh ../libtool --mode=compile gcc -DHAVE_CONFIG_H -I. -I. -I../fftw -I../fftw -I./../fftw -I.    -O6 -fomit-frame-pointer -Wall -W -Wcast-qual -Wpointer-arith -Wcast-align -pedantic -fno-schedule-insns -fschedule-insns2 -malign-double -fstrict-aliasing -c fcr_12.c
gcc -DHAVE_CONFIG_H -I. -I. -I../fftw -I../fftw -I./../fftw -I. -O6 -fomit-frame-pointer -Wall -W -Wcast-qual -Wpointer-arith -Wcast-align -pedantic -fno-schedule-insns -fschedule-insns2 -malign-double -fstrict-aliasing -c  -fPIC -DPIC fcr_12.c -o fcr_12.lo
/bin/sh ../libtool --mode=compile gcc -DHAVE_CONFIG_H -I. -I. -I../fftw -I../fftw -I./../fftw -I.    -O6 -fomit-frame-pointer -Wall -W -Wcast-qual -Wpointer-arith -Wcast-align -pedantic -fno-schedule-insns -fschedule-insns2 -malign-double -fstrict-aliasing -c fcr_13.c
gcc -DHAVE_CONFIG_H -I. -I. -I../fftw -I../fftw -I./../fftw -I. -O6 -fomit-frame-pointer -Wall -W -Wcast-qual -Wpointer-arith -Wcast-align -pedantic -fno-schedule-insns -fschedule-insns2 -malign-double -fstrict-aliasing -c  -fPIC -DPIC fcr_13.c -o fcr_13.lo
/bin/sh ../libtool --mode=compile gcc -DHAVE_CONFIG_H -I. -I. -I../fftw -I../fftw -I./../fftw -I.    -O6 -fomit-frame-pointer -Wall -W -Wcast-qual -Wpointer-arith -Wcast-align -pedantic -fno-schedule-insns -fschedule-insns2 -malign-double -fstrict-aliasing -c fcr_14.c
gcc -DHAVE_CONFIG_H -I. -I. -I../fftw -I../fftw -I./../fftw -I. -O6 -fomit-frame-pointer -Wall -W -Wcast-qual -Wpointer-arith -Wcast-align -pedantic -fno-schedule-insns -fschedule-insns2 -malign-double -fstrict-aliasing -c  -fPIC -DPIC fcr_14.c -o fcr_14.lo
/bin/sh ../libtool --mode=compile gcc -DHAVE_CONFIG_H -I. -I. -I../fftw -I../fftw -I./../fftw -I.    -O6 -fomit-frame-pointer -Wall -W -Wcast-qual -Wpointer-arith -Wcast-align -pedantic -fno-schedule-insns -fschedule-insns2 -malign-double -fstrict-aliasing -c fcr_15.c
gcc -DHAVE_CONFIG_H -I. -I. -I../fftw -I../fftw -I./../fftw -I. -O6 -fomit-frame-pointer -Wall -W -Wcast-qual -Wpointer-arith -Wcast-align -pedantic -fno-schedule-insns -fschedule-insns2 -malign-double -fstrict-aliasing -c  -fPIC -DPIC fcr_15.c -o fcr_15.lo
/bin/sh ../libtool --mode=compile gcc -DHAVE_CONFIG_H -I. -I. -I../fftw -I../fftw -I./../fftw -I.    -O6 -fomit-frame-pointer -Wall -W -Wcast-qual -Wpointer-arith -Wcast-align -pedantic -fno-schedule-insns -fschedule-insns2 -malign-double -fstrict-aliasing -c fcr_16.c
gcc -DHAVE_CONFIG_H -I. -I. -I../fftw -I../fftw -I./../fftw -I. -O6 -fomit-frame-pointer -Wall -W -Wcast-qual -Wpointer-arith -Wcast-align -pedantic -fno-schedule-insns -fschedule-insns2 -malign-double -fstrict-aliasing -c  -fPIC -DPIC fcr_16.c -o fcr_16.lo
/bin/sh ../libtool --mode=compile gcc -DHAVE_CONFIG_H -I. -I. -I../fftw -I../fftw -I./../fftw -I.    -O6 -fomit-frame-pointer -Wall -W -Wcast-qual -Wpointer-arith -Wcast-align -pedantic -fno-schedule-insns -fschedule-insns2 -malign-double -fstrict-aliasing -c fcr_32.c
gcc -DHAVE_CONFIG_H -I. -I. -I../fftw -I../fftw -I./../fftw -I. -O6 -fomit-frame-pointer -Wall -W -Wcast-qual -Wpointer-arith -Wcast-align -pedantic -fno-schedule-insns -fschedule-insns2 -malign-double -fstrict-aliasing -c  -fPIC -DPIC fcr_32.c -o fcr_32.lo
/bin/sh ../libtool --mode=compile gcc -DHAVE_CONFIG_H -I. -I. -I../fftw -I../fftw -I./../fftw -I.    -O6 -fomit-frame-pointer -Wall -W -Wcast-qual -Wpointer-arith -Wcast-align -pedantic -fno-schedule-insns -fschedule-insns2 -malign-double -fstrict-aliasing -c fcr_64.c
gcc -DHAVE_CONFIG_H -I. -I. -I../fftw -I../fftw -I./../fftw -I. -O6 -fomit-frame-pointer -Wall -W -Wcast-qual -Wpointer-arith -Wcast-align -pedantic -fno-schedule-insns -fschedule-insns2 -malign-double -fstrict-aliasing -c  -fPIC -DPIC fcr_64.c -o fcr_64.lo
/bin/sh ../libtool --mode=compile gcc -DHAVE_CONFIG_H -I. -I. -I../fftw -I../fftw -I./../fftw -I.    -O6 -fomit-frame-pointer -Wall -W -Wcast-qual -Wpointer-arith -Wcast-align -pedantic -fno-schedule-insns -fschedule-insns2 -malign-double -fstrict-aliasing -c fcr_128.c
gcc -DHAVE_CONFIG_H -I. -I. -I../fftw -I../fftw -I./../fftw -I. -O6 -fomit-frame-pointer -Wall -W -Wcast-qual -Wpointer-arith -Wcast-align -pedantic -fno-schedule-insns -fschedule-insns2 -malign-double -fstrict-aliasing -c  -fPIC -DPIC fcr_128.c -o fcr_128.lo
/bin/sh ../libtool --mode=compile gcc -DHAVE_CONFIG_H -I. -I. -I../fftw -I../fftw -I./../fftw -I.    -O6 -fomit-frame-pointer -Wall -W -Wcast-qual -Wpointer-arith -Wcast-align -pedantic -fno-schedule-insns -fschedule-insns2 -malign-double -fstrict-aliasing -c fhb_2.c
gcc -DHAVE_CONFIG_H -I. -I. -I../fftw -I../fftw -I./../fftw -I. -O6 -fomit-frame-pointer -Wall -W -Wcast-qual -Wpointer-arith -Wcast-align -pedantic -fno-schedule-insns -fschedule-insns2 -malign-double -fstrict-aliasing -c  -fPIC -DPIC fhb_2.c -o fhb_2.lo
/bin/sh ../libtool --mode=compile gcc -DHAVE_CONFIG_H -I. -I. -I../fftw -I../fftw -I./../fftw -I.    -O6 -fomit-frame-pointer -Wall -W -Wcast-qual -Wpointer-arith -Wcast-align -pedantic -fno-schedule-insns -fschedule-insns2 -malign-double -fstrict-aliasing -c fhb_3.c
gcc -DHAVE_CONFIG_H -I. -I. -I../fftw -I../fftw -I./../fftw -I. -O6 -fomit-frame-pointer -Wall -W -Wcast-qual -Wpointer-arith -Wcast-align -pedantic -fno-schedule-insns -fschedule-insns2 -malign-double -fstrict-aliasing -c  -fPIC -DPIC fhb_3.c -o fhb_3.lo
/bin/sh ../libtool --mode=compile gcc -DHAVE_CONFIG_H -I. -I. -I../fftw -I../fftw -I./../fftw -I.    -O6 -fomit-frame-pointer -Wall -W -Wcast-qual -Wpointer-arith -Wcast-align -pedantic -fno-schedule-insns -fschedule-insns2 -malign-double -fstrict-aliasing -c fhb_4.c
gcc -DHAVE_CONFIG_H -I. -I. -I../fftw -I../fftw -I./../fftw -I. -O6 -fomit-frame-pointer -Wall -W -Wcast-qual -Wpointer-arith -Wcast-align -pedantic -fno-schedule-insns -fschedule-insns2 -malign-double -fstrict-aliasing -c  -fPIC -DPIC fhb_4.c -o fhb_4.lo
/bin/sh ../libtool --mode=compile gcc -DHAVE_CONFIG_H -I. -I. -I../fftw -I../fftw -I./../fftw -I.    -O6 -fomit-frame-pointer -Wall -W -Wcast-qual -Wpointer-arith -Wcast-align -pedantic -fno-schedule-insns -fschedule-insns2 -malign-double -fstrict-aliasing -c fhb_5.c
gcc -DHAVE_CONFIG_H -I. -I. -I../fftw -I../fftw -I./../fftw -I. -O6 -fomit-frame-pointer -Wall -W -Wcast-qual -Wpointer-arith -Wcast-align -pedantic -fno-schedule-insns -fschedule-insns2 -malign-double -fstrict-aliasing -c  -fPIC -DPIC fhb_5.c -o fhb_5.lo
/bin/sh ../libtool --mode=compile gcc -DHAVE_CONFIG_H -I. -I. -I../fftw -I../fftw -I./../fftw -I.    -O6 -fomit-frame-pointer -Wall -W -Wcast-qual -Wpointer-arith -Wcast-align -pedantic -fno-schedule-insns -fschedule-insns2 -malign-double -fstrict-aliasing -c fhb_6.c
gcc -DHAVE_CONFIG_H -I. -I. -I../fftw -I../fftw -I./../fftw -I. -O6 -fomit-frame-pointer -Wall -W -Wcast-qual -Wpointer-arith -Wcast-align -pedantic -fno-schedule-insns -fschedule-insns2 -malign-double -fstrict-aliasing -c  -fPIC -DPIC fhb_6.c -o fhb_6.lo
/bin/sh ../libtool --mode=compile gcc -DHAVE_CONFIG_H -I. -I. -I../fftw -I../fftw -I./../fftw -I.    -O6 -fomit-frame-pointer -Wall -W -Wcast-qual -Wpointer-arith -Wcast-align -pedantic -fno-schedule-insns -fschedule-insns2 -malign-double -fstrict-aliasing -c fhb_7.c
gcc -DHAVE_CONFIG_H -I. -I. -I../fftw -I../fftw -I./../fftw -I. -O6 -fomit-frame-pointer -Wall -W -Wcast-qual -Wpointer-arith -Wcast-align -pedantic -fno-schedule-insns -fschedule-insns2 -malign-double -fstrict-aliasing -c  -fPIC -DPIC fhb_7.c -o fhb_7.lo
/bin/sh ../libtool --mode=compile gcc -DHAVE_CONFIG_H -I. -I. -I../fftw -I../fftw -I./../fftw -I.    -O6 -fomit-frame-pointer -Wall -W -Wcast-qual -Wpointer-arith -Wcast-align -pedantic -fno-schedule-insns -fschedule-insns2 -malign-double -fstrict-aliasing -c fhb_8.c
gcc -DHAVE_CONFIG_H -I. -I. -I../fftw -I../fftw -I./../fftw -I. -O6 -fomit-frame-pointer -Wall -W -Wcast-qual -Wpointer-arith -Wcast-align -pedantic -fno-schedule-insns -fschedule-insns2 -malign-double -fstrict-aliasing -c  -fPIC -DPIC fhb_8.c -o fhb_8.lo
/bin/sh ../libtool --mode=compile gcc -DHAVE_CONFIG_H -I. -I. -I../fftw -I../fftw -I./../fftw -I.    -O6 -fomit-frame-pointer -Wall -W -Wcast-qual -Wpointer-arith -Wcast-align -pedantic -fno-schedule-insns -fschedule-insns2 -malign-double -fstrict-aliasing -c fhb_9.c
gcc -DHAVE_CONFIG_H -I. -I. -I../fftw -I../fftw -I./../fftw -I. -O6 -fomit-frame-pointer -Wall -W -Wcast-qual -Wpointer-arith -Wcast-align -pedantic -fno-schedule-insns -fschedule-insns2 -malign-double -fstrict-aliasing -c  -fPIC -DPIC fhb_9.c -o fhb_9.lo
/bin/sh ../libtool --mode=compile gcc -DHAVE_CONFIG_H -I. -I. -I../fftw -I../fftw -I./../fftw -I.    -O6 -fomit-frame-pointer -Wall -W -Wcast-qual -Wpointer-arith -Wcast-align -pedantic -fno-schedule-insns -fschedule-insns2 -malign-double -fstrict-aliasing -c fhb_10.c
gcc -DHAVE_CONFIG_H -I. -I. -I../fftw -I../fftw -I./../fftw -I. -O6 -fomit-frame-pointer -Wall -W -Wcast-qual -Wpointer-arith -Wcast-align -pedantic -fno-schedule-insns -fschedule-insns2 -malign-double -fstrict-aliasing -c  -fPIC -DPIC fhb_10.c -o fhb_10.lo
/bin/sh ../libtool --mode=compile gcc -DHAVE_CONFIG_H -I. -I. -I../fftw -I../fftw -I./../fftw -I.    -O6 -fomit-frame-pointer -Wall -W -Wcast-qual -Wpointer-arith -Wcast-align -pedantic -fno-schedule-insns -fschedule-insns2 -malign-double -fstrict-aliasing -c fhb_16.c
gcc -DHAVE_CONFIG_H -I. -I. -I../fftw -I../fftw -I./../fftw -I. -O6 -fomit-frame-pointer -Wall -W -Wcast-qual -Wpointer-arith -Wcast-align -pedantic -fno-schedule-insns -fschedule-insns2 -malign-double -fstrict-aliasing -c  -fPIC -DPIC fhb_16.c -o fhb_16.lo
/bin/sh ../libtool --mode=compile gcc -DHAVE_CONFIG_H -I. -I. -I../fftw -I../fftw -I./../fftw -I.    -O6 -fomit-frame-pointer -Wall -W -Wcast-qual -Wpointer-arith -Wcast-align -pedantic -fno-schedule-insns -fschedule-insns2 -malign-double -fstrict-aliasing -c fhb_32.c
gcc -DHAVE_CONFIG_H -I. -I. -I../fftw -I../fftw -I./../fftw -I. -O6 -fomit-frame-pointer -Wall -W -Wcast-qual -Wpointer-arith -Wcast-align -pedantic -fno-schedule-insns -fschedule-insns2 -malign-double -fstrict-aliasing -c  -fPIC -DPIC fhb_32.c -o fhb_32.lo
/bin/sh ../libtool --mode=compile gcc -DHAVE_CONFIG_H -I. -I. -I../fftw -I../fftw -I./../fftw -I.    -O6 -fomit-frame-pointer -Wall -W -Wcast-qual -Wpointer-arith -Wcast-align -pedantic -fno-schedule-insns -fschedule-insns2 -malign-double -fstrict-aliasing -c rconfig.c
gcc -DHAVE_CONFIG_H -I. -I. -I../fftw -I../fftw -I./../fftw -I. -O6 -fomit-frame-pointer -Wall -W -Wcast-qual -Wpointer-arith -Wcast-align -pedantic -fno-schedule-insns -fschedule-insns2 -malign-double -fstrict-aliasing -c  -fPIC -DPIC rconfig.c -o rconfig.lo
/bin/sh ../libtool --mode=compile gcc -DHAVE_CONFIG_H -I. -I. -I../fftw -I../fftw -I./../fftw -I.    -O6 -fomit-frame-pointer -Wall -W -Wcast-qual -Wpointer-arith -Wcast-align -pedantic -fno-schedule-insns -fschedule-insns2 -malign-double -fstrict-aliasing -c rplanner.c
gcc -DHAVE_CONFIG_H -I. -I. -I../fftw -I../fftw -I./../fftw -I. -O6 -fomit-frame-pointer -Wall -W -Wcast-qual -Wpointer-arith -Wcast-align -pedantic -fno-schedule-insns -fschedule-insns2 -malign-double -fstrict-aliasing -c  -fPIC -DPIC rplanner.c -o rplanner.lo
/bin/sh ../libtool --mode=compile gcc -DHAVE_CONFIG_H -I. -I. -I../fftw -I../fftw -I./../fftw -I.    -O6 -fomit-frame-pointer -Wall -W -Wcast-qual -Wpointer-arith -Wcast-align -pedantic -fno-schedule-insns -fschedule-insns2 -malign-double -fstrict-aliasing -c rexec.c
gcc -DHAVE_CONFIG_H -I. -I. -I../fftw -I../fftw -I./../fftw -I. -O6 -fomit-frame-pointer -Wall -W -Wcast-qual -Wpointer-arith -Wcast-align -pedantic -fno-schedule-insns -fschedule-insns2 -malign-double -fstrict-aliasing -c  -fPIC -DPIC rexec.c -o rexec.lo
rexec.c: In function 'rfftw_executor_simple':
rexec.c:233:25: warning: unused parameter 'recurse_kind' [-Wunused-parameter]
       fftw_recurse_kind recurse_kind)
                         ^
/bin/sh ../libtool --mode=compile gcc -DHAVE_CONFIG_H -I. -I. -I../fftw -I../fftw -I./../fftw -I.    -O6 -fomit-frame-pointer -Wall -W -Wcast-qual -Wpointer-arith -Wcast-align -pedantic -fno-schedule-insns -fschedule-insns2 -malign-double -fstrict-aliasing -c rexec2.c
gcc -DHAVE_CONFIG_H -I. -I. -I../fftw -I../fftw -I./../fftw -I. -O6 -fomit-frame-pointer -Wall -W -Wcast-qual -Wpointer-arith -Wcast-align -pedantic -fno-schedule-insns -fschedule-insns2 -malign-double -fstrict-aliasing -c  -fPIC -DPIC rexec2.c -o rexec2.lo
/bin/sh ../libtool --mode=compile gcc -DHAVE_CONFIG_H -I. -I. -I../fftw -I../fftw -I./../fftw -I.    -O6 -fomit-frame-pointer -Wall -W -Wcast-qual -Wpointer-arith -Wcast-align -pedantic -fno-schedule-insns -fschedule-insns2 -malign-double -fstrict-aliasing -c rfftwnd.c
gcc -DHAVE_CONFIG_H -I. -I. -I../fftw -I../fftw -I./../fftw -I. -O6 -fomit-frame-pointer -Wall -W -Wcast-qual -Wpointer-arith -Wcast-align -pedantic -fno-schedule-insns -fschedule-insns2 -malign-double -fstrict-aliasing -c  -fPIC -DPIC rfftwnd.c -o rfftwnd.lo
/bin/sh ../libtool --mode=compile gcc -DHAVE_CONFIG_H -I. -I. -I../fftw -I../fftw -I./../fftw -I.    -O6 -fomit-frame-pointer -Wall -W -Wcast-qual -Wpointer-arith -Wcast-align -pedantic -fno-schedule-insns -fschedule-insns2 -malign-double -fstrict-aliasing -c rgeneric.c
gcc -DHAVE_CONFIG_H -I. -I. -I../fftw -I../fftw -I./../fftw -I. -O6 -fomit-frame-pointer -Wall -W -Wcast-qual -Wpointer-arith -Wcast-align -pedantic -fno-schedule-insns -fschedule-insns2 -malign-double -fstrict-aliasing -c  -fPIC -DPIC rgeneric.c -o rgeneric.lo
/bin/sh ../libtool --mode=compile gcc -DHAVE_CONFIG_H -I. -I. -I../fftw -I../fftw -I./../fftw -I.    -O6 -fomit-frame-pointer -Wall -W -Wcast-qual -Wpointer-arith -Wcast-align -pedantic -fno-schedule-insns -fschedule-insns2 -malign-double -fstrict-aliasing -c rfftwf77.c
gcc -DHAVE_CONFIG_H -I. -I. -I../fftw -I../fftw -I./../fftw -I. -O6 -fomit-frame-pointer -Wall -W -Wcast-qual -Wpointer-arith -Wcast-align -pedantic -fno-schedule-insns -fschedule-insns2 -malign-double -fstrict-aliasing -c  -fPIC -DPIC rfftwf77.c -o rfftwf77.lo
/bin/sh ../libtool --mode=link gcc  -O6 -fomit-frame-pointer -Wall -W -Wcast-qual -Wpointer-arith -Wcast-align -pedantic -fno-schedule-insns -fschedule-insns2 -malign-double -fstrict-aliasing  -o librfftw.la -rpath /home/ualusr2011/ual1220/ual1/tools/lib/linux -version-info 2:5:0 frc_1.lo frc_2.lo frc_3.lo frc_4.lo frc_5.lo frc_6.lo frc_7.lo frc_8.lo frc_9.lo frc_10.lo frc_11.lo frc_12.lo frc_13.lo frc_14.lo frc_15.lo frc_16.lo frc_32.lo frc_64.lo frc_128.lo fhf_2.lo fhf_3.lo fhf_4.lo fhf_5.lo fhf_6.lo fhf_7.lo fhf_8.lo fhf_9.lo fhf_10.lo fhf_16.lo fhf_32.lo fcr_1.lo fcr_2.lo fcr_3.lo fcr_4.lo fcr_5.lo fcr_6.lo fcr_7.lo fcr_8.lo fcr_9.lo fcr_10.lo fcr_11.lo fcr_12.lo fcr_13.lo fcr_14.lo fcr_15.lo fcr_16.lo fcr_32.lo fcr_64.lo fcr_128.lo fhb_2.lo fhb_3.lo fhb_4.lo fhb_5.lo fhb_6.lo fhb_7.lo fhb_8.lo fhb_9.lo fhb_10.lo fhb_16.lo fhb_32.lo rconfig.lo rplanner.lo rexec.lo rexec2.lo rfftwnd.lo rgeneric.lo rfftwf77.lo  -lm 
mkdir .libs

*** Warning: This library needs some functionality provided by -lm.
*** I have the capability to make that library automatically link in when
*** you link to this library.  But I can only do this if you have a
*** shared version of the library, which you do not appear to have.

*** Warning: This library needs some functionality provided by -lc.
*** I have the capability to make that library automatically link in when
*** you link to this library.  But I can only do this if you have a
*** shared version of the library, which you do not appear to have.
*** The inter-library dependencies that have been dropped here will be
*** automatically added whenever a program is linked with this library
*** or is declared to -dlopen it.
ln -s frc_1.lo frc_1.o
ln -s frc_2.lo frc_2.o
ln -s frc_3.lo frc_3.o
ln -s frc_4.lo frc_4.o
ln -s frc_5.lo frc_5.o
ln -s frc_6.lo frc_6.o
ln -s frc_7.lo frc_7.o
ln -s frc_8.lo frc_8.o
ln -s frc_9.lo frc_9.o
ln -s frc_10.lo frc_10.o
ln -s frc_11.lo frc_11.o
ln -s frc_12.lo frc_12.o
ln -s frc_13.lo frc_13.o
ln -s frc_14.lo frc_14.o
ln -s frc_15.lo frc_15.o
ln -s frc_16.lo frc_16.o
ln -s frc_32.lo frc_32.o
ln -s frc_64.lo frc_64.o
ln -s frc_128.lo frc_128.o
ln -s fhf_2.lo fhf_2.o
ln -s fhf_3.lo fhf_3.o
ln -s fhf_4.lo fhf_4.o
ln -s fhf_5.lo fhf_5.o
ln -s fhf_6.lo fhf_6.o
ln -s fhf_7.lo fhf_7.o
ln -s fhf_8.lo fhf_8.o
ln -s fhf_9.lo fhf_9.o
ln -s fhf_10.lo fhf_10.o
ln -s fhf_16.lo fhf_16.o
ln -s fhf_32.lo fhf_32.o
ln -s fcr_1.lo fcr_1.o
ln -s fcr_2.lo fcr_2.o
ln -s fcr_3.lo fcr_3.o
ln -s fcr_4.lo fcr_4.o
ln -s fcr_5.lo fcr_5.o
ln -s fcr_6.lo fcr_6.o
ln -s fcr_7.lo fcr_7.o
ln -s fcr_8.lo fcr_8.o
ln -s fcr_9.lo fcr_9.o
ln -s fcr_10.lo fcr_10.o
ln -s fcr_11.lo fcr_11.o
ln -s fcr_12.lo fcr_12.o
ln -s fcr_13.lo fcr_13.o
ln -s fcr_14.lo fcr_14.o
ln -s fcr_15.lo fcr_15.o
ln -s fcr_16.lo fcr_16.o
ln -s fcr_32.lo fcr_32.o
ln -s fcr_64.lo fcr_64.o
ln -s fcr_128.lo fcr_128.o
ln -s fhb_2.lo fhb_2.o
ln -s fhb_3.lo fhb_3.o
ln -s fhb_4.lo fhb_4.o
ln -s fhb_5.lo fhb_5.o
ln -s fhb_6.lo fhb_6.o
ln -s fhb_7.lo fhb_7.o
ln -s fhb_8.lo fhb_8.o
ln -s fhb_9.lo fhb_9.o
ln -s fhb_10.lo fhb_10.o
ln -s fhb_16.lo fhb_16.o
ln -s fhb_32.lo fhb_32.o
ln -s rconfig.lo rconfig.o
ln -s rplanner.lo rplanner.o
ln -s rexec.lo rexec.o
ln -s rexec2.lo rexec2.o
ln -s rfftwnd.lo rfftwnd.o
ln -s rgeneric.lo rgeneric.o
ln -s rfftwf77.lo rfftwf77.o
gcc -shared  frc_1.lo frc_2.lo frc_3.lo frc_4.lo frc_5.lo frc_6.lo frc_7.lo frc_8.lo frc_9.lo frc_10.lo frc_11.lo frc_12.lo frc_13.lo frc_14.lo frc_15.lo frc_16.lo frc_32.lo frc_64.lo frc_128.lo fhf_2.lo fhf_3.lo fhf_4.lo fhf_5.lo fhf_6.lo fhf_7.lo fhf_8.lo fhf_9.lo fhf_10.lo fhf_16.lo fhf_32.lo fcr_1.lo fcr_2.lo fcr_3.lo fcr_4.lo fcr_5.lo fcr_6.lo fcr_7.lo fcr_8.lo fcr_9.lo fcr_10.lo fcr_11.lo fcr_12.lo fcr_13.lo fcr_14.lo fcr_15.lo fcr_16.lo fcr_32.lo fcr_64.lo fcr_128.lo fhb_2.lo fhb_3.lo fhb_4.lo fhb_5.lo fhb_6.lo fhb_7.lo fhb_8.lo fhb_9.lo fhb_10.lo fhb_16.lo fhb_32.lo rconfig.lo rplanner.lo rexec.lo rexec2.lo rfftwnd.lo rgeneric.lo rfftwf77.lo   -Wl,-soname -Wl,librfftw.so.2 -o .libs/librfftw.so.2.0.5
(cd .libs && rm -f librfftw.so.2 && ln -s librfftw.so.2.0.5 librfftw.so.2)
(cd .libs && rm -f librfftw.so && ln -s librfftw.so.2.0.5 librfftw.so)
creating librfftw.la
(cd .libs && rm -f librfftw.la && ln -s ../librfftw.la librfftw.la)
make[4]: Leaving directory `/home/ualusr2011/ual1220/ual1/tools/tars/fftw-2.1.3.nm/rfftw'
Making all in tests
make[4]: Entering directory `/home/ualusr2011/ual1220/ual1/tools/tars/fftw-2.1.3.nm/tests'
gcc -DHAVE_CONFIG_H -I. -I. -I../fftw -I../fftw -I./../fftw -I./../rfftw    -O6 -fomit-frame-pointer -Wall -W -Wcast-qual -Wpointer-arith -Wcast-align -pedantic -fno-schedule-insns -fschedule-insns2 -malign-double -fstrict-aliasing -c fftw_test.c
fftw_test.c: In function ‘test_init’:
fftw_test.c:1003:21: warning: unused parameter ‘argc’ [-Wunused-parameter]
 void test_init(int *argc, char ***argv)
                     ^
fftw_test.c:1003:35: warning: unused parameter ‘argv’ [-Wunused-parameter]
 void test_init(int *argc, char ***argv)
                                   ^
gcc -DHAVE_CONFIG_H -I. -I. -I../fftw -I../fftw -I./../fftw -I./../rfftw    -O6 -fomit-frame-pointer -Wall -W -Wcast-qual -Wpointer-arith -Wcast-align -pedantic -fno-schedule-insns -fschedule-insns2 -malign-double -fstrict-aliasing -c test_main.c
/bin/sh ../libtool --mode=link gcc  -O6 -fomit-frame-pointer -Wall -W -Wcast-qual -Wpointer-arith -Wcast-align -pedantic -fno-schedule-insns -fschedule-insns2 -malign-double -fstrict-aliasing  -o fftw_test  fftw_test.o test_main.o ../fftw/libfftw.la -lm 
mkdir .libs
gcc -O6 -fomit-frame-pointer -Wall -W -Wcast-qual -Wpointer-arith -Wcast-align -pedantic -fno-schedule-insns -fschedule-insns2 -malign-double -fstrict-aliasing -o .libs/fftw_test fftw_test.o test_main.o ../fftw/.libs/libfftw.so -lm -lm -Wl,--rpath -Wl,/home/ualusr2011/ual1220/ual1/tools/lib/linux
creating fftw_test
gcc -DHAVE_CONFIG_H -I. -I. -I../fftw -I../fftw -I./../fftw -I./../rfftw    -O6 -fomit-frame-pointer -Wall -W -Wcast-qual -Wpointer-arith -Wcast-align -pedantic -fno-schedule-insns -fschedule-insns2 -malign-double -fstrict-aliasing -c rfftw_test.c
rfftw_test.c: In function ‘test_init’:
rfftw_test.c:1111:21: warning: unused parameter ‘argc’ [-Wunused-parameter]
 void test_init(int *argc, char ***argv)
                     ^
rfftw_test.c:1111:35: warning: unused parameter ‘argv’ [-Wunused-parameter]
 void test_init(int *argc, char ***argv)
                                   ^
/bin/sh ../libtool --mode=link gcc  -O6 -fomit-frame-pointer -Wall -W -Wcast-qual -Wpointer-arith -Wcast-align -pedantic -fno-schedule-insns -fschedule-insns2 -malign-double -fstrict-aliasing  -o rfftw_test  rfftw_test.o test_main.o ../rfftw/librfftw.la                    ../fftw/libfftw.la -lm 
gcc -O6 -fomit-frame-pointer -Wall -W -Wcast-qual -Wpointer-arith -Wcast-align -pedantic -fno-schedule-insns -fschedule-insns2 -malign-double -fstrict-aliasing -o .libs/rfftw_test rfftw_test.o test_main.o ../rfftw/.libs/librfftw.so -lm ../fftw/.libs/libfftw.so -lm -lm -Wl,--rpath -Wl,/home/ualusr2011/ual1220/ual1/tools/lib/linux
creating rfftw_test
make[4]: Leaving directory `/home/ualusr2011/ual1220/ual1/tools/tars/fftw-2.1.3.nm/tests'
Making all in doc
make[4]: Entering directory `/home/ualusr2011/ual1220/ual1/tools/tars/fftw-2.1.3.nm/doc'
make[4]: Nothing to be done for `all'.
make[4]: Leaving directory `/home/ualusr2011/ual1220/ual1/tools/tars/fftw-2.1.3.nm/doc'
Making all in threads
make[4]: Entering directory `/home/ualusr2011/ual1220/ual1/tools/tars/fftw-2.1.3.nm/threads'
make[4]: Nothing to be done for `all'.
make[4]: Leaving directory `/home/ualusr2011/ual1220/ual1/tools/tars/fftw-2.1.3.nm/threads'
Making all in mpi
make[4]: Entering directory `/home/ualusr2011/ual1220/ual1/tools/tars/fftw-2.1.3.nm/mpi'
make[4]: Nothing to be done for `all'.
make[4]: Leaving directory `/home/ualusr2011/ual1220/ual1/tools/tars/fftw-2.1.3.nm/mpi'
make[4]: Entering directory `/home/ualusr2011/ual1220/ual1/tools/tars/fftw-2.1.3.nm'
make[4]: Nothing to be done for `all-am'.
make[4]: Leaving directory `/home/ualusr2011/ual1220/ual1/tools/tars/fftw-2.1.3.nm'
make[3]: Leaving directory `/home/ualusr2011/ual1220/ual1/tools/tars/fftw-2.1.3.nm'
make[3]: Entering directory `/home/ualusr2011/ual1220/ual1/tools/tars/fftw-2.1.3.nm'
Making install in fftw
make[4]: Entering directory `/home/ualusr2011/ual1220/ual1/tools/tars/fftw-2.1.3.nm/fftw'
make[5]: Entering directory `/home/ualusr2011/ual1220/ual1/tools/tars/fftw-2.1.3.nm/fftw'
/bin/sh ../mkinstalldirs /home/ualusr2011/ual1220/ual1/tools/lib/linux
/bin/sh ../libtool  --mode=install /usr/bin/install -c libfftw.la /home/ualusr2011/ual1220/ual1/tools/lib/linux/libfftw.la
/usr/bin/install -c .libs/libfftw.so.2.0.5 /home/ualusr2011/ual1220/ual1/tools/lib/linux/libfftw.so.2.0.5
(cd /home/ualusr2011/ual1220/ual1/tools/lib/linux && rm -f libfftw.so.2 && ln -s libfftw.so.2.0.5 libfftw.so.2)
(cd /home/ualusr2011/ual1220/ual1/tools/lib/linux && rm -f libfftw.so && ln -s libfftw.so.2.0.5 libfftw.so)
/usr/bin/install -c .libs/libfftw.lai /home/ualusr2011/ual1220/ual1/tools/lib/linux/libfftw.la
PATH="$PATH:/sbin" ldconfig -n /home/ualusr2011/ual1220/ual1/tools/lib/linux
ldconfig: /home/ualusr2011/ual1220/ual1/tools/lib/linux/libxerces-depdom.so.27 is not a symbolic link

ldconfig: /home/ualusr2011/ual1220/ual1/tools/lib/linux/libxerces-c.so.27 is not a symbolic link

----------------------------------------------------------------------
Libraries have been installed in:
   /home/ualusr2011/ual1220/ual1/tools/lib/linux

If you ever happen to want to link against installed libraries
in a given directory, LIBDIR, you must either use libtool, and
specify the full pathname of the library, or use `-LLIBDIR'
flag during linking and do at least one of the following:
   - add LIBDIR to the `LD_LIBRARY_PATH' environment variable
     during execution
   - add LIBDIR to the `LD_RUN_PATH' environment variable
     during linking
   - use the `-Wl,--rpath -Wl,LIBDIR' linker flag
   - have your system administrator add LIBDIR to `/etc/ld.so.conf'

See any operating system documentation about shared libraries for
more information, such as the ld(1) and ld.so(8) manual pages.
----------------------------------------------------------------------
/bin/sh ../mkinstalldirs /home/ualusr2011/ual1220/ual1/tools/include
 /usr/bin/install -c -m 644 fftw.h /home/ualusr2011/ual1220/ual1/tools/include/fftw.h
make[5]: Leaving directory `/home/ualusr2011/ual1220/ual1/tools/tars/fftw-2.1.3.nm/fftw'
make[4]: Leaving directory `/home/ualusr2011/ual1220/ual1/tools/tars/fftw-2.1.3.nm/fftw'
Making install in rfftw
make[4]: Entering directory `/home/ualusr2011/ual1220/ual1/tools/tars/fftw-2.1.3.nm/rfftw'
make[5]: Entering directory `/home/ualusr2011/ual1220/ual1/tools/tars/fftw-2.1.3.nm/rfftw'
/bin/sh ../mkinstalldirs /home/ualusr2011/ual1220/ual1/tools/lib/linux
/bin/sh ../libtool  --mode=install /usr/bin/install -c librfftw.la /home/ualusr2011/ual1220/ual1/tools/lib/linux/librfftw.la
/usr/bin/install -c .libs/librfftw.so.2.0.5 /home/ualusr2011/ual1220/ual1/tools/lib/linux/librfftw.so.2.0.5
(cd /home/ualusr2011/ual1220/ual1/tools/lib/linux && rm -f librfftw.so.2 && ln -s librfftw.so.2.0.5 librfftw.so.2)
(cd /home/ualusr2011/ual1220/ual1/tools/lib/linux && rm -f librfftw.so && ln -s librfftw.so.2.0.5 librfftw.so)
/usr/bin/install -c .libs/librfftw.lai /home/ualusr2011/ual1220/ual1/tools/lib/linux/librfftw.la
PATH="$PATH:/sbin" ldconfig -n /home/ualusr2011/ual1220/ual1/tools/lib/linux
ldconfig: /home/ualusr2011/ual1220/ual1/tools/lib/linux/libxerces-depdom.so.27 is not a symbolic link

ldconfig: /home/ualusr2011/ual1220/ual1/tools/lib/linux/libxerces-c.so.27 is not a symbolic link

----------------------------------------------------------------------
Libraries have been installed in:
   /home/ualusr2011/ual1220/ual1/tools/lib/linux

If you ever happen to want to link against installed libraries
in a given directory, LIBDIR, you must either use libtool, and
specify the full pathname of the library, or use `-LLIBDIR'
flag during linking and do at least one of the following:
   - add LIBDIR to the `LD_LIBRARY_PATH' environment variable
     during execution
   - add LIBDIR to the `LD_RUN_PATH' environment variable
     during linking
   - use the `-Wl,--rpath -Wl,LIBDIR' linker flag
   - have your system administrator add LIBDIR to `/etc/ld.so.conf'

See any operating system documentation about shared libraries for
more information, such as the ld(1) and ld.so(8) manual pages.
----------------------------------------------------------------------
/bin/sh ../mkinstalldirs /home/ualusr2011/ual1220/ual1/tools/include
 /usr/bin/install -c -m 644 rfftw.h /home/ualusr2011/ual1220/ual1/tools/include/rfftw.h
make[5]: Leaving directory `/home/ualusr2011/ual1220/ual1/tools/tars/fftw-2.1.3.nm/rfftw'
make[4]: Leaving directory `/home/ualusr2011/ual1220/ual1/tools/tars/fftw-2.1.3.nm/rfftw'
Making install in tests
make[4]: Entering directory `/home/ualusr2011/ual1220/ual1/tools/tars/fftw-2.1.3.nm/tests'
make[5]: Entering directory `/home/ualusr2011/ual1220/ual1/tools/tars/fftw-2.1.3.nm/tests'
make[5]: Nothing to be done for `install-exec-am'.
make[5]: Nothing to be done for `install-data-am'.
make[5]: Leaving directory `/home/ualusr2011/ual1220/ual1/tools/tars/fftw-2.1.3.nm/tests'
make[4]: Leaving directory `/home/ualusr2011/ual1220/ual1/tools/tars/fftw-2.1.3.nm/tests'
Making install in doc
make[4]: Entering directory `/home/ualusr2011/ual1220/ual1/tools/tars/fftw-2.1.3.nm/doc'
make[5]: Entering directory `/home/ualusr2011/ual1220/ual1/tools/tars/fftw-2.1.3.nm/doc'
make[5]: Nothing to be done for `install-exec-am'.
/bin/sh ../mkinstalldirs .
 /usr/bin/install -c -m 644 ./fftw.info ./fftw.info
/usr/bin/install: ‘./fftw.info’ and ‘./fftw.info’ are the same file
 /usr/bin/install -c -m 644 ./fftw.info-1 ./fftw.info-1
/usr/bin/install: ‘./fftw.info-1’ and ‘./fftw.info-1’ are the same file
 /usr/bin/install -c -m 644 ./fftw.info-2 ./fftw.info-2
/usr/bin/install: ‘./fftw.info-2’ and ‘./fftw.info-2’ are the same file
 /usr/bin/install -c -m 644 ./fftw.info-3 ./fftw.info-3
/usr/bin/install: ‘./fftw.info-3’ and ‘./fftw.info-3’ are the same file
 /usr/bin/install -c -m 644 ./fftw.info-4 ./fftw.info-4
/usr/bin/install: ‘./fftw.info-4’ and ‘./fftw.info-4’ are the same file
 /usr/bin/install -c -m 644 ./fftw.info-5 ./fftw.info-5
/usr/bin/install: ‘./fftw.info-5’ and ‘./fftw.info-5’ are the same file
 install-info --info-dir=. ./fftw.info
install-info: warning: no info dir entry in `./fftw.info'
make[5]: Leaving directory `/home/ualusr2011/ual1220/ual1/tools/tars/fftw-2.1.3.nm/doc'
make[4]: Leaving directory `/home/ualusr2011/ual1220/ual1/tools/tars/fftw-2.1.3.nm/doc'
Making install in threads
make[4]: Entering directory `/home/ualusr2011/ual1220/ual1/tools/tars/fftw-2.1.3.nm/threads'
make[5]: Entering directory `/home/ualusr2011/ual1220/ual1/tools/tars/fftw-2.1.3.nm/threads'
/bin/sh ../mkinstalldirs /home/ualusr2011/ual1220/ual1/tools/lib/linux
/bin/sh ../mkinstalldirs /home/ualusr2011/ual1220/ual1/tools/include
make[5]: Leaving directory `/home/ualusr2011/ual1220/ual1/tools/tars/fftw-2.1.3.nm/threads'
make[4]: Leaving directory `/home/ualusr2011/ual1220/ual1/tools/tars/fftw-2.1.3.nm/threads'
Making install in mpi
make[4]: Entering directory `/home/ualusr2011/ual1220/ual1/tools/tars/fftw-2.1.3.nm/mpi'
make[5]: Entering directory `/home/ualusr2011/ual1220/ual1/tools/tars/fftw-2.1.3.nm/mpi'
/bin/sh ../mkinstalldirs /home/ualusr2011/ual1220/ual1/tools/lib/linux
/bin/sh ../mkinstalldirs /home/ualusr2011/ual1220/ual1/tools/include
make[5]: Leaving directory `/home/ualusr2011/ual1220/ual1/tools/tars/fftw-2.1.3.nm/mpi'
make[4]: Leaving directory `/home/ualusr2011/ual1220/ual1/tools/tars/fftw-2.1.3.nm/mpi'
make[4]: Entering directory `/home/ualusr2011/ual1220/ual1/tools/tars/fftw-2.1.3.nm'
make[5]: Entering directory `/home/ualusr2011/ual1220/ual1/tools/tars/fftw-2.1.3.nm'
make[5]: Nothing to be done for `install-exec-am'.
make[5]: Nothing to be done for `install-data-am'.
make[5]: Leaving directory `/home/ualusr2011/ual1220/ual1/tools/tars/fftw-2.1.3.nm'
make[4]: Leaving directory `/home/ualusr2011/ual1220/ual1/tools/tars/fftw-2.1.3.nm'
make[3]: Leaving directory `/home/ualusr2011/ual1220/ual1/tools/tars/fftw-2.1.3.nm'
rm -rf fftw-2.1.3.nm
gzip -d -c gsl-1.4.tar.gz | tar xvf -
gsl-1.4/
gsl-1.4/README
gsl-1.4/templates_on.h
gsl-1.4/templates_off.h
gsl-1.4/gsl_math.h
gsl-1.4/gsl_pow_int.h
gsl-1.4/gsl_nan.h
gsl-1.4/gsl_machine.h
gsl-1.4/gsl_mode.h
gsl-1.4/gsl_precision.h
gsl-1.4/gsl_types.h
gsl-1.4/gsl_version.h
gsl-1.4/AUTHORS
gsl-1.4/COPYING
gsl-1.4/ChangeLog
gsl-1.4/INSTALL
gsl-1.4/Makefile.am
gsl-1.4/Makefile.in
gsl-1.4/NEWS
gsl-1.4/THANKS
gsl-1.4/TODO
gsl-1.4/acconfig.h
gsl-1.4/aclocal.m4
gsl-1.4/config.guess
gsl-1.4/config.h.in
gsl-1.4/config.sub
gsl-1.4/configure
gsl-1.4/configure.ac
gsl-1.4/depcomp
gsl-1.4/gsl-config.in
gsl-1.4/gsl.pc.in
gsl-1.4/gsl.spec.in
gsl-1.4/gsl_version.h.in
gsl-1.4/install-sh
gsl-1.4/ltmain.sh
gsl-1.4/mdate-sh
gsl-1.4/missing
gsl-1.4/mkinstalldirs
gsl-1.4/version.c
gsl-1.4/gsl-histogram.c
gsl-1.4/gsl-randist.c
gsl-1.4/autogen.sh
gsl-1.4/BUGS
gsl-1.4/gsl.m4
gsl-1.4/test_gsl_histogram.sh
gsl-1.4/gsl/
gsl-1.4/gsl/Makefile.am
gsl-1.4/gsl/Makefile.in
gsl-1.4/utils/
gsl-1.4/utils/README
gsl-1.4/utils/Makefile.am
gsl-1.4/utils/Makefile.in
gsl-1.4/utils/memcpy.c
gsl-1.4/utils/memmove.c
gsl-1.4/utils/strdup.c
gsl-1.4/utils/strtol.c
gsl-1.4/utils/strtoul.c
gsl-1.4/utils/system.h
gsl-1.4/utils/placeholder.c
gsl-1.4/sys/
gsl-1.4/sys/gsl_sys.h
gsl-1.4/sys/ChangeLog
gsl-1.4/sys/Makefile.am
gsl-1.4/sys/Makefile.in
gsl-1.4/sys/minmax.c
gsl-1.4/sys/prec.c
gsl-1.4/sys/hypot.c
gsl-1.4/sys/log1p.c
gsl-1.4/sys/expm1.c
gsl-1.4/sys/coerce.c
gsl-1.4/sys/invhyp.c
gsl-1.4/sys/pow_int.c
gsl-1.4/sys/infnan.c
gsl-1.4/sys/fdiv.c
gsl-1.4/sys/fcmp.c
gsl-1.4/sys/ldfrexp.c
gsl-1.4/sys/test.c
gsl-1.4/test/
gsl-1.4/test/gsl_test.h
gsl-1.4/test/ChangeLog
gsl-1.4/test/Makefile.am
gsl-1.4/test/Makefile.in
gsl-1.4/test/results.c
gsl-1.4/err/
gsl-1.4/err/gsl_errno.h
gsl-1.4/err/gsl_message.h
gsl-1.4/err/ChangeLog
gsl-1.4/err/Makefile.am
gsl-1.4/err/Makefile.in
gsl-1.4/err/TODO
gsl-1.4/err/error.c
gsl-1.4/err/stream.c
gsl-1.4/err/message.c
gsl-1.4/err/strerror.c
gsl-1.4/err/test.c
gsl-1.4/const/
gsl-1.4/const/gsl_const.h
gsl-1.4/const/gsl_const_cgsm.h
gsl-1.4/const/gsl_const_mksa.h
gsl-1.4/const/gsl_const_num.h
gsl-1.4/const/ChangeLog
gsl-1.4/const/Makefile.am
gsl-1.4/const/Makefile.in
gsl-1.4/const/TODO
gsl-1.4/complex/
gsl-1.4/complex/gsl_complex.h
gsl-1.4/complex/gsl_complex_math.h
gsl-1.4/complex/ChangeLog
gsl-1.4/complex/Makefile.am
gsl-1.4/complex/Makefile.in
gsl-1.4/complex/TODO
gsl-1.4/complex/math.c
gsl-1.4/complex/test.c
gsl-1.4/complex/results.h
gsl-1.4/complex/results1.h
gsl-1.4/complex/results_real.h
gsl-1.4/cheb/
gsl-1.4/cheb/gsl_chebyshev.h
gsl-1.4/cheb/ChangeLog
gsl-1.4/cheb/Makefile.am
gsl-1.4/cheb/Makefile.in
gsl-1.4/cheb/deriv.c
gsl-1.4/cheb/eval.c
gsl-1.4/cheb/init.c
gsl-1.4/cheb/integ.c
gsl-1.4/cheb/test.c
gsl-1.4/block/
gsl-1.4/block/block_source.c
gsl-1.4/block/init_source.c
gsl-1.4/block/fprintf_source.c
gsl-1.4/block/fwrite_source.c
gsl-1.4/block/test_complex_source.c
gsl-1.4/block/test_source.c
gsl-1.4/block/test_io.c
gsl-1.4/block/test_complex_io.c
gsl-1.4/block/gsl_block.h
gsl-1.4/block/gsl_block_char.h
gsl-1.4/block/gsl_block_complex.h
gsl-1.4/block/gsl_block_complex_double.h
gsl-1.4/block/gsl_block_complex_float.h
gsl-1.4/block/gsl_block_complex_long_double.h
gsl-1.4/block/gsl_block_double.h
gsl-1.4/block/gsl_block_float.h
gsl-1.4/block/gsl_block_int.h
gsl-1.4/block/gsl_block_long.h
gsl-1.4/block/gsl_block_long_double.h
gsl-1.4/block/gsl_block_short.h
gsl-1.4/block/gsl_block_uchar.h
gsl-1.4/block/gsl_block_uint.h
gsl-1.4/block/gsl_block_ulong.h
gsl-1.4/block/gsl_block_ushort.h
gsl-1.4/block/gsl_check_range.h
gsl-1.4/block/ChangeLog
gsl-1.4/block/Makefile.am
gsl-1.4/block/Makefile.in
gsl-1.4/block/init.c
gsl-1.4/block/file.c
gsl-1.4/block/block.c
gsl-1.4/block/test.c
gsl-1.4/vector/
gsl-1.4/vector/vector_source.c
gsl-1.4/vector/init_source.c
gsl-1.4/vector/file_source.c
gsl-1.4/vector/copy_source.c
gsl-1.4/vector/swap_source.c
gsl-1.4/vector/prop_source.c
gsl-1.4/vector/test_complex_source.c
gsl-1.4/vector/test_source.c
gsl-1.4/vector/test_io.c
gsl-1.4/vector/test_complex_io.c
gsl-1.4/vector/minmax_source.c
gsl-1.4/vector/oper_source.c
gsl-1.4/vector/reim_source.c
gsl-1.4/vector/subvector_source.c
gsl-1.4/vector/view_source.c
gsl-1.4/vector/gsl_vector.h
gsl-1.4/vector/gsl_vector_char.h
gsl-1.4/vector/gsl_vector_complex.h
gsl-1.4/vector/gsl_vector_complex_double.h
gsl-1.4/vector/gsl_vector_complex_float.h
gsl-1.4/vector/gsl_vector_complex_long_double.h
gsl-1.4/vector/gsl_vector_double.h
gsl-1.4/vector/gsl_vector_float.h
gsl-1.4/vector/gsl_vector_int.h
gsl-1.4/vector/gsl_vector_long.h
gsl-1.4/vector/gsl_vector_long_double.h
gsl-1.4/vector/gsl_vector_short.h
gsl-1.4/vector/gsl_vector_uchar.h
gsl-1.4/vector/gsl_vector_uint.h
gsl-1.4/vector/gsl_vector_ulong.h
gsl-1.4/vector/gsl_vector_ushort.h
gsl-1.4/vector/ChangeLog
gsl-1.4/vector/Makefile.am
gsl-1.4/vector/Makefile.in
gsl-1.4/vector/TODO
gsl-1.4/vector/init.c
gsl-1.4/vector/file.c
gsl-1.4/vector/vector.c
gsl-1.4/vector/copy.c
gsl-1.4/vector/swap.c
gsl-1.4/vector/prop.c
gsl-1.4/vector/minmax.c
gsl-1.4/vector/oper.c
gsl-1.4/vector/reim.c
gsl-1.4/vector/subvector.c
gsl-1.4/vector/view.c
gsl-1.4/vector/view.h
gsl-1.4/vector/test.c
gsl-1.4/vector/test_static.c
gsl-1.4/matrix/
gsl-1.4/matrix/matrix_source.c
gsl-1.4/matrix/init_source.c
gsl-1.4/matrix/file_source.c
gsl-1.4/matrix/rowcol_source.c
gsl-1.4/matrix/swap_source.c
gsl-1.4/matrix/copy_source.c
gsl-1.4/matrix/test_complex_source.c
gsl-1.4/matrix/test_source.c
gsl-1.4/matrix/minmax_source.c
gsl-1.4/matrix/prop_source.c
gsl-1.4/matrix/oper_source.c
gsl-1.4/matrix/getset_source.c
gsl-1.4/matrix/view_source.c
gsl-1.4/matrix/submatrix_source.c
gsl-1.4/matrix/oper_complex_source.c
gsl-1.4/matrix/gsl_matrix.h
gsl-1.4/matrix/gsl_matrix_char.h
gsl-1.4/matrix/gsl_matrix_complex_double.h
gsl-1.4/matrix/gsl_matrix_complex_float.h
gsl-1.4/matrix/gsl_matrix_complex_long_double.h
gsl-1.4/matrix/gsl_matrix_double.h
gsl-1.4/matrix/gsl_matrix_float.h
gsl-1.4/matrix/gsl_matrix_int.h
gsl-1.4/matrix/gsl_matrix_long.h
gsl-1.4/matrix/gsl_matrix_long_double.h
gsl-1.4/matrix/gsl_matrix_short.h
gsl-1.4/matrix/gsl_matrix_uchar.h
gsl-1.4/matrix/gsl_matrix_uint.h
gsl-1.4/matrix/gsl_matrix_ulong.h
gsl-1.4/matrix/gsl_matrix_ushort.h
gsl-1.4/matrix/ChangeLog
gsl-1.4/matrix/Makefile.am
gsl-1.4/matrix/Makefile.in
gsl-1.4/matrix/TODO
gsl-1.4/matrix/init.c
gsl-1.4/matrix/matrix.c
gsl-1.4/matrix/file.c
gsl-1.4/matrix/rowcol.c
gsl-1.4/matrix/swap.c
gsl-1.4/matrix/copy.c
gsl-1.4/matrix/minmax.c
gsl-1.4/matrix/prop.c
gsl-1.4/matrix/oper.c
gsl-1.4/matrix/getset.c
gsl-1.4/matrix/view.c
gsl-1.4/matrix/submatrix.c
gsl-1.4/matrix/view.h
gsl-1.4/matrix/test.c
gsl-1.4/matrix/test_static.c
gsl-1.4/permutation/
gsl-1.4/permutation/permute_source.c
gsl-1.4/permutation/gsl_permutation.h
gsl-1.4/permutation/gsl_permute.h
gsl-1.4/permutation/gsl_permute_char.h
gsl-1.4/permutation/gsl_permute_complex_double.h
gsl-1.4/permutation/gsl_permute_complex_float.h
gsl-1.4/permutation/gsl_permute_complex_long_double.h
gsl-1.4/permutation/gsl_permute_double.h
gsl-1.4/permutation/gsl_permute_float.h
gsl-1.4/permutation/gsl_permute_int.h
gsl-1.4/permutation/gsl_permute_long.h
gsl-1.4/permutation/gsl_permute_long_double.h
gsl-1.4/permutation/gsl_permute_short.h
gsl-1.4/permutation/gsl_permute_uchar.h
gsl-1.4/permutation/gsl_permute_uint.h
gsl-1.4/permutation/gsl_permute_ulong.h
gsl-1.4/permutation/gsl_permute_ushort.h
gsl-1.4/permutation/gsl_permute_vector.h
gsl-1.4/permutation/gsl_permute_vector_char.h
gsl-1.4/permutation/gsl_permute_vector_complex_double.h
gsl-1.4/permutation/gsl_permute_vector_complex_float.h
gsl-1.4/permutation/gsl_permute_vector_complex_long_double.h
gsl-1.4/permutation/gsl_permute_vector_double.h
gsl-1.4/permutation/gsl_permute_vector_float.h
gsl-1.4/permutation/gsl_permute_vector_int.h
gsl-1.4/permutation/gsl_permute_vector_long.h
gsl-1.4/permutation/gsl_permute_vector_long_double.h
gsl-1.4/permutation/gsl_permute_vector_short.h
gsl-1.4/permutation/gsl_permute_vector_uchar.h
gsl-1.4/permutation/gsl_permute_vector_uint.h
gsl-1.4/permutation/gsl_permute_vector_ulong.h
gsl-1.4/permutation/gsl_permute_vector_ushort.h
gsl-1.4/permutation/ChangeLog
gsl-1.4/permutation/Makefile.am
gsl-1.4/permutation/Makefile.in
gsl-1.4/permutation/init.c
gsl-1.4/permutation/file.c
gsl-1.4/permutation/permutation.c
gsl-1.4/permutation/permute.c
gsl-1.4/permutation/canonical.c
gsl-1.4/permutation/test.c
gsl-1.4/combination/
gsl-1.4/combination/gsl_combination.h
gsl-1.4/combination/ChangeLog
gsl-1.4/combination/Makefile.am
gsl-1.4/combination/Makefile.in
gsl-1.4/combination/init.c
gsl-1.4/combination/file.c
gsl-1.4/combination/combination.c
gsl-1.4/combination/test.c
gsl-1.4/sort/
gsl-1.4/sort/sortvec_source.c
gsl-1.4/sort/sortvecind_source.c
gsl-1.4/sort/subset_source.c
gsl-1.4/sort/subsetind_source.c
gsl-1.4/sort/test_source.c
gsl-1.4/sort/test_heapsort.c
gsl-1.4/sort/gsl_heapsort.h
gsl-1.4/sort/gsl_sort.h
gsl-1.4/sort/gsl_sort_char.h
gsl-1.4/sort/gsl_sort_double.h
gsl-1.4/sort/gsl_sort_float.h
gsl-1.4/sort/gsl_sort_int.h
gsl-1.4/sort/gsl_sort_long.h
gsl-1.4/sort/gsl_sort_long_double.h
gsl-1.4/sort/gsl_sort_short.h
gsl-1.4/sort/gsl_sort_uchar.h
gsl-1.4/sort/gsl_sort_uint.h
gsl-1.4/sort/gsl_sort_ulong.h
gsl-1.4/sort/gsl_sort_ushort.h
gsl-1.4/sort/gsl_sort_vector.h
gsl-1.4/sort/gsl_sort_vector_char.h
gsl-1.4/sort/gsl_sort_vector_double.h
gsl-1.4/sort/gsl_sort_vector_float.h
gsl-1.4/sort/gsl_sort_vector_int.h
gsl-1.4/sort/gsl_sort_vector_long.h
gsl-1.4/sort/gsl_sort_vector_long_double.h
gsl-1.4/sort/gsl_sort_vector_short.h
gsl-1.4/sort/gsl_sort_vector_uchar.h
gsl-1.4/sort/gsl_sort_vector_uint.h
gsl-1.4/sort/gsl_sort_vector_ulong.h
gsl-1.4/sort/gsl_sort_vector_ushort.h
gsl-1.4/sort/ChangeLog
gsl-1.4/sort/Makefile.am
gsl-1.4/sort/Makefile.in
gsl-1.4/sort/TODO
gsl-1.4/sort/sort.c
gsl-1.4/sort/sortind.c
gsl-1.4/sort/sortvec.c
gsl-1.4/sort/sortvecind.c
gsl-1.4/sort/subset.c
gsl-1.4/sort/subsetind.c
gsl-1.4/sort/test.c
gsl-1.4/ieee-utils/
gsl-1.4/ieee-utils/fp-aix.c
gsl-1.4/ieee-utils/fp-darwin.c
gsl-1.4/ieee-utils/fp-hpux.c
gsl-1.4/ieee-utils/fp-hpux11.c
gsl-1.4/ieee-utils/fp-irix.c
gsl-1.4/ieee-utils/fp-gnum68k.c
gsl-1.4/ieee-utils/fp-gnuppc.c
gsl-1.4/ieee-utils/fp-solaris.c
gsl-1.4/ieee-utils/fp-gnusparc.c
gsl-1.4/ieee-utils/fp-sunos4.c
gsl-1.4/ieee-utils/fp-tru64.c
gsl-1.4/ieee-utils/fp-unknown.c
gsl-1.4/ieee-utils/fp-gnux86.c
gsl-1.4/ieee-utils/fp-freebsd.c
gsl-1.4/ieee-utils/fp-os2emx.c
gsl-1.4/ieee-utils/fp-netbsd.c
gsl-1.4/ieee-utils/fp-openbsd.c
gsl-1.4/ieee-utils/fp-gnuc99.c
gsl-1.4/ieee-utils/endian.c
gsl-1.4/ieee-utils/standardize.c
gsl-1.4/ieee-utils/gsl_ieee_utils.h
gsl-1.4/ieee-utils/ChangeLog
gsl-1.4/ieee-utils/Makefile.am
gsl-1.4/ieee-utils/Makefile.in
gsl-1.4/ieee-utils/TODO
gsl-1.4/ieee-utils/print.c
gsl-1.4/ieee-utils/make_rep.c
gsl-1.4/ieee-utils/env.c
gsl-1.4/ieee-utils/fp.c
gsl-1.4/ieee-utils/read.c
gsl-1.4/ieee-utils/test.c
gsl-1.4/cblas/
gsl-1.4/cblas/tests.c
gsl-1.4/cblas/tests.h
gsl-1.4/cblas/cblas.h
gsl-1.4/cblas/source_asum_c.h
gsl-1.4/cblas/source_asum_r.h
gsl-1.4/cblas/source_axpy_c.h
gsl-1.4/cblas/source_axpy_r.h
gsl-1.4/cblas/source_copy_c.h
gsl-1.4/cblas/source_copy_r.h
gsl-1.4/cblas/source_dot_c.h
gsl-1.4/cblas/source_dot_r.h
gsl-1.4/cblas/source_gbmv_c.h
gsl-1.4/cblas/source_gbmv_r.h
gsl-1.4/cblas/source_gemm_c.h
gsl-1.4/cblas/source_gemm_r.h
gsl-1.4/cblas/source_gemv_c.h
gsl-1.4/cblas/source_gemv_r.h
gsl-1.4/cblas/source_ger.h
gsl-1.4/cblas/source_gerc.h
gsl-1.4/cblas/source_geru.h
gsl-1.4/cblas/source_hbmv.h
gsl-1.4/cblas/source_hemm.h
gsl-1.4/cblas/source_hemv.h
gsl-1.4/cblas/source_her.h
gsl-1.4/cblas/source_her2.h
gsl-1.4/cblas/source_her2k.h
gsl-1.4/cblas/source_herk.h
gsl-1.4/cblas/source_hpmv.h
gsl-1.4/cblas/source_hpr.h
gsl-1.4/cblas/source_hpr2.h
gsl-1.4/cblas/source_iamax_c.h
gsl-1.4/cblas/source_iamax_r.h
gsl-1.4/cblas/source_nrm2_c.h
gsl-1.4/cblas/source_nrm2_r.h
gsl-1.4/cblas/source_rot.h
gsl-1.4/cblas/source_rotg.h
gsl-1.4/cblas/source_rotm.h
gsl-1.4/cblas/source_rotmg.h
gsl-1.4/cblas/source_sbmv.h
gsl-1.4/cblas/source_scal_c.h
gsl-1.4/cblas/source_scal_c_s.h
gsl-1.4/cblas/source_scal_r.h
gsl-1.4/cblas/source_spmv.h
gsl-1.4/cblas/source_spr.h
gsl-1.4/cblas/source_spr2.h
gsl-1.4/cblas/source_swap_c.h
gsl-1.4/cblas/source_swap_r.h
gsl-1.4/cblas/source_symm_c.h
gsl-1.4/cblas/source_symm_r.h
gsl-1.4/cblas/source_symv.h
gsl-1.4/cblas/source_syr.h
gsl-1.4/cblas/source_syr2.h
gsl-1.4/cblas/source_syr2k_c.h
gsl-1.4/cblas/source_syr2k_r.h
gsl-1.4/cblas/source_syrk_c.h
gsl-1.4/cblas/source_syrk_r.h
gsl-1.4/cblas/source_tbmv_c.h
gsl-1.4/cblas/source_tbmv_r.h
gsl-1.4/cblas/source_tbsv_c.h
gsl-1.4/cblas/source_tbsv_r.h
gsl-1.4/cblas/source_tpmv_c.h
gsl-1.4/cblas/source_tpmv_r.h
gsl-1.4/cblas/source_tpsv_c.h
gsl-1.4/cblas/source_tpsv_r.h
gsl-1.4/cblas/source_trmm_c.h
gsl-1.4/cblas/source_trmm_r.h
gsl-1.4/cblas/source_trmv_c.h
gsl-1.4/cblas/source_trmv_r.h
gsl-1.4/cblas/source_trsm_c.h
gsl-1.4/cblas/source_trsm_r.h
gsl-1.4/cblas/source_trsv_c.h
gsl-1.4/cblas/source_trsv_r.h
gsl-1.4/cblas/hypot.c
gsl-1.4/cblas/gsl_cblas.h
gsl-1.4/cblas/ChangeLog
gsl-1.4/cblas/Makefile.am
gsl-1.4/cblas/Makefile.in
gsl-1.4/cblas/TODO
gsl-1.4/cblas/sasum.c
gsl-1.4/cblas/saxpy.c
gsl-1.4/cblas/scasum.c
gsl-1.4/cblas/scnrm2.c
gsl-1.4/cblas/scopy.c
gsl-1.4/cblas/sdot.c
gsl-1.4/cblas/sdsdot.c
gsl-1.4/cblas/sgbmv.c
gsl-1.4/cblas/sgemm.c
gsl-1.4/cblas/sgemv.c
gsl-1.4/cblas/sger.c
gsl-1.4/cblas/snrm2.c
gsl-1.4/cblas/srot.c
gsl-1.4/cblas/srotg.c
gsl-1.4/cblas/srotm.c
gsl-1.4/cblas/srotmg.c
gsl-1.4/cblas/ssbmv.c
gsl-1.4/cblas/sscal.c
gsl-1.4/cblas/sspmv.c
gsl-1.4/cblas/sspr.c
gsl-1.4/cblas/sspr2.c
gsl-1.4/cblas/sswap.c
gsl-1.4/cblas/ssymm.c
gsl-1.4/cblas/ssymv.c
gsl-1.4/cblas/ssyr.c
gsl-1.4/cblas/ssyr2.c
gsl-1.4/cblas/ssyr2k.c
gsl-1.4/cblas/ssyrk.c
gsl-1.4/cblas/stbmv.c
gsl-1.4/cblas/stbsv.c
gsl-1.4/cblas/stpmv.c
gsl-1.4/cblas/stpsv.c
gsl-1.4/cblas/strmm.c
gsl-1.4/cblas/strmv.c
gsl-1.4/cblas/strsm.c
gsl-1.4/cblas/strsv.c
gsl-1.4/cblas/dasum.c
gsl-1.4/cblas/daxpy.c
gsl-1.4/cblas/dcopy.c
gsl-1.4/cblas/ddot.c
gsl-1.4/cblas/dgbmv.c
gsl-1.4/cblas/dgemm.c
gsl-1.4/cblas/dgemv.c
gsl-1.4/cblas/dger.c
gsl-1.4/cblas/dnrm2.c
gsl-1.4/cblas/drot.c
gsl-1.4/cblas/drotg.c
gsl-1.4/cblas/drotm.c
gsl-1.4/cblas/drotmg.c
gsl-1.4/cblas/dsbmv.c
gsl-1.4/cblas/dscal.c
gsl-1.4/cblas/dsdot.c
gsl-1.4/cblas/dspmv.c
gsl-1.4/cblas/dspr.c
gsl-1.4/cblas/dspr2.c
gsl-1.4/cblas/dswap.c
gsl-1.4/cblas/dsymm.c
gsl-1.4/cblas/dsymv.c
gsl-1.4/cblas/dsyr.c
gsl-1.4/cblas/dsyr2.c
gsl-1.4/cblas/dsyr2k.c
gsl-1.4/cblas/dsyrk.c
gsl-1.4/cblas/dtbmv.c
gsl-1.4/cblas/dtbsv.c
gsl-1.4/cblas/dtpmv.c
gsl-1.4/cblas/dtpsv.c
gsl-1.4/cblas/dtrmm.c
gsl-1.4/cblas/dtrmv.c
gsl-1.4/cblas/dtrsm.c
gsl-1.4/cblas/dtrsv.c
gsl-1.4/cblas/dzasum.c
gsl-1.4/cblas/dznrm2.c
gsl-1.4/cblas/caxpy.c
gsl-1.4/cblas/ccopy.c
gsl-1.4/cblas/cdotc_sub.c
gsl-1.4/cblas/cdotu_sub.c
gsl-1.4/cblas/cgbmv.c
gsl-1.4/cblas/cgemm.c
gsl-1.4/cblas/cgemv.c
gsl-1.4/cblas/cgerc.c
gsl-1.4/cblas/cgeru.c
gsl-1.4/cblas/chbmv.c
gsl-1.4/cblas/chemm.c
gsl-1.4/cblas/chemv.c
gsl-1.4/cblas/cher.c
gsl-1.4/cblas/cher2.c
gsl-1.4/cblas/cher2k.c
gsl-1.4/cblas/cherk.c
gsl-1.4/cblas/chpmv.c
gsl-1.4/cblas/chpr.c
gsl-1.4/cblas/chpr2.c
gsl-1.4/cblas/cscal.c
gsl-1.4/cblas/csscal.c
gsl-1.4/cblas/cswap.c
gsl-1.4/cblas/csymm.c
gsl-1.4/cblas/csyr2k.c
gsl-1.4/cblas/csyrk.c
gsl-1.4/cblas/ctbmv.c
gsl-1.4/cblas/ctbsv.c
gsl-1.4/cblas/ctpmv.c
gsl-1.4/cblas/ctpsv.c
gsl-1.4/cblas/ctrmm.c
gsl-1.4/cblas/ctrmv.c
gsl-1.4/cblas/ctrsm.c
gsl-1.4/cblas/ctrsv.c
gsl-1.4/cblas/zaxpy.c
gsl-1.4/cblas/zcopy.c
gsl-1.4/cblas/zdotc_sub.c
gsl-1.4/cblas/zdotu_sub.c
gsl-1.4/cblas/zdscal.c
gsl-1.4/cblas/zgbmv.c
gsl-1.4/cblas/zgemm.c
gsl-1.4/cblas/zgemv.c
gsl-1.4/cblas/zgerc.c
gsl-1.4/cblas/zgeru.c
gsl-1.4/cblas/zhbmv.c
gsl-1.4/cblas/zhemm.c
gsl-1.4/cblas/zhemv.c
gsl-1.4/cblas/zher.c
gsl-1.4/cblas/zher2.c
gsl-1.4/cblas/zher2k.c
gsl-1.4/cblas/zherk.c
gsl-1.4/cblas/zhpmv.c
gsl-1.4/cblas/zhpr.c
gsl-1.4/cblas/zhpr2.c
gsl-1.4/cblas/zscal.c
gsl-1.4/cblas/zswap.c
gsl-1.4/cblas/zsymm.c
gsl-1.4/cblas/zsyr2k.c
gsl-1.4/cblas/zsyrk.c
gsl-1.4/cblas/ztbmv.c
gsl-1.4/cblas/ztbsv.c
gsl-1.4/cblas/ztpmv.c
gsl-1.4/cblas/ztpsv.c
gsl-1.4/cblas/ztrmm.c
gsl-1.4/cblas/ztrmv.c
gsl-1.4/cblas/ztrsm.c
gsl-1.4/cblas/ztrsv.c
gsl-1.4/cblas/icamax.c
gsl-1.4/cblas/idamax.c
gsl-1.4/cblas/isamax.c
gsl-1.4/cblas/izamax.c
gsl-1.4/cblas/xerbla.c
gsl-1.4/cblas/test.c
gsl-1.4/cblas/test_amax.c
gsl-1.4/cblas/test_asum.c
gsl-1.4/cblas/test_axpy.c
gsl-1.4/cblas/test_copy.c
gsl-1.4/cblas/test_dot.c
gsl-1.4/cblas/test_gbmv.c
gsl-1.4/cblas/test_gemm.c
gsl-1.4/cblas/test_gemv.c
gsl-1.4/cblas/test_ger.c
gsl-1.4/cblas/test_hbmv.c
gsl-1.4/cblas/test_hemm.c
gsl-1.4/cblas/test_hemv.c
gsl-1.4/cblas/test_her.c
gsl-1.4/cblas/test_her2.c
gsl-1.4/cblas/test_her2k.c
gsl-1.4/cblas/test_herk.c
gsl-1.4/cblas/test_hpmv.c
gsl-1.4/cblas/test_hpr.c
gsl-1.4/cblas/test_hpr2.c
gsl-1.4/cblas/test_nrm2.c
gsl-1.4/cblas/test_rot.c
gsl-1.4/cblas/test_rotg.c
gsl-1.4/cblas/test_rotm.c
gsl-1.4/cblas/test_rotmg.c
gsl-1.4/cblas/test_sbmv.c
gsl-1.4/cblas/test_scal.c
gsl-1.4/cblas/test_spmv.c
gsl-1.4/cblas/test_spr.c
gsl-1.4/cblas/test_spr2.c
gsl-1.4/cblas/test_swap.c
gsl-1.4/cblas/test_symm.c
gsl-1.4/cblas/test_symv.c
gsl-1.4/cblas/test_syr.c
gsl-1.4/cblas/test_syr2.c
gsl-1.4/cblas/test_syr2k.c
gsl-1.4/cblas/test_syrk.c
gsl-1.4/cblas/test_tbmv.c
gsl-1.4/cblas/test_tbsv.c
gsl-1.4/cblas/test_tpmv.c
gsl-1.4/cblas/test_tpsv.c
gsl-1.4/cblas/test_trmm.c
gsl-1.4/cblas/test_trmv.c
gsl-1.4/cblas/test_trsm.c
gsl-1.4/cblas/test_trsv.c
gsl-1.4/blas/
gsl-1.4/blas/gsl_blas.h
gsl-1.4/blas/gsl_blas_types.h
gsl-1.4/blas/ChangeLog
gsl-1.4/blas/Makefile.am
gsl-1.4/blas/Makefile.in
gsl-1.4/blas/TODO
gsl-1.4/blas/blas.c
gsl-1.4/linalg/
gsl-1.4/linalg/givens.c
gsl-1.4/linalg/apply_givens.c
gsl-1.4/linalg/svdstep.c
gsl-1.4/linalg/tridiag.h
gsl-1.4/linalg/gsl_linalg.h
gsl-1.4/linalg/ChangeLog
gsl-1.4/linalg/Makefile.am
gsl-1.4/linalg/Makefile.in
gsl-1.4/linalg/TODO
gsl-1.4/linalg/multiply.c
gsl-1.4/linalg/exponential.c
gsl-1.4/linalg/tridiag.c
gsl-1.4/linalg/lu.c
gsl-1.4/linalg/luc.c
gsl-1.4/linalg/hh.c
gsl-1.4/linalg/qr.c
gsl-1.4/linalg/qrpt.c
gsl-1.4/linalg/svd.c
gsl-1.4/linalg/householder.c
gsl-1.4/linalg/householdercomplex.c
gsl-1.4/linalg/cholesky.c
gsl-1.4/linalg/symmtd.c
gsl-1.4/linalg/hermtd.c
gsl-1.4/linalg/bidiag.c
gsl-1.4/linalg/balance.c
gsl-1.4/linalg/test.c
gsl-1.4/eigen/
gsl-1.4/eigen/qrstep.c
gsl-1.4/eigen/gsl_eigen.h
gsl-1.4/eigen/ChangeLog
gsl-1.4/eigen/Makefile.am
gsl-1.4/eigen/Makefile.in
gsl-1.4/eigen/TODO
gsl-1.4/eigen/jacobi.c
gsl-1.4/eigen/symm.c
gsl-1.4/eigen/symmv.c
gsl-1.4/eigen/herm.c
gsl-1.4/eigen/hermv.c
gsl-1.4/eigen/sort.c
gsl-1.4/eigen/test.c
gsl-1.4/specfunc/
gsl-1.4/specfunc/bessel_amp_phase.h
gsl-1.4/specfunc/bessel_olver.h
gsl-1.4/specfunc/bessel_temme.h
gsl-1.4/specfunc/bessel.h
gsl-1.4/specfunc/hyperg.h
gsl-1.4/specfunc/legendre.h
gsl-1.4/specfunc/eval.h
gsl-1.4/specfunc/chebyshev.h
gsl-1.4/specfunc/cheb_eval.c
gsl-1.4/specfunc/cheb_eval_mode.c
gsl-1.4/specfunc/check.h
gsl-1.4/specfunc/error.h
gsl-1.4/specfunc/gsl_sf.h
gsl-1.4/specfunc/gsl_sf_airy.h
gsl-1.4/specfunc/gsl_sf_bessel.h
gsl-1.4/specfunc/gsl_sf_clausen.h
gsl-1.4/specfunc/gsl_sf_coulomb.h
gsl-1.4/specfunc/gsl_sf_coupling.h
gsl-1.4/specfunc/gsl_sf_dawson.h
gsl-1.4/specfunc/gsl_sf_debye.h
gsl-1.4/specfunc/gsl_sf_dilog.h
gsl-1.4/specfunc/gsl_sf_elementary.h
gsl-1.4/specfunc/gsl_sf_ellint.h
gsl-1.4/specfunc/gsl_sf_elljac.h
gsl-1.4/specfunc/gsl_sf_erf.h
gsl-1.4/specfunc/gsl_sf_exp.h
gsl-1.4/specfunc/gsl_sf_expint.h
gsl-1.4/specfunc/gsl_sf_fermi_dirac.h
gsl-1.4/specfunc/gsl_sf_gamma.h
gsl-1.4/specfunc/gsl_sf_gegenbauer.h
gsl-1.4/specfunc/gsl_sf_hyperg.h
gsl-1.4/specfunc/gsl_sf_laguerre.h
gsl-1.4/specfunc/gsl_sf_lambert.h
gsl-1.4/specfunc/gsl_sf_legendre.h
gsl-1.4/specfunc/gsl_sf_log.h
gsl-1.4/specfunc/gsl_sf_pow_int.h
gsl-1.4/specfunc/gsl_sf_psi.h
gsl-1.4/specfunc/gsl_sf_result.h
gsl-1.4/specfunc/gsl_sf_synchrotron.h
gsl-1.4/specfunc/gsl_sf_transport.h
gsl-1.4/specfunc/gsl_sf_trig.h
gsl-1.4/specfunc/gsl_sf_zeta.h
gsl-1.4/specfunc/gsl_specfunc.h
gsl-1.4/specfunc/ChangeLog
gsl-1.4/specfunc/Makefile.am
gsl-1.4/specfunc/Makefile.in
gsl-1.4/specfunc/TODO
gsl-1.4/specfunc/airy.c
gsl-1.4/specfunc/airy_der.c
gsl-1.4/specfunc/airy_zero.c
gsl-1.4/specfunc/atanint.c
gsl-1.4/specfunc/bessel.c
gsl-1.4/specfunc/bessel_I0.c
gsl-1.4/specfunc/bessel_I1.c
gsl-1.4/specfunc/bessel_In.c
gsl-1.4/specfunc/bessel_Inu.c
gsl-1.4/specfunc/bessel_J0.c
gsl-1.4/specfunc/bessel_J1.c
gsl-1.4/specfunc/bessel_Jn.c
gsl-1.4/specfunc/bessel_Jnu.c
gsl-1.4/specfunc/bessel_K0.c
gsl-1.4/specfunc/bessel_K1.c
gsl-1.4/specfunc/bessel_Kn.c
gsl-1.4/specfunc/bessel_Knu.c
gsl-1.4/specfunc/bessel_Y0.c
gsl-1.4/specfunc/bessel_Y1.c
gsl-1.4/specfunc/bessel_Yn.c
gsl-1.4/specfunc/bessel_Ynu.c
gsl-1.4/specfunc/bessel_amp_phase.c
gsl-1.4/specfunc/bessel_i.c
gsl-1.4/specfunc/bessel_j.c
gsl-1.4/specfunc/bessel_k.c
gsl-1.4/specfunc/bessel_olver.c
gsl-1.4/specfunc/bessel_temme.c
gsl-1.4/specfunc/bessel_y.c
gsl-1.4/specfunc/bessel_zero.c
gsl-1.4/specfunc/bessel_sequence.c
gsl-1.4/specfunc/beta.c
gsl-1.4/specfunc/beta_inc.c
gsl-1.4/specfunc/clausen.c
gsl-1.4/specfunc/coulomb.c
gsl-1.4/specfunc/coupling.c
gsl-1.4/specfunc/coulomb_bound.c
gsl-1.4/specfunc/dawson.c
gsl-1.4/specfunc/debye.c
gsl-1.4/specfunc/dilog.c
gsl-1.4/specfunc/elementary.c
gsl-1.4/specfunc/ellint.c
gsl-1.4/specfunc/elljac.c
gsl-1.4/specfunc/erfc.c
gsl-1.4/specfunc/exp.c
gsl-1.4/specfunc/expint.c
gsl-1.4/specfunc/expint3.c
gsl-1.4/specfunc/fermi_dirac.c
gsl-1.4/specfunc/gegenbauer.c
gsl-1.4/specfunc/gamma.c
gsl-1.4/specfunc/gamma_inc.c
gsl-1.4/specfunc/hyperg_0F1.c
gsl-1.4/specfunc/hyperg_2F0.c
gsl-1.4/specfunc/hyperg_1F1.c
gsl-1.4/specfunc/hyperg_2F1.c
gsl-1.4/specfunc/hyperg_U.c
gsl-1.4/specfunc/hyperg.c
gsl-1.4/specfunc/laguerre.c
gsl-1.4/specfunc/lambert.c
gsl-1.4/specfunc/legendre_H3d.c
gsl-1.4/specfunc/legendre_Qn.c
gsl-1.4/specfunc/legendre_con.c
gsl-1.4/specfunc/legendre_poly.c
gsl-1.4/specfunc/log.c
gsl-1.4/specfunc/poch.c
gsl-1.4/specfunc/pow_int.c
gsl-1.4/specfunc/psi.c
gsl-1.4/specfunc/recurse.h
gsl-1.4/specfunc/result.c
gsl-1.4/specfunc/shint.c
gsl-1.4/specfunc/sinint.c
gsl-1.4/specfunc/synchrotron.c
gsl-1.4/specfunc/transport.c
gsl-1.4/specfunc/trig.c
gsl-1.4/specfunc/zeta.c
gsl-1.4/specfunc/test_sf.c
gsl-1.4/specfunc/test_sf.h
gsl-1.4/specfunc/test_airy.c
gsl-1.4/specfunc/test_bessel.c
gsl-1.4/specfunc/test_coulomb.c
gsl-1.4/specfunc/test_dilog.c
gsl-1.4/specfunc/test_gamma.c
gsl-1.4/specfunc/test_hyperg.c
gsl-1.4/specfunc/test_legendre.c
gsl-1.4/dht/
gsl-1.4/dht/gsl_dht.h
gsl-1.4/dht/ChangeLog
gsl-1.4/dht/Makefile.am
gsl-1.4/dht/Makefile.in
gsl-1.4/dht/dht.c
gsl-1.4/dht/test.c
gsl-1.4/qrng/
gsl-1.4/qrng/gsl_qrng.h
gsl-1.4/qrng/ChangeLog
gsl-1.4/qrng/Makefile.am
gsl-1.4/qrng/Makefile.in
gsl-1.4/qrng/TODO
gsl-1.4/qrng/qrng.c
gsl-1.4/qrng/niederreiter-2.c
gsl-1.4/qrng/sobol.c
gsl-1.4/qrng/test.c
gsl-1.4/rng/
gsl-1.4/rng/schrage.c
gsl-1.4/rng/gsl_rng.h
gsl-1.4/rng/ChangeLog
gsl-1.4/rng/Makefile.am
gsl-1.4/rng/Makefile.in
gsl-1.4/rng/TODO
gsl-1.4/rng/borosh13.c
gsl-1.4/rng/cmrg.c
gsl-1.4/rng/coveyou.c
gsl-1.4/rng/default.c
gsl-1.4/rng/file.c
gsl-1.4/rng/fishman18.c
gsl-1.4/rng/fishman20.c
gsl-1.4/rng/fishman2x.c
gsl-1.4/rng/gfsr4.c
gsl-1.4/rng/knuthran2.c
gsl-1.4/rng/knuthran.c
gsl-1.4/rng/lecuyer21.c
gsl-1.4/rng/minstd.c
gsl-1.4/rng/mrg.c
gsl-1.4/rng/mt.c
gsl-1.4/rng/r250.c
gsl-1.4/rng/ran0.c
gsl-1.4/rng/ran1.c
gsl-1.4/rng/ran2.c
gsl-1.4/rng/ran3.c
gsl-1.4/rng/rand48.c
gsl-1.4/rng/rand.c
gsl-1.4/rng/random.c
gsl-1.4/rng/randu.c
gsl-1.4/rng/ranf.c
gsl-1.4/rng/ranlux.c
gsl-1.4/rng/ranlxd.c
gsl-1.4/rng/ranlxs.c
gsl-1.4/rng/ranmar.c
gsl-1.4/rng/rng.c
gsl-1.4/rng/slatec.c
gsl-1.4/rng/taus.c
gsl-1.4/rng/taus113.c
gsl-1.4/rng/transputer.c
gsl-1.4/rng/tt.c
gsl-1.4/rng/types.c
gsl-1.4/rng/uni32.c
gsl-1.4/rng/uni.c
gsl-1.4/rng/vax.c
gsl-1.4/rng/waterman14.c
gsl-1.4/rng/zuf.c
gsl-1.4/rng/test.c
gsl-1.4/randist/
gsl-1.4/randist/gsl_randist.h
gsl-1.4/randist/ChangeLog
gsl-1.4/randist/Makefile.am
gsl-1.4/randist/Makefile.in
gsl-1.4/randist/TODO
gsl-1.4/randist/bernoulli.c
gsl-1.4/randist/beta.c
gsl-1.4/randist/bigauss.c
gsl-1.4/randist/binomial.c
gsl-1.4/randist/cauchy.c
gsl-1.4/randist/chisq.c
gsl-1.4/randist/dirichlet.c
gsl-1.4/randist/discrete.c
gsl-1.4/randist/erlang.c
gsl-1.4/randist/exponential.c
gsl-1.4/randist/exppow.c
gsl-1.4/randist/fdist.c
gsl-1.4/randist/flat.c
gsl-1.4/randist/gamma.c
gsl-1.4/randist/gauss.c
gsl-1.4/randist/gausstail.c
gsl-1.4/randist/geometric.c
gsl-1.4/randist/gumbel.c
gsl-1.4/randist/hyperg.c
gsl-1.4/randist/laplace.c
gsl-1.4/randist/levy.c
gsl-1.4/randist/logarithmic.c
gsl-1.4/randist/logistic.c
gsl-1.4/randist/lognormal.c
gsl-1.4/randist/multinomial.c
gsl-1.4/randist/nbinomial.c
gsl-1.4/randist/pareto.c
gsl-1.4/randist/pascal.c
gsl-1.4/randist/poisson.c
gsl-1.4/randist/rayleigh.c
gsl-1.4/randist/shuffle.c
gsl-1.4/randist/sphere.c
gsl-1.4/randist/tdist.c
gsl-1.4/randist/weibull.c
gsl-1.4/randist/landau.c
gsl-1.4/randist/binomial_tpe.c
gsl-1.4/randist/test.c
gsl-1.4/fft/
gsl-1.4/fft/c_pass.h
gsl-1.4/fft/hc_pass.h
gsl-1.4/fft/real_pass.h
gsl-1.4/fft/signals.h
gsl-1.4/fft/signals_source.c
gsl-1.4/fft/c_main.c
gsl-1.4/fft/c_init.c
gsl-1.4/fft/c_pass_2.c
gsl-1.4/fft/c_pass_3.c
gsl-1.4/fft/c_pass_4.c
gsl-1.4/fft/c_pass_5.c
gsl-1.4/fft/c_pass_6.c
gsl-1.4/fft/c_pass_7.c
gsl-1.4/fft/c_pass_n.c
gsl-1.4/fft/c_radix2.c
gsl-1.4/fft/bitreverse.c
gsl-1.4/fft/bitreverse.h
gsl-1.4/fft/factorize.c
gsl-1.4/fft/factorize.h
gsl-1.4/fft/hc_init.c
gsl-1.4/fft/hc_pass_2.c
gsl-1.4/fft/hc_pass_3.c
gsl-1.4/fft/hc_pass_4.c
gsl-1.4/fft/hc_pass_5.c
gsl-1.4/fft/hc_pass_n.c
gsl-1.4/fft/hc_radix2.c
gsl-1.4/fft/hc_unpack.c
gsl-1.4/fft/real.c
gsl-1.4/fft/real_init.c
gsl-1.4/fft/real_pass_2.c
gsl-1.4/fft/real_pass_3.c
gsl-1.4/fft/real_pass_4.c
gsl-1.4/fft/real_pass_5.c
gsl-1.4/fft/real_pass_n.c
gsl-1.4/fft/real_radix2.c
gsl-1.4/fft/real_unpack.c
gsl-1.4/fft/compare.h
gsl-1.4/fft/compare_source.c
gsl-1.4/fft/dft_source.c
gsl-1.4/fft/hc_main.c
gsl-1.4/fft/real_main.c
gsl-1.4/fft/test_complex_source.c
gsl-1.4/fft/test_real_source.c
gsl-1.4/fft/test_trap_source.c
gsl-1.4/fft/urand.c
gsl-1.4/fft/complex_internal.h
gsl-1.4/fft/gsl_fft.h
gsl-1.4/fft/gsl_fft_complex.h
gsl-1.4/fft/gsl_fft_halfcomplex.h
gsl-1.4/fft/gsl_fft_real.h
gsl-1.4/fft/gsl_dft_complex.h
gsl-1.4/fft/gsl_dft_complex_float.h
gsl-1.4/fft/gsl_fft_complex_float.h
gsl-1.4/fft/gsl_fft_halfcomplex_float.h
gsl-1.4/fft/gsl_fft_real_float.h
gsl-1.4/fft/ChangeLog
gsl-1.4/fft/Makefile.am
gsl-1.4/fft/Makefile.in
gsl-1.4/fft/TODO
gsl-1.4/fft/dft.c
gsl-1.4/fft/fft.c
gsl-1.4/fft/test.c
gsl-1.4/fft/signals.c
gsl-1.4/poly/
gsl-1.4/poly/balance.c
gsl-1.4/poly/companion.c
gsl-1.4/poly/norm.c
gsl-1.4/poly/qr.c
gsl-1.4/poly/gsl_poly.h
gsl-1.4/poly/ChangeLog
gsl-1.4/poly/Makefile.am
gsl-1.4/poly/Makefile.in
gsl-1.4/poly/TODO
gsl-1.4/poly/dd.c
gsl-1.4/poly/eval.c
gsl-1.4/poly/solve_quadratic.c
gsl-1.4/poly/solve_cubic.c
gsl-1.4/poly/zsolve_quadratic.c
gsl-1.4/poly/zsolve_cubic.c
gsl-1.4/poly/zsolve.c
gsl-1.4/poly/zsolve_init.c
gsl-1.4/poly/test.c
gsl-1.4/fit/
gsl-1.4/fit/gsl_fit.h
gsl-1.4/fit/ChangeLog
gsl-1.4/fit/Makefile.am
gsl-1.4/fit/Makefile.in
gsl-1.4/fit/linear.c
gsl-1.4/fit/test.c
gsl-1.4/multifit/
gsl-1.4/multifit/lmutil.c
gsl-1.4/multifit/lmpar.c
gsl-1.4/multifit/lmset.c
gsl-1.4/multifit/lmiterate.c
gsl-1.4/multifit/qrsolv.c
gsl-1.4/multifit/test_brown.c
gsl-1.4/multifit/test_enso.c
gsl-1.4/multifit/test_filip.c
gsl-1.4/multifit/test_fn.c
gsl-1.4/multifit/test_hahn1.c
gsl-1.4/multifit/test_kirby2.c
gsl-1.4/multifit/test_longley.c
gsl-1.4/multifit/test_nelson.c
gsl-1.4/multifit/test_pontius.c
gsl-1.4/multifit/gsl_multifit.h
gsl-1.4/multifit/gsl_multifit_nlin.h
gsl-1.4/multifit/ChangeLog
gsl-1.4/multifit/Makefile.am
gsl-1.4/multifit/Makefile.in
gsl-1.4/multifit/TODO
gsl-1.4/multifit/multilinear.c
gsl-1.4/multifit/work.c
gsl-1.4/multifit/lmder.c
gsl-1.4/multifit/fsolver.c
gsl-1.4/multifit/fdfsolver.c
gsl-1.4/multifit/convergence.c
gsl-1.4/multifit/gradient.c
gsl-1.4/multifit/covar.c
gsl-1.4/multifit/test.c
gsl-1.4/statistics/
gsl-1.4/statistics/mean_source.c
gsl-1.4/statistics/variance_source.c
gsl-1.4/statistics/covariance_source.c
gsl-1.4/statistics/absdev_source.c
gsl-1.4/statistics/skew_source.c
gsl-1.4/statistics/kurtosis_source.c
gsl-1.4/statistics/lag1_source.c
gsl-1.4/statistics/p_variance_source.c
gsl-1.4/statistics/minmax_source.c
gsl-1.4/statistics/ttest_source.c
gsl-1.4/statistics/median_source.c
gsl-1.4/statistics/quantiles_source.c
gsl-1.4/statistics/wmean_source.c
gsl-1.4/statistics/wvariance_source.c
gsl-1.4/statistics/wabsdev_source.c
gsl-1.4/statistics/wskew_source.c
gsl-1.4/statistics/wkurtosis_source.c
gsl-1.4/statistics/test_float_source.c
gsl-1.4/statistics/test_int_source.c
gsl-1.4/statistics/gsl_statistics.h
gsl-1.4/statistics/gsl_statistics_char.h
gsl-1.4/statistics/gsl_statistics_double.h
gsl-1.4/statistics/gsl_statistics_float.h
gsl-1.4/statistics/gsl_statistics_int.h
gsl-1.4/statistics/gsl_statistics_long.h
gsl-1.4/statistics/gsl_statistics_long_double.h
gsl-1.4/statistics/gsl_statistics_short.h
gsl-1.4/statistics/gsl_statistics_uchar.h
gsl-1.4/statistics/gsl_statistics_uint.h
gsl-1.4/statistics/gsl_statistics_ulong.h
gsl-1.4/statistics/gsl_statistics_ushort.h
gsl-1.4/statistics/ChangeLog
gsl-1.4/statistics/Makefile.am
gsl-1.4/statistics/Makefile.in
gsl-1.4/statistics/TODO
gsl-1.4/statistics/mean.c
gsl-1.4/statistics/variance.c
gsl-1.4/statistics/absdev.c
gsl-1.4/statistics/skew.c
gsl-1.4/statistics/kurtosis.c
gsl-1.4/statistics/lag1.c
gsl-1.4/statistics/p_variance.c
gsl-1.4/statistics/minmax.c
gsl-1.4/statistics/ttest.c
gsl-1.4/statistics/median.c
gsl-1.4/statistics/covariance.c
gsl-1.4/statistics/quantiles.c
gsl-1.4/statistics/wmean.c
gsl-1.4/statistics/wvariance.c
gsl-1.4/statistics/wabsdev.c
gsl-1.4/statistics/wskew.c
gsl-1.4/statistics/wkurtosis.c
gsl-1.4/statistics/test.c
gsl-1.4/statistics/test_nist.c
gsl-1.4/siman/
gsl-1.4/siman/gsl_siman.h
gsl-1.4/siman/ChangeLog
gsl-1.4/siman/Makefile.am
gsl-1.4/siman/Makefile.in
gsl-1.4/siman/TODO
gsl-1.4/siman/siman.c
gsl-1.4/siman/siman_tsp.c
gsl-1.4/siman/test.c
gsl-1.4/siman/siman_test_driver.sh
gsl-1.4/sum/
gsl-1.4/sum/gsl_sum.h
gsl-1.4/sum/ChangeLog
gsl-1.4/sum/Makefile.am
gsl-1.4/sum/Makefile.in
gsl-1.4/sum/levin_u.c
gsl-1.4/sum/levin_utrunc.c
gsl-1.4/sum/work_u.c
gsl-1.4/sum/work_utrunc.c
gsl-1.4/sum/test.c
gsl-1.4/integration/
gsl-1.4/integration/qpsrt.c
gsl-1.4/integration/qpsrt2.c
gsl-1.4/integration/qelg.c
gsl-1.4/integration/qc25c.c
gsl-1.4/integration/qc25s.c
gsl-1.4/integration/qc25f.c
gsl-1.4/integration/ptsort.c
gsl-1.4/integration/util.c
gsl-1.4/integration/err.c
gsl-1.4/integration/positivity.c
gsl-1.4/integration/append.c
gsl-1.4/integration/initialise.c
gsl-1.4/integration/set_initial.c
gsl-1.4/integration/reset.c
gsl-1.4/integration/gsl_integration.h
gsl-1.4/integration/ChangeLog
gsl-1.4/integration/Makefile.am
gsl-1.4/integration/Makefile.in
gsl-1.4/integration/TODO
gsl-1.4/integration/qk15.c
gsl-1.4/integration/qk21.c
gsl-1.4/integration/qk31.c
gsl-1.4/integration/qk41.c
gsl-1.4/integration/qk51.c
gsl-1.4/integration/qk61.c
gsl-1.4/integration/qk.c
gsl-1.4/integration/qng.c
gsl-1.4/integration/qng.h
gsl-1.4/integration/qag.c
gsl-1.4/integration/qags.c
gsl-1.4/integration/qagp.c
gsl-1.4/integration/workspace.c
gsl-1.4/integration/qcheb.c
gsl-1.4/integration/qawc.c
gsl-1.4/integration/qmomo.c
gsl-1.4/integration/qaws.c
gsl-1.4/integration/qmomof.c
gsl-1.4/integration/qawo.c
gsl-1.4/integration/qawf.c
gsl-1.4/integration/test.c
gsl-1.4/integration/tests.c
gsl-1.4/integration/tests.h
gsl-1.4/interpolation/
gsl-1.4/interpolation/bsearch.h
gsl-1.4/interpolation/gsl_interp.h
gsl-1.4/interpolation/gsl_spline.h
gsl-1.4/interpolation/ChangeLog
gsl-1.4/interpolation/Makefile.am
gsl-1.4/interpolation/Makefile.in
gsl-1.4/interpolation/TODO
gsl-1.4/interpolation/accel.c
gsl-1.4/interpolation/akima.c
gsl-1.4/interpolation/bsearch.c
gsl-1.4/interpolation/cspline.c
gsl-1.4/interpolation/interp.c
gsl-1.4/interpolation/linear.c
gsl-1.4/interpolation/integ_eval.h
gsl-1.4/interpolation/spline.c
gsl-1.4/interpolation/poly.c
gsl-1.4/interpolation/test.c
gsl-1.4/histogram/
gsl-1.4/histogram/urand.c
gsl-1.4/histogram/find.c
gsl-1.4/histogram/find2d.c
gsl-1.4/histogram/gsl_histogram.h
gsl-1.4/histogram/gsl_histogram2d.h
gsl-1.4/histogram/ChangeLog
gsl-1.4/histogram/Makefile.am
gsl-1.4/histogram/Makefile.in
gsl-1.4/histogram/TODO
gsl-1.4/histogram/add.c
gsl-1.4/histogram/get.c
gsl-1.4/histogram/init.c
gsl-1.4/histogram/params.c
gsl-1.4/histogram/reset.c
gsl-1.4/histogram/file.c
gsl-1.4/histogram/pdf.c
gsl-1.4/histogram/add2d.c
gsl-1.4/histogram/get2d.c
gsl-1.4/histogram/init2d.c
gsl-1.4/histogram/params2d.c
gsl-1.4/histogram/reset2d.c
gsl-1.4/histogram/file2d.c
gsl-1.4/histogram/pdf2d.c
gsl-1.4/histogram/calloc_range.c
gsl-1.4/histogram/calloc_range2d.c
gsl-1.4/histogram/copy.c
gsl-1.4/histogram/copy2d.c
gsl-1.4/histogram/maxval.c
gsl-1.4/histogram/maxval2d.c
gsl-1.4/histogram/oper.c
gsl-1.4/histogram/oper2d.c
gsl-1.4/histogram/stat.c
gsl-1.4/histogram/stat2d.c
gsl-1.4/histogram/test.c
gsl-1.4/histogram/test1d.c
gsl-1.4/histogram/test2d.c
gsl-1.4/histogram/test1d_resample.c
gsl-1.4/histogram/test2d_resample.c
gsl-1.4/histogram/test1d_trap.c
gsl-1.4/histogram/test2d_trap.c
gsl-1.4/ode-initval/
gsl-1.4/ode-initval/odeiv_util.h
gsl-1.4/ode-initval/gsl_odeiv.h
gsl-1.4/ode-initval/ChangeLog
gsl-1.4/ode-initval/Makefile.am
gsl-1.4/ode-initval/Makefile.in
gsl-1.4/ode-initval/TODO
gsl-1.4/ode-initval/control.c
gsl-1.4/ode-initval/cstd.c
gsl-1.4/ode-initval/cscal.c
gsl-1.4/ode-initval/evolve.c
gsl-1.4/ode-initval/step.c
gsl-1.4/ode-initval/rk2.c
gsl-1.4/ode-initval/rk2imp.c
gsl-1.4/ode-initval/rk4.c
gsl-1.4/ode-initval/rk4imp.c
gsl-1.4/ode-initval/rkf45.c
gsl-1.4/ode-initval/rk8pd.c
gsl-1.4/ode-initval/rkck.c
gsl-1.4/ode-initval/bsimp.c
gsl-1.4/ode-initval/gear1.c
gsl-1.4/ode-initval/gear2.c
gsl-1.4/ode-initval/test.c
gsl-1.4/roots/
gsl-1.4/roots/roots.h
gsl-1.4/roots/gsl_roots.h
gsl-1.4/roots/ChangeLog
gsl-1.4/roots/Makefile.am
gsl-1.4/roots/Makefile.in
gsl-1.4/roots/TODO
gsl-1.4/roots/bisection.c
gsl-1.4/roots/brent.c
gsl-1.4/roots/falsepos.c
gsl-1.4/roots/newton.c
gsl-1.4/roots/secant.c
gsl-1.4/roots/steffenson.c
gsl-1.4/roots/convergence.c
gsl-1.4/roots/fsolver.c
gsl-1.4/roots/fdfsolver.c
gsl-1.4/roots/test.c
gsl-1.4/roots/test_funcs.c
gsl-1.4/roots/test.h
gsl-1.4/multiroots/
gsl-1.4/multiroots/enorm.c
gsl-1.4/multiroots/dogleg.c
gsl-1.4/multiroots/gsl_multiroots.h
gsl-1.4/multiroots/ChangeLog
gsl-1.4/multiroots/Makefile.am
gsl-1.4/multiroots/Makefile.in
gsl-1.4/multiroots/fdjac.c
gsl-1.4/multiroots/fsolver.c
gsl-1.4/multiroots/fdfsolver.c
gsl-1.4/multiroots/convergence.c
gsl-1.4/multiroots/newton.c
gsl-1.4/multiroots/gnewton.c
gsl-1.4/multiroots/dnewton.c
gsl-1.4/multiroots/broyden.c
gsl-1.4/multiroots/hybrid.c
gsl-1.4/multiroots/hybridj.c
gsl-1.4/multiroots/test.c
gsl-1.4/multiroots/test_funcs.c
gsl-1.4/multiroots/test_funcs.h
gsl-1.4/min/
gsl-1.4/min/min.h
gsl-1.4/min/gsl_min.h
gsl-1.4/min/ChangeLog
gsl-1.4/min/Makefile.am
gsl-1.4/min/Makefile.in
gsl-1.4/min/fsolver.c
gsl-1.4/min/golden.c
gsl-1.4/min/brent.c
gsl-1.4/min/convergence.c
gsl-1.4/min/bracketing.c
gsl-1.4/min/test.c
gsl-1.4/min/test_funcs.c
gsl-1.4/min/test.h
gsl-1.4/multimin/
gsl-1.4/multimin/directional_minimize.c
gsl-1.4/multimin/gsl_multimin.h
gsl-1.4/multimin/ChangeLog
gsl-1.4/multimin/Makefile.am
gsl-1.4/multimin/Makefile.in
gsl-1.4/multimin/TODO
gsl-1.4/multimin/fdfminimizer.c
gsl-1.4/multimin/steepest_descent.c
gsl-1.4/multimin/conjugate_fr.c
gsl-1.4/multimin/conjugate_pr.c
gsl-1.4/multimin/convergence.c
gsl-1.4/multimin/diff.c
gsl-1.4/multimin/vector_bfgs.c
gsl-1.4/multimin/fminimizer.c
gsl-1.4/multimin/simplex.c
gsl-1.4/multimin/test.c
gsl-1.4/multimin/test_funcs.c
gsl-1.4/multimin/test_funcs.h
gsl-1.4/monte/
gsl-1.4/monte/README
gsl-1.4/monte/test_main.c
gsl-1.4/monte/gsl_monte.h
gsl-1.4/monte/gsl_monte_vegas.h
gsl-1.4/monte/gsl_monte_miser.h
gsl-1.4/monte/gsl_monte_plain.h
gsl-1.4/monte/ChangeLog
gsl-1.4/monte/Makefile.am
gsl-1.4/monte/Makefile.in
gsl-1.4/monte/TODO
gsl-1.4/monte/miser.c
gsl-1.4/monte/plain.c
gsl-1.4/monte/vegas.c
gsl-1.4/monte/test.c
gsl-1.4/ntuple/
gsl-1.4/ntuple/gsl_ntuple.h
gsl-1.4/ntuple/Makefile.am
gsl-1.4/ntuple/Makefile.in
gsl-1.4/ntuple/ntuple.c
gsl-1.4/ntuple/test.c
gsl-1.4/diff/
gsl-1.4/diff/gsl_diff.h
gsl-1.4/diff/ChangeLog
gsl-1.4/diff/Makefile.am
gsl-1.4/diff/Makefile.in
gsl-1.4/diff/diff.c
gsl-1.4/diff/test.c
gsl-1.4/cdf/
gsl-1.4/cdf/beta_inc.c
gsl-1.4/cdf/rat_eval.h
gsl-1.4/cdf/test_auto.c
gsl-1.4/cdf/gsl_cdf.h
gsl-1.4/cdf/ChangeLog
gsl-1.4/cdf/Makefile.am
gsl-1.4/cdf/Makefile.in
gsl-1.4/cdf/beta.c
gsl-1.4/cdf/cauchy.c
gsl-1.4/cdf/cauchyinv.c
gsl-1.4/cdf/chisq.c
gsl-1.4/cdf/chisqinv.c
gsl-1.4/cdf/exponential.c
gsl-1.4/cdf/exponentialinv.c
gsl-1.4/cdf/fdist.c
gsl-1.4/cdf/flat.c
gsl-1.4/cdf/flatinv.c
gsl-1.4/cdf/gamma.c
gsl-1.4/cdf/gammainv.c
gsl-1.4/cdf/gauss.c
gsl-1.4/cdf/gaussinv.c
gsl-1.4/cdf/gumbel1.c
gsl-1.4/cdf/gumbel1inv.c
gsl-1.4/cdf/gumbel2.c
gsl-1.4/cdf/gumbel2inv.c
gsl-1.4/cdf/laplace.c
gsl-1.4/cdf/laplaceinv.c
gsl-1.4/cdf/logistic.c
gsl-1.4/cdf/logisticinv.c
gsl-1.4/cdf/lognormal.c
gsl-1.4/cdf/lognormalinv.c
gsl-1.4/cdf/pareto.c
gsl-1.4/cdf/paretoinv.c
gsl-1.4/cdf/rayleigh.c
gsl-1.4/cdf/rayleighinv.c
gsl-1.4/cdf/tdist.c
gsl-1.4/cdf/tdistinv.c
gsl-1.4/cdf/weibull.c
gsl-1.4/cdf/weibullinv.c
gsl-1.4/cdf/test.c
gsl-1.4/doc/
gsl-1.4/doc/examples/
gsl-1.4/doc/examples/blas.c
gsl-1.4/doc/examples/block.c
gsl-1.4/doc/examples/cblas.c
gsl-1.4/doc/examples/cdf.c
gsl-1.4/doc/examples/cheb.c
gsl-1.4/doc/examples/combination.c
gsl-1.4/doc/examples/const.c
gsl-1.4/doc/examples/demo_fn.c
gsl-1.4/doc/examples/diff.c
gsl-1.4/doc/examples/eigen.c
gsl-1.4/doc/examples/fft.c
gsl-1.4/doc/examples/fftmr.c
gsl-1.4/doc/examples/fftreal.c
gsl-1.4/doc/examples/fitting.c
gsl-1.4/doc/examples/fitting2.c
gsl-1.4/doc/examples/fitting3.c
gsl-1.4/doc/examples/histogram.c
gsl-1.4/doc/examples/histogram2d.c
gsl-1.4/doc/examples/ieee.c
gsl-1.4/doc/examples/ieeeround.c
gsl-1.4/doc/examples/integration.c
gsl-1.4/doc/examples/interp.c
gsl-1.4/doc/examples/intro.c
gsl-1.4/doc/examples/linalglu.c
gsl-1.4/doc/examples/matrix.c
gsl-1.4/doc/examples/matrixw.c
gsl-1.4/doc/examples/min.c
gsl-1.4/doc/examples/monte.c
gsl-1.4/doc/examples/ntupler.c
gsl-1.4/doc/examples/ntuplew.c
gsl-1.4/doc/examples/ode-initval.c
gsl-1.4/doc/examples/odefixed.c
gsl-1.4/doc/examples/permseq.c
gsl-1.4/doc/examples/permshuffle.c
gsl-1.4/doc/examples/polyroots.c
gsl-1.4/doc/examples/qrng.c
gsl-1.4/doc/examples/randpoisson.c
gsl-1.4/doc/examples/randwalk.c
gsl-1.4/doc/examples/rng.c
gsl-1.4/doc/examples/rngunif.c
gsl-1.4/doc/examples/rootnewt.c
gsl-1.4/doc/examples/roots.c
gsl-1.4/doc/examples/siman.c
gsl-1.4/doc/examples/sortsmall.c
gsl-1.4/doc/examples/specfun.c
gsl-1.4/doc/examples/specfun_e.c
gsl-1.4/doc/examples/stat.c
gsl-1.4/doc/examples/statsort.c
gsl-1.4/doc/examples/sum.c
gsl-1.4/doc/examples/vector.c
gsl-1.4/doc/examples/vectorr.c
gsl-1.4/doc/examples/vectorview.c
gsl-1.4/doc/examples/vectorw.c
gsl-1.4/doc/examples/demo_fn.h
gsl-1.4/doc/examples/blas.out
gsl-1.4/doc/examples/block.out
gsl-1.4/doc/examples/cblas.out
gsl-1.4/doc/examples/cdf.out
gsl-1.4/doc/examples/combination.out
gsl-1.4/doc/examples/const.out
gsl-1.4/doc/examples/diff.out
gsl-1.4/doc/examples/integration.out
gsl-1.4/doc/examples/intro.out
gsl-1.4/doc/examples/linalglu.out
gsl-1.4/doc/examples/min.out
gsl-1.4/doc/examples/polyroots.out
gsl-1.4/doc/examples/randpoisson.2.out
gsl-1.4/doc/examples/randpoisson.out
gsl-1.4/doc/examples/rng.out
gsl-1.4/doc/examples/rngunif.2.out
gsl-1.4/doc/examples/rngunif.out
gsl-1.4/doc/examples/sortsmall.out
gsl-1.4/doc/examples/specfun.out
gsl-1.4/doc/examples/specfun_e.out
gsl-1.4/doc/examples/stat.out
gsl-1.4/doc/examples/statsort.out
gsl-1.4/doc/examples/sum.out
gsl-1.4/doc/examples/vectorview.out
gsl-1.4/doc/err.texi
gsl-1.4/doc/cblas.texi
gsl-1.4/doc/blas.texi
gsl-1.4/doc/min.texi
gsl-1.4/doc/fft.texi
gsl-1.4/doc/rng.texi
gsl-1.4/doc/randist.texi
gsl-1.4/doc/roots.texi
gsl-1.4/doc/statistics.texi
gsl-1.4/doc/specfunc.texi
gsl-1.4/doc/specfunc-airy.texi
gsl-1.4/doc/specfunc-bessel.texi
gsl-1.4/doc/specfunc-chebyshev.texi
gsl-1.4/doc/specfunc-clausen.texi
gsl-1.4/doc/specfunc-coulomb.texi
gsl-1.4/doc/specfunc-coupling.texi
gsl-1.4/doc/specfunc-dawson.texi
gsl-1.4/doc/specfunc-debye.texi
gsl-1.4/doc/specfunc-dilog.texi
gsl-1.4/doc/specfunc-elementary.texi
gsl-1.4/doc/specfunc-ellint.texi
gsl-1.4/doc/specfunc-elljac.texi
gsl-1.4/doc/specfunc-erf.texi
gsl-1.4/doc/specfunc-exp.texi
gsl-1.4/doc/specfunc-expint.texi
gsl-1.4/doc/specfunc-fermi-dirac.texi
gsl-1.4/doc/specfunc-gamma.texi
gsl-1.4/doc/specfunc-gegenbauer.texi
gsl-1.4/doc/specfunc-hyperg.texi
gsl-1.4/doc/specfunc-lambert.texi
gsl-1.4/doc/specfunc-laguerre.texi
gsl-1.4/doc/specfunc-legendre.texi
gsl-1.4/doc/specfunc-log.texi
gsl-1.4/doc/specfunc-pow-int.texi
gsl-1.4/doc/specfunc-psi.texi
gsl-1.4/doc/specfunc-synchrotron.texi
gsl-1.4/doc/specfunc-transport.texi
gsl-1.4/doc/specfunc-trig.texi
gsl-1.4/doc/specfunc-zeta.texi
gsl-1.4/doc/siman.texi
gsl-1.4/doc/vectors.texi
gsl-1.4/doc/debug.texi
gsl-1.4/doc/histogram.texi
gsl-1.4/doc/ode-initval.texi
gsl-1.4/doc/integration.texi
gsl-1.4/doc/ieee754.texi
gsl-1.4/doc/montecarlo.texi
gsl-1.4/doc/sum.texi
gsl-1.4/doc/intro.texi
gsl-1.4/doc/usage.texi
gsl-1.4/doc/dht.texi
gsl-1.4/doc/interp.texi
gsl-1.4/doc/poly.texi
gsl-1.4/doc/linalg.texi
gsl-1.4/doc/eigen.texi
gsl-1.4/doc/multiroots.texi
gsl-1.4/doc/sort.texi
gsl-1.4/doc/permutation.texi
gsl-1.4/doc/combination.texi
gsl-1.4/doc/complex.texi
gsl-1.4/doc/math.texi
gsl-1.4/doc/fitting.texi
gsl-1.4/doc/multifit.texi
gsl-1.4/doc/const.texi
gsl-1.4/doc/ntuple.texi
gsl-1.4/doc/diff.texi
gsl-1.4/doc/qrng.texi
gsl-1.4/doc/cheb.texi
gsl-1.4/doc/multimin.texi
gsl-1.4/doc/gpl.texi
gsl-1.4/doc/fdl.texi
gsl-1.4/doc/autoconf.texi
gsl-1.4/doc/freemanuals.texi
gsl-1.4/doc/ChangeLog
gsl-1.4/doc/Makefile.am
gsl-1.4/doc/Makefile.in
gsl-1.4/doc/mdate-sh
gsl-1.4/doc/stamp-vti
gsl-1.4/doc/texinfo.tex
gsl-1.4/doc/version-ref.texi
gsl-1.4/doc/gsl-ref.texi
gsl-1.4/doc/gsl.3
gsl-1.4/doc/gsl-config.1
gsl-1.4/doc/gsl-randist.1
gsl-1.4/doc/gsl-histogram.1
gsl-1.4/doc/multimin.eps
gsl-1.4/doc/siman-test.eps
gsl-1.4/doc/siman-energy.eps
gsl-1.4/doc/12-cities.eps
gsl-1.4/doc/initial-route.eps
gsl-1.4/doc/final-route.eps
gsl-1.4/doc/fft-complex-radix2-f.eps
gsl-1.4/doc/fft-complex-radix2-t.eps
gsl-1.4/doc/fft-complex-radix2.eps
gsl-1.4/doc/fft-real-mixedradix.eps
gsl-1.4/doc/roots-bisection.eps
gsl-1.4/doc/roots-false-position.eps
gsl-1.4/doc/roots-newtons-method.eps
gsl-1.4/doc/roots-secant-method.eps
gsl-1.4/doc/histogram.eps
gsl-1.4/doc/histogram2d.eps
gsl-1.4/doc/min-interval.eps
gsl-1.4/doc/fit-wlinear.eps
gsl-1.4/doc/fit-wlinear2.eps
gsl-1.4/doc/fit-exp.eps
gsl-1.4/doc/ntuple.eps
gsl-1.4/doc/qrng.eps
gsl-1.4/doc/cheb.eps
gsl-1.4/doc/vdp.eps
gsl-1.4/doc/interp.eps
gsl-1.4/doc/rand-beta.tex
gsl-1.4/doc/rand-binomial.tex
gsl-1.4/doc/rand-cauchy.tex
gsl-1.4/doc/rand-chisq.tex
gsl-1.4/doc/rand-erlang.tex
gsl-1.4/doc/rand-exponential.tex
gsl-1.4/doc/rand-fdist.tex
gsl-1.4/doc/rand-flat.tex
gsl-1.4/doc/rand-gamma.tex
gsl-1.4/doc/rand-gaussian.tex
gsl-1.4/doc/rand-geometric.tex
gsl-1.4/doc/rand-laplace.tex
gsl-1.4/doc/rand-logarithmic.tex
gsl-1.4/doc/rand-logistic.tex
gsl-1.4/doc/calc.sty
gsl-1.4/doc/rand-lognormal.tex
gsl-1.4/doc/rand-pareto.tex
gsl-1.4/doc/rand-poisson.tex
gsl-1.4/doc/rand-hypergeometric.tex
gsl-1.4/doc/rand-nbinomial.tex
gsl-1.4/doc/rand-pascal.tex
gsl-1.4/doc/rand-bivariate-gaussian.tex
gsl-1.4/doc/rand-rayleigh.tex
gsl-1.4/doc/rand-rayleigh-tail.tex
gsl-1.4/doc/rand-tdist.tex
gsl-1.4/doc/rand-weibull.tex
gsl-1.4/doc/random-walk.tex
gsl-1.4/doc/randplots.gnp
gsl-1.4/doc/rand-exppow.tex
gsl-1.4/doc/rand-levy.tex
gsl-1.4/doc/rand-levyskew.tex
gsl-1.4/doc/rand-gumbel.tex
gsl-1.4/doc/rand-bernoulli.tex
gsl-1.4/doc/rand-gaussian-tail.tex
gsl-1.4/doc/rand-gumbel1.tex
gsl-1.4/doc/rand-gumbel2.tex
gsl-1.4/doc/landau.dat
gsl-1.4/doc/rand-landau.tex
gsl-1.4/doc/gsl-design.texi
gsl-1.4/doc/fftalgorithms.tex
gsl-1.4/doc/fftalgorithms.bib
gsl-1.4/doc/algorithm.sty
gsl-1.4/doc/algorithmic.sty
gsl-1.4/doc/gsl-ref.info
gsl-1.4/doc/gsl-ref.info-1
gsl-1.4/doc/gsl-ref.info-2
gsl-1.4/doc/gsl-ref.info-3
gsl-1.4/doc/gsl-ref.info-4
(cd gsl-1.4; \
./configure  --bindir=/home/ualusr2011/ual1220/ual1/tools/bin/linux --libdir=/home/ualusr2011/ual1220/ual1/tools/lib/linux --includedir=/home/ualusr2011/ual1220/ual1/tools/include --mandir=/home/ualusr2011/ual1220/ual1/tools/man --datadir=/home/ualusr2011/ual1220/ual1/tools/share --infodir=/home/ualusr2011/ual1220/ual1/tools/info ; \
make; \
make install;) 
checking for a BSD-compatible install... /usr/bin/install -c
checking whether build environment is sane... yes
checking for gawk... gawk
checking whether make sets $(MAKE)... yes
checking whether to enable maintainer-specific portions of Makefiles... no
checking whether make sets $(MAKE)... (cached) yes
checking build system type... x86_64-unknown-linux-gnu
checking host system type... x86_64-unknown-linux-gnu
checking for gcc... gcc
checking for C compiler default output... a.out
checking whether the C compiler works... yes
checking whether we are cross compiling... no
checking for suffix of executables... 
checking for suffix of object files... o
checking whether we are using the GNU C compiler... yes
checking whether gcc accepts -g... yes
checking for gcc option to accept ANSI C... none needed
checking how to run the C preprocessor... gcc -E
checking for a BSD-compatible install... /usr/bin/install -c
checking whether ln -s works... yes
checking for ranlib... ranlib
checking for ar... ar
checking for ld used by GCC... /usr/bin/ld
checking if the linker (/usr/bin/ld) is GNU ld... yes
checking for /usr/bin/ld option to reload object files... -r
checking for BSD-compatible nm... /usr/bin/nm -B
checking for a sed that does not truncate output... /usr/bin/sed
checking how to recognise dependent libraries... file_magic ELF [0-9][0-9]*-bit [LM]SB (shared object|dynamic lib )
checking command to parse /usr/bin/nm -B output... ok
checking for egrep... grep -E
checking for ANSI C header files... yes
checking for sys/types.h... yes
checking for sys/stat.h... yes
checking for stdlib.h... yes
checking for string.h... yes
checking for memory.h... yes
checking for strings.h... yes
checking for inttypes.h... yes
checking for stdint.h... yes
checking for unistd.h... yes
checking dlfcn.h usability... yes
checking dlfcn.h presence... yes
checking for dlfcn.h... yes
checking for file... /usr/bin/file
checking for ranlib... (cached) ranlib
checking for strip... strip
checking for objdir... .libs
checking for gcc option to produce PIC... -fPIC
checking if gcc PIC flag -fPIC works... yes
checking if gcc static flag -static works... no
checking if gcc supports -c -o file.o... yes
checking if gcc supports -c -o file.lo... yes
checking if gcc supports -fno-rtti -fno-exceptions... yes
checking whether the linker (/usr/bin/ld) supports shared libraries... yes
checking how to hardcode library paths into programs... immediate
checking whether stripping libraries is possible... yes
checking dynamic linker characteristics... GNU/Linux ld.so
checking if libtool supports shared libraries... yes
checking whether to build shared libraries... yes
checking whether to build static libraries... yes
checking whether -lc should be explicitly linked in... no
creating libtool
checking for size_t... yes
checking for working volatile... yes
checking for inline... inline
checking for extern inline... yes
checking for vprintf... yes
checking for _doprnt... no
checking for memcpy... yes
checking for memmove... yes
checking for strdup... yes
checking for strtol... yes
checking for strtoul... yes
checking for EXIT_SUCCESS and EXIT_FAILURE... yes
checking for cos in -lm... yes
checking whether feenableexcept is declared... no
checking whether fesettrapenable is declared... no
checking whether hypot is declared... yes
checking whether expm1 is declared... yes
checking whether acosh is declared... yes
checking whether asinh is declared... yes
checking whether atanh is declared... yes
checking whether ldexp is declared... yes
checking whether frexp is declared... yes
checking whether isinf is declared... yes
checking whether finite is declared... yes
checking whether isfinite is declared... yes
checking whether isnan is declared... yes
checking whether log1p is declared... yes
checking for long double stdio... yes
checking for extended floating point registers... yes
checking for IEEE arithmetic interface type... unknown
checking for IEEE compiler flags... none
checking for IEEE comparisons... yes
checking for IEEE denormalized values... yes
configure: creating ./config.status
config.status: creating gsl-config
config.status: creating gsl.pc
config.status: creating gsl_version.h
config.status: creating gsl.spec
config.status: creating gsl/Makefile
config.status: creating test/Makefile
config.status: creating err/Makefile
config.status: creating sys/Makefile
config.status: creating utils/Makefile
config.status: creating const/Makefile
config.status: creating min/Makefile
config.status: creating multimin/Makefile
config.status: creating ieee-utils/Makefile
config.status: creating fft/Makefile
config.status: creating specfunc/Makefile
config.status: creating dht/Makefile
config.status: creating fit/Makefile
config.status: creating multifit/Makefile
config.status: creating statistics/Makefile
config.status: creating sum/Makefile
config.status: creating roots/Makefile
config.status: creating multiroots/Makefile
config.status: creating ntuple/Makefile
config.status: creating poly/Makefile
config.status: creating qrng/Makefile
config.status: creating rng/Makefile
config.status: creating randist/Makefile
config.status: creating siman/Makefile
config.status: creating integration/Makefile
config.status: creating interpolation/Makefile
config.status: creating doc/Makefile
config.status: creating block/Makefile
config.status: creating vector/Makefile
config.status: creating matrix/Makefile
config.status: creating histogram/Makefile
config.status: creating monte/Makefile
config.status: creating ode-initval/Makefile
config.status: creating cblas/Makefile
config.status: creating blas/Makefile
config.status: creating linalg/Makefile
config.status: creating eigen/Makefile
config.status: creating permutation/Makefile
config.status: creating combination/Makefile
config.status: creating sort/Makefile
config.status: creating complex/Makefile
config.status: creating diff/Makefile
config.status: creating cheb/Makefile
config.status: creating cdf/Makefile
config.status: creating Makefile
config.status: creating config.h
make[3]: Entering directory `/home/ualusr2011/ual1220/ual1/tools/tars/gsl-1.4'
make  all-recursive
make[4]: Entering directory `/home/ualusr2011/ual1220/ual1/tools/tars/gsl-1.4'
Making all in gsl
make[5]: Entering directory `/home/ualusr2011/ual1220/ual1/tools/tars/gsl-1.4/gsl'
rm -f gsl*.h
HEADERLIST="../gsl*.h ../*/gsl*.h"; \
for h in $HEADERLIST; do \
  BASENAME=`basename $h`; \
  test -e $BASENAME || ln -s $h $BASENAME; \
done
make[5]: Leaving directory `/home/ualusr2011/ual1220/ual1/tools/tars/gsl-1.4/gsl'
Making all in utils
make[5]: Entering directory `/home/ualusr2011/ual1220/ual1/tools/tars/gsl-1.4/utils'
/bin/sh ../libtool --mode=compile gcc -DHAVE_CONFIG_H -I. -I. -I..     -g -O2 -c -o placeholder.lo `test -f 'placeholder.c' || echo './'`placeholder.c
mkdir .libs
gcc -DHAVE_CONFIG_H -I. -I. -I.. -g -O2 -c placeholder.c  -fPIC -DPIC -o .libs/placeholder.lo
gcc -DHAVE_CONFIG_H -I. -I. -I.. -g -O2 -c placeholder.c -o placeholder.o >/dev/null 2>&1
mv -f .libs/placeholder.lo placeholder.lo
/bin/sh ../libtool --mode=link gcc  -g -O2   -o libutils.la   placeholder.lo  -lm 
rm -fr .libs/libutils.la .libs/libutils.* .libs/libutils.*
ar cru .libs/libutils.al placeholder.lo
ranlib .libs/libutils.al
creating libutils.la
(cd .libs && rm -f libutils.la && ln -s ../libutils.la libutils.la)
make[5]: Leaving directory `/home/ualusr2011/ual1220/ual1/tools/tars/gsl-1.4/utils'
Making all in sys
make[5]: Entering directory `/home/ualusr2011/ual1220/ual1/tools/tars/gsl-1.4/sys'
/bin/sh ../libtool --mode=compile gcc -DHAVE_CONFIG_H -I. -I. -I.. -I..    -g -O2 -c -o minmax.lo `test -f 'minmax.c' || echo './'`minmax.c
mkdir .libs
gcc -DHAVE_CONFIG_H -I. -I. -I.. -I.. -g -O2 -c minmax.c  -fPIC -DPIC -o .libs/minmax.lo
gcc -DHAVE_CONFIG_H -I. -I. -I.. -I.. -g -O2 -c minmax.c -o minmax.o >/dev/null 2>&1
mv -f .libs/minmax.lo minmax.lo
/bin/sh ../libtool --mode=compile gcc -DHAVE_CONFIG_H -I. -I. -I.. -I..    -g -O2 -c -o prec.lo `test -f 'prec.c' || echo './'`prec.c
rm -f .libs/prec.lo
gcc -DHAVE_CONFIG_H -I. -I. -I.. -I.. -g -O2 -c prec.c  -fPIC -DPIC -o .libs/prec.lo
gcc -DHAVE_CONFIG_H -I. -I. -I.. -I.. -g -O2 -c prec.c -o prec.o >/dev/null 2>&1
mv -f .libs/prec.lo prec.lo
/bin/sh ../libtool --mode=compile gcc -DHAVE_CONFIG_H -I. -I. -I.. -I..    -g -O2 -c -o hypot.lo `test -f 'hypot.c' || echo './'`hypot.c
rm -f .libs/hypot.lo
gcc -DHAVE_CONFIG_H -I. -I. -I.. -I.. -g -O2 -c hypot.c  -fPIC -DPIC -o .libs/hypot.lo
gcc -DHAVE_CONFIG_H -I. -I. -I.. -I.. -g -O2 -c hypot.c -o hypot.o >/dev/null 2>&1
mv -f .libs/hypot.lo hypot.lo
/bin/sh ../libtool --mode=compile gcc -DHAVE_CONFIG_H -I. -I. -I.. -I..    -g -O2 -c -o log1p.lo `test -f 'log1p.c' || echo './'`log1p.c
rm -f .libs/log1p.lo
gcc -DHAVE_CONFIG_H -I. -I. -I.. -I.. -g -O2 -c log1p.c  -fPIC -DPIC -o .libs/log1p.lo
gcc -DHAVE_CONFIG_H -I. -I. -I.. -I.. -g -O2 -c log1p.c -o log1p.o >/dev/null 2>&1
mv -f .libs/log1p.lo log1p.lo
/bin/sh ../libtool --mode=compile gcc -DHAVE_CONFIG_H -I. -I. -I.. -I..    -g -O2 -c -o expm1.lo `test -f 'expm1.c' || echo './'`expm1.c
rm -f .libs/expm1.lo
gcc -DHAVE_CONFIG_H -I. -I. -I.. -I.. -g -O2 -c expm1.c  -fPIC -DPIC -o .libs/expm1.lo
gcc -DHAVE_CONFIG_H -I. -I. -I.. -I.. -g -O2 -c expm1.c -o expm1.o >/dev/null 2>&1
mv -f .libs/expm1.lo expm1.lo
/bin/sh ../libtool --mode=compile gcc -DHAVE_CONFIG_H -I. -I. -I.. -I..    -g -O2 -c -o coerce.lo `test -f 'coerce.c' || echo './'`coerce.c
rm -f .libs/coerce.lo
gcc -DHAVE_CONFIG_H -I. -I. -I.. -I.. -g -O2 -c coerce.c  -fPIC -DPIC -o .libs/coerce.lo
gcc -DHAVE_CONFIG_H -I. -I. -I.. -I.. -g -O2 -c coerce.c -o coerce.o >/dev/null 2>&1
mv -f .libs/coerce.lo coerce.lo
/bin/sh ../libtool --mode=compile gcc -DHAVE_CONFIG_H -I. -I. -I.. -I..    -g -O2 -c -o invhyp.lo `test -f 'invhyp.c' || echo './'`invhyp.c
rm -f .libs/invhyp.lo
gcc -DHAVE_CONFIG_H -I. -I. -I.. -I.. -g -O2 -c invhyp.c  -fPIC -DPIC -o .libs/invhyp.lo
gcc -DHAVE_CONFIG_H -I. -I. -I.. -I.. -g -O2 -c invhyp.c -o invhyp.o >/dev/null 2>&1
mv -f .libs/invhyp.lo invhyp.lo
/bin/sh ../libtool --mode=compile gcc -DHAVE_CONFIG_H -I. -I. -I.. -I..    -g -O2 -c -o pow_int.lo `test -f 'pow_int.c' || echo './'`pow_int.c
rm -f .libs/pow_int.lo
gcc -DHAVE_CONFIG_H -I. -I. -I.. -I.. -g -O2 -c pow_int.c  -fPIC -DPIC -o .libs/pow_int.lo
gcc -DHAVE_CONFIG_H -I. -I. -I.. -I.. -g -O2 -c pow_int.c -o pow_int.o >/dev/null 2>&1
mv -f .libs/pow_int.lo pow_int.lo
/bin/sh ../libtool --mode=compile gcc -DHAVE_CONFIG_H -I. -I. -I.. -I..    -g -O2 -c -o infnan.lo `test -f 'infnan.c' || echo './'`infnan.c
rm -f .libs/infnan.lo
gcc -DHAVE_CONFIG_H -I. -I. -I.. -I.. -g -O2 -c infnan.c  -fPIC -DPIC -o .libs/infnan.lo
gcc -DHAVE_CONFIG_H -I. -I. -I.. -I.. -g -O2 -c infnan.c -o infnan.o >/dev/null 2>&1
mv -f .libs/infnan.lo infnan.lo
/bin/sh ../libtool --mode=compile gcc -DHAVE_CONFIG_H -I. -I. -I.. -I..    -g -O2 -c -o fdiv.lo `test -f 'fdiv.c' || echo './'`fdiv.c
rm -f .libs/fdiv.lo
gcc -DHAVE_CONFIG_H -I. -I. -I.. -I.. -g -O2 -c fdiv.c  -fPIC -DPIC -o .libs/fdiv.lo
gcc -DHAVE_CONFIG_H -I. -I. -I.. -I.. -g -O2 -c fdiv.c -o fdiv.o >/dev/null 2>&1
mv -f .libs/fdiv.lo fdiv.lo
/bin/sh ../libtool --mode=compile gcc -DHAVE_CONFIG_H -I. -I. -I.. -I..    -g -O2 -c -o fcmp.lo `test -f 'fcmp.c' || echo './'`fcmp.c
rm -f .libs/fcmp.lo
gcc -DHAVE_CONFIG_H -I. -I. -I.. -I.. -g -O2 -c fcmp.c  -fPIC -DPIC -o .libs/fcmp.lo
gcc -DHAVE_CONFIG_H -I. -I. -I.. -I.. -g -O2 -c fcmp.c -o fcmp.o >/dev/null 2>&1
mv -f .libs/fcmp.lo fcmp.lo
/bin/sh ../libtool --mode=compile gcc -DHAVE_CONFIG_H -I. -I. -I.. -I..    -g -O2 -c -o ldfrexp.lo `test -f 'ldfrexp.c' || echo './'`ldfrexp.c
rm -f .libs/ldfrexp.lo
gcc -DHAVE_CONFIG_H -I. -I. -I.. -I.. -g -O2 -c ldfrexp.c  -fPIC -DPIC -o .libs/ldfrexp.lo
gcc -DHAVE_CONFIG_H -I. -I. -I.. -I.. -g -O2 -c ldfrexp.c -o ldfrexp.o >/dev/null 2>&1
mv -f .libs/ldfrexp.lo ldfrexp.lo
/bin/sh ../libtool --mode=link gcc  -g -O2   -o libgslsys.la   minmax.lo prec.lo hypot.lo log1p.lo expm1.lo coerce.lo invhyp.lo pow_int.lo infnan.lo fdiv.lo fcmp.lo ldfrexp.lo  -lm 
rm -fr .libs/libgslsys.la .libs/libgslsys.* .libs/libgslsys.*
ar cru .libs/libgslsys.al minmax.lo prec.lo hypot.lo log1p.lo expm1.lo coerce.lo invhyp.lo pow_int.lo infnan.lo fdiv.lo fcmp.lo ldfrexp.lo
ranlib .libs/libgslsys.al
creating libgslsys.la
(cd .libs && rm -f libgslsys.la && ln -s ../libgslsys.la libgslsys.la)
make[5]: Leaving directory `/home/ualusr2011/ual1220/ual1/tools/tars/gsl-1.4/sys'
Making all in test
make[5]: Entering directory `/home/ualusr2011/ual1220/ual1/tools/tars/gsl-1.4/test'
/bin/sh ../libtool --mode=compile gcc -DHAVE_CONFIG_H -I. -I. -I..     -g -O2 -c -o results.lo `test -f 'results.c' || echo './'`results.c
mkdir .libs
gcc -DHAVE_CONFIG_H -I. -I. -I.. -g -O2 -c results.c  -fPIC -DPIC -o .libs/results.lo
gcc -DHAVE_CONFIG_H -I. -I. -I.. -g -O2 -c results.c -o results.o >/dev/null 2>&1
mv -f .libs/results.lo results.lo
/bin/sh ../libtool --mode=link gcc  -g -O2   -o libgsltest.la   results.lo  -lm 
rm -fr .libs/libgsltest.la .libs/libgsltest.* .libs/libgsltest.*
ar cru .libs/libgsltest.al results.lo
ranlib .libs/libgsltest.al
creating libgsltest.la
(cd .libs && rm -f libgsltest.la && ln -s ../libgsltest.la libgsltest.la)
make[5]: Leaving directory `/home/ualusr2011/ual1220/ual1/tools/tars/gsl-1.4/test'
Making all in err
make[5]: Entering directory `/home/ualusr2011/ual1220/ual1/tools/tars/gsl-1.4/err'
/bin/sh ../libtool --mode=compile gcc -DHAVE_CONFIG_H -I. -I. -I..     -g -O2 -c -o error.lo `test -f 'error.c' || echo './'`error.c
mkdir .libs
gcc -DHAVE_CONFIG_H -I. -I. -I.. -g -O2 -c error.c  -fPIC -DPIC -o .libs/error.lo
gcc -DHAVE_CONFIG_H -I. -I. -I.. -g -O2 -c error.c -o error.o >/dev/null 2>&1
mv -f .libs/error.lo error.lo
/bin/sh ../libtool --mode=compile gcc -DHAVE_CONFIG_H -I. -I. -I..     -g -O2 -c -o stream.lo `test -f 'stream.c' || echo './'`stream.c
rm -f .libs/stream.lo
gcc -DHAVE_CONFIG_H -I. -I. -I.. -g -O2 -c stream.c  -fPIC -DPIC -o .libs/stream.lo
gcc -DHAVE_CONFIG_H -I. -I. -I.. -g -O2 -c stream.c -o stream.o >/dev/null 2>&1
mv -f .libs/stream.lo stream.lo
/bin/sh ../libtool --mode=compile gcc -DHAVE_CONFIG_H -I. -I. -I..     -g -O2 -c -o message.lo `test -f 'message.c' || echo './'`message.c
rm -f .libs/message.lo
gcc -DHAVE_CONFIG_H -I. -I. -I.. -g -O2 -c message.c  -fPIC -DPIC -o .libs/message.lo
gcc -DHAVE_CONFIG_H -I. -I. -I.. -g -O2 -c message.c -o message.o >/dev/null 2>&1
mv -f .libs/message.lo message.lo
/bin/sh ../libtool --mode=compile gcc -DHAVE_CONFIG_H -I. -I. -I..     -g -O2 -c -o strerror.lo `test -f 'strerror.c' || echo './'`strerror.c
rm -f .libs/strerror.lo
gcc -DHAVE_CONFIG_H -I. -I. -I.. -g -O2 -c strerror.c  -fPIC -DPIC -o .libs/strerror.lo
gcc -DHAVE_CONFIG_H -I. -I. -I.. -g -O2 -c strerror.c -o strerror.o >/dev/null 2>&1
mv -f .libs/strerror.lo strerror.lo
/bin/sh ../libtool --mode=link gcc  -g -O2   -o libgslerr.la   error.lo stream.lo message.lo strerror.lo  -lm 
rm -fr .libs/libgslerr.la .libs/libgslerr.* .libs/libgslerr.*
ar cru .libs/libgslerr.al error.lo stream.lo message.lo strerror.lo
ranlib .libs/libgslerr.al
creating libgslerr.la
(cd .libs && rm -f libgslerr.la && ln -s ../libgslerr.la libgslerr.la)
make[5]: Leaving directory `/home/ualusr2011/ual1220/ual1/tools/tars/gsl-1.4/err'
Making all in const
make[5]: Entering directory `/home/ualusr2011/ual1220/ual1/tools/tars/gsl-1.4/const'
make[5]: Nothing to be done for `all'.
make[5]: Leaving directory `/home/ualusr2011/ual1220/ual1/tools/tars/gsl-1.4/const'
Making all in complex
make[5]: Entering directory `/home/ualusr2011/ual1220/ual1/tools/tars/gsl-1.4/complex'
/bin/sh ../libtool --mode=compile gcc -DHAVE_CONFIG_H -I. -I. -I.. -I..    -g -O2 -c -o math.lo `test -f 'math.c' || echo './'`math.c
mkdir .libs
gcc -DHAVE_CONFIG_H -I. -I. -I.. -I.. -g -O2 -c math.c  -fPIC -DPIC -o .libs/math.lo
gcc -DHAVE_CONFIG_H -I. -I. -I.. -I.. -g -O2 -c math.c -o math.o >/dev/null 2>&1
mv -f .libs/math.lo math.lo
/bin/sh ../libtool --mode=link gcc  -g -O2   -o libgslcomplex.la   math.lo  -lm 
rm -fr .libs/libgslcomplex.la .libs/libgslcomplex.* .libs/libgslcomplex.*
ar cru .libs/libgslcomplex.al math.lo
ranlib .libs/libgslcomplex.al
creating libgslcomplex.la
(cd .libs && rm -f libgslcomplex.la && ln -s ../libgslcomplex.la libgslcomplex.la)
make[5]: Leaving directory `/home/ualusr2011/ual1220/ual1/tools/tars/gsl-1.4/complex'
Making all in cheb
make[5]: Entering directory `/home/ualusr2011/ual1220/ual1/tools/tars/gsl-1.4/cheb'
/bin/sh ../libtool --mode=compile gcc -DHAVE_CONFIG_H -I. -I. -I.. -I..    -g -O2 -c -o deriv.lo `test -f 'deriv.c' || echo './'`deriv.c
mkdir .libs
gcc -DHAVE_CONFIG_H -I. -I. -I.. -I.. -g -O2 -c deriv.c  -fPIC -DPIC -o .libs/deriv.lo
gcc -DHAVE_CONFIG_H -I. -I. -I.. -I.. -g -O2 -c deriv.c -o deriv.o >/dev/null 2>&1
mv -f .libs/deriv.lo deriv.lo
/bin/sh ../libtool --mode=compile gcc -DHAVE_CONFIG_H -I. -I. -I.. -I..    -g -O2 -c -o eval.lo `test -f 'eval.c' || echo './'`eval.c
rm -f .libs/eval.lo
gcc -DHAVE_CONFIG_H -I. -I. -I.. -I.. -g -O2 -c eval.c  -fPIC -DPIC -o .libs/eval.lo
gcc -DHAVE_CONFIG_H -I. -I. -I.. -I.. -g -O2 -c eval.c -o eval.o >/dev/null 2>&1
mv -f .libs/eval.lo eval.lo
/bin/sh ../libtool --mode=compile gcc -DHAVE_CONFIG_H -I. -I. -I.. -I..    -g -O2 -c -o init.lo `test -f 'init.c' || echo './'`init.c
rm -f .libs/init.lo
gcc -DHAVE_CONFIG_H -I. -I. -I.. -I.. -g -O2 -c init.c  -fPIC -DPIC -o .libs/init.lo
gcc -DHAVE_CONFIG_H -I. -I. -I.. -I.. -g -O2 -c init.c -o init.o >/dev/null 2>&1
mv -f .libs/init.lo init.lo
/bin/sh ../libtool --mode=compile gcc -DHAVE_CONFIG_H -I. -I. -I.. -I..    -g -O2 -c -o integ.lo `test -f 'integ.c' || echo './'`integ.c
rm -f .libs/integ.lo
gcc -DHAVE_CONFIG_H -I. -I. -I.. -I.. -g -O2 -c integ.c  -fPIC -DPIC -o .libs/integ.lo
gcc -DHAVE_CONFIG_H -I. -I. -I.. -I.. -g -O2 -c integ.c -o integ.o >/dev/null 2>&1
mv -f .libs/integ.lo integ.lo
/bin/sh ../libtool --mode=link gcc  -g -O2   -o libgslcheb.la   deriv.lo eval.lo init.lo integ.lo  -lm 
rm -fr .libs/libgslcheb.la .libs/libgslcheb.* .libs/libgslcheb.*
ar cru .libs/libgslcheb.al deriv.lo eval.lo init.lo integ.lo
ranlib .libs/libgslcheb.al
creating libgslcheb.la
(cd .libs && rm -f libgslcheb.la && ln -s ../libgslcheb.la libgslcheb.la)
make[5]: Leaving directory `/home/ualusr2011/ual1220/ual1/tools/tars/gsl-1.4/cheb'
Making all in block
make[5]: Entering directory `/home/ualusr2011/ual1220/ual1/tools/tars/gsl-1.4/block'
/bin/sh ../libtool --mode=compile gcc -DHAVE_CONFIG_H -I. -I. -I.. -I.. -I..    -g -O2 -c -o init.lo `test -f 'init.c' || echo './'`init.c
mkdir .libs
gcc -DHAVE_CONFIG_H -I. -I. -I.. -I.. -I.. -g -O2 -c init.c  -fPIC -DPIC -o .libs/init.lo
gcc -DHAVE_CONFIG_H -I. -I. -I.. -I.. -I.. -g -O2 -c init.c -o init.o >/dev/null 2>&1
mv -f .libs/init.lo init.lo
/bin/sh ../libtool --mode=compile gcc -DHAVE_CONFIG_H -I. -I. -I.. -I.. -I..    -g -O2 -c -o file.lo `test -f 'file.c' || echo './'`file.c
rm -f .libs/file.lo
gcc -DHAVE_CONFIG_H -I. -I. -I.. -I.. -I.. -g -O2 -c file.c  -fPIC -DPIC -o .libs/file.lo
gcc -DHAVE_CONFIG_H -I. -I. -I.. -I.. -I.. -g -O2 -c file.c -o file.o >/dev/null 2>&1
mv -f .libs/file.lo file.lo
/bin/sh ../libtool --mode=compile gcc -DHAVE_CONFIG_H -I. -I. -I.. -I.. -I..    -g -O2 -c -o block.lo `test -f 'block.c' || echo './'`block.c
rm -f .libs/block.lo
gcc -DHAVE_CONFIG_H -I. -I. -I.. -I.. -I.. -g -O2 -c block.c  -fPIC -DPIC -o .libs/block.lo
gcc -DHAVE_CONFIG_H -I. -I. -I.. -I.. -I.. -g -O2 -c block.c -o block.o >/dev/null 2>&1
mv -f .libs/block.lo block.lo
/bin/sh ../libtool --mode=link gcc  -g -O2   -o libgslblock.la   init.lo file.lo block.lo  -lm 
rm -fr .libs/libgslblock.la .libs/libgslblock.* .libs/libgslblock.*
ar cru .libs/libgslblock.al init.lo file.lo block.lo
ranlib .libs/libgslblock.al
creating libgslblock.la
(cd .libs && rm -f libgslblock.la && ln -s ../libgslblock.la libgslblock.la)
make[5]: Leaving directory `/home/ualusr2011/ual1220/ual1/tools/tars/gsl-1.4/block'
Making all in vector
make[5]: Entering directory `/home/ualusr2011/ual1220/ual1/tools/tars/gsl-1.4/vector'
/bin/sh ../libtool --mode=compile gcc -DHAVE_CONFIG_H -I. -I. -I.. -I.. -I..    -g -O2 -c -o init.lo `test -f 'init.c' || echo './'`init.c
mkdir .libs
gcc -DHAVE_CONFIG_H -I. -I. -I.. -I.. -I.. -g -O2 -c init.c  -fPIC -DPIC -o .libs/init.lo
gcc -DHAVE_CONFIG_H -I. -I. -I.. -I.. -I.. -g -O2 -c init.c -o init.o >/dev/null 2>&1
mv -f .libs/init.lo init.lo
/bin/sh ../libtool --mode=compile gcc -DHAVE_CONFIG_H -I. -I. -I.. -I.. -I..    -g -O2 -c -o file.lo `test -f 'file.c' || echo './'`file.c
rm -f .libs/file.lo
gcc -DHAVE_CONFIG_H -I. -I. -I.. -I.. -I.. -g -O2 -c file.c  -fPIC -DPIC -o .libs/file.lo
gcc -DHAVE_CONFIG_H -I. -I. -I.. -I.. -I.. -g -O2 -c file.c -o file.o >/dev/null 2>&1
mv -f .libs/file.lo file.lo
/bin/sh ../libtool --mode=compile gcc -DHAVE_CONFIG_H -I. -I. -I.. -I.. -I..    -g -O2 -c -o vector.lo `test -f 'vector.c' || echo './'`vector.c
rm -f .libs/vector.lo
gcc -DHAVE_CONFIG_H -I. -I. -I.. -I.. -I.. -g -O2 -c vector.c  -fPIC -DPIC -o .libs/vector.lo
gcc -DHAVE_CONFIG_H -I. -I. -I.. -I.. -I.. -g -O2 -c vector.c -o vector.o >/dev/null 2>&1
mv -f .libs/vector.lo vector.lo
/bin/sh ../libtool --mode=compile gcc -DHAVE_CONFIG_H -I. -I. -I.. -I.. -I..    -g -O2 -c -o copy.lo `test -f 'copy.c' || echo './'`copy.c
rm -f .libs/copy.lo
gcc -DHAVE_CONFIG_H -I. -I. -I.. -I.. -I.. -g -O2 -c copy.c  -fPIC -DPIC -o .libs/copy.lo
gcc -DHAVE_CONFIG_H -I. -I. -I.. -I.. -I.. -g -O2 -c copy.c -o copy.o >/dev/null 2>&1
mv -f .libs/copy.lo copy.lo
/bin/sh ../libtool --mode=compile gcc -DHAVE_CONFIG_H -I. -I. -I.. -I.. -I..    -g -O2 -c -o swap.lo `test -f 'swap.c' || echo './'`swap.c
rm -f .libs/swap.lo
gcc -DHAVE_CONFIG_H -I. -I. -I.. -I.. -I.. -g -O2 -c swap.c  -fPIC -DPIC -o .libs/swap.lo
gcc -DHAVE_CONFIG_H -I. -I. -I.. -I.. -I.. -g -O2 -c swap.c -o swap.o >/dev/null 2>&1
mv -f .libs/swap.lo swap.lo
/bin/sh ../libtool --mode=compile gcc -DHAVE_CONFIG_H -I. -I. -I.. -I.. -I..    -g -O2 -c -o prop.lo `test -f 'prop.c' || echo './'`prop.c
rm -f .libs/prop.lo
gcc -DHAVE_CONFIG_H -I. -I. -I.. -I.. -I.. -g -O2 -c prop.c  -fPIC -DPIC -o .libs/prop.lo
gcc -DHAVE_CONFIG_H -I. -I. -I.. -I.. -I.. -g -O2 -c prop.c -o prop.o >/dev/null 2>&1
mv -f .libs/prop.lo prop.lo
/bin/sh ../libtool --mode=compile gcc -DHAVE_CONFIG_H -I. -I. -I.. -I.. -I..    -g -O2 -c -o minmax.lo `test -f 'minmax.c' || echo './'`minmax.c
rm -f .libs/minmax.lo
gcc -DHAVE_CONFIG_H -I. -I. -I.. -I.. -I.. -g -O2 -c minmax.c  -fPIC -DPIC -o .libs/minmax.lo
gcc -DHAVE_CONFIG_H -I. -I. -I.. -I.. -I.. -g -O2 -c minmax.c -o minmax.o >/dev/null 2>&1
mv -f .libs/minmax.lo minmax.lo
/bin/sh ../libtool --mode=compile gcc -DHAVE_CONFIG_H -I. -I. -I.. -I.. -I..    -g -O2 -c -o oper.lo `test -f 'oper.c' || echo './'`oper.c
rm -f .libs/oper.lo
gcc -DHAVE_CONFIG_H -I. -I. -I.. -I.. -I.. -g -O2 -c oper.c  -fPIC -DPIC -o .libs/oper.lo
gcc -DHAVE_CONFIG_H -I. -I. -I.. -I.. -I.. -g -O2 -c oper.c -o oper.o >/dev/null 2>&1
mv -f .libs/oper.lo oper.lo
/bin/sh ../libtool --mode=compile gcc -DHAVE_CONFIG_H -I. -I. -I.. -I.. -I..    -g -O2 -c -o reim.lo `test -f 'reim.c' || echo './'`reim.c
rm -f .libs/reim.lo
gcc -DHAVE_CONFIG_H -I. -I. -I.. -I.. -I.. -g -O2 -c reim.c  -fPIC -DPIC -o .libs/reim.lo
gcc -DHAVE_CONFIG_H -I. -I. -I.. -I.. -I.. -g -O2 -c reim.c -o reim.o >/dev/null 2>&1
mv -f .libs/reim.lo reim.lo
/bin/sh ../libtool --mode=compile gcc -DHAVE_CONFIG_H -I. -I. -I.. -I.. -I..    -g -O2 -c -o subvector.lo `test -f 'subvector.c' || echo './'`subvector.c
rm -f .libs/subvector.lo
gcc -DHAVE_CONFIG_H -I. -I. -I.. -I.. -I.. -g -O2 -c subvector.c  -fPIC -DPIC -o .libs/subvector.lo
gcc -DHAVE_CONFIG_H -I. -I. -I.. -I.. -I.. -g -O2 -c subvector.c -o subvector.o >/dev/null 2>&1
mv -f .libs/subvector.lo subvector.lo
/bin/sh ../libtool --mode=compile gcc -DHAVE_CONFIG_H -I. -I. -I.. -I.. -I..    -g -O2 -c -o view.lo `test -f 'view.c' || echo './'`view.c
rm -f .libs/view.lo
gcc -DHAVE_CONFIG_H -I. -I. -I.. -I.. -I.. -g -O2 -c view.c  -fPIC -DPIC -o .libs/view.lo
gcc -DHAVE_CONFIG_H -I. -I. -I.. -I.. -I.. -g -O2 -c view.c -o view.o >/dev/null 2>&1
mv -f .libs/view.lo view.lo
/bin/sh ../libtool --mode=link gcc  -g -O2   -o libgslvector.la   init.lo file.lo vector.lo copy.lo swap.lo prop.lo minmax.lo oper.lo reim.lo subvector.lo view.lo  -lm 
rm -fr .libs/libgslvector.la .libs/libgslvector.* .libs/libgslvector.*
ar cru .libs/libgslvector.al init.lo file.lo vector.lo copy.lo swap.lo prop.lo minmax.lo oper.lo reim.lo subvector.lo view.lo
ranlib .libs/libgslvector.al
creating libgslvector.la
(cd .libs && rm -f libgslvector.la && ln -s ../libgslvector.la libgslvector.la)
make[5]: Leaving directory `/home/ualusr2011/ual1220/ual1/tools/tars/gsl-1.4/vector'
Making all in matrix
make[5]: Entering directory `/home/ualusr2011/ual1220/ual1/tools/tars/gsl-1.4/matrix'
/bin/sh ../libtool --mode=compile gcc -DHAVE_CONFIG_H -I. -I. -I.. -I.. -I..    -g -O2 -c -o init.lo `test -f 'init.c' || echo './'`init.c
mkdir .libs
gcc -DHAVE_CONFIG_H -I. -I. -I.. -I.. -I.. -g -O2 -c init.c  -fPIC -DPIC -o .libs/init.lo
gcc -DHAVE_CONFIG_H -I. -I. -I.. -I.. -I.. -g -O2 -c init.c -o init.o >/dev/null 2>&1
mv -f .libs/init.lo init.lo
/bin/sh ../libtool --mode=compile gcc -DHAVE_CONFIG_H -I. -I. -I.. -I.. -I..    -g -O2 -c -o matrix.lo `test -f 'matrix.c' || echo './'`matrix.c
rm -f .libs/matrix.lo
gcc -DHAVE_CONFIG_H -I. -I. -I.. -I.. -I.. -g -O2 -c matrix.c  -fPIC -DPIC -o .libs/matrix.lo
gcc -DHAVE_CONFIG_H -I. -I. -I.. -I.. -I.. -g -O2 -c matrix.c -o matrix.o >/dev/null 2>&1
mv -f .libs/matrix.lo matrix.lo
/bin/sh ../libtool --mode=compile gcc -DHAVE_CONFIG_H -I. -I. -I.. -I.. -I..    -g -O2 -c -o file.lo `test -f 'file.c' || echo './'`file.c
rm -f .libs/file.lo
gcc -DHAVE_CONFIG_H -I. -I. -I.. -I.. -I.. -g -O2 -c file.c  -fPIC -DPIC -o .libs/file.lo
gcc -DHAVE_CONFIG_H -I. -I. -I.. -I.. -I.. -g -O2 -c file.c -o file.o >/dev/null 2>&1
mv -f .libs/file.lo file.lo
/bin/sh ../libtool --mode=compile gcc -DHAVE_CONFIG_H -I. -I. -I.. -I.. -I..    -g -O2 -c -o rowcol.lo `test -f 'rowcol.c' || echo './'`rowcol.c
rm -f .libs/rowcol.lo
gcc -DHAVE_CONFIG_H -I. -I. -I.. -I.. -I.. -g -O2 -c rowcol.c  -fPIC -DPIC -o .libs/rowcol.lo
gcc -DHAVE_CONFIG_H -I. -I. -I.. -I.. -I.. -g -O2 -c rowcol.c -o rowcol.o >/dev/null 2>&1
mv -f .libs/rowcol.lo rowcol.lo
/bin/sh ../libtool --mode=compile gcc -DHAVE_CONFIG_H -I. -I. -I.. -I.. -I..    -g -O2 -c -o swap.lo `test -f 'swap.c' || echo './'`swap.c
rm -f .libs/swap.lo
gcc -DHAVE_CONFIG_H -I. -I. -I.. -I.. -I.. -g -O2 -c swap.c  -fPIC -DPIC -o .libs/swap.lo
gcc -DHAVE_CONFIG_H -I. -I. -I.. -I.. -I.. -g -O2 -c swap.c -o swap.o >/dev/null 2>&1
mv -f .libs/swap.lo swap.lo
/bin/sh ../libtool --mode=compile gcc -DHAVE_CONFIG_H -I. -I. -I.. -I.. -I..    -g -O2 -c -o copy.lo `test -f 'copy.c' || echo './'`copy.c
rm -f .libs/copy.lo
gcc -DHAVE_CONFIG_H -I. -I. -I.. -I.. -I.. -g -O2 -c copy.c  -fPIC -DPIC -o .libs/copy.lo
gcc -DHAVE_CONFIG_H -I. -I. -I.. -I.. -I.. -g -O2 -c copy.c -o copy.o >/dev/null 2>&1
mv -f .libs/copy.lo copy.lo
/bin/sh ../libtool --mode=compile gcc -DHAVE_CONFIG_H -I. -I. -I.. -I.. -I..    -g -O2 -c -o minmax.lo `test -f 'minmax.c' || echo './'`minmax.c
rm -f .libs/minmax.lo
gcc -DHAVE_CONFIG_H -I. -I. -I.. -I.. -I.. -g -O2 -c minmax.c  -fPIC -DPIC -o .libs/minmax.lo
gcc -DHAVE_CONFIG_H -I. -I. -I.. -I.. -I.. -g -O2 -c minmax.c -o minmax.o >/dev/null 2>&1
mv -f .libs/minmax.lo minmax.lo
/bin/sh ../libtool --mode=compile gcc -DHAVE_CONFIG_H -I. -I. -I.. -I.. -I..    -g -O2 -c -o prop.lo `test -f 'prop.c' || echo './'`prop.c
rm -f .libs/prop.lo
gcc -DHAVE_CONFIG_H -I. -I. -I.. -I.. -I.. -g -O2 -c prop.c  -fPIC -DPIC -o .libs/prop.lo
gcc -DHAVE_CONFIG_H -I. -I. -I.. -I.. -I.. -g -O2 -c prop.c -o prop.o >/dev/null 2>&1
mv -f .libs/prop.lo prop.lo
/bin/sh ../libtool --mode=compile gcc -DHAVE_CONFIG_H -I. -I. -I.. -I.. -I..    -g -O2 -c -o oper.lo `test -f 'oper.c' || echo './'`oper.c
rm -f .libs/oper.lo
gcc -DHAVE_CONFIG_H -I. -I. -I.. -I.. -I.. -g -O2 -c oper.c  -fPIC -DPIC -o .libs/oper.lo
gcc -DHAVE_CONFIG_H -I. -I. -I.. -I.. -I.. -g -O2 -c oper.c -o oper.o >/dev/null 2>&1
mv -f .libs/oper.lo oper.lo
/bin/sh ../libtool --mode=compile gcc -DHAVE_CONFIG_H -I. -I. -I.. -I.. -I..    -g -O2 -c -o getset.lo `test -f 'getset.c' || echo './'`getset.c
rm -f .libs/getset.lo
gcc -DHAVE_CONFIG_H -I. -I. -I.. -I.. -I.. -g -O2 -c getset.c  -fPIC -DPIC -o .libs/getset.lo
gcc -DHAVE_CONFIG_H -I. -I. -I.. -I.. -I.. -g -O2 -c getset.c -o getset.o >/dev/null 2>&1
mv -f .libs/getset.lo getset.lo
/bin/sh ../libtool --mode=compile gcc -DHAVE_CONFIG_H -I. -I. -I.. -I.. -I..    -g -O2 -c -o view.lo `test -f 'view.c' || echo './'`view.c
rm -f .libs/view.lo
gcc -DHAVE_CONFIG_H -I. -I. -I.. -I.. -I.. -g -O2 -c view.c  -fPIC -DPIC -o .libs/view.lo
gcc -DHAVE_CONFIG_H -I. -I. -I.. -I.. -I.. -g -O2 -c view.c -o view.o >/dev/null 2>&1
mv -f .libs/view.lo view.lo
/bin/sh ../libtool --mode=compile gcc -DHAVE_CONFIG_H -I. -I. -I.. -I.. -I..    -g -O2 -c -o submatrix.lo `test -f 'submatrix.c' || echo './'`submatrix.c
rm -f .libs/submatrix.lo
gcc -DHAVE_CONFIG_H -I. -I. -I.. -I.. -I.. -g -O2 -c submatrix.c  -fPIC -DPIC -o .libs/submatrix.lo
gcc -DHAVE_CONFIG_H -I. -I. -I.. -I.. -I.. -g -O2 -c submatrix.c -o submatrix.o >/dev/null 2>&1
mv -f .libs/submatrix.lo submatrix.lo
/bin/sh ../libtool --mode=link gcc  -g -O2   -o libgslmatrix.la   init.lo matrix.lo file.lo rowcol.lo swap.lo copy.lo minmax.lo prop.lo oper.lo getset.lo view.lo submatrix.lo  -lm 
rm -fr .libs/libgslmatrix.la .libs/libgslmatrix.* .libs/libgslmatrix.*
ar cru .libs/libgslmatrix.al init.lo matrix.lo file.lo rowcol.lo swap.lo copy.lo minmax.lo prop.lo oper.lo getset.lo view.lo submatrix.lo
ranlib .libs/libgslmatrix.al
creating libgslmatrix.la
(cd .libs && rm -f libgslmatrix.la && ln -s ../libgslmatrix.la libgslmatrix.la)
make[5]: Leaving directory `/home/ualusr2011/ual1220/ual1/tools/tars/gsl-1.4/matrix'
Making all in permutation
make[5]: Entering directory `/home/ualusr2011/ual1220/ual1/tools/tars/gsl-1.4/permutation'
/bin/sh ../libtool --mode=compile gcc -DHAVE_CONFIG_H -I. -I. -I.. -I.. -I..    -g -O2 -c -o init.lo `test -f 'init.c' || echo './'`init.c
mkdir .libs
gcc -DHAVE_CONFIG_H -I. -I. -I.. -I.. -I.. -g -O2 -c init.c  -fPIC -DPIC -o .libs/init.lo
gcc -DHAVE_CONFIG_H -I. -I. -I.. -I.. -I.. -g -O2 -c init.c -o init.o >/dev/null 2>&1
mv -f .libs/init.lo init.lo
/bin/sh ../libtool --mode=compile gcc -DHAVE_CONFIG_H -I. -I. -I.. -I.. -I..    -g -O2 -c -o file.lo `test -f 'file.c' || echo './'`file.c
rm -f .libs/file.lo
gcc -DHAVE_CONFIG_H -I. -I. -I.. -I.. -I.. -g -O2 -c file.c  -fPIC -DPIC -o .libs/file.lo
gcc -DHAVE_CONFIG_H -I. -I. -I.. -I.. -I.. -g -O2 -c file.c -o file.o >/dev/null 2>&1
mv -f .libs/file.lo file.lo
/bin/sh ../libtool --mode=compile gcc -DHAVE_CONFIG_H -I. -I. -I.. -I.. -I..    -g -O2 -c -o permutation.lo `test -f 'permutation.c' || echo './'`permutation.c
rm -f .libs/permutation.lo
gcc -DHAVE_CONFIG_H -I. -I. -I.. -I.. -I.. -g -O2 -c permutation.c  -fPIC -DPIC -o .libs/permutation.lo
gcc -DHAVE_CONFIG_H -I. -I. -I.. -I.. -I.. -g -O2 -c permutation.c -o permutation.o >/dev/null 2>&1
mv -f .libs/permutation.lo permutation.lo
/bin/sh ../libtool --mode=compile gcc -DHAVE_CONFIG_H -I. -I. -I.. -I.. -I..    -g -O2 -c -o permute.lo `test -f 'permute.c' || echo './'`permute.c
rm -f .libs/permute.lo
gcc -DHAVE_CONFIG_H -I. -I. -I.. -I.. -I.. -g -O2 -c permute.c  -fPIC -DPIC -o .libs/permute.lo
gcc -DHAVE_CONFIG_H -I. -I. -I.. -I.. -I.. -g -O2 -c permute.c -o permute.o >/dev/null 2>&1
mv -f .libs/permute.lo permute.lo
/bin/sh ../libtool --mode=compile gcc -DHAVE_CONFIG_H -I. -I. -I.. -I.. -I..    -g -O2 -c -o canonical.lo `test -f 'canonical.c' || echo './'`canonical.c
rm -f .libs/canonical.lo
gcc -DHAVE_CONFIG_H -I. -I. -I.. -I.. -I.. -g -O2 -c canonical.c  -fPIC -DPIC -o .libs/canonical.lo
gcc -DHAVE_CONFIG_H -I. -I. -I.. -I.. -I.. -g -O2 -c canonical.c -o canonical.o >/dev/null 2>&1
mv -f .libs/canonical.lo canonical.lo
/bin/sh ../libtool --mode=link gcc  -g -O2   -o libgslpermutation.la   init.lo file.lo permutation.lo permute.lo canonical.lo  -lm 
rm -fr .libs/libgslpermutation.la .libs/libgslpermutation.* .libs/libgslpermutation.*
ar cru .libs/libgslpermutation.al init.lo file.lo permutation.lo permute.lo canonical.lo
ranlib .libs/libgslpermutation.al
creating libgslpermutation.la
(cd .libs && rm -f libgslpermutation.la && ln -s ../libgslpermutation.la libgslpermutation.la)
make[5]: Leaving directory `/home/ualusr2011/ual1220/ual1/tools/tars/gsl-1.4/permutation'
Making all in combination
make[5]: Entering directory `/home/ualusr2011/ual1220/ual1/tools/tars/gsl-1.4/combination'
/bin/sh ../libtool --mode=compile gcc -DHAVE_CONFIG_H -I. -I. -I.. -I.. -I..    -g -O2 -c -o init.lo `test -f 'init.c' || echo './'`init.c
mkdir .libs
gcc -DHAVE_CONFIG_H -I. -I. -I.. -I.. -I.. -g -O2 -c init.c  -fPIC -DPIC -o .libs/init.lo
gcc -DHAVE_CONFIG_H -I. -I. -I.. -I.. -I.. -g -O2 -c init.c -o init.o >/dev/null 2>&1
mv -f .libs/init.lo init.lo
/bin/sh ../libtool --mode=compile gcc -DHAVE_CONFIG_H -I. -I. -I.. -I.. -I..    -g -O2 -c -o file.lo `test -f 'file.c' || echo './'`file.c
rm -f .libs/file.lo
gcc -DHAVE_CONFIG_H -I. -I. -I.. -I.. -I.. -g -O2 -c file.c  -fPIC -DPIC -o .libs/file.lo
gcc -DHAVE_CONFIG_H -I. -I. -I.. -I.. -I.. -g -O2 -c file.c -o file.o >/dev/null 2>&1
mv -f .libs/file.lo file.lo
/bin/sh ../libtool --mode=compile gcc -DHAVE_CONFIG_H -I. -I. -I.. -I.. -I..    -g -O2 -c -o combination.lo `test -f 'combination.c' || echo './'`combination.c
rm -f .libs/combination.lo
gcc -DHAVE_CONFIG_H -I. -I. -I.. -I.. -I.. -g -O2 -c combination.c  -fPIC -DPIC -o .libs/combination.lo
gcc -DHAVE_CONFIG_H -I. -I. -I.. -I.. -I.. -g -O2 -c combination.c -o combination.o >/dev/null 2>&1
mv -f .libs/combination.lo combination.lo
/bin/sh ../libtool --mode=link gcc  -g -O2   -o libgslcombination.la   init.lo file.lo combination.lo  -lm 
rm -fr .libs/libgslcombination.la .libs/libgslcombination.* .libs/libgslcombination.*
ar cru .libs/libgslcombination.al init.lo file.lo combination.lo
ranlib .libs/libgslcombination.al
creating libgslcombination.la
(cd .libs && rm -f libgslcombination.la && ln -s ../libgslcombination.la libgslcombination.la)
make[5]: Leaving directory `/home/ualusr2011/ual1220/ual1/tools/tars/gsl-1.4/combination'
Making all in sort
make[5]: Entering directory `/home/ualusr2011/ual1220/ual1/tools/tars/gsl-1.4/sort'
/bin/sh ../libtool --mode=compile gcc -DHAVE_CONFIG_H -I. -I. -I.. -I.. -I..    -g -O2 -c -o sort.lo `test -f 'sort.c' || echo './'`sort.c
mkdir .libs
gcc -DHAVE_CONFIG_H -I. -I. -I.. -I.. -I.. -g -O2 -c sort.c  -fPIC -DPIC -o .libs/sort.lo
gcc -DHAVE_CONFIG_H -I. -I. -I.. -I.. -I.. -g -O2 -c sort.c -o sort.o >/dev/null 2>&1
mv -f .libs/sort.lo sort.lo
/bin/sh ../libtool --mode=compile gcc -DHAVE_CONFIG_H -I. -I. -I.. -I.. -I..    -g -O2 -c -o sortind.lo `test -f 'sortind.c' || echo './'`sortind.c
rm -f .libs/sortind.lo
gcc -DHAVE_CONFIG_H -I. -I. -I.. -I.. -I.. -g -O2 -c sortind.c  -fPIC -DPIC -o .libs/sortind.lo
gcc -DHAVE_CONFIG_H -I. -I. -I.. -I.. -I.. -g -O2 -c sortind.c -o sortind.o >/dev/null 2>&1
mv -f .libs/sortind.lo sortind.lo
/bin/sh ../libtool --mode=compile gcc -DHAVE_CONFIG_H -I. -I. -I.. -I.. -I..    -g -O2 -c -o sortvec.lo `test -f 'sortvec.c' || echo './'`sortvec.c
rm -f .libs/sortvec.lo
gcc -DHAVE_CONFIG_H -I. -I. -I.. -I.. -I.. -g -O2 -c sortvec.c  -fPIC -DPIC -o .libs/sortvec.lo
gcc -DHAVE_CONFIG_H -I. -I. -I.. -I.. -I.. -g -O2 -c sortvec.c -o sortvec.o >/dev/null 2>&1
mv -f .libs/sortvec.lo sortvec.lo
/bin/sh ../libtool --mode=compile gcc -DHAVE_CONFIG_H -I. -I. -I.. -I.. -I..    -g -O2 -c -o sortvecind.lo `test -f 'sortvecind.c' || echo './'`sortvecind.c
rm -f .libs/sortvecind.lo
gcc -DHAVE_CONFIG_H -I. -I. -I.. -I.. -I.. -g -O2 -c sortvecind.c  -fPIC -DPIC -o .libs/sortvecind.lo
gcc -DHAVE_CONFIG_H -I. -I. -I.. -I.. -I.. -g -O2 -c sortvecind.c -o sortvecind.o >/dev/null 2>&1
mv -f .libs/sortvecind.lo sortvecind.lo
/bin/sh ../libtool --mode=compile gcc -DHAVE_CONFIG_H -I. -I. -I.. -I.. -I..    -g -O2 -c -o subset.lo `test -f 'subset.c' || echo './'`subset.c
rm -f .libs/subset.lo
gcc -DHAVE_CONFIG_H -I. -I. -I.. -I.. -I.. -g -O2 -c subset.c  -fPIC -DPIC -o .libs/subset.lo
gcc -DHAVE_CONFIG_H -I. -I. -I.. -I.. -I.. -g -O2 -c subset.c -o subset.o >/dev/null 2>&1
mv -f .libs/subset.lo subset.lo
/bin/sh ../libtool --mode=compile gcc -DHAVE_CONFIG_H -I. -I. -I.. -I.. -I..    -g -O2 -c -o subsetind.lo `test -f 'subsetind.c' || echo './'`subsetind.c
rm -f .libs/subsetind.lo
gcc -DHAVE_CONFIG_H -I. -I. -I.. -I.. -I.. -g -O2 -c subsetind.c  -fPIC -DPIC -o .libs/subsetind.lo
gcc -DHAVE_CONFIG_H -I. -I. -I.. -I.. -I.. -g -O2 -c subsetind.c -o subsetind.o >/dev/null 2>&1
mv -f .libs/subsetind.lo subsetind.lo
/bin/sh ../libtool --mode=link gcc  -g -O2   -o libgslsort.la   sort.lo sortind.lo sortvec.lo sortvecind.lo subset.lo subsetind.lo  -lm 
rm -fr .libs/libgslsort.la .libs/libgslsort.* .libs/libgslsort.*
ar cru .libs/libgslsort.al sort.lo sortind.lo sortvec.lo sortvecind.lo subset.lo subsetind.lo
ranlib .libs/libgslsort.al
creating libgslsort.la
(cd .libs && rm -f libgslsort.la && ln -s ../libgslsort.la libgslsort.la)
make[5]: Leaving directory `/home/ualusr2011/ual1220/ual1/tools/tars/gsl-1.4/sort'
Making all in ieee-utils
make[5]: Entering directory `/home/ualusr2011/ual1220/ual1/tools/tars/gsl-1.4/ieee-utils'
/bin/sh ../libtool --mode=compile gcc -DHAVE_CONFIG_H -I. -I. -I.. -I..    -g -O2 -c -o print.lo `test -f 'print.c' || echo './'`print.c
mkdir .libs
gcc -DHAVE_CONFIG_H -I. -I. -I.. -I.. -g -O2 -c print.c  -fPIC -DPIC -o .libs/print.lo
gcc -DHAVE_CONFIG_H -I. -I. -I.. -I.. -g -O2 -c print.c -o print.o >/dev/null 2>&1
mv -f .libs/print.lo print.lo
/bin/sh ../libtool --mode=compile gcc -DHAVE_CONFIG_H -I. -I. -I.. -I..    -g -O2 -c -o make_rep.lo `test -f 'make_rep.c' || echo './'`make_rep.c
rm -f .libs/make_rep.lo
gcc -DHAVE_CONFIG_H -I. -I. -I.. -I.. -g -O2 -c make_rep.c  -fPIC -DPIC -o .libs/make_rep.lo
gcc -DHAVE_CONFIG_H -I. -I. -I.. -I.. -g -O2 -c make_rep.c -o make_rep.o >/dev/null 2>&1
mv -f .libs/make_rep.lo make_rep.lo
/bin/sh ../libtool --mode=compile gcc -DHAVE_CONFIG_H -I. -I. -I.. -I..    -g -O2 -c -o env.lo `test -f 'env.c' || echo './'`env.c
rm -f .libs/env.lo
gcc -DHAVE_CONFIG_H -I. -I. -I.. -I.. -g -O2 -c env.c  -fPIC -DPIC -o .libs/env.lo
gcc -DHAVE_CONFIG_H -I. -I. -I.. -I.. -g -O2 -c env.c -o env.o >/dev/null 2>&1
mv -f .libs/env.lo env.lo
/bin/sh ../libtool --mode=compile gcc -DHAVE_CONFIG_H -I. -I. -I.. -I..    -g -O2 -c -o fp.lo `test -f 'fp.c' || echo './'`fp.c
rm -f .libs/fp.lo
gcc -DHAVE_CONFIG_H -I. -I. -I.. -I.. -g -O2 -c fp.c  -fPIC -DPIC -o .libs/fp.lo
gcc -DHAVE_CONFIG_H -I. -I. -I.. -I.. -g -O2 -c fp.c -o fp.o >/dev/null 2>&1
mv -f .libs/fp.lo fp.lo
/bin/sh ../libtool --mode=compile gcc -DHAVE_CONFIG_H -I. -I. -I.. -I..    -g -O2 -c -o read.lo `test -f 'read.c' || echo './'`read.c
rm -f .libs/read.lo
gcc -DHAVE_CONFIG_H -I. -I. -I.. -I.. -g -O2 -c read.c  -fPIC -DPIC -o .libs/read.lo
gcc -DHAVE_CONFIG_H -I. -I. -I.. -I.. -g -O2 -c read.c -o read.o >/dev/null 2>&1
mv -f .libs/read.lo read.lo
/bin/sh ../libtool --mode=link gcc  -g -O2   -o libgslieeeutils.la   print.lo make_rep.lo env.lo fp.lo read.lo  -lm 
rm -fr .libs/libgslieeeutils.la .libs/libgslieeeutils.* .libs/libgslieeeutils.*
ar cru .libs/libgslieeeutils.al print.lo make_rep.lo env.lo fp.lo read.lo
ranlib .libs/libgslieeeutils.al
creating libgslieeeutils.la
(cd .libs && rm -f libgslieeeutils.la && ln -s ../libgslieeeutils.la libgslieeeutils.la)
make[5]: Leaving directory `/home/ualusr2011/ual1220/ual1/tools/tars/gsl-1.4/ieee-utils'
Making all in cblas
make[5]: Entering directory `/home/ualusr2011/ual1220/ual1/tools/tars/gsl-1.4/cblas'
/bin/sh ../libtool --mode=compile gcc -DHAVE_CONFIG_H -I. -I. -I.. -I..    -g -O2 -c -o sasum.lo `test -f 'sasum.c' || echo './'`sasum.c
mkdir .libs
gcc -DHAVE_CONFIG_H -I. -I. -I.. -I.. -g -O2 -c sasum.c  -fPIC -DPIC -o .libs/sasum.lo
gcc -DHAVE_CONFIG_H -I. -I. -I.. -I.. -g -O2 -c sasum.c -o sasum.o >/dev/null 2>&1
mv -f .libs/sasum.lo sasum.lo
/bin/sh ../libtool --mode=compile gcc -DHAVE_CONFIG_H -I. -I. -I.. -I..    -g -O2 -c -o saxpy.lo `test -f 'saxpy.c' || echo './'`saxpy.c
rm -f .libs/saxpy.lo
gcc -DHAVE_CONFIG_H -I. -I. -I.. -I.. -g -O2 -c saxpy.c  -fPIC -DPIC -o .libs/saxpy.lo
gcc -DHAVE_CONFIG_H -I. -I. -I.. -I.. -g -O2 -c saxpy.c -o saxpy.o >/dev/null 2>&1
mv -f .libs/saxpy.lo saxpy.lo
/bin/sh ../libtool --mode=compile gcc -DHAVE_CONFIG_H -I. -I. -I.. -I..    -g -O2 -c -o scasum.lo `test -f 'scasum.c' || echo './'`scasum.c
rm -f .libs/scasum.lo
gcc -DHAVE_CONFIG_H -I. -I. -I.. -I.. -g -O2 -c scasum.c  -fPIC -DPIC -o .libs/scasum.lo
gcc -DHAVE_CONFIG_H -I. -I. -I.. -I.. -g -O2 -c scasum.c -o scasum.o >/dev/null 2>&1
mv -f .libs/scasum.lo scasum.lo
/bin/sh ../libtool --mode=compile gcc -DHAVE_CONFIG_H -I. -I. -I.. -I..    -g -O2 -c -o scnrm2.lo `test -f 'scnrm2.c' || echo './'`scnrm2.c
rm -f .libs/scnrm2.lo
gcc -DHAVE_CONFIG_H -I. -I. -I.. -I.. -g -O2 -c scnrm2.c  -fPIC -DPIC -o .libs/scnrm2.lo
gcc -DHAVE_CONFIG_H -I. -I. -I.. -I.. -g -O2 -c scnrm2.c -o scnrm2.o >/dev/null 2>&1
mv -f .libs/scnrm2.lo scnrm2.lo
/bin/sh ../libtool --mode=compile gcc -DHAVE_CONFIG_H -I. -I. -I.. -I..    -g -O2 -c -o scopy.lo `test -f 'scopy.c' || echo './'`scopy.c
rm -f .libs/scopy.lo
gcc -DHAVE_CONFIG_H -I. -I. -I.. -I.. -g -O2 -c scopy.c  -fPIC -DPIC -o .libs/scopy.lo
gcc -DHAVE_CONFIG_H -I. -I. -I.. -I.. -g -O2 -c scopy.c -o scopy.o >/dev/null 2>&1
mv -f .libs/scopy.lo scopy.lo
/bin/sh ../libtool --mode=compile gcc -DHAVE_CONFIG_H -I. -I. -I.. -I..    -g -O2 -c -o sdot.lo `test -f 'sdot.c' || echo './'`sdot.c
rm -f .libs/sdot.lo
gcc -DHAVE_CONFIG_H -I. -I. -I.. -I.. -g -O2 -c sdot.c  -fPIC -DPIC -o .libs/sdot.lo
gcc -DHAVE_CONFIG_H -I. -I. -I.. -I.. -g -O2 -c sdot.c -o sdot.o >/dev/null 2>&1
mv -f .libs/sdot.lo sdot.lo
/bin/sh ../libtool --mode=compile gcc -DHAVE_CONFIG_H -I. -I. -I.. -I..    -g -O2 -c -o sdsdot.lo `test -f 'sdsdot.c' || echo './'`sdsdot.c
rm -f .libs/sdsdot.lo
gcc -DHAVE_CONFIG_H -I. -I. -I.. -I.. -g -O2 -c sdsdot.c  -fPIC -DPIC -o .libs/sdsdot.lo
gcc -DHAVE_CONFIG_H -I. -I. -I.. -I.. -g -O2 -c sdsdot.c -o sdsdot.o >/dev/null 2>&1
mv -f .libs/sdsdot.lo sdsdot.lo
/bin/sh ../libtool --mode=compile gcc -DHAVE_CONFIG_H -I. -I. -I.. -I..    -g -O2 -c -o sgbmv.lo `test -f 'sgbmv.c' || echo './'`sgbmv.c
rm -f .libs/sgbmv.lo
gcc -DHAVE_CONFIG_H -I. -I. -I.. -I.. -g -O2 -c sgbmv.c  -fPIC -DPIC -o .libs/sgbmv.lo
gcc -DHAVE_CONFIG_H -I. -I. -I.. -I.. -g -O2 -c sgbmv.c -o sgbmv.o >/dev/null 2>&1
mv -f .libs/sgbmv.lo sgbmv.lo
/bin/sh ../libtool --mode=compile gcc -DHAVE_CONFIG_H -I. -I. -I.. -I..    -g -O2 -c -o sgemm.lo `test -f 'sgemm.c' || echo './'`sgemm.c
rm -f .libs/sgemm.lo
gcc -DHAVE_CONFIG_H -I. -I. -I.. -I.. -g -O2 -c sgemm.c  -fPIC -DPIC -o .libs/sgemm.lo
gcc -DHAVE_CONFIG_H -I. -I. -I.. -I.. -g -O2 -c sgemm.c -o sgemm.o >/dev/null 2>&1
mv -f .libs/sgemm.lo sgemm.lo
/bin/sh ../libtool --mode=compile gcc -DHAVE_CONFIG_H -I. -I. -I.. -I..    -g -O2 -c -o sgemv.lo `test -f 'sgemv.c' || echo './'`sgemv.c
rm -f .libs/sgemv.lo
gcc -DHAVE_CONFIG_H -I. -I. -I.. -I.. -g -O2 -c sgemv.c  -fPIC -DPIC -o .libs/sgemv.lo
gcc -DHAVE_CONFIG_H -I. -I. -I.. -I.. -g -O2 -c sgemv.c -o sgemv.o >/dev/null 2>&1
mv -f .libs/sgemv.lo sgemv.lo
/bin/sh ../libtool --mode=compile gcc -DHAVE_CONFIG_H -I. -I. -I.. -I..    -g -O2 -c -o sger.lo `test -f 'sger.c' || echo './'`sger.c
rm -f .libs/sger.lo
gcc -DHAVE_CONFIG_H -I. -I. -I.. -I.. -g -O2 -c sger.c  -fPIC -DPIC -o .libs/sger.lo
gcc -DHAVE_CONFIG_H -I. -I. -I.. -I.. -g -O2 -c sger.c -o sger.o >/dev/null 2>&1
mv -f .libs/sger.lo sger.lo
/bin/sh ../libtool --mode=compile gcc -DHAVE_CONFIG_H -I. -I. -I.. -I..    -g -O2 -c -o snrm2.lo `test -f 'snrm2.c' || echo './'`snrm2.c
rm -f .libs/snrm2.lo
gcc -DHAVE_CONFIG_H -I. -I. -I.. -I.. -g -O2 -c snrm2.c  -fPIC -DPIC -o .libs/snrm2.lo
gcc -DHAVE_CONFIG_H -I. -I. -I.. -I.. -g -O2 -c snrm2.c -o snrm2.o >/dev/null 2>&1
mv -f .libs/snrm2.lo snrm2.lo
/bin/sh ../libtool --mode=compile gcc -DHAVE_CONFIG_H -I. -I. -I.. -I..    -g -O2 -c -o srot.lo `test -f 'srot.c' || echo './'`srot.c
rm -f .libs/srot.lo
gcc -DHAVE_CONFIG_H -I. -I. -I.. -I.. -g -O2 -c srot.c  -fPIC -DPIC -o .libs/srot.lo
gcc -DHAVE_CONFIG_H -I. -I. -I.. -I.. -g -O2 -c srot.c -o srot.o >/dev/null 2>&1
mv -f .libs/srot.lo srot.lo
/bin/sh ../libtool --mode=compile gcc -DHAVE_CONFIG_H -I. -I. -I.. -I..    -g -O2 -c -o srotg.lo `test -f 'srotg.c' || echo './'`srotg.c
rm -f .libs/srotg.lo
gcc -DHAVE_CONFIG_H -I. -I. -I.. -I.. -g -O2 -c srotg.c  -fPIC -DPIC -o .libs/srotg.lo
gcc -DHAVE_CONFIG_H -I. -I. -I.. -I.. -g -O2 -c srotg.c -o srotg.o >/dev/null 2>&1
mv -f .libs/srotg.lo srotg.lo
/bin/sh ../libtool --mode=compile gcc -DHAVE_CONFIG_H -I. -I. -I.. -I..    -g -O2 -c -o srotm.lo `test -f 'srotm.c' || echo './'`srotm.c
rm -f .libs/srotm.lo
gcc -DHAVE_CONFIG_H -I. -I. -I.. -I.. -g -O2 -c srotm.c  -fPIC -DPIC -o .libs/srotm.lo
gcc -DHAVE_CONFIG_H -I. -I. -I.. -I.. -g -O2 -c srotm.c -o srotm.o >/dev/null 2>&1
mv -f .libs/srotm.lo srotm.lo
/bin/sh ../libtool --mode=compile gcc -DHAVE_CONFIG_H -I. -I. -I.. -I..    -g -O2 -c -o srotmg.lo `test -f 'srotmg.c' || echo './'`srotmg.c
rm -f .libs/srotmg.lo
gcc -DHAVE_CONFIG_H -I. -I. -I.. -I.. -g -O2 -c srotmg.c  -fPIC -DPIC -o .libs/srotmg.lo
gcc -DHAVE_CONFIG_H -I. -I. -I.. -I.. -g -O2 -c srotmg.c -o srotmg.o >/dev/null 2>&1
mv -f .libs/srotmg.lo srotmg.lo
/bin/sh ../libtool --mode=compile gcc -DHAVE_CONFIG_H -I. -I. -I.. -I..    -g -O2 -c -o ssbmv.lo `test -f 'ssbmv.c' || echo './'`ssbmv.c
rm -f .libs/ssbmv.lo
gcc -DHAVE_CONFIG_H -I. -I. -I.. -I.. -g -O2 -c ssbmv.c  -fPIC -DPIC -o .libs/ssbmv.lo
gcc -DHAVE_CONFIG_H -I. -I. -I.. -I.. -g -O2 -c ssbmv.c -o ssbmv.o >/dev/null 2>&1
mv -f .libs/ssbmv.lo ssbmv.lo
/bin/sh ../libtool --mode=compile gcc -DHAVE_CONFIG_H -I. -I. -I.. -I..    -g -O2 -c -o sscal.lo `test -f 'sscal.c' || echo './'`sscal.c
rm -f .libs/sscal.lo
gcc -DHAVE_CONFIG_H -I. -I. -I.. -I.. -g -O2 -c sscal.c  -fPIC -DPIC -o .libs/sscal.lo
gcc -DHAVE_CONFIG_H -I. -I. -I.. -I.. -g -O2 -c sscal.c -o sscal.o >/dev/null 2>&1
mv -f .libs/sscal.lo sscal.lo
/bin/sh ../libtool --mode=compile gcc -DHAVE_CONFIG_H -I. -I. -I.. -I..    -g -O2 -c -o sspmv.lo `test -f 'sspmv.c' || echo './'`sspmv.c
rm -f .libs/sspmv.lo
gcc -DHAVE_CONFIG_H -I. -I. -I.. -I.. -g -O2 -c sspmv.c  -fPIC -DPIC -o .libs/sspmv.lo
gcc -DHAVE_CONFIG_H -I. -I. -I.. -I.. -g -O2 -c sspmv.c -o sspmv.o >/dev/null 2>&1
mv -f .libs/sspmv.lo sspmv.lo
/bin/sh ../libtool --mode=compile gcc -DHAVE_CONFIG_H -I. -I. -I.. -I..    -g -O2 -c -o sspr.lo `test -f 'sspr.c' || echo './'`sspr.c
rm -f .libs/sspr.lo
gcc -DHAVE_CONFIG_H -I. -I. -I.. -I.. -g -O2 -c sspr.c  -fPIC -DPIC -o .libs/sspr.lo
gcc -DHAVE_CONFIG_H -I. -I. -I.. -I.. -g -O2 -c sspr.c -o sspr.o >/dev/null 2>&1
mv -f .libs/sspr.lo sspr.lo
/bin/sh ../libtool --mode=compile gcc -DHAVE_CONFIG_H -I. -I. -I.. -I..    -g -O2 -c -o sspr2.lo `test -f 'sspr2.c' || echo './'`sspr2.c
rm -f .libs/sspr2.lo
gcc -DHAVE_CONFIG_H -I. -I. -I.. -I.. -g -O2 -c sspr2.c  -fPIC -DPIC -o .libs/sspr2.lo
gcc -DHAVE_CONFIG_H -I. -I. -I.. -I.. -g -O2 -c sspr2.c -o sspr2.o >/dev/null 2>&1
mv -f .libs/sspr2.lo sspr2.lo
/bin/sh ../libtool --mode=compile gcc -DHAVE_CONFIG_H -I. -I. -I.. -I..    -g -O2 -c -o sswap.lo `test -f 'sswap.c' || echo './'`sswap.c
rm -f .libs/sswap.lo
gcc -DHAVE_CONFIG_H -I. -I. -I.. -I.. -g -O2 -c sswap.c  -fPIC -DPIC -o .libs/sswap.lo
gcc -DHAVE_CONFIG_H -I. -I. -I.. -I.. -g -O2 -c sswap.c -o sswap.o >/dev/null 2>&1
mv -f .libs/sswap.lo sswap.lo
/bin/sh ../libtool --mode=compile gcc -DHAVE_CONFIG_H -I. -I. -I.. -I..    -g -O2 -c -o ssymm.lo `test -f 'ssymm.c' || echo './'`ssymm.c
rm -f .libs/ssymm.lo
gcc -DHAVE_CONFIG_H -I. -I. -I.. -I.. -g -O2 -c ssymm.c  -fPIC -DPIC -o .libs/ssymm.lo
gcc -DHAVE_CONFIG_H -I. -I. -I.. -I.. -g -O2 -c ssymm.c -o ssymm.o >/dev/null 2>&1
mv -f .libs/ssymm.lo ssymm.lo
/bin/sh ../libtool --mode=compile gcc -DHAVE_CONFIG_H -I. -I. -I.. -I..    -g -O2 -c -o ssymv.lo `test -f 'ssymv.c' || echo './'`ssymv.c
rm -f .libs/ssymv.lo
gcc -DHAVE_CONFIG_H -I. -I. -I.. -I.. -g -O2 -c ssymv.c  -fPIC -DPIC -o .libs/ssymv.lo
gcc -DHAVE_CONFIG_H -I. -I. -I.. -I.. -g -O2 -c ssymv.c -o ssymv.o >/dev/null 2>&1
mv -f .libs/ssymv.lo ssymv.lo
/bin/sh ../libtool --mode=compile gcc -DHAVE_CONFIG_H -I. -I. -I.. -I..    -g -O2 -c -o ssyr.lo `test -f 'ssyr.c' || echo './'`ssyr.c
rm -f .libs/ssyr.lo
gcc -DHAVE_CONFIG_H -I. -I. -I.. -I.. -g -O2 -c ssyr.c  -fPIC -DPIC -o .libs/ssyr.lo
gcc -DHAVE_CONFIG_H -I. -I. -I.. -I.. -g -O2 -c ssyr.c -o ssyr.o >/dev/null 2>&1
mv -f .libs/ssyr.lo ssyr.lo
/bin/sh ../libtool --mode=compile gcc -DHAVE_CONFIG_H -I. -I. -I.. -I..    -g -O2 -c -o ssyr2.lo `test -f 'ssyr2.c' || echo './'`ssyr2.c
rm -f .libs/ssyr2.lo
gcc -DHAVE_CONFIG_H -I. -I. -I.. -I.. -g -O2 -c ssyr2.c  -fPIC -DPIC -o .libs/ssyr2.lo
gcc -DHAVE_CONFIG_H -I. -I. -I.. -I.. -g -O2 -c ssyr2.c -o ssyr2.o >/dev/null 2>&1
mv -f .libs/ssyr2.lo ssyr2.lo
/bin/sh ../libtool --mode=compile gcc -DHAVE_CONFIG_H -I. -I. -I.. -I..    -g -O2 -c -o ssyr2k.lo `test -f 'ssyr2k.c' || echo './'`ssyr2k.c
rm -f .libs/ssyr2k.lo
gcc -DHAVE_CONFIG_H -I. -I. -I.. -I.. -g -O2 -c ssyr2k.c  -fPIC -DPIC -o .libs/ssyr2k.lo
gcc -DHAVE_CONFIG_H -I. -I. -I.. -I.. -g -O2 -c ssyr2k.c -o ssyr2k.o >/dev/null 2>&1
mv -f .libs/ssyr2k.lo ssyr2k.lo
/bin/sh ../libtool --mode=compile gcc -DHAVE_CONFIG_H -I. -I. -I.. -I..    -g -O2 -c -o ssyrk.lo `test -f 'ssyrk.c' || echo './'`ssyrk.c
rm -f .libs/ssyrk.lo
gcc -DHAVE_CONFIG_H -I. -I. -I.. -I.. -g -O2 -c ssyrk.c  -fPIC -DPIC -o .libs/ssyrk.lo
gcc -DHAVE_CONFIG_H -I. -I. -I.. -I.. -g -O2 -c ssyrk.c -o ssyrk.o >/dev/null 2>&1
mv -f .libs/ssyrk.lo ssyrk.lo
/bin/sh ../libtool --mode=compile gcc -DHAVE_CONFIG_H -I. -I. -I.. -I..    -g -O2 -c -o stbmv.lo `test -f 'stbmv.c' || echo './'`stbmv.c
rm -f .libs/stbmv.lo
gcc -DHAVE_CONFIG_H -I. -I. -I.. -I.. -g -O2 -c stbmv.c  -fPIC -DPIC -o .libs/stbmv.lo
gcc -DHAVE_CONFIG_H -I. -I. -I.. -I.. -g -O2 -c stbmv.c -o stbmv.o >/dev/null 2>&1
mv -f .libs/stbmv.lo stbmv.lo
/bin/sh ../libtool --mode=compile gcc -DHAVE_CONFIG_H -I. -I. -I.. -I..    -g -O2 -c -o stbsv.lo `test -f 'stbsv.c' || echo './'`stbsv.c
rm -f .libs/stbsv.lo
gcc -DHAVE_CONFIG_H -I. -I. -I.. -I.. -g -O2 -c stbsv.c  -fPIC -DPIC -o .libs/stbsv.lo
gcc -DHAVE_CONFIG_H -I. -I. -I.. -I.. -g -O2 -c stbsv.c -o stbsv.o >/dev/null 2>&1
mv -f .libs/stbsv.lo stbsv.lo
/bin/sh ../libtool --mode=compile gcc -DHAVE_CONFIG_H -I. -I. -I.. -I..    -g -O2 -c -o stpmv.lo `test -f 'stpmv.c' || echo './'`stpmv.c
rm -f .libs/stpmv.lo
gcc -DHAVE_CONFIG_H -I. -I. -I.. -I.. -g -O2 -c stpmv.c  -fPIC -DPIC -o .libs/stpmv.lo
gcc -DHAVE_CONFIG_H -I. -I. -I.. -I.. -g -O2 -c stpmv.c -o stpmv.o >/dev/null 2>&1
mv -f .libs/stpmv.lo stpmv.lo
/bin/sh ../libtool --mode=compile gcc -DHAVE_CONFIG_H -I. -I. -I.. -I..    -g -O2 -c -o stpsv.lo `test -f 'stpsv.c' || echo './'`stpsv.c
rm -f .libs/stpsv.lo
gcc -DHAVE_CONFIG_H -I. -I. -I.. -I.. -g -O2 -c stpsv.c  -fPIC -DPIC -o .libs/stpsv.lo
gcc -DHAVE_CONFIG_H -I. -I. -I.. -I.. -g -O2 -c stpsv.c -o stpsv.o >/dev/null 2>&1
mv -f .libs/stpsv.lo stpsv.lo
/bin/sh ../libtool --mode=compile gcc -DHAVE_CONFIG_H -I. -I. -I.. -I..    -g -O2 -c -o strmm.lo `test -f 'strmm.c' || echo './'`strmm.c
rm -f .libs/strmm.lo
gcc -DHAVE_CONFIG_H -I. -I. -I.. -I.. -g -O2 -c strmm.c  -fPIC -DPIC -o .libs/strmm.lo
gcc -DHAVE_CONFIG_H -I. -I. -I.. -I.. -g -O2 -c strmm.c -o strmm.o >/dev/null 2>&1
mv -f .libs/strmm.lo strmm.lo
/bin/sh ../libtool --mode=compile gcc -DHAVE_CONFIG_H -I. -I. -I.. -I..    -g -O2 -c -o strmv.lo `test -f 'strmv.c' || echo './'`strmv.c
rm -f .libs/strmv.lo
gcc -DHAVE_CONFIG_H -I. -I. -I.. -I.. -g -O2 -c strmv.c  -fPIC -DPIC -o .libs/strmv.lo
gcc -DHAVE_CONFIG_H -I. -I. -I.. -I.. -g -O2 -c strmv.c -o strmv.o >/dev/null 2>&1
mv -f .libs/strmv.lo strmv.lo
/bin/sh ../libtool --mode=compile gcc -DHAVE_CONFIG_H -I. -I. -I.. -I..    -g -O2 -c -o strsm.lo `test -f 'strsm.c' || echo './'`strsm.c
rm -f .libs/strsm.lo
gcc -DHAVE_CONFIG_H -I. -I. -I.. -I.. -g -O2 -c strsm.c  -fPIC -DPIC -o .libs/strsm.lo
gcc -DHAVE_CONFIG_H -I. -I. -I.. -I.. -g -O2 -c strsm.c -o strsm.o >/dev/null 2>&1
mv -f .libs/strsm.lo strsm.lo
/bin/sh ../libtool --mode=compile gcc -DHAVE_CONFIG_H -I. -I. -I.. -I..    -g -O2 -c -o strsv.lo `test -f 'strsv.c' || echo './'`strsv.c
rm -f .libs/strsv.lo
gcc -DHAVE_CONFIG_H -I. -I. -I.. -I.. -g -O2 -c strsv.c  -fPIC -DPIC -o .libs/strsv.lo
gcc -DHAVE_CONFIG_H -I. -I. -I.. -I.. -g -O2 -c strsv.c -o strsv.o >/dev/null 2>&1
mv -f .libs/strsv.lo strsv.lo
/bin/sh ../libtool --mode=compile gcc -DHAVE_CONFIG_H -I. -I. -I.. -I..    -g -O2 -c -o dasum.lo `test -f 'dasum.c' || echo './'`dasum.c
rm -f .libs/dasum.lo
gcc -DHAVE_CONFIG_H -I. -I. -I.. -I.. -g -O2 -c dasum.c  -fPIC -DPIC -o .libs/dasum.lo
gcc -DHAVE_CONFIG_H -I. -I. -I.. -I.. -g -O2 -c dasum.c -o dasum.o >/dev/null 2>&1
mv -f .libs/dasum.lo dasum.lo
/bin/sh ../libtool --mode=compile gcc -DHAVE_CONFIG_H -I. -I. -I.. -I..    -g -O2 -c -o daxpy.lo `test -f 'daxpy.c' || echo './'`daxpy.c
rm -f .libs/daxpy.lo
gcc -DHAVE_CONFIG_H -I. -I. -I.. -I.. -g -O2 -c daxpy.c  -fPIC -DPIC -o .libs/daxpy.lo
gcc -DHAVE_CONFIG_H -I. -I. -I.. -I.. -g -O2 -c daxpy.c -o daxpy.o >/dev/null 2>&1
mv -f .libs/daxpy.lo daxpy.lo
/bin/sh ../libtool --mode=compile gcc -DHAVE_CONFIG_H -I. -I. -I.. -I..    -g -O2 -c -o dcopy.lo `test -f 'dcopy.c' || echo './'`dcopy.c
rm -f .libs/dcopy.lo
gcc -DHAVE_CONFIG_H -I. -I. -I.. -I.. -g -O2 -c dcopy.c  -fPIC -DPIC -o .libs/dcopy.lo
gcc -DHAVE_CONFIG_H -I. -I. -I.. -I.. -g -O2 -c dcopy.c -o dcopy.o >/dev/null 2>&1
mv -f .libs/dcopy.lo dcopy.lo
/bin/sh ../libtool --mode=compile gcc -DHAVE_CONFIG_H -I. -I. -I.. -I..    -g -O2 -c -o ddot.lo `test -f 'ddot.c' || echo './'`ddot.c
rm -f .libs/ddot.lo
gcc -DHAVE_CONFIG_H -I. -I. -I.. -I.. -g -O2 -c ddot.c  -fPIC -DPIC -o .libs/ddot.lo
gcc -DHAVE_CONFIG_H -I. -I. -I.. -I.. -g -O2 -c ddot.c -o ddot.o >/dev/null 2>&1
mv -f .libs/ddot.lo ddot.lo
/bin/sh ../libtool --mode=compile gcc -DHAVE_CONFIG_H -I. -I. -I.. -I..    -g -O2 -c -o dgbmv.lo `test -f 'dgbmv.c' || echo './'`dgbmv.c
rm -f .libs/dgbmv.lo
gcc -DHAVE_CONFIG_H -I. -I. -I.. -I.. -g -O2 -c dgbmv.c  -fPIC -DPIC -o .libs/dgbmv.lo
gcc -DHAVE_CONFIG_H -I. -I. -I.. -I.. -g -O2 -c dgbmv.c -o dgbmv.o >/dev/null 2>&1
mv -f .libs/dgbmv.lo dgbmv.lo
/bin/sh ../libtool --mode=compile gcc -DHAVE_CONFIG_H -I. -I. -I.. -I..    -g -O2 -c -o dgemm.lo `test -f 'dgemm.c' || echo './'`dgemm.c
rm -f .libs/dgemm.lo
gcc -DHAVE_CONFIG_H -I. -I. -I.. -I.. -g -O2 -c dgemm.c  -fPIC -DPIC -o .libs/dgemm.lo
gcc -DHAVE_CONFIG_H -I. -I. -I.. -I.. -g -O2 -c dgemm.c -o dgemm.o >/dev/null 2>&1
mv -f .libs/dgemm.lo dgemm.lo
/bin/sh ../libtool --mode=compile gcc -DHAVE_CONFIG_H -I. -I. -I.. -I..    -g -O2 -c -o dgemv.lo `test -f 'dgemv.c' || echo './'`dgemv.c
rm -f .libs/dgemv.lo
gcc -DHAVE_CONFIG_H -I. -I. -I.. -I.. -g -O2 -c dgemv.c  -fPIC -DPIC -o .libs/dgemv.lo
gcc -DHAVE_CONFIG_H -I. -I. -I.. -I.. -g -O2 -c dgemv.c -o dgemv.o >/dev/null 2>&1
mv -f .libs/dgemv.lo dgemv.lo
/bin/sh ../libtool --mode=compile gcc -DHAVE_CONFIG_H -I. -I. -I.. -I..    -g -O2 -c -o dger.lo `test -f 'dger.c' || echo './'`dger.c
rm -f .libs/dger.lo
gcc -DHAVE_CONFIG_H -I. -I. -I.. -I.. -g -O2 -c dger.c  -fPIC -DPIC -o .libs/dger.lo
gcc -DHAVE_CONFIG_H -I. -I. -I.. -I.. -g -O2 -c dger.c -o dger.o >/dev/null 2>&1
mv -f .libs/dger.lo dger.lo
/bin/sh ../libtool --mode=compile gcc -DHAVE_CONFIG_H -I. -I. -I.. -I..    -g -O2 -c -o dnrm2.lo `test -f 'dnrm2.c' || echo './'`dnrm2.c
rm -f .libs/dnrm2.lo
gcc -DHAVE_CONFIG_H -I. -I. -I.. -I.. -g -O2 -c dnrm2.c  -fPIC -DPIC -o .libs/dnrm2.lo
gcc -DHAVE_CONFIG_H -I. -I. -I.. -I.. -g -O2 -c dnrm2.c -o dnrm2.o >/dev/null 2>&1
mv -f .libs/dnrm2.lo dnrm2.lo
/bin/sh ../libtool --mode=compile gcc -DHAVE_CONFIG_H -I. -I. -I.. -I..    -g -O2 -c -o drot.lo `test -f 'drot.c' || echo './'`drot.c
rm -f .libs/drot.lo
gcc -DHAVE_CONFIG_H -I. -I. -I.. -I.. -g -O2 -c drot.c  -fPIC -DPIC -o .libs/drot.lo
gcc -DHAVE_CONFIG_H -I. -I. -I.. -I.. -g -O2 -c drot.c -o drot.o >/dev/null 2>&1
mv -f .libs/drot.lo drot.lo
/bin/sh ../libtool --mode=compile gcc -DHAVE_CONFIG_H -I. -I. -I.. -I..    -g -O2 -c -o drotg.lo `test -f 'drotg.c' || echo './'`drotg.c
rm -f .libs/drotg.lo
gcc -DHAVE_CONFIG_H -I. -I. -I.. -I.. -g -O2 -c drotg.c  -fPIC -DPIC -o .libs/drotg.lo
gcc -DHAVE_CONFIG_H -I. -I. -I.. -I.. -g -O2 -c drotg.c -o drotg.o >/dev/null 2>&1
mv -f .libs/drotg.lo drotg.lo
/bin/sh ../libtool --mode=compile gcc -DHAVE_CONFIG_H -I. -I. -I.. -I..    -g -O2 -c -o drotm.lo `test -f 'drotm.c' || echo './'`drotm.c
rm -f .libs/drotm.lo
gcc -DHAVE_CONFIG_H -I. -I. -I.. -I.. -g -O2 -c drotm.c  -fPIC -DPIC -o .libs/drotm.lo
gcc -DHAVE_CONFIG_H -I. -I. -I.. -I.. -g -O2 -c drotm.c -o drotm.o >/dev/null 2>&1
mv -f .libs/drotm.lo drotm.lo
/bin/sh ../libtool --mode=compile gcc -DHAVE_CONFIG_H -I. -I. -I.. -I..    -g -O2 -c -o drotmg.lo `test -f 'drotmg.c' || echo './'`drotmg.c
rm -f .libs/drotmg.lo
gcc -DHAVE_CONFIG_H -I. -I. -I.. -I.. -g -O2 -c drotmg.c  -fPIC -DPIC -o .libs/drotmg.lo
gcc -DHAVE_CONFIG_H -I. -I. -I.. -I.. -g -O2 -c drotmg.c -o drotmg.o >/dev/null 2>&1
mv -f .libs/drotmg.lo drotmg.lo
/bin/sh ../libtool --mode=compile gcc -DHAVE_CONFIG_H -I. -I. -I.. -I..    -g -O2 -c -o dsbmv.lo `test -f 'dsbmv.c' || echo './'`dsbmv.c
rm -f .libs/dsbmv.lo
gcc -DHAVE_CONFIG_H -I. -I. -I.. -I.. -g -O2 -c dsbmv.c  -fPIC -DPIC -o .libs/dsbmv.lo
gcc -DHAVE_CONFIG_H -I. -I. -I.. -I.. -g -O2 -c dsbmv.c -o dsbmv.o >/dev/null 2>&1
mv -f .libs/dsbmv.lo dsbmv.lo
/bin/sh ../libtool --mode=compile gcc -DHAVE_CONFIG_H -I. -I. -I.. -I..    -g -O2 -c -o dscal.lo `test -f 'dscal.c' || echo './'`dscal.c
rm -f .libs/dscal.lo
gcc -DHAVE_CONFIG_H -I. -I. -I.. -I.. -g -O2 -c dscal.c  -fPIC -DPIC -o .libs/dscal.lo
gcc -DHAVE_CONFIG_H -I. -I. -I.. -I.. -g -O2 -c dscal.c -o dscal.o >/dev/null 2>&1
mv -f .libs/dscal.lo dscal.lo
/bin/sh ../libtool --mode=compile gcc -DHAVE_CONFIG_H -I. -I. -I.. -I..    -g -O2 -c -o dsdot.lo `test -f 'dsdot.c' || echo './'`dsdot.c
rm -f .libs/dsdot.lo
gcc -DHAVE_CONFIG_H -I. -I. -I.. -I.. -g -O2 -c dsdot.c  -fPIC -DPIC -o .libs/dsdot.lo
gcc -DHAVE_CONFIG_H -I. -I. -I.. -I.. -g -O2 -c dsdot.c -o dsdot.o >/dev/null 2>&1
mv -f .libs/dsdot.lo dsdot.lo
/bin/sh ../libtool --mode=compile gcc -DHAVE_CONFIG_H -I. -I. -I.. -I..    -g -O2 -c -o dspmv.lo `test -f 'dspmv.c' || echo './'`dspmv.c
rm -f .libs/dspmv.lo
gcc -DHAVE_CONFIG_H -I. -I. -I.. -I.. -g -O2 -c dspmv.c  -fPIC -DPIC -o .libs/dspmv.lo
gcc -DHAVE_CONFIG_H -I. -I. -I.. -I.. -g -O2 -c dspmv.c -o dspmv.o >/dev/null 2>&1
mv -f .libs/dspmv.lo dspmv.lo
/bin/sh ../libtool --mode=compile gcc -DHAVE_CONFIG_H -I. -I. -I.. -I..    -g -O2 -c -o dspr.lo `test -f 'dspr.c' || echo './'`dspr.c
rm -f .libs/dspr.lo
gcc -DHAVE_CONFIG_H -I. -I. -I.. -I.. -g -O2 -c dspr.c  -fPIC -DPIC -o .libs/dspr.lo
gcc -DHAVE_CONFIG_H -I. -I. -I.. -I.. -g -O2 -c dspr.c -o dspr.o >/dev/null 2>&1
mv -f .libs/dspr.lo dspr.lo
/bin/sh ../libtool --mode=compile gcc -DHAVE_CONFIG_H -I. -I. -I.. -I..    -g -O2 -c -o dspr2.lo `test -f 'dspr2.c' || echo './'`dspr2.c
rm -f .libs/dspr2.lo
gcc -DHAVE_CONFIG_H -I. -I. -I.. -I.. -g -O2 -c dspr2.c  -fPIC -DPIC -o .libs/dspr2.lo
gcc -DHAVE_CONFIG_H -I. -I. -I.. -I.. -g -O2 -c dspr2.c -o dspr2.o >/dev/null 2>&1
mv -f .libs/dspr2.lo dspr2.lo
/bin/sh ../libtool --mode=compile gcc -DHAVE_CONFIG_H -I. -I. -I.. -I..    -g -O2 -c -o dswap.lo `test -f 'dswap.c' || echo './'`dswap.c
rm -f .libs/dswap.lo
gcc -DHAVE_CONFIG_H -I. -I. -I.. -I.. -g -O2 -c dswap.c  -fPIC -DPIC -o .libs/dswap.lo
gcc -DHAVE_CONFIG_H -I. -I. -I.. -I.. -g -O2 -c dswap.c -o dswap.o >/dev/null 2>&1
mv -f .libs/dswap.lo dswap.lo
/bin/sh ../libtool --mode=compile gcc -DHAVE_CONFIG_H -I. -I. -I.. -I..    -g -O2 -c -o dsymm.lo `test -f 'dsymm.c' || echo './'`dsymm.c
rm -f .libs/dsymm.lo
gcc -DHAVE_CONFIG_H -I. -I. -I.. -I.. -g -O2 -c dsymm.c  -fPIC -DPIC -o .libs/dsymm.lo
gcc -DHAVE_CONFIG_H -I. -I. -I.. -I.. -g -O2 -c dsymm.c -o dsymm.o >/dev/null 2>&1
mv -f .libs/dsymm.lo dsymm.lo
/bin/sh ../libtool --mode=compile gcc -DHAVE_CONFIG_H -I. -I. -I.. -I..    -g -O2 -c -o dsymv.lo `test -f 'dsymv.c' || echo './'`dsymv.c
rm -f .libs/dsymv.lo
gcc -DHAVE_CONFIG_H -I. -I. -I.. -I.. -g -O2 -c dsymv.c  -fPIC -DPIC -o .libs/dsymv.lo
gcc -DHAVE_CONFIG_H -I. -I. -I.. -I.. -g -O2 -c dsymv.c -o dsymv.o >/dev/null 2>&1
mv -f .libs/dsymv.lo dsymv.lo
/bin/sh ../libtool --mode=compile gcc -DHAVE_CONFIG_H -I. -I. -I.. -I..    -g -O2 -c -o dsyr.lo `test -f 'dsyr.c' || echo './'`dsyr.c
rm -f .libs/dsyr.lo
gcc -DHAVE_CONFIG_H -I. -I. -I.. -I.. -g -O2 -c dsyr.c  -fPIC -DPIC -o .libs/dsyr.lo
gcc -DHAVE_CONFIG_H -I. -I. -I.. -I.. -g -O2 -c dsyr.c -o dsyr.o >/dev/null 2>&1
mv -f .libs/dsyr.lo dsyr.lo
/bin/sh ../libtool --mode=compile gcc -DHAVE_CONFIG_H -I. -I. -I.. -I..    -g -O2 -c -o dsyr2.lo `test -f 'dsyr2.c' || echo './'`dsyr2.c
rm -f .libs/dsyr2.lo
gcc -DHAVE_CONFIG_H -I. -I. -I.. -I.. -g -O2 -c dsyr2.c  -fPIC -DPIC -o .libs/dsyr2.lo
gcc -DHAVE_CONFIG_H -I. -I. -I.. -I.. -g -O2 -c dsyr2.c -o dsyr2.o >/dev/null 2>&1
mv -f .libs/dsyr2.lo dsyr2.lo
/bin/sh ../libtool --mode=compile gcc -DHAVE_CONFIG_H -I. -I. -I.. -I..    -g -O2 -c -o dsyr2k.lo `test -f 'dsyr2k.c' || echo './'`dsyr2k.c
rm -f .libs/dsyr2k.lo
gcc -DHAVE_CONFIG_H -I. -I. -I.. -I.. -g -O2 -c dsyr2k.c  -fPIC -DPIC -o .libs/dsyr2k.lo
gcc -DHAVE_CONFIG_H -I. -I. -I.. -I.. -g -O2 -c dsyr2k.c -o dsyr2k.o >/dev/null 2>&1
mv -f .libs/dsyr2k.lo dsyr2k.lo
/bin/sh ../libtool --mode=compile gcc -DHAVE_CONFIG_H -I. -I. -I.. -I..    -g -O2 -c -o dsyrk.lo `test -f 'dsyrk.c' || echo './'`dsyrk.c
rm -f .libs/dsyrk.lo
gcc -DHAVE_CONFIG_H -I. -I. -I.. -I.. -g -O2 -c dsyrk.c  -fPIC -DPIC -o .libs/dsyrk.lo
gcc -DHAVE_CONFIG_H -I. -I. -I.. -I.. -g -O2 -c dsyrk.c -o dsyrk.o >/dev/null 2>&1
mv -f .libs/dsyrk.lo dsyrk.lo
/bin/sh ../libtool --mode=compile gcc -DHAVE_CONFIG_H -I. -I. -I.. -I..    -g -O2 -c -o dtbmv.lo `test -f 'dtbmv.c' || echo './'`dtbmv.c
rm -f .libs/dtbmv.lo
gcc -DHAVE_CONFIG_H -I. -I. -I.. -I.. -g -O2 -c dtbmv.c  -fPIC -DPIC -o .libs/dtbmv.lo
gcc -DHAVE_CONFIG_H -I. -I. -I.. -I.. -g -O2 -c dtbmv.c -o dtbmv.o >/dev/null 2>&1
mv -f .libs/dtbmv.lo dtbmv.lo
/bin/sh ../libtool --mode=compile gcc -DHAVE_CONFIG_H -I. -I. -I.. -I..    -g -O2 -c -o dtbsv.lo `test -f 'dtbsv.c' || echo './'`dtbsv.c
rm -f .libs/dtbsv.lo
gcc -DHAVE_CONFIG_H -I. -I. -I.. -I.. -g -O2 -c dtbsv.c  -fPIC -DPIC -o .libs/dtbsv.lo
gcc -DHAVE_CONFIG_H -I. -I. -I.. -I.. -g -O2 -c dtbsv.c -o dtbsv.o >/dev/null 2>&1
mv -f .libs/dtbsv.lo dtbsv.lo
/bin/sh ../libtool --mode=compile gcc -DHAVE_CONFIG_H -I. -I. -I.. -I..    -g -O2 -c -o dtpmv.lo `test -f 'dtpmv.c' || echo './'`dtpmv.c
rm -f .libs/dtpmv.lo
gcc -DHAVE_CONFIG_H -I. -I. -I.. -I.. -g -O2 -c dtpmv.c  -fPIC -DPIC -o .libs/dtpmv.lo
gcc -DHAVE_CONFIG_H -I. -I. -I.. -I.. -g -O2 -c dtpmv.c -o dtpmv.o >/dev/null 2>&1
mv -f .libs/dtpmv.lo dtpmv.lo
/bin/sh ../libtool --mode=compile gcc -DHAVE_CONFIG_H -I. -I. -I.. -I..    -g -O2 -c -o dtpsv.lo `test -f 'dtpsv.c' || echo './'`dtpsv.c
rm -f .libs/dtpsv.lo
gcc -DHAVE_CONFIG_H -I. -I. -I.. -I.. -g -O2 -c dtpsv.c  -fPIC -DPIC -o .libs/dtpsv.lo
gcc -DHAVE_CONFIG_H -I. -I. -I.. -I.. -g -O2 -c dtpsv.c -o dtpsv.o >/dev/null 2>&1
mv -f .libs/dtpsv.lo dtpsv.lo
/bin/sh ../libtool --mode=compile gcc -DHAVE_CONFIG_H -I. -I. -I.. -I..    -g -O2 -c -o dtrmm.lo `test -f 'dtrmm.c' || echo './'`dtrmm.c
rm -f .libs/dtrmm.lo
gcc -DHAVE_CONFIG_H -I. -I. -I.. -I.. -g -O2 -c dtrmm.c  -fPIC -DPIC -o .libs/dtrmm.lo
gcc -DHAVE_CONFIG_H -I. -I. -I.. -I.. -g -O2 -c dtrmm.c -o dtrmm.o >/dev/null 2>&1
mv -f .libs/dtrmm.lo dtrmm.lo
/bin/sh ../libtool --mode=compile gcc -DHAVE_CONFIG_H -I. -I. -I.. -I..    -g -O2 -c -o dtrmv.lo `test -f 'dtrmv.c' || echo './'`dtrmv.c
rm -f .libs/dtrmv.lo
gcc -DHAVE_CONFIG_H -I. -I. -I.. -I.. -g -O2 -c dtrmv.c  -fPIC -DPIC -o .libs/dtrmv.lo
gcc -DHAVE_CONFIG_H -I. -I. -I.. -I.. -g -O2 -c dtrmv.c -o dtrmv.o >/dev/null 2>&1
mv -f .libs/dtrmv.lo dtrmv.lo
/bin/sh ../libtool --mode=compile gcc -DHAVE_CONFIG_H -I. -I. -I.. -I..    -g -O2 -c -o dtrsm.lo `test -f 'dtrsm.c' || echo './'`dtrsm.c
rm -f .libs/dtrsm.lo
gcc -DHAVE_CONFIG_H -I. -I. -I.. -I.. -g -O2 -c dtrsm.c  -fPIC -DPIC -o .libs/dtrsm.lo
gcc -DHAVE_CONFIG_H -I. -I. -I.. -I.. -g -O2 -c dtrsm.c -o dtrsm.o >/dev/null 2>&1
mv -f .libs/dtrsm.lo dtrsm.lo
/bin/sh ../libtool --mode=compile gcc -DHAVE_CONFIG_H -I. -I. -I.. -I..    -g -O2 -c -o dtrsv.lo `test -f 'dtrsv.c' || echo './'`dtrsv.c
rm -f .libs/dtrsv.lo
gcc -DHAVE_CONFIG_H -I. -I. -I.. -I.. -g -O2 -c dtrsv.c  -fPIC -DPIC -o .libs/dtrsv.lo
gcc -DHAVE_CONFIG_H -I. -I. -I.. -I.. -g -O2 -c dtrsv.c -o dtrsv.o >/dev/null 2>&1
mv -f .libs/dtrsv.lo dtrsv.lo
/bin/sh ../libtool --mode=compile gcc -DHAVE_CONFIG_H -I. -I. -I.. -I..    -g -O2 -c -o dzasum.lo `test -f 'dzasum.c' || echo './'`dzasum.c
rm -f .libs/dzasum.lo
gcc -DHAVE_CONFIG_H -I. -I. -I.. -I.. -g -O2 -c dzasum.c  -fPIC -DPIC -o .libs/dzasum.lo
gcc -DHAVE_CONFIG_H -I. -I. -I.. -I.. -g -O2 -c dzasum.c -o dzasum.o >/dev/null 2>&1
mv -f .libs/dzasum.lo dzasum.lo
/bin/sh ../libtool --mode=compile gcc -DHAVE_CONFIG_H -I. -I. -I.. -I..    -g -O2 -c -o dznrm2.lo `test -f 'dznrm2.c' || echo './'`dznrm2.c
rm -f .libs/dznrm2.lo
gcc -DHAVE_CONFIG_H -I. -I. -I.. -I.. -g -O2 -c dznrm2.c  -fPIC -DPIC -o .libs/dznrm2.lo
gcc -DHAVE_CONFIG_H -I. -I. -I.. -I.. -g -O2 -c dznrm2.c -o dznrm2.o >/dev/null 2>&1
mv -f .libs/dznrm2.lo dznrm2.lo
/bin/sh ../libtool --mode=compile gcc -DHAVE_CONFIG_H -I. -I. -I.. -I..    -g -O2 -c -o caxpy.lo `test -f 'caxpy.c' || echo './'`caxpy.c
rm -f .libs/caxpy.lo
gcc -DHAVE_CONFIG_H -I. -I. -I.. -I.. -g -O2 -c caxpy.c  -fPIC -DPIC -o .libs/caxpy.lo
gcc -DHAVE_CONFIG_H -I. -I. -I.. -I.. -g -O2 -c caxpy.c -o caxpy.o >/dev/null 2>&1
mv -f .libs/caxpy.lo caxpy.lo
/bin/sh ../libtool --mode=compile gcc -DHAVE_CONFIG_H -I. -I. -I.. -I..    -g -O2 -c -o ccopy.lo `test -f 'ccopy.c' || echo './'`ccopy.c
rm -f .libs/ccopy.lo
gcc -DHAVE_CONFIG_H -I. -I. -I.. -I.. -g -O2 -c ccopy.c  -fPIC -DPIC -o .libs/ccopy.lo
gcc -DHAVE_CONFIG_H -I. -I. -I.. -I.. -g -O2 -c ccopy.c -o ccopy.o >/dev/null 2>&1
mv -f .libs/ccopy.lo ccopy.lo
/bin/sh ../libtool --mode=compile gcc -DHAVE_CONFIG_H -I. -I. -I.. -I..    -g -O2 -c -o cdotc_sub.lo `test -f 'cdotc_sub.c' || echo './'`cdotc_sub.c
rm -f .libs/cdotc_sub.lo
gcc -DHAVE_CONFIG_H -I. -I. -I.. -I.. -g -O2 -c cdotc_sub.c  -fPIC -DPIC -o .libs/cdotc_sub.lo
gcc -DHAVE_CONFIG_H -I. -I. -I.. -I.. -g -O2 -c cdotc_sub.c -o cdotc_sub.o >/dev/null 2>&1
mv -f .libs/cdotc_sub.lo cdotc_sub.lo
/bin/sh ../libtool --mode=compile gcc -DHAVE_CONFIG_H -I. -I. -I.. -I..    -g -O2 -c -o cdotu_sub.lo `test -f 'cdotu_sub.c' || echo './'`cdotu_sub.c
rm -f .libs/cdotu_sub.lo
gcc -DHAVE_CONFIG_H -I. -I. -I.. -I.. -g -O2 -c cdotu_sub.c  -fPIC -DPIC -o .libs/cdotu_sub.lo
gcc -DHAVE_CONFIG_H -I. -I. -I.. -I.. -g -O2 -c cdotu_sub.c -o cdotu_sub.o >/dev/null 2>&1
mv -f .libs/cdotu_sub.lo cdotu_sub.lo
/bin/sh ../libtool --mode=compile gcc -DHAVE_CONFIG_H -I. -I. -I.. -I..    -g -O2 -c -o cgbmv.lo `test -f 'cgbmv.c' || echo './'`cgbmv.c
rm -f .libs/cgbmv.lo
gcc -DHAVE_CONFIG_H -I. -I. -I.. -I.. -g -O2 -c cgbmv.c  -fPIC -DPIC -o .libs/cgbmv.lo
gcc -DHAVE_CONFIG_H -I. -I. -I.. -I.. -g -O2 -c cgbmv.c -o cgbmv.o >/dev/null 2>&1
mv -f .libs/cgbmv.lo cgbmv.lo
/bin/sh ../libtool --mode=compile gcc -DHAVE_CONFIG_H -I. -I. -I.. -I..    -g -O2 -c -o cgemm.lo `test -f 'cgemm.c' || echo './'`cgemm.c
rm -f .libs/cgemm.lo
gcc -DHAVE_CONFIG_H -I. -I. -I.. -I.. -g -O2 -c cgemm.c  -fPIC -DPIC -o .libs/cgemm.lo
gcc -DHAVE_CONFIG_H -I. -I. -I.. -I.. -g -O2 -c cgemm.c -o cgemm.o >/dev/null 2>&1
mv -f .libs/cgemm.lo cgemm.lo
/bin/sh ../libtool --mode=compile gcc -DHAVE_CONFIG_H -I. -I. -I.. -I..    -g -O2 -c -o cgemv.lo `test -f 'cgemv.c' || echo './'`cgemv.c
rm -f .libs/cgemv.lo
gcc -DHAVE_CONFIG_H -I. -I. -I.. -I.. -g -O2 -c cgemv.c  -fPIC -DPIC -o .libs/cgemv.lo
gcc -DHAVE_CONFIG_H -I. -I. -I.. -I.. -g -O2 -c cgemv.c -o cgemv.o >/dev/null 2>&1
mv -f .libs/cgemv.lo cgemv.lo
/bin/sh ../libtool --mode=compile gcc -DHAVE_CONFIG_H -I. -I. -I.. -I..    -g -O2 -c -o cgerc.lo `test -f 'cgerc.c' || echo './'`cgerc.c
rm -f .libs/cgerc.lo
gcc -DHAVE_CONFIG_H -I. -I. -I.. -I.. -g -O2 -c cgerc.c  -fPIC -DPIC -o .libs/cgerc.lo
gcc -DHAVE_CONFIG_H -I. -I. -I.. -I.. -g -O2 -c cgerc.c -o cgerc.o >/dev/null 2>&1
mv -f .libs/cgerc.lo cgerc.lo
/bin/sh ../libtool --mode=compile gcc -DHAVE_CONFIG_H -I. -I. -I.. -I..    -g -O2 -c -o cgeru.lo `test -f 'cgeru.c' || echo './'`cgeru.c
rm -f .libs/cgeru.lo
gcc -DHAVE_CONFIG_H -I. -I. -I.. -I.. -g -O2 -c cgeru.c  -fPIC -DPIC -o .libs/cgeru.lo
gcc -DHAVE_CONFIG_H -I. -I. -I.. -I.. -g -O2 -c cgeru.c -o cgeru.o >/dev/null 2>&1
mv -f .libs/cgeru.lo cgeru.lo
/bin/sh ../libtool --mode=compile gcc -DHAVE_CONFIG_H -I. -I. -I.. -I..    -g -O2 -c -o chbmv.lo `test -f 'chbmv.c' || echo './'`chbmv.c
rm -f .libs/chbmv.lo
gcc -DHAVE_CONFIG_H -I. -I. -I.. -I.. -g -O2 -c chbmv.c  -fPIC -DPIC -o .libs/chbmv.lo
gcc -DHAVE_CONFIG_H -I. -I. -I.. -I.. -g -O2 -c chbmv.c -o chbmv.o >/dev/null 2>&1
mv -f .libs/chbmv.lo chbmv.lo
/bin/sh ../libtool --mode=compile gcc -DHAVE_CONFIG_H -I. -I. -I.. -I..    -g -O2 -c -o chemm.lo `test -f 'chemm.c' || echo './'`chemm.c
rm -f .libs/chemm.lo
gcc -DHAVE_CONFIG_H -I. -I. -I.. -I.. -g -O2 -c chemm.c  -fPIC -DPIC -o .libs/chemm.lo
gcc -DHAVE_CONFIG_H -I. -I. -I.. -I.. -g -O2 -c chemm.c -o chemm.o >/dev/null 2>&1
mv -f .libs/chemm.lo chemm.lo
/bin/sh ../libtool --mode=compile gcc -DHAVE_CONFIG_H -I. -I. -I.. -I..    -g -O2 -c -o chemv.lo `test -f 'chemv.c' || echo './'`chemv.c
rm -f .libs/chemv.lo
gcc -DHAVE_CONFIG_H -I. -I. -I.. -I.. -g -O2 -c chemv.c  -fPIC -DPIC -o .libs/chemv.lo
gcc -DHAVE_CONFIG_H -I. -I. -I.. -I.. -g -O2 -c chemv.c -o chemv.o >/dev/null 2>&1
mv -f .libs/chemv.lo chemv.lo
/bin/sh ../libtool --mode=compile gcc -DHAVE_CONFIG_H -I. -I. -I.. -I..    -g -O2 -c -o cher.lo `test -f 'cher.c' || echo './'`cher.c
rm -f .libs/cher.lo
gcc -DHAVE_CONFIG_H -I. -I. -I.. -I.. -g -O2 -c cher.c  -fPIC -DPIC -o .libs/cher.lo
gcc -DHAVE_CONFIG_H -I. -I. -I.. -I.. -g -O2 -c cher.c -o cher.o >/dev/null 2>&1
mv -f .libs/cher.lo cher.lo
/bin/sh ../libtool --mode=compile gcc -DHAVE_CONFIG_H -I. -I. -I.. -I..    -g -O2 -c -o cher2.lo `test -f 'cher2.c' || echo './'`cher2.c
rm -f .libs/cher2.lo
gcc -DHAVE_CONFIG_H -I. -I. -I.. -I.. -g -O2 -c cher2.c  -fPIC -DPIC -o .libs/cher2.lo
gcc -DHAVE_CONFIG_H -I. -I. -I.. -I.. -g -O2 -c cher2.c -o cher2.o >/dev/null 2>&1
mv -f .libs/cher2.lo cher2.lo
/bin/sh ../libtool --mode=compile gcc -DHAVE_CONFIG_H -I. -I. -I.. -I..    -g -O2 -c -o cher2k.lo `test -f 'cher2k.c' || echo './'`cher2k.c
rm -f .libs/cher2k.lo
gcc -DHAVE_CONFIG_H -I. -I. -I.. -I.. -g -O2 -c cher2k.c  -fPIC -DPIC -o .libs/cher2k.lo
gcc -DHAVE_CONFIG_H -I. -I. -I.. -I.. -g -O2 -c cher2k.c -o cher2k.o >/dev/null 2>&1
mv -f .libs/cher2k.lo cher2k.lo
/bin/sh ../libtool --mode=compile gcc -DHAVE_CONFIG_H -I. -I. -I.. -I..    -g -O2 -c -o cherk.lo `test -f 'cherk.c' || echo './'`cherk.c
rm -f .libs/cherk.lo
gcc -DHAVE_CONFIG_H -I. -I. -I.. -I.. -g -O2 -c cherk.c  -fPIC -DPIC -o .libs/cherk.lo
gcc -DHAVE_CONFIG_H -I. -I. -I.. -I.. -g -O2 -c cherk.c -o cherk.o >/dev/null 2>&1
mv -f .libs/cherk.lo cherk.lo
/bin/sh ../libtool --mode=compile gcc -DHAVE_CONFIG_H -I. -I. -I.. -I..    -g -O2 -c -o chpmv.lo `test -f 'chpmv.c' || echo './'`chpmv.c
rm -f .libs/chpmv.lo
gcc -DHAVE_CONFIG_H -I. -I. -I.. -I.. -g -O2 -c chpmv.c  -fPIC -DPIC -o .libs/chpmv.lo
gcc -DHAVE_CONFIG_H -I. -I. -I.. -I.. -g -O2 -c chpmv.c -o chpmv.o >/dev/null 2>&1
mv -f .libs/chpmv.lo chpmv.lo
/bin/sh ../libtool --mode=compile gcc -DHAVE_CONFIG_H -I. -I. -I.. -I..    -g -O2 -c -o chpr.lo `test -f 'chpr.c' || echo './'`chpr.c
rm -f .libs/chpr.lo
gcc -DHAVE_CONFIG_H -I. -I. -I.. -I.. -g -O2 -c chpr.c  -fPIC -DPIC -o .libs/chpr.lo
gcc -DHAVE_CONFIG_H -I. -I. -I.. -I.. -g -O2 -c chpr.c -o chpr.o >/dev/null 2>&1
mv -f .libs/chpr.lo chpr.lo
/bin/sh ../libtool --mode=compile gcc -DHAVE_CONFIG_H -I. -I. -I.. -I..    -g -O2 -c -o chpr2.lo `test -f 'chpr2.c' || echo './'`chpr2.c
rm -f .libs/chpr2.lo
gcc -DHAVE_CONFIG_H -I. -I. -I.. -I.. -g -O2 -c chpr2.c  -fPIC -DPIC -o .libs/chpr2.lo
gcc -DHAVE_CONFIG_H -I. -I. -I.. -I.. -g -O2 -c chpr2.c -o chpr2.o >/dev/null 2>&1
mv -f .libs/chpr2.lo chpr2.lo
/bin/sh ../libtool --mode=compile gcc -DHAVE_CONFIG_H -I. -I. -I.. -I..    -g -O2 -c -o cscal.lo `test -f 'cscal.c' || echo './'`cscal.c
rm -f .libs/cscal.lo
gcc -DHAVE_CONFIG_H -I. -I. -I.. -I.. -g -O2 -c cscal.c  -fPIC -DPIC -o .libs/cscal.lo
gcc -DHAVE_CONFIG_H -I. -I. -I.. -I.. -g -O2 -c cscal.c -o cscal.o >/dev/null 2>&1
mv -f .libs/cscal.lo cscal.lo
/bin/sh ../libtool --mode=compile gcc -DHAVE_CONFIG_H -I. -I. -I.. -I..    -g -O2 -c -o csscal.lo `test -f 'csscal.c' || echo './'`csscal.c
rm -f .libs/csscal.lo
gcc -DHAVE_CONFIG_H -I. -I. -I.. -I.. -g -O2 -c csscal.c  -fPIC -DPIC -o .libs/csscal.lo
gcc -DHAVE_CONFIG_H -I. -I. -I.. -I.. -g -O2 -c csscal.c -o csscal.o >/dev/null 2>&1
mv -f .libs/csscal.lo csscal.lo
/bin/sh ../libtool --mode=compile gcc -DHAVE_CONFIG_H -I. -I. -I.. -I..    -g -O2 -c -o cswap.lo `test -f 'cswap.c' || echo './'`cswap.c
rm -f .libs/cswap.lo
gcc -DHAVE_CONFIG_H -I. -I. -I.. -I.. -g -O2 -c cswap.c  -fPIC -DPIC -o .libs/cswap.lo
gcc -DHAVE_CONFIG_H -I. -I. -I.. -I.. -g -O2 -c cswap.c -o cswap.o >/dev/null 2>&1
mv -f .libs/cswap.lo cswap.lo
/bin/sh ../libtool --mode=compile gcc -DHAVE_CONFIG_H -I. -I. -I.. -I..    -g -O2 -c -o csymm.lo `test -f 'csymm.c' || echo './'`csymm.c
rm -f .libs/csymm.lo
gcc -DHAVE_CONFIG_H -I. -I. -I.. -I.. -g -O2 -c csymm.c  -fPIC -DPIC -o .libs/csymm.lo
gcc -DHAVE_CONFIG_H -I. -I. -I.. -I.. -g -O2 -c csymm.c -o csymm.o >/dev/null 2>&1
mv -f .libs/csymm.lo csymm.lo
/bin/sh ../libtool --mode=compile gcc -DHAVE_CONFIG_H -I. -I. -I.. -I..    -g -O2 -c -o csyr2k.lo `test -f 'csyr2k.c' || echo './'`csyr2k.c
rm -f .libs/csyr2k.lo
gcc -DHAVE_CONFIG_H -I. -I. -I.. -I.. -g -O2 -c csyr2k.c  -fPIC -DPIC -o .libs/csyr2k.lo
gcc -DHAVE_CONFIG_H -I. -I. -I.. -I.. -g -O2 -c csyr2k.c -o csyr2k.o >/dev/null 2>&1
mv -f .libs/csyr2k.lo csyr2k.lo
/bin/sh ../libtool --mode=compile gcc -DHAVE_CONFIG_H -I. -I. -I.. -I..    -g -O2 -c -o csyrk.lo `test -f 'csyrk.c' || echo './'`csyrk.c
rm -f .libs/csyrk.lo
gcc -DHAVE_CONFIG_H -I. -I. -I.. -I.. -g -O2 -c csyrk.c  -fPIC -DPIC -o .libs/csyrk.lo
gcc -DHAVE_CONFIG_H -I. -I. -I.. -I.. -g -O2 -c csyrk.c -o csyrk.o >/dev/null 2>&1
mv -f .libs/csyrk.lo csyrk.lo
/bin/sh ../libtool --mode=compile gcc -DHAVE_CONFIG_H -I. -I. -I.. -I..    -g -O2 -c -o ctbmv.lo `test -f 'ctbmv.c' || echo './'`ctbmv.c
rm -f .libs/ctbmv.lo
gcc -DHAVE_CONFIG_H -I. -I. -I.. -I.. -g -O2 -c ctbmv.c  -fPIC -DPIC -o .libs/ctbmv.lo
gcc -DHAVE_CONFIG_H -I. -I. -I.. -I.. -g -O2 -c ctbmv.c -o ctbmv.o >/dev/null 2>&1
mv -f .libs/ctbmv.lo ctbmv.lo
/bin/sh ../libtool --mode=compile gcc -DHAVE_CONFIG_H -I. -I. -I.. -I..    -g -O2 -c -o ctbsv.lo `test -f 'ctbsv.c' || echo './'`ctbsv.c
rm -f .libs/ctbsv.lo
gcc -DHAVE_CONFIG_H -I. -I. -I.. -I.. -g -O2 -c ctbsv.c  -fPIC -DPIC -o .libs/ctbsv.lo
gcc -DHAVE_CONFIG_H -I. -I. -I.. -I.. -g -O2 -c ctbsv.c -o ctbsv.o >/dev/null 2>&1
mv -f .libs/ctbsv.lo ctbsv.lo
/bin/sh ../libtool --mode=compile gcc -DHAVE_CONFIG_H -I. -I. -I.. -I..    -g -O2 -c -o ctpmv.lo `test -f 'ctpmv.c' || echo './'`ctpmv.c
rm -f .libs/ctpmv.lo
gcc -DHAVE_CONFIG_H -I. -I. -I.. -I.. -g -O2 -c ctpmv.c  -fPIC -DPIC -o .libs/ctpmv.lo
gcc -DHAVE_CONFIG_H -I. -I. -I.. -I.. -g -O2 -c ctpmv.c -o ctpmv.o >/dev/null 2>&1
mv -f .libs/ctpmv.lo ctpmv.lo
/bin/sh ../libtool --mode=compile gcc -DHAVE_CONFIG_H -I. -I. -I.. -I..    -g -O2 -c -o ctpsv.lo `test -f 'ctpsv.c' || echo './'`ctpsv.c
rm -f .libs/ctpsv.lo
gcc -DHAVE_CONFIG_H -I. -I. -I.. -I.. -g -O2 -c ctpsv.c  -fPIC -DPIC -o .libs/ctpsv.lo
gcc -DHAVE_CONFIG_H -I. -I. -I.. -I.. -g -O2 -c ctpsv.c -o ctpsv.o >/dev/null 2>&1
mv -f .libs/ctpsv.lo ctpsv.lo
/bin/sh ../libtool --mode=compile gcc -DHAVE_CONFIG_H -I. -I. -I.. -I..    -g -O2 -c -o ctrmm.lo `test -f 'ctrmm.c' || echo './'`ctrmm.c
rm -f .libs/ctrmm.lo
gcc -DHAVE_CONFIG_H -I. -I. -I.. -I.. -g -O2 -c ctrmm.c  -fPIC -DPIC -o .libs/ctrmm.lo
gcc -DHAVE_CONFIG_H -I. -I. -I.. -I.. -g -O2 -c ctrmm.c -o ctrmm.o >/dev/null 2>&1
mv -f .libs/ctrmm.lo ctrmm.lo
/bin/sh ../libtool --mode=compile gcc -DHAVE_CONFIG_H -I. -I. -I.. -I..    -g -O2 -c -o ctrmv.lo `test -f 'ctrmv.c' || echo './'`ctrmv.c
rm -f .libs/ctrmv.lo
gcc -DHAVE_CONFIG_H -I. -I. -I.. -I.. -g -O2 -c ctrmv.c  -fPIC -DPIC -o .libs/ctrmv.lo
gcc -DHAVE_CONFIG_H -I. -I. -I.. -I.. -g -O2 -c ctrmv.c -o ctrmv.o >/dev/null 2>&1
mv -f .libs/ctrmv.lo ctrmv.lo
/bin/sh ../libtool --mode=compile gcc -DHAVE_CONFIG_H -I. -I. -I.. -I..    -g -O2 -c -o ctrsm.lo `test -f 'ctrsm.c' || echo './'`ctrsm.c
rm -f .libs/ctrsm.lo
gcc -DHAVE_CONFIG_H -I. -I. -I.. -I.. -g -O2 -c ctrsm.c  -fPIC -DPIC -o .libs/ctrsm.lo
gcc -DHAVE_CONFIG_H -I. -I. -I.. -I.. -g -O2 -c ctrsm.c -o ctrsm.o >/dev/null 2>&1
mv -f .libs/ctrsm.lo ctrsm.lo
/bin/sh ../libtool --mode=compile gcc -DHAVE_CONFIG_H -I. -I. -I.. -I..    -g -O2 -c -o ctrsv.lo `test -f 'ctrsv.c' || echo './'`ctrsv.c
rm -f .libs/ctrsv.lo
gcc -DHAVE_CONFIG_H -I. -I. -I.. -I.. -g -O2 -c ctrsv.c  -fPIC -DPIC -o .libs/ctrsv.lo
gcc -DHAVE_CONFIG_H -I. -I. -I.. -I.. -g -O2 -c ctrsv.c -o ctrsv.o >/dev/null 2>&1
mv -f .libs/ctrsv.lo ctrsv.lo
/bin/sh ../libtool --mode=compile gcc -DHAVE_CONFIG_H -I. -I. -I.. -I..    -g -O2 -c -o zaxpy.lo `test -f 'zaxpy.c' || echo './'`zaxpy.c
rm -f .libs/zaxpy.lo
gcc -DHAVE_CONFIG_H -I. -I. -I.. -I.. -g -O2 -c zaxpy.c  -fPIC -DPIC -o .libs/zaxpy.lo
gcc -DHAVE_CONFIG_H -I. -I. -I.. -I.. -g -O2 -c zaxpy.c -o zaxpy.o >/dev/null 2>&1
mv -f .libs/zaxpy.lo zaxpy.lo
/bin/sh ../libtool --mode=compile gcc -DHAVE_CONFIG_H -I. -I. -I.. -I..    -g -O2 -c -o zcopy.lo `test -f 'zcopy.c' || echo './'`zcopy.c
rm -f .libs/zcopy.lo
gcc -DHAVE_CONFIG_H -I. -I. -I.. -I.. -g -O2 -c zcopy.c  -fPIC -DPIC -o .libs/zcopy.lo
gcc -DHAVE_CONFIG_H -I. -I. -I.. -I.. -g -O2 -c zcopy.c -o zcopy.o >/dev/null 2>&1
mv -f .libs/zcopy.lo zcopy.lo
/bin/sh ../libtool --mode=compile gcc -DHAVE_CONFIG_H -I. -I. -I.. -I..    -g -O2 -c -o zdotc_sub.lo `test -f 'zdotc_sub.c' || echo './'`zdotc_sub.c
rm -f .libs/zdotc_sub.lo
gcc -DHAVE_CONFIG_H -I. -I. -I.. -I.. -g -O2 -c zdotc_sub.c  -fPIC -DPIC -o .libs/zdotc_sub.lo
gcc -DHAVE_CONFIG_H -I. -I. -I.. -I.. -g -O2 -c zdotc_sub.c -o zdotc_sub.o >/dev/null 2>&1
mv -f .libs/zdotc_sub.lo zdotc_sub.lo
/bin/sh ../libtool --mode=compile gcc -DHAVE_CONFIG_H -I. -I. -I.. -I..    -g -O2 -c -o zdotu_sub.lo `test -f 'zdotu_sub.c' || echo './'`zdotu_sub.c
rm -f .libs/zdotu_sub.lo
gcc -DHAVE_CONFIG_H -I. -I. -I.. -I.. -g -O2 -c zdotu_sub.c  -fPIC -DPIC -o .libs/zdotu_sub.lo
gcc -DHAVE_CONFIG_H -I. -I. -I.. -I.. -g -O2 -c zdotu_sub.c -o zdotu_sub.o >/dev/null 2>&1
mv -f .libs/zdotu_sub.lo zdotu_sub.lo
/bin/sh ../libtool --mode=compile gcc -DHAVE_CONFIG_H -I. -I. -I.. -I..    -g -O2 -c -o zdscal.lo `test -f 'zdscal.c' || echo './'`zdscal.c
rm -f .libs/zdscal.lo
gcc -DHAVE_CONFIG_H -I. -I. -I.. -I.. -g -O2 -c zdscal.c  -fPIC -DPIC -o .libs/zdscal.lo
gcc -DHAVE_CONFIG_H -I. -I. -I.. -I.. -g -O2 -c zdscal.c -o zdscal.o >/dev/null 2>&1
mv -f .libs/zdscal.lo zdscal.lo
/bin/sh ../libtool --mode=compile gcc -DHAVE_CONFIG_H -I. -I. -I.. -I..    -g -O2 -c -o zgbmv.lo `test -f 'zgbmv.c' || echo './'`zgbmv.c
rm -f .libs/zgbmv.lo
gcc -DHAVE_CONFIG_H -I. -I. -I.. -I.. -g -O2 -c zgbmv.c  -fPIC -DPIC -o .libs/zgbmv.lo
gcc -DHAVE_CONFIG_H -I. -I. -I.. -I.. -g -O2 -c zgbmv.c -o zgbmv.o >/dev/null 2>&1
mv -f .libs/zgbmv.lo zgbmv.lo
/bin/sh ../libtool --mode=compile gcc -DHAVE_CONFIG_H -I. -I. -I.. -I..    -g -O2 -c -o zgemm.lo `test -f 'zgemm.c' || echo './'`zgemm.c
rm -f .libs/zgemm.lo
gcc -DHAVE_CONFIG_H -I. -I. -I.. -I.. -g -O2 -c zgemm.c  -fPIC -DPIC -o .libs/zgemm.lo
gcc -DHAVE_CONFIG_H -I. -I. -I.. -I.. -g -O2 -c zgemm.c -o zgemm.o >/dev/null 2>&1
mv -f .libs/zgemm.lo zgemm.lo
/bin/sh ../libtool --mode=compile gcc -DHAVE_CONFIG_H -I. -I. -I.. -I..    -g -O2 -c -o zgemv.lo `test -f 'zgemv.c' || echo './'`zgemv.c
rm -f .libs/zgemv.lo
gcc -DHAVE_CONFIG_H -I. -I. -I.. -I.. -g -O2 -c zgemv.c  -fPIC -DPIC -o .libs/zgemv.lo
gcc -DHAVE_CONFIG_H -I. -I. -I.. -I.. -g -O2 -c zgemv.c -o zgemv.o >/dev/null 2>&1
mv -f .libs/zgemv.lo zgemv.lo
/bin/sh ../libtool --mode=compile gcc -DHAVE_CONFIG_H -I. -I. -I.. -I..    -g -O2 -c -o zgerc.lo `test -f 'zgerc.c' || echo './'`zgerc.c
rm -f .libs/zgerc.lo
gcc -DHAVE_CONFIG_H -I. -I. -I.. -I.. -g -O2 -c zgerc.c  -fPIC -DPIC -o .libs/zgerc.lo
gcc -DHAVE_CONFIG_H -I. -I. -I.. -I.. -g -O2 -c zgerc.c -o zgerc.o >/dev/null 2>&1
mv -f .libs/zgerc.lo zgerc.lo
/bin/sh ../libtool --mode=compile gcc -DHAVE_CONFIG_H -I. -I. -I.. -I..    -g -O2 -c -o zgeru.lo `test -f 'zgeru.c' || echo './'`zgeru.c
rm -f .libs/zgeru.lo
gcc -DHAVE_CONFIG_H -I. -I. -I.. -I.. -g -O2 -c zgeru.c  -fPIC -DPIC -o .libs/zgeru.lo
gcc -DHAVE_CONFIG_H -I. -I. -I.. -I.. -g -O2 -c zgeru.c -o zgeru.o >/dev/null 2>&1
mv -f .libs/zgeru.lo zgeru.lo
/bin/sh ../libtool --mode=compile gcc -DHAVE_CONFIG_H -I. -I. -I.. -I..    -g -O2 -c -o zhbmv.lo `test -f 'zhbmv.c' || echo './'`zhbmv.c
rm -f .libs/zhbmv.lo
gcc -DHAVE_CONFIG_H -I. -I. -I.. -I.. -g -O2 -c zhbmv.c  -fPIC -DPIC -o .libs/zhbmv.lo
gcc -DHAVE_CONFIG_H -I. -I. -I.. -I.. -g -O2 -c zhbmv.c -o zhbmv.o >/dev/null 2>&1
mv -f .libs/zhbmv.lo zhbmv.lo
/bin/sh ../libtool --mode=compile gcc -DHAVE_CONFIG_H -I. -I. -I.. -I..    -g -O2 -c -o zhemm.lo `test -f 'zhemm.c' || echo './'`zhemm.c
rm -f .libs/zhemm.lo
gcc -DHAVE_CONFIG_H -I. -I. -I.. -I.. -g -O2 -c zhemm.c  -fPIC -DPIC -o .libs/zhemm.lo
gcc -DHAVE_CONFIG_H -I. -I. -I.. -I.. -g -O2 -c zhemm.c -o zhemm.o >/dev/null 2>&1
mv -f .libs/zhemm.lo zhemm.lo
/bin/sh ../libtool --mode=compile gcc -DHAVE_CONFIG_H -I. -I. -I.. -I..    -g -O2 -c -o zhemv.lo `test -f 'zhemv.c' || echo './'`zhemv.c
rm -f .libs/zhemv.lo
gcc -DHAVE_CONFIG_H -I. -I. -I.. -I.. -g -O2 -c zhemv.c  -fPIC -DPIC -o .libs/zhemv.lo
gcc -DHAVE_CONFIG_H -I. -I. -I.. -I.. -g -O2 -c zhemv.c -o zhemv.o >/dev/null 2>&1
mv -f .libs/zhemv.lo zhemv.lo
/bin/sh ../libtool --mode=compile gcc -DHAVE_CONFIG_H -I. -I. -I.. -I..    -g -O2 -c -o zher.lo `test -f 'zher.c' || echo './'`zher.c
rm -f .libs/zher.lo
gcc -DHAVE_CONFIG_H -I. -I. -I.. -I.. -g -O2 -c zher.c  -fPIC -DPIC -o .libs/zher.lo
gcc -DHAVE_CONFIG_H -I. -I. -I.. -I.. -g -O2 -c zher.c -o zher.o >/dev/null 2>&1
mv -f .libs/zher.lo zher.lo
/bin/sh ../libtool --mode=compile gcc -DHAVE_CONFIG_H -I. -I. -I.. -I..    -g -O2 -c -o zher2.lo `test -f 'zher2.c' || echo './'`zher2.c
rm -f .libs/zher2.lo
gcc -DHAVE_CONFIG_H -I. -I. -I.. -I.. -g -O2 -c zher2.c  -fPIC -DPIC -o .libs/zher2.lo
gcc -DHAVE_CONFIG_H -I. -I. -I.. -I.. -g -O2 -c zher2.c -o zher2.o >/dev/null 2>&1
mv -f .libs/zher2.lo zher2.lo
/bin/sh ../libtool --mode=compile gcc -DHAVE_CONFIG_H -I. -I. -I.. -I..    -g -O2 -c -o zher2k.lo `test -f 'zher2k.c' || echo './'`zher2k.c
rm -f .libs/zher2k.lo
gcc -DHAVE_CONFIG_H -I. -I. -I.. -I.. -g -O2 -c zher2k.c  -fPIC -DPIC -o .libs/zher2k.lo
gcc -DHAVE_CONFIG_H -I. -I. -I.. -I.. -g -O2 -c zher2k.c -o zher2k.o >/dev/null 2>&1
mv -f .libs/zher2k.lo zher2k.lo
/bin/sh ../libtool --mode=compile gcc -DHAVE_CONFIG_H -I. -I. -I.. -I..    -g -O2 -c -o zherk.lo `test -f 'zherk.c' || echo './'`zherk.c
rm -f .libs/zherk.lo
gcc -DHAVE_CONFIG_H -I. -I. -I.. -I.. -g -O2 -c zherk.c  -fPIC -DPIC -o .libs/zherk.lo
gcc -DHAVE_CONFIG_H -I. -I. -I.. -I.. -g -O2 -c zherk.c -o zherk.o >/dev/null 2>&1
mv -f .libs/zherk.lo zherk.lo
/bin/sh ../libtool --mode=compile gcc -DHAVE_CONFIG_H -I. -I. -I.. -I..    -g -O2 -c -o zhpmv.lo `test -f 'zhpmv.c' || echo './'`zhpmv.c
rm -f .libs/zhpmv.lo
gcc -DHAVE_CONFIG_H -I. -I. -I.. -I.. -g -O2 -c zhpmv.c  -fPIC -DPIC -o .libs/zhpmv.lo
gcc -DHAVE_CONFIG_H -I. -I. -I.. -I.. -g -O2 -c zhpmv.c -o zhpmv.o >/dev/null 2>&1
mv -f .libs/zhpmv.lo zhpmv.lo
/bin/sh ../libtool --mode=compile gcc -DHAVE_CONFIG_H -I. -I. -I.. -I..    -g -O2 -c -o zhpr.lo `test -f 'zhpr.c' || echo './'`zhpr.c
rm -f .libs/zhpr.lo
gcc -DHAVE_CONFIG_H -I. -I. -I.. -I.. -g -O2 -c zhpr.c  -fPIC -DPIC -o .libs/zhpr.lo
gcc -DHAVE_CONFIG_H -I. -I. -I.. -I.. -g -O2 -c zhpr.c -o zhpr.o >/dev/null 2>&1
mv -f .libs/zhpr.lo zhpr.lo
/bin/sh ../libtool --mode=compile gcc -DHAVE_CONFIG_H -I. -I. -I.. -I..    -g -O2 -c -o zhpr2.lo `test -f 'zhpr2.c' || echo './'`zhpr2.c
rm -f .libs/zhpr2.lo
gcc -DHAVE_CONFIG_H -I. -I. -I.. -I.. -g -O2 -c zhpr2.c  -fPIC -DPIC -o .libs/zhpr2.lo
gcc -DHAVE_CONFIG_H -I. -I. -I.. -I.. -g -O2 -c zhpr2.c -o zhpr2.o >/dev/null 2>&1
mv -f .libs/zhpr2.lo zhpr2.lo
/bin/sh ../libtool --mode=compile gcc -DHAVE_CONFIG_H -I. -I. -I.. -I..    -g -O2 -c -o zscal.lo `test -f 'zscal.c' || echo './'`zscal.c
rm -f .libs/zscal.lo
gcc -DHAVE_CONFIG_H -I. -I. -I.. -I.. -g -O2 -c zscal.c  -fPIC -DPIC -o .libs/zscal.lo
gcc -DHAVE_CONFIG_H -I. -I. -I.. -I.. -g -O2 -c zscal.c -o zscal.o >/dev/null 2>&1
mv -f .libs/zscal.lo zscal.lo
/bin/sh ../libtool --mode=compile gcc -DHAVE_CONFIG_H -I. -I. -I.. -I..    -g -O2 -c -o zswap.lo `test -f 'zswap.c' || echo './'`zswap.c
rm -f .libs/zswap.lo
gcc -DHAVE_CONFIG_H -I. -I. -I.. -I.. -g -O2 -c zswap.c  -fPIC -DPIC -o .libs/zswap.lo
gcc -DHAVE_CONFIG_H -I. -I. -I.. -I.. -g -O2 -c zswap.c -o zswap.o >/dev/null 2>&1
mv -f .libs/zswap.lo zswap.lo
/bin/sh ../libtool --mode=compile gcc -DHAVE_CONFIG_H -I. -I. -I.. -I..    -g -O2 -c -o zsymm.lo `test -f 'zsymm.c' || echo './'`zsymm.c
rm -f .libs/zsymm.lo
gcc -DHAVE_CONFIG_H -I. -I. -I.. -I.. -g -O2 -c zsymm.c  -fPIC -DPIC -o .libs/zsymm.lo
gcc -DHAVE_CONFIG_H -I. -I. -I.. -I.. -g -O2 -c zsymm.c -o zsymm.o >/dev/null 2>&1
mv -f .libs/zsymm.lo zsymm.lo
/bin/sh ../libtool --mode=compile gcc -DHAVE_CONFIG_H -I. -I. -I.. -I..    -g -O2 -c -o zsyr2k.lo `test -f 'zsyr2k.c' || echo './'`zsyr2k.c
rm -f .libs/zsyr2k.lo
gcc -DHAVE_CONFIG_H -I. -I. -I.. -I.. -g -O2 -c zsyr2k.c  -fPIC -DPIC -o .libs/zsyr2k.lo
gcc -DHAVE_CONFIG_H -I. -I. -I.. -I.. -g -O2 -c zsyr2k.c -o zsyr2k.o >/dev/null 2>&1
mv -f .libs/zsyr2k.lo zsyr2k.lo
/bin/sh ../libtool --mode=compile gcc -DHAVE_CONFIG_H -I. -I. -I.. -I..    -g -O2 -c -o zsyrk.lo `test -f 'zsyrk.c' || echo './'`zsyrk.c
rm -f .libs/zsyrk.lo
gcc -DHAVE_CONFIG_H -I. -I. -I.. -I.. -g -O2 -c zsyrk.c  -fPIC -DPIC -o .libs/zsyrk.lo
gcc -DHAVE_CONFIG_H -I. -I. -I.. -I.. -g -O2 -c zsyrk.c -o zsyrk.o >/dev/null 2>&1
mv -f .libs/zsyrk.lo zsyrk.lo
/bin/sh ../libtool --mode=compile gcc -DHAVE_CONFIG_H -I. -I. -I.. -I..    -g -O2 -c -o ztbmv.lo `test -f 'ztbmv.c' || echo './'`ztbmv.c
rm -f .libs/ztbmv.lo
gcc -DHAVE_CONFIG_H -I. -I. -I.. -I.. -g -O2 -c ztbmv.c  -fPIC -DPIC -o .libs/ztbmv.lo
gcc -DHAVE_CONFIG_H -I. -I. -I.. -I.. -g -O2 -c ztbmv.c -o ztbmv.o >/dev/null 2>&1
mv -f .libs/ztbmv.lo ztbmv.lo
/bin/sh ../libtool --mode=compile gcc -DHAVE_CONFIG_H -I. -I. -I.. -I..    -g -O2 -c -o ztbsv.lo `test -f 'ztbsv.c' || echo './'`ztbsv.c
rm -f .libs/ztbsv.lo
gcc -DHAVE_CONFIG_H -I. -I. -I.. -I.. -g -O2 -c ztbsv.c  -fPIC -DPIC -o .libs/ztbsv.lo
gcc -DHAVE_CONFIG_H -I. -I. -I.. -I.. -g -O2 -c ztbsv.c -o ztbsv.o >/dev/null 2>&1
mv -f .libs/ztbsv.lo ztbsv.lo
/bin/sh ../libtool --mode=compile gcc -DHAVE_CONFIG_H -I. -I. -I.. -I..    -g -O2 -c -o ztpmv.lo `test -f 'ztpmv.c' || echo './'`ztpmv.c
rm -f .libs/ztpmv.lo
gcc -DHAVE_CONFIG_H -I. -I. -I.. -I.. -g -O2 -c ztpmv.c  -fPIC -DPIC -o .libs/ztpmv.lo
gcc -DHAVE_CONFIG_H -I. -I. -I.. -I.. -g -O2 -c ztpmv.c -o ztpmv.o >/dev/null 2>&1
mv -f .libs/ztpmv.lo ztpmv.lo
/bin/sh ../libtool --mode=compile gcc -DHAVE_CONFIG_H -I. -I. -I.. -I..    -g -O2 -c -o ztpsv.lo `test -f 'ztpsv.c' || echo './'`ztpsv.c
rm -f .libs/ztpsv.lo
gcc -DHAVE_CONFIG_H -I. -I. -I.. -I.. -g -O2 -c ztpsv.c  -fPIC -DPIC -o .libs/ztpsv.lo
gcc -DHAVE_CONFIG_H -I. -I. -I.. -I.. -g -O2 -c ztpsv.c -o ztpsv.o >/dev/null 2>&1
mv -f .libs/ztpsv.lo ztpsv.lo
/bin/sh ../libtool --mode=compile gcc -DHAVE_CONFIG_H -I. -I. -I.. -I..    -g -O2 -c -o ztrmm.lo `test -f 'ztrmm.c' || echo './'`ztrmm.c
rm -f .libs/ztrmm.lo
gcc -DHAVE_CONFIG_H -I. -I. -I.. -I.. -g -O2 -c ztrmm.c  -fPIC -DPIC -o .libs/ztrmm.lo
gcc -DHAVE_CONFIG_H -I. -I. -I.. -I.. -g -O2 -c ztrmm.c -o ztrmm.o >/dev/null 2>&1
mv -f .libs/ztrmm.lo ztrmm.lo
/bin/sh ../libtool --mode=compile gcc -DHAVE_CONFIG_H -I. -I. -I.. -I..    -g -O2 -c -o ztrmv.lo `test -f 'ztrmv.c' || echo './'`ztrmv.c
rm -f .libs/ztrmv.lo
gcc -DHAVE_CONFIG_H -I. -I. -I.. -I.. -g -O2 -c ztrmv.c  -fPIC -DPIC -o .libs/ztrmv.lo
gcc -DHAVE_CONFIG_H -I. -I. -I.. -I.. -g -O2 -c ztrmv.c -o ztrmv.o >/dev/null 2>&1
mv -f .libs/ztrmv.lo ztrmv.lo
/bin/sh ../libtool --mode=compile gcc -DHAVE_CONFIG_H -I. -I. -I.. -I..    -g -O2 -c -o ztrsm.lo `test -f 'ztrsm.c' || echo './'`ztrsm.c
rm -f .libs/ztrsm.lo
gcc -DHAVE_CONFIG_H -I. -I. -I.. -I.. -g -O2 -c ztrsm.c  -fPIC -DPIC -o .libs/ztrsm.lo
gcc -DHAVE_CONFIG_H -I. -I. -I.. -I.. -g -O2 -c ztrsm.c -o ztrsm.o >/dev/null 2>&1
mv -f .libs/ztrsm.lo ztrsm.lo
/bin/sh ../libtool --mode=compile gcc -DHAVE_CONFIG_H -I. -I. -I.. -I..    -g -O2 -c -o ztrsv.lo `test -f 'ztrsv.c' || echo './'`ztrsv.c
rm -f .libs/ztrsv.lo
gcc -DHAVE_CONFIG_H -I. -I. -I.. -I.. -g -O2 -c ztrsv.c  -fPIC -DPIC -o .libs/ztrsv.lo
gcc -DHAVE_CONFIG_H -I. -I. -I.. -I.. -g -O2 -c ztrsv.c -o ztrsv.o >/dev/null 2>&1
mv -f .libs/ztrsv.lo ztrsv.lo
/bin/sh ../libtool --mode=compile gcc -DHAVE_CONFIG_H -I. -I. -I.. -I..    -g -O2 -c -o icamax.lo `test -f 'icamax.c' || echo './'`icamax.c
rm -f .libs/icamax.lo
gcc -DHAVE_CONFIG_H -I. -I. -I.. -I.. -g -O2 -c icamax.c  -fPIC -DPIC -o .libs/icamax.lo
gcc -DHAVE_CONFIG_H -I. -I. -I.. -I.. -g -O2 -c icamax.c -o icamax.o >/dev/null 2>&1
mv -f .libs/icamax.lo icamax.lo
/bin/sh ../libtool --mode=compile gcc -DHAVE_CONFIG_H -I. -I. -I.. -I..    -g -O2 -c -o idamax.lo `test -f 'idamax.c' || echo './'`idamax.c
rm -f .libs/idamax.lo
gcc -DHAVE_CONFIG_H -I. -I. -I.. -I.. -g -O2 -c idamax.c  -fPIC -DPIC -o .libs/idamax.lo
gcc -DHAVE_CONFIG_H -I. -I. -I.. -I.. -g -O2 -c idamax.c -o idamax.o >/dev/null 2>&1
mv -f .libs/idamax.lo idamax.lo
/bin/sh ../libtool --mode=compile gcc -DHAVE_CONFIG_H -I. -I. -I.. -I..    -g -O2 -c -o isamax.lo `test -f 'isamax.c' || echo './'`isamax.c
rm -f .libs/isamax.lo
gcc -DHAVE_CONFIG_H -I. -I. -I.. -I.. -g -O2 -c isamax.c  -fPIC -DPIC -o .libs/isamax.lo
gcc -DHAVE_CONFIG_H -I. -I. -I.. -I.. -g -O2 -c isamax.c -o isamax.o >/dev/null 2>&1
mv -f .libs/isamax.lo isamax.lo
/bin/sh ../libtool --mode=compile gcc -DHAVE_CONFIG_H -I. -I. -I.. -I..    -g -O2 -c -o izamax.lo `test -f 'izamax.c' || echo './'`izamax.c
rm -f .libs/izamax.lo
gcc -DHAVE_CONFIG_H -I. -I. -I.. -I.. -g -O2 -c izamax.c  -fPIC -DPIC -o .libs/izamax.lo
gcc -DHAVE_CONFIG_H -I. -I. -I.. -I.. -g -O2 -c izamax.c -o izamax.o >/dev/null 2>&1
mv -f .libs/izamax.lo izamax.lo
/bin/sh ../libtool --mode=compile gcc -DHAVE_CONFIG_H -I. -I. -I.. -I..    -g -O2 -c -o xerbla.lo `test -f 'xerbla.c' || echo './'`xerbla.c
rm -f .libs/xerbla.lo
gcc -DHAVE_CONFIG_H -I. -I. -I.. -I.. -g -O2 -c xerbla.c  -fPIC -DPIC -o .libs/xerbla.lo
gcc -DHAVE_CONFIG_H -I. -I. -I.. -I.. -g -O2 -c xerbla.c -o xerbla.o >/dev/null 2>&1
mv -f .libs/xerbla.lo xerbla.lo
/bin/sh ../libtool --mode=link gcc  -g -O2   -o libgslcblas.la -rpath /home/ualusr2011/ual1220/ual1/tools/lib/linux -version-info 0:0:0 sasum.lo saxpy.lo scasum.lo scnrm2.lo scopy.lo sdot.lo sdsdot.lo sgbmv.lo sgemm.lo sgemv.lo sger.lo snrm2.lo srot.lo srotg.lo srotm.lo srotmg.lo ssbmv.lo sscal.lo sspmv.lo sspr.lo sspr2.lo sswap.lo ssymm.lo ssymv.lo ssyr.lo ssyr2.lo ssyr2k.lo ssyrk.lo stbmv.lo stbsv.lo stpmv.lo stpsv.lo strmm.lo strmv.lo strsm.lo strsv.lo dasum.lo daxpy.lo dcopy.lo ddot.lo dgbmv.lo dgemm.lo dgemv.lo dger.lo dnrm2.lo drot.lo drotg.lo drotm.lo drotmg.lo dsbmv.lo dscal.lo dsdot.lo dspmv.lo dspr.lo dspr2.lo dswap.lo dsymm.lo dsymv.lo dsyr.lo dsyr2.lo dsyr2k.lo dsyrk.lo dtbmv.lo dtbsv.lo dtpmv.lo dtpsv.lo dtrmm.lo dtrmv.lo dtrsm.lo dtrsv.lo dzasum.lo dznrm2.lo caxpy.lo ccopy.lo cdotc_sub.lo cdotu_sub.lo cgbmv.lo cgemm.lo cgemv.lo cgerc.lo cgeru.lo chbmv.lo chemm.lo chemv.lo cher.lo cher2.lo cher2k.lo cherk.lo chpmv.lo chpr.lo chpr2.lo cscal.lo csscal.lo cswap.lo csymm.lo csyr2k.lo csyrk.lo ctbmv.lo ctbsv.lo ctpmv.lo ctpsv.lo ctrmm.lo ctrmv.lo ctrsm.lo ctrsv.lo zaxpy.lo zcopy.lo zdotc_sub.lo zdotu_sub.lo zdscal.lo zgbmv.lo zgemm.lo zgemv.lo zgerc.lo zgeru.lo zhbmv.lo zhemm.lo zhemv.lo zher.lo zher2.lo zher2k.lo zherk.lo zhpmv.lo zhpr.lo zhpr2.lo zscal.lo zswap.lo zsymm.lo zsyr2k.lo zsyrk.lo ztbmv.lo ztbsv.lo ztpmv.lo ztpsv.lo ztrmm.lo ztrmv.lo ztrsm.lo ztrsv.lo icamax.lo idamax.lo isamax.lo izamax.lo xerbla.lo  -lm 
rm -fr .libs/libgslcblas.la .libs/libgslcblas.* .libs/libgslcblas.*

*** Warning: linker path does not have real file for library -lm.
*** I have the capability to make that library automatically link in when
*** you link to this library.  But I can only do this if you have a
*** shared version of the library, which you do not appear to have
*** because I did check the linker path looking for a file starting
*** with libm but no candidates were found. (...for file magic test)
*** The inter-library dependencies that have been dropped here will be
*** automatically added whenever a program is linked with this library
*** or is declared to -dlopen it.
gcc -shared  sasum.lo saxpy.lo scasum.lo scnrm2.lo scopy.lo sdot.lo sdsdot.lo sgbmv.lo sgemm.lo sgemv.lo sger.lo snrm2.lo srot.lo srotg.lo srotm.lo srotmg.lo ssbmv.lo sscal.lo sspmv.lo sspr.lo sspr2.lo sswap.lo ssymm.lo ssymv.lo ssyr.lo ssyr2.lo ssyr2k.lo ssyrk.lo stbmv.lo stbsv.lo stpmv.lo stpsv.lo strmm.lo strmv.lo strsm.lo strsv.lo dasum.lo daxpy.lo dcopy.lo ddot.lo dgbmv.lo dgemm.lo dgemv.lo dger.lo dnrm2.lo drot.lo drotg.lo drotm.lo drotmg.lo dsbmv.lo dscal.lo dsdot.lo dspmv.lo dspr.lo dspr2.lo dswap.lo dsymm.lo dsymv.lo dsyr.lo dsyr2.lo dsyr2k.lo dsyrk.lo dtbmv.lo dtbsv.lo dtpmv.lo dtpsv.lo dtrmm.lo dtrmv.lo dtrsm.lo dtrsv.lo dzasum.lo dznrm2.lo caxpy.lo ccopy.lo cdotc_sub.lo cdotu_sub.lo cgbmv.lo cgemm.lo cgemv.lo cgerc.lo cgeru.lo chbmv.lo chemm.lo chemv.lo cher.lo cher2.lo cher2k.lo cherk.lo chpmv.lo chpr.lo chpr2.lo cscal.lo csscal.lo cswap.lo csymm.lo csyr2k.lo csyrk.lo ctbmv.lo ctbsv.lo ctpmv.lo ctpsv.lo ctrmm.lo ctrmv.lo ctrsm.lo ctrsv.lo zaxpy.lo zcopy.lo zdotc_sub.lo zdotu_sub.lo zdscal.lo zgbmv.lo zgemm.lo zgemv.lo zgerc.lo zgeru.lo zhbmv.lo zhemm.lo zhemv.lo zher.lo zher2.lo zher2k.lo zherk.lo zhpmv.lo zhpr.lo zhpr2.lo zscal.lo zswap.lo zsymm.lo zsyr2k.lo zsyrk.lo ztbmv.lo ztbsv.lo ztpmv.lo ztpsv.lo ztrmm.lo ztrmv.lo ztrsm.lo ztrsv.lo icamax.lo idamax.lo isamax.lo izamax.lo xerbla.lo   -Wl,-soname -Wl,libgslcblas.so.0 -o .libs/libgslcblas.so.0.0.0
(cd .libs && rm -f libgslcblas.so.0 && ln -s libgslcblas.so.0.0.0 libgslcblas.so.0)
(cd .libs && rm -f libgslcblas.so && ln -s libgslcblas.so.0.0.0 libgslcblas.so)
ar cru .libs/libgslcblas.a  sasum.o saxpy.o scasum.o scnrm2.o scopy.o sdot.o sdsdot.o sgbmv.o sgemm.o sgemv.o sger.o snrm2.o srot.o srotg.o srotm.o srotmg.o ssbmv.o sscal.o sspmv.o sspr.o sspr2.o sswap.o ssymm.o ssymv.o ssyr.o ssyr2.o ssyr2k.o ssyrk.o stbmv.o stbsv.o stpmv.o stpsv.o strmm.o strmv.o strsm.o strsv.o dasum.o daxpy.o dcopy.o ddot.o dgbmv.o dgemm.o dgemv.o dger.o dnrm2.o drot.o drotg.o drotm.o drotmg.o dsbmv.o dscal.o dsdot.o dspmv.o dspr.o dspr2.o dswap.o dsymm.o dsymv.o dsyr.o dsyr2.o dsyr2k.o dsyrk.o dtbmv.o dtbsv.o dtpmv.o dtpsv.o dtrmm.o dtrmv.o dtrsm.o dtrsv.o dzasum.o dznrm2.o caxpy.o ccopy.o cdotc_sub.o cdotu_sub.o cgbmv.o cgemm.o cgemv.o cgerc.o cgeru.o chbmv.o chemm.o chemv.o cher.o cher2.o cher2k.o cherk.o chpmv.o chpr.o chpr2.o cscal.o csscal.o cswap.o csymm.o csyr2k.o csyrk.o ctbmv.o ctbsv.o ctpmv.o ctpsv.o ctrmm.o ctrmv.o ctrsm.o ctrsv.o zaxpy.o zcopy.o zdotc_sub.o zdotu_sub.o zdscal.o zgbmv.o zgemm.o zgemv.o zgerc.o zgeru.o zhbmv.o zhemm.o zhemv.o zher.o zher2.o zher2k.o zherk.o zhpmv.o zhpr.o zhpr2.o zscal.o zswap.o zsymm.o zsyr2k.o zsyrk.o ztbmv.o ztbsv.o ztpmv.o ztpsv.o ztrmm.o ztrmv.o ztrsm.o ztrsv.o icamax.o idamax.o isamax.o izamax.o xerbla.o 
ranlib .libs/libgslcblas.a
creating libgslcblas.la
(cd .libs && rm -f libgslcblas.la && ln -s ../libgslcblas.la libgslcblas.la)
make[5]: Leaving directory `/home/ualusr2011/ual1220/ual1/tools/tars/gsl-1.4/cblas'
Making all in blas
make[5]: Entering directory `/home/ualusr2011/ual1220/ual1/tools/tars/gsl-1.4/blas'
/bin/sh ../libtool --mode=compile gcc -DHAVE_CONFIG_H -I. -I. -I.. -I..    -g -O2 -c -o blas.lo `test -f 'blas.c' || echo './'`blas.c
mkdir .libs
gcc -DHAVE_CONFIG_H -I. -I. -I.. -I.. -g -O2 -c blas.c  -fPIC -DPIC -o .libs/blas.lo
gcc -DHAVE_CONFIG_H -I. -I. -I.. -I.. -g -O2 -c blas.c -o blas.o >/dev/null 2>&1
mv -f .libs/blas.lo blas.lo
/bin/sh ../libtool --mode=link gcc  -g -O2   -o libgslblas.la   blas.lo  -lm 
rm -fr .libs/libgslblas.la .libs/libgslblas.* .libs/libgslblas.*
ar cru .libs/libgslblas.al blas.lo
ranlib .libs/libgslblas.al
creating libgslblas.la
(cd .libs && rm -f libgslblas.la && ln -s ../libgslblas.la libgslblas.la)
make[5]: Leaving directory `/home/ualusr2011/ual1220/ual1/tools/tars/gsl-1.4/blas'
Making all in linalg
make[5]: Entering directory `/home/ualusr2011/ual1220/ual1/tools/tars/gsl-1.4/linalg'
/bin/sh ../libtool --mode=compile gcc -DHAVE_CONFIG_H -I. -I. -I.. -I..    -g -O2 -c -o multiply.lo `test -f 'multiply.c' || echo './'`multiply.c
mkdir .libs
gcc -DHAVE_CONFIG_H -I. -I. -I.. -I.. -g -O2 -c multiply.c  -fPIC -DPIC -o .libs/multiply.lo
gcc -DHAVE_CONFIG_H -I. -I. -I.. -I.. -g -O2 -c multiply.c -o multiply.o >/dev/null 2>&1
mv -f .libs/multiply.lo multiply.lo
/bin/sh ../libtool --mode=compile gcc -DHAVE_CONFIG_H -I. -I. -I.. -I..    -g -O2 -c -o exponential.lo `test -f 'exponential.c' || echo './'`exponential.c
rm -f .libs/exponential.lo
gcc -DHAVE_CONFIG_H -I. -I. -I.. -I.. -g -O2 -c exponential.c  -fPIC -DPIC -o .libs/exponential.lo
gcc -DHAVE_CONFIG_H -I. -I. -I.. -I.. -g -O2 -c exponential.c -o exponential.o >/dev/null 2>&1
mv -f .libs/exponential.lo exponential.lo
/bin/sh ../libtool --mode=compile gcc -DHAVE_CONFIG_H -I. -I. -I.. -I..    -g -O2 -c -o tridiag.lo `test -f 'tridiag.c' || echo './'`tridiag.c
rm -f .libs/tridiag.lo
gcc -DHAVE_CONFIG_H -I. -I. -I.. -I.. -g -O2 -c tridiag.c  -fPIC -DPIC -o .libs/tridiag.lo
gcc -DHAVE_CONFIG_H -I. -I. -I.. -I.. -g -O2 -c tridiag.c -o tridiag.o >/dev/null 2>&1
mv -f .libs/tridiag.lo tridiag.lo
/bin/sh ../libtool --mode=compile gcc -DHAVE_CONFIG_H -I. -I. -I.. -I..    -g -O2 -c -o lu.lo `test -f 'lu.c' || echo './'`lu.c
rm -f .libs/lu.lo
gcc -DHAVE_CONFIG_H -I. -I. -I.. -I.. -g -O2 -c lu.c  -fPIC -DPIC -o .libs/lu.lo
gcc -DHAVE_CONFIG_H -I. -I. -I.. -I.. -g -O2 -c lu.c -o lu.o >/dev/null 2>&1
mv -f .libs/lu.lo lu.lo
/bin/sh ../libtool --mode=compile gcc -DHAVE_CONFIG_H -I. -I. -I.. -I..    -g -O2 -c -o luc.lo `test -f 'luc.c' || echo './'`luc.c
rm -f .libs/luc.lo
gcc -DHAVE_CONFIG_H -I. -I. -I.. -I.. -g -O2 -c luc.c  -fPIC -DPIC -o .libs/luc.lo
gcc -DHAVE_CONFIG_H -I. -I. -I.. -I.. -g -O2 -c luc.c -o luc.o >/dev/null 2>&1
mv -f .libs/luc.lo luc.lo
/bin/sh ../libtool --mode=compile gcc -DHAVE_CONFIG_H -I. -I. -I.. -I..    -g -O2 -c -o hh.lo `test -f 'hh.c' || echo './'`hh.c
rm -f .libs/hh.lo
gcc -DHAVE_CONFIG_H -I. -I. -I.. -I.. -g -O2 -c hh.c  -fPIC -DPIC -o .libs/hh.lo
gcc -DHAVE_CONFIG_H -I. -I. -I.. -I.. -g -O2 -c hh.c -o hh.o >/dev/null 2>&1
mv -f .libs/hh.lo hh.lo
/bin/sh ../libtool --mode=compile gcc -DHAVE_CONFIG_H -I. -I. -I.. -I..    -g -O2 -c -o qr.lo `test -f 'qr.c' || echo './'`qr.c
rm -f .libs/qr.lo
gcc -DHAVE_CONFIG_H -I. -I. -I.. -I.. -g -O2 -c qr.c  -fPIC -DPIC -o .libs/qr.lo
gcc -DHAVE_CONFIG_H -I. -I. -I.. -I.. -g -O2 -c qr.c -o qr.o >/dev/null 2>&1
mv -f .libs/qr.lo qr.lo
/bin/sh ../libtool --mode=compile gcc -DHAVE_CONFIG_H -I. -I. -I.. -I..    -g -O2 -c -o qrpt.lo `test -f 'qrpt.c' || echo './'`qrpt.c
rm -f .libs/qrpt.lo
gcc -DHAVE_CONFIG_H -I. -I. -I.. -I.. -g -O2 -c qrpt.c  -fPIC -DPIC -o .libs/qrpt.lo
gcc -DHAVE_CONFIG_H -I. -I. -I.. -I.. -g -O2 -c qrpt.c -o qrpt.o >/dev/null 2>&1
mv -f .libs/qrpt.lo qrpt.lo
/bin/sh ../libtool --mode=compile gcc -DHAVE_CONFIG_H -I. -I. -I.. -I..    -g -O2 -c -o svd.lo `test -f 'svd.c' || echo './'`svd.c
rm -f .libs/svd.lo
gcc -DHAVE_CONFIG_H -I. -I. -I.. -I.. -g -O2 -c svd.c  -fPIC -DPIC -o .libs/svd.lo
gcc -DHAVE_CONFIG_H -I. -I. -I.. -I.. -g -O2 -c svd.c -o svd.o >/dev/null 2>&1
mv -f .libs/svd.lo svd.lo
/bin/sh ../libtool --mode=compile gcc -DHAVE_CONFIG_H -I. -I. -I.. -I..    -g -O2 -c -o householder.lo `test -f 'householder.c' || echo './'`householder.c
rm -f .libs/householder.lo
gcc -DHAVE_CONFIG_H -I. -I. -I.. -I.. -g -O2 -c householder.c  -fPIC -DPIC -o .libs/householder.lo
gcc -DHAVE_CONFIG_H -I. -I. -I.. -I.. -g -O2 -c householder.c -o householder.o >/dev/null 2>&1
mv -f .libs/householder.lo householder.lo
/bin/sh ../libtool --mode=compile gcc -DHAVE_CONFIG_H -I. -I. -I.. -I..    -g -O2 -c -o householdercomplex.lo `test -f 'householdercomplex.c' || echo './'`householdercomplex.c
rm -f .libs/householdercomplex.lo
gcc -DHAVE_CONFIG_H -I. -I. -I.. -I.. -g -O2 -c householdercomplex.c  -fPIC -DPIC -o .libs/householdercomplex.lo
gcc -DHAVE_CONFIG_H -I. -I. -I.. -I.. -g -O2 -c householdercomplex.c -o householdercomplex.o >/dev/null 2>&1
mv -f .libs/householdercomplex.lo householdercomplex.lo
/bin/sh ../libtool --mode=compile gcc -DHAVE_CONFIG_H -I. -I. -I.. -I..    -g -O2 -c -o cholesky.lo `test -f 'cholesky.c' || echo './'`cholesky.c
rm -f .libs/cholesky.lo
gcc -DHAVE_CONFIG_H -I. -I. -I.. -I.. -g -O2 -c cholesky.c  -fPIC -DPIC -o .libs/cholesky.lo
gcc -DHAVE_CONFIG_H -I. -I. -I.. -I.. -g -O2 -c cholesky.c -o cholesky.o >/dev/null 2>&1
mv -f .libs/cholesky.lo cholesky.lo
/bin/sh ../libtool --mode=compile gcc -DHAVE_CONFIG_H -I. -I. -I.. -I..    -g -O2 -c -o symmtd.lo `test -f 'symmtd.c' || echo './'`symmtd.c
rm -f .libs/symmtd.lo
gcc -DHAVE_CONFIG_H -I. -I. -I.. -I.. -g -O2 -c symmtd.c  -fPIC -DPIC -o .libs/symmtd.lo
gcc -DHAVE_CONFIG_H -I. -I. -I.. -I.. -g -O2 -c symmtd.c -o symmtd.o >/dev/null 2>&1
mv -f .libs/symmtd.lo symmtd.lo
/bin/sh ../libtool --mode=compile gcc -DHAVE_CONFIG_H -I. -I. -I.. -I..    -g -O2 -c -o hermtd.lo `test -f 'hermtd.c' || echo './'`hermtd.c
rm -f .libs/hermtd.lo
gcc -DHAVE_CONFIG_H -I. -I. -I.. -I.. -g -O2 -c hermtd.c  -fPIC -DPIC -o .libs/hermtd.lo
gcc -DHAVE_CONFIG_H -I. -I. -I.. -I.. -g -O2 -c hermtd.c -o hermtd.o >/dev/null 2>&1
mv -f .libs/hermtd.lo hermtd.lo
/bin/sh ../libtool --mode=compile gcc -DHAVE_CONFIG_H -I. -I. -I.. -I..    -g -O2 -c -o bidiag.lo `test -f 'bidiag.c' || echo './'`bidiag.c
rm -f .libs/bidiag.lo
gcc -DHAVE_CONFIG_H -I. -I. -I.. -I.. -g -O2 -c bidiag.c  -fPIC -DPIC -o .libs/bidiag.lo
gcc -DHAVE_CONFIG_H -I. -I. -I.. -I.. -g -O2 -c bidiag.c -o bidiag.o >/dev/null 2>&1
mv -f .libs/bidiag.lo bidiag.lo
/bin/sh ../libtool --mode=compile gcc -DHAVE_CONFIG_H -I. -I. -I.. -I..    -g -O2 -c -o balance.lo `test -f 'balance.c' || echo './'`balance.c
rm -f .libs/balance.lo
gcc -DHAVE_CONFIG_H -I. -I. -I.. -I.. -g -O2 -c balance.c  -fPIC -DPIC -o .libs/balance.lo
gcc -DHAVE_CONFIG_H -I. -I. -I.. -I.. -g -O2 -c balance.c -o balance.o >/dev/null 2>&1
mv -f .libs/balance.lo balance.lo
/bin/sh ../libtool --mode=link gcc  -g -O2   -o libgsllinalg.la   multiply.lo exponential.lo tridiag.lo lu.lo luc.lo hh.lo qr.lo qrpt.lo svd.lo householder.lo householdercomplex.lo cholesky.lo symmtd.lo hermtd.lo bidiag.lo balance.lo  -lm 
rm -fr .libs/libgsllinalg.la .libs/libgsllinalg.* .libs/libgsllinalg.*
ar cru .libs/libgsllinalg.al multiply.lo exponential.lo tridiag.lo lu.lo luc.lo hh.lo qr.lo qrpt.lo svd.lo householder.lo householdercomplex.lo cholesky.lo symmtd.lo hermtd.lo bidiag.lo balance.lo
ranlib .libs/libgsllinalg.al
creating libgsllinalg.la
(cd .libs && rm -f libgsllinalg.la && ln -s ../libgsllinalg.la libgsllinalg.la)
make[5]: Leaving directory `/home/ualusr2011/ual1220/ual1/tools/tars/gsl-1.4/linalg'
Making all in eigen
make[5]: Entering directory `/home/ualusr2011/ual1220/ual1/tools/tars/gsl-1.4/eigen'
/bin/sh ../libtool --mode=compile gcc -DHAVE_CONFIG_H -I. -I. -I.. -I..    -g -O2 -c -o jacobi.lo `test -f 'jacobi.c' || echo './'`jacobi.c
mkdir .libs
gcc -DHAVE_CONFIG_H -I. -I. -I.. -I.. -g -O2 -c jacobi.c  -fPIC -DPIC -o .libs/jacobi.lo
gcc -DHAVE_CONFIG_H -I. -I. -I.. -I.. -g -O2 -c jacobi.c -o jacobi.o >/dev/null 2>&1
mv -f .libs/jacobi.lo jacobi.lo
/bin/sh ../libtool --mode=compile gcc -DHAVE_CONFIG_H -I. -I. -I.. -I..    -g -O2 -c -o symm.lo `test -f 'symm.c' || echo './'`symm.c
rm -f .libs/symm.lo
gcc -DHAVE_CONFIG_H -I. -I. -I.. -I.. -g -O2 -c symm.c  -fPIC -DPIC -o .libs/symm.lo
gcc -DHAVE_CONFIG_H -I. -I. -I.. -I.. -g -O2 -c symm.c -o symm.o >/dev/null 2>&1
mv -f .libs/symm.lo symm.lo
/bin/sh ../libtool --mode=compile gcc -DHAVE_CONFIG_H -I. -I. -I.. -I..    -g -O2 -c -o symmv.lo `test -f 'symmv.c' || echo './'`symmv.c
rm -f .libs/symmv.lo
gcc -DHAVE_CONFIG_H -I. -I. -I.. -I.. -g -O2 -c symmv.c  -fPIC -DPIC -o .libs/symmv.lo
gcc -DHAVE_CONFIG_H -I. -I. -I.. -I.. -g -O2 -c symmv.c -o symmv.o >/dev/null 2>&1
mv -f .libs/symmv.lo symmv.lo
/bin/sh ../libtool --mode=compile gcc -DHAVE_CONFIG_H -I. -I. -I.. -I..    -g -O2 -c -o herm.lo `test -f 'herm.c' || echo './'`herm.c
rm -f .libs/herm.lo
gcc -DHAVE_CONFIG_H -I. -I. -I.. -I.. -g -O2 -c herm.c  -fPIC -DPIC -o .libs/herm.lo
gcc -DHAVE_CONFIG_H -I. -I. -I.. -I.. -g -O2 -c herm.c -o herm.o >/dev/null 2>&1
mv -f .libs/herm.lo herm.lo
/bin/sh ../libtool --mode=compile gcc -DHAVE_CONFIG_H -I. -I. -I.. -I..    -g -O2 -c -o hermv.lo `test -f 'hermv.c' || echo './'`hermv.c
rm -f .libs/hermv.lo
gcc -DHAVE_CONFIG_H -I. -I. -I.. -I.. -g -O2 -c hermv.c  -fPIC -DPIC -o .libs/hermv.lo
gcc -DHAVE_CONFIG_H -I. -I. -I.. -I.. -g -O2 -c hermv.c -o hermv.o >/dev/null 2>&1
mv -f .libs/hermv.lo hermv.lo
/bin/sh ../libtool --mode=compile gcc -DHAVE_CONFIG_H -I. -I. -I.. -I..    -g -O2 -c -o sort.lo `test -f 'sort.c' || echo './'`sort.c
rm -f .libs/sort.lo
gcc -DHAVE_CONFIG_H -I. -I. -I.. -I.. -g -O2 -c sort.c  -fPIC -DPIC -o .libs/sort.lo
gcc -DHAVE_CONFIG_H -I. -I. -I.. -I.. -g -O2 -c sort.c -o sort.o >/dev/null 2>&1
mv -f .libs/sort.lo sort.lo
/bin/sh ../libtool --mode=link gcc  -g -O2   -o libgsleigen.la   jacobi.lo symm.lo symmv.lo herm.lo hermv.lo sort.lo  -lm 
rm -fr .libs/libgsleigen.la .libs/libgsleigen.* .libs/libgsleigen.*
ar cru .libs/libgsleigen.al jacobi.lo symm.lo symmv.lo herm.lo hermv.lo sort.lo
ranlib .libs/libgsleigen.al
creating libgsleigen.la
(cd .libs && rm -f libgsleigen.la && ln -s ../libgsleigen.la libgsleigen.la)
make[5]: Leaving directory `/home/ualusr2011/ual1220/ual1/tools/tars/gsl-1.4/eigen'
Making all in specfunc
make[5]: Entering directory `/home/ualusr2011/ual1220/ual1/tools/tars/gsl-1.4/specfunc'
/bin/sh ../libtool --mode=compile gcc -DHAVE_CONFIG_H -I. -I. -I.. -I..    -g -O2 -c -o airy.lo `test -f 'airy.c' || echo './'`airy.c
mkdir .libs
gcc -DHAVE_CONFIG_H -I. -I. -I.. -I.. -g -O2 -c airy.c  -fPIC -DPIC -o .libs/airy.lo
gcc -DHAVE_CONFIG_H -I. -I. -I.. -I.. -g -O2 -c airy.c -o airy.o >/dev/null 2>&1
mv -f .libs/airy.lo airy.lo
/bin/sh ../libtool --mode=compile gcc -DHAVE_CONFIG_H -I. -I. -I.. -I..    -g -O2 -c -o airy_der.lo `test -f 'airy_der.c' || echo './'`airy_der.c
rm -f .libs/airy_der.lo
gcc -DHAVE_CONFIG_H -I. -I. -I.. -I.. -g -O2 -c airy_der.c  -fPIC -DPIC -o .libs/airy_der.lo
gcc -DHAVE_CONFIG_H -I. -I. -I.. -I.. -g -O2 -c airy_der.c -o airy_der.o >/dev/null 2>&1
mv -f .libs/airy_der.lo airy_der.lo
/bin/sh ../libtool --mode=compile gcc -DHAVE_CONFIG_H -I. -I. -I.. -I..    -g -O2 -c -o airy_zero.lo `test -f 'airy_zero.c' || echo './'`airy_zero.c
rm -f .libs/airy_zero.lo
gcc -DHAVE_CONFIG_H -I. -I. -I.. -I.. -g -O2 -c airy_zero.c  -fPIC -DPIC -o .libs/airy_zero.lo
gcc -DHAVE_CONFIG_H -I. -I. -I.. -I.. -g -O2 -c airy_zero.c -o airy_zero.o >/dev/null 2>&1
mv -f .libs/airy_zero.lo airy_zero.lo
/bin/sh ../libtool --mode=compile gcc -DHAVE_CONFIG_H -I. -I. -I.. -I..    -g -O2 -c -o atanint.lo `test -f 'atanint.c' || echo './'`atanint.c
rm -f .libs/atanint.lo
gcc -DHAVE_CONFIG_H -I. -I. -I.. -I.. -g -O2 -c atanint.c  -fPIC -DPIC -o .libs/atanint.lo
gcc -DHAVE_CONFIG_H -I. -I. -I.. -I.. -g -O2 -c atanint.c -o atanint.o >/dev/null 2>&1
mv -f .libs/atanint.lo atanint.lo
/bin/sh ../libtool --mode=compile gcc -DHAVE_CONFIG_H -I. -I. -I.. -I..    -g -O2 -c -o bessel.lo `test -f 'bessel.c' || echo './'`bessel.c
rm -f .libs/bessel.lo
gcc -DHAVE_CONFIG_H -I. -I. -I.. -I.. -g -O2 -c bessel.c  -fPIC -DPIC -o .libs/bessel.lo
gcc -DHAVE_CONFIG_H -I. -I. -I.. -I.. -g -O2 -c bessel.c -o bessel.o >/dev/null 2>&1
mv -f .libs/bessel.lo bessel.lo
/bin/sh ../libtool --mode=compile gcc -DHAVE_CONFIG_H -I. -I. -I.. -I..    -g -O2 -c -o bessel_I0.lo `test -f 'bessel_I0.c' || echo './'`bessel_I0.c
rm -f .libs/bessel_I0.lo
gcc -DHAVE_CONFIG_H -I. -I. -I.. -I.. -g -O2 -c bessel_I0.c  -fPIC -DPIC -o .libs/bessel_I0.lo
gcc -DHAVE_CONFIG_H -I. -I. -I.. -I.. -g -O2 -c bessel_I0.c -o bessel_I0.o >/dev/null 2>&1
mv -f .libs/bessel_I0.lo bessel_I0.lo
/bin/sh ../libtool --mode=compile gcc -DHAVE_CONFIG_H -I. -I. -I.. -I..    -g -O2 -c -o bessel_I1.lo `test -f 'bessel_I1.c' || echo './'`bessel_I1.c
rm -f .libs/bessel_I1.lo
gcc -DHAVE_CONFIG_H -I. -I. -I.. -I.. -g -O2 -c bessel_I1.c  -fPIC -DPIC -o .libs/bessel_I1.lo
gcc -DHAVE_CONFIG_H -I. -I. -I.. -I.. -g -O2 -c bessel_I1.c -o bessel_I1.o >/dev/null 2>&1
mv -f .libs/bessel_I1.lo bessel_I1.lo
/bin/sh ../libtool --mode=compile gcc -DHAVE_CONFIG_H -I. -I. -I.. -I..    -g -O2 -c -o bessel_In.lo `test -f 'bessel_In.c' || echo './'`bessel_In.c
rm -f .libs/bessel_In.lo
gcc -DHAVE_CONFIG_H -I. -I. -I.. -I.. -g -O2 -c bessel_In.c  -fPIC -DPIC -o .libs/bessel_In.lo
gcc -DHAVE_CONFIG_H -I. -I. -I.. -I.. -g -O2 -c bessel_In.c -o bessel_In.o >/dev/null 2>&1
mv -f .libs/bessel_In.lo bessel_In.lo
/bin/sh ../libtool --mode=compile gcc -DHAVE_CONFIG_H -I. -I. -I.. -I..    -g -O2 -c -o bessel_Inu.lo `test -f 'bessel_Inu.c' || echo './'`bessel_Inu.c
rm -f .libs/bessel_Inu.lo
gcc -DHAVE_CONFIG_H -I. -I. -I.. -I.. -g -O2 -c bessel_Inu.c  -fPIC -DPIC -o .libs/bessel_Inu.lo
gcc -DHAVE_CONFIG_H -I. -I. -I.. -I.. -g -O2 -c bessel_Inu.c -o bessel_Inu.o >/dev/null 2>&1
mv -f .libs/bessel_Inu.lo bessel_Inu.lo
/bin/sh ../libtool --mode=compile gcc -DHAVE_CONFIG_H -I. -I. -I.. -I..    -g -O2 -c -o bessel_J0.lo `test -f 'bessel_J0.c' || echo './'`bessel_J0.c
rm -f .libs/bessel_J0.lo
gcc -DHAVE_CONFIG_H -I. -I. -I.. -I.. -g -O2 -c bessel_J0.c  -fPIC -DPIC -o .libs/bessel_J0.lo
gcc -DHAVE_CONFIG_H -I. -I. -I.. -I.. -g -O2 -c bessel_J0.c -o bessel_J0.o >/dev/null 2>&1
mv -f .libs/bessel_J0.lo bessel_J0.lo
/bin/sh ../libtool --mode=compile gcc -DHAVE_CONFIG_H -I. -I. -I.. -I..    -g -O2 -c -o bessel_J1.lo `test -f 'bessel_J1.c' || echo './'`bessel_J1.c
rm -f .libs/bessel_J1.lo
gcc -DHAVE_CONFIG_H -I. -I. -I.. -I.. -g -O2 -c bessel_J1.c  -fPIC -DPIC -o .libs/bessel_J1.lo
gcc -DHAVE_CONFIG_H -I. -I. -I.. -I.. -g -O2 -c bessel_J1.c -o bessel_J1.o >/dev/null 2>&1
mv -f .libs/bessel_J1.lo bessel_J1.lo
/bin/sh ../libtool --mode=compile gcc -DHAVE_CONFIG_H -I. -I. -I.. -I..    -g -O2 -c -o bessel_Jn.lo `test -f 'bessel_Jn.c' || echo './'`bessel_Jn.c
rm -f .libs/bessel_Jn.lo
gcc -DHAVE_CONFIG_H -I. -I. -I.. -I.. -g -O2 -c bessel_Jn.c  -fPIC -DPIC -o .libs/bessel_Jn.lo
gcc -DHAVE_CONFIG_H -I. -I. -I.. -I.. -g -O2 -c bessel_Jn.c -o bessel_Jn.o >/dev/null 2>&1
mv -f .libs/bessel_Jn.lo bessel_Jn.lo
/bin/sh ../libtool --mode=compile gcc -DHAVE_CONFIG_H -I. -I. -I.. -I..    -g -O2 -c -o bessel_Jnu.lo `test -f 'bessel_Jnu.c' || echo './'`bessel_Jnu.c
rm -f .libs/bessel_Jnu.lo
gcc -DHAVE_CONFIG_H -I. -I. -I.. -I.. -g -O2 -c bessel_Jnu.c  -fPIC -DPIC -o .libs/bessel_Jnu.lo
gcc -DHAVE_CONFIG_H -I. -I. -I.. -I.. -g -O2 -c bessel_Jnu.c -o bessel_Jnu.o >/dev/null 2>&1
mv -f .libs/bessel_Jnu.lo bessel_Jnu.lo
/bin/sh ../libtool --mode=compile gcc -DHAVE_CONFIG_H -I. -I. -I.. -I..    -g -O2 -c -o bessel_K0.lo `test -f 'bessel_K0.c' || echo './'`bessel_K0.c
rm -f .libs/bessel_K0.lo
gcc -DHAVE_CONFIG_H -I. -I. -I.. -I.. -g -O2 -c bessel_K0.c  -fPIC -DPIC -o .libs/bessel_K0.lo
gcc -DHAVE_CONFIG_H -I. -I. -I.. -I.. -g -O2 -c bessel_K0.c -o bessel_K0.o >/dev/null 2>&1
mv -f .libs/bessel_K0.lo bessel_K0.lo
/bin/sh ../libtool --mode=compile gcc -DHAVE_CONFIG_H -I. -I. -I.. -I..    -g -O2 -c -o bessel_K1.lo `test -f 'bessel_K1.c' || echo './'`bessel_K1.c
rm -f .libs/bessel_K1.lo
gcc -DHAVE_CONFIG_H -I. -I. -I.. -I.. -g -O2 -c bessel_K1.c  -fPIC -DPIC -o .libs/bessel_K1.lo
gcc -DHAVE_CONFIG_H -I. -I. -I.. -I.. -g -O2 -c bessel_K1.c -o bessel_K1.o >/dev/null 2>&1
mv -f .libs/bessel_K1.lo bessel_K1.lo
/bin/sh ../libtool --mode=compile gcc -DHAVE_CONFIG_H -I. -I. -I.. -I..    -g -O2 -c -o bessel_Kn.lo `test -f 'bessel_Kn.c' || echo './'`bessel_Kn.c
rm -f .libs/bessel_Kn.lo
gcc -DHAVE_CONFIG_H -I. -I. -I.. -I.. -g -O2 -c bessel_Kn.c  -fPIC -DPIC -o .libs/bessel_Kn.lo
gcc -DHAVE_CONFIG_H -I. -I. -I.. -I.. -g -O2 -c bessel_Kn.c -o bessel_Kn.o >/dev/null 2>&1
mv -f .libs/bessel_Kn.lo bessel_Kn.lo
/bin/sh ../libtool --mode=compile gcc -DHAVE_CONFIG_H -I. -I. -I.. -I..    -g -O2 -c -o bessel_Knu.lo `test -f 'bessel_Knu.c' || echo './'`bessel_Knu.c
rm -f .libs/bessel_Knu.lo
gcc -DHAVE_CONFIG_H -I. -I. -I.. -I.. -g -O2 -c bessel_Knu.c  -fPIC -DPIC -o .libs/bessel_Knu.lo
gcc -DHAVE_CONFIG_H -I. -I. -I.. -I.. -g -O2 -c bessel_Knu.c -o bessel_Knu.o >/dev/null 2>&1
mv -f .libs/bessel_Knu.lo bessel_Knu.lo
/bin/sh ../libtool --mode=compile gcc -DHAVE_CONFIG_H -I. -I. -I.. -I..    -g -O2 -c -o bessel_Y0.lo `test -f 'bessel_Y0.c' || echo './'`bessel_Y0.c
rm -f .libs/bessel_Y0.lo
gcc -DHAVE_CONFIG_H -I. -I. -I.. -I.. -g -O2 -c bessel_Y0.c  -fPIC -DPIC -o .libs/bessel_Y0.lo
gcc -DHAVE_CONFIG_H -I. -I. -I.. -I.. -g -O2 -c bessel_Y0.c -o bessel_Y0.o >/dev/null 2>&1
mv -f .libs/bessel_Y0.lo bessel_Y0.lo
/bin/sh ../libtool --mode=compile gcc -DHAVE_CONFIG_H -I. -I. -I.. -I..    -g -O2 -c -o bessel_Y1.lo `test -f 'bessel_Y1.c' || echo './'`bessel_Y1.c
rm -f .libs/bessel_Y1.lo
gcc -DHAVE_CONFIG_H -I. -I. -I.. -I.. -g -O2 -c bessel_Y1.c  -fPIC -DPIC -o .libs/bessel_Y1.lo
gcc -DHAVE_CONFIG_H -I. -I. -I.. -I.. -g -O2 -c bessel_Y1.c -o bessel_Y1.o >/dev/null 2>&1
mv -f .libs/bessel_Y1.lo bessel_Y1.lo
/bin/sh ../libtool --mode=compile gcc -DHAVE_CONFIG_H -I. -I. -I.. -I..    -g -O2 -c -o bessel_Yn.lo `test -f 'bessel_Yn.c' || echo './'`bessel_Yn.c
rm -f .libs/bessel_Yn.lo
gcc -DHAVE_CONFIG_H -I. -I. -I.. -I.. -g -O2 -c bessel_Yn.c  -fPIC -DPIC -o .libs/bessel_Yn.lo
gcc -DHAVE_CONFIG_H -I. -I. -I.. -I.. -g -O2 -c bessel_Yn.c -o bessel_Yn.o >/dev/null 2>&1
mv -f .libs/bessel_Yn.lo bessel_Yn.lo
/bin/sh ../libtool --mode=compile gcc -DHAVE_CONFIG_H -I. -I. -I.. -I..    -g -O2 -c -o bessel_Ynu.lo `test -f 'bessel_Ynu.c' || echo './'`bessel_Ynu.c
rm -f .libs/bessel_Ynu.lo
gcc -DHAVE_CONFIG_H -I. -I. -I.. -I.. -g -O2 -c bessel_Ynu.c  -fPIC -DPIC -o .libs/bessel_Ynu.lo
gcc -DHAVE_CONFIG_H -I. -I. -I.. -I.. -g -O2 -c bessel_Ynu.c -o bessel_Ynu.o >/dev/null 2>&1
mv -f .libs/bessel_Ynu.lo bessel_Ynu.lo
/bin/sh ../libtool --mode=compile gcc -DHAVE_CONFIG_H -I. -I. -I.. -I..    -g -O2 -c -o bessel_amp_phase.lo `test -f 'bessel_amp_phase.c' || echo './'`bessel_amp_phase.c
rm -f .libs/bessel_amp_phase.lo
gcc -DHAVE_CONFIG_H -I. -I. -I.. -I.. -g -O2 -c bessel_amp_phase.c  -fPIC -DPIC -o .libs/bessel_amp_phase.lo
gcc -DHAVE_CONFIG_H -I. -I. -I.. -I.. -g -O2 -c bessel_amp_phase.c -o bessel_amp_phase.o >/dev/null 2>&1
mv -f .libs/bessel_amp_phase.lo bessel_amp_phase.lo
/bin/sh ../libtool --mode=compile gcc -DHAVE_CONFIG_H -I. -I. -I.. -I..    -g -O2 -c -o bessel_i.lo `test -f 'bessel_i.c' || echo './'`bessel_i.c
rm -f .libs/bessel_i.lo
gcc -DHAVE_CONFIG_H -I. -I. -I.. -I.. -g -O2 -c bessel_i.c  -fPIC -DPIC -o .libs/bessel_i.lo
gcc -DHAVE_CONFIG_H -I. -I. -I.. -I.. -g -O2 -c bessel_i.c -o bessel_i.o >/dev/null 2>&1
mv -f .libs/bessel_i.lo bessel_i.lo
/bin/sh ../libtool --mode=compile gcc -DHAVE_CONFIG_H -I. -I. -I.. -I..    -g -O2 -c -o bessel_j.lo `test -f 'bessel_j.c' || echo './'`bessel_j.c
rm -f .libs/bessel_j.lo
gcc -DHAVE_CONFIG_H -I. -I. -I.. -I.. -g -O2 -c bessel_j.c  -fPIC -DPIC -o .libs/bessel_j.lo
gcc -DHAVE_CONFIG_H -I. -I. -I.. -I.. -g -O2 -c bessel_j.c -o bessel_j.o >/dev/null 2>&1
mv -f .libs/bessel_j.lo bessel_j.lo
/bin/sh ../libtool --mode=compile gcc -DHAVE_CONFIG_H -I. -I. -I.. -I..    -g -O2 -c -o bessel_k.lo `test -f 'bessel_k.c' || echo './'`bessel_k.c
rm -f .libs/bessel_k.lo
gcc -DHAVE_CONFIG_H -I. -I. -I.. -I.. -g -O2 -c bessel_k.c  -fPIC -DPIC -o .libs/bessel_k.lo
gcc -DHAVE_CONFIG_H -I. -I. -I.. -I.. -g -O2 -c bessel_k.c -o bessel_k.o >/dev/null 2>&1
mv -f .libs/bessel_k.lo bessel_k.lo
/bin/sh ../libtool --mode=compile gcc -DHAVE_CONFIG_H -I. -I. -I.. -I..    -g -O2 -c -o bessel_olver.lo `test -f 'bessel_olver.c' || echo './'`bessel_olver.c
rm -f .libs/bessel_olver.lo
gcc -DHAVE_CONFIG_H -I. -I. -I.. -I.. -g -O2 -c bessel_olver.c  -fPIC -DPIC -o .libs/bessel_olver.lo
gcc -DHAVE_CONFIG_H -I. -I. -I.. -I.. -g -O2 -c bessel_olver.c -o bessel_olver.o >/dev/null 2>&1
mv -f .libs/bessel_olver.lo bessel_olver.lo
/bin/sh ../libtool --mode=compile gcc -DHAVE_CONFIG_H -I. -I. -I.. -I..    -g -O2 -c -o bessel_temme.lo `test -f 'bessel_temme.c' || echo './'`bessel_temme.c
rm -f .libs/bessel_temme.lo
gcc -DHAVE_CONFIG_H -I. -I. -I.. -I.. -g -O2 -c bessel_temme.c  -fPIC -DPIC -o .libs/bessel_temme.lo
gcc -DHAVE_CONFIG_H -I. -I. -I.. -I.. -g -O2 -c bessel_temme.c -o bessel_temme.o >/dev/null 2>&1
mv -f .libs/bessel_temme.lo bessel_temme.lo
/bin/sh ../libtool --mode=compile gcc -DHAVE_CONFIG_H -I. -I. -I.. -I..    -g -O2 -c -o bessel_y.lo `test -f 'bessel_y.c' || echo './'`bessel_y.c
rm -f .libs/bessel_y.lo
gcc -DHAVE_CONFIG_H -I. -I. -I.. -I.. -g -O2 -c bessel_y.c  -fPIC -DPIC -o .libs/bessel_y.lo
gcc -DHAVE_CONFIG_H -I. -I. -I.. -I.. -g -O2 -c bessel_y.c -o bessel_y.o >/dev/null 2>&1
mv -f .libs/bessel_y.lo bessel_y.lo
/bin/sh ../libtool --mode=compile gcc -DHAVE_CONFIG_H -I. -I. -I.. -I..    -g -O2 -c -o bessel_zero.lo `test -f 'bessel_zero.c' || echo './'`bessel_zero.c
rm -f .libs/bessel_zero.lo
gcc -DHAVE_CONFIG_H -I. -I. -I.. -I.. -g -O2 -c bessel_zero.c  -fPIC -DPIC -o .libs/bessel_zero.lo
gcc -DHAVE_CONFIG_H -I. -I. -I.. -I.. -g -O2 -c bessel_zero.c -o bessel_zero.o >/dev/null 2>&1
mv -f .libs/bessel_zero.lo bessel_zero.lo
/bin/sh ../libtool --mode=compile gcc -DHAVE_CONFIG_H -I. -I. -I.. -I..    -g -O2 -c -o bessel_sequence.lo `test -f 'bessel_sequence.c' || echo './'`bessel_sequence.c
rm -f .libs/bessel_sequence.lo
gcc -DHAVE_CONFIG_H -I. -I. -I.. -I.. -g -O2 -c bessel_sequence.c  -fPIC -DPIC -o .libs/bessel_sequence.lo
gcc -DHAVE_CONFIG_H -I. -I. -I.. -I.. -g -O2 -c bessel_sequence.c -o bessel_sequence.o >/dev/null 2>&1
mv -f .libs/bessel_sequence.lo bessel_sequence.lo
/bin/sh ../libtool --mode=compile gcc -DHAVE_CONFIG_H -I. -I. -I.. -I..    -g -O2 -c -o beta.lo `test -f 'beta.c' || echo './'`beta.c
rm -f .libs/beta.lo
gcc -DHAVE_CONFIG_H -I. -I. -I.. -I.. -g -O2 -c beta.c  -fPIC -DPIC -o .libs/beta.lo
gcc -DHAVE_CONFIG_H -I. -I. -I.. -I.. -g -O2 -c beta.c -o beta.o >/dev/null 2>&1
mv -f .libs/beta.lo beta.lo
/bin/sh ../libtool --mode=compile gcc -DHAVE_CONFIG_H -I. -I. -I.. -I..    -g -O2 -c -o beta_inc.lo `test -f 'beta_inc.c' || echo './'`beta_inc.c
rm -f .libs/beta_inc.lo
gcc -DHAVE_CONFIG_H -I. -I. -I.. -I.. -g -O2 -c beta_inc.c  -fPIC -DPIC -o .libs/beta_inc.lo
gcc -DHAVE_CONFIG_H -I. -I. -I.. -I.. -g -O2 -c beta_inc.c -o beta_inc.o >/dev/null 2>&1
mv -f .libs/beta_inc.lo beta_inc.lo
/bin/sh ../libtool --mode=compile gcc -DHAVE_CONFIG_H -I. -I. -I.. -I..    -g -O2 -c -o clausen.lo `test -f 'clausen.c' || echo './'`clausen.c
rm -f .libs/clausen.lo
gcc -DHAVE_CONFIG_H -I. -I. -I.. -I.. -g -O2 -c clausen.c  -fPIC -DPIC -o .libs/clausen.lo
gcc -DHAVE_CONFIG_H -I. -I. -I.. -I.. -g -O2 -c clausen.c -o clausen.o >/dev/null 2>&1
mv -f .libs/clausen.lo clausen.lo
/bin/sh ../libtool --mode=compile gcc -DHAVE_CONFIG_H -I. -I. -I.. -I..    -g -O2 -c -o coulomb.lo `test -f 'coulomb.c' || echo './'`coulomb.c
rm -f .libs/coulomb.lo
gcc -DHAVE_CONFIG_H -I. -I. -I.. -I.. -g -O2 -c coulomb.c  -fPIC -DPIC -o .libs/coulomb.lo
gcc -DHAVE_CONFIG_H -I. -I. -I.. -I.. -g -O2 -c coulomb.c -o coulomb.o >/dev/null 2>&1
mv -f .libs/coulomb.lo coulomb.lo
/bin/sh ../libtool --mode=compile gcc -DHAVE_CONFIG_H -I. -I. -I.. -I..    -g -O2 -c -o coupling.lo `test -f 'coupling.c' || echo './'`coupling.c
rm -f .libs/coupling.lo
gcc -DHAVE_CONFIG_H -I. -I. -I.. -I.. -g -O2 -c coupling.c  -fPIC -DPIC -o .libs/coupling.lo
gcc -DHAVE_CONFIG_H -I. -I. -I.. -I.. -g -O2 -c coupling.c -o coupling.o >/dev/null 2>&1
mv -f .libs/coupling.lo coupling.lo
/bin/sh ../libtool --mode=compile gcc -DHAVE_CONFIG_H -I. -I. -I.. -I..    -g -O2 -c -o coulomb_bound.lo `test -f 'coulomb_bound.c' || echo './'`coulomb_bound.c
rm -f .libs/coulomb_bound.lo
gcc -DHAVE_CONFIG_H -I. -I. -I.. -I.. -g -O2 -c coulomb_bound.c  -fPIC -DPIC -o .libs/coulomb_bound.lo
gcc -DHAVE_CONFIG_H -I. -I. -I.. -I.. -g -O2 -c coulomb_bound.c -o coulomb_bound.o >/dev/null 2>&1
mv -f .libs/coulomb_bound.lo coulomb_bound.lo
/bin/sh ../libtool --mode=compile gcc -DHAVE_CONFIG_H -I. -I. -I.. -I..    -g -O2 -c -o dawson.lo `test -f 'dawson.c' || echo './'`dawson.c
rm -f .libs/dawson.lo
gcc -DHAVE_CONFIG_H -I. -I. -I.. -I.. -g -O2 -c dawson.c  -fPIC -DPIC -o .libs/dawson.lo
gcc -DHAVE_CONFIG_H -I. -I. -I.. -I.. -g -O2 -c dawson.c -o dawson.o >/dev/null 2>&1
mv -f .libs/dawson.lo dawson.lo
/bin/sh ../libtool --mode=compile gcc -DHAVE_CONFIG_H -I. -I. -I.. -I..    -g -O2 -c -o debye.lo `test -f 'debye.c' || echo './'`debye.c
rm -f .libs/debye.lo
gcc -DHAVE_CONFIG_H -I. -I. -I.. -I.. -g -O2 -c debye.c  -fPIC -DPIC -o .libs/debye.lo
gcc -DHAVE_CONFIG_H -I. -I. -I.. -I.. -g -O2 -c debye.c -o debye.o >/dev/null 2>&1
mv -f .libs/debye.lo debye.lo
/bin/sh ../libtool --mode=compile gcc -DHAVE_CONFIG_H -I. -I. -I.. -I..    -g -O2 -c -o dilog.lo `test -f 'dilog.c' || echo './'`dilog.c
rm -f .libs/dilog.lo
gcc -DHAVE_CONFIG_H -I. -I. -I.. -I.. -g -O2 -c dilog.c  -fPIC -DPIC -o .libs/dilog.lo
gcc -DHAVE_CONFIG_H -I. -I. -I.. -I.. -g -O2 -c dilog.c -o dilog.o >/dev/null 2>&1
mv -f .libs/dilog.lo dilog.lo
/bin/sh ../libtool --mode=compile gcc -DHAVE_CONFIG_H -I. -I. -I.. -I..    -g -O2 -c -o elementary.lo `test -f 'elementary.c' || echo './'`elementary.c
rm -f .libs/elementary.lo
gcc -DHAVE_CONFIG_H -I. -I. -I.. -I.. -g -O2 -c elementary.c  -fPIC -DPIC -o .libs/elementary.lo
gcc -DHAVE_CONFIG_H -I. -I. -I.. -I.. -g -O2 -c elementary.c -o elementary.o >/dev/null 2>&1
mv -f .libs/elementary.lo elementary.lo
/bin/sh ../libtool --mode=compile gcc -DHAVE_CONFIG_H -I. -I. -I.. -I..    -g -O2 -c -o ellint.lo `test -f 'ellint.c' || echo './'`ellint.c
rm -f .libs/ellint.lo
gcc -DHAVE_CONFIG_H -I. -I. -I.. -I.. -g -O2 -c ellint.c  -fPIC -DPIC -o .libs/ellint.lo
gcc -DHAVE_CONFIG_H -I. -I. -I.. -I.. -g -O2 -c ellint.c -o ellint.o >/dev/null 2>&1
mv -f .libs/ellint.lo ellint.lo
/bin/sh ../libtool --mode=compile gcc -DHAVE_CONFIG_H -I. -I. -I.. -I..    -g -O2 -c -o elljac.lo `test -f 'elljac.c' || echo './'`elljac.c
rm -f .libs/elljac.lo
gcc -DHAVE_CONFIG_H -I. -I. -I.. -I.. -g -O2 -c elljac.c  -fPIC -DPIC -o .libs/elljac.lo
gcc -DHAVE_CONFIG_H -I. -I. -I.. -I.. -g -O2 -c elljac.c -o elljac.o >/dev/null 2>&1
mv -f .libs/elljac.lo elljac.lo
/bin/sh ../libtool --mode=compile gcc -DHAVE_CONFIG_H -I. -I. -I.. -I..    -g -O2 -c -o erfc.lo `test -f 'erfc.c' || echo './'`erfc.c
rm -f .libs/erfc.lo
gcc -DHAVE_CONFIG_H -I. -I. -I.. -I.. -g -O2 -c erfc.c  -fPIC -DPIC -o .libs/erfc.lo
gcc -DHAVE_CONFIG_H -I. -I. -I.. -I.. -g -O2 -c erfc.c -o erfc.o >/dev/null 2>&1
mv -f .libs/erfc.lo erfc.lo
/bin/sh ../libtool --mode=compile gcc -DHAVE_CONFIG_H -I. -I. -I.. -I..    -g -O2 -c -o exp.lo `test -f 'exp.c' || echo './'`exp.c
rm -f .libs/exp.lo
gcc -DHAVE_CONFIG_H -I. -I. -I.. -I.. -g -O2 -c exp.c  -fPIC -DPIC -o .libs/exp.lo
gcc -DHAVE_CONFIG_H -I. -I. -I.. -I.. -g -O2 -c exp.c -o exp.o >/dev/null 2>&1
mv -f .libs/exp.lo exp.lo
/bin/sh ../libtool --mode=compile gcc -DHAVE_CONFIG_H -I. -I. -I.. -I..    -g -O2 -c -o expint.lo `test -f 'expint.c' || echo './'`expint.c
rm -f .libs/expint.lo
gcc -DHAVE_CONFIG_H -I. -I. -I.. -I.. -g -O2 -c expint.c  -fPIC -DPIC -o .libs/expint.lo
gcc -DHAVE_CONFIG_H -I. -I. -I.. -I.. -g -O2 -c expint.c -o expint.o >/dev/null 2>&1
mv -f .libs/expint.lo expint.lo
/bin/sh ../libtool --mode=compile gcc -DHAVE_CONFIG_H -I. -I. -I.. -I..    -g -O2 -c -o expint3.lo `test -f 'expint3.c' || echo './'`expint3.c
rm -f .libs/expint3.lo
gcc -DHAVE_CONFIG_H -I. -I. -I.. -I.. -g -O2 -c expint3.c  -fPIC -DPIC -o .libs/expint3.lo
gcc -DHAVE_CONFIG_H -I. -I. -I.. -I.. -g -O2 -c expint3.c -o expint3.o >/dev/null 2>&1
mv -f .libs/expint3.lo expint3.lo
/bin/sh ../libtool --mode=compile gcc -DHAVE_CONFIG_H -I. -I. -I.. -I..    -g -O2 -c -o fermi_dirac.lo `test -f 'fermi_dirac.c' || echo './'`fermi_dirac.c
rm -f .libs/fermi_dirac.lo
gcc -DHAVE_CONFIG_H -I. -I. -I.. -I.. -g -O2 -c fermi_dirac.c  -fPIC -DPIC -o .libs/fermi_dirac.lo
gcc -DHAVE_CONFIG_H -I. -I. -I.. -I.. -g -O2 -c fermi_dirac.c -o fermi_dirac.o >/dev/null 2>&1
mv -f .libs/fermi_dirac.lo fermi_dirac.lo
/bin/sh ../libtool --mode=compile gcc -DHAVE_CONFIG_H -I. -I. -I.. -I..    -g -O2 -c -o gegenbauer.lo `test -f 'gegenbauer.c' || echo './'`gegenbauer.c
rm -f .libs/gegenbauer.lo
gcc -DHAVE_CONFIG_H -I. -I. -I.. -I.. -g -O2 -c gegenbauer.c  -fPIC -DPIC -o .libs/gegenbauer.lo
gcc -DHAVE_CONFIG_H -I. -I. -I.. -I.. -g -O2 -c gegenbauer.c -o gegenbauer.o >/dev/null 2>&1
mv -f .libs/gegenbauer.lo gegenbauer.lo
/bin/sh ../libtool --mode=compile gcc -DHAVE_CONFIG_H -I. -I. -I.. -I..    -g -O2 -c -o gamma.lo `test -f 'gamma.c' || echo './'`gamma.c
rm -f .libs/gamma.lo
gcc -DHAVE_CONFIG_H -I. -I. -I.. -I.. -g -O2 -c gamma.c  -fPIC -DPIC -o .libs/gamma.lo
gcc -DHAVE_CONFIG_H -I. -I. -I.. -I.. -g -O2 -c gamma.c -o gamma.o >/dev/null 2>&1
mv -f .libs/gamma.lo gamma.lo
/bin/sh ../libtool --mode=compile gcc -DHAVE_CONFIG_H -I. -I. -I.. -I..    -g -O2 -c -o gamma_inc.lo `test -f 'gamma_inc.c' || echo './'`gamma_inc.c
rm -f .libs/gamma_inc.lo
gcc -DHAVE_CONFIG_H -I. -I. -I.. -I.. -g -O2 -c gamma_inc.c  -fPIC -DPIC -o .libs/gamma_inc.lo
gcc -DHAVE_CONFIG_H -I. -I. -I.. -I.. -g -O2 -c gamma_inc.c -o gamma_inc.o >/dev/null 2>&1
mv -f .libs/gamma_inc.lo gamma_inc.lo
/bin/sh ../libtool --mode=compile gcc -DHAVE_CONFIG_H -I. -I. -I.. -I..    -g -O2 -c -o hyperg_0F1.lo `test -f 'hyperg_0F1.c' || echo './'`hyperg_0F1.c
rm -f .libs/hyperg_0F1.lo
gcc -DHAVE_CONFIG_H -I. -I. -I.. -I.. -g -O2 -c hyperg_0F1.c  -fPIC -DPIC -o .libs/hyperg_0F1.lo
gcc -DHAVE_CONFIG_H -I. -I. -I.. -I.. -g -O2 -c hyperg_0F1.c -o hyperg_0F1.o >/dev/null 2>&1
mv -f .libs/hyperg_0F1.lo hyperg_0F1.lo
/bin/sh ../libtool --mode=compile gcc -DHAVE_CONFIG_H -I. -I. -I.. -I..    -g -O2 -c -o hyperg_2F0.lo `test -f 'hyperg_2F0.c' || echo './'`hyperg_2F0.c
rm -f .libs/hyperg_2F0.lo
gcc -DHAVE_CONFIG_H -I. -I. -I.. -I.. -g -O2 -c hyperg_2F0.c  -fPIC -DPIC -o .libs/hyperg_2F0.lo
gcc -DHAVE_CONFIG_H -I. -I. -I.. -I.. -g -O2 -c hyperg_2F0.c -o hyperg_2F0.o >/dev/null 2>&1
mv -f .libs/hyperg_2F0.lo hyperg_2F0.lo
/bin/sh ../libtool --mode=compile gcc -DHAVE_CONFIG_H -I. -I. -I.. -I..    -g -O2 -c -o hyperg_1F1.lo `test -f 'hyperg_1F1.c' || echo './'`hyperg_1F1.c
rm -f .libs/hyperg_1F1.lo
gcc -DHAVE_CONFIG_H -I. -I. -I.. -I.. -g -O2 -c hyperg_1F1.c  -fPIC -DPIC -o .libs/hyperg_1F1.lo
gcc -DHAVE_CONFIG_H -I. -I. -I.. -I.. -g -O2 -c hyperg_1F1.c -o hyperg_1F1.o >/dev/null 2>&1
mv -f .libs/hyperg_1F1.lo hyperg_1F1.lo
/bin/sh ../libtool --mode=compile gcc -DHAVE_CONFIG_H -I. -I. -I.. -I..    -g -O2 -c -o hyperg_2F1.lo `test -f 'hyperg_2F1.c' || echo './'`hyperg_2F1.c
rm -f .libs/hyperg_2F1.lo
gcc -DHAVE_CONFIG_H -I. -I. -I.. -I.. -g -O2 -c hyperg_2F1.c  -fPIC -DPIC -o .libs/hyperg_2F1.lo
gcc -DHAVE_CONFIG_H -I. -I. -I.. -I.. -g -O2 -c hyperg_2F1.c -o hyperg_2F1.o >/dev/null 2>&1
mv -f .libs/hyperg_2F1.lo hyperg_2F1.lo
/bin/sh ../libtool --mode=compile gcc -DHAVE_CONFIG_H -I. -I. -I.. -I..    -g -O2 -c -o hyperg_U.lo `test -f 'hyperg_U.c' || echo './'`hyperg_U.c
rm -f .libs/hyperg_U.lo
gcc -DHAVE_CONFIG_H -I. -I. -I.. -I.. -g -O2 -c hyperg_U.c  -fPIC -DPIC -o .libs/hyperg_U.lo
gcc -DHAVE_CONFIG_H -I. -I. -I.. -I.. -g -O2 -c hyperg_U.c -o hyperg_U.o >/dev/null 2>&1
mv -f .libs/hyperg_U.lo hyperg_U.lo
/bin/sh ../libtool --mode=compile gcc -DHAVE_CONFIG_H -I. -I. -I.. -I..    -g -O2 -c -o hyperg.lo `test -f 'hyperg.c' || echo './'`hyperg.c
rm -f .libs/hyperg.lo
gcc -DHAVE_CONFIG_H -I. -I. -I.. -I.. -g -O2 -c hyperg.c  -fPIC -DPIC -o .libs/hyperg.lo
gcc -DHAVE_CONFIG_H -I. -I. -I.. -I.. -g -O2 -c hyperg.c -o hyperg.o >/dev/null 2>&1
mv -f .libs/hyperg.lo hyperg.lo
/bin/sh ../libtool --mode=compile gcc -DHAVE_CONFIG_H -I. -I. -I.. -I..    -g -O2 -c -o laguerre.lo `test -f 'laguerre.c' || echo './'`laguerre.c
rm -f .libs/laguerre.lo
gcc -DHAVE_CONFIG_H -I. -I. -I.. -I.. -g -O2 -c laguerre.c  -fPIC -DPIC -o .libs/laguerre.lo
gcc -DHAVE_CONFIG_H -I. -I. -I.. -I.. -g -O2 -c laguerre.c -o laguerre.o >/dev/null 2>&1
mv -f .libs/laguerre.lo laguerre.lo
/bin/sh ../libtool --mode=compile gcc -DHAVE_CONFIG_H -I. -I. -I.. -I..    -g -O2 -c -o lambert.lo `test -f 'lambert.c' || echo './'`lambert.c
rm -f .libs/lambert.lo
gcc -DHAVE_CONFIG_H -I. -I. -I.. -I.. -g -O2 -c lambert.c  -fPIC -DPIC -o .libs/lambert.lo
gcc -DHAVE_CONFIG_H -I. -I. -I.. -I.. -g -O2 -c lambert.c -o lambert.o >/dev/null 2>&1
mv -f .libs/lambert.lo lambert.lo
/bin/sh ../libtool --mode=compile gcc -DHAVE_CONFIG_H -I. -I. -I.. -I..    -g -O2 -c -o legendre_H3d.lo `test -f 'legendre_H3d.c' || echo './'`legendre_H3d.c
rm -f .libs/legendre_H3d.lo
gcc -DHAVE_CONFIG_H -I. -I. -I.. -I.. -g -O2 -c legendre_H3d.c  -fPIC -DPIC -o .libs/legendre_H3d.lo
gcc -DHAVE_CONFIG_H -I. -I. -I.. -I.. -g -O2 -c legendre_H3d.c -o legendre_H3d.o >/dev/null 2>&1
mv -f .libs/legendre_H3d.lo legendre_H3d.lo
/bin/sh ../libtool --mode=compile gcc -DHAVE_CONFIG_H -I. -I. -I.. -I..    -g -O2 -c -o legendre_Qn.lo `test -f 'legendre_Qn.c' || echo './'`legendre_Qn.c
rm -f .libs/legendre_Qn.lo
gcc -DHAVE_CONFIG_H -I. -I. -I.. -I.. -g -O2 -c legendre_Qn.c  -fPIC -DPIC -o .libs/legendre_Qn.lo
gcc -DHAVE_CONFIG_H -I. -I. -I.. -I.. -g -O2 -c legendre_Qn.c -o legendre_Qn.o >/dev/null 2>&1
mv -f .libs/legendre_Qn.lo legendre_Qn.lo
/bin/sh ../libtool --mode=compile gcc -DHAVE_CONFIG_H -I. -I. -I.. -I..    -g -O2 -c -o legendre_con.lo `test -f 'legendre_con.c' || echo './'`legendre_con.c
rm -f .libs/legendre_con.lo
gcc -DHAVE_CONFIG_H -I. -I. -I.. -I.. -g -O2 -c legendre_con.c  -fPIC -DPIC -o .libs/legendre_con.lo
gcc -DHAVE_CONFIG_H -I. -I. -I.. -I.. -g -O2 -c legendre_con.c -o legendre_con.o >/dev/null 2>&1
mv -f .libs/legendre_con.lo legendre_con.lo
/bin/sh ../libtool --mode=compile gcc -DHAVE_CONFIG_H -I. -I. -I.. -I..    -g -O2 -c -o legendre_poly.lo `test -f 'legendre_poly.c' || echo './'`legendre_poly.c
rm -f .libs/legendre_poly.lo
gcc -DHAVE_CONFIG_H -I. -I. -I.. -I.. -g -O2 -c legendre_poly.c  -fPIC -DPIC -o .libs/legendre_poly.lo
gcc -DHAVE_CONFIG_H -I. -I. -I.. -I.. -g -O2 -c legendre_poly.c -o legendre_poly.o >/dev/null 2>&1
mv -f .libs/legendre_poly.lo legendre_poly.lo
/bin/sh ../libtool --mode=compile gcc -DHAVE_CONFIG_H -I. -I. -I.. -I..    -g -O2 -c -o log.lo `test -f 'log.c' || echo './'`log.c
rm -f .libs/log.lo
gcc -DHAVE_CONFIG_H -I. -I. -I.. -I.. -g -O2 -c log.c  -fPIC -DPIC -o .libs/log.lo
gcc -DHAVE_CONFIG_H -I. -I. -I.. -I.. -g -O2 -c log.c -o log.o >/dev/null 2>&1
mv -f .libs/log.lo log.lo
/bin/sh ../libtool --mode=compile gcc -DHAVE_CONFIG_H -I. -I. -I.. -I..    -g -O2 -c -o poch.lo `test -f 'poch.c' || echo './'`poch.c
rm -f .libs/poch.lo
gcc -DHAVE_CONFIG_H -I. -I. -I.. -I.. -g -O2 -c poch.c  -fPIC -DPIC -o .libs/poch.lo
gcc -DHAVE_CONFIG_H -I. -I. -I.. -I.. -g -O2 -c poch.c -o poch.o >/dev/null 2>&1
mv -f .libs/poch.lo poch.lo
/bin/sh ../libtool --mode=compile gcc -DHAVE_CONFIG_H -I. -I. -I.. -I..    -g -O2 -c -o pow_int.lo `test -f 'pow_int.c' || echo './'`pow_int.c
rm -f .libs/pow_int.lo
gcc -DHAVE_CONFIG_H -I. -I. -I.. -I.. -g -O2 -c pow_int.c  -fPIC -DPIC -o .libs/pow_int.lo
gcc -DHAVE_CONFIG_H -I. -I. -I.. -I.. -g -O2 -c pow_int.c -o pow_int.o >/dev/null 2>&1
mv -f .libs/pow_int.lo pow_int.lo
/bin/sh ../libtool --mode=compile gcc -DHAVE_CONFIG_H -I. -I. -I.. -I..    -g -O2 -c -o psi.lo `test -f 'psi.c' || echo './'`psi.c
rm -f .libs/psi.lo
gcc -DHAVE_CONFIG_H -I. -I. -I.. -I.. -g -O2 -c psi.c  -fPIC -DPIC -o .libs/psi.lo
gcc -DHAVE_CONFIG_H -I. -I. -I.. -I.. -g -O2 -c psi.c -o psi.o >/dev/null 2>&1
mv -f .libs/psi.lo psi.lo
/bin/sh ../libtool --mode=compile gcc -DHAVE_CONFIG_H -I. -I. -I.. -I..    -g -O2 -c -o result.lo `test -f 'result.c' || echo './'`result.c
rm -f .libs/result.lo
gcc -DHAVE_CONFIG_H -I. -I. -I.. -I.. -g -O2 -c result.c  -fPIC -DPIC -o .libs/result.lo
gcc -DHAVE_CONFIG_H -I. -I. -I.. -I.. -g -O2 -c result.c -o result.o >/dev/null 2>&1
mv -f .libs/result.lo result.lo
/bin/sh ../libtool --mode=compile gcc -DHAVE_CONFIG_H -I. -I. -I.. -I..    -g -O2 -c -o shint.lo `test -f 'shint.c' || echo './'`shint.c
rm -f .libs/shint.lo
gcc -DHAVE_CONFIG_H -I. -I. -I.. -I.. -g -O2 -c shint.c  -fPIC -DPIC -o .libs/shint.lo
gcc -DHAVE_CONFIG_H -I. -I. -I.. -I.. -g -O2 -c shint.c -o shint.o >/dev/null 2>&1
mv -f .libs/shint.lo shint.lo
/bin/sh ../libtool --mode=compile gcc -DHAVE_CONFIG_H -I. -I. -I.. -I..    -g -O2 -c -o sinint.lo `test -f 'sinint.c' || echo './'`sinint.c
rm -f .libs/sinint.lo
gcc -DHAVE_CONFIG_H -I. -I. -I.. -I.. -g -O2 -c sinint.c  -fPIC -DPIC -o .libs/sinint.lo
gcc -DHAVE_CONFIG_H -I. -I. -I.. -I.. -g -O2 -c sinint.c -o sinint.o >/dev/null 2>&1
mv -f .libs/sinint.lo sinint.lo
/bin/sh ../libtool --mode=compile gcc -DHAVE_CONFIG_H -I. -I. -I.. -I..    -g -O2 -c -o synchrotron.lo `test -f 'synchrotron.c' || echo './'`synchrotron.c
rm -f .libs/synchrotron.lo
gcc -DHAVE_CONFIG_H -I. -I. -I.. -I.. -g -O2 -c synchrotron.c  -fPIC -DPIC -o .libs/synchrotron.lo
gcc -DHAVE_CONFIG_H -I. -I. -I.. -I.. -g -O2 -c synchrotron.c -o synchrotron.o >/dev/null 2>&1
mv -f .libs/synchrotron.lo synchrotron.lo
/bin/sh ../libtool --mode=compile gcc -DHAVE_CONFIG_H -I. -I. -I.. -I..    -g -O2 -c -o transport.lo `test -f 'transport.c' || echo './'`transport.c
rm -f .libs/transport.lo
gcc -DHAVE_CONFIG_H -I. -I. -I.. -I.. -g -O2 -c transport.c  -fPIC -DPIC -o .libs/transport.lo
gcc -DHAVE_CONFIG_H -I. -I. -I.. -I.. -g -O2 -c transport.c -o transport.o >/dev/null 2>&1
mv -f .libs/transport.lo transport.lo
/bin/sh ../libtool --mode=compile gcc -DHAVE_CONFIG_H -I. -I. -I.. -I..    -g -O2 -c -o trig.lo `test -f 'trig.c' || echo './'`trig.c
rm -f .libs/trig.lo
gcc -DHAVE_CONFIG_H -I. -I. -I.. -I.. -g -O2 -c trig.c  -fPIC -DPIC -o .libs/trig.lo
gcc -DHAVE_CONFIG_H -I. -I. -I.. -I.. -g -O2 -c trig.c -o trig.o >/dev/null 2>&1
mv -f .libs/trig.lo trig.lo
/bin/sh ../libtool --mode=compile gcc -DHAVE_CONFIG_H -I. -I. -I.. -I..    -g -O2 -c -o zeta.lo `test -f 'zeta.c' || echo './'`zeta.c
rm -f .libs/zeta.lo
gcc -DHAVE_CONFIG_H -I. -I. -I.. -I.. -g -O2 -c zeta.c  -fPIC -DPIC -o .libs/zeta.lo
gcc -DHAVE_CONFIG_H -I. -I. -I.. -I.. -g -O2 -c zeta.c -o zeta.o >/dev/null 2>&1
mv -f .libs/zeta.lo zeta.lo
/bin/sh ../libtool --mode=link gcc  -g -O2   -o libgslspecfunc.la   airy.lo airy_der.lo airy_zero.lo atanint.lo bessel.lo bessel_I0.lo bessel_I1.lo bessel_In.lo bessel_Inu.lo bessel_J0.lo bessel_J1.lo bessel_Jn.lo bessel_Jnu.lo bessel_K0.lo bessel_K1.lo bessel_Kn.lo bessel_Knu.lo bessel_Y0.lo bessel_Y1.lo bessel_Yn.lo bessel_Ynu.lo bessel_amp_phase.lo bessel_i.lo bessel_j.lo bessel_k.lo bessel_olver.lo bessel_temme.lo bessel_y.lo bessel_zero.lo bessel_sequence.lo beta.lo beta_inc.lo clausen.lo coulomb.lo coupling.lo coulomb_bound.lo dawson.lo debye.lo dilog.lo elementary.lo ellint.lo elljac.lo erfc.lo exp.lo expint.lo expint3.lo fermi_dirac.lo gegenbauer.lo gamma.lo gamma_inc.lo hyperg_0F1.lo hyperg_2F0.lo hyperg_1F1.lo hyperg_2F1.lo hyperg_U.lo hyperg.lo laguerre.lo lambert.lo legendre_H3d.lo legendre_Qn.lo legendre_con.lo legendre_poly.lo log.lo poch.lo pow_int.lo psi.lo result.lo shint.lo sinint.lo synchrotron.lo transport.lo trig.lo zeta.lo  -lm 
rm -fr .libs/libgslspecfunc.la .libs/libgslspecfunc.* .libs/libgslspecfunc.*
ar cru .libs/libgslspecfunc.al airy.lo airy_der.lo airy_zero.lo atanint.lo bessel.lo bessel_I0.lo bessel_I1.lo bessel_In.lo bessel_Inu.lo bessel_J0.lo bessel_J1.lo bessel_Jn.lo bessel_Jnu.lo bessel_K0.lo bessel_K1.lo bessel_Kn.lo bessel_Knu.lo bessel_Y0.lo bessel_Y1.lo bessel_Yn.lo bessel_Ynu.lo bessel_amp_phase.lo bessel_i.lo bessel_j.lo bessel_k.lo bessel_olver.lo bessel_temme.lo bessel_y.lo bessel_zero.lo bessel_sequence.lo beta.lo beta_inc.lo clausen.lo coulomb.lo coupling.lo coulomb_bound.lo dawson.lo debye.lo dilog.lo elementary.lo ellint.lo elljac.lo erfc.lo exp.lo expint.lo expint3.lo fermi_dirac.lo gegenbauer.lo gamma.lo gamma_inc.lo hyperg_0F1.lo hyperg_2F0.lo hyperg_1F1.lo hyperg_2F1.lo hyperg_U.lo hyperg.lo laguerre.lo lambert.lo legendre_H3d.lo legendre_Qn.lo legendre_con.lo legendre_poly.lo log.lo poch.lo pow_int.lo psi.lo result.lo shint.lo sinint.lo synchrotron.lo transport.lo trig.lo zeta.lo
ranlib .libs/libgslspecfunc.al
creating libgslspecfunc.la
(cd .libs && rm -f libgslspecfunc.la && ln -s ../libgslspecfunc.la libgslspecfunc.la)
make[5]: Leaving directory `/home/ualusr2011/ual1220/ual1/tools/tars/gsl-1.4/specfunc'
Making all in dht
make[5]: Entering directory `/home/ualusr2011/ual1220/ual1/tools/tars/gsl-1.4/dht'
/bin/sh ../libtool --mode=compile gcc -DHAVE_CONFIG_H -I. -I. -I.. -I..    -g -O2 -c -o dht.lo `test -f 'dht.c' || echo './'`dht.c
mkdir .libs
gcc -DHAVE_CONFIG_H -I. -I. -I.. -I.. -g -O2 -c dht.c  -fPIC -DPIC -o .libs/dht.lo
gcc -DHAVE_CONFIG_H -I. -I. -I.. -I.. -g -O2 -c dht.c -o dht.o >/dev/null 2>&1
mv -f .libs/dht.lo dht.lo
/bin/sh ../libtool --mode=link gcc  -g -O2   -o libgsldht.la   dht.lo  -lm 
rm -fr .libs/libgsldht.la .libs/libgsldht.* .libs/libgsldht.*
ar cru .libs/libgsldht.al dht.lo
ranlib .libs/libgsldht.al
creating libgsldht.la
(cd .libs && rm -f libgsldht.la && ln -s ../libgsldht.la libgsldht.la)
make[5]: Leaving directory `/home/ualusr2011/ual1220/ual1/tools/tars/gsl-1.4/dht'
Making all in qrng
make[5]: Entering directory `/home/ualusr2011/ual1220/ual1/tools/tars/gsl-1.4/qrng'
/bin/sh ../libtool --mode=compile gcc -DHAVE_CONFIG_H -I. -I. -I.. -I..    -g -O2 -c -o qrng.lo `test -f 'qrng.c' || echo './'`qrng.c
mkdir .libs
gcc -DHAVE_CONFIG_H -I. -I. -I.. -I.. -g -O2 -c qrng.c  -fPIC -DPIC -o .libs/qrng.lo
gcc -DHAVE_CONFIG_H -I. -I. -I.. -I.. -g -O2 -c qrng.c -o qrng.o >/dev/null 2>&1
mv -f .libs/qrng.lo qrng.lo
/bin/sh ../libtool --mode=compile gcc -DHAVE_CONFIG_H -I. -I. -I.. -I..    -g -O2 -c -o niederreiter-2.lo `test -f 'niederreiter-2.c' || echo './'`niederreiter-2.c
rm -f .libs/niederreiter-2.lo
gcc -DHAVE_CONFIG_H -I. -I. -I.. -I.. -g -O2 -c niederreiter-2.c  -fPIC -DPIC -o .libs/niederreiter-2.lo
gcc -DHAVE_CONFIG_H -I. -I. -I.. -I.. -g -O2 -c niederreiter-2.c -o niederreiter-2.o >/dev/null 2>&1
mv -f .libs/niederreiter-2.lo niederreiter-2.lo
/bin/sh ../libtool --mode=compile gcc -DHAVE_CONFIG_H -I. -I. -I.. -I..    -g -O2 -c -o sobol.lo `test -f 'sobol.c' || echo './'`sobol.c
rm -f .libs/sobol.lo
gcc -DHAVE_CONFIG_H -I. -I. -I.. -I.. -g -O2 -c sobol.c  -fPIC -DPIC -o .libs/sobol.lo
gcc -DHAVE_CONFIG_H -I. -I. -I.. -I.. -g -O2 -c sobol.c -o sobol.o >/dev/null 2>&1
mv -f .libs/sobol.lo sobol.lo
/bin/sh ../libtool --mode=link gcc  -g -O2   -o libgslqrng.la   qrng.lo niederreiter-2.lo sobol.lo  -lm 
rm -fr .libs/libgslqrng.la .libs/libgslqrng.* .libs/libgslqrng.*
ar cru .libs/libgslqrng.al qrng.lo niederreiter-2.lo sobol.lo
ranlib .libs/libgslqrng.al
creating libgslqrng.la
(cd .libs && rm -f libgslqrng.la && ln -s ../libgslqrng.la libgslqrng.la)
make[5]: Leaving directory `/home/ualusr2011/ual1220/ual1/tools/tars/gsl-1.4/qrng'
Making all in rng
make[5]: Entering directory `/home/ualusr2011/ual1220/ual1/tools/tars/gsl-1.4/rng'
/bin/sh ../libtool --mode=compile gcc -DHAVE_CONFIG_H -I. -I. -I.. -I..    -g -O2 -c -o borosh13.lo `test -f 'borosh13.c' || echo './'`borosh13.c
mkdir .libs
gcc -DHAVE_CONFIG_H -I. -I. -I.. -I.. -g -O2 -c borosh13.c  -fPIC -DPIC -o .libs/borosh13.lo
gcc -DHAVE_CONFIG_H -I. -I. -I.. -I.. -g -O2 -c borosh13.c -o borosh13.o >/dev/null 2>&1
mv -f .libs/borosh13.lo borosh13.lo
/bin/sh ../libtool --mode=compile gcc -DHAVE_CONFIG_H -I. -I. -I.. -I..    -g -O2 -c -o cmrg.lo `test -f 'cmrg.c' || echo './'`cmrg.c
rm -f .libs/cmrg.lo
gcc -DHAVE_CONFIG_H -I. -I. -I.. -I.. -g -O2 -c cmrg.c  -fPIC -DPIC -o .libs/cmrg.lo
gcc -DHAVE_CONFIG_H -I. -I. -I.. -I.. -g -O2 -c cmrg.c -o cmrg.o >/dev/null 2>&1
mv -f .libs/cmrg.lo cmrg.lo
/bin/sh ../libtool --mode=compile gcc -DHAVE_CONFIG_H -I. -I. -I.. -I..    -g -O2 -c -o coveyou.lo `test -f 'coveyou.c' || echo './'`coveyou.c
rm -f .libs/coveyou.lo
gcc -DHAVE_CONFIG_H -I. -I. -I.. -I.. -g -O2 -c coveyou.c  -fPIC -DPIC -o .libs/coveyou.lo
gcc -DHAVE_CONFIG_H -I. -I. -I.. -I.. -g -O2 -c coveyou.c -o coveyou.o >/dev/null 2>&1
mv -f .libs/coveyou.lo coveyou.lo
/bin/sh ../libtool --mode=compile gcc -DHAVE_CONFIG_H -I. -I. -I.. -I..    -g -O2 -c -o default.lo `test -f 'default.c' || echo './'`default.c
rm -f .libs/default.lo
gcc -DHAVE_CONFIG_H -I. -I. -I.. -I.. -g -O2 -c default.c  -fPIC -DPIC -o .libs/default.lo
gcc -DHAVE_CONFIG_H -I. -I. -I.. -I.. -g -O2 -c default.c -o default.o >/dev/null 2>&1
mv -f .libs/default.lo default.lo
/bin/sh ../libtool --mode=compile gcc -DHAVE_CONFIG_H -I. -I. -I.. -I..    -g -O2 -c -o file.lo `test -f 'file.c' || echo './'`file.c
rm -f .libs/file.lo
gcc -DHAVE_CONFIG_H -I. -I. -I.. -I.. -g -O2 -c file.c  -fPIC -DPIC -o .libs/file.lo
gcc -DHAVE_CONFIG_H -I. -I. -I.. -I.. -g -O2 -c file.c -o file.o >/dev/null 2>&1
mv -f .libs/file.lo file.lo
/bin/sh ../libtool --mode=compile gcc -DHAVE_CONFIG_H -I. -I. -I.. -I..    -g -O2 -c -o fishman18.lo `test -f 'fishman18.c' || echo './'`fishman18.c
rm -f .libs/fishman18.lo
gcc -DHAVE_CONFIG_H -I. -I. -I.. -I.. -g -O2 -c fishman18.c  -fPIC -DPIC -o .libs/fishman18.lo
gcc -DHAVE_CONFIG_H -I. -I. -I.. -I.. -g -O2 -c fishman18.c -o fishman18.o >/dev/null 2>&1
mv -f .libs/fishman18.lo fishman18.lo
/bin/sh ../libtool --mode=compile gcc -DHAVE_CONFIG_H -I. -I. -I.. -I..    -g -O2 -c -o fishman20.lo `test -f 'fishman20.c' || echo './'`fishman20.c
rm -f .libs/fishman20.lo
gcc -DHAVE_CONFIG_H -I. -I. -I.. -I.. -g -O2 -c fishman20.c  -fPIC -DPIC -o .libs/fishman20.lo
gcc -DHAVE_CONFIG_H -I. -I. -I.. -I.. -g -O2 -c fishman20.c -o fishman20.o >/dev/null 2>&1
mv -f .libs/fishman20.lo fishman20.lo
/bin/sh ../libtool --mode=compile gcc -DHAVE_CONFIG_H -I. -I. -I.. -I..    -g -O2 -c -o fishman2x.lo `test -f 'fishman2x.c' || echo './'`fishman2x.c
rm -f .libs/fishman2x.lo
gcc -DHAVE_CONFIG_H -I. -I. -I.. -I.. -g -O2 -c fishman2x.c  -fPIC -DPIC -o .libs/fishman2x.lo
gcc -DHAVE_CONFIG_H -I. -I. -I.. -I.. -g -O2 -c fishman2x.c -o fishman2x.o >/dev/null 2>&1
mv -f .libs/fishman2x.lo fishman2x.lo
/bin/sh ../libtool --mode=compile gcc -DHAVE_CONFIG_H -I. -I. -I.. -I..    -g -O2 -c -o gfsr4.lo `test -f 'gfsr4.c' || echo './'`gfsr4.c
rm -f .libs/gfsr4.lo
gcc -DHAVE_CONFIG_H -I. -I. -I.. -I.. -g -O2 -c gfsr4.c  -fPIC -DPIC -o .libs/gfsr4.lo
gcc -DHAVE_CONFIG_H -I. -I. -I.. -I.. -g -O2 -c gfsr4.c -o gfsr4.o >/dev/null 2>&1
mv -f .libs/gfsr4.lo gfsr4.lo
/bin/sh ../libtool --mode=compile gcc -DHAVE_CONFIG_H -I. -I. -I.. -I..    -g -O2 -c -o knuthran2.lo `test -f 'knuthran2.c' || echo './'`knuthran2.c
rm -f .libs/knuthran2.lo
gcc -DHAVE_CONFIG_H -I. -I. -I.. -I.. -g -O2 -c knuthran2.c  -fPIC -DPIC -o .libs/knuthran2.lo
gcc -DHAVE_CONFIG_H -I. -I. -I.. -I.. -g -O2 -c knuthran2.c -o knuthran2.o >/dev/null 2>&1
mv -f .libs/knuthran2.lo knuthran2.lo
/bin/sh ../libtool --mode=compile gcc -DHAVE_CONFIG_H -I. -I. -I.. -I..    -g -O2 -c -o knuthran.lo `test -f 'knuthran.c' || echo './'`knuthran.c
rm -f .libs/knuthran.lo
gcc -DHAVE_CONFIG_H -I. -I. -I.. -I.. -g -O2 -c knuthran.c  -fPIC -DPIC -o .libs/knuthran.lo
gcc -DHAVE_CONFIG_H -I. -I. -I.. -I.. -g -O2 -c knuthran.c -o knuthran.o >/dev/null 2>&1
mv -f .libs/knuthran.lo knuthran.lo
/bin/sh ../libtool --mode=compile gcc -DHAVE_CONFIG_H -I. -I. -I.. -I..    -g -O2 -c -o lecuyer21.lo `test -f 'lecuyer21.c' || echo './'`lecuyer21.c
rm -f .libs/lecuyer21.lo
gcc -DHAVE_CONFIG_H -I. -I. -I.. -I.. -g -O2 -c lecuyer21.c  -fPIC -DPIC -o .libs/lecuyer21.lo
gcc -DHAVE_CONFIG_H -I. -I. -I.. -I.. -g -O2 -c lecuyer21.c -o lecuyer21.o >/dev/null 2>&1
mv -f .libs/lecuyer21.lo lecuyer21.lo
/bin/sh ../libtool --mode=compile gcc -DHAVE_CONFIG_H -I. -I. -I.. -I..    -g -O2 -c -o minstd.lo `test -f 'minstd.c' || echo './'`minstd.c
rm -f .libs/minstd.lo
gcc -DHAVE_CONFIG_H -I. -I. -I.. -I.. -g -O2 -c minstd.c  -fPIC -DPIC -o .libs/minstd.lo
gcc -DHAVE_CONFIG_H -I. -I. -I.. -I.. -g -O2 -c minstd.c -o minstd.o >/dev/null 2>&1
mv -f .libs/minstd.lo minstd.lo
/bin/sh ../libtool --mode=compile gcc -DHAVE_CONFIG_H -I. -I. -I.. -I..    -g -O2 -c -o mrg.lo `test -f 'mrg.c' || echo './'`mrg.c
rm -f .libs/mrg.lo
gcc -DHAVE_CONFIG_H -I. -I. -I.. -I.. -g -O2 -c mrg.c  -fPIC -DPIC -o .libs/mrg.lo
gcc -DHAVE_CONFIG_H -I. -I. -I.. -I.. -g -O2 -c mrg.c -o mrg.o >/dev/null 2>&1
mv -f .libs/mrg.lo mrg.lo
/bin/sh ../libtool --mode=compile gcc -DHAVE_CONFIG_H -I. -I. -I.. -I..    -g -O2 -c -o mt.lo `test -f 'mt.c' || echo './'`mt.c
rm -f .libs/mt.lo
gcc -DHAVE_CONFIG_H -I. -I. -I.. -I.. -g -O2 -c mt.c  -fPIC -DPIC -o .libs/mt.lo
gcc -DHAVE_CONFIG_H -I. -I. -I.. -I.. -g -O2 -c mt.c -o mt.o >/dev/null 2>&1
mv -f .libs/mt.lo mt.lo
/bin/sh ../libtool --mode=compile gcc -DHAVE_CONFIG_H -I. -I. -I.. -I..    -g -O2 -c -o r250.lo `test -f 'r250.c' || echo './'`r250.c
rm -f .libs/r250.lo
gcc -DHAVE_CONFIG_H -I. -I. -I.. -I.. -g -O2 -c r250.c  -fPIC -DPIC -o .libs/r250.lo
gcc -DHAVE_CONFIG_H -I. -I. -I.. -I.. -g -O2 -c r250.c -o r250.o >/dev/null 2>&1
mv -f .libs/r250.lo r250.lo
/bin/sh ../libtool --mode=compile gcc -DHAVE_CONFIG_H -I. -I. -I.. -I..    -g -O2 -c -o ran0.lo `test -f 'ran0.c' || echo './'`ran0.c
rm -f .libs/ran0.lo
gcc -DHAVE_CONFIG_H -I. -I. -I.. -I.. -g -O2 -c ran0.c  -fPIC -DPIC -o .libs/ran0.lo
gcc -DHAVE_CONFIG_H -I. -I. -I.. -I.. -g -O2 -c ran0.c -o ran0.o >/dev/null 2>&1
mv -f .libs/ran0.lo ran0.lo
/bin/sh ../libtool --mode=compile gcc -DHAVE_CONFIG_H -I. -I. -I.. -I..    -g -O2 -c -o ran1.lo `test -f 'ran1.c' || echo './'`ran1.c
rm -f .libs/ran1.lo
gcc -DHAVE_CONFIG_H -I. -I. -I.. -I.. -g -O2 -c ran1.c  -fPIC -DPIC -o .libs/ran1.lo
gcc -DHAVE_CONFIG_H -I. -I. -I.. -I.. -g -O2 -c ran1.c -o ran1.o >/dev/null 2>&1
mv -f .libs/ran1.lo ran1.lo
/bin/sh ../libtool --mode=compile gcc -DHAVE_CONFIG_H -I. -I. -I.. -I..    -g -O2 -c -o ran2.lo `test -f 'ran2.c' || echo './'`ran2.c
rm -f .libs/ran2.lo
gcc -DHAVE_CONFIG_H -I. -I. -I.. -I.. -g -O2 -c ran2.c  -fPIC -DPIC -o .libs/ran2.lo
gcc -DHAVE_CONFIG_H -I. -I. -I.. -I.. -g -O2 -c ran2.c -o ran2.o >/dev/null 2>&1
mv -f .libs/ran2.lo ran2.lo
/bin/sh ../libtool --mode=compile gcc -DHAVE_CONFIG_H -I. -I. -I.. -I..    -g -O2 -c -o ran3.lo `test -f 'ran3.c' || echo './'`ran3.c
rm -f .libs/ran3.lo
gcc -DHAVE_CONFIG_H -I. -I. -I.. -I.. -g -O2 -c ran3.c  -fPIC -DPIC -o .libs/ran3.lo
gcc -DHAVE_CONFIG_H -I. -I. -I.. -I.. -g -O2 -c ran3.c -o ran3.o >/dev/null 2>&1
mv -f .libs/ran3.lo ran3.lo
/bin/sh ../libtool --mode=compile gcc -DHAVE_CONFIG_H -I. -I. -I.. -I..    -g -O2 -c -o rand48.lo `test -f 'rand48.c' || echo './'`rand48.c
rm -f .libs/rand48.lo
gcc -DHAVE_CONFIG_H -I. -I. -I.. -I.. -g -O2 -c rand48.c  -fPIC -DPIC -o .libs/rand48.lo
gcc -DHAVE_CONFIG_H -I. -I. -I.. -I.. -g -O2 -c rand48.c -o rand48.o >/dev/null 2>&1
mv -f .libs/rand48.lo rand48.lo
/bin/sh ../libtool --mode=compile gcc -DHAVE_CONFIG_H -I. -I. -I.. -I..    -g -O2 -c -o rand.lo `test -f 'rand.c' || echo './'`rand.c
rm -f .libs/rand.lo
gcc -DHAVE_CONFIG_H -I. -I. -I.. -I.. -g -O2 -c rand.c  -fPIC -DPIC -o .libs/rand.lo
gcc -DHAVE_CONFIG_H -I. -I. -I.. -I.. -g -O2 -c rand.c -o rand.o >/dev/null 2>&1
mv -f .libs/rand.lo rand.lo
/bin/sh ../libtool --mode=compile gcc -DHAVE_CONFIG_H -I. -I. -I.. -I..    -g -O2 -c -o random.lo `test -f 'random.c' || echo './'`random.c
rm -f .libs/random.lo
gcc -DHAVE_CONFIG_H -I. -I. -I.. -I.. -g -O2 -c random.c  -fPIC -DPIC -o .libs/random.lo
gcc -DHAVE_CONFIG_H -I. -I. -I.. -I.. -g -O2 -c random.c -o random.o >/dev/null 2>&1
mv -f .libs/random.lo random.lo
/bin/sh ../libtool --mode=compile gcc -DHAVE_CONFIG_H -I. -I. -I.. -I..    -g -O2 -c -o randu.lo `test -f 'randu.c' || echo './'`randu.c
rm -f .libs/randu.lo
gcc -DHAVE_CONFIG_H -I. -I. -I.. -I.. -g -O2 -c randu.c  -fPIC -DPIC -o .libs/randu.lo
gcc -DHAVE_CONFIG_H -I. -I. -I.. -I.. -g -O2 -c randu.c -o randu.o >/dev/null 2>&1
mv -f .libs/randu.lo randu.lo
/bin/sh ../libtool --mode=compile gcc -DHAVE_CONFIG_H -I. -I. -I.. -I..    -g -O2 -c -o ranf.lo `test -f 'ranf.c' || echo './'`ranf.c
rm -f .libs/ranf.lo
gcc -DHAVE_CONFIG_H -I. -I. -I.. -I.. -g -O2 -c ranf.c  -fPIC -DPIC -o .libs/ranf.lo
gcc -DHAVE_CONFIG_H -I. -I. -I.. -I.. -g -O2 -c ranf.c -o ranf.o >/dev/null 2>&1
mv -f .libs/ranf.lo ranf.lo
/bin/sh ../libtool --mode=compile gcc -DHAVE_CONFIG_H -I. -I. -I.. -I..    -g -O2 -c -o ranlux.lo `test -f 'ranlux.c' || echo './'`ranlux.c
rm -f .libs/ranlux.lo
gcc -DHAVE_CONFIG_H -I. -I. -I.. -I.. -g -O2 -c ranlux.c  -fPIC -DPIC -o .libs/ranlux.lo
gcc -DHAVE_CONFIG_H -I. -I. -I.. -I.. -g -O2 -c ranlux.c -o ranlux.o >/dev/null 2>&1
mv -f .libs/ranlux.lo ranlux.lo
/bin/sh ../libtool --mode=compile gcc -DHAVE_CONFIG_H -I. -I. -I.. -I..    -g -O2 -c -o ranlxd.lo `test -f 'ranlxd.c' || echo './'`ranlxd.c
rm -f .libs/ranlxd.lo
gcc -DHAVE_CONFIG_H -I. -I. -I.. -I.. -g -O2 -c ranlxd.c  -fPIC -DPIC -o .libs/ranlxd.lo
gcc -DHAVE_CONFIG_H -I. -I. -I.. -I.. -g -O2 -c ranlxd.c -o ranlxd.o >/dev/null 2>&1
mv -f .libs/ranlxd.lo ranlxd.lo
/bin/sh ../libtool --mode=compile gcc -DHAVE_CONFIG_H -I. -I. -I.. -I..    -g -O2 -c -o ranlxs.lo `test -f 'ranlxs.c' || echo './'`ranlxs.c
rm -f .libs/ranlxs.lo
gcc -DHAVE_CONFIG_H -I. -I. -I.. -I.. -g -O2 -c ranlxs.c  -fPIC -DPIC -o .libs/ranlxs.lo
gcc -DHAVE_CONFIG_H -I. -I. -I.. -I.. -g -O2 -c ranlxs.c -o ranlxs.o >/dev/null 2>&1
mv -f .libs/ranlxs.lo ranlxs.lo
/bin/sh ../libtool --mode=compile gcc -DHAVE_CONFIG_H -I. -I. -I.. -I..    -g -O2 -c -o ranmar.lo `test -f 'ranmar.c' || echo './'`ranmar.c
rm -f .libs/ranmar.lo
gcc -DHAVE_CONFIG_H -I. -I. -I.. -I.. -g -O2 -c ranmar.c  -fPIC -DPIC -o .libs/ranmar.lo
gcc -DHAVE_CONFIG_H -I. -I. -I.. -I.. -g -O2 -c ranmar.c -o ranmar.o >/dev/null 2>&1
mv -f .libs/ranmar.lo ranmar.lo
/bin/sh ../libtool --mode=compile gcc -DHAVE_CONFIG_H -I. -I. -I.. -I..    -g -O2 -c -o rng.lo `test -f 'rng.c' || echo './'`rng.c
rm -f .libs/rng.lo
gcc -DHAVE_CONFIG_H -I. -I. -I.. -I.. -g -O2 -c rng.c  -fPIC -DPIC -o .libs/rng.lo
gcc -DHAVE_CONFIG_H -I. -I. -I.. -I.. -g -O2 -c rng.c -o rng.o >/dev/null 2>&1
mv -f .libs/rng.lo rng.lo
/bin/sh ../libtool --mode=compile gcc -DHAVE_CONFIG_H -I. -I. -I.. -I..    -g -O2 -c -o slatec.lo `test -f 'slatec.c' || echo './'`slatec.c
rm -f .libs/slatec.lo
gcc -DHAVE_CONFIG_H -I. -I. -I.. -I.. -g -O2 -c slatec.c  -fPIC -DPIC -o .libs/slatec.lo
gcc -DHAVE_CONFIG_H -I. -I. -I.. -I.. -g -O2 -c slatec.c -o slatec.o >/dev/null 2>&1
mv -f .libs/slatec.lo slatec.lo
/bin/sh ../libtool --mode=compile gcc -DHAVE_CONFIG_H -I. -I. -I.. -I..    -g -O2 -c -o taus.lo `test -f 'taus.c' || echo './'`taus.c
rm -f .libs/taus.lo
gcc -DHAVE_CONFIG_H -I. -I. -I.. -I.. -g -O2 -c taus.c  -fPIC -DPIC -o .libs/taus.lo
gcc -DHAVE_CONFIG_H -I. -I. -I.. -I.. -g -O2 -c taus.c -o taus.o >/dev/null 2>&1
mv -f .libs/taus.lo taus.lo
/bin/sh ../libtool --mode=compile gcc -DHAVE_CONFIG_H -I. -I. -I.. -I..    -g -O2 -c -o taus113.lo `test -f 'taus113.c' || echo './'`taus113.c
rm -f .libs/taus113.lo
gcc -DHAVE_CONFIG_H -I. -I. -I.. -I.. -g -O2 -c taus113.c  -fPIC -DPIC -o .libs/taus113.lo
gcc -DHAVE_CONFIG_H -I. -I. -I.. -I.. -g -O2 -c taus113.c -o taus113.o >/dev/null 2>&1
mv -f .libs/taus113.lo taus113.lo
/bin/sh ../libtool --mode=compile gcc -DHAVE_CONFIG_H -I. -I. -I.. -I..    -g -O2 -c -o transputer.lo `test -f 'transputer.c' || echo './'`transputer.c
rm -f .libs/transputer.lo
gcc -DHAVE_CONFIG_H -I. -I. -I.. -I.. -g -O2 -c transputer.c  -fPIC -DPIC -o .libs/transputer.lo
gcc -DHAVE_CONFIG_H -I. -I. -I.. -I.. -g -O2 -c transputer.c -o transputer.o >/dev/null 2>&1
mv -f .libs/transputer.lo transputer.lo
/bin/sh ../libtool --mode=compile gcc -DHAVE_CONFIG_H -I. -I. -I.. -I..    -g -O2 -c -o tt.lo `test -f 'tt.c' || echo './'`tt.c
rm -f .libs/tt.lo
gcc -DHAVE_CONFIG_H -I. -I. -I.. -I.. -g -O2 -c tt.c  -fPIC -DPIC -o .libs/tt.lo
gcc -DHAVE_CONFIG_H -I. -I. -I.. -I.. -g -O2 -c tt.c -o tt.o >/dev/null 2>&1
mv -f .libs/tt.lo tt.lo
/bin/sh ../libtool --mode=compile gcc -DHAVE_CONFIG_H -I. -I. -I.. -I..    -g -O2 -c -o types.lo `test -f 'types.c' || echo './'`types.c
rm -f .libs/types.lo
gcc -DHAVE_CONFIG_H -I. -I. -I.. -I.. -g -O2 -c types.c  -fPIC -DPIC -o .libs/types.lo
gcc -DHAVE_CONFIG_H -I. -I. -I.. -I.. -g -O2 -c types.c -o types.o >/dev/null 2>&1
mv -f .libs/types.lo types.lo
/bin/sh ../libtool --mode=compile gcc -DHAVE_CONFIG_H -I. -I. -I.. -I..    -g -O2 -c -o uni32.lo `test -f 'uni32.c' || echo './'`uni32.c
rm -f .libs/uni32.lo
gcc -DHAVE_CONFIG_H -I. -I. -I.. -I.. -g -O2 -c uni32.c  -fPIC -DPIC -o .libs/uni32.lo
gcc -DHAVE_CONFIG_H -I. -I. -I.. -I.. -g -O2 -c uni32.c -o uni32.o >/dev/null 2>&1
mv -f .libs/uni32.lo uni32.lo
/bin/sh ../libtool --mode=compile gcc -DHAVE_CONFIG_H -I. -I. -I.. -I..    -g -O2 -c -o uni.lo `test -f 'uni.c' || echo './'`uni.c
rm -f .libs/uni.lo
gcc -DHAVE_CONFIG_H -I. -I. -I.. -I.. -g -O2 -c uni.c  -fPIC -DPIC -o .libs/uni.lo
gcc -DHAVE_CONFIG_H -I. -I. -I.. -I.. -g -O2 -c uni.c -o uni.o >/dev/null 2>&1
mv -f .libs/uni.lo uni.lo
/bin/sh ../libtool --mode=compile gcc -DHAVE_CONFIG_H -I. -I. -I.. -I..    -g -O2 -c -o vax.lo `test -f 'vax.c' || echo './'`vax.c
rm -f .libs/vax.lo
gcc -DHAVE_CONFIG_H -I. -I. -I.. -I.. -g -O2 -c vax.c  -fPIC -DPIC -o .libs/vax.lo
gcc -DHAVE_CONFIG_H -I. -I. -I.. -I.. -g -O2 -c vax.c -o vax.o >/dev/null 2>&1
mv -f .libs/vax.lo vax.lo
/bin/sh ../libtool --mode=compile gcc -DHAVE_CONFIG_H -I. -I. -I.. -I..    -g -O2 -c -o waterman14.lo `test -f 'waterman14.c' || echo './'`waterman14.c
rm -f .libs/waterman14.lo
gcc -DHAVE_CONFIG_H -I. -I. -I.. -I.. -g -O2 -c waterman14.c  -fPIC -DPIC -o .libs/waterman14.lo
gcc -DHAVE_CONFIG_H -I. -I. -I.. -I.. -g -O2 -c waterman14.c -o waterman14.o >/dev/null 2>&1
mv -f .libs/waterman14.lo waterman14.lo
/bin/sh ../libtool --mode=compile gcc -DHAVE_CONFIG_H -I. -I. -I.. -I..    -g -O2 -c -o zuf.lo `test -f 'zuf.c' || echo './'`zuf.c
rm -f .libs/zuf.lo
gcc -DHAVE_CONFIG_H -I. -I. -I.. -I.. -g -O2 -c zuf.c  -fPIC -DPIC -o .libs/zuf.lo
gcc -DHAVE_CONFIG_H -I. -I. -I.. -I.. -g -O2 -c zuf.c -o zuf.o >/dev/null 2>&1
mv -f .libs/zuf.lo zuf.lo
/bin/sh ../libtool --mode=link gcc  -g -O2   -o libgslrng.la   borosh13.lo cmrg.lo coveyou.lo default.lo file.lo fishman18.lo fishman20.lo fishman2x.lo gfsr4.lo knuthran2.lo knuthran.lo lecuyer21.lo minstd.lo mrg.lo mt.lo r250.lo ran0.lo ran1.lo ran2.lo ran3.lo rand48.lo rand.lo random.lo randu.lo ranf.lo ranlux.lo ranlxd.lo ranlxs.lo ranmar.lo rng.lo slatec.lo taus.lo taus113.lo transputer.lo tt.lo types.lo uni32.lo uni.lo vax.lo waterman14.lo zuf.lo  -lm 
rm -fr .libs/libgslrng.la .libs/libgslrng.* .libs/libgslrng.*
ar cru .libs/libgslrng.al borosh13.lo cmrg.lo coveyou.lo default.lo file.lo fishman18.lo fishman20.lo fishman2x.lo gfsr4.lo knuthran2.lo knuthran.lo lecuyer21.lo minstd.lo mrg.lo mt.lo r250.lo ran0.lo ran1.lo ran2.lo ran3.lo rand48.lo rand.lo random.lo randu.lo ranf.lo ranlux.lo ranlxd.lo ranlxs.lo ranmar.lo rng.lo slatec.lo taus.lo taus113.lo transputer.lo tt.lo types.lo uni32.lo uni.lo vax.lo waterman14.lo zuf.lo
ranlib .libs/libgslrng.al
creating libgslrng.la
(cd .libs && rm -f libgslrng.la && ln -s ../libgslrng.la libgslrng.la)
make[5]: Leaving directory `/home/ualusr2011/ual1220/ual1/tools/tars/gsl-1.4/rng'
Making all in randist
make[5]: Entering directory `/home/ualusr2011/ual1220/ual1/tools/tars/gsl-1.4/randist'
/bin/sh ../libtool --mode=compile gcc -DHAVE_CONFIG_H -I. -I. -I.. -I..    -g -O2 -c -o bernoulli.lo `test -f 'bernoulli.c' || echo './'`bernoulli.c
mkdir .libs
gcc -DHAVE_CONFIG_H -I. -I. -I.. -I.. -g -O2 -c bernoulli.c  -fPIC -DPIC -o .libs/bernoulli.lo
gcc -DHAVE_CONFIG_H -I. -I. -I.. -I.. -g -O2 -c bernoulli.c -o bernoulli.o >/dev/null 2>&1
mv -f .libs/bernoulli.lo bernoulli.lo
/bin/sh ../libtool --mode=compile gcc -DHAVE_CONFIG_H -I. -I. -I.. -I..    -g -O2 -c -o beta.lo `test -f 'beta.c' || echo './'`beta.c
rm -f .libs/beta.lo
gcc -DHAVE_CONFIG_H -I. -I. -I.. -I.. -g -O2 -c beta.c  -fPIC -DPIC -o .libs/beta.lo
gcc -DHAVE_CONFIG_H -I. -I. -I.. -I.. -g -O2 -c beta.c -o beta.o >/dev/null 2>&1
mv -f .libs/beta.lo beta.lo
/bin/sh ../libtool --mode=compile gcc -DHAVE_CONFIG_H -I. -I. -I.. -I..    -g -O2 -c -o bigauss.lo `test -f 'bigauss.c' || echo './'`bigauss.c
rm -f .libs/bigauss.lo
gcc -DHAVE_CONFIG_H -I. -I. -I.. -I.. -g -O2 -c bigauss.c  -fPIC -DPIC -o .libs/bigauss.lo
gcc -DHAVE_CONFIG_H -I. -I. -I.. -I.. -g -O2 -c bigauss.c -o bigauss.o >/dev/null 2>&1
mv -f .libs/bigauss.lo bigauss.lo
/bin/sh ../libtool --mode=compile gcc -DHAVE_CONFIG_H -I. -I. -I.. -I..    -g -O2 -c -o binomial.lo `test -f 'binomial.c' || echo './'`binomial.c
rm -f .libs/binomial.lo
gcc -DHAVE_CONFIG_H -I. -I. -I.. -I.. -g -O2 -c binomial.c  -fPIC -DPIC -o .libs/binomial.lo
gcc -DHAVE_CONFIG_H -I. -I. -I.. -I.. -g -O2 -c binomial.c -o binomial.o >/dev/null 2>&1
mv -f .libs/binomial.lo binomial.lo
/bin/sh ../libtool --mode=compile gcc -DHAVE_CONFIG_H -I. -I. -I.. -I..    -g -O2 -c -o cauchy.lo `test -f 'cauchy.c' || echo './'`cauchy.c
rm -f .libs/cauchy.lo
gcc -DHAVE_CONFIG_H -I. -I. -I.. -I.. -g -O2 -c cauchy.c  -fPIC -DPIC -o .libs/cauchy.lo
gcc -DHAVE_CONFIG_H -I. -I. -I.. -I.. -g -O2 -c cauchy.c -o cauchy.o >/dev/null 2>&1
mv -f .libs/cauchy.lo cauchy.lo
/bin/sh ../libtool --mode=compile gcc -DHAVE_CONFIG_H -I. -I. -I.. -I..    -g -O2 -c -o chisq.lo `test -f 'chisq.c' || echo './'`chisq.c
rm -f .libs/chisq.lo
gcc -DHAVE_CONFIG_H -I. -I. -I.. -I.. -g -O2 -c chisq.c  -fPIC -DPIC -o .libs/chisq.lo
gcc -DHAVE_CONFIG_H -I. -I. -I.. -I.. -g -O2 -c chisq.c -o chisq.o >/dev/null 2>&1
mv -f .libs/chisq.lo chisq.lo
/bin/sh ../libtool --mode=compile gcc -DHAVE_CONFIG_H -I. -I. -I.. -I..    -g -O2 -c -o dirichlet.lo `test -f 'dirichlet.c' || echo './'`dirichlet.c
rm -f .libs/dirichlet.lo
gcc -DHAVE_CONFIG_H -I. -I. -I.. -I.. -g -O2 -c dirichlet.c  -fPIC -DPIC -o .libs/dirichlet.lo
gcc -DHAVE_CONFIG_H -I. -I. -I.. -I.. -g -O2 -c dirichlet.c -o dirichlet.o >/dev/null 2>&1
mv -f .libs/dirichlet.lo dirichlet.lo
/bin/sh ../libtool --mode=compile gcc -DHAVE_CONFIG_H -I. -I. -I.. -I..    -g -O2 -c -o discrete.lo `test -f 'discrete.c' || echo './'`discrete.c
rm -f .libs/discrete.lo
gcc -DHAVE_CONFIG_H -I. -I. -I.. -I.. -g -O2 -c discrete.c  -fPIC -DPIC -o .libs/discrete.lo
gcc -DHAVE_CONFIG_H -I. -I. -I.. -I.. -g -O2 -c discrete.c -o discrete.o >/dev/null 2>&1
mv -f .libs/discrete.lo discrete.lo
/bin/sh ../libtool --mode=compile gcc -DHAVE_CONFIG_H -I. -I. -I.. -I..    -g -O2 -c -o erlang.lo `test -f 'erlang.c' || echo './'`erlang.c
rm -f .libs/erlang.lo
gcc -DHAVE_CONFIG_H -I. -I. -I.. -I.. -g -O2 -c erlang.c  -fPIC -DPIC -o .libs/erlang.lo
gcc -DHAVE_CONFIG_H -I. -I. -I.. -I.. -g -O2 -c erlang.c -o erlang.o >/dev/null 2>&1
mv -f .libs/erlang.lo erlang.lo
/bin/sh ../libtool --mode=compile gcc -DHAVE_CONFIG_H -I. -I. -I.. -I..    -g -O2 -c -o exponential.lo `test -f 'exponential.c' || echo './'`exponential.c
rm -f .libs/exponential.lo
gcc -DHAVE_CONFIG_H -I. -I. -I.. -I.. -g -O2 -c exponential.c  -fPIC -DPIC -o .libs/exponential.lo
gcc -DHAVE_CONFIG_H -I. -I. -I.. -I.. -g -O2 -c exponential.c -o exponential.o >/dev/null 2>&1
mv -f .libs/exponential.lo exponential.lo
/bin/sh ../libtool --mode=compile gcc -DHAVE_CONFIG_H -I. -I. -I.. -I..    -g -O2 -c -o exppow.lo `test -f 'exppow.c' || echo './'`exppow.c
rm -f .libs/exppow.lo
gcc -DHAVE_CONFIG_H -I. -I. -I.. -I.. -g -O2 -c exppow.c  -fPIC -DPIC -o .libs/exppow.lo
gcc -DHAVE_CONFIG_H -I. -I. -I.. -I.. -g -O2 -c exppow.c -o exppow.o >/dev/null 2>&1
mv -f .libs/exppow.lo exppow.lo
/bin/sh ../libtool --mode=compile gcc -DHAVE_CONFIG_H -I. -I. -I.. -I..    -g -O2 -c -o fdist.lo `test -f 'fdist.c' || echo './'`fdist.c
rm -f .libs/fdist.lo
gcc -DHAVE_CONFIG_H -I. -I. -I.. -I.. -g -O2 -c fdist.c  -fPIC -DPIC -o .libs/fdist.lo
gcc -DHAVE_CONFIG_H -I. -I. -I.. -I.. -g -O2 -c fdist.c -o fdist.o >/dev/null 2>&1
mv -f .libs/fdist.lo fdist.lo
/bin/sh ../libtool --mode=compile gcc -DHAVE_CONFIG_H -I. -I. -I.. -I..    -g -O2 -c -o flat.lo `test -f 'flat.c' || echo './'`flat.c
rm -f .libs/flat.lo
gcc -DHAVE_CONFIG_H -I. -I. -I.. -I.. -g -O2 -c flat.c  -fPIC -DPIC -o .libs/flat.lo
gcc -DHAVE_CONFIG_H -I. -I. -I.. -I.. -g -O2 -c flat.c -o flat.o >/dev/null 2>&1
mv -f .libs/flat.lo flat.lo
/bin/sh ../libtool --mode=compile gcc -DHAVE_CONFIG_H -I. -I. -I.. -I..    -g -O2 -c -o gamma.lo `test -f 'gamma.c' || echo './'`gamma.c
rm -f .libs/gamma.lo
gcc -DHAVE_CONFIG_H -I. -I. -I.. -I.. -g -O2 -c gamma.c  -fPIC -DPIC -o .libs/gamma.lo
gcc -DHAVE_CONFIG_H -I. -I. -I.. -I.. -g -O2 -c gamma.c -o gamma.o >/dev/null 2>&1
mv -f .libs/gamma.lo gamma.lo
/bin/sh ../libtool --mode=compile gcc -DHAVE_CONFIG_H -I. -I. -I.. -I..    -g -O2 -c -o gauss.lo `test -f 'gauss.c' || echo './'`gauss.c
rm -f .libs/gauss.lo
gcc -DHAVE_CONFIG_H -I. -I. -I.. -I.. -g -O2 -c gauss.c  -fPIC -DPIC -o .libs/gauss.lo
gcc -DHAVE_CONFIG_H -I. -I. -I.. -I.. -g -O2 -c gauss.c -o gauss.o >/dev/null 2>&1
mv -f .libs/gauss.lo gauss.lo
/bin/sh ../libtool --mode=compile gcc -DHAVE_CONFIG_H -I. -I. -I.. -I..    -g -O2 -c -o gausstail.lo `test -f 'gausstail.c' || echo './'`gausstail.c
rm -f .libs/gausstail.lo
gcc -DHAVE_CONFIG_H -I. -I. -I.. -I.. -g -O2 -c gausstail.c  -fPIC -DPIC -o .libs/gausstail.lo
gcc -DHAVE_CONFIG_H -I. -I. -I.. -I.. -g -O2 -c gausstail.c -o gausstail.o >/dev/null 2>&1
mv -f .libs/gausstail.lo gausstail.lo
/bin/sh ../libtool --mode=compile gcc -DHAVE_CONFIG_H -I. -I. -I.. -I..    -g -O2 -c -o geometric.lo `test -f 'geometric.c' || echo './'`geometric.c
rm -f .libs/geometric.lo
gcc -DHAVE_CONFIG_H -I. -I. -I.. -I.. -g -O2 -c geometric.c  -fPIC -DPIC -o .libs/geometric.lo
gcc -DHAVE_CONFIG_H -I. -I. -I.. -I.. -g -O2 -c geometric.c -o geometric.o >/dev/null 2>&1
mv -f .libs/geometric.lo geometric.lo
/bin/sh ../libtool --mode=compile gcc -DHAVE_CONFIG_H -I. -I. -I.. -I..    -g -O2 -c -o gumbel.lo `test -f 'gumbel.c' || echo './'`gumbel.c
rm -f .libs/gumbel.lo
gcc -DHAVE_CONFIG_H -I. -I. -I.. -I.. -g -O2 -c gumbel.c  -fPIC -DPIC -o .libs/gumbel.lo
gcc -DHAVE_CONFIG_H -I. -I. -I.. -I.. -g -O2 -c gumbel.c -o gumbel.o >/dev/null 2>&1
mv -f .libs/gumbel.lo gumbel.lo
/bin/sh ../libtool --mode=compile gcc -DHAVE_CONFIG_H -I. -I. -I.. -I..    -g -O2 -c -o hyperg.lo `test -f 'hyperg.c' || echo './'`hyperg.c
rm -f .libs/hyperg.lo
gcc -DHAVE_CONFIG_H -I. -I. -I.. -I.. -g -O2 -c hyperg.c  -fPIC -DPIC -o .libs/hyperg.lo
gcc -DHAVE_CONFIG_H -I. -I. -I.. -I.. -g -O2 -c hyperg.c -o hyperg.o >/dev/null 2>&1
mv -f .libs/hyperg.lo hyperg.lo
/bin/sh ../libtool --mode=compile gcc -DHAVE_CONFIG_H -I. -I. -I.. -I..    -g -O2 -c -o laplace.lo `test -f 'laplace.c' || echo './'`laplace.c
rm -f .libs/laplace.lo
gcc -DHAVE_CONFIG_H -I. -I. -I.. -I.. -g -O2 -c laplace.c  -fPIC -DPIC -o .libs/laplace.lo
gcc -DHAVE_CONFIG_H -I. -I. -I.. -I.. -g -O2 -c laplace.c -o laplace.o >/dev/null 2>&1
mv -f .libs/laplace.lo laplace.lo
/bin/sh ../libtool --mode=compile gcc -DHAVE_CONFIG_H -I. -I. -I.. -I..    -g -O2 -c -o levy.lo `test -f 'levy.c' || echo './'`levy.c
rm -f .libs/levy.lo
gcc -DHAVE_CONFIG_H -I. -I. -I.. -I.. -g -O2 -c levy.c  -fPIC -DPIC -o .libs/levy.lo
gcc -DHAVE_CONFIG_H -I. -I. -I.. -I.. -g -O2 -c levy.c -o levy.o >/dev/null 2>&1
mv -f .libs/levy.lo levy.lo
/bin/sh ../libtool --mode=compile gcc -DHAVE_CONFIG_H -I. -I. -I.. -I..    -g -O2 -c -o logarithmic.lo `test -f 'logarithmic.c' || echo './'`logarithmic.c
rm -f .libs/logarithmic.lo
gcc -DHAVE_CONFIG_H -I. -I. -I.. -I.. -g -O2 -c logarithmic.c  -fPIC -DPIC -o .libs/logarithmic.lo
gcc -DHAVE_CONFIG_H -I. -I. -I.. -I.. -g -O2 -c logarithmic.c -o logarithmic.o >/dev/null 2>&1
mv -f .libs/logarithmic.lo logarithmic.lo
/bin/sh ../libtool --mode=compile gcc -DHAVE_CONFIG_H -I. -I. -I.. -I..    -g -O2 -c -o logistic.lo `test -f 'logistic.c' || echo './'`logistic.c
rm -f .libs/logistic.lo
gcc -DHAVE_CONFIG_H -I. -I. -I.. -I.. -g -O2 -c logistic.c  -fPIC -DPIC -o .libs/logistic.lo
gcc -DHAVE_CONFIG_H -I. -I. -I.. -I.. -g -O2 -c logistic.c -o logistic.o >/dev/null 2>&1
mv -f .libs/logistic.lo logistic.lo
/bin/sh ../libtool --mode=compile gcc -DHAVE_CONFIG_H -I. -I. -I.. -I..    -g -O2 -c -o lognormal.lo `test -f 'lognormal.c' || echo './'`lognormal.c
rm -f .libs/lognormal.lo
gcc -DHAVE_CONFIG_H -I. -I. -I.. -I.. -g -O2 -c lognormal.c  -fPIC -DPIC -o .libs/lognormal.lo
gcc -DHAVE_CONFIG_H -I. -I. -I.. -I.. -g -O2 -c lognormal.c -o lognormal.o >/dev/null 2>&1
mv -f .libs/lognormal.lo lognormal.lo
/bin/sh ../libtool --mode=compile gcc -DHAVE_CONFIG_H -I. -I. -I.. -I..    -g -O2 -c -o multinomial.lo `test -f 'multinomial.c' || echo './'`multinomial.c
rm -f .libs/multinomial.lo
gcc -DHAVE_CONFIG_H -I. -I. -I.. -I.. -g -O2 -c multinomial.c  -fPIC -DPIC -o .libs/multinomial.lo
gcc -DHAVE_CONFIG_H -I. -I. -I.. -I.. -g -O2 -c multinomial.c -o multinomial.o >/dev/null 2>&1
mv -f .libs/multinomial.lo multinomial.lo
/bin/sh ../libtool --mode=compile gcc -DHAVE_CONFIG_H -I. -I. -I.. -I..    -g -O2 -c -o nbinomial.lo `test -f 'nbinomial.c' || echo './'`nbinomial.c
rm -f .libs/nbinomial.lo
gcc -DHAVE_CONFIG_H -I. -I. -I.. -I.. -g -O2 -c nbinomial.c  -fPIC -DPIC -o .libs/nbinomial.lo
gcc -DHAVE_CONFIG_H -I. -I. -I.. -I.. -g -O2 -c nbinomial.c -o nbinomial.o >/dev/null 2>&1
mv -f .libs/nbinomial.lo nbinomial.lo
/bin/sh ../libtool --mode=compile gcc -DHAVE_CONFIG_H -I. -I. -I.. -I..    -g -O2 -c -o pareto.lo `test -f 'pareto.c' || echo './'`pareto.c
rm -f .libs/pareto.lo
gcc -DHAVE_CONFIG_H -I. -I. -I.. -I.. -g -O2 -c pareto.c  -fPIC -DPIC -o .libs/pareto.lo
gcc -DHAVE_CONFIG_H -I. -I. -I.. -I.. -g -O2 -c pareto.c -o pareto.o >/dev/null 2>&1
mv -f .libs/pareto.lo pareto.lo
/bin/sh ../libtool --mode=compile gcc -DHAVE_CONFIG_H -I. -I. -I.. -I..    -g -O2 -c -o pascal.lo `test -f 'pascal.c' || echo './'`pascal.c
rm -f .libs/pascal.lo
gcc -DHAVE_CONFIG_H -I. -I. -I.. -I.. -g -O2 -c pascal.c  -fPIC -DPIC -o .libs/pascal.lo
gcc -DHAVE_CONFIG_H -I. -I. -I.. -I.. -g -O2 -c pascal.c -o pascal.o >/dev/null 2>&1
mv -f .libs/pascal.lo pascal.lo
/bin/sh ../libtool --mode=compile gcc -DHAVE_CONFIG_H -I. -I. -I.. -I..    -g -O2 -c -o poisson.lo `test -f 'poisson.c' || echo './'`poisson.c
rm -f .libs/poisson.lo
gcc -DHAVE_CONFIG_H -I. -I. -I.. -I.. -g -O2 -c poisson.c  -fPIC -DPIC -o .libs/poisson.lo
gcc -DHAVE_CONFIG_H -I. -I. -I.. -I.. -g -O2 -c poisson.c -o poisson.o >/dev/null 2>&1
mv -f .libs/poisson.lo poisson.lo
/bin/sh ../libtool --mode=compile gcc -DHAVE_CONFIG_H -I. -I. -I.. -I..    -g -O2 -c -o rayleigh.lo `test -f 'rayleigh.c' || echo './'`rayleigh.c
rm -f .libs/rayleigh.lo
gcc -DHAVE_CONFIG_H -I. -I. -I.. -I.. -g -O2 -c rayleigh.c  -fPIC -DPIC -o .libs/rayleigh.lo
gcc -DHAVE_CONFIG_H -I. -I. -I.. -I.. -g -O2 -c rayleigh.c -o rayleigh.o >/dev/null 2>&1
mv -f .libs/rayleigh.lo rayleigh.lo
/bin/sh ../libtool --mode=compile gcc -DHAVE_CONFIG_H -I. -I. -I.. -I..    -g -O2 -c -o shuffle.lo `test -f 'shuffle.c' || echo './'`shuffle.c
rm -f .libs/shuffle.lo
gcc -DHAVE_CONFIG_H -I. -I. -I.. -I.. -g -O2 -c shuffle.c  -fPIC -DPIC -o .libs/shuffle.lo
gcc -DHAVE_CONFIG_H -I. -I. -I.. -I.. -g -O2 -c shuffle.c -o shuffle.o >/dev/null 2>&1
mv -f .libs/shuffle.lo shuffle.lo
/bin/sh ../libtool --mode=compile gcc -DHAVE_CONFIG_H -I. -I. -I.. -I..    -g -O2 -c -o sphere.lo `test -f 'sphere.c' || echo './'`sphere.c
rm -f .libs/sphere.lo
gcc -DHAVE_CONFIG_H -I. -I. -I.. -I.. -g -O2 -c sphere.c  -fPIC -DPIC -o .libs/sphere.lo
gcc -DHAVE_CONFIG_H -I. -I. -I.. -I.. -g -O2 -c sphere.c -o sphere.o >/dev/null 2>&1
mv -f .libs/sphere.lo sphere.lo
/bin/sh ../libtool --mode=compile gcc -DHAVE_CONFIG_H -I. -I. -I.. -I..    -g -O2 -c -o tdist.lo `test -f 'tdist.c' || echo './'`tdist.c
rm -f .libs/tdist.lo
gcc -DHAVE_CONFIG_H -I. -I. -I.. -I.. -g -O2 -c tdist.c  -fPIC -DPIC -o .libs/tdist.lo
gcc -DHAVE_CONFIG_H -I. -I. -I.. -I.. -g -O2 -c tdist.c -o tdist.o >/dev/null 2>&1
mv -f .libs/tdist.lo tdist.lo
/bin/sh ../libtool --mode=compile gcc -DHAVE_CONFIG_H -I. -I. -I.. -I..    -g -O2 -c -o weibull.lo `test -f 'weibull.c' || echo './'`weibull.c
rm -f .libs/weibull.lo
gcc -DHAVE_CONFIG_H -I. -I. -I.. -I.. -g -O2 -c weibull.c  -fPIC -DPIC -o .libs/weibull.lo
gcc -DHAVE_CONFIG_H -I. -I. -I.. -I.. -g -O2 -c weibull.c -o weibull.o >/dev/null 2>&1
mv -f .libs/weibull.lo weibull.lo
/bin/sh ../libtool --mode=compile gcc -DHAVE_CONFIG_H -I. -I. -I.. -I..    -g -O2 -c -o landau.lo `test -f 'landau.c' || echo './'`landau.c
rm -f .libs/landau.lo
gcc -DHAVE_CONFIG_H -I. -I. -I.. -I.. -g -O2 -c landau.c  -fPIC -DPIC -o .libs/landau.lo
gcc -DHAVE_CONFIG_H -I. -I. -I.. -I.. -g -O2 -c landau.c -o landau.o >/dev/null 2>&1
mv -f .libs/landau.lo landau.lo
/bin/sh ../libtool --mode=compile gcc -DHAVE_CONFIG_H -I. -I. -I.. -I..    -g -O2 -c -o binomial_tpe.lo `test -f 'binomial_tpe.c' || echo './'`binomial_tpe.c
rm -f .libs/binomial_tpe.lo
gcc -DHAVE_CONFIG_H -I. -I. -I.. -I.. -g -O2 -c binomial_tpe.c  -fPIC -DPIC -o .libs/binomial_tpe.lo
gcc -DHAVE_CONFIG_H -I. -I. -I.. -I.. -g -O2 -c binomial_tpe.c -o binomial_tpe.o >/dev/null 2>&1
mv -f .libs/binomial_tpe.lo binomial_tpe.lo
/bin/sh ../libtool --mode=link gcc  -g -O2   -o libgslrandist.la   bernoulli.lo beta.lo bigauss.lo binomial.lo cauchy.lo chisq.lo dirichlet.lo discrete.lo erlang.lo exponential.lo exppow.lo fdist.lo flat.lo gamma.lo gauss.lo gausstail.lo geometric.lo gumbel.lo hyperg.lo laplace.lo levy.lo logarithmic.lo logistic.lo lognormal.lo multinomial.lo nbinomial.lo pareto.lo pascal.lo poisson.lo rayleigh.lo shuffle.lo sphere.lo tdist.lo weibull.lo landau.lo binomial_tpe.lo  -lm 
rm -fr .libs/libgslrandist.la .libs/libgslrandist.* .libs/libgslrandist.*
ar cru .libs/libgslrandist.al bernoulli.lo beta.lo bigauss.lo binomial.lo cauchy.lo chisq.lo dirichlet.lo discrete.lo erlang.lo exponential.lo exppow.lo fdist.lo flat.lo gamma.lo gauss.lo gausstail.lo geometric.lo gumbel.lo hyperg.lo laplace.lo levy.lo logarithmic.lo logistic.lo lognormal.lo multinomial.lo nbinomial.lo pareto.lo pascal.lo poisson.lo rayleigh.lo shuffle.lo sphere.lo tdist.lo weibull.lo landau.lo binomial_tpe.lo
ranlib .libs/libgslrandist.al
creating libgslrandist.la
(cd .libs && rm -f libgslrandist.la && ln -s ../libgslrandist.la libgslrandist.la)
make[5]: Leaving directory `/home/ualusr2011/ual1220/ual1/tools/tars/gsl-1.4/randist'
Making all in fft
make[5]: Entering directory `/home/ualusr2011/ual1220/ual1/tools/tars/gsl-1.4/fft'
/bin/sh ../libtool --mode=compile gcc -DHAVE_CONFIG_H -I. -I. -I.. -I.. -I..    -g -O2 -c -o dft.lo `test -f 'dft.c' || echo './'`dft.c
mkdir .libs
gcc -DHAVE_CONFIG_H -I. -I. -I.. -I.. -I.. -g -O2 -c dft.c  -fPIC -DPIC -o .libs/dft.lo
gcc -DHAVE_CONFIG_H -I. -I. -I.. -I.. -I.. -g -O2 -c dft.c -o dft.o >/dev/null 2>&1
mv -f .libs/dft.lo dft.lo
/bin/sh ../libtool --mode=compile gcc -DHAVE_CONFIG_H -I. -I. -I.. -I.. -I..    -g -O2 -c -o fft.lo `test -f 'fft.c' || echo './'`fft.c
rm -f .libs/fft.lo
gcc -DHAVE_CONFIG_H -I. -I. -I.. -I.. -I.. -g -O2 -c fft.c  -fPIC -DPIC -o .libs/fft.lo
gcc -DHAVE_CONFIG_H -I. -I. -I.. -I.. -I.. -g -O2 -c fft.c -o fft.o >/dev/null 2>&1
mv -f .libs/fft.lo fft.lo
/bin/sh ../libtool --mode=link gcc  -g -O2   -o libgslfft.la   dft.lo fft.lo  -lm 
rm -fr .libs/libgslfft.la .libs/libgslfft.* .libs/libgslfft.*
ar cru .libs/libgslfft.al dft.lo fft.lo
ranlib .libs/libgslfft.al
creating libgslfft.la
(cd .libs && rm -f libgslfft.la && ln -s ../libgslfft.la libgslfft.la)
make[5]: Leaving directory `/home/ualusr2011/ual1220/ual1/tools/tars/gsl-1.4/fft'
Making all in poly
make[5]: Entering directory `/home/ualusr2011/ual1220/ual1/tools/tars/gsl-1.4/poly'
/bin/sh ../libtool --mode=compile gcc -DHAVE_CONFIG_H -I. -I. -I.. -I..    -g -O2 -c -o dd.lo `test -f 'dd.c' || echo './'`dd.c
mkdir .libs
gcc -DHAVE_CONFIG_H -I. -I. -I.. -I.. -g -O2 -c dd.c  -fPIC -DPIC -o .libs/dd.lo
gcc -DHAVE_CONFIG_H -I. -I. -I.. -I.. -g -O2 -c dd.c -o dd.o >/dev/null 2>&1
mv -f .libs/dd.lo dd.lo
/bin/sh ../libtool --mode=compile gcc -DHAVE_CONFIG_H -I. -I. -I.. -I..    -g -O2 -c -o eval.lo `test -f 'eval.c' || echo './'`eval.c
rm -f .libs/eval.lo
gcc -DHAVE_CONFIG_H -I. -I. -I.. -I.. -g -O2 -c eval.c  -fPIC -DPIC -o .libs/eval.lo
gcc -DHAVE_CONFIG_H -I. -I. -I.. -I.. -g -O2 -c eval.c -o eval.o >/dev/null 2>&1
mv -f .libs/eval.lo eval.lo
/bin/sh ../libtool --mode=compile gcc -DHAVE_CONFIG_H -I. -I. -I.. -I..    -g -O2 -c -o solve_quadratic.lo `test -f 'solve_quadratic.c' || echo './'`solve_quadratic.c
rm -f .libs/solve_quadratic.lo
gcc -DHAVE_CONFIG_H -I. -I. -I.. -I.. -g -O2 -c solve_quadratic.c  -fPIC -DPIC -o .libs/solve_quadratic.lo
gcc -DHAVE_CONFIG_H -I. -I. -I.. -I.. -g -O2 -c solve_quadratic.c -o solve_quadratic.o >/dev/null 2>&1
mv -f .libs/solve_quadratic.lo solve_quadratic.lo
/bin/sh ../libtool --mode=compile gcc -DHAVE_CONFIG_H -I. -I. -I.. -I..    -g -O2 -c -o solve_cubic.lo `test -f 'solve_cubic.c' || echo './'`solve_cubic.c
rm -f .libs/solve_cubic.lo
gcc -DHAVE_CONFIG_H -I. -I. -I.. -I.. -g -O2 -c solve_cubic.c  -fPIC -DPIC -o .libs/solve_cubic.lo
gcc -DHAVE_CONFIG_H -I. -I. -I.. -I.. -g -O2 -c solve_cubic.c -o solve_cubic.o >/dev/null 2>&1
mv -f .libs/solve_cubic.lo solve_cubic.lo
/bin/sh ../libtool --mode=compile gcc -DHAVE_CONFIG_H -I. -I. -I.. -I..    -g -O2 -c -o zsolve_quadratic.lo `test -f 'zsolve_quadratic.c' || echo './'`zsolve_quadratic.c
rm -f .libs/zsolve_quadratic.lo
gcc -DHAVE_CONFIG_H -I. -I. -I.. -I.. -g -O2 -c zsolve_quadratic.c  -fPIC -DPIC -o .libs/zsolve_quadratic.lo
gcc -DHAVE_CONFIG_H -I. -I. -I.. -I.. -g -O2 -c zsolve_quadratic.c -o zsolve_quadratic.o >/dev/null 2>&1
mv -f .libs/zsolve_quadratic.lo zsolve_quadratic.lo
/bin/sh ../libtool --mode=compile gcc -DHAVE_CONFIG_H -I. -I. -I.. -I..    -g -O2 -c -o zsolve_cubic.lo `test -f 'zsolve_cubic.c' || echo './'`zsolve_cubic.c
rm -f .libs/zsolve_cubic.lo
gcc -DHAVE_CONFIG_H -I. -I. -I.. -I.. -g -O2 -c zsolve_cubic.c  -fPIC -DPIC -o .libs/zsolve_cubic.lo
gcc -DHAVE_CONFIG_H -I. -I. -I.. -I.. -g -O2 -c zsolve_cubic.c -o zsolve_cubic.o >/dev/null 2>&1
mv -f .libs/zsolve_cubic.lo zsolve_cubic.lo
/bin/sh ../libtool --mode=compile gcc -DHAVE_CONFIG_H -I. -I. -I.. -I..    -g -O2 -c -o zsolve.lo `test -f 'zsolve.c' || echo './'`zsolve.c
rm -f .libs/zsolve.lo
gcc -DHAVE_CONFIG_H -I. -I. -I.. -I.. -g -O2 -c zsolve.c  -fPIC -DPIC -o .libs/zsolve.lo
gcc -DHAVE_CONFIG_H -I. -I. -I.. -I.. -g -O2 -c zsolve.c -o zsolve.o >/dev/null 2>&1
mv -f .libs/zsolve.lo zsolve.lo
/bin/sh ../libtool --mode=compile gcc -DHAVE_CONFIG_H -I. -I. -I.. -I..    -g -O2 -c -o zsolve_init.lo `test -f 'zsolve_init.c' || echo './'`zsolve_init.c
rm -f .libs/zsolve_init.lo
gcc -DHAVE_CONFIG_H -I. -I. -I.. -I.. -g -O2 -c zsolve_init.c  -fPIC -DPIC -o .libs/zsolve_init.lo
gcc -DHAVE_CONFIG_H -I. -I. -I.. -I.. -g -O2 -c zsolve_init.c -o zsolve_init.o >/dev/null 2>&1
mv -f .libs/zsolve_init.lo zsolve_init.lo
/bin/sh ../libtool --mode=link gcc  -g -O2   -o libgslpoly.la   dd.lo eval.lo solve_quadratic.lo solve_cubic.lo zsolve_quadratic.lo zsolve_cubic.lo zsolve.lo zsolve_init.lo  -lm 
rm -fr .libs/libgslpoly.la .libs/libgslpoly.* .libs/libgslpoly.*
ar cru .libs/libgslpoly.al dd.lo eval.lo solve_quadratic.lo solve_cubic.lo zsolve_quadratic.lo zsolve_cubic.lo zsolve.lo zsolve_init.lo
ranlib .libs/libgslpoly.al
creating libgslpoly.la
(cd .libs && rm -f libgslpoly.la && ln -s ../libgslpoly.la libgslpoly.la)
make[5]: Leaving directory `/home/ualusr2011/ual1220/ual1/tools/tars/gsl-1.4/poly'
Making all in fit
make[5]: Entering directory `/home/ualusr2011/ual1220/ual1/tools/tars/gsl-1.4/fit'
/bin/sh ../libtool --mode=compile gcc -DHAVE_CONFIG_H -I. -I. -I.. -I..    -g -O2 -c -o linear.lo `test -f 'linear.c' || echo './'`linear.c
mkdir .libs
gcc -DHAVE_CONFIG_H -I. -I. -I.. -I.. -g -O2 -c linear.c  -fPIC -DPIC -o .libs/linear.lo
gcc -DHAVE_CONFIG_H -I. -I. -I.. -I.. -g -O2 -c linear.c -o linear.o >/dev/null 2>&1
mv -f .libs/linear.lo linear.lo
/bin/sh ../libtool --mode=link gcc  -g -O2   -o libgslfit.la   linear.lo  -lm 
rm -fr .libs/libgslfit.la .libs/libgslfit.* .libs/libgslfit.*
ar cru .libs/libgslfit.al linear.lo
ranlib .libs/libgslfit.al
creating libgslfit.la
(cd .libs && rm -f libgslfit.la && ln -s ../libgslfit.la libgslfit.la)
make[5]: Leaving directory `/home/ualusr2011/ual1220/ual1/tools/tars/gsl-1.4/fit'
Making all in multifit
make[5]: Entering directory `/home/ualusr2011/ual1220/ual1/tools/tars/gsl-1.4/multifit'
/bin/sh ../libtool --mode=compile gcc -DHAVE_CONFIG_H -I. -I. -I.. -I..    -g -O2 -c -o multilinear.lo `test -f 'multilinear.c' || echo './'`multilinear.c
mkdir .libs
gcc -DHAVE_CONFIG_H -I. -I. -I.. -I.. -g -O2 -c multilinear.c  -fPIC -DPIC -o .libs/multilinear.lo
gcc -DHAVE_CONFIG_H -I. -I. -I.. -I.. -g -O2 -c multilinear.c -o multilinear.o >/dev/null 2>&1
mv -f .libs/multilinear.lo multilinear.lo
/bin/sh ../libtool --mode=compile gcc -DHAVE_CONFIG_H -I. -I. -I.. -I..    -g -O2 -c -o work.lo `test -f 'work.c' || echo './'`work.c
rm -f .libs/work.lo
gcc -DHAVE_CONFIG_H -I. -I. -I.. -I.. -g -O2 -c work.c  -fPIC -DPIC -o .libs/work.lo
gcc -DHAVE_CONFIG_H -I. -I. -I.. -I.. -g -O2 -c work.c -o work.o >/dev/null 2>&1
mv -f .libs/work.lo work.lo
/bin/sh ../libtool --mode=compile gcc -DHAVE_CONFIG_H -I. -I. -I.. -I..    -g -O2 -c -o lmder.lo `test -f 'lmder.c' || echo './'`lmder.c
rm -f .libs/lmder.lo
gcc -DHAVE_CONFIG_H -I. -I. -I.. -I.. -g -O2 -c lmder.c  -fPIC -DPIC -o .libs/lmder.lo
gcc -DHAVE_CONFIG_H -I. -I. -I.. -I.. -g -O2 -c lmder.c -o lmder.o >/dev/null 2>&1
mv -f .libs/lmder.lo lmder.lo
/bin/sh ../libtool --mode=compile gcc -DHAVE_CONFIG_H -I. -I. -I.. -I..    -g -O2 -c -o fsolver.lo `test -f 'fsolver.c' || echo './'`fsolver.c
rm -f .libs/fsolver.lo
gcc -DHAVE_CONFIG_H -I. -I. -I.. -I.. -g -O2 -c fsolver.c  -fPIC -DPIC -o .libs/fsolver.lo
gcc -DHAVE_CONFIG_H -I. -I. -I.. -I.. -g -O2 -c fsolver.c -o fsolver.o >/dev/null 2>&1
mv -f .libs/fsolver.lo fsolver.lo
/bin/sh ../libtool --mode=compile gcc -DHAVE_CONFIG_H -I. -I. -I.. -I..    -g -O2 -c -o fdfsolver.lo `test -f 'fdfsolver.c' || echo './'`fdfsolver.c
rm -f .libs/fdfsolver.lo
gcc -DHAVE_CONFIG_H -I. -I. -I.. -I.. -g -O2 -c fdfsolver.c  -fPIC -DPIC -o .libs/fdfsolver.lo
gcc -DHAVE_CONFIG_H -I. -I. -I.. -I.. -g -O2 -c fdfsolver.c -o fdfsolver.o >/dev/null 2>&1
mv -f .libs/fdfsolver.lo fdfsolver.lo
/bin/sh ../libtool --mode=compile gcc -DHAVE_CONFIG_H -I. -I. -I.. -I..    -g -O2 -c -o convergence.lo `test -f 'convergence.c' || echo './'`convergence.c
rm -f .libs/convergence.lo
gcc -DHAVE_CONFIG_H -I. -I. -I.. -I.. -g -O2 -c convergence.c  -fPIC -DPIC -o .libs/convergence.lo
gcc -DHAVE_CONFIG_H -I. -I. -I.. -I.. -g -O2 -c convergence.c -o convergence.o >/dev/null 2>&1
mv -f .libs/convergence.lo convergence.lo
/bin/sh ../libtool --mode=compile gcc -DHAVE_CONFIG_H -I. -I. -I.. -I..    -g -O2 -c -o gradient.lo `test -f 'gradient.c' || echo './'`gradient.c
rm -f .libs/gradient.lo
gcc -DHAVE_CONFIG_H -I. -I. -I.. -I.. -g -O2 -c gradient.c  -fPIC -DPIC -o .libs/gradient.lo
gcc -DHAVE_CONFIG_H -I. -I. -I.. -I.. -g -O2 -c gradient.c -o gradient.o >/dev/null 2>&1
mv -f .libs/gradient.lo gradient.lo
/bin/sh ../libtool --mode=compile gcc -DHAVE_CONFIG_H -I. -I. -I.. -I..    -g -O2 -c -o covar.lo `test -f 'covar.c' || echo './'`covar.c
rm -f .libs/covar.lo
gcc -DHAVE_CONFIG_H -I. -I. -I.. -I.. -g -O2 -c covar.c  -fPIC -DPIC -o .libs/covar.lo
gcc -DHAVE_CONFIG_H -I. -I. -I.. -I.. -g -O2 -c covar.c -o covar.o >/dev/null 2>&1
mv -f .libs/covar.lo covar.lo
/bin/sh ../libtool --mode=link gcc  -g -O2   -o libgslmultifit.la   multilinear.lo work.lo lmder.lo fsolver.lo fdfsolver.lo convergence.lo gradient.lo covar.lo  -lm 
rm -fr .libs/libgslmultifit.la .libs/libgslmultifit.* .libs/libgslmultifit.*
ar cru .libs/libgslmultifit.al multilinear.lo work.lo lmder.lo fsolver.lo fdfsolver.lo convergence.lo gradient.lo covar.lo
ranlib .libs/libgslmultifit.al
creating libgslmultifit.la
(cd .libs && rm -f libgslmultifit.la && ln -s ../libgslmultifit.la libgslmultifit.la)
make[5]: Leaving directory `/home/ualusr2011/ual1220/ual1/tools/tars/gsl-1.4/multifit'
Making all in statistics
make[5]: Entering directory `/home/ualusr2011/ual1220/ual1/tools/tars/gsl-1.4/statistics'
/bin/sh ../libtool --mode=compile gcc -DHAVE_CONFIG_H -I. -I. -I.. -I.. -I..    -g -O2 -c -o mean.lo `test -f 'mean.c' || echo './'`mean.c
mkdir .libs
gcc -DHAVE_CONFIG_H -I. -I. -I.. -I.. -I.. -g -O2 -c mean.c  -fPIC -DPIC -o .libs/mean.lo
gcc -DHAVE_CONFIG_H -I. -I. -I.. -I.. -I.. -g -O2 -c mean.c -o mean.o >/dev/null 2>&1
mv -f .libs/mean.lo mean.lo
/bin/sh ../libtool --mode=compile gcc -DHAVE_CONFIG_H -I. -I. -I.. -I.. -I..    -g -O2 -c -o variance.lo `test -f 'variance.c' || echo './'`variance.c
rm -f .libs/variance.lo
gcc -DHAVE_CONFIG_H -I. -I. -I.. -I.. -I.. -g -O2 -c variance.c  -fPIC -DPIC -o .libs/variance.lo
gcc -DHAVE_CONFIG_H -I. -I. -I.. -I.. -I.. -g -O2 -c variance.c -o variance.o >/dev/null 2>&1
mv -f .libs/variance.lo variance.lo
/bin/sh ../libtool --mode=compile gcc -DHAVE_CONFIG_H -I. -I. -I.. -I.. -I..    -g -O2 -c -o absdev.lo `test -f 'absdev.c' || echo './'`absdev.c
rm -f .libs/absdev.lo
gcc -DHAVE_CONFIG_H -I. -I. -I.. -I.. -I.. -g -O2 -c absdev.c  -fPIC -DPIC -o .libs/absdev.lo
gcc -DHAVE_CONFIG_H -I. -I. -I.. -I.. -I.. -g -O2 -c absdev.c -o absdev.o >/dev/null 2>&1
mv -f .libs/absdev.lo absdev.lo
/bin/sh ../libtool --mode=compile gcc -DHAVE_CONFIG_H -I. -I. -I.. -I.. -I..    -g -O2 -c -o skew.lo `test -f 'skew.c' || echo './'`skew.c
rm -f .libs/skew.lo
gcc -DHAVE_CONFIG_H -I. -I. -I.. -I.. -I.. -g -O2 -c skew.c  -fPIC -DPIC -o .libs/skew.lo
gcc -DHAVE_CONFIG_H -I. -I. -I.. -I.. -I.. -g -O2 -c skew.c -o skew.o >/dev/null 2>&1
mv -f .libs/skew.lo skew.lo
/bin/sh ../libtool --mode=compile gcc -DHAVE_CONFIG_H -I. -I. -I.. -I.. -I..    -g -O2 -c -o kurtosis.lo `test -f 'kurtosis.c' || echo './'`kurtosis.c
rm -f .libs/kurtosis.lo
gcc -DHAVE_CONFIG_H -I. -I. -I.. -I.. -I.. -g -O2 -c kurtosis.c  -fPIC -DPIC -o .libs/kurtosis.lo
gcc -DHAVE_CONFIG_H -I. -I. -I.. -I.. -I.. -g -O2 -c kurtosis.c -o kurtosis.o >/dev/null 2>&1
mv -f .libs/kurtosis.lo kurtosis.lo
/bin/sh ../libtool --mode=compile gcc -DHAVE_CONFIG_H -I. -I. -I.. -I.. -I..    -g -O2 -c -o lag1.lo `test -f 'lag1.c' || echo './'`lag1.c
rm -f .libs/lag1.lo
gcc -DHAVE_CONFIG_H -I. -I. -I.. -I.. -I.. -g -O2 -c lag1.c  -fPIC -DPIC -o .libs/lag1.lo
gcc -DHAVE_CONFIG_H -I. -I. -I.. -I.. -I.. -g -O2 -c lag1.c -o lag1.o >/dev/null 2>&1
mv -f .libs/lag1.lo lag1.lo
/bin/sh ../libtool --mode=compile gcc -DHAVE_CONFIG_H -I. -I. -I.. -I.. -I..    -g -O2 -c -o p_variance.lo `test -f 'p_variance.c' || echo './'`p_variance.c
rm -f .libs/p_variance.lo
gcc -DHAVE_CONFIG_H -I. -I. -I.. -I.. -I.. -g -O2 -c p_variance.c  -fPIC -DPIC -o .libs/p_variance.lo
gcc -DHAVE_CONFIG_H -I. -I. -I.. -I.. -I.. -g -O2 -c p_variance.c -o p_variance.o >/dev/null 2>&1
mv -f .libs/p_variance.lo p_variance.lo
/bin/sh ../libtool --mode=compile gcc -DHAVE_CONFIG_H -I. -I. -I.. -I.. -I..    -g -O2 -c -o minmax.lo `test -f 'minmax.c' || echo './'`minmax.c
rm -f .libs/minmax.lo
gcc -DHAVE_CONFIG_H -I. -I. -I.. -I.. -I.. -g -O2 -c minmax.c  -fPIC -DPIC -o .libs/minmax.lo
gcc -DHAVE_CONFIG_H -I. -I. -I.. -I.. -I.. -g -O2 -c minmax.c -o minmax.o >/dev/null 2>&1
mv -f .libs/minmax.lo minmax.lo
/bin/sh ../libtool --mode=compile gcc -DHAVE_CONFIG_H -I. -I. -I.. -I.. -I..    -g -O2 -c -o ttest.lo `test -f 'ttest.c' || echo './'`ttest.c
rm -f .libs/ttest.lo
gcc -DHAVE_CONFIG_H -I. -I. -I.. -I.. -I.. -g -O2 -c ttest.c  -fPIC -DPIC -o .libs/ttest.lo
gcc -DHAVE_CONFIG_H -I. -I. -I.. -I.. -I.. -g -O2 -c ttest.c -o ttest.o >/dev/null 2>&1
mv -f .libs/ttest.lo ttest.lo
/bin/sh ../libtool --mode=compile gcc -DHAVE_CONFIG_H -I. -I. -I.. -I.. -I..    -g -O2 -c -o median.lo `test -f 'median.c' || echo './'`median.c
rm -f .libs/median.lo
gcc -DHAVE_CONFIG_H -I. -I. -I.. -I.. -I.. -g -O2 -c median.c  -fPIC -DPIC -o .libs/median.lo
gcc -DHAVE_CONFIG_H -I. -I. -I.. -I.. -I.. -g -O2 -c median.c -o median.o >/dev/null 2>&1
mv -f .libs/median.lo median.lo
/bin/sh ../libtool --mode=compile gcc -DHAVE_CONFIG_H -I. -I. -I.. -I.. -I..    -g -O2 -c -o covariance.lo `test -f 'covariance.c' || echo './'`covariance.c
rm -f .libs/covariance.lo
gcc -DHAVE_CONFIG_H -I. -I. -I.. -I.. -I.. -g -O2 -c covariance.c  -fPIC -DPIC -o .libs/covariance.lo
gcc -DHAVE_CONFIG_H -I. -I. -I.. -I.. -I.. -g -O2 -c covariance.c -o covariance.o >/dev/null 2>&1
mv -f .libs/covariance.lo covariance.lo
/bin/sh ../libtool --mode=compile gcc -DHAVE_CONFIG_H -I. -I. -I.. -I.. -I..    -g -O2 -c -o quantiles.lo `test -f 'quantiles.c' || echo './'`quantiles.c
rm -f .libs/quantiles.lo
gcc -DHAVE_CONFIG_H -I. -I. -I.. -I.. -I.. -g -O2 -c quantiles.c  -fPIC -DPIC -o .libs/quantiles.lo
gcc -DHAVE_CONFIG_H -I. -I. -I.. -I.. -I.. -g -O2 -c quantiles.c -o quantiles.o >/dev/null 2>&1
mv -f .libs/quantiles.lo quantiles.lo
/bin/sh ../libtool --mode=compile gcc -DHAVE_CONFIG_H -I. -I. -I.. -I.. -I..    -g -O2 -c -o wmean.lo `test -f 'wmean.c' || echo './'`wmean.c
rm -f .libs/wmean.lo
gcc -DHAVE_CONFIG_H -I. -I. -I.. -I.. -I.. -g -O2 -c wmean.c  -fPIC -DPIC -o .libs/wmean.lo
gcc -DHAVE_CONFIG_H -I. -I. -I.. -I.. -I.. -g -O2 -c wmean.c -o wmean.o >/dev/null 2>&1
mv -f .libs/wmean.lo wmean.lo
/bin/sh ../libtool --mode=compile gcc -DHAVE_CONFIG_H -I. -I. -I.. -I.. -I..    -g -O2 -c -o wvariance.lo `test -f 'wvariance.c' || echo './'`wvariance.c
rm -f .libs/wvariance.lo
gcc -DHAVE_CONFIG_H -I. -I. -I.. -I.. -I.. -g -O2 -c wvariance.c  -fPIC -DPIC -o .libs/wvariance.lo
gcc -DHAVE_CONFIG_H -I. -I. -I.. -I.. -I.. -g -O2 -c wvariance.c -o wvariance.o >/dev/null 2>&1
mv -f .libs/wvariance.lo wvariance.lo
/bin/sh ../libtool --mode=compile gcc -DHAVE_CONFIG_H -I. -I. -I.. -I.. -I..    -g -O2 -c -o wabsdev.lo `test -f 'wabsdev.c' || echo './'`wabsdev.c
rm -f .libs/wabsdev.lo
gcc -DHAVE_CONFIG_H -I. -I. -I.. -I.. -I.. -g -O2 -c wabsdev.c  -fPIC -DPIC -o .libs/wabsdev.lo
gcc -DHAVE_CONFIG_H -I. -I. -I.. -I.. -I.. -g -O2 -c wabsdev.c -o wabsdev.o >/dev/null 2>&1
mv -f .libs/wabsdev.lo wabsdev.lo
/bin/sh ../libtool --mode=compile gcc -DHAVE_CONFIG_H -I. -I. -I.. -I.. -I..    -g -O2 -c -o wskew.lo `test -f 'wskew.c' || echo './'`wskew.c
rm -f .libs/wskew.lo
gcc -DHAVE_CONFIG_H -I. -I. -I.. -I.. -I.. -g -O2 -c wskew.c  -fPIC -DPIC -o .libs/wskew.lo
gcc -DHAVE_CONFIG_H -I. -I. -I.. -I.. -I.. -g -O2 -c wskew.c -o wskew.o >/dev/null 2>&1
mv -f .libs/wskew.lo wskew.lo
/bin/sh ../libtool --mode=compile gcc -DHAVE_CONFIG_H -I. -I. -I.. -I.. -I..    -g -O2 -c -o wkurtosis.lo `test -f 'wkurtosis.c' || echo './'`wkurtosis.c
rm -f .libs/wkurtosis.lo
gcc -DHAVE_CONFIG_H -I. -I. -I.. -I.. -I.. -g -O2 -c wkurtosis.c  -fPIC -DPIC -o .libs/wkurtosis.lo
gcc -DHAVE_CONFIG_H -I. -I. -I.. -I.. -I.. -g -O2 -c wkurtosis.c -o wkurtosis.o >/dev/null 2>&1
mv -f .libs/wkurtosis.lo wkurtosis.lo
/bin/sh ../libtool --mode=link gcc  -g -O2   -o libgslstatistics.la   mean.lo variance.lo absdev.lo skew.lo kurtosis.lo lag1.lo p_variance.lo minmax.lo ttest.lo median.lo covariance.lo quantiles.lo wmean.lo wvariance.lo wabsdev.lo wskew.lo wkurtosis.lo  -lm 
rm -fr .libs/libgslstatistics.la .libs/libgslstatistics.* .libs/libgslstatistics.*
ar cru .libs/libgslstatistics.al mean.lo variance.lo absdev.lo skew.lo kurtosis.lo lag1.lo p_variance.lo minmax.lo ttest.lo median.lo covariance.lo quantiles.lo wmean.lo wvariance.lo wabsdev.lo wskew.lo wkurtosis.lo
ranlib .libs/libgslstatistics.al
creating libgslstatistics.la
(cd .libs && rm -f libgslstatistics.la && ln -s ../libgslstatistics.la libgslstatistics.la)
make[5]: Leaving directory `/home/ualusr2011/ual1220/ual1/tools/tars/gsl-1.4/statistics'
Making all in siman
make[5]: Entering directory `/home/ualusr2011/ual1220/ual1/tools/tars/gsl-1.4/siman'
/bin/sh ../libtool --mode=compile gcc -DHAVE_CONFIG_H -I. -I. -I.. -I..    -g -O2 -c -o siman.lo `test -f 'siman.c' || echo './'`siman.c
mkdir .libs
gcc -DHAVE_CONFIG_H -I. -I. -I.. -I.. -g -O2 -c siman.c  -fPIC -DPIC -o .libs/siman.lo
gcc -DHAVE_CONFIG_H -I. -I. -I.. -I.. -g -O2 -c siman.c -o siman.o >/dev/null 2>&1
mv -f .libs/siman.lo siman.lo
/bin/sh ../libtool --mode=link gcc  -g -O2   -o libgslsiman.la   siman.lo  -lm 
rm -fr .libs/libgslsiman.la .libs/libgslsiman.* .libs/libgslsiman.*
ar cru .libs/libgslsiman.al siman.lo
ranlib .libs/libgslsiman.al
creating libgslsiman.la
(cd .libs && rm -f libgslsiman.la && ln -s ../libgslsiman.la libgslsiman.la)
make[5]: Leaving directory `/home/ualusr2011/ual1220/ual1/tools/tars/gsl-1.4/siman'
Making all in sum
make[5]: Entering directory `/home/ualusr2011/ual1220/ual1/tools/tars/gsl-1.4/sum'
/bin/sh ../libtool --mode=compile gcc -DHAVE_CONFIG_H -I. -I. -I.. -I..    -g -O2 -c -o levin_u.lo `test -f 'levin_u.c' || echo './'`levin_u.c
mkdir .libs
gcc -DHAVE_CONFIG_H -I. -I. -I.. -I.. -g -O2 -c levin_u.c  -fPIC -DPIC -o .libs/levin_u.lo
gcc -DHAVE_CONFIG_H -I. -I. -I.. -I.. -g -O2 -c levin_u.c -o levin_u.o >/dev/null 2>&1
mv -f .libs/levin_u.lo levin_u.lo
/bin/sh ../libtool --mode=compile gcc -DHAVE_CONFIG_H -I. -I. -I.. -I..    -g -O2 -c -o levin_utrunc.lo `test -f 'levin_utrunc.c' || echo './'`levin_utrunc.c
rm -f .libs/levin_utrunc.lo
gcc -DHAVE_CONFIG_H -I. -I. -I.. -I.. -g -O2 -c levin_utrunc.c  -fPIC -DPIC -o .libs/levin_utrunc.lo
gcc -DHAVE_CONFIG_H -I. -I. -I.. -I.. -g -O2 -c levin_utrunc.c -o levin_utrunc.o >/dev/null 2>&1
mv -f .libs/levin_utrunc.lo levin_utrunc.lo
/bin/sh ../libtool --mode=compile gcc -DHAVE_CONFIG_H -I. -I. -I.. -I..    -g -O2 -c -o work_u.lo `test -f 'work_u.c' || echo './'`work_u.c
rm -f .libs/work_u.lo
gcc -DHAVE_CONFIG_H -I. -I. -I.. -I.. -g -O2 -c work_u.c  -fPIC -DPIC -o .libs/work_u.lo
gcc -DHAVE_CONFIG_H -I. -I. -I.. -I.. -g -O2 -c work_u.c -o work_u.o >/dev/null 2>&1
mv -f .libs/work_u.lo work_u.lo
/bin/sh ../libtool --mode=compile gcc -DHAVE_CONFIG_H -I. -I. -I.. -I..    -g -O2 -c -o work_utrunc.lo `test -f 'work_utrunc.c' || echo './'`work_utrunc.c
rm -f .libs/work_utrunc.lo
gcc -DHAVE_CONFIG_H -I. -I. -I.. -I.. -g -O2 -c work_utrunc.c  -fPIC -DPIC -o .libs/work_utrunc.lo
gcc -DHAVE_CONFIG_H -I. -I. -I.. -I.. -g -O2 -c work_utrunc.c -o work_utrunc.o >/dev/null 2>&1
mv -f .libs/work_utrunc.lo work_utrunc.lo
/bin/sh ../libtool --mode=link gcc  -g -O2   -o libgslsum.la   levin_u.lo levin_utrunc.lo work_u.lo work_utrunc.lo  -lm 
rm -fr .libs/libgslsum.la .libs/libgslsum.* .libs/libgslsum.*
ar cru .libs/libgslsum.al levin_u.lo levin_utrunc.lo work_u.lo work_utrunc.lo
ranlib .libs/libgslsum.al
creating libgslsum.la
(cd .libs && rm -f libgslsum.la && ln -s ../libgslsum.la libgslsum.la)
make[5]: Leaving directory `/home/ualusr2011/ual1220/ual1/tools/tars/gsl-1.4/sum'
Making all in integration
make[5]: Entering directory `/home/ualusr2011/ual1220/ual1/tools/tars/gsl-1.4/integration'
/bin/sh ../libtool --mode=compile gcc -DHAVE_CONFIG_H -I. -I. -I.. -I..    -g -O2 -c -o qk15.lo `test -f 'qk15.c' || echo './'`qk15.c
mkdir .libs
gcc -DHAVE_CONFIG_H -I. -I. -I.. -I.. -g -O2 -c qk15.c  -fPIC -DPIC -o .libs/qk15.lo
gcc -DHAVE_CONFIG_H -I. -I. -I.. -I.. -g -O2 -c qk15.c -o qk15.o >/dev/null 2>&1
mv -f .libs/qk15.lo qk15.lo
/bin/sh ../libtool --mode=compile gcc -DHAVE_CONFIG_H -I. -I. -I.. -I..    -g -O2 -c -o qk21.lo `test -f 'qk21.c' || echo './'`qk21.c
rm -f .libs/qk21.lo
gcc -DHAVE_CONFIG_H -I. -I. -I.. -I.. -g -O2 -c qk21.c  -fPIC -DPIC -o .libs/qk21.lo
gcc -DHAVE_CONFIG_H -I. -I. -I.. -I.. -g -O2 -c qk21.c -o qk21.o >/dev/null 2>&1
mv -f .libs/qk21.lo qk21.lo
/bin/sh ../libtool --mode=compile gcc -DHAVE_CONFIG_H -I. -I. -I.. -I..    -g -O2 -c -o qk31.lo `test -f 'qk31.c' || echo './'`qk31.c
rm -f .libs/qk31.lo
gcc -DHAVE_CONFIG_H -I. -I. -I.. -I.. -g -O2 -c qk31.c  -fPIC -DPIC -o .libs/qk31.lo
gcc -DHAVE_CONFIG_H -I. -I. -I.. -I.. -g -O2 -c qk31.c -o qk31.o >/dev/null 2>&1
mv -f .libs/qk31.lo qk31.lo
/bin/sh ../libtool --mode=compile gcc -DHAVE_CONFIG_H -I. -I. -I.. -I..    -g -O2 -c -o qk41.lo `test -f 'qk41.c' || echo './'`qk41.c
rm -f .libs/qk41.lo
gcc -DHAVE_CONFIG_H -I. -I. -I.. -I.. -g -O2 -c qk41.c  -fPIC -DPIC -o .libs/qk41.lo
gcc -DHAVE_CONFIG_H -I. -I. -I.. -I.. -g -O2 -c qk41.c -o qk41.o >/dev/null 2>&1
mv -f .libs/qk41.lo qk41.lo
/bin/sh ../libtool --mode=compile gcc -DHAVE_CONFIG_H -I. -I. -I.. -I..    -g -O2 -c -o qk51.lo `test -f 'qk51.c' || echo './'`qk51.c
rm -f .libs/qk51.lo
gcc -DHAVE_CONFIG_H -I. -I. -I.. -I.. -g -O2 -c qk51.c  -fPIC -DPIC -o .libs/qk51.lo
gcc -DHAVE_CONFIG_H -I. -I. -I.. -I.. -g -O2 -c qk51.c -o qk51.o >/dev/null 2>&1
mv -f .libs/qk51.lo qk51.lo
/bin/sh ../libtool --mode=compile gcc -DHAVE_CONFIG_H -I. -I. -I.. -I..    -g -O2 -c -o qk61.lo `test -f 'qk61.c' || echo './'`qk61.c
rm -f .libs/qk61.lo
gcc -DHAVE_CONFIG_H -I. -I. -I.. -I.. -g -O2 -c qk61.c  -fPIC -DPIC -o .libs/qk61.lo
gcc -DHAVE_CONFIG_H -I. -I. -I.. -I.. -g -O2 -c qk61.c -o qk61.o >/dev/null 2>&1
mv -f .libs/qk61.lo qk61.lo
/bin/sh ../libtool --mode=compile gcc -DHAVE_CONFIG_H -I. -I. -I.. -I..    -g -O2 -c -o qk.lo `test -f 'qk.c' || echo './'`qk.c
rm -f .libs/qk.lo
gcc -DHAVE_CONFIG_H -I. -I. -I.. -I.. -g -O2 -c qk.c  -fPIC -DPIC -o .libs/qk.lo
gcc -DHAVE_CONFIG_H -I. -I. -I.. -I.. -g -O2 -c qk.c -o qk.o >/dev/null 2>&1
mv -f .libs/qk.lo qk.lo
/bin/sh ../libtool --mode=compile gcc -DHAVE_CONFIG_H -I. -I. -I.. -I..    -g -O2 -c -o qng.lo `test -f 'qng.c' || echo './'`qng.c
rm -f .libs/qng.lo
gcc -DHAVE_CONFIG_H -I. -I. -I.. -I.. -g -O2 -c qng.c  -fPIC -DPIC -o .libs/qng.lo
gcc -DHAVE_CONFIG_H -I. -I. -I.. -I.. -g -O2 -c qng.c -o qng.o >/dev/null 2>&1
mv -f .libs/qng.lo qng.lo
/bin/sh ../libtool --mode=compile gcc -DHAVE_CONFIG_H -I. -I. -I.. -I..    -g -O2 -c -o qag.lo `test -f 'qag.c' || echo './'`qag.c
rm -f .libs/qag.lo
gcc -DHAVE_CONFIG_H -I. -I. -I.. -I.. -g -O2 -c qag.c  -fPIC -DPIC -o .libs/qag.lo
gcc -DHAVE_CONFIG_H -I. -I. -I.. -I.. -g -O2 -c qag.c -o qag.o >/dev/null 2>&1
mv -f .libs/qag.lo qag.lo
/bin/sh ../libtool --mode=compile gcc -DHAVE_CONFIG_H -I. -I. -I.. -I..    -g -O2 -c -o qags.lo `test -f 'qags.c' || echo './'`qags.c
rm -f .libs/qags.lo
gcc -DHAVE_CONFIG_H -I. -I. -I.. -I.. -g -O2 -c qags.c  -fPIC -DPIC -o .libs/qags.lo
gcc -DHAVE_CONFIG_H -I. -I. -I.. -I.. -g -O2 -c qags.c -o qags.o >/dev/null 2>&1
mv -f .libs/qags.lo qags.lo
/bin/sh ../libtool --mode=compile gcc -DHAVE_CONFIG_H -I. -I. -I.. -I..    -g -O2 -c -o qagp.lo `test -f 'qagp.c' || echo './'`qagp.c
rm -f .libs/qagp.lo
gcc -DHAVE_CONFIG_H -I. -I. -I.. -I.. -g -O2 -c qagp.c  -fPIC -DPIC -o .libs/qagp.lo
gcc -DHAVE_CONFIG_H -I. -I. -I.. -I.. -g -O2 -c qagp.c -o qagp.o >/dev/null 2>&1
mv -f .libs/qagp.lo qagp.lo
/bin/sh ../libtool --mode=compile gcc -DHAVE_CONFIG_H -I. -I. -I.. -I..    -g -O2 -c -o workspace.lo `test -f 'workspace.c' || echo './'`workspace.c
rm -f .libs/workspace.lo
gcc -DHAVE_CONFIG_H -I. -I. -I.. -I.. -g -O2 -c workspace.c  -fPIC -DPIC -o .libs/workspace.lo
gcc -DHAVE_CONFIG_H -I. -I. -I.. -I.. -g -O2 -c workspace.c -o workspace.o >/dev/null 2>&1
mv -f .libs/workspace.lo workspace.lo
/bin/sh ../libtool --mode=compile gcc -DHAVE_CONFIG_H -I. -I. -I.. -I..    -g -O2 -c -o qcheb.lo `test -f 'qcheb.c' || echo './'`qcheb.c
rm -f .libs/qcheb.lo
gcc -DHAVE_CONFIG_H -I. -I. -I.. -I.. -g -O2 -c qcheb.c  -fPIC -DPIC -o .libs/qcheb.lo
gcc -DHAVE_CONFIG_H -I. -I. -I.. -I.. -g -O2 -c qcheb.c -o qcheb.o >/dev/null 2>&1
mv -f .libs/qcheb.lo qcheb.lo
/bin/sh ../libtool --mode=compile gcc -DHAVE_CONFIG_H -I. -I. -I.. -I..    -g -O2 -c -o qawc.lo `test -f 'qawc.c' || echo './'`qawc.c
rm -f .libs/qawc.lo
gcc -DHAVE_CONFIG_H -I. -I. -I.. -I.. -g -O2 -c qawc.c  -fPIC -DPIC -o .libs/qawc.lo
gcc -DHAVE_CONFIG_H -I. -I. -I.. -I.. -g -O2 -c qawc.c -o qawc.o >/dev/null 2>&1
mv -f .libs/qawc.lo qawc.lo
/bin/sh ../libtool --mode=compile gcc -DHAVE_CONFIG_H -I. -I. -I.. -I..    -g -O2 -c -o qmomo.lo `test -f 'qmomo.c' || echo './'`qmomo.c
rm -f .libs/qmomo.lo
gcc -DHAVE_CONFIG_H -I. -I. -I.. -I.. -g -O2 -c qmomo.c  -fPIC -DPIC -o .libs/qmomo.lo
gcc -DHAVE_CONFIG_H -I. -I. -I.. -I.. -g -O2 -c qmomo.c -o qmomo.o >/dev/null 2>&1
mv -f .libs/qmomo.lo qmomo.lo
/bin/sh ../libtool --mode=compile gcc -DHAVE_CONFIG_H -I. -I. -I.. -I..    -g -O2 -c -o qaws.lo `test -f 'qaws.c' || echo './'`qaws.c
rm -f .libs/qaws.lo
gcc -DHAVE_CONFIG_H -I. -I. -I.. -I.. -g -O2 -c qaws.c  -fPIC -DPIC -o .libs/qaws.lo
gcc -DHAVE_CONFIG_H -I. -I. -I.. -I.. -g -O2 -c qaws.c -o qaws.o >/dev/null 2>&1
mv -f .libs/qaws.lo qaws.lo
/bin/sh ../libtool --mode=compile gcc -DHAVE_CONFIG_H -I. -I. -I.. -I..    -g -O2 -c -o qmomof.lo `test -f 'qmomof.c' || echo './'`qmomof.c
rm -f .libs/qmomof.lo
gcc -DHAVE_CONFIG_H -I. -I. -I.. -I.. -g -O2 -c qmomof.c  -fPIC -DPIC -o .libs/qmomof.lo
gcc -DHAVE_CONFIG_H -I. -I. -I.. -I.. -g -O2 -c qmomof.c -o qmomof.o >/dev/null 2>&1
mv -f .libs/qmomof.lo qmomof.lo
/bin/sh ../libtool --mode=compile gcc -DHAVE_CONFIG_H -I. -I. -I.. -I..    -g -O2 -c -o qawo.lo `test -f 'qawo.c' || echo './'`qawo.c
rm -f .libs/qawo.lo
gcc -DHAVE_CONFIG_H -I. -I. -I.. -I.. -g -O2 -c qawo.c  -fPIC -DPIC -o .libs/qawo.lo
gcc -DHAVE_CONFIG_H -I. -I. -I.. -I.. -g -O2 -c qawo.c -o qawo.o >/dev/null 2>&1
mv -f .libs/qawo.lo qawo.lo
/bin/sh ../libtool --mode=compile gcc -DHAVE_CONFIG_H -I. -I. -I.. -I..    -g -O2 -c -o qawf.lo `test -f 'qawf.c' || echo './'`qawf.c
rm -f .libs/qawf.lo
gcc -DHAVE_CONFIG_H -I. -I. -I.. -I.. -g -O2 -c qawf.c  -fPIC -DPIC -o .libs/qawf.lo
gcc -DHAVE_CONFIG_H -I. -I. -I.. -I.. -g -O2 -c qawf.c -o qawf.o >/dev/null 2>&1
mv -f .libs/qawf.lo qawf.lo
/bin/sh ../libtool --mode=link gcc  -g -O2   -o libgslintegration.la   qk15.lo qk21.lo qk31.lo qk41.lo qk51.lo qk61.lo qk.lo qng.lo qag.lo qags.lo qagp.lo workspace.lo qcheb.lo qawc.lo qmomo.lo qaws.lo qmomof.lo qawo.lo qawf.lo  -lm 
rm -fr .libs/libgslintegration.la .libs/libgslintegration.* .libs/libgslintegration.*
ar cru .libs/libgslintegration.al qk15.lo qk21.lo qk31.lo qk41.lo qk51.lo qk61.lo qk.lo qng.lo qag.lo qags.lo qagp.lo workspace.lo qcheb.lo qawc.lo qmomo.lo qaws.lo qmomof.lo qawo.lo qawf.lo
ranlib .libs/libgslintegration.al
creating libgslintegration.la
(cd .libs && rm -f libgslintegration.la && ln -s ../libgslintegration.la libgslintegration.la)
make[5]: Leaving directory `/home/ualusr2011/ual1220/ual1/tools/tars/gsl-1.4/integration'
Making all in interpolation
make[5]: Entering directory `/home/ualusr2011/ual1220/ual1/tools/tars/gsl-1.4/interpolation'
/bin/sh ../libtool --mode=compile gcc -DHAVE_CONFIG_H -I. -I. -I.. -I..    -g -O2 -c -o accel.lo `test -f 'accel.c' || echo './'`accel.c
mkdir .libs
gcc -DHAVE_CONFIG_H -I. -I. -I.. -I.. -g -O2 -c accel.c  -fPIC -DPIC -o .libs/accel.lo
gcc -DHAVE_CONFIG_H -I. -I. -I.. -I.. -g -O2 -c accel.c -o accel.o >/dev/null 2>&1
mv -f .libs/accel.lo accel.lo
/bin/sh ../libtool --mode=compile gcc -DHAVE_CONFIG_H -I. -I. -I.. -I..    -g -O2 -c -o akima.lo `test -f 'akima.c' || echo './'`akima.c
rm -f .libs/akima.lo
gcc -DHAVE_CONFIG_H -I. -I. -I.. -I.. -g -O2 -c akima.c  -fPIC -DPIC -o .libs/akima.lo
gcc -DHAVE_CONFIG_H -I. -I. -I.. -I.. -g -O2 -c akima.c -o akima.o >/dev/null 2>&1
mv -f .libs/akima.lo akima.lo
/bin/sh ../libtool --mode=compile gcc -DHAVE_CONFIG_H -I. -I. -I.. -I..    -g -O2 -c -o bsearch.lo `test -f 'bsearch.c' || echo './'`bsearch.c
rm -f .libs/bsearch.lo
gcc -DHAVE_CONFIG_H -I. -I. -I.. -I.. -g -O2 -c bsearch.c  -fPIC -DPIC -o .libs/bsearch.lo
gcc -DHAVE_CONFIG_H -I. -I. -I.. -I.. -g -O2 -c bsearch.c -o bsearch.o >/dev/null 2>&1
mv -f .libs/bsearch.lo bsearch.lo
/bin/sh ../libtool --mode=compile gcc -DHAVE_CONFIG_H -I. -I. -I.. -I..    -g -O2 -c -o cspline.lo `test -f 'cspline.c' || echo './'`cspline.c
rm -f .libs/cspline.lo
gcc -DHAVE_CONFIG_H -I. -I. -I.. -I.. -g -O2 -c cspline.c  -fPIC -DPIC -o .libs/cspline.lo
gcc -DHAVE_CONFIG_H -I. -I. -I.. -I.. -g -O2 -c cspline.c -o cspline.o >/dev/null 2>&1
mv -f .libs/cspline.lo cspline.lo
/bin/sh ../libtool --mode=compile gcc -DHAVE_CONFIG_H -I. -I. -I.. -I..    -g -O2 -c -o interp.lo `test -f 'interp.c' || echo './'`interp.c
rm -f .libs/interp.lo
gcc -DHAVE_CONFIG_H -I. -I. -I.. -I.. -g -O2 -c interp.c  -fPIC -DPIC -o .libs/interp.lo
gcc -DHAVE_CONFIG_H -I. -I. -I.. -I.. -g -O2 -c interp.c -o interp.o >/dev/null 2>&1
mv -f .libs/interp.lo interp.lo
/bin/sh ../libtool --mode=compile gcc -DHAVE_CONFIG_H -I. -I. -I.. -I..    -g -O2 -c -o linear.lo `test -f 'linear.c' || echo './'`linear.c
rm -f .libs/linear.lo
gcc -DHAVE_CONFIG_H -I. -I. -I.. -I.. -g -O2 -c linear.c  -fPIC -DPIC -o .libs/linear.lo
gcc -DHAVE_CONFIG_H -I. -I. -I.. -I.. -g -O2 -c linear.c -o linear.o >/dev/null 2>&1
mv -f .libs/linear.lo linear.lo
/bin/sh ../libtool --mode=compile gcc -DHAVE_CONFIG_H -I. -I. -I.. -I..    -g -O2 -c -o spline.lo `test -f 'spline.c' || echo './'`spline.c
rm -f .libs/spline.lo
gcc -DHAVE_CONFIG_H -I. -I. -I.. -I.. -g -O2 -c spline.c  -fPIC -DPIC -o .libs/spline.lo
gcc -DHAVE_CONFIG_H -I. -I. -I.. -I.. -g -O2 -c spline.c -o spline.o >/dev/null 2>&1
mv -f .libs/spline.lo spline.lo
/bin/sh ../libtool --mode=compile gcc -DHAVE_CONFIG_H -I. -I. -I.. -I..    -g -O2 -c -o poly.lo `test -f 'poly.c' || echo './'`poly.c
rm -f .libs/poly.lo
gcc -DHAVE_CONFIG_H -I. -I. -I.. -I.. -g -O2 -c poly.c  -fPIC -DPIC -o .libs/poly.lo
gcc -DHAVE_CONFIG_H -I. -I. -I.. -I.. -g -O2 -c poly.c -o poly.o >/dev/null 2>&1
mv -f .libs/poly.lo poly.lo
/bin/sh ../libtool --mode=link gcc  -g -O2   -o libgslinterpolation.la   accel.lo akima.lo bsearch.lo cspline.lo interp.lo linear.lo spline.lo poly.lo  -lm 
rm -fr .libs/libgslinterpolation.la .libs/libgslinterpolation.* .libs/libgslinterpolation.*
ar cru .libs/libgslinterpolation.al accel.lo akima.lo bsearch.lo cspline.lo interp.lo linear.lo spline.lo poly.lo
ranlib .libs/libgslinterpolation.al
creating libgslinterpolation.la
(cd .libs && rm -f libgslinterpolation.la && ln -s ../libgslinterpolation.la libgslinterpolation.la)
make[5]: Leaving directory `/home/ualusr2011/ual1220/ual1/tools/tars/gsl-1.4/interpolation'
Making all in histogram
make[5]: Entering directory `/home/ualusr2011/ual1220/ual1/tools/tars/gsl-1.4/histogram'
/bin/sh ../libtool --mode=compile gcc -DHAVE_CONFIG_H -I. -I. -I.. -I..    -g -O2 -c -o add.lo `test -f 'add.c' || echo './'`add.c
mkdir .libs
gcc -DHAVE_CONFIG_H -I. -I. -I.. -I.. -g -O2 -c add.c  -fPIC -DPIC -o .libs/add.lo
gcc -DHAVE_CONFIG_H -I. -I. -I.. -I.. -g -O2 -c add.c -o add.o >/dev/null 2>&1
mv -f .libs/add.lo add.lo
/bin/sh ../libtool --mode=compile gcc -DHAVE_CONFIG_H -I. -I. -I.. -I..    -g -O2 -c -o get.lo `test -f 'get.c' || echo './'`get.c
rm -f .libs/get.lo
gcc -DHAVE_CONFIG_H -I. -I. -I.. -I.. -g -O2 -c get.c  -fPIC -DPIC -o .libs/get.lo
gcc -DHAVE_CONFIG_H -I. -I. -I.. -I.. -g -O2 -c get.c -o get.o >/dev/null 2>&1
mv -f .libs/get.lo get.lo
/bin/sh ../libtool --mode=compile gcc -DHAVE_CONFIG_H -I. -I. -I.. -I..    -g -O2 -c -o init.lo `test -f 'init.c' || echo './'`init.c
rm -f .libs/init.lo
gcc -DHAVE_CONFIG_H -I. -I. -I.. -I.. -g -O2 -c init.c  -fPIC -DPIC -o .libs/init.lo
gcc -DHAVE_CONFIG_H -I. -I. -I.. -I.. -g -O2 -c init.c -o init.o >/dev/null 2>&1
mv -f .libs/init.lo init.lo
/bin/sh ../libtool --mode=compile gcc -DHAVE_CONFIG_H -I. -I. -I.. -I..    -g -O2 -c -o params.lo `test -f 'params.c' || echo './'`params.c
rm -f .libs/params.lo
gcc -DHAVE_CONFIG_H -I. -I. -I.. -I.. -g -O2 -c params.c  -fPIC -DPIC -o .libs/params.lo
gcc -DHAVE_CONFIG_H -I. -I. -I.. -I.. -g -O2 -c params.c -o params.o >/dev/null 2>&1
mv -f .libs/params.lo params.lo
/bin/sh ../libtool --mode=compile gcc -DHAVE_CONFIG_H -I. -I. -I.. -I..    -g -O2 -c -o reset.lo `test -f 'reset.c' || echo './'`reset.c
rm -f .libs/reset.lo
gcc -DHAVE_CONFIG_H -I. -I. -I.. -I.. -g -O2 -c reset.c  -fPIC -DPIC -o .libs/reset.lo
gcc -DHAVE_CONFIG_H -I. -I. -I.. -I.. -g -O2 -c reset.c -o reset.o >/dev/null 2>&1
mv -f .libs/reset.lo reset.lo
/bin/sh ../libtool --mode=compile gcc -DHAVE_CONFIG_H -I. -I. -I.. -I..    -g -O2 -c -o file.lo `test -f 'file.c' || echo './'`file.c
rm -f .libs/file.lo
gcc -DHAVE_CONFIG_H -I. -I. -I.. -I.. -g -O2 -c file.c  -fPIC -DPIC -o .libs/file.lo
gcc -DHAVE_CONFIG_H -I. -I. -I.. -I.. -g -O2 -c file.c -o file.o >/dev/null 2>&1
mv -f .libs/file.lo file.lo
/bin/sh ../libtool --mode=compile gcc -DHAVE_CONFIG_H -I. -I. -I.. -I..    -g -O2 -c -o pdf.lo `test -f 'pdf.c' || echo './'`pdf.c
rm -f .libs/pdf.lo
gcc -DHAVE_CONFIG_H -I. -I. -I.. -I.. -g -O2 -c pdf.c  -fPIC -DPIC -o .libs/pdf.lo
gcc -DHAVE_CONFIG_H -I. -I. -I.. -I.. -g -O2 -c pdf.c -o pdf.o >/dev/null 2>&1
mv -f .libs/pdf.lo pdf.lo
/bin/sh ../libtool --mode=compile gcc -DHAVE_CONFIG_H -I. -I. -I.. -I..    -g -O2 -c -o add2d.lo `test -f 'add2d.c' || echo './'`add2d.c
rm -f .libs/add2d.lo
gcc -DHAVE_CONFIG_H -I. -I. -I.. -I.. -g -O2 -c add2d.c  -fPIC -DPIC -o .libs/add2d.lo
gcc -DHAVE_CONFIG_H -I. -I. -I.. -I.. -g -O2 -c add2d.c -o add2d.o >/dev/null 2>&1
mv -f .libs/add2d.lo add2d.lo
/bin/sh ../libtool --mode=compile gcc -DHAVE_CONFIG_H -I. -I. -I.. -I..    -g -O2 -c -o get2d.lo `test -f 'get2d.c' || echo './'`get2d.c
rm -f .libs/get2d.lo
gcc -DHAVE_CONFIG_H -I. -I. -I.. -I.. -g -O2 -c get2d.c  -fPIC -DPIC -o .libs/get2d.lo
gcc -DHAVE_CONFIG_H -I. -I. -I.. -I.. -g -O2 -c get2d.c -o get2d.o >/dev/null 2>&1
mv -f .libs/get2d.lo get2d.lo
/bin/sh ../libtool --mode=compile gcc -DHAVE_CONFIG_H -I. -I. -I.. -I..    -g -O2 -c -o init2d.lo `test -f 'init2d.c' || echo './'`init2d.c
rm -f .libs/init2d.lo
gcc -DHAVE_CONFIG_H -I. -I. -I.. -I.. -g -O2 -c init2d.c  -fPIC -DPIC -o .libs/init2d.lo
gcc -DHAVE_CONFIG_H -I. -I. -I.. -I.. -g -O2 -c init2d.c -o init2d.o >/dev/null 2>&1
mv -f .libs/init2d.lo init2d.lo
/bin/sh ../libtool --mode=compile gcc -DHAVE_CONFIG_H -I. -I. -I.. -I..    -g -O2 -c -o params2d.lo `test -f 'params2d.c' || echo './'`params2d.c
rm -f .libs/params2d.lo
gcc -DHAVE_CONFIG_H -I. -I. -I.. -I.. -g -O2 -c params2d.c  -fPIC -DPIC -o .libs/params2d.lo
gcc -DHAVE_CONFIG_H -I. -I. -I.. -I.. -g -O2 -c params2d.c -o params2d.o >/dev/null 2>&1
mv -f .libs/params2d.lo params2d.lo
/bin/sh ../libtool --mode=compile gcc -DHAVE_CONFIG_H -I. -I. -I.. -I..    -g -O2 -c -o reset2d.lo `test -f 'reset2d.c' || echo './'`reset2d.c
rm -f .libs/reset2d.lo
gcc -DHAVE_CONFIG_H -I. -I. -I.. -I.. -g -O2 -c reset2d.c  -fPIC -DPIC -o .libs/reset2d.lo
gcc -DHAVE_CONFIG_H -I. -I. -I.. -I.. -g -O2 -c reset2d.c -o reset2d.o >/dev/null 2>&1
mv -f .libs/reset2d.lo reset2d.lo
/bin/sh ../libtool --mode=compile gcc -DHAVE_CONFIG_H -I. -I. -I.. -I..    -g -O2 -c -o file2d.lo `test -f 'file2d.c' || echo './'`file2d.c
rm -f .libs/file2d.lo
gcc -DHAVE_CONFIG_H -I. -I. -I.. -I.. -g -O2 -c file2d.c  -fPIC -DPIC -o .libs/file2d.lo
gcc -DHAVE_CONFIG_H -I. -I. -I.. -I.. -g -O2 -c file2d.c -o file2d.o >/dev/null 2>&1
mv -f .libs/file2d.lo file2d.lo
/bin/sh ../libtool --mode=compile gcc -DHAVE_CONFIG_H -I. -I. -I.. -I..    -g -O2 -c -o pdf2d.lo `test -f 'pdf2d.c' || echo './'`pdf2d.c
rm -f .libs/pdf2d.lo
gcc -DHAVE_CONFIG_H -I. -I. -I.. -I.. -g -O2 -c pdf2d.c  -fPIC -DPIC -o .libs/pdf2d.lo
gcc -DHAVE_CONFIG_H -I. -I. -I.. -I.. -g -O2 -c pdf2d.c -o pdf2d.o >/dev/null 2>&1
mv -f .libs/pdf2d.lo pdf2d.lo
/bin/sh ../libtool --mode=compile gcc -DHAVE_CONFIG_H -I. -I. -I.. -I..    -g -O2 -c -o calloc_range.lo `test -f 'calloc_range.c' || echo './'`calloc_range.c
rm -f .libs/calloc_range.lo
gcc -DHAVE_CONFIG_H -I. -I. -I.. -I.. -g -O2 -c calloc_range.c  -fPIC -DPIC -o .libs/calloc_range.lo
gcc -DHAVE_CONFIG_H -I. -I. -I.. -I.. -g -O2 -c calloc_range.c -o calloc_range.o >/dev/null 2>&1
mv -f .libs/calloc_range.lo calloc_range.lo
/bin/sh ../libtool --mode=compile gcc -DHAVE_CONFIG_H -I. -I. -I.. -I..    -g -O2 -c -o calloc_range2d.lo `test -f 'calloc_range2d.c' || echo './'`calloc_range2d.c
rm -f .libs/calloc_range2d.lo
gcc -DHAVE_CONFIG_H -I. -I. -I.. -I.. -g -O2 -c calloc_range2d.c  -fPIC -DPIC -o .libs/calloc_range2d.lo
gcc -DHAVE_CONFIG_H -I. -I. -I.. -I.. -g -O2 -c calloc_range2d.c -o calloc_range2d.o >/dev/null 2>&1
mv -f .libs/calloc_range2d.lo calloc_range2d.lo
/bin/sh ../libtool --mode=compile gcc -DHAVE_CONFIG_H -I. -I. -I.. -I..    -g -O2 -c -o copy.lo `test -f 'copy.c' || echo './'`copy.c
rm -f .libs/copy.lo
gcc -DHAVE_CONFIG_H -I. -I. -I.. -I.. -g -O2 -c copy.c  -fPIC -DPIC -o .libs/copy.lo
gcc -DHAVE_CONFIG_H -I. -I. -I.. -I.. -g -O2 -c copy.c -o copy.o >/dev/null 2>&1
mv -f .libs/copy.lo copy.lo
/bin/sh ../libtool --mode=compile gcc -DHAVE_CONFIG_H -I. -I. -I.. -I..    -g -O2 -c -o copy2d.lo `test -f 'copy2d.c' || echo './'`copy2d.c
rm -f .libs/copy2d.lo
gcc -DHAVE_CONFIG_H -I. -I. -I.. -I.. -g -O2 -c copy2d.c  -fPIC -DPIC -o .libs/copy2d.lo
gcc -DHAVE_CONFIG_H -I. -I. -I.. -I.. -g -O2 -c copy2d.c -o copy2d.o >/dev/null 2>&1
mv -f .libs/copy2d.lo copy2d.lo
/bin/sh ../libtool --mode=compile gcc -DHAVE_CONFIG_H -I. -I. -I.. -I..    -g -O2 -c -o maxval.lo `test -f 'maxval.c' || echo './'`maxval.c
rm -f .libs/maxval.lo
gcc -DHAVE_CONFIG_H -I. -I. -I.. -I.. -g -O2 -c maxval.c  -fPIC -DPIC -o .libs/maxval.lo
gcc -DHAVE_CONFIG_H -I. -I. -I.. -I.. -g -O2 -c maxval.c -o maxval.o >/dev/null 2>&1
mv -f .libs/maxval.lo maxval.lo
/bin/sh ../libtool --mode=compile gcc -DHAVE_CONFIG_H -I. -I. -I.. -I..    -g -O2 -c -o maxval2d.lo `test -f 'maxval2d.c' || echo './'`maxval2d.c
rm -f .libs/maxval2d.lo
gcc -DHAVE_CONFIG_H -I. -I. -I.. -I.. -g -O2 -c maxval2d.c  -fPIC -DPIC -o .libs/maxval2d.lo
gcc -DHAVE_CONFIG_H -I. -I. -I.. -I.. -g -O2 -c maxval2d.c -o maxval2d.o >/dev/null 2>&1
mv -f .libs/maxval2d.lo maxval2d.lo
/bin/sh ../libtool --mode=compile gcc -DHAVE_CONFIG_H -I. -I. -I.. -I..    -g -O2 -c -o oper.lo `test -f 'oper.c' || echo './'`oper.c
rm -f .libs/oper.lo
gcc -DHAVE_CONFIG_H -I. -I. -I.. -I.. -g -O2 -c oper.c  -fPIC -DPIC -o .libs/oper.lo
gcc -DHAVE_CONFIG_H -I. -I. -I.. -I.. -g -O2 -c oper.c -o oper.o >/dev/null 2>&1
mv -f .libs/oper.lo oper.lo
/bin/sh ../libtool --mode=compile gcc -DHAVE_CONFIG_H -I. -I. -I.. -I..    -g -O2 -c -o oper2d.lo `test -f 'oper2d.c' || echo './'`oper2d.c
rm -f .libs/oper2d.lo
gcc -DHAVE_CONFIG_H -I. -I. -I.. -I.. -g -O2 -c oper2d.c  -fPIC -DPIC -o .libs/oper2d.lo
gcc -DHAVE_CONFIG_H -I. -I. -I.. -I.. -g -O2 -c oper2d.c -o oper2d.o >/dev/null 2>&1
mv -f .libs/oper2d.lo oper2d.lo
/bin/sh ../libtool --mode=compile gcc -DHAVE_CONFIG_H -I. -I. -I.. -I..    -g -O2 -c -o stat.lo `test -f 'stat.c' || echo './'`stat.c
rm -f .libs/stat.lo
gcc -DHAVE_CONFIG_H -I. -I. -I.. -I.. -g -O2 -c stat.c  -fPIC -DPIC -o .libs/stat.lo
gcc -DHAVE_CONFIG_H -I. -I. -I.. -I.. -g -O2 -c stat.c -o stat.o >/dev/null 2>&1
mv -f .libs/stat.lo stat.lo
/bin/sh ../libtool --mode=compile gcc -DHAVE_CONFIG_H -I. -I. -I.. -I..    -g -O2 -c -o stat2d.lo `test -f 'stat2d.c' || echo './'`stat2d.c
rm -f .libs/stat2d.lo
gcc -DHAVE_CONFIG_H -I. -I. -I.. -I.. -g -O2 -c stat2d.c  -fPIC -DPIC -o .libs/stat2d.lo
gcc -DHAVE_CONFIG_H -I. -I. -I.. -I.. -g -O2 -c stat2d.c -o stat2d.o >/dev/null 2>&1
mv -f .libs/stat2d.lo stat2d.lo
/bin/sh ../libtool --mode=link gcc  -g -O2   -o libgslhistogram.la   add.lo get.lo init.lo params.lo reset.lo file.lo pdf.lo add2d.lo get2d.lo init2d.lo params2d.lo reset2d.lo file2d.lo pdf2d.lo calloc_range.lo calloc_range2d.lo copy.lo copy2d.lo maxval.lo maxval2d.lo oper.lo oper2d.lo stat.lo stat2d.lo  -lm 
rm -fr .libs/libgslhistogram.la .libs/libgslhistogram.* .libs/libgslhistogram.*
ar cru .libs/libgslhistogram.al add.lo get.lo init.lo params.lo reset.lo file.lo pdf.lo add2d.lo get2d.lo init2d.lo params2d.lo reset2d.lo file2d.lo pdf2d.lo calloc_range.lo calloc_range2d.lo copy.lo copy2d.lo maxval.lo maxval2d.lo oper.lo oper2d.lo stat.lo stat2d.lo
ranlib .libs/libgslhistogram.al
creating libgslhistogram.la
(cd .libs && rm -f libgslhistogram.la && ln -s ../libgslhistogram.la libgslhistogram.la)
make[5]: Leaving directory `/home/ualusr2011/ual1220/ual1/tools/tars/gsl-1.4/histogram'
Making all in ode-initval
make[5]: Entering directory `/home/ualusr2011/ual1220/ual1/tools/tars/gsl-1.4/ode-initval'
/bin/sh ../libtool --mode=compile gcc -DHAVE_CONFIG_H -I. -I. -I.. -I..    -g -O2 -c -o control.lo `test -f 'control.c' || echo './'`control.c
mkdir .libs
gcc -DHAVE_CONFIG_H -I. -I. -I.. -I.. -g -O2 -c control.c  -fPIC -DPIC -o .libs/control.lo
gcc -DHAVE_CONFIG_H -I. -I. -I.. -I.. -g -O2 -c control.c -o control.o >/dev/null 2>&1
mv -f .libs/control.lo control.lo
/bin/sh ../libtool --mode=compile gcc -DHAVE_CONFIG_H -I. -I. -I.. -I..    -g -O2 -c -o cstd.lo `test -f 'cstd.c' || echo './'`cstd.c
rm -f .libs/cstd.lo
gcc -DHAVE_CONFIG_H -I. -I. -I.. -I.. -g -O2 -c cstd.c  -fPIC -DPIC -o .libs/cstd.lo
gcc -DHAVE_CONFIG_H -I. -I. -I.. -I.. -g -O2 -c cstd.c -o cstd.o >/dev/null 2>&1
mv -f .libs/cstd.lo cstd.lo
/bin/sh ../libtool --mode=compile gcc -DHAVE_CONFIG_H -I. -I. -I.. -I..    -g -O2 -c -o cscal.lo `test -f 'cscal.c' || echo './'`cscal.c
rm -f .libs/cscal.lo
gcc -DHAVE_CONFIG_H -I. -I. -I.. -I.. -g -O2 -c cscal.c  -fPIC -DPIC -o .libs/cscal.lo
gcc -DHAVE_CONFIG_H -I. -I. -I.. -I.. -g -O2 -c cscal.c -o cscal.o >/dev/null 2>&1
mv -f .libs/cscal.lo cscal.lo
/bin/sh ../libtool --mode=compile gcc -DHAVE_CONFIG_H -I. -I. -I.. -I..    -g -O2 -c -o evolve.lo `test -f 'evolve.c' || echo './'`evolve.c
rm -f .libs/evolve.lo
gcc -DHAVE_CONFIG_H -I. -I. -I.. -I.. -g -O2 -c evolve.c  -fPIC -DPIC -o .libs/evolve.lo
gcc -DHAVE_CONFIG_H -I. -I. -I.. -I.. -g -O2 -c evolve.c -o evolve.o >/dev/null 2>&1
mv -f .libs/evolve.lo evolve.lo
/bin/sh ../libtool --mode=compile gcc -DHAVE_CONFIG_H -I. -I. -I.. -I..    -g -O2 -c -o step.lo `test -f 'step.c' || echo './'`step.c
rm -f .libs/step.lo
gcc -DHAVE_CONFIG_H -I. -I. -I.. -I.. -g -O2 -c step.c  -fPIC -DPIC -o .libs/step.lo
gcc -DHAVE_CONFIG_H -I. -I. -I.. -I.. -g -O2 -c step.c -o step.o >/dev/null 2>&1
mv -f .libs/step.lo step.lo
/bin/sh ../libtool --mode=compile gcc -DHAVE_CONFIG_H -I. -I. -I.. -I..    -g -O2 -c -o rk2.lo `test -f 'rk2.c' || echo './'`rk2.c
rm -f .libs/rk2.lo
gcc -DHAVE_CONFIG_H -I. -I. -I.. -I.. -g -O2 -c rk2.c  -fPIC -DPIC -o .libs/rk2.lo
gcc -DHAVE_CONFIG_H -I. -I. -I.. -I.. -g -O2 -c rk2.c -o rk2.o >/dev/null 2>&1
mv -f .libs/rk2.lo rk2.lo
/bin/sh ../libtool --mode=compile gcc -DHAVE_CONFIG_H -I. -I. -I.. -I..    -g -O2 -c -o rk2imp.lo `test -f 'rk2imp.c' || echo './'`rk2imp.c
rm -f .libs/rk2imp.lo
gcc -DHAVE_CONFIG_H -I. -I. -I.. -I.. -g -O2 -c rk2imp.c  -fPIC -DPIC -o .libs/rk2imp.lo
gcc -DHAVE_CONFIG_H -I. -I. -I.. -I.. -g -O2 -c rk2imp.c -o rk2imp.o >/dev/null 2>&1
mv -f .libs/rk2imp.lo rk2imp.lo
/bin/sh ../libtool --mode=compile gcc -DHAVE_CONFIG_H -I. -I. -I.. -I..    -g -O2 -c -o rk4.lo `test -f 'rk4.c' || echo './'`rk4.c
rm -f .libs/rk4.lo
gcc -DHAVE_CONFIG_H -I. -I. -I.. -I.. -g -O2 -c rk4.c  -fPIC -DPIC -o .libs/rk4.lo
gcc -DHAVE_CONFIG_H -I. -I. -I.. -I.. -g -O2 -c rk4.c -o rk4.o >/dev/null 2>&1
mv -f .libs/rk4.lo rk4.lo
/bin/sh ../libtool --mode=compile gcc -DHAVE_CONFIG_H -I. -I. -I.. -I..    -g -O2 -c -o rk4imp.lo `test -f 'rk4imp.c' || echo './'`rk4imp.c
rm -f .libs/rk4imp.lo
gcc -DHAVE_CONFIG_H -I. -I. -I.. -I.. -g -O2 -c rk4imp.c  -fPIC -DPIC -o .libs/rk4imp.lo
gcc -DHAVE_CONFIG_H -I. -I. -I.. -I.. -g -O2 -c rk4imp.c -o rk4imp.o >/dev/null 2>&1
mv -f .libs/rk4imp.lo rk4imp.lo
/bin/sh ../libtool --mode=compile gcc -DHAVE_CONFIG_H -I. -I. -I.. -I..    -g -O2 -c -o rkf45.lo `test -f 'rkf45.c' || echo './'`rkf45.c
rm -f .libs/rkf45.lo
gcc -DHAVE_CONFIG_H -I. -I. -I.. -I.. -g -O2 -c rkf45.c  -fPIC -DPIC -o .libs/rkf45.lo
gcc -DHAVE_CONFIG_H -I. -I. -I.. -I.. -g -O2 -c rkf45.c -o rkf45.o >/dev/null 2>&1
mv -f .libs/rkf45.lo rkf45.lo
/bin/sh ../libtool --mode=compile gcc -DHAVE_CONFIG_H -I. -I. -I.. -I..    -g -O2 -c -o rk8pd.lo `test -f 'rk8pd.c' || echo './'`rk8pd.c
rm -f .libs/rk8pd.lo
gcc -DHAVE_CONFIG_H -I. -I. -I.. -I.. -g -O2 -c rk8pd.c  -fPIC -DPIC -o .libs/rk8pd.lo
gcc -DHAVE_CONFIG_H -I. -I. -I.. -I.. -g -O2 -c rk8pd.c -o rk8pd.o >/dev/null 2>&1
mv -f .libs/rk8pd.lo rk8pd.lo
/bin/sh ../libtool --mode=compile gcc -DHAVE_CONFIG_H -I. -I. -I.. -I..    -g -O2 -c -o rkck.lo `test -f 'rkck.c' || echo './'`rkck.c
rm -f .libs/rkck.lo
gcc -DHAVE_CONFIG_H -I. -I. -I.. -I.. -g -O2 -c rkck.c  -fPIC -DPIC -o .libs/rkck.lo
gcc -DHAVE_CONFIG_H -I. -I. -I.. -I.. -g -O2 -c rkck.c -o rkck.o >/dev/null 2>&1
mv -f .libs/rkck.lo rkck.lo
/bin/sh ../libtool --mode=compile gcc -DHAVE_CONFIG_H -I. -I. -I.. -I..    -g -O2 -c -o bsimp.lo `test -f 'bsimp.c' || echo './'`bsimp.c
rm -f .libs/bsimp.lo
gcc -DHAVE_CONFIG_H -I. -I. -I.. -I.. -g -O2 -c bsimp.c  -fPIC -DPIC -o .libs/bsimp.lo
gcc -DHAVE_CONFIG_H -I. -I. -I.. -I.. -g -O2 -c bsimp.c -o bsimp.o >/dev/null 2>&1
mv -f .libs/bsimp.lo bsimp.lo
/bin/sh ../libtool --mode=compile gcc -DHAVE_CONFIG_H -I. -I. -I.. -I..    -g -O2 -c -o gear1.lo `test -f 'gear1.c' || echo './'`gear1.c
rm -f .libs/gear1.lo
gcc -DHAVE_CONFIG_H -I. -I. -I.. -I.. -g -O2 -c gear1.c  -fPIC -DPIC -o .libs/gear1.lo
gcc -DHAVE_CONFIG_H -I. -I. -I.. -I.. -g -O2 -c gear1.c -o gear1.o >/dev/null 2>&1
mv -f .libs/gear1.lo gear1.lo
/bin/sh ../libtool --mode=compile gcc -DHAVE_CONFIG_H -I. -I. -I.. -I..    -g -O2 -c -o gear2.lo `test -f 'gear2.c' || echo './'`gear2.c
rm -f .libs/gear2.lo
gcc -DHAVE_CONFIG_H -I. -I. -I.. -I.. -g -O2 -c gear2.c  -fPIC -DPIC -o .libs/gear2.lo
gcc -DHAVE_CONFIG_H -I. -I. -I.. -I.. -g -O2 -c gear2.c -o gear2.o >/dev/null 2>&1
mv -f .libs/gear2.lo gear2.lo
/bin/sh ../libtool --mode=link gcc  -g -O2   -o libgslodeiv.la   control.lo cstd.lo cscal.lo evolve.lo step.lo rk2.lo rk2imp.lo rk4.lo rk4imp.lo rkf45.lo rk8pd.lo rkck.lo bsimp.lo gear1.lo gear2.lo  -lm 
rm -fr .libs/libgslodeiv.la .libs/libgslodeiv.* .libs/libgslodeiv.*
ar cru .libs/libgslodeiv.al control.lo cstd.lo cscal.lo evolve.lo step.lo rk2.lo rk2imp.lo rk4.lo rk4imp.lo rkf45.lo rk8pd.lo rkck.lo bsimp.lo gear1.lo gear2.lo
ranlib .libs/libgslodeiv.al
creating libgslodeiv.la
(cd .libs && rm -f libgslodeiv.la && ln -s ../libgslodeiv.la libgslodeiv.la)
make[5]: Leaving directory `/home/ualusr2011/ual1220/ual1/tools/tars/gsl-1.4/ode-initval'
Making all in roots
make[5]: Entering directory `/home/ualusr2011/ual1220/ual1/tools/tars/gsl-1.4/roots'
/bin/sh ../libtool --mode=compile gcc -DHAVE_CONFIG_H -I. -I. -I.. -I..    -g -O2 -c -o bisection.lo `test -f 'bisection.c' || echo './'`bisection.c
mkdir .libs
gcc -DHAVE_CONFIG_H -I. -I. -I.. -I.. -g -O2 -c bisection.c  -fPIC -DPIC -o .libs/bisection.lo
gcc -DHAVE_CONFIG_H -I. -I. -I.. -I.. -g -O2 -c bisection.c -o bisection.o >/dev/null 2>&1
mv -f .libs/bisection.lo bisection.lo
/bin/sh ../libtool --mode=compile gcc -DHAVE_CONFIG_H -I. -I. -I.. -I..    -g -O2 -c -o brent.lo `test -f 'brent.c' || echo './'`brent.c
rm -f .libs/brent.lo
gcc -DHAVE_CONFIG_H -I. -I. -I.. -I.. -g -O2 -c brent.c  -fPIC -DPIC -o .libs/brent.lo
gcc -DHAVE_CONFIG_H -I. -I. -I.. -I.. -g -O2 -c brent.c -o brent.o >/dev/null 2>&1
mv -f .libs/brent.lo brent.lo
/bin/sh ../libtool --mode=compile gcc -DHAVE_CONFIG_H -I. -I. -I.. -I..    -g -O2 -c -o falsepos.lo `test -f 'falsepos.c' || echo './'`falsepos.c
rm -f .libs/falsepos.lo
gcc -DHAVE_CONFIG_H -I. -I. -I.. -I.. -g -O2 -c falsepos.c  -fPIC -DPIC -o .libs/falsepos.lo
gcc -DHAVE_CONFIG_H -I. -I. -I.. -I.. -g -O2 -c falsepos.c -o falsepos.o >/dev/null 2>&1
mv -f .libs/falsepos.lo falsepos.lo
/bin/sh ../libtool --mode=compile gcc -DHAVE_CONFIG_H -I. -I. -I.. -I..    -g -O2 -c -o newton.lo `test -f 'newton.c' || echo './'`newton.c
rm -f .libs/newton.lo
gcc -DHAVE_CONFIG_H -I. -I. -I.. -I.. -g -O2 -c newton.c  -fPIC -DPIC -o .libs/newton.lo
gcc -DHAVE_CONFIG_H -I. -I. -I.. -I.. -g -O2 -c newton.c -o newton.o >/dev/null 2>&1
mv -f .libs/newton.lo newton.lo
/bin/sh ../libtool --mode=compile gcc -DHAVE_CONFIG_H -I. -I. -I.. -I..    -g -O2 -c -o secant.lo `test -f 'secant.c' || echo './'`secant.c
rm -f .libs/secant.lo
gcc -DHAVE_CONFIG_H -I. -I. -I.. -I.. -g -O2 -c secant.c  -fPIC -DPIC -o .libs/secant.lo
gcc -DHAVE_CONFIG_H -I. -I. -I.. -I.. -g -O2 -c secant.c -o secant.o >/dev/null 2>&1
mv -f .libs/secant.lo secant.lo
/bin/sh ../libtool --mode=compile gcc -DHAVE_CONFIG_H -I. -I. -I.. -I..    -g -O2 -c -o steffenson.lo `test -f 'steffenson.c' || echo './'`steffenson.c
rm -f .libs/steffenson.lo
gcc -DHAVE_CONFIG_H -I. -I. -I.. -I.. -g -O2 -c steffenson.c  -fPIC -DPIC -o .libs/steffenson.lo
gcc -DHAVE_CONFIG_H -I. -I. -I.. -I.. -g -O2 -c steffenson.c -o steffenson.o >/dev/null 2>&1
mv -f .libs/steffenson.lo steffenson.lo
/bin/sh ../libtool --mode=compile gcc -DHAVE_CONFIG_H -I. -I. -I.. -I..    -g -O2 -c -o convergence.lo `test -f 'convergence.c' || echo './'`convergence.c
rm -f .libs/convergence.lo
gcc -DHAVE_CONFIG_H -I. -I. -I.. -I.. -g -O2 -c convergence.c  -fPIC -DPIC -o .libs/convergence.lo
gcc -DHAVE_CONFIG_H -I. -I. -I.. -I.. -g -O2 -c convergence.c -o convergence.o >/dev/null 2>&1
mv -f .libs/convergence.lo convergence.lo
/bin/sh ../libtool --mode=compile gcc -DHAVE_CONFIG_H -I. -I. -I.. -I..    -g -O2 -c -o fsolver.lo `test -f 'fsolver.c' || echo './'`fsolver.c
rm -f .libs/fsolver.lo
gcc -DHAVE_CONFIG_H -I. -I. -I.. -I.. -g -O2 -c fsolver.c  -fPIC -DPIC -o .libs/fsolver.lo
gcc -DHAVE_CONFIG_H -I. -I. -I.. -I.. -g -O2 -c fsolver.c -o fsolver.o >/dev/null 2>&1
mv -f .libs/fsolver.lo fsolver.lo
/bin/sh ../libtool --mode=compile gcc -DHAVE_CONFIG_H -I. -I. -I.. -I..    -g -O2 -c -o fdfsolver.lo `test -f 'fdfsolver.c' || echo './'`fdfsolver.c
rm -f .libs/fdfsolver.lo
gcc -DHAVE_CONFIG_H -I. -I. -I.. -I.. -g -O2 -c fdfsolver.c  -fPIC -DPIC -o .libs/fdfsolver.lo
gcc -DHAVE_CONFIG_H -I. -I. -I.. -I.. -g -O2 -c fdfsolver.c -o fdfsolver.o >/dev/null 2>&1
mv -f .libs/fdfsolver.lo fdfsolver.lo
/bin/sh ../libtool --mode=link gcc  -g -O2   -o libgslroots.la   bisection.lo brent.lo falsepos.lo newton.lo secant.lo steffenson.lo convergence.lo fsolver.lo fdfsolver.lo  -lm 
rm -fr .libs/libgslroots.la .libs/libgslroots.* .libs/libgslroots.*
ar cru .libs/libgslroots.al bisection.lo brent.lo falsepos.lo newton.lo secant.lo steffenson.lo convergence.lo fsolver.lo fdfsolver.lo
ranlib .libs/libgslroots.al
creating libgslroots.la
(cd .libs && rm -f libgslroots.la && ln -s ../libgslroots.la libgslroots.la)
make[5]: Leaving directory `/home/ualusr2011/ual1220/ual1/tools/tars/gsl-1.4/roots'
Making all in multiroots
make[5]: Entering directory `/home/ualusr2011/ual1220/ual1/tools/tars/gsl-1.4/multiroots'
/bin/sh ../libtool --mode=compile gcc -DHAVE_CONFIG_H -I. -I. -I.. -I..    -g -O2 -c -o fdjac.lo `test -f 'fdjac.c' || echo './'`fdjac.c
mkdir .libs
gcc -DHAVE_CONFIG_H -I. -I. -I.. -I.. -g -O2 -c fdjac.c  -fPIC -DPIC -o .libs/fdjac.lo
gcc -DHAVE_CONFIG_H -I. -I. -I.. -I.. -g -O2 -c fdjac.c -o fdjac.o >/dev/null 2>&1
mv -f .libs/fdjac.lo fdjac.lo
/bin/sh ../libtool --mode=compile gcc -DHAVE_CONFIG_H -I. -I. -I.. -I..    -g -O2 -c -o fsolver.lo `test -f 'fsolver.c' || echo './'`fsolver.c
rm -f .libs/fsolver.lo
gcc -DHAVE_CONFIG_H -I. -I. -I.. -I.. -g -O2 -c fsolver.c  -fPIC -DPIC -o .libs/fsolver.lo
gcc -DHAVE_CONFIG_H -I. -I. -I.. -I.. -g -O2 -c fsolver.c -o fsolver.o >/dev/null 2>&1
mv -f .libs/fsolver.lo fsolver.lo
/bin/sh ../libtool --mode=compile gcc -DHAVE_CONFIG_H -I. -I. -I.. -I..    -g -O2 -c -o fdfsolver.lo `test -f 'fdfsolver.c' || echo './'`fdfsolver.c
rm -f .libs/fdfsolver.lo
gcc -DHAVE_CONFIG_H -I. -I. -I.. -I.. -g -O2 -c fdfsolver.c  -fPIC -DPIC -o .libs/fdfsolver.lo
gcc -DHAVE_CONFIG_H -I. -I. -I.. -I.. -g -O2 -c fdfsolver.c -o fdfsolver.o >/dev/null 2>&1
mv -f .libs/fdfsolver.lo fdfsolver.lo
/bin/sh ../libtool --mode=compile gcc -DHAVE_CONFIG_H -I. -I. -I.. -I..    -g -O2 -c -o convergence.lo `test -f 'convergence.c' || echo './'`convergence.c
rm -f .libs/convergence.lo
gcc -DHAVE_CONFIG_H -I. -I. -I.. -I.. -g -O2 -c convergence.c  -fPIC -DPIC -o .libs/convergence.lo
gcc -DHAVE_CONFIG_H -I. -I. -I.. -I.. -g -O2 -c convergence.c -o convergence.o >/dev/null 2>&1
mv -f .libs/convergence.lo convergence.lo
/bin/sh ../libtool --mode=compile gcc -DHAVE_CONFIG_H -I. -I. -I.. -I..    -g -O2 -c -o newton.lo `test -f 'newton.c' || echo './'`newton.c
rm -f .libs/newton.lo
gcc -DHAVE_CONFIG_H -I. -I. -I.. -I.. -g -O2 -c newton.c  -fPIC -DPIC -o .libs/newton.lo
gcc -DHAVE_CONFIG_H -I. -I. -I.. -I.. -g -O2 -c newton.c -o newton.o >/dev/null 2>&1
mv -f .libs/newton.lo newton.lo
/bin/sh ../libtool --mode=compile gcc -DHAVE_CONFIG_H -I. -I. -I.. -I..    -g -O2 -c -o gnewton.lo `test -f 'gnewton.c' || echo './'`gnewton.c
rm -f .libs/gnewton.lo
gcc -DHAVE_CONFIG_H -I. -I. -I.. -I.. -g -O2 -c gnewton.c  -fPIC -DPIC -o .libs/gnewton.lo
gcc -DHAVE_CONFIG_H -I. -I. -I.. -I.. -g -O2 -c gnewton.c -o gnewton.o >/dev/null 2>&1
mv -f .libs/gnewton.lo gnewton.lo
/bin/sh ../libtool --mode=compile gcc -DHAVE_CONFIG_H -I. -I. -I.. -I..    -g -O2 -c -o dnewton.lo `test -f 'dnewton.c' || echo './'`dnewton.c
rm -f .libs/dnewton.lo
gcc -DHAVE_CONFIG_H -I. -I. -I.. -I.. -g -O2 -c dnewton.c  -fPIC -DPIC -o .libs/dnewton.lo
gcc -DHAVE_CONFIG_H -I. -I. -I.. -I.. -g -O2 -c dnewton.c -o dnewton.o >/dev/null 2>&1
mv -f .libs/dnewton.lo dnewton.lo
/bin/sh ../libtool --mode=compile gcc -DHAVE_CONFIG_H -I. -I. -I.. -I..    -g -O2 -c -o broyden.lo `test -f 'broyden.c' || echo './'`broyden.c
rm -f .libs/broyden.lo
gcc -DHAVE_CONFIG_H -I. -I. -I.. -I.. -g -O2 -c broyden.c  -fPIC -DPIC -o .libs/broyden.lo
gcc -DHAVE_CONFIG_H -I. -I. -I.. -I.. -g -O2 -c broyden.c -o broyden.o >/dev/null 2>&1
mv -f .libs/broyden.lo broyden.lo
/bin/sh ../libtool --mode=compile gcc -DHAVE_CONFIG_H -I. -I. -I.. -I..    -g -O2 -c -o hybrid.lo `test -f 'hybrid.c' || echo './'`hybrid.c
rm -f .libs/hybrid.lo
gcc -DHAVE_CONFIG_H -I. -I. -I.. -I.. -g -O2 -c hybrid.c  -fPIC -DPIC -o .libs/hybrid.lo
gcc -DHAVE_CONFIG_H -I. -I. -I.. -I.. -g -O2 -c hybrid.c -o hybrid.o >/dev/null 2>&1
mv -f .libs/hybrid.lo hybrid.lo
/bin/sh ../libtool --mode=compile gcc -DHAVE_CONFIG_H -I. -I. -I.. -I..    -g -O2 -c -o hybridj.lo `test -f 'hybridj.c' || echo './'`hybridj.c
rm -f .libs/hybridj.lo
gcc -DHAVE_CONFIG_H -I. -I. -I.. -I.. -g -O2 -c hybridj.c  -fPIC -DPIC -o .libs/hybridj.lo
gcc -DHAVE_CONFIG_H -I. -I. -I.. -I.. -g -O2 -c hybridj.c -o hybridj.o >/dev/null 2>&1
mv -f .libs/hybridj.lo hybridj.lo
/bin/sh ../libtool --mode=link gcc  -g -O2   -o libgslmultiroots.la   fdjac.lo fsolver.lo fdfsolver.lo convergence.lo newton.lo gnewton.lo dnewton.lo broyden.lo hybrid.lo hybridj.lo  -lm 
rm -fr .libs/libgslmultiroots.la .libs/libgslmultiroots.* .libs/libgslmultiroots.*
ar cru .libs/libgslmultiroots.al fdjac.lo fsolver.lo fdfsolver.lo convergence.lo newton.lo gnewton.lo dnewton.lo broyden.lo hybrid.lo hybridj.lo
ranlib .libs/libgslmultiroots.al
creating libgslmultiroots.la
(cd .libs && rm -f libgslmultiroots.la && ln -s ../libgslmultiroots.la libgslmultiroots.la)
make[5]: Leaving directory `/home/ualusr2011/ual1220/ual1/tools/tars/gsl-1.4/multiroots'
Making all in min
make[5]: Entering directory `/home/ualusr2011/ual1220/ual1/tools/tars/gsl-1.4/min'
/bin/sh ../libtool --mode=compile gcc -DHAVE_CONFIG_H -I. -I. -I.. -I..    -g -O2 -c -o fsolver.lo `test -f 'fsolver.c' || echo './'`fsolver.c
mkdir .libs
gcc -DHAVE_CONFIG_H -I. -I. -I.. -I.. -g -O2 -c fsolver.c  -fPIC -DPIC -o .libs/fsolver.lo
gcc -DHAVE_CONFIG_H -I. -I. -I.. -I.. -g -O2 -c fsolver.c -o fsolver.o >/dev/null 2>&1
mv -f .libs/fsolver.lo fsolver.lo
/bin/sh ../libtool --mode=compile gcc -DHAVE_CONFIG_H -I. -I. -I.. -I..    -g -O2 -c -o golden.lo `test -f 'golden.c' || echo './'`golden.c
rm -f .libs/golden.lo
gcc -DHAVE_CONFIG_H -I. -I. -I.. -I.. -g -O2 -c golden.c  -fPIC -DPIC -o .libs/golden.lo
gcc -DHAVE_CONFIG_H -I. -I. -I.. -I.. -g -O2 -c golden.c -o golden.o >/dev/null 2>&1
mv -f .libs/golden.lo golden.lo
/bin/sh ../libtool --mode=compile gcc -DHAVE_CONFIG_H -I. -I. -I.. -I..    -g -O2 -c -o brent.lo `test -f 'brent.c' || echo './'`brent.c
rm -f .libs/brent.lo
gcc -DHAVE_CONFIG_H -I. -I. -I.. -I.. -g -O2 -c brent.c  -fPIC -DPIC -o .libs/brent.lo
gcc -DHAVE_CONFIG_H -I. -I. -I.. -I.. -g -O2 -c brent.c -o brent.o >/dev/null 2>&1
mv -f .libs/brent.lo brent.lo
/bin/sh ../libtool --mode=compile gcc -DHAVE_CONFIG_H -I. -I. -I.. -I..    -g -O2 -c -o convergence.lo `test -f 'convergence.c' || echo './'`convergence.c
rm -f .libs/convergence.lo
gcc -DHAVE_CONFIG_H -I. -I. -I.. -I.. -g -O2 -c convergence.c  -fPIC -DPIC -o .libs/convergence.lo
gcc -DHAVE_CONFIG_H -I. -I. -I.. -I.. -g -O2 -c convergence.c -o convergence.o >/dev/null 2>&1
mv -f .libs/convergence.lo convergence.lo
/bin/sh ../libtool --mode=compile gcc -DHAVE_CONFIG_H -I. -I. -I.. -I..    -g -O2 -c -o bracketing.lo `test -f 'bracketing.c' || echo './'`bracketing.c
rm -f .libs/bracketing.lo
gcc -DHAVE_CONFIG_H -I. -I. -I.. -I.. -g -O2 -c bracketing.c  -fPIC -DPIC -o .libs/bracketing.lo
gcc -DHAVE_CONFIG_H -I. -I. -I.. -I.. -g -O2 -c bracketing.c -o bracketing.o >/dev/null 2>&1
mv -f .libs/bracketing.lo bracketing.lo
/bin/sh ../libtool --mode=link gcc  -g -O2   -o libgslmin.la   fsolver.lo golden.lo brent.lo convergence.lo bracketing.lo  -lm 
rm -fr .libs/libgslmin.la .libs/libgslmin.* .libs/libgslmin.*
ar cru .libs/libgslmin.al fsolver.lo golden.lo brent.lo convergence.lo bracketing.lo
ranlib .libs/libgslmin.al
creating libgslmin.la
(cd .libs && rm -f libgslmin.la && ln -s ../libgslmin.la libgslmin.la)
make[5]: Leaving directory `/home/ualusr2011/ual1220/ual1/tools/tars/gsl-1.4/min'
Making all in multimin
make[5]: Entering directory `/home/ualusr2011/ual1220/ual1/tools/tars/gsl-1.4/multimin'
/bin/sh ../libtool --mode=compile gcc -DHAVE_CONFIG_H -I. -I. -I.. -I..    -g -O2 -c -o fdfminimizer.lo `test -f 'fdfminimizer.c' || echo './'`fdfminimizer.c
mkdir .libs
gcc -DHAVE_CONFIG_H -I. -I. -I.. -I.. -g -O2 -c fdfminimizer.c  -fPIC -DPIC -o .libs/fdfminimizer.lo
gcc -DHAVE_CONFIG_H -I. -I. -I.. -I.. -g -O2 -c fdfminimizer.c -o fdfminimizer.o >/dev/null 2>&1
mv -f .libs/fdfminimizer.lo fdfminimizer.lo
/bin/sh ../libtool --mode=compile gcc -DHAVE_CONFIG_H -I. -I. -I.. -I..    -g -O2 -c -o steepest_descent.lo `test -f 'steepest_descent.c' || echo './'`steepest_descent.c
rm -f .libs/steepest_descent.lo
gcc -DHAVE_CONFIG_H -I. -I. -I.. -I.. -g -O2 -c steepest_descent.c  -fPIC -DPIC -o .libs/steepest_descent.lo
gcc -DHAVE_CONFIG_H -I. -I. -I.. -I.. -g -O2 -c steepest_descent.c -o steepest_descent.o >/dev/null 2>&1
mv -f .libs/steepest_descent.lo steepest_descent.lo
/bin/sh ../libtool --mode=compile gcc -DHAVE_CONFIG_H -I. -I. -I.. -I..    -g -O2 -c -o conjugate_fr.lo `test -f 'conjugate_fr.c' || echo './'`conjugate_fr.c
rm -f .libs/conjugate_fr.lo
gcc -DHAVE_CONFIG_H -I. -I. -I.. -I.. -g -O2 -c conjugate_fr.c  -fPIC -DPIC -o .libs/conjugate_fr.lo
gcc -DHAVE_CONFIG_H -I. -I. -I.. -I.. -g -O2 -c conjugate_fr.c -o conjugate_fr.o >/dev/null 2>&1
mv -f .libs/conjugate_fr.lo conjugate_fr.lo
/bin/sh ../libtool --mode=compile gcc -DHAVE_CONFIG_H -I. -I. -I.. -I..    -g -O2 -c -o conjugate_pr.lo `test -f 'conjugate_pr.c' || echo './'`conjugate_pr.c
rm -f .libs/conjugate_pr.lo
gcc -DHAVE_CONFIG_H -I. -I. -I.. -I.. -g -O2 -c conjugate_pr.c  -fPIC -DPIC -o .libs/conjugate_pr.lo
gcc -DHAVE_CONFIG_H -I. -I. -I.. -I.. -g -O2 -c conjugate_pr.c -o conjugate_pr.o >/dev/null 2>&1
mv -f .libs/conjugate_pr.lo conjugate_pr.lo
/bin/sh ../libtool --mode=compile gcc -DHAVE_CONFIG_H -I. -I. -I.. -I..    -g -O2 -c -o convergence.lo `test -f 'convergence.c' || echo './'`convergence.c
rm -f .libs/convergence.lo
gcc -DHAVE_CONFIG_H -I. -I. -I.. -I.. -g -O2 -c convergence.c  -fPIC -DPIC -o .libs/convergence.lo
gcc -DHAVE_CONFIG_H -I. -I. -I.. -I.. -g -O2 -c convergence.c -o convergence.o >/dev/null 2>&1
mv -f .libs/convergence.lo convergence.lo
/bin/sh ../libtool --mode=compile gcc -DHAVE_CONFIG_H -I. -I. -I.. -I..    -g -O2 -c -o diff.lo `test -f 'diff.c' || echo './'`diff.c
rm -f .libs/diff.lo
gcc -DHAVE_CONFIG_H -I. -I. -I.. -I.. -g -O2 -c diff.c  -fPIC -DPIC -o .libs/diff.lo
gcc -DHAVE_CONFIG_H -I. -I. -I.. -I.. -g -O2 -c diff.c -o diff.o >/dev/null 2>&1
mv -f .libs/diff.lo diff.lo
/bin/sh ../libtool --mode=compile gcc -DHAVE_CONFIG_H -I. -I. -I.. -I..    -g -O2 -c -o vector_bfgs.lo `test -f 'vector_bfgs.c' || echo './'`vector_bfgs.c
rm -f .libs/vector_bfgs.lo
gcc -DHAVE_CONFIG_H -I. -I. -I.. -I.. -g -O2 -c vector_bfgs.c  -fPIC -DPIC -o .libs/vector_bfgs.lo
gcc -DHAVE_CONFIG_H -I. -I. -I.. -I.. -g -O2 -c vector_bfgs.c -o vector_bfgs.o >/dev/null 2>&1
mv -f .libs/vector_bfgs.lo vector_bfgs.lo
/bin/sh ../libtool --mode=compile gcc -DHAVE_CONFIG_H -I. -I. -I.. -I..    -g -O2 -c -o fminimizer.lo `test -f 'fminimizer.c' || echo './'`fminimizer.c
rm -f .libs/fminimizer.lo
gcc -DHAVE_CONFIG_H -I. -I. -I.. -I.. -g -O2 -c fminimizer.c  -fPIC -DPIC -o .libs/fminimizer.lo
gcc -DHAVE_CONFIG_H -I. -I. -I.. -I.. -g -O2 -c fminimizer.c -o fminimizer.o >/dev/null 2>&1
mv -f .libs/fminimizer.lo fminimizer.lo
/bin/sh ../libtool --mode=compile gcc -DHAVE_CONFIG_H -I. -I. -I.. -I..    -g -O2 -c -o simplex.lo `test -f 'simplex.c' || echo './'`simplex.c
rm -f .libs/simplex.lo
gcc -DHAVE_CONFIG_H -I. -I. -I.. -I.. -g -O2 -c simplex.c  -fPIC -DPIC -o .libs/simplex.lo
gcc -DHAVE_CONFIG_H -I. -I. -I.. -I.. -g -O2 -c simplex.c -o simplex.o >/dev/null 2>&1
mv -f .libs/simplex.lo simplex.lo
/bin/sh ../libtool --mode=link gcc  -g -O2   -o libgslmultimin.la   fdfminimizer.lo steepest_descent.lo conjugate_fr.lo conjugate_pr.lo convergence.lo diff.lo vector_bfgs.lo fminimizer.lo simplex.lo  -lm 
rm -fr .libs/libgslmultimin.la .libs/libgslmultimin.* .libs/libgslmultimin.*
ar cru .libs/libgslmultimin.al fdfminimizer.lo steepest_descent.lo conjugate_fr.lo conjugate_pr.lo convergence.lo diff.lo vector_bfgs.lo fminimizer.lo simplex.lo
ranlib .libs/libgslmultimin.al
creating libgslmultimin.la
(cd .libs && rm -f libgslmultimin.la && ln -s ../libgslmultimin.la libgslmultimin.la)
make[5]: Leaving directory `/home/ualusr2011/ual1220/ual1/tools/tars/gsl-1.4/multimin'
Making all in monte
make[5]: Entering directory `/home/ualusr2011/ual1220/ual1/tools/tars/gsl-1.4/monte'
/bin/sh ../libtool --mode=compile gcc -DHAVE_CONFIG_H -I. -I. -I.. -I.. -I..    -g -O2 -c -o miser.lo `test -f 'miser.c' || echo './'`miser.c
mkdir .libs
gcc -DHAVE_CONFIG_H -I. -I. -I.. -I.. -I.. -g -O2 -c miser.c  -fPIC -DPIC -o .libs/miser.lo
gcc -DHAVE_CONFIG_H -I. -I. -I.. -I.. -I.. -g -O2 -c miser.c -o miser.o >/dev/null 2>&1
mv -f .libs/miser.lo miser.lo
/bin/sh ../libtool --mode=compile gcc -DHAVE_CONFIG_H -I. -I. -I.. -I.. -I..    -g -O2 -c -o plain.lo `test -f 'plain.c' || echo './'`plain.c
rm -f .libs/plain.lo
gcc -DHAVE_CONFIG_H -I. -I. -I.. -I.. -I.. -g -O2 -c plain.c  -fPIC -DPIC -o .libs/plain.lo
gcc -DHAVE_CONFIG_H -I. -I. -I.. -I.. -I.. -g -O2 -c plain.c -o plain.o >/dev/null 2>&1
mv -f .libs/plain.lo plain.lo
/bin/sh ../libtool --mode=compile gcc -DHAVE_CONFIG_H -I. -I. -I.. -I.. -I..    -g -O2 -c -o vegas.lo `test -f 'vegas.c' || echo './'`vegas.c
rm -f .libs/vegas.lo
gcc -DHAVE_CONFIG_H -I. -I. -I.. -I.. -I.. -g -O2 -c vegas.c  -fPIC -DPIC -o .libs/vegas.lo
gcc -DHAVE_CONFIG_H -I. -I. -I.. -I.. -I.. -g -O2 -c vegas.c -o vegas.o >/dev/null 2>&1
mv -f .libs/vegas.lo vegas.lo
/bin/sh ../libtool --mode=link gcc  -g -O2   -o libgslmonte.la   miser.lo plain.lo vegas.lo  -lm 
rm -fr .libs/libgslmonte.la .libs/libgslmonte.* .libs/libgslmonte.*
ar cru .libs/libgslmonte.al miser.lo plain.lo vegas.lo
ranlib .libs/libgslmonte.al
creating libgslmonte.la
(cd .libs && rm -f libgslmonte.la && ln -s ../libgslmonte.la libgslmonte.la)
make[5]: Leaving directory `/home/ualusr2011/ual1220/ual1/tools/tars/gsl-1.4/monte'
Making all in ntuple
make[5]: Entering directory `/home/ualusr2011/ual1220/ual1/tools/tars/gsl-1.4/ntuple'
/bin/sh ../libtool --mode=compile gcc -DHAVE_CONFIG_H -I. -I. -I.. -I..    -g -O2 -c -o ntuple.lo `test -f 'ntuple.c' || echo './'`ntuple.c
mkdir .libs
gcc -DHAVE_CONFIG_H -I. -I. -I.. -I.. -g -O2 -c ntuple.c  -fPIC -DPIC -o .libs/ntuple.lo
gcc -DHAVE_CONFIG_H -I. -I. -I.. -I.. -g -O2 -c ntuple.c -o ntuple.o >/dev/null 2>&1
mv -f .libs/ntuple.lo ntuple.lo
/bin/sh ../libtool --mode=link gcc  -g -O2   -o libgslntuple.la   ntuple.lo  -lm 
rm -fr .libs/libgslntuple.la .libs/libgslntuple.* .libs/libgslntuple.*
ar cru .libs/libgslntuple.al ntuple.lo
ranlib .libs/libgslntuple.al
creating libgslntuple.la
(cd .libs && rm -f libgslntuple.la && ln -s ../libgslntuple.la libgslntuple.la)
make[5]: Leaving directory `/home/ualusr2011/ual1220/ual1/tools/tars/gsl-1.4/ntuple'
Making all in diff
make[5]: Entering directory `/home/ualusr2011/ual1220/ual1/tools/tars/gsl-1.4/diff'
/bin/sh ../libtool --mode=compile gcc -DHAVE_CONFIG_H -I. -I. -I.. -I..    -g -O2 -c -o diff.lo `test -f 'diff.c' || echo './'`diff.c
mkdir .libs
gcc -DHAVE_CONFIG_H -I. -I. -I.. -I.. -g -O2 -c diff.c  -fPIC -DPIC -o .libs/diff.lo
gcc -DHAVE_CONFIG_H -I. -I. -I.. -I.. -g -O2 -c diff.c -o diff.o >/dev/null 2>&1
mv -f .libs/diff.lo diff.lo
/bin/sh ../libtool --mode=link gcc  -g -O2   -o libgsldiff.la   diff.lo  -lm 
rm -fr .libs/libgsldiff.la .libs/libgsldiff.* .libs/libgsldiff.*
ar cru .libs/libgsldiff.al diff.lo
ranlib .libs/libgsldiff.al
creating libgsldiff.la
(cd .libs && rm -f libgsldiff.la && ln -s ../libgsldiff.la libgsldiff.la)
make[5]: Leaving directory `/home/ualusr2011/ual1220/ual1/tools/tars/gsl-1.4/diff'
Making all in cdf
make[5]: Entering directory `/home/ualusr2011/ual1220/ual1/tools/tars/gsl-1.4/cdf'
/bin/sh ../libtool --mode=compile gcc -DHAVE_CONFIG_H -I. -I. -I.. -I..    -g -O2 -c -o beta.lo `test -f 'beta.c' || echo './'`beta.c
mkdir .libs
gcc -DHAVE_CONFIG_H -I. -I. -I.. -I.. -g -O2 -c beta.c  -fPIC -DPIC -o .libs/beta.lo
gcc -DHAVE_CONFIG_H -I. -I. -I.. -I.. -g -O2 -c beta.c -o beta.o >/dev/null 2>&1
mv -f .libs/beta.lo beta.lo
/bin/sh ../libtool --mode=compile gcc -DHAVE_CONFIG_H -I. -I. -I.. -I..    -g -O2 -c -o cauchy.lo `test -f 'cauchy.c' || echo './'`cauchy.c
rm -f .libs/cauchy.lo
gcc -DHAVE_CONFIG_H -I. -I. -I.. -I.. -g -O2 -c cauchy.c  -fPIC -DPIC -o .libs/cauchy.lo
gcc -DHAVE_CONFIG_H -I. -I. -I.. -I.. -g -O2 -c cauchy.c -o cauchy.o >/dev/null 2>&1
mv -f .libs/cauchy.lo cauchy.lo
/bin/sh ../libtool --mode=compile gcc -DHAVE_CONFIG_H -I. -I. -I.. -I..    -g -O2 -c -o cauchyinv.lo `test -f 'cauchyinv.c' || echo './'`cauchyinv.c
rm -f .libs/cauchyinv.lo
gcc -DHAVE_CONFIG_H -I. -I. -I.. -I.. -g -O2 -c cauchyinv.c  -fPIC -DPIC -o .libs/cauchyinv.lo
gcc -DHAVE_CONFIG_H -I. -I. -I.. -I.. -g -O2 -c cauchyinv.c -o cauchyinv.o >/dev/null 2>&1
mv -f .libs/cauchyinv.lo cauchyinv.lo
/bin/sh ../libtool --mode=compile gcc -DHAVE_CONFIG_H -I. -I. -I.. -I..    -g -O2 -c -o chisq.lo `test -f 'chisq.c' || echo './'`chisq.c
rm -f .libs/chisq.lo
gcc -DHAVE_CONFIG_H -I. -I. -I.. -I.. -g -O2 -c chisq.c  -fPIC -DPIC -o .libs/chisq.lo
gcc -DHAVE_CONFIG_H -I. -I. -I.. -I.. -g -O2 -c chisq.c -o chisq.o >/dev/null 2>&1
mv -f .libs/chisq.lo chisq.lo
/bin/sh ../libtool --mode=compile gcc -DHAVE_CONFIG_H -I. -I. -I.. -I..    -g -O2 -c -o chisqinv.lo `test -f 'chisqinv.c' || echo './'`chisqinv.c
rm -f .libs/chisqinv.lo
gcc -DHAVE_CONFIG_H -I. -I. -I.. -I.. -g -O2 -c chisqinv.c  -fPIC -DPIC -o .libs/chisqinv.lo
gcc -DHAVE_CONFIG_H -I. -I. -I.. -I.. -g -O2 -c chisqinv.c -o chisqinv.o >/dev/null 2>&1
mv -f .libs/chisqinv.lo chisqinv.lo
/bin/sh ../libtool --mode=compile gcc -DHAVE_CONFIG_H -I. -I. -I.. -I..    -g -O2 -c -o exponential.lo `test -f 'exponential.c' || echo './'`exponential.c
rm -f .libs/exponential.lo
gcc -DHAVE_CONFIG_H -I. -I. -I.. -I.. -g -O2 -c exponential.c  -fPIC -DPIC -o .libs/exponential.lo
gcc -DHAVE_CONFIG_H -I. -I. -I.. -I.. -g -O2 -c exponential.c -o exponential.o >/dev/null 2>&1
mv -f .libs/exponential.lo exponential.lo
/bin/sh ../libtool --mode=compile gcc -DHAVE_CONFIG_H -I. -I. -I.. -I..    -g -O2 -c -o exponentialinv.lo `test -f 'exponentialinv.c' || echo './'`exponentialinv.c
rm -f .libs/exponentialinv.lo
gcc -DHAVE_CONFIG_H -I. -I. -I.. -I.. -g -O2 -c exponentialinv.c  -fPIC -DPIC -o .libs/exponentialinv.lo
gcc -DHAVE_CONFIG_H -I. -I. -I.. -I.. -g -O2 -c exponentialinv.c -o exponentialinv.o >/dev/null 2>&1
mv -f .libs/exponentialinv.lo exponentialinv.lo
/bin/sh ../libtool --mode=compile gcc -DHAVE_CONFIG_H -I. -I. -I.. -I..    -g -O2 -c -o fdist.lo `test -f 'fdist.c' || echo './'`fdist.c
rm -f .libs/fdist.lo
gcc -DHAVE_CONFIG_H -I. -I. -I.. -I.. -g -O2 -c fdist.c  -fPIC -DPIC -o .libs/fdist.lo
gcc -DHAVE_CONFIG_H -I. -I. -I.. -I.. -g -O2 -c fdist.c -o fdist.o >/dev/null 2>&1
mv -f .libs/fdist.lo fdist.lo
/bin/sh ../libtool --mode=compile gcc -DHAVE_CONFIG_H -I. -I. -I.. -I..    -g -O2 -c -o flat.lo `test -f 'flat.c' || echo './'`flat.c
rm -f .libs/flat.lo
gcc -DHAVE_CONFIG_H -I. -I. -I.. -I.. -g -O2 -c flat.c  -fPIC -DPIC -o .libs/flat.lo
gcc -DHAVE_CONFIG_H -I. -I. -I.. -I.. -g -O2 -c flat.c -o flat.o >/dev/null 2>&1
mv -f .libs/flat.lo flat.lo
/bin/sh ../libtool --mode=compile gcc -DHAVE_CONFIG_H -I. -I. -I.. -I..    -g -O2 -c -o flatinv.lo `test -f 'flatinv.c' || echo './'`flatinv.c
rm -f .libs/flatinv.lo
gcc -DHAVE_CONFIG_H -I. -I. -I.. -I.. -g -O2 -c flatinv.c  -fPIC -DPIC -o .libs/flatinv.lo
gcc -DHAVE_CONFIG_H -I. -I. -I.. -I.. -g -O2 -c flatinv.c -o flatinv.o >/dev/null 2>&1
mv -f .libs/flatinv.lo flatinv.lo
/bin/sh ../libtool --mode=compile gcc -DHAVE_CONFIG_H -I. -I. -I.. -I..    -g -O2 -c -o gamma.lo `test -f 'gamma.c' || echo './'`gamma.c
rm -f .libs/gamma.lo
gcc -DHAVE_CONFIG_H -I. -I. -I.. -I.. -g -O2 -c gamma.c  -fPIC -DPIC -o .libs/gamma.lo
gcc -DHAVE_CONFIG_H -I. -I. -I.. -I.. -g -O2 -c gamma.c -o gamma.o >/dev/null 2>&1
mv -f .libs/gamma.lo gamma.lo
/bin/sh ../libtool --mode=compile gcc -DHAVE_CONFIG_H -I. -I. -I.. -I..    -g -O2 -c -o gammainv.lo `test -f 'gammainv.c' || echo './'`gammainv.c
rm -f .libs/gammainv.lo
gcc -DHAVE_CONFIG_H -I. -I. -I.. -I.. -g -O2 -c gammainv.c  -fPIC -DPIC -o .libs/gammainv.lo
gcc -DHAVE_CONFIG_H -I. -I. -I.. -I.. -g -O2 -c gammainv.c -o gammainv.o >/dev/null 2>&1
mv -f .libs/gammainv.lo gammainv.lo
/bin/sh ../libtool --mode=compile gcc -DHAVE_CONFIG_H -I. -I. -I.. -I..    -g -O2 -c -o gauss.lo `test -f 'gauss.c' || echo './'`gauss.c
rm -f .libs/gauss.lo
gcc -DHAVE_CONFIG_H -I. -I. -I.. -I.. -g -O2 -c gauss.c  -fPIC -DPIC -o .libs/gauss.lo
gcc -DHAVE_CONFIG_H -I. -I. -I.. -I.. -g -O2 -c gauss.c -o gauss.o >/dev/null 2>&1
mv -f .libs/gauss.lo gauss.lo
/bin/sh ../libtool --mode=compile gcc -DHAVE_CONFIG_H -I. -I. -I.. -I..    -g -O2 -c -o gaussinv.lo `test -f 'gaussinv.c' || echo './'`gaussinv.c
rm -f .libs/gaussinv.lo
gcc -DHAVE_CONFIG_H -I. -I. -I.. -I.. -g -O2 -c gaussinv.c  -fPIC -DPIC -o .libs/gaussinv.lo
gcc -DHAVE_CONFIG_H -I. -I. -I.. -I.. -g -O2 -c gaussinv.c -o gaussinv.o >/dev/null 2>&1
mv -f .libs/gaussinv.lo gaussinv.lo
/bin/sh ../libtool --mode=compile gcc -DHAVE_CONFIG_H -I. -I. -I.. -I..    -g -O2 -c -o gumbel1.lo `test -f 'gumbel1.c' || echo './'`gumbel1.c
rm -f .libs/gumbel1.lo
gcc -DHAVE_CONFIG_H -I. -I. -I.. -I.. -g -O2 -c gumbel1.c  -fPIC -DPIC -o .libs/gumbel1.lo
gcc -DHAVE_CONFIG_H -I. -I. -I.. -I.. -g -O2 -c gumbel1.c -o gumbel1.o >/dev/null 2>&1
mv -f .libs/gumbel1.lo gumbel1.lo
/bin/sh ../libtool --mode=compile gcc -DHAVE_CONFIG_H -I. -I. -I.. -I..    -g -O2 -c -o gumbel1inv.lo `test -f 'gumbel1inv.c' || echo './'`gumbel1inv.c
rm -f .libs/gumbel1inv.lo
gcc -DHAVE_CONFIG_H -I. -I. -I.. -I.. -g -O2 -c gumbel1inv.c  -fPIC -DPIC -o .libs/gumbel1inv.lo
gcc -DHAVE_CONFIG_H -I. -I. -I.. -I.. -g -O2 -c gumbel1inv.c -o gumbel1inv.o >/dev/null 2>&1
mv -f .libs/gumbel1inv.lo gumbel1inv.lo
/bin/sh ../libtool --mode=compile gcc -DHAVE_CONFIG_H -I. -I. -I.. -I..    -g -O2 -c -o gumbel2.lo `test -f 'gumbel2.c' || echo './'`gumbel2.c
rm -f .libs/gumbel2.lo
gcc -DHAVE_CONFIG_H -I. -I. -I.. -I.. -g -O2 -c gumbel2.c  -fPIC -DPIC -o .libs/gumbel2.lo
gcc -DHAVE_CONFIG_H -I. -I. -I.. -I.. -g -O2 -c gumbel2.c -o gumbel2.o >/dev/null 2>&1
mv -f .libs/gumbel2.lo gumbel2.lo
/bin/sh ../libtool --mode=compile gcc -DHAVE_CONFIG_H -I. -I. -I.. -I..    -g -O2 -c -o gumbel2inv.lo `test -f 'gumbel2inv.c' || echo './'`gumbel2inv.c
rm -f .libs/gumbel2inv.lo
gcc -DHAVE_CONFIG_H -I. -I. -I.. -I.. -g -O2 -c gumbel2inv.c  -fPIC -DPIC -o .libs/gumbel2inv.lo
gcc -DHAVE_CONFIG_H -I. -I. -I.. -I.. -g -O2 -c gumbel2inv.c -o gumbel2inv.o >/dev/null 2>&1
mv -f .libs/gumbel2inv.lo gumbel2inv.lo
/bin/sh ../libtool --mode=compile gcc -DHAVE_CONFIG_H -I. -I. -I.. -I..    -g -O2 -c -o laplace.lo `test -f 'laplace.c' || echo './'`laplace.c
rm -f .libs/laplace.lo
gcc -DHAVE_CONFIG_H -I. -I. -I.. -I.. -g -O2 -c laplace.c  -fPIC -DPIC -o .libs/laplace.lo
gcc -DHAVE_CONFIG_H -I. -I. -I.. -I.. -g -O2 -c laplace.c -o laplace.o >/dev/null 2>&1
mv -f .libs/laplace.lo laplace.lo
/bin/sh ../libtool --mode=compile gcc -DHAVE_CONFIG_H -I. -I. -I.. -I..    -g -O2 -c -o laplaceinv.lo `test -f 'laplaceinv.c' || echo './'`laplaceinv.c
rm -f .libs/laplaceinv.lo
gcc -DHAVE_CONFIG_H -I. -I. -I.. -I.. -g -O2 -c laplaceinv.c  -fPIC -DPIC -o .libs/laplaceinv.lo
gcc -DHAVE_CONFIG_H -I. -I. -I.. -I.. -g -O2 -c laplaceinv.c -o laplaceinv.o >/dev/null 2>&1
mv -f .libs/laplaceinv.lo laplaceinv.lo
/bin/sh ../libtool --mode=compile gcc -DHAVE_CONFIG_H -I. -I. -I.. -I..    -g -O2 -c -o logistic.lo `test -f 'logistic.c' || echo './'`logistic.c
rm -f .libs/logistic.lo
gcc -DHAVE_CONFIG_H -I. -I. -I.. -I.. -g -O2 -c logistic.c  -fPIC -DPIC -o .libs/logistic.lo
gcc -DHAVE_CONFIG_H -I. -I. -I.. -I.. -g -O2 -c logistic.c -o logistic.o >/dev/null 2>&1
mv -f .libs/logistic.lo logistic.lo
/bin/sh ../libtool --mode=compile gcc -DHAVE_CONFIG_H -I. -I. -I.. -I..    -g -O2 -c -o logisticinv.lo `test -f 'logisticinv.c' || echo './'`logisticinv.c
rm -f .libs/logisticinv.lo
gcc -DHAVE_CONFIG_H -I. -I. -I.. -I.. -g -O2 -c logisticinv.c  -fPIC -DPIC -o .libs/logisticinv.lo
gcc -DHAVE_CONFIG_H -I. -I. -I.. -I.. -g -O2 -c logisticinv.c -o logisticinv.o >/dev/null 2>&1
mv -f .libs/logisticinv.lo logisticinv.lo
/bin/sh ../libtool --mode=compile gcc -DHAVE_CONFIG_H -I. -I. -I.. -I..    -g -O2 -c -o lognormal.lo `test -f 'lognormal.c' || echo './'`lognormal.c
rm -f .libs/lognormal.lo
gcc -DHAVE_CONFIG_H -I. -I. -I.. -I.. -g -O2 -c lognormal.c  -fPIC -DPIC -o .libs/lognormal.lo
gcc -DHAVE_CONFIG_H -I. -I. -I.. -I.. -g -O2 -c lognormal.c -o lognormal.o >/dev/null 2>&1
mv -f .libs/lognormal.lo lognormal.lo
/bin/sh ../libtool --mode=compile gcc -DHAVE_CONFIG_H -I. -I. -I.. -I..    -g -O2 -c -o lognormalinv.lo `test -f 'lognormalinv.c' || echo './'`lognormalinv.c
rm -f .libs/lognormalinv.lo
gcc -DHAVE_CONFIG_H -I. -I. -I.. -I.. -g -O2 -c lognormalinv.c  -fPIC -DPIC -o .libs/lognormalinv.lo
gcc -DHAVE_CONFIG_H -I. -I. -I.. -I.. -g -O2 -c lognormalinv.c -o lognormalinv.o >/dev/null 2>&1
mv -f .libs/lognormalinv.lo lognormalinv.lo
/bin/sh ../libtool --mode=compile gcc -DHAVE_CONFIG_H -I. -I. -I.. -I..    -g -O2 -c -o pareto.lo `test -f 'pareto.c' || echo './'`pareto.c
rm -f .libs/pareto.lo
gcc -DHAVE_CONFIG_H -I. -I. -I.. -I.. -g -O2 -c pareto.c  -fPIC -DPIC -o .libs/pareto.lo
gcc -DHAVE_CONFIG_H -I. -I. -I.. -I.. -g -O2 -c pareto.c -o pareto.o >/dev/null 2>&1
mv -f .libs/pareto.lo pareto.lo
/bin/sh ../libtool --mode=compile gcc -DHAVE_CONFIG_H -I. -I. -I.. -I..    -g -O2 -c -o paretoinv.lo `test -f 'paretoinv.c' || echo './'`paretoinv.c
rm -f .libs/paretoinv.lo
gcc -DHAVE_CONFIG_H -I. -I. -I.. -I.. -g -O2 -c paretoinv.c  -fPIC -DPIC -o .libs/paretoinv.lo
gcc -DHAVE_CONFIG_H -I. -I. -I.. -I.. -g -O2 -c paretoinv.c -o paretoinv.o >/dev/null 2>&1
mv -f .libs/paretoinv.lo paretoinv.lo
/bin/sh ../libtool --mode=compile gcc -DHAVE_CONFIG_H -I. -I. -I.. -I..    -g -O2 -c -o rayleigh.lo `test -f 'rayleigh.c' || echo './'`rayleigh.c
rm -f .libs/rayleigh.lo
gcc -DHAVE_CONFIG_H -I. -I. -I.. -I.. -g -O2 -c rayleigh.c  -fPIC -DPIC -o .libs/rayleigh.lo
gcc -DHAVE_CONFIG_H -I. -I. -I.. -I.. -g -O2 -c rayleigh.c -o rayleigh.o >/dev/null 2>&1
mv -f .libs/rayleigh.lo rayleigh.lo
/bin/sh ../libtool --mode=compile gcc -DHAVE_CONFIG_H -I. -I. -I.. -I..    -g -O2 -c -o rayleighinv.lo `test -f 'rayleighinv.c' || echo './'`rayleighinv.c
rm -f .libs/rayleighinv.lo
gcc -DHAVE_CONFIG_H -I. -I. -I.. -I.. -g -O2 -c rayleighinv.c  -fPIC -DPIC -o .libs/rayleighinv.lo
gcc -DHAVE_CONFIG_H -I. -I. -I.. -I.. -g -O2 -c rayleighinv.c -o rayleighinv.o >/dev/null 2>&1
mv -f .libs/rayleighinv.lo rayleighinv.lo
/bin/sh ../libtool --mode=compile gcc -DHAVE_CONFIG_H -I. -I. -I.. -I..    -g -O2 -c -o tdist.lo `test -f 'tdist.c' || echo './'`tdist.c
rm -f .libs/tdist.lo
gcc -DHAVE_CONFIG_H -I. -I. -I.. -I.. -g -O2 -c tdist.c  -fPIC -DPIC -o .libs/tdist.lo
gcc -DHAVE_CONFIG_H -I. -I. -I.. -I.. -g -O2 -c tdist.c -o tdist.o >/dev/null 2>&1
mv -f .libs/tdist.lo tdist.lo
/bin/sh ../libtool --mode=compile gcc -DHAVE_CONFIG_H -I. -I. -I.. -I..    -g -O2 -c -o tdistinv.lo `test -f 'tdistinv.c' || echo './'`tdistinv.c
rm -f .libs/tdistinv.lo
gcc -DHAVE_CONFIG_H -I. -I. -I.. -I.. -g -O2 -c tdistinv.c  -fPIC -DPIC -o .libs/tdistinv.lo
gcc -DHAVE_CONFIG_H -I. -I. -I.. -I.. -g -O2 -c tdistinv.c -o tdistinv.o >/dev/null 2>&1
mv -f .libs/tdistinv.lo tdistinv.lo
/bin/sh ../libtool --mode=compile gcc -DHAVE_CONFIG_H -I. -I. -I.. -I..    -g -O2 -c -o weibull.lo `test -f 'weibull.c' || echo './'`weibull.c
rm -f .libs/weibull.lo
gcc -DHAVE_CONFIG_H -I. -I. -I.. -I.. -g -O2 -c weibull.c  -fPIC -DPIC -o .libs/weibull.lo
gcc -DHAVE_CONFIG_H -I. -I. -I.. -I.. -g -O2 -c weibull.c -o weibull.o >/dev/null 2>&1
mv -f .libs/weibull.lo weibull.lo
/bin/sh ../libtool --mode=compile gcc -DHAVE_CONFIG_H -I. -I. -I.. -I..    -g -O2 -c -o weibullinv.lo `test -f 'weibullinv.c' || echo './'`weibullinv.c
rm -f .libs/weibullinv.lo
gcc -DHAVE_CONFIG_H -I. -I. -I.. -I.. -g -O2 -c weibullinv.c  -fPIC -DPIC -o .libs/weibullinv.lo
gcc -DHAVE_CONFIG_H -I. -I. -I.. -I.. -g -O2 -c weibullinv.c -o weibullinv.o >/dev/null 2>&1
mv -f .libs/weibullinv.lo weibullinv.lo
/bin/sh ../libtool --mode=link gcc  -g -O2   -o libgslcdf.la   beta.lo cauchy.lo cauchyinv.lo chisq.lo chisqinv.lo exponential.lo exponentialinv.lo fdist.lo flat.lo flatinv.lo gamma.lo gammainv.lo gauss.lo gaussinv.lo gumbel1.lo gumbel1inv.lo gumbel2.lo gumbel2inv.lo laplace.lo laplaceinv.lo logistic.lo logisticinv.lo lognormal.lo lognormalinv.lo pareto.lo paretoinv.lo rayleigh.lo rayleighinv.lo tdist.lo tdistinv.lo weibull.lo weibullinv.lo  -lm 
rm -fr .libs/libgslcdf.la .libs/libgslcdf.* .libs/libgslcdf.*
ar cru .libs/libgslcdf.al beta.lo cauchy.lo cauchyinv.lo chisq.lo chisqinv.lo exponential.lo exponentialinv.lo fdist.lo flat.lo flatinv.lo gamma.lo gammainv.lo gauss.lo gaussinv.lo gumbel1.lo gumbel1inv.lo gumbel2.lo gumbel2inv.lo laplace.lo laplaceinv.lo logistic.lo logisticinv.lo lognormal.lo lognormalinv.lo pareto.lo paretoinv.lo rayleigh.lo rayleighinv.lo tdist.lo tdistinv.lo weibull.lo weibullinv.lo
ranlib .libs/libgslcdf.al
creating libgslcdf.la
(cd .libs && rm -f libgslcdf.la && ln -s ../libgslcdf.la libgslcdf.la)
make[5]: Leaving directory `/home/ualusr2011/ual1220/ual1/tools/tars/gsl-1.4/cdf'
Making all in doc
make[5]: Entering directory `/home/ualusr2011/ual1220/ual1/tools/tars/gsl-1.4/doc'
make[5]: Nothing to be done for `all'.
make[5]: Leaving directory `/home/ualusr2011/ual1220/ual1/tools/tars/gsl-1.4/doc'
make[5]: Entering directory `/home/ualusr2011/ual1220/ual1/tools/tars/gsl-1.4'
/bin/sh ./libtool --mode=compile gcc -DHAVE_CONFIG_H -I. -I. -I.     -g -O2 -c -o version.lo `test -f 'version.c' || echo './'`version.c
mkdir .libs
gcc -DHAVE_CONFIG_H -I. -I. -I. -g -O2 -c version.c  -fPIC -DPIC -o .libs/version.lo
gcc -DHAVE_CONFIG_H -I. -I. -I. -g -O2 -c version.c -o version.o >/dev/null 2>&1
mv -f .libs/version.lo version.lo
/bin/sh ./libtool --mode=link gcc  -g -O2   -o libgsl.la -rpath /home/ualusr2011/ual1220/ual1/tools/lib/linux -version-info 5:0:5 version.lo block/libgslblock.la blas/libgslblas.la complex/libgslcomplex.la cheb/libgslcheb.la dht/libgsldht.la diff/libgsldiff.la eigen/libgsleigen.la err/libgslerr.la fft/libgslfft.la fit/libgslfit.la histogram/libgslhistogram.la ieee-utils/libgslieeeutils.la integration/libgslintegration.la interpolation/libgslinterpolation.la linalg/libgsllinalg.la matrix/libgslmatrix.la min/libgslmin.la monte/libgslmonte.la multifit/libgslmultifit.la multimin/libgslmultimin.la multiroots/libgslmultiroots.la ntuple/libgslntuple.la ode-initval/libgslodeiv.la permutation/libgslpermutation.la combination/libgslcombination.la poly/libgslpoly.la qrng/libgslqrng.la randist/libgslrandist.la rng/libgslrng.la roots/libgslroots.la siman/libgslsiman.la sort/libgslsort.la specfunc/libgslspecfunc.la statistics/libgslstatistics.la sum/libgslsum.la sys/libgslsys.la test/libgsltest.la utils/libutils.la vector/libgslvector.la cdf/libgslcdf.la -lm 
rm -fr .libs/libgsl.la .libs/libgsl.* .libs/libgsl.*

*** Warning: linker path does not have real file for library -lm.
*** I have the capability to make that library automatically link in when
*** you link to this library.  But I can only do this if you have a
*** shared version of the library, which you do not appear to have
*** because I did check the linker path looking for a file starting
*** with libm but no candidates were found. (...for file magic test)
*** The inter-library dependencies that have been dropped here will be
*** automatically added whenever a program is linked with this library
*** or is declared to -dlopen it.
gcc -shared  version.lo -Wl,--whole-archive block/.libs/libgslblock.al blas/.libs/libgslblas.al complex/.libs/libgslcomplex.al cheb/.libs/libgslcheb.al dht/.libs/libgsldht.al diff/.libs/libgsldiff.al eigen/.libs/libgsleigen.al err/.libs/libgslerr.al fft/.libs/libgslfft.al fit/.libs/libgslfit.al histogram/.libs/libgslhistogram.al ieee-utils/.libs/libgslieeeutils.al integration/.libs/libgslintegration.al interpolation/.libs/libgslinterpolation.al linalg/.libs/libgsllinalg.al matrix/.libs/libgslmatrix.al min/.libs/libgslmin.al monte/.libs/libgslmonte.al multifit/.libs/libgslmultifit.al multimin/.libs/libgslmultimin.al multiroots/.libs/libgslmultiroots.al ntuple/.libs/libgslntuple.al ode-initval/.libs/libgslodeiv.al permutation/.libs/libgslpermutation.al combination/.libs/libgslcombination.al poly/.libs/libgslpoly.al qrng/.libs/libgslqrng.al randist/.libs/libgslrandist.al rng/.libs/libgslrng.al roots/.libs/libgslroots.al siman/.libs/libgslsiman.al sort/.libs/libgslsort.al specfunc/.libs/libgslspecfunc.al statistics/.libs/libgslstatistics.al sum/.libs/libgslsum.al sys/.libs/libgslsys.al test/.libs/libgsltest.al utils/.libs/libutils.al vector/.libs/libgslvector.al cdf/.libs/libgslcdf.al -Wl,--no-whole-archive   -Wl,-soname -Wl,libgsl.so.0 -o .libs/libgsl.so.0.5.0
(cd .libs && rm -f libgsl.so.0 && ln -s libgsl.so.0.5.0 libgsl.so.0)
(cd .libs && rm -f libgsl.so && ln -s libgsl.so.0.5.0 libgsl.so)
rm -fr .libs/libgsl.lax
mkdir .libs/libgsl.lax
rm -fr .libs/libgsl.lax/libgslblock.al
mkdir .libs/libgsl.lax/libgslblock.al
(cd .libs/libgsl.lax/libgslblock.al && ar x /home/ualusr2011/ual1220/ual1/tools/tars/gsl-1.4/block/.libs/libgslblock.al)
rm -fr .libs/libgsl.lax/libgslblas.al
mkdir .libs/libgsl.lax/libgslblas.al
(cd .libs/libgsl.lax/libgslblas.al && ar x /home/ualusr2011/ual1220/ual1/tools/tars/gsl-1.4/blas/.libs/libgslblas.al)
rm -fr .libs/libgsl.lax/libgslcomplex.al
mkdir .libs/libgsl.lax/libgslcomplex.al
(cd .libs/libgsl.lax/libgslcomplex.al && ar x /home/ualusr2011/ual1220/ual1/tools/tars/gsl-1.4/complex/.libs/libgslcomplex.al)
rm -fr .libs/libgsl.lax/libgslcheb.al
mkdir .libs/libgsl.lax/libgslcheb.al
(cd .libs/libgsl.lax/libgslcheb.al && ar x /home/ualusr2011/ual1220/ual1/tools/tars/gsl-1.4/cheb/.libs/libgslcheb.al)
rm -fr .libs/libgsl.lax/libgsldht.al
mkdir .libs/libgsl.lax/libgsldht.al
(cd .libs/libgsl.lax/libgsldht.al && ar x /home/ualusr2011/ual1220/ual1/tools/tars/gsl-1.4/dht/.libs/libgsldht.al)
rm -fr .libs/libgsl.lax/libgsldiff.al
mkdir .libs/libgsl.lax/libgsldiff.al
(cd .libs/libgsl.lax/libgsldiff.al && ar x /home/ualusr2011/ual1220/ual1/tools/tars/gsl-1.4/diff/.libs/libgsldiff.al)
rm -fr .libs/libgsl.lax/libgsleigen.al
mkdir .libs/libgsl.lax/libgsleigen.al
(cd .libs/libgsl.lax/libgsleigen.al && ar x /home/ualusr2011/ual1220/ual1/tools/tars/gsl-1.4/eigen/.libs/libgsleigen.al)
rm -fr .libs/libgsl.lax/libgslerr.al
mkdir .libs/libgsl.lax/libgslerr.al
(cd .libs/libgsl.lax/libgslerr.al && ar x /home/ualusr2011/ual1220/ual1/tools/tars/gsl-1.4/err/.libs/libgslerr.al)
rm -fr .libs/libgsl.lax/libgslfft.al
mkdir .libs/libgsl.lax/libgslfft.al
(cd .libs/libgsl.lax/libgslfft.al && ar x /home/ualusr2011/ual1220/ual1/tools/tars/gsl-1.4/fft/.libs/libgslfft.al)
rm -fr .libs/libgsl.lax/libgslfit.al
mkdir .libs/libgsl.lax/libgslfit.al
(cd .libs/libgsl.lax/libgslfit.al && ar x /home/ualusr2011/ual1220/ual1/tools/tars/gsl-1.4/fit/.libs/libgslfit.al)
rm -fr .libs/libgsl.lax/libgslhistogram.al
mkdir .libs/libgsl.lax/libgslhistogram.al
(cd .libs/libgsl.lax/libgslhistogram.al && ar x /home/ualusr2011/ual1220/ual1/tools/tars/gsl-1.4/histogram/.libs/libgslhistogram.al)
rm -fr .libs/libgsl.lax/libgslieeeutils.al
mkdir .libs/libgsl.lax/libgslieeeutils.al
(cd .libs/libgsl.lax/libgslieeeutils.al && ar x /home/ualusr2011/ual1220/ual1/tools/tars/gsl-1.4/ieee-utils/.libs/libgslieeeutils.al)
rm -fr .libs/libgsl.lax/libgslintegration.al
mkdir .libs/libgsl.lax/libgslintegration.al
(cd .libs/libgsl.lax/libgslintegration.al && ar x /home/ualusr2011/ual1220/ual1/tools/tars/gsl-1.4/integration/.libs/libgslintegration.al)
rm -fr .libs/libgsl.lax/libgslinterpolation.al
mkdir .libs/libgsl.lax/libgslinterpolation.al
(cd .libs/libgsl.lax/libgslinterpolation.al && ar x /home/ualusr2011/ual1220/ual1/tools/tars/gsl-1.4/interpolation/.libs/libgslinterpolation.al)
rm -fr .libs/libgsl.lax/libgsllinalg.al
mkdir .libs/libgsl.lax/libgsllinalg.al
(cd .libs/libgsl.lax/libgsllinalg.al && ar x /home/ualusr2011/ual1220/ual1/tools/tars/gsl-1.4/linalg/.libs/libgsllinalg.al)
rm -fr .libs/libgsl.lax/libgslmatrix.al
mkdir .libs/libgsl.lax/libgslmatrix.al
(cd .libs/libgsl.lax/libgslmatrix.al && ar x /home/ualusr2011/ual1220/ual1/tools/tars/gsl-1.4/matrix/.libs/libgslmatrix.al)
rm -fr .libs/libgsl.lax/libgslmin.al
mkdir .libs/libgsl.lax/libgslmin.al
(cd .libs/libgsl.lax/libgslmin.al && ar x /home/ualusr2011/ual1220/ual1/tools/tars/gsl-1.4/min/.libs/libgslmin.al)
rm -fr .libs/libgsl.lax/libgslmonte.al
mkdir .libs/libgsl.lax/libgslmonte.al
(cd .libs/libgsl.lax/libgslmonte.al && ar x /home/ualusr2011/ual1220/ual1/tools/tars/gsl-1.4/monte/.libs/libgslmonte.al)
rm -fr .libs/libgsl.lax/libgslmultifit.al
mkdir .libs/libgsl.lax/libgslmultifit.al
(cd .libs/libgsl.lax/libgslmultifit.al && ar x /home/ualusr2011/ual1220/ual1/tools/tars/gsl-1.4/multifit/.libs/libgslmultifit.al)
rm -fr .libs/libgsl.lax/libgslmultimin.al
mkdir .libs/libgsl.lax/libgslmultimin.al
(cd .libs/libgsl.lax/libgslmultimin.al && ar x /home/ualusr2011/ual1220/ual1/tools/tars/gsl-1.4/multimin/.libs/libgslmultimin.al)
rm -fr .libs/libgsl.lax/libgslmultiroots.al
mkdir .libs/libgsl.lax/libgslmultiroots.al
(cd .libs/libgsl.lax/libgslmultiroots.al && ar x /home/ualusr2011/ual1220/ual1/tools/tars/gsl-1.4/multiroots/.libs/libgslmultiroots.al)
rm -fr .libs/libgsl.lax/libgslntuple.al
mkdir .libs/libgsl.lax/libgslntuple.al
(cd .libs/libgsl.lax/libgslntuple.al && ar x /home/ualusr2011/ual1220/ual1/tools/tars/gsl-1.4/ntuple/.libs/libgslntuple.al)
rm -fr .libs/libgsl.lax/libgslodeiv.al
mkdir .libs/libgsl.lax/libgslodeiv.al
(cd .libs/libgsl.lax/libgslodeiv.al && ar x /home/ualusr2011/ual1220/ual1/tools/tars/gsl-1.4/ode-initval/.libs/libgslodeiv.al)
rm -fr .libs/libgsl.lax/libgslpermutation.al
mkdir .libs/libgsl.lax/libgslpermutation.al
(cd .libs/libgsl.lax/libgslpermutation.al && ar x /home/ualusr2011/ual1220/ual1/tools/tars/gsl-1.4/permutation/.libs/libgslpermutation.al)
rm -fr .libs/libgsl.lax/libgslcombination.al
mkdir .libs/libgsl.lax/libgslcombination.al
(cd .libs/libgsl.lax/libgslcombination.al && ar x /home/ualusr2011/ual1220/ual1/tools/tars/gsl-1.4/combination/.libs/libgslcombination.al)
rm -fr .libs/libgsl.lax/libgslpoly.al
mkdir .libs/libgsl.lax/libgslpoly.al
(cd .libs/libgsl.lax/libgslpoly.al && ar x /home/ualusr2011/ual1220/ual1/tools/tars/gsl-1.4/poly/.libs/libgslpoly.al)
rm -fr .libs/libgsl.lax/libgslqrng.al
mkdir .libs/libgsl.lax/libgslqrng.al
(cd .libs/libgsl.lax/libgslqrng.al && ar x /home/ualusr2011/ual1220/ual1/tools/tars/gsl-1.4/qrng/.libs/libgslqrng.al)
rm -fr .libs/libgsl.lax/libgslrandist.al
mkdir .libs/libgsl.lax/libgslrandist.al
(cd .libs/libgsl.lax/libgslrandist.al && ar x /home/ualusr2011/ual1220/ual1/tools/tars/gsl-1.4/randist/.libs/libgslrandist.al)
rm -fr .libs/libgsl.lax/libgslrng.al
mkdir .libs/libgsl.lax/libgslrng.al
(cd .libs/libgsl.lax/libgslrng.al && ar x /home/ualusr2011/ual1220/ual1/tools/tars/gsl-1.4/rng/.libs/libgslrng.al)
rm -fr .libs/libgsl.lax/libgslroots.al
mkdir .libs/libgsl.lax/libgslroots.al
(cd .libs/libgsl.lax/libgslroots.al && ar x /home/ualusr2011/ual1220/ual1/tools/tars/gsl-1.4/roots/.libs/libgslroots.al)
rm -fr .libs/libgsl.lax/libgslsiman.al
mkdir .libs/libgsl.lax/libgslsiman.al
(cd .libs/libgsl.lax/libgslsiman.al && ar x /home/ualusr2011/ual1220/ual1/tools/tars/gsl-1.4/siman/.libs/libgslsiman.al)
rm -fr .libs/libgsl.lax/libgslsort.al
mkdir .libs/libgsl.lax/libgslsort.al
(cd .libs/libgsl.lax/libgslsort.al && ar x /home/ualusr2011/ual1220/ual1/tools/tars/gsl-1.4/sort/.libs/libgslsort.al)
rm -fr .libs/libgsl.lax/libgslspecfunc.al
mkdir .libs/libgsl.lax/libgslspecfunc.al
(cd .libs/libgsl.lax/libgslspecfunc.al && ar x /home/ualusr2011/ual1220/ual1/tools/tars/gsl-1.4/specfunc/.libs/libgslspecfunc.al)
rm -fr .libs/libgsl.lax/libgslstatistics.al
mkdir .libs/libgsl.lax/libgslstatistics.al
(cd .libs/libgsl.lax/libgslstatistics.al && ar x /home/ualusr2011/ual1220/ual1/tools/tars/gsl-1.4/statistics/.libs/libgslstatistics.al)
rm -fr .libs/libgsl.lax/libgslsum.al
mkdir .libs/libgsl.lax/libgslsum.al
(cd .libs/libgsl.lax/libgslsum.al && ar x /home/ualusr2011/ual1220/ual1/tools/tars/gsl-1.4/sum/.libs/libgslsum.al)
rm -fr .libs/libgsl.lax/libgslsys.al
mkdir .libs/libgsl.lax/libgslsys.al
(cd .libs/libgsl.lax/libgslsys.al && ar x /home/ualusr2011/ual1220/ual1/tools/tars/gsl-1.4/sys/.libs/libgslsys.al)
rm -fr .libs/libgsl.lax/libgsltest.al
mkdir .libs/libgsl.lax/libgsltest.al
(cd .libs/libgsl.lax/libgsltest.al && ar x /home/ualusr2011/ual1220/ual1/tools/tars/gsl-1.4/test/.libs/libgsltest.al)
rm -fr .libs/libgsl.lax/libutils.al
mkdir .libs/libgsl.lax/libutils.al
(cd .libs/libgsl.lax/libutils.al && ar x /home/ualusr2011/ual1220/ual1/tools/tars/gsl-1.4/utils/.libs/libutils.al)
rm -fr .libs/libgsl.lax/libgslvector.al
mkdir .libs/libgsl.lax/libgslvector.al
(cd .libs/libgsl.lax/libgslvector.al && ar x /home/ualusr2011/ual1220/ual1/tools/tars/gsl-1.4/vector/.libs/libgslvector.al)
rm -fr .libs/libgsl.lax/libgslcdf.al
mkdir .libs/libgsl.lax/libgslcdf.al
(cd .libs/libgsl.lax/libgslcdf.al && ar x /home/ualusr2011/ual1220/ual1/tools/tars/gsl-1.4/cdf/.libs/libgslcdf.al)
ar cru .libs/libgsl.a  version.o  .libs/libgsl.lax/libgslblock.al/init.lo .libs/libgsl.lax/libgslblock.al/file.lo .libs/libgsl.lax/libgslblock.al/block.lo  .libs/libgsl.lax/libgslblas.al/blas.lo  .libs/libgsl.lax/libgslcomplex.al/math.lo  .libs/libgsl.lax/libgslcheb.al/deriv.lo .libs/libgsl.lax/libgslcheb.al/eval.lo .libs/libgsl.lax/libgslcheb.al/init.lo .libs/libgsl.lax/libgslcheb.al/integ.lo  .libs/libgsl.lax/libgsldht.al/dht.lo  .libs/libgsl.lax/libgsldiff.al/diff.lo  .libs/libgsl.lax/libgsleigen.al/jacobi.lo .libs/libgsl.lax/libgsleigen.al/symm.lo .libs/libgsl.lax/libgsleigen.al/symmv.lo .libs/libgsl.lax/libgsleigen.al/herm.lo .libs/libgsl.lax/libgsleigen.al/hermv.lo .libs/libgsl.lax/libgsleigen.al/sort.lo  .libs/libgsl.lax/libgslerr.al/error.lo .libs/libgsl.lax/libgslerr.al/stream.lo .libs/libgsl.lax/libgslerr.al/message.lo .libs/libgsl.lax/libgslerr.al/strerror.lo  .libs/libgsl.lax/libgslfft.al/dft.lo .libs/libgsl.lax/libgslfft.al/fft.lo  .libs/libgsl.lax/libgslfit.al/linear.lo  .libs/libgsl.lax/libgslhistogram.al/add.lo .libs/libgsl.lax/libgslhistogram.al/get.lo .libs/libgsl.lax/libgslhistogram.al/init.lo .libs/libgsl.lax/libgslhistogram.al/params.lo .libs/libgsl.lax/libgslhistogram.al/reset.lo .libs/libgsl.lax/libgslhistogram.al/file.lo .libs/libgsl.lax/libgslhistogram.al/pdf.lo .libs/libgsl.lax/libgslhistogram.al/add2d.lo .libs/libgsl.lax/libgslhistogram.al/get2d.lo .libs/libgsl.lax/libgslhistogram.al/init2d.lo .libs/libgsl.lax/libgslhistogram.al/params2d.lo .libs/libgsl.lax/libgslhistogram.al/reset2d.lo .libs/libgsl.lax/libgslhistogram.al/file2d.lo .libs/libgsl.lax/libgslhistogram.al/pdf2d.lo .libs/libgsl.lax/libgslhistogram.al/calloc_range.lo .libs/libgsl.lax/libgslhistogram.al/calloc_range2d.lo .libs/libgsl.lax/libgslhistogram.al/copy.lo .libs/libgsl.lax/libgslhistogram.al/copy2d.lo .libs/libgsl.lax/libgslhistogram.al/maxval.lo .libs/libgsl.lax/libgslhistogram.al/maxval2d.lo .libs/libgsl.lax/libgslhistogram.al/oper.lo .libs/libgsl.lax/libgslhistogram.al/oper2d.lo .libs/libgsl.lax/libgslhistogram.al/stat.lo .libs/libgsl.lax/libgslhistogram.al/stat2d.lo  .libs/libgsl.lax/libgslieeeutils.al/print.lo .libs/libgsl.lax/libgslieeeutils.al/make_rep.lo .libs/libgsl.lax/libgslieeeutils.al/env.lo .libs/libgsl.lax/libgslieeeutils.al/fp.lo .libs/libgsl.lax/libgslieeeutils.al/read.lo  .libs/libgsl.lax/libgslintegration.al/qk15.lo .libs/libgsl.lax/libgslintegration.al/qk21.lo .libs/libgsl.lax/libgslintegration.al/qk31.lo .libs/libgsl.lax/libgslintegration.al/qk41.lo .libs/libgsl.lax/libgslintegration.al/qk51.lo .libs/libgsl.lax/libgslintegration.al/qk61.lo .libs/libgsl.lax/libgslintegration.al/qk.lo .libs/libgsl.lax/libgslintegration.al/qng.lo .libs/libgsl.lax/libgslintegration.al/qag.lo .libs/libgsl.lax/libgslintegration.al/qags.lo .libs/libgsl.lax/libgslintegration.al/qagp.lo .libs/libgsl.lax/libgslintegration.al/workspace.lo .libs/libgsl.lax/libgslintegration.al/qcheb.lo .libs/libgsl.lax/libgslintegration.al/qawc.lo .libs/libgsl.lax/libgslintegration.al/qmomo.lo .libs/libgsl.lax/libgslintegration.al/qaws.lo .libs/libgsl.lax/libgslintegration.al/qmomof.lo .libs/libgsl.lax/libgslintegration.al/qawo.lo .libs/libgsl.lax/libgslintegration.al/qawf.lo  .libs/libgsl.lax/libgslinterpolation.al/accel.lo .libs/libgsl.lax/libgslinterpolation.al/akima.lo .libs/libgsl.lax/libgslinterpolation.al/bsearch.lo .libs/libgsl.lax/libgslinterpolation.al/cspline.lo .libs/libgsl.lax/libgslinterpolation.al/interp.lo .libs/libgsl.lax/libgslinterpolation.al/linear.lo .libs/libgsl.lax/libgslinterpolation.al/spline.lo .libs/libgsl.lax/libgslinterpolation.al/poly.lo  .libs/libgsl.lax/libgsllinalg.al/multiply.lo .libs/libgsl.lax/libgsllinalg.al/exponential.lo .libs/libgsl.lax/libgsllinalg.al/tridiag.lo .libs/libgsl.lax/libgsllinalg.al/lu.lo .libs/libgsl.lax/libgsllinalg.al/luc.lo .libs/libgsl.lax/libgsllinalg.al/hh.lo .libs/libgsl.lax/libgsllinalg.al/qr.lo .libs/libgsl.lax/libgsllinalg.al/qrpt.lo .libs/libgsl.lax/libgsllinalg.al/svd.lo .libs/libgsl.lax/libgsllinalg.al/householder.lo .libs/libgsl.lax/libgsllinalg.al/householdercomplex.lo .libs/libgsl.lax/libgsllinalg.al/cholesky.lo .libs/libgsl.lax/libgsllinalg.al/symmtd.lo .libs/libgsl.lax/libgsllinalg.al/hermtd.lo .libs/libgsl.lax/libgsllinalg.al/bidiag.lo .libs/libgsl.lax/libgsllinalg.al/balance.lo  .libs/libgsl.lax/libgslmatrix.al/init.lo .libs/libgsl.lax/libgslmatrix.al/matrix.lo .libs/libgsl.lax/libgslmatrix.al/file.lo .libs/libgsl.lax/libgslmatrix.al/rowcol.lo .libs/libgsl.lax/libgslmatrix.al/swap.lo .libs/libgsl.lax/libgslmatrix.al/copy.lo .libs/libgsl.lax/libgslmatrix.al/minmax.lo .libs/libgsl.lax/libgslmatrix.al/prop.lo .libs/libgsl.lax/libgslmatrix.al/oper.lo .libs/libgsl.lax/libgslmatrix.al/getset.lo .libs/libgsl.lax/libgslmatrix.al/view.lo .libs/libgsl.lax/libgslmatrix.al/submatrix.lo  .libs/libgsl.lax/libgslmin.al/fsolver.lo .libs/libgsl.lax/libgslmin.al/golden.lo .libs/libgsl.lax/libgslmin.al/brent.lo .libs/libgsl.lax/libgslmin.al/convergence.lo .libs/libgsl.lax/libgslmin.al/bracketing.lo  .libs/libgsl.lax/libgslmonte.al/miser.lo .libs/libgsl.lax/libgslmonte.al/plain.lo .libs/libgsl.lax/libgslmonte.al/vegas.lo  .libs/libgsl.lax/libgslmultifit.al/multilinear.lo .libs/libgsl.lax/libgslmultifit.al/work.lo .libs/libgsl.lax/libgslmultifit.al/lmder.lo .libs/libgsl.lax/libgslmultifit.al/fsolver.lo .libs/libgsl.lax/libgslmultifit.al/fdfsolver.lo .libs/libgsl.lax/libgslmultifit.al/convergence.lo .libs/libgsl.lax/libgslmultifit.al/gradient.lo .libs/libgsl.lax/libgslmultifit.al/covar.lo  .libs/libgsl.lax/libgslmultimin.al/fdfminimizer.lo .libs/libgsl.lax/libgslmultimin.al/steepest_descent.lo .libs/libgsl.lax/libgslmultimin.al/conjugate_fr.lo .libs/libgsl.lax/libgslmultimin.al/conjugate_pr.lo .libs/libgsl.lax/libgslmultimin.al/convergence.lo .libs/libgsl.lax/libgslmultimin.al/diff.lo .libs/libgsl.lax/libgslmultimin.al/vector_bfgs.lo .libs/libgsl.lax/libgslmultimin.al/fminimizer.lo .libs/libgsl.lax/libgslmultimin.al/simplex.lo  .libs/libgsl.lax/libgslmultiroots.al/fdjac.lo .libs/libgsl.lax/libgslmultiroots.al/fsolver.lo .libs/libgsl.lax/libgslmultiroots.al/fdfsolver.lo .libs/libgsl.lax/libgslmultiroots.al/convergence.lo .libs/libgsl.lax/libgslmultiroots.al/newton.lo .libs/libgsl.lax/libgslmultiroots.al/gnewton.lo .libs/libgsl.lax/libgslmultiroots.al/dnewton.lo .libs/libgsl.lax/libgslmultiroots.al/broyden.lo .libs/libgsl.lax/libgslmultiroots.al/hybrid.lo .libs/libgsl.lax/libgslmultiroots.al/hybridj.lo  .libs/libgsl.lax/libgslntuple.al/ntuple.lo  .libs/libgsl.lax/libgslodeiv.al/control.lo .libs/libgsl.lax/libgslodeiv.al/cstd.lo .libs/libgsl.lax/libgslodeiv.al/cscal.lo .libs/libgsl.lax/libgslodeiv.al/evolve.lo .libs/libgsl.lax/libgslodeiv.al/step.lo .libs/libgsl.lax/libgslodeiv.al/rk2.lo .libs/libgsl.lax/libgslodeiv.al/rk2imp.lo .libs/libgsl.lax/libgslodeiv.al/rk4.lo .libs/libgsl.lax/libgslodeiv.al/rk4imp.lo .libs/libgsl.lax/libgslodeiv.al/rkf45.lo .libs/libgsl.lax/libgslodeiv.al/rk8pd.lo .libs/libgsl.lax/libgslodeiv.al/rkck.lo .libs/libgsl.lax/libgslodeiv.al/bsimp.lo .libs/libgsl.lax/libgslodeiv.al/gear1.lo .libs/libgsl.lax/libgslodeiv.al/gear2.lo  .libs/libgsl.lax/libgslpermutation.al/init.lo .libs/libgsl.lax/libgslpermutation.al/file.lo .libs/libgsl.lax/libgslpermutation.al/permutation.lo .libs/libgsl.lax/libgslpermutation.al/permute.lo .libs/libgsl.lax/libgslpermutation.al/canonical.lo  .libs/libgsl.lax/libgslcombination.al/init.lo .libs/libgsl.lax/libgslcombination.al/file.lo .libs/libgsl.lax/libgslcombination.al/combination.lo  .libs/libgsl.lax/libgslpoly.al/dd.lo .libs/libgsl.lax/libgslpoly.al/eval.lo .libs/libgsl.lax/libgslpoly.al/solve_quadratic.lo .libs/libgsl.lax/libgslpoly.al/solve_cubic.lo .libs/libgsl.lax/libgslpoly.al/zsolve_quadratic.lo .libs/libgsl.lax/libgslpoly.al/zsolve_cubic.lo .libs/libgsl.lax/libgslpoly.al/zsolve.lo .libs/libgsl.lax/libgslpoly.al/zsolve_init.lo  .libs/libgsl.lax/libgslqrng.al/qrng.lo .libs/libgsl.lax/libgslqrng.al/niederreiter-2.lo .libs/libgsl.lax/libgslqrng.al/sobol.lo  .libs/libgsl.lax/libgslrandist.al/bernoulli.lo .libs/libgsl.lax/libgslrandist.al/beta.lo .libs/libgsl.lax/libgslrandist.al/bigauss.lo .libs/libgsl.lax/libgslrandist.al/binomial.lo .libs/libgsl.lax/libgslrandist.al/cauchy.lo .libs/libgsl.lax/libgslrandist.al/chisq.lo .libs/libgsl.lax/libgslrandist.al/dirichlet.lo .libs/libgsl.lax/libgslrandist.al/discrete.lo .libs/libgsl.lax/libgslrandist.al/erlang.lo .libs/libgsl.lax/libgslrandist.al/exponential.lo .libs/libgsl.lax/libgslrandist.al/exppow.lo .libs/libgsl.lax/libgslrandist.al/fdist.lo .libs/libgsl.lax/libgslrandist.al/flat.lo .libs/libgsl.lax/libgslrandist.al/gamma.lo .libs/libgsl.lax/libgslrandist.al/gauss.lo .libs/libgsl.lax/libgslrandist.al/gausstail.lo .libs/libgsl.lax/libgslrandist.al/geometric.lo .libs/libgsl.lax/libgslrandist.al/gumbel.lo .libs/libgsl.lax/libgslrandist.al/hyperg.lo .libs/libgsl.lax/libgslrandist.al/laplace.lo .libs/libgsl.lax/libgslrandist.al/levy.lo .libs/libgsl.lax/libgslrandist.al/logarithmic.lo .libs/libgsl.lax/libgslrandist.al/logistic.lo .libs/libgsl.lax/libgslrandist.al/lognormal.lo .libs/libgsl.lax/libgslrandist.al/multinomial.lo .libs/libgsl.lax/libgslrandist.al/nbinomial.lo .libs/libgsl.lax/libgslrandist.al/pareto.lo .libs/libgsl.lax/libgslrandist.al/pascal.lo .libs/libgsl.lax/libgslrandist.al/poisson.lo .libs/libgsl.lax/libgslrandist.al/rayleigh.lo .libs/libgsl.lax/libgslrandist.al/shuffle.lo .libs/libgsl.lax/libgslrandist.al/sphere.lo .libs/libgsl.lax/libgslrandist.al/tdist.lo .libs/libgsl.lax/libgslrandist.al/weibull.lo .libs/libgsl.lax/libgslrandist.al/landau.lo .libs/libgsl.lax/libgslrandist.al/binomial_tpe.lo  .libs/libgsl.lax/libgslrng.al/borosh13.lo .libs/libgsl.lax/libgslrng.al/cmrg.lo .libs/libgsl.lax/libgslrng.al/coveyou.lo .libs/libgsl.lax/libgslrng.al/default.lo .libs/libgsl.lax/libgslrng.al/file.lo .libs/libgsl.lax/libgslrng.al/fishman18.lo .libs/libgsl.lax/libgslrng.al/fishman20.lo .libs/libgsl.lax/libgslrng.al/fishman2x.lo .libs/libgsl.lax/libgslrng.al/gfsr4.lo .libs/libgsl.lax/libgslrng.al/knuthran2.lo .libs/libgsl.lax/libgslrng.al/knuthran.lo .libs/libgsl.lax/libgslrng.al/lecuyer21.lo .libs/libgsl.lax/libgslrng.al/minstd.lo .libs/libgsl.lax/libgslrng.al/mrg.lo .libs/libgsl.lax/libgslrng.al/mt.lo .libs/libgsl.lax/libgslrng.al/r250.lo .libs/libgsl.lax/libgslrng.al/ran0.lo .libs/libgsl.lax/libgslrng.al/ran1.lo .libs/libgsl.lax/libgslrng.al/ran2.lo .libs/libgsl.lax/libgslrng.al/ran3.lo .libs/libgsl.lax/libgslrng.al/rand48.lo .libs/libgsl.lax/libgslrng.al/rand.lo .libs/libgsl.lax/libgslrng.al/random.lo .libs/libgsl.lax/libgslrng.al/randu.lo .libs/libgsl.lax/libgslrng.al/ranf.lo .libs/libgsl.lax/libgslrng.al/ranlux.lo .libs/libgsl.lax/libgslrng.al/ranlxd.lo .libs/libgsl.lax/libgslrng.al/ranlxs.lo .libs/libgsl.lax/libgslrng.al/ranmar.lo .libs/libgsl.lax/libgslrng.al/rng.lo .libs/libgsl.lax/libgslrng.al/slatec.lo .libs/libgsl.lax/libgslrng.al/taus.lo .libs/libgsl.lax/libgslrng.al/taus113.lo .libs/libgsl.lax/libgslrng.al/transputer.lo .libs/libgsl.lax/libgslrng.al/tt.lo .libs/libgsl.lax/libgslrng.al/types.lo .libs/libgsl.lax/libgslrng.al/uni32.lo .libs/libgsl.lax/libgslrng.al/uni.lo .libs/libgsl.lax/libgslrng.al/vax.lo .libs/libgsl.lax/libgslrng.al/waterman14.lo .libs/libgsl.lax/libgslrng.al/zuf.lo  .libs/libgsl.lax/libgslroots.al/bisection.lo .libs/libgsl.lax/libgslroots.al/brent.lo .libs/libgsl.lax/libgslroots.al/falsepos.lo .libs/libgsl.lax/libgslroots.al/newton.lo .libs/libgsl.lax/libgslroots.al/secant.lo .libs/libgsl.lax/libgslroots.al/steffenson.lo .libs/libgsl.lax/libgslroots.al/convergence.lo .libs/libgsl.lax/libgslroots.al/fsolver.lo .libs/libgsl.lax/libgslroots.al/fdfsolver.lo  .libs/libgsl.lax/libgslsiman.al/siman.lo  .libs/libgsl.lax/libgslsort.al/sort.lo .libs/libgsl.lax/libgslsort.al/sortind.lo .libs/libgsl.lax/libgslsort.al/sortvec.lo .libs/libgsl.lax/libgslsort.al/sortvecind.lo .libs/libgsl.lax/libgslsort.al/subset.lo .libs/libgsl.lax/libgslsort.al/subsetind.lo  .libs/libgsl.lax/libgslspecfunc.al/airy.lo .libs/libgsl.lax/libgslspecfunc.al/airy_der.lo .libs/libgsl.lax/libgslspecfunc.al/airy_zero.lo .libs/libgsl.lax/libgslspecfunc.al/atanint.lo .libs/libgsl.lax/libgslspecfunc.al/bessel.lo .libs/libgsl.lax/libgslspecfunc.al/bessel_I0.lo .libs/libgsl.lax/libgslspecfunc.al/bessel_I1.lo .libs/libgsl.lax/libgslspecfunc.al/bessel_In.lo .libs/libgsl.lax/libgslspecfunc.al/bessel_Inu.lo .libs/libgsl.lax/libgslspecfunc.al/bessel_J0.lo .libs/libgsl.lax/libgslspecfunc.al/bessel_J1.lo .libs/libgsl.lax/libgslspecfunc.al/bessel_Jn.lo .libs/libgsl.lax/libgslspecfunc.al/bessel_Jnu.lo .libs/libgsl.lax/libgslspecfunc.al/bessel_K0.lo .libs/libgsl.lax/libgslspecfunc.al/bessel_K1.lo .libs/libgsl.lax/libgslspecfunc.al/bessel_Kn.lo .libs/libgsl.lax/libgslspecfunc.al/bessel_Knu.lo .libs/libgsl.lax/libgslspecfunc.al/bessel_Y0.lo .libs/libgsl.lax/libgslspecfunc.al/bessel_Y1.lo .libs/libgsl.lax/libgslspecfunc.al/bessel_Yn.lo .libs/libgsl.lax/libgslspecfunc.al/bessel_Ynu.lo .libs/libgsl.lax/libgslspecfunc.al/bessel_amp_phase.lo .libs/libgsl.lax/libgslspecfunc.al/bessel_i.lo .libs/libgsl.lax/libgslspecfunc.al/bessel_j.lo .libs/libgsl.lax/libgslspecfunc.al/bessel_k.lo .libs/libgsl.lax/libgslspecfunc.al/bessel_olver.lo .libs/libgsl.lax/libgslspecfunc.al/bessel_temme.lo .libs/libgsl.lax/libgslspecfunc.al/bessel_y.lo .libs/libgsl.lax/libgslspecfunc.al/bessel_zero.lo .libs/libgsl.lax/libgslspecfunc.al/bessel_sequence.lo .libs/libgsl.lax/libgslspecfunc.al/beta.lo .libs/libgsl.lax/libgslspecfunc.al/beta_inc.lo .libs/libgsl.lax/libgslspecfunc.al/clausen.lo .libs/libgsl.lax/libgslspecfunc.al/coulomb.lo .libs/libgsl.lax/libgslspecfunc.al/coupling.lo .libs/libgsl.lax/libgslspecfunc.al/coulomb_bound.lo .libs/libgsl.lax/libgslspecfunc.al/dawson.lo .libs/libgsl.lax/libgslspecfunc.al/debye.lo .libs/libgsl.lax/libgslspecfunc.al/dilog.lo .libs/libgsl.lax/libgslspecfunc.al/elementary.lo .libs/libgsl.lax/libgslspecfunc.al/ellint.lo .libs/libgsl.lax/libgslspecfunc.al/elljac.lo .libs/libgsl.lax/libgslspecfunc.al/erfc.lo .libs/libgsl.lax/libgslspecfunc.al/exp.lo .libs/libgsl.lax/libgslspecfunc.al/expint.lo .libs/libgsl.lax/libgslspecfunc.al/expint3.lo .libs/libgsl.lax/libgslspecfunc.al/fermi_dirac.lo .libs/libgsl.lax/libgslspecfunc.al/gegenbauer.lo .libs/libgsl.lax/libgslspecfunc.al/gamma.lo .libs/libgsl.lax/libgslspecfunc.al/gamma_inc.lo .libs/libgsl.lax/libgslspecfunc.al/hyperg_0F1.lo .libs/libgsl.lax/libgslspecfunc.al/hyperg_2F0.lo .libs/libgsl.lax/libgslspecfunc.al/hyperg_1F1.lo .libs/libgsl.lax/libgslspecfunc.al/hyperg_2F1.lo .libs/libgsl.lax/libgslspecfunc.al/hyperg_U.lo .libs/libgsl.lax/libgslspecfunc.al/hyperg.lo .libs/libgsl.lax/libgslspecfunc.al/laguerre.lo .libs/libgsl.lax/libgslspecfunc.al/lambert.lo .libs/libgsl.lax/libgslspecfunc.al/legendre_H3d.lo .libs/libgsl.lax/libgslspecfunc.al/legendre_Qn.lo .libs/libgsl.lax/libgslspecfunc.al/legendre_con.lo .libs/libgsl.lax/libgslspecfunc.al/legendre_poly.lo .libs/libgsl.lax/libgslspecfunc.al/log.lo .libs/libgsl.lax/libgslspecfunc.al/poch.lo .libs/libgsl.lax/libgslspecfunc.al/pow_int.lo .libs/libgsl.lax/libgslspecfunc.al/psi.lo .libs/libgsl.lax/libgslspecfunc.al/result.lo .libs/libgsl.lax/libgslspecfunc.al/shint.lo .libs/libgsl.lax/libgslspecfunc.al/sinint.lo .libs/libgsl.lax/libgslspecfunc.al/synchrotron.lo .libs/libgsl.lax/libgslspecfunc.al/transport.lo .libs/libgsl.lax/libgslspecfunc.al/trig.lo .libs/libgsl.lax/libgslspecfunc.al/zeta.lo  .libs/libgsl.lax/libgslstatistics.al/mean.lo .libs/libgsl.lax/libgslstatistics.al/variance.lo .libs/libgsl.lax/libgslstatistics.al/absdev.lo .libs/libgsl.lax/libgslstatistics.al/skew.lo .libs/libgsl.lax/libgslstatistics.al/kurtosis.lo .libs/libgsl.lax/libgslstatistics.al/lag1.lo .libs/libgsl.lax/libgslstatistics.al/p_variance.lo .libs/libgsl.lax/libgslstatistics.al/minmax.lo .libs/libgsl.lax/libgslstatistics.al/ttest.lo .libs/libgsl.lax/libgslstatistics.al/median.lo .libs/libgsl.lax/libgslstatistics.al/covariance.lo .libs/libgsl.lax/libgslstatistics.al/quantiles.lo .libs/libgsl.lax/libgslstatistics.al/wmean.lo .libs/libgsl.lax/libgslstatistics.al/wvariance.lo .libs/libgsl.lax/libgslstatistics.al/wabsdev.lo .libs/libgsl.lax/libgslstatistics.al/wskew.lo .libs/libgsl.lax/libgslstatistics.al/wkurtosis.lo  .libs/libgsl.lax/libgslsum.al/levin_u.lo .libs/libgsl.lax/libgslsum.al/levin_utrunc.lo .libs/libgsl.lax/libgslsum.al/work_u.lo .libs/libgsl.lax/libgslsum.al/work_utrunc.lo  .libs/libgsl.lax/libgslsys.al/minmax.lo .libs/libgsl.lax/libgslsys.al/prec.lo .libs/libgsl.lax/libgslsys.al/hypot.lo .libs/libgsl.lax/libgslsys.al/log1p.lo .libs/libgsl.lax/libgslsys.al/expm1.lo .libs/libgsl.lax/libgslsys.al/coerce.lo .libs/libgsl.lax/libgslsys.al/invhyp.lo .libs/libgsl.lax/libgslsys.al/pow_int.lo .libs/libgsl.lax/libgslsys.al/infnan.lo .libs/libgsl.lax/libgslsys.al/fdiv.lo .libs/libgsl.lax/libgslsys.al/fcmp.lo .libs/libgsl.lax/libgslsys.al/ldfrexp.lo  .libs/libgsl.lax/libgsltest.al/results.lo  .libs/libgsl.lax/libutils.al/placeholder.lo  .libs/libgsl.lax/libgslvector.al/init.lo .libs/libgsl.lax/libgslvector.al/file.lo .libs/libgsl.lax/libgslvector.al/vector.lo .libs/libgsl.lax/libgslvector.al/copy.lo .libs/libgsl.lax/libgslvector.al/swap.lo .libs/libgsl.lax/libgslvector.al/prop.lo .libs/libgsl.lax/libgslvector.al/minmax.lo .libs/libgsl.lax/libgslvector.al/oper.lo .libs/libgsl.lax/libgslvector.al/reim.lo .libs/libgsl.lax/libgslvector.al/subvector.lo .libs/libgsl.lax/libgslvector.al/view.lo  .libs/libgsl.lax/libgslcdf.al/beta.lo .libs/libgsl.lax/libgslcdf.al/cauchy.lo .libs/libgsl.lax/libgslcdf.al/cauchyinv.lo .libs/libgsl.lax/libgslcdf.al/chisq.lo .libs/libgsl.lax/libgslcdf.al/chisqinv.lo .libs/libgsl.lax/libgslcdf.al/exponential.lo .libs/libgsl.lax/libgslcdf.al/exponentialinv.lo .libs/libgsl.lax/libgslcdf.al/fdist.lo .libs/libgsl.lax/libgslcdf.al/flat.lo .libs/libgsl.lax/libgslcdf.al/flatinv.lo .libs/libgsl.lax/libgslcdf.al/gamma.lo .libs/libgsl.lax/libgslcdf.al/gammainv.lo .libs/libgsl.lax/libgslcdf.al/gauss.lo .libs/libgsl.lax/libgslcdf.al/gaussinv.lo .libs/libgsl.lax/libgslcdf.al/gumbel1.lo .libs/libgsl.lax/libgslcdf.al/gumbel1inv.lo .libs/libgsl.lax/libgslcdf.al/gumbel2.lo .libs/libgsl.lax/libgslcdf.al/gumbel2inv.lo .libs/libgsl.lax/libgslcdf.al/laplace.lo .libs/libgsl.lax/libgslcdf.al/laplaceinv.lo .libs/libgsl.lax/libgslcdf.al/logistic.lo .libs/libgsl.lax/libgslcdf.al/logisticinv.lo .libs/libgsl.lax/libgslcdf.al/lognormal.lo .libs/libgsl.lax/libgslcdf.al/lognormalinv.lo .libs/libgsl.lax/libgslcdf.al/pareto.lo .libs/libgsl.lax/libgslcdf.al/paretoinv.lo .libs/libgsl.lax/libgslcdf.al/rayleigh.lo .libs/libgsl.lax/libgslcdf.al/rayleighinv.lo .libs/libgsl.lax/libgslcdf.al/tdist.lo .libs/libgsl.lax/libgslcdf.al/tdistinv.lo .libs/libgsl.lax/libgslcdf.al/weibull.lo .libs/libgsl.lax/libgslcdf.al/weibullinv.lo 
ranlib .libs/libgsl.a
rm -fr .libs/libgsl.lax
creating libgsl.la
(cd .libs && rm -f libgsl.la && ln -s ../libgsl.la libgsl.la)
gcc -DHAVE_CONFIG_H -I. -I. -I.     -g -O2 -c `test -f 'gsl-randist.c' || echo './'`gsl-randist.c
/bin/sh ./libtool --mode=link gcc  -g -O2   -o gsl-randist  gsl-randist.o libgsl.la cblas/libgslcblas.la -lm 
gcc -g -O2 -o .libs/gsl-randist gsl-randist.o  ./.libs/libgsl.so cblas/.libs/libgslcblas.so -lm -Wl,--rpath -Wl,/home/ualusr2011/ual1220/ual1/tools/lib/linux
creating gsl-randist
gcc -DHAVE_CONFIG_H -I. -I. -I.     -g -O2 -c `test -f 'gsl-histogram.c' || echo './'`gsl-histogram.c
/bin/sh ./libtool --mode=link gcc  -g -O2   -o gsl-histogram  gsl-histogram.o libgsl.la cblas/libgslcblas.la -lm 
gcc -g -O2 -o .libs/gsl-histogram gsl-histogram.o  ./.libs/libgsl.so cblas/.libs/libgslcblas.so -lm -Wl,--rpath -Wl,/home/ualusr2011/ual1220/ual1/tools/lib/linux
creating gsl-histogram
make[5]: Leaving directory `/home/ualusr2011/ual1220/ual1/tools/tars/gsl-1.4'
make[4]: Leaving directory `/home/ualusr2011/ual1220/ual1/tools/tars/gsl-1.4'
make[3]: Leaving directory `/home/ualusr2011/ual1220/ual1/tools/tars/gsl-1.4'
make[3]: Entering directory `/home/ualusr2011/ual1220/ual1/tools/tars/gsl-1.4'
Making install in gsl
make[4]: Entering directory `/home/ualusr2011/ual1220/ual1/tools/tars/gsl-1.4/gsl'
make[5]: Entering directory `/home/ualusr2011/ual1220/ual1/tools/tars/gsl-1.4/gsl'
make[5]: Nothing to be done for `install-exec-am'.
make[5]: Nothing to be done for `install-data-am'.
make[5]: Leaving directory `/home/ualusr2011/ual1220/ual1/tools/tars/gsl-1.4/gsl'
make[4]: Leaving directory `/home/ualusr2011/ual1220/ual1/tools/tars/gsl-1.4/gsl'
Making install in utils
make[4]: Entering directory `/home/ualusr2011/ual1220/ual1/tools/tars/gsl-1.4/utils'
make[5]: Entering directory `/home/ualusr2011/ual1220/ual1/tools/tars/gsl-1.4/utils'
make[5]: Nothing to be done for `install-exec-am'.
make[5]: Nothing to be done for `install-data-am'.
make[5]: Leaving directory `/home/ualusr2011/ual1220/ual1/tools/tars/gsl-1.4/utils'
make[4]: Leaving directory `/home/ualusr2011/ual1220/ual1/tools/tars/gsl-1.4/utils'
Making install in sys
make[4]: Entering directory `/home/ualusr2011/ual1220/ual1/tools/tars/gsl-1.4/sys'
make[5]: Entering directory `/home/ualusr2011/ual1220/ual1/tools/tars/gsl-1.4/sys'
make[5]: Nothing to be done for `install-exec-am'.
/bin/sh ../mkinstalldirs /home/ualusr2011/ual1220/ual1/tools/include/gsl
mkdir /home/ualusr2011/ual1220/ual1/tools/include/gsl
 /usr/bin/install -c -m 644 gsl_sys.h /home/ualusr2011/ual1220/ual1/tools/include/gsl/gsl_sys.h
make[5]: Leaving directory `/home/ualusr2011/ual1220/ual1/tools/tars/gsl-1.4/sys'
make[4]: Leaving directory `/home/ualusr2011/ual1220/ual1/tools/tars/gsl-1.4/sys'
Making install in test
make[4]: Entering directory `/home/ualusr2011/ual1220/ual1/tools/tars/gsl-1.4/test'
make[5]: Entering directory `/home/ualusr2011/ual1220/ual1/tools/tars/gsl-1.4/test'
make[5]: Nothing to be done for `install-exec-am'.
/bin/sh ../mkinstalldirs /home/ualusr2011/ual1220/ual1/tools/include/gsl
 /usr/bin/install -c -m 644 gsl_test.h /home/ualusr2011/ual1220/ual1/tools/include/gsl/gsl_test.h
make[5]: Leaving directory `/home/ualusr2011/ual1220/ual1/tools/tars/gsl-1.4/test'
make[4]: Leaving directory `/home/ualusr2011/ual1220/ual1/tools/tars/gsl-1.4/test'
Making install in err
make[4]: Entering directory `/home/ualusr2011/ual1220/ual1/tools/tars/gsl-1.4/err'
make[5]: Entering directory `/home/ualusr2011/ual1220/ual1/tools/tars/gsl-1.4/err'
make[5]: Nothing to be done for `install-exec-am'.
/bin/sh ../mkinstalldirs /home/ualusr2011/ual1220/ual1/tools/include/gsl
 /usr/bin/install -c -m 644 gsl_errno.h /home/ualusr2011/ual1220/ual1/tools/include/gsl/gsl_errno.h
 /usr/bin/install -c -m 644 gsl_message.h /home/ualusr2011/ual1220/ual1/tools/include/gsl/gsl_message.h
make[5]: Leaving directory `/home/ualusr2011/ual1220/ual1/tools/tars/gsl-1.4/err'
make[4]: Leaving directory `/home/ualusr2011/ual1220/ual1/tools/tars/gsl-1.4/err'
Making install in const
make[4]: Entering directory `/home/ualusr2011/ual1220/ual1/tools/tars/gsl-1.4/const'
make[5]: Entering directory `/home/ualusr2011/ual1220/ual1/tools/tars/gsl-1.4/const'
make[5]: Nothing to be done for `install-exec-am'.
/bin/sh ../mkinstalldirs /home/ualusr2011/ual1220/ual1/tools/include/gsl
 /usr/bin/install -c -m 644 gsl_const.h /home/ualusr2011/ual1220/ual1/tools/include/gsl/gsl_const.h
 /usr/bin/install -c -m 644 gsl_const_cgsm.h /home/ualusr2011/ual1220/ual1/tools/include/gsl/gsl_const_cgsm.h
 /usr/bin/install -c -m 644 gsl_const_mksa.h /home/ualusr2011/ual1220/ual1/tools/include/gsl/gsl_const_mksa.h
 /usr/bin/install -c -m 644 gsl_const_num.h /home/ualusr2011/ual1220/ual1/tools/include/gsl/gsl_const_num.h
make[5]: Leaving directory `/home/ualusr2011/ual1220/ual1/tools/tars/gsl-1.4/const'
make[4]: Leaving directory `/home/ualusr2011/ual1220/ual1/tools/tars/gsl-1.4/const'
Making install in complex
make[4]: Entering directory `/home/ualusr2011/ual1220/ual1/tools/tars/gsl-1.4/complex'
make[5]: Entering directory `/home/ualusr2011/ual1220/ual1/tools/tars/gsl-1.4/complex'
make[5]: Nothing to be done for `install-exec-am'.
/bin/sh ../mkinstalldirs /home/ualusr2011/ual1220/ual1/tools/include/gsl
 /usr/bin/install -c -m 644 gsl_complex.h /home/ualusr2011/ual1220/ual1/tools/include/gsl/gsl_complex.h
 /usr/bin/install -c -m 644 gsl_complex_math.h /home/ualusr2011/ual1220/ual1/tools/include/gsl/gsl_complex_math.h
make[5]: Leaving directory `/home/ualusr2011/ual1220/ual1/tools/tars/gsl-1.4/complex'
make[4]: Leaving directory `/home/ualusr2011/ual1220/ual1/tools/tars/gsl-1.4/complex'
Making install in cheb
make[4]: Entering directory `/home/ualusr2011/ual1220/ual1/tools/tars/gsl-1.4/cheb'
make[5]: Entering directory `/home/ualusr2011/ual1220/ual1/tools/tars/gsl-1.4/cheb'
make[5]: Nothing to be done for `install-exec-am'.
/bin/sh ../mkinstalldirs /home/ualusr2011/ual1220/ual1/tools/include/gsl
 /usr/bin/install -c -m 644 gsl_chebyshev.h /home/ualusr2011/ual1220/ual1/tools/include/gsl/gsl_chebyshev.h
make[5]: Leaving directory `/home/ualusr2011/ual1220/ual1/tools/tars/gsl-1.4/cheb'
make[4]: Leaving directory `/home/ualusr2011/ual1220/ual1/tools/tars/gsl-1.4/cheb'
Making install in block
make[4]: Entering directory `/home/ualusr2011/ual1220/ual1/tools/tars/gsl-1.4/block'
make[5]: Entering directory `/home/ualusr2011/ual1220/ual1/tools/tars/gsl-1.4/block'
make[5]: Nothing to be done for `install-exec-am'.
/bin/sh ../mkinstalldirs /home/ualusr2011/ual1220/ual1/tools/include/gsl
 /usr/bin/install -c -m 644 gsl_block.h /home/ualusr2011/ual1220/ual1/tools/include/gsl/gsl_block.h
 /usr/bin/install -c -m 644 gsl_block_char.h /home/ualusr2011/ual1220/ual1/tools/include/gsl/gsl_block_char.h
 /usr/bin/install -c -m 644 gsl_block_complex.h /home/ualusr2011/ual1220/ual1/tools/include/gsl/gsl_block_complex.h
 /usr/bin/install -c -m 644 gsl_block_complex_double.h /home/ualusr2011/ual1220/ual1/tools/include/gsl/gsl_block_complex_double.h
 /usr/bin/install -c -m 644 gsl_block_complex_float.h /home/ualusr2011/ual1220/ual1/tools/include/gsl/gsl_block_complex_float.h
 /usr/bin/install -c -m 644 gsl_block_complex_long_double.h /home/ualusr2011/ual1220/ual1/tools/include/gsl/gsl_block_complex_long_double.h
 /usr/bin/install -c -m 644 gsl_block_double.h /home/ualusr2011/ual1220/ual1/tools/include/gsl/gsl_block_double.h
 /usr/bin/install -c -m 644 gsl_block_float.h /home/ualusr2011/ual1220/ual1/tools/include/gsl/gsl_block_float.h
 /usr/bin/install -c -m 644 gsl_block_int.h /home/ualusr2011/ual1220/ual1/tools/include/gsl/gsl_block_int.h
 /usr/bin/install -c -m 644 gsl_block_long.h /home/ualusr2011/ual1220/ual1/tools/include/gsl/gsl_block_long.h
 /usr/bin/install -c -m 644 gsl_block_long_double.h /home/ualusr2011/ual1220/ual1/tools/include/gsl/gsl_block_long_double.h
 /usr/bin/install -c -m 644 gsl_block_short.h /home/ualusr2011/ual1220/ual1/tools/include/gsl/gsl_block_short.h
 /usr/bin/install -c -m 644 gsl_block_uchar.h /home/ualusr2011/ual1220/ual1/tools/include/gsl/gsl_block_uchar.h
 /usr/bin/install -c -m 644 gsl_block_uint.h /home/ualusr2011/ual1220/ual1/tools/include/gsl/gsl_block_uint.h
 /usr/bin/install -c -m 644 gsl_block_ulong.h /home/ualusr2011/ual1220/ual1/tools/include/gsl/gsl_block_ulong.h
 /usr/bin/install -c -m 644 gsl_block_ushort.h /home/ualusr2011/ual1220/ual1/tools/include/gsl/gsl_block_ushort.h
 /usr/bin/install -c -m 644 gsl_check_range.h /home/ualusr2011/ual1220/ual1/tools/include/gsl/gsl_check_range.h
make[5]: Leaving directory `/home/ualusr2011/ual1220/ual1/tools/tars/gsl-1.4/block'
make[4]: Leaving directory `/home/ualusr2011/ual1220/ual1/tools/tars/gsl-1.4/block'
Making install in vector
make[4]: Entering directory `/home/ualusr2011/ual1220/ual1/tools/tars/gsl-1.4/vector'
make[5]: Entering directory `/home/ualusr2011/ual1220/ual1/tools/tars/gsl-1.4/vector'
make[5]: Nothing to be done for `install-exec-am'.
/bin/sh ../mkinstalldirs /home/ualusr2011/ual1220/ual1/tools/include/gsl
 /usr/bin/install -c -m 644 gsl_vector.h /home/ualusr2011/ual1220/ual1/tools/include/gsl/gsl_vector.h
 /usr/bin/install -c -m 644 gsl_vector_char.h /home/ualusr2011/ual1220/ual1/tools/include/gsl/gsl_vector_char.h
 /usr/bin/install -c -m 644 gsl_vector_complex.h /home/ualusr2011/ual1220/ual1/tools/include/gsl/gsl_vector_complex.h
 /usr/bin/install -c -m 644 gsl_vector_complex_double.h /home/ualusr2011/ual1220/ual1/tools/include/gsl/gsl_vector_complex_double.h
 /usr/bin/install -c -m 644 gsl_vector_complex_float.h /home/ualusr2011/ual1220/ual1/tools/include/gsl/gsl_vector_complex_float.h
 /usr/bin/install -c -m 644 gsl_vector_complex_long_double.h /home/ualusr2011/ual1220/ual1/tools/include/gsl/gsl_vector_complex_long_double.h
 /usr/bin/install -c -m 644 gsl_vector_double.h /home/ualusr2011/ual1220/ual1/tools/include/gsl/gsl_vector_double.h
 /usr/bin/install -c -m 644 gsl_vector_float.h /home/ualusr2011/ual1220/ual1/tools/include/gsl/gsl_vector_float.h
 /usr/bin/install -c -m 644 gsl_vector_int.h /home/ualusr2011/ual1220/ual1/tools/include/gsl/gsl_vector_int.h
 /usr/bin/install -c -m 644 gsl_vector_long.h /home/ualusr2011/ual1220/ual1/tools/include/gsl/gsl_vector_long.h
 /usr/bin/install -c -m 644 gsl_vector_long_double.h /home/ualusr2011/ual1220/ual1/tools/include/gsl/gsl_vector_long_double.h
 /usr/bin/install -c -m 644 gsl_vector_short.h /home/ualusr2011/ual1220/ual1/tools/include/gsl/gsl_vector_short.h
 /usr/bin/install -c -m 644 gsl_vector_uchar.h /home/ualusr2011/ual1220/ual1/tools/include/gsl/gsl_vector_uchar.h
 /usr/bin/install -c -m 644 gsl_vector_uint.h /home/ualusr2011/ual1220/ual1/tools/include/gsl/gsl_vector_uint.h
 /usr/bin/install -c -m 644 gsl_vector_ulong.h /home/ualusr2011/ual1220/ual1/tools/include/gsl/gsl_vector_ulong.h
 /usr/bin/install -c -m 644 gsl_vector_ushort.h /home/ualusr2011/ual1220/ual1/tools/include/gsl/gsl_vector_ushort.h
make[5]: Leaving directory `/home/ualusr2011/ual1220/ual1/tools/tars/gsl-1.4/vector'
make[4]: Leaving directory `/home/ualusr2011/ual1220/ual1/tools/tars/gsl-1.4/vector'
Making install in matrix
make[4]: Entering directory `/home/ualusr2011/ual1220/ual1/tools/tars/gsl-1.4/matrix'
make[5]: Entering directory `/home/ualusr2011/ual1220/ual1/tools/tars/gsl-1.4/matrix'
make[5]: Nothing to be done for `install-exec-am'.
/bin/sh ../mkinstalldirs /home/ualusr2011/ual1220/ual1/tools/include/gsl
 /usr/bin/install -c -m 644 gsl_matrix.h /home/ualusr2011/ual1220/ual1/tools/include/gsl/gsl_matrix.h
 /usr/bin/install -c -m 644 gsl_matrix_char.h /home/ualusr2011/ual1220/ual1/tools/include/gsl/gsl_matrix_char.h
 /usr/bin/install -c -m 644 gsl_matrix_complex_double.h /home/ualusr2011/ual1220/ual1/tools/include/gsl/gsl_matrix_complex_double.h
 /usr/bin/install -c -m 644 gsl_matrix_complex_float.h /home/ualusr2011/ual1220/ual1/tools/include/gsl/gsl_matrix_complex_float.h
 /usr/bin/install -c -m 644 gsl_matrix_complex_long_double.h /home/ualusr2011/ual1220/ual1/tools/include/gsl/gsl_matrix_complex_long_double.h
 /usr/bin/install -c -m 644 gsl_matrix_double.h /home/ualusr2011/ual1220/ual1/tools/include/gsl/gsl_matrix_double.h
 /usr/bin/install -c -m 644 gsl_matrix_float.h /home/ualusr2011/ual1220/ual1/tools/include/gsl/gsl_matrix_float.h
 /usr/bin/install -c -m 644 gsl_matrix_int.h /home/ualusr2011/ual1220/ual1/tools/include/gsl/gsl_matrix_int.h
 /usr/bin/install -c -m 644 gsl_matrix_long.h /home/ualusr2011/ual1220/ual1/tools/include/gsl/gsl_matrix_long.h
 /usr/bin/install -c -m 644 gsl_matrix_long_double.h /home/ualusr2011/ual1220/ual1/tools/include/gsl/gsl_matrix_long_double.h
 /usr/bin/install -c -m 644 gsl_matrix_short.h /home/ualusr2011/ual1220/ual1/tools/include/gsl/gsl_matrix_short.h
 /usr/bin/install -c -m 644 gsl_matrix_uchar.h /home/ualusr2011/ual1220/ual1/tools/include/gsl/gsl_matrix_uchar.h
 /usr/bin/install -c -m 644 gsl_matrix_uint.h /home/ualusr2011/ual1220/ual1/tools/include/gsl/gsl_matrix_uint.h
 /usr/bin/install -c -m 644 gsl_matrix_ulong.h /home/ualusr2011/ual1220/ual1/tools/include/gsl/gsl_matrix_ulong.h
 /usr/bin/install -c -m 644 gsl_matrix_ushort.h /home/ualusr2011/ual1220/ual1/tools/include/gsl/gsl_matrix_ushort.h
make[5]: Leaving directory `/home/ualusr2011/ual1220/ual1/tools/tars/gsl-1.4/matrix'
make[4]: Leaving directory `/home/ualusr2011/ual1220/ual1/tools/tars/gsl-1.4/matrix'
Making install in permutation
make[4]: Entering directory `/home/ualusr2011/ual1220/ual1/tools/tars/gsl-1.4/permutation'
make[5]: Entering directory `/home/ualusr2011/ual1220/ual1/tools/tars/gsl-1.4/permutation'
make[5]: Nothing to be done for `install-exec-am'.
/bin/sh ../mkinstalldirs /home/ualusr2011/ual1220/ual1/tools/include/gsl
 /usr/bin/install -c -m 644 gsl_permutation.h /home/ualusr2011/ual1220/ual1/tools/include/gsl/gsl_permutation.h
 /usr/bin/install -c -m 644 gsl_permute.h /home/ualusr2011/ual1220/ual1/tools/include/gsl/gsl_permute.h
 /usr/bin/install -c -m 644 gsl_permute_char.h /home/ualusr2011/ual1220/ual1/tools/include/gsl/gsl_permute_char.h
 /usr/bin/install -c -m 644 gsl_permute_complex_double.h /home/ualusr2011/ual1220/ual1/tools/include/gsl/gsl_permute_complex_double.h
 /usr/bin/install -c -m 644 gsl_permute_complex_float.h /home/ualusr2011/ual1220/ual1/tools/include/gsl/gsl_permute_complex_float.h
 /usr/bin/install -c -m 644 gsl_permute_complex_long_double.h /home/ualusr2011/ual1220/ual1/tools/include/gsl/gsl_permute_complex_long_double.h
 /usr/bin/install -c -m 644 gsl_permute_double.h /home/ualusr2011/ual1220/ual1/tools/include/gsl/gsl_permute_double.h
 /usr/bin/install -c -m 644 gsl_permute_float.h /home/ualusr2011/ual1220/ual1/tools/include/gsl/gsl_permute_float.h
 /usr/bin/install -c -m 644 gsl_permute_int.h /home/ualusr2011/ual1220/ual1/tools/include/gsl/gsl_permute_int.h
 /usr/bin/install -c -m 644 gsl_permute_long.h /home/ualusr2011/ual1220/ual1/tools/include/gsl/gsl_permute_long.h
 /usr/bin/install -c -m 644 gsl_permute_long_double.h /home/ualusr2011/ual1220/ual1/tools/include/gsl/gsl_permute_long_double.h
 /usr/bin/install -c -m 644 gsl_permute_short.h /home/ualusr2011/ual1220/ual1/tools/include/gsl/gsl_permute_short.h
 /usr/bin/install -c -m 644 gsl_permute_uchar.h /home/ualusr2011/ual1220/ual1/tools/include/gsl/gsl_permute_uchar.h
 /usr/bin/install -c -m 644 gsl_permute_uint.h /home/ualusr2011/ual1220/ual1/tools/include/gsl/gsl_permute_uint.h
 /usr/bin/install -c -m 644 gsl_permute_ulong.h /home/ualusr2011/ual1220/ual1/tools/include/gsl/gsl_permute_ulong.h
 /usr/bin/install -c -m 644 gsl_permute_ushort.h /home/ualusr2011/ual1220/ual1/tools/include/gsl/gsl_permute_ushort.h
 /usr/bin/install -c -m 644 gsl_permute_vector.h /home/ualusr2011/ual1220/ual1/tools/include/gsl/gsl_permute_vector.h
 /usr/bin/install -c -m 644 gsl_permute_vector_char.h /home/ualusr2011/ual1220/ual1/tools/include/gsl/gsl_permute_vector_char.h
 /usr/bin/install -c -m 644 gsl_permute_vector_complex_double.h /home/ualusr2011/ual1220/ual1/tools/include/gsl/gsl_permute_vector_complex_double.h
 /usr/bin/install -c -m 644 gsl_permute_vector_complex_float.h /home/ualusr2011/ual1220/ual1/tools/include/gsl/gsl_permute_vector_complex_float.h
 /usr/bin/install -c -m 644 gsl_permute_vector_complex_long_double.h /home/ualusr2011/ual1220/ual1/tools/include/gsl/gsl_permute_vector_complex_long_double.h
 /usr/bin/install -c -m 644 gsl_permute_vector_double.h /home/ualusr2011/ual1220/ual1/tools/include/gsl/gsl_permute_vector_double.h
 /usr/bin/install -c -m 644 gsl_permute_vector_float.h /home/ualusr2011/ual1220/ual1/tools/include/gsl/gsl_permute_vector_float.h
 /usr/bin/install -c -m 644 gsl_permute_vector_int.h /home/ualusr2011/ual1220/ual1/tools/include/gsl/gsl_permute_vector_int.h
 /usr/bin/install -c -m 644 gsl_permute_vector_long.h /home/ualusr2011/ual1220/ual1/tools/include/gsl/gsl_permute_vector_long.h
 /usr/bin/install -c -m 644 gsl_permute_vector_long_double.h /home/ualusr2011/ual1220/ual1/tools/include/gsl/gsl_permute_vector_long_double.h
 /usr/bin/install -c -m 644 gsl_permute_vector_short.h /home/ualusr2011/ual1220/ual1/tools/include/gsl/gsl_permute_vector_short.h
 /usr/bin/install -c -m 644 gsl_permute_vector_uchar.h /home/ualusr2011/ual1220/ual1/tools/include/gsl/gsl_permute_vector_uchar.h
 /usr/bin/install -c -m 644 gsl_permute_vector_uint.h /home/ualusr2011/ual1220/ual1/tools/include/gsl/gsl_permute_vector_uint.h
 /usr/bin/install -c -m 644 gsl_permute_vector_ulong.h /home/ualusr2011/ual1220/ual1/tools/include/gsl/gsl_permute_vector_ulong.h
 /usr/bin/install -c -m 644 gsl_permute_vector_ushort.h /home/ualusr2011/ual1220/ual1/tools/include/gsl/gsl_permute_vector_ushort.h
make[5]: Leaving directory `/home/ualusr2011/ual1220/ual1/tools/tars/gsl-1.4/permutation'
make[4]: Leaving directory `/home/ualusr2011/ual1220/ual1/tools/tars/gsl-1.4/permutation'
Making install in combination
make[4]: Entering directory `/home/ualusr2011/ual1220/ual1/tools/tars/gsl-1.4/combination'
make[5]: Entering directory `/home/ualusr2011/ual1220/ual1/tools/tars/gsl-1.4/combination'
make[5]: Nothing to be done for `install-exec-am'.
/bin/sh ../mkinstalldirs /home/ualusr2011/ual1220/ual1/tools/include/gsl
 /usr/bin/install -c -m 644 gsl_combination.h /home/ualusr2011/ual1220/ual1/tools/include/gsl/gsl_combination.h
make[5]: Leaving directory `/home/ualusr2011/ual1220/ual1/tools/tars/gsl-1.4/combination'
make[4]: Leaving directory `/home/ualusr2011/ual1220/ual1/tools/tars/gsl-1.4/combination'
Making install in sort
make[4]: Entering directory `/home/ualusr2011/ual1220/ual1/tools/tars/gsl-1.4/sort'
make[5]: Entering directory `/home/ualusr2011/ual1220/ual1/tools/tars/gsl-1.4/sort'
make[5]: Nothing to be done for `install-exec-am'.
/bin/sh ../mkinstalldirs /home/ualusr2011/ual1220/ual1/tools/include/gsl
 /usr/bin/install -c -m 644 gsl_heapsort.h /home/ualusr2011/ual1220/ual1/tools/include/gsl/gsl_heapsort.h
 /usr/bin/install -c -m 644 gsl_sort.h /home/ualusr2011/ual1220/ual1/tools/include/gsl/gsl_sort.h
 /usr/bin/install -c -m 644 gsl_sort_char.h /home/ualusr2011/ual1220/ual1/tools/include/gsl/gsl_sort_char.h
 /usr/bin/install -c -m 644 gsl_sort_double.h /home/ualusr2011/ual1220/ual1/tools/include/gsl/gsl_sort_double.h
 /usr/bin/install -c -m 644 gsl_sort_float.h /home/ualusr2011/ual1220/ual1/tools/include/gsl/gsl_sort_float.h
 /usr/bin/install -c -m 644 gsl_sort_int.h /home/ualusr2011/ual1220/ual1/tools/include/gsl/gsl_sort_int.h
 /usr/bin/install -c -m 644 gsl_sort_long.h /home/ualusr2011/ual1220/ual1/tools/include/gsl/gsl_sort_long.h
 /usr/bin/install -c -m 644 gsl_sort_long_double.h /home/ualusr2011/ual1220/ual1/tools/include/gsl/gsl_sort_long_double.h
 /usr/bin/install -c -m 644 gsl_sort_short.h /home/ualusr2011/ual1220/ual1/tools/include/gsl/gsl_sort_short.h
 /usr/bin/install -c -m 644 gsl_sort_uchar.h /home/ualusr2011/ual1220/ual1/tools/include/gsl/gsl_sort_uchar.h
 /usr/bin/install -c -m 644 gsl_sort_uint.h /home/ualusr2011/ual1220/ual1/tools/include/gsl/gsl_sort_uint.h
 /usr/bin/install -c -m 644 gsl_sort_ulong.h /home/ualusr2011/ual1220/ual1/tools/include/gsl/gsl_sort_ulong.h
 /usr/bin/install -c -m 644 gsl_sort_ushort.h /home/ualusr2011/ual1220/ual1/tools/include/gsl/gsl_sort_ushort.h
 /usr/bin/install -c -m 644 gsl_sort_vector.h /home/ualusr2011/ual1220/ual1/tools/include/gsl/gsl_sort_vector.h
 /usr/bin/install -c -m 644 gsl_sort_vector_char.h /home/ualusr2011/ual1220/ual1/tools/include/gsl/gsl_sort_vector_char.h
 /usr/bin/install -c -m 644 gsl_sort_vector_double.h /home/ualusr2011/ual1220/ual1/tools/include/gsl/gsl_sort_vector_double.h
 /usr/bin/install -c -m 644 gsl_sort_vector_float.h /home/ualusr2011/ual1220/ual1/tools/include/gsl/gsl_sort_vector_float.h
 /usr/bin/install -c -m 644 gsl_sort_vector_int.h /home/ualusr2011/ual1220/ual1/tools/include/gsl/gsl_sort_vector_int.h
 /usr/bin/install -c -m 644 gsl_sort_vector_long.h /home/ualusr2011/ual1220/ual1/tools/include/gsl/gsl_sort_vector_long.h
 /usr/bin/install -c -m 644 gsl_sort_vector_long_double.h /home/ualusr2011/ual1220/ual1/tools/include/gsl/gsl_sort_vector_long_double.h
 /usr/bin/install -c -m 644 gsl_sort_vector_short.h /home/ualusr2011/ual1220/ual1/tools/include/gsl/gsl_sort_vector_short.h
 /usr/bin/install -c -m 644 gsl_sort_vector_uchar.h /home/ualusr2011/ual1220/ual1/tools/include/gsl/gsl_sort_vector_uchar.h
 /usr/bin/install -c -m 644 gsl_sort_vector_uint.h /home/ualusr2011/ual1220/ual1/tools/include/gsl/gsl_sort_vector_uint.h
 /usr/bin/install -c -m 644 gsl_sort_vector_ulong.h /home/ualusr2011/ual1220/ual1/tools/include/gsl/gsl_sort_vector_ulong.h
 /usr/bin/install -c -m 644 gsl_sort_vector_ushort.h /home/ualusr2011/ual1220/ual1/tools/include/gsl/gsl_sort_vector_ushort.h
make[5]: Leaving directory `/home/ualusr2011/ual1220/ual1/tools/tars/gsl-1.4/sort'
make[4]: Leaving directory `/home/ualusr2011/ual1220/ual1/tools/tars/gsl-1.4/sort'
Making install in ieee-utils
make[4]: Entering directory `/home/ualusr2011/ual1220/ual1/tools/tars/gsl-1.4/ieee-utils'
make[5]: Entering directory `/home/ualusr2011/ual1220/ual1/tools/tars/gsl-1.4/ieee-utils'
make[5]: Nothing to be done for `install-exec-am'.
/bin/sh ../mkinstalldirs /home/ualusr2011/ual1220/ual1/tools/include/gsl
 /usr/bin/install -c -m 644 gsl_ieee_utils.h /home/ualusr2011/ual1220/ual1/tools/include/gsl/gsl_ieee_utils.h
make[5]: Leaving directory `/home/ualusr2011/ual1220/ual1/tools/tars/gsl-1.4/ieee-utils'
make[4]: Leaving directory `/home/ualusr2011/ual1220/ual1/tools/tars/gsl-1.4/ieee-utils'
Making install in cblas
make[4]: Entering directory `/home/ualusr2011/ual1220/ual1/tools/tars/gsl-1.4/cblas'
make[5]: Entering directory `/home/ualusr2011/ual1220/ual1/tools/tars/gsl-1.4/cblas'
/bin/sh ../mkinstalldirs /home/ualusr2011/ual1220/ual1/tools/lib/linux
 /bin/sh ../libtool --mode=install /usr/bin/install -c  libgslcblas.la /home/ualusr2011/ual1220/ual1/tools/lib/linux/libgslcblas.la
/usr/bin/install -c .libs/libgslcblas.so.0.0.0 /home/ualusr2011/ual1220/ual1/tools/lib/linux/libgslcblas.so.0.0.0
(cd /home/ualusr2011/ual1220/ual1/tools/lib/linux && rm -f libgslcblas.so.0 && ln -s libgslcblas.so.0.0.0 libgslcblas.so.0)
(cd /home/ualusr2011/ual1220/ual1/tools/lib/linux && rm -f libgslcblas.so && ln -s libgslcblas.so.0.0.0 libgslcblas.so)
/usr/bin/install -c .libs/libgslcblas.lai /home/ualusr2011/ual1220/ual1/tools/lib/linux/libgslcblas.la
/usr/bin/install -c .libs/libgslcblas.a /home/ualusr2011/ual1220/ual1/tools/lib/linux/libgslcblas.a
ranlib /home/ualusr2011/ual1220/ual1/tools/lib/linux/libgslcblas.a
chmod 644 /home/ualusr2011/ual1220/ual1/tools/lib/linux/libgslcblas.a
PATH="$PATH:/sbin" ldconfig -n /home/ualusr2011/ual1220/ual1/tools/lib/linux
ldconfig: /home/ualusr2011/ual1220/ual1/tools/lib/linux/libxerces-depdom.so.27 is not a symbolic link

ldconfig: /home/ualusr2011/ual1220/ual1/tools/lib/linux/libxerces-c.so.27 is not a symbolic link

----------------------------------------------------------------------
Libraries have been installed in:
   /home/ualusr2011/ual1220/ual1/tools/lib/linux

If you ever happen to want to link against installed libraries
in a given directory, LIBDIR, you must either use libtool, and
specify the full pathname of the library, or use the `-LLIBDIR'
flag during linking and do at least one of the following:
   - add LIBDIR to the `LD_LIBRARY_PATH' environment variable
     during execution
   - add LIBDIR to the `LD_RUN_PATH' environment variable
     during linking
   - use the `-Wl,--rpath -Wl,LIBDIR' linker flag
   - have your system administrator add LIBDIR to `/etc/ld.so.conf'

See any operating system documentation about shared libraries for
more information, such as the ld(1) and ld.so(8) manual pages.
----------------------------------------------------------------------
/bin/sh ../mkinstalldirs /home/ualusr2011/ual1220/ual1/tools/include/gsl
 /usr/bin/install -c -m 644 gsl_cblas.h /home/ualusr2011/ual1220/ual1/tools/include/gsl/gsl_cblas.h
make[5]: Leaving directory `/home/ualusr2011/ual1220/ual1/tools/tars/gsl-1.4/cblas'
make[4]: Leaving directory `/home/ualusr2011/ual1220/ual1/tools/tars/gsl-1.4/cblas'
Making install in blas
make[4]: Entering directory `/home/ualusr2011/ual1220/ual1/tools/tars/gsl-1.4/blas'
make[5]: Entering directory `/home/ualusr2011/ual1220/ual1/tools/tars/gsl-1.4/blas'
make[5]: Nothing to be done for `install-exec-am'.
/bin/sh ../mkinstalldirs /home/ualusr2011/ual1220/ual1/tools/include/gsl
 /usr/bin/install -c -m 644 gsl_blas.h /home/ualusr2011/ual1220/ual1/tools/include/gsl/gsl_blas.h
 /usr/bin/install -c -m 644 gsl_blas_types.h /home/ualusr2011/ual1220/ual1/tools/include/gsl/gsl_blas_types.h
make[5]: Leaving directory `/home/ualusr2011/ual1220/ual1/tools/tars/gsl-1.4/blas'
make[4]: Leaving directory `/home/ualusr2011/ual1220/ual1/tools/tars/gsl-1.4/blas'
Making install in linalg
make[4]: Entering directory `/home/ualusr2011/ual1220/ual1/tools/tars/gsl-1.4/linalg'
make[5]: Entering directory `/home/ualusr2011/ual1220/ual1/tools/tars/gsl-1.4/linalg'
make[5]: Nothing to be done for `install-exec-am'.
/bin/sh ../mkinstalldirs /home/ualusr2011/ual1220/ual1/tools/include/gsl
 /usr/bin/install -c -m 644 gsl_linalg.h /home/ualusr2011/ual1220/ual1/tools/include/gsl/gsl_linalg.h
make[5]: Leaving directory `/home/ualusr2011/ual1220/ual1/tools/tars/gsl-1.4/linalg'
make[4]: Leaving directory `/home/ualusr2011/ual1220/ual1/tools/tars/gsl-1.4/linalg'
Making install in eigen
make[4]: Entering directory `/home/ualusr2011/ual1220/ual1/tools/tars/gsl-1.4/eigen'
make[5]: Entering directory `/home/ualusr2011/ual1220/ual1/tools/tars/gsl-1.4/eigen'
make[5]: Nothing to be done for `install-exec-am'.
/bin/sh ../mkinstalldirs /home/ualusr2011/ual1220/ual1/tools/include/gsl
 /usr/bin/install -c -m 644 gsl_eigen.h /home/ualusr2011/ual1220/ual1/tools/include/gsl/gsl_eigen.h
make[5]: Leaving directory `/home/ualusr2011/ual1220/ual1/tools/tars/gsl-1.4/eigen'
make[4]: Leaving directory `/home/ualusr2011/ual1220/ual1/tools/tars/gsl-1.4/eigen'
Making install in specfunc
make[4]: Entering directory `/home/ualusr2011/ual1220/ual1/tools/tars/gsl-1.4/specfunc'
make[5]: Entering directory `/home/ualusr2011/ual1220/ual1/tools/tars/gsl-1.4/specfunc'
make[5]: Nothing to be done for `install-exec-am'.
/bin/sh ../mkinstalldirs /home/ualusr2011/ual1220/ual1/tools/include/gsl
 /usr/bin/install -c -m 644 gsl_sf.h /home/ualusr2011/ual1220/ual1/tools/include/gsl/gsl_sf.h
 /usr/bin/install -c -m 644 gsl_sf_airy.h /home/ualusr2011/ual1220/ual1/tools/include/gsl/gsl_sf_airy.h
 /usr/bin/install -c -m 644 gsl_sf_bessel.h /home/ualusr2011/ual1220/ual1/tools/include/gsl/gsl_sf_bessel.h
 /usr/bin/install -c -m 644 gsl_sf_clausen.h /home/ualusr2011/ual1220/ual1/tools/include/gsl/gsl_sf_clausen.h
 /usr/bin/install -c -m 644 gsl_sf_coulomb.h /home/ualusr2011/ual1220/ual1/tools/include/gsl/gsl_sf_coulomb.h
 /usr/bin/install -c -m 644 gsl_sf_coupling.h /home/ualusr2011/ual1220/ual1/tools/include/gsl/gsl_sf_coupling.h
 /usr/bin/install -c -m 644 gsl_sf_dawson.h /home/ualusr2011/ual1220/ual1/tools/include/gsl/gsl_sf_dawson.h
 /usr/bin/install -c -m 644 gsl_sf_debye.h /home/ualusr2011/ual1220/ual1/tools/include/gsl/gsl_sf_debye.h
 /usr/bin/install -c -m 644 gsl_sf_dilog.h /home/ualusr2011/ual1220/ual1/tools/include/gsl/gsl_sf_dilog.h
 /usr/bin/install -c -m 644 gsl_sf_elementary.h /home/ualusr2011/ual1220/ual1/tools/include/gsl/gsl_sf_elementary.h
 /usr/bin/install -c -m 644 gsl_sf_ellint.h /home/ualusr2011/ual1220/ual1/tools/include/gsl/gsl_sf_ellint.h
 /usr/bin/install -c -m 644 gsl_sf_elljac.h /home/ualusr2011/ual1220/ual1/tools/include/gsl/gsl_sf_elljac.h
 /usr/bin/install -c -m 644 gsl_sf_erf.h /home/ualusr2011/ual1220/ual1/tools/include/gsl/gsl_sf_erf.h
 /usr/bin/install -c -m 644 gsl_sf_exp.h /home/ualusr2011/ual1220/ual1/tools/include/gsl/gsl_sf_exp.h
 /usr/bin/install -c -m 644 gsl_sf_expint.h /home/ualusr2011/ual1220/ual1/tools/include/gsl/gsl_sf_expint.h
 /usr/bin/install -c -m 644 gsl_sf_fermi_dirac.h /home/ualusr2011/ual1220/ual1/tools/include/gsl/gsl_sf_fermi_dirac.h
 /usr/bin/install -c -m 644 gsl_sf_gamma.h /home/ualusr2011/ual1220/ual1/tools/include/gsl/gsl_sf_gamma.h
 /usr/bin/install -c -m 644 gsl_sf_gegenbauer.h /home/ualusr2011/ual1220/ual1/tools/include/gsl/gsl_sf_gegenbauer.h
 /usr/bin/install -c -m 644 gsl_sf_hyperg.h /home/ualusr2011/ual1220/ual1/tools/include/gsl/gsl_sf_hyperg.h
 /usr/bin/install -c -m 644 gsl_sf_laguerre.h /home/ualusr2011/ual1220/ual1/tools/include/gsl/gsl_sf_laguerre.h
 /usr/bin/install -c -m 644 gsl_sf_lambert.h /home/ualusr2011/ual1220/ual1/tools/include/gsl/gsl_sf_lambert.h
 /usr/bin/install -c -m 644 gsl_sf_legendre.h /home/ualusr2011/ual1220/ual1/tools/include/gsl/gsl_sf_legendre.h
 /usr/bin/install -c -m 644 gsl_sf_log.h /home/ualusr2011/ual1220/ual1/tools/include/gsl/gsl_sf_log.h
 /usr/bin/install -c -m 644 gsl_sf_pow_int.h /home/ualusr2011/ual1220/ual1/tools/include/gsl/gsl_sf_pow_int.h
 /usr/bin/install -c -m 644 gsl_sf_psi.h /home/ualusr2011/ual1220/ual1/tools/include/gsl/gsl_sf_psi.h
 /usr/bin/install -c -m 644 gsl_sf_result.h /home/ualusr2011/ual1220/ual1/tools/include/gsl/gsl_sf_result.h
 /usr/bin/install -c -m 644 gsl_sf_synchrotron.h /home/ualusr2011/ual1220/ual1/tools/include/gsl/gsl_sf_synchrotron.h
 /usr/bin/install -c -m 644 gsl_sf_transport.h /home/ualusr2011/ual1220/ual1/tools/include/gsl/gsl_sf_transport.h
 /usr/bin/install -c -m 644 gsl_sf_trig.h /home/ualusr2011/ual1220/ual1/tools/include/gsl/gsl_sf_trig.h
 /usr/bin/install -c -m 644 gsl_sf_zeta.h /home/ualusr2011/ual1220/ual1/tools/include/gsl/gsl_sf_zeta.h
 /usr/bin/install -c -m 644 gsl_specfunc.h /home/ualusr2011/ual1220/ual1/tools/include/gsl/gsl_specfunc.h
make[5]: Leaving directory `/home/ualusr2011/ual1220/ual1/tools/tars/gsl-1.4/specfunc'
make[4]: Leaving directory `/home/ualusr2011/ual1220/ual1/tools/tars/gsl-1.4/specfunc'
Making install in dht
make[4]: Entering directory `/home/ualusr2011/ual1220/ual1/tools/tars/gsl-1.4/dht'
make[5]: Entering directory `/home/ualusr2011/ual1220/ual1/tools/tars/gsl-1.4/dht'
make[5]: Nothing to be done for `install-exec-am'.
/bin/sh ../mkinstalldirs /home/ualusr2011/ual1220/ual1/tools/include/gsl
 /usr/bin/install -c -m 644 gsl_dht.h /home/ualusr2011/ual1220/ual1/tools/include/gsl/gsl_dht.h
make[5]: Leaving directory `/home/ualusr2011/ual1220/ual1/tools/tars/gsl-1.4/dht'
make[4]: Leaving directory `/home/ualusr2011/ual1220/ual1/tools/tars/gsl-1.4/dht'
Making install in qrng
make[4]: Entering directory `/home/ualusr2011/ual1220/ual1/tools/tars/gsl-1.4/qrng'
make[5]: Entering directory `/home/ualusr2011/ual1220/ual1/tools/tars/gsl-1.4/qrng'
make[5]: Nothing to be done for `install-exec-am'.
/bin/sh ../mkinstalldirs /home/ualusr2011/ual1220/ual1/tools/include/gsl
 /usr/bin/install -c -m 644 gsl_qrng.h /home/ualusr2011/ual1220/ual1/tools/include/gsl/gsl_qrng.h
make[5]: Leaving directory `/home/ualusr2011/ual1220/ual1/tools/tars/gsl-1.4/qrng'
make[4]: Leaving directory `/home/ualusr2011/ual1220/ual1/tools/tars/gsl-1.4/qrng'
Making install in rng
make[4]: Entering directory `/home/ualusr2011/ual1220/ual1/tools/tars/gsl-1.4/rng'
make[5]: Entering directory `/home/ualusr2011/ual1220/ual1/tools/tars/gsl-1.4/rng'
make[5]: Nothing to be done for `install-exec-am'.
/bin/sh ../mkinstalldirs /home/ualusr2011/ual1220/ual1/tools/include/gsl
 /usr/bin/install -c -m 644 gsl_rng.h /home/ualusr2011/ual1220/ual1/tools/include/gsl/gsl_rng.h
make[5]: Leaving directory `/home/ualusr2011/ual1220/ual1/tools/tars/gsl-1.4/rng'
make[4]: Leaving directory `/home/ualusr2011/ual1220/ual1/tools/tars/gsl-1.4/rng'
Making install in randist
make[4]: Entering directory `/home/ualusr2011/ual1220/ual1/tools/tars/gsl-1.4/randist'
make[5]: Entering directory `/home/ualusr2011/ual1220/ual1/tools/tars/gsl-1.4/randist'
make[5]: Nothing to be done for `install-exec-am'.
/bin/sh ../mkinstalldirs /home/ualusr2011/ual1220/ual1/tools/include/gsl
 /usr/bin/install -c -m 644 gsl_randist.h /home/ualusr2011/ual1220/ual1/tools/include/gsl/gsl_randist.h
make[5]: Leaving directory `/home/ualusr2011/ual1220/ual1/tools/tars/gsl-1.4/randist'
make[4]: Leaving directory `/home/ualusr2011/ual1220/ual1/tools/tars/gsl-1.4/randist'
Making install in fft
make[4]: Entering directory `/home/ualusr2011/ual1220/ual1/tools/tars/gsl-1.4/fft'
make[5]: Entering directory `/home/ualusr2011/ual1220/ual1/tools/tars/gsl-1.4/fft'
make[5]: Nothing to be done for `install-exec-am'.
/bin/sh ../mkinstalldirs /home/ualusr2011/ual1220/ual1/tools/include/gsl
 /usr/bin/install -c -m 644 gsl_fft.h /home/ualusr2011/ual1220/ual1/tools/include/gsl/gsl_fft.h
 /usr/bin/install -c -m 644 gsl_fft_complex.h /home/ualusr2011/ual1220/ual1/tools/include/gsl/gsl_fft_complex.h
 /usr/bin/install -c -m 644 gsl_fft_halfcomplex.h /home/ualusr2011/ual1220/ual1/tools/include/gsl/gsl_fft_halfcomplex.h
 /usr/bin/install -c -m 644 gsl_fft_real.h /home/ualusr2011/ual1220/ual1/tools/include/gsl/gsl_fft_real.h
 /usr/bin/install -c -m 644 gsl_dft_complex.h /home/ualusr2011/ual1220/ual1/tools/include/gsl/gsl_dft_complex.h
 /usr/bin/install -c -m 644 gsl_dft_complex_float.h /home/ualusr2011/ual1220/ual1/tools/include/gsl/gsl_dft_complex_float.h
 /usr/bin/install -c -m 644 gsl_fft_complex_float.h /home/ualusr2011/ual1220/ual1/tools/include/gsl/gsl_fft_complex_float.h
 /usr/bin/install -c -m 644 gsl_fft_halfcomplex_float.h /home/ualusr2011/ual1220/ual1/tools/include/gsl/gsl_fft_halfcomplex_float.h
 /usr/bin/install -c -m 644 gsl_fft_real_float.h /home/ualusr2011/ual1220/ual1/tools/include/gsl/gsl_fft_real_float.h
make[5]: Leaving directory `/home/ualusr2011/ual1220/ual1/tools/tars/gsl-1.4/fft'
make[4]: Leaving directory `/home/ualusr2011/ual1220/ual1/tools/tars/gsl-1.4/fft'
Making install in poly
make[4]: Entering directory `/home/ualusr2011/ual1220/ual1/tools/tars/gsl-1.4/poly'
make[5]: Entering directory `/home/ualusr2011/ual1220/ual1/tools/tars/gsl-1.4/poly'
make[5]: Nothing to be done for `install-exec-am'.
/bin/sh ../mkinstalldirs /home/ualusr2011/ual1220/ual1/tools/include/gsl
 /usr/bin/install -c -m 644 gsl_poly.h /home/ualusr2011/ual1220/ual1/tools/include/gsl/gsl_poly.h
make[5]: Leaving directory `/home/ualusr2011/ual1220/ual1/tools/tars/gsl-1.4/poly'
make[4]: Leaving directory `/home/ualusr2011/ual1220/ual1/tools/tars/gsl-1.4/poly'
Making install in fit
make[4]: Entering directory `/home/ualusr2011/ual1220/ual1/tools/tars/gsl-1.4/fit'
make[5]: Entering directory `/home/ualusr2011/ual1220/ual1/tools/tars/gsl-1.4/fit'
make[5]: Nothing to be done for `install-exec-am'.
/bin/sh ../mkinstalldirs /home/ualusr2011/ual1220/ual1/tools/include/gsl
 /usr/bin/install -c -m 644 gsl_fit.h /home/ualusr2011/ual1220/ual1/tools/include/gsl/gsl_fit.h
make[5]: Leaving directory `/home/ualusr2011/ual1220/ual1/tools/tars/gsl-1.4/fit'
make[4]: Leaving directory `/home/ualusr2011/ual1220/ual1/tools/tars/gsl-1.4/fit'
Making install in multifit
make[4]: Entering directory `/home/ualusr2011/ual1220/ual1/tools/tars/gsl-1.4/multifit'
make[5]: Entering directory `/home/ualusr2011/ual1220/ual1/tools/tars/gsl-1.4/multifit'
make[5]: Nothing to be done for `install-exec-am'.
/bin/sh ../mkinstalldirs /home/ualusr2011/ual1220/ual1/tools/include/gsl
 /usr/bin/install -c -m 644 gsl_multifit.h /home/ualusr2011/ual1220/ual1/tools/include/gsl/gsl_multifit.h
 /usr/bin/install -c -m 644 gsl_multifit_nlin.h /home/ualusr2011/ual1220/ual1/tools/include/gsl/gsl_multifit_nlin.h
make[5]: Leaving directory `/home/ualusr2011/ual1220/ual1/tools/tars/gsl-1.4/multifit'
make[4]: Leaving directory `/home/ualusr2011/ual1220/ual1/tools/tars/gsl-1.4/multifit'
Making install in statistics
make[4]: Entering directory `/home/ualusr2011/ual1220/ual1/tools/tars/gsl-1.4/statistics'
make[5]: Entering directory `/home/ualusr2011/ual1220/ual1/tools/tars/gsl-1.4/statistics'
make[5]: Nothing to be done for `install-exec-am'.
/bin/sh ../mkinstalldirs /home/ualusr2011/ual1220/ual1/tools/include/gsl
 /usr/bin/install -c -m 644 gsl_statistics.h /home/ualusr2011/ual1220/ual1/tools/include/gsl/gsl_statistics.h
 /usr/bin/install -c -m 644 gsl_statistics_char.h /home/ualusr2011/ual1220/ual1/tools/include/gsl/gsl_statistics_char.h
 /usr/bin/install -c -m 644 gsl_statistics_double.h /home/ualusr2011/ual1220/ual1/tools/include/gsl/gsl_statistics_double.h
 /usr/bin/install -c -m 644 gsl_statistics_float.h /home/ualusr2011/ual1220/ual1/tools/include/gsl/gsl_statistics_float.h
 /usr/bin/install -c -m 644 gsl_statistics_int.h /home/ualusr2011/ual1220/ual1/tools/include/gsl/gsl_statistics_int.h
 /usr/bin/install -c -m 644 gsl_statistics_long.h /home/ualusr2011/ual1220/ual1/tools/include/gsl/gsl_statistics_long.h
 /usr/bin/install -c -m 644 gsl_statistics_long_double.h /home/ualusr2011/ual1220/ual1/tools/include/gsl/gsl_statistics_long_double.h
 /usr/bin/install -c -m 644 gsl_statistics_short.h /home/ualusr2011/ual1220/ual1/tools/include/gsl/gsl_statistics_short.h
 /usr/bin/install -c -m 644 gsl_statistics_uchar.h /home/ualusr2011/ual1220/ual1/tools/include/gsl/gsl_statistics_uchar.h
 /usr/bin/install -c -m 644 gsl_statistics_uint.h /home/ualusr2011/ual1220/ual1/tools/include/gsl/gsl_statistics_uint.h
 /usr/bin/install -c -m 644 gsl_statistics_ulong.h /home/ualusr2011/ual1220/ual1/tools/include/gsl/gsl_statistics_ulong.h
 /usr/bin/install -c -m 644 gsl_statistics_ushort.h /home/ualusr2011/ual1220/ual1/tools/include/gsl/gsl_statistics_ushort.h
make[5]: Leaving directory `/home/ualusr2011/ual1220/ual1/tools/tars/gsl-1.4/statistics'
make[4]: Leaving directory `/home/ualusr2011/ual1220/ual1/tools/tars/gsl-1.4/statistics'
Making install in siman
make[4]: Entering directory `/home/ualusr2011/ual1220/ual1/tools/tars/gsl-1.4/siman'
make[5]: Entering directory `/home/ualusr2011/ual1220/ual1/tools/tars/gsl-1.4/siman'
make[5]: Nothing to be done for `install-exec-am'.
/bin/sh ../mkinstalldirs /home/ualusr2011/ual1220/ual1/tools/include/gsl
 /usr/bin/install -c -m 644 gsl_siman.h /home/ualusr2011/ual1220/ual1/tools/include/gsl/gsl_siman.h
make[5]: Leaving directory `/home/ualusr2011/ual1220/ual1/tools/tars/gsl-1.4/siman'
make[4]: Leaving directory `/home/ualusr2011/ual1220/ual1/tools/tars/gsl-1.4/siman'
Making install in sum
make[4]: Entering directory `/home/ualusr2011/ual1220/ual1/tools/tars/gsl-1.4/sum'
make[5]: Entering directory `/home/ualusr2011/ual1220/ual1/tools/tars/gsl-1.4/sum'
make[5]: Nothing to be done for `install-exec-am'.
/bin/sh ../mkinstalldirs /home/ualusr2011/ual1220/ual1/tools/include/gsl
 /usr/bin/install -c -m 644 gsl_sum.h /home/ualusr2011/ual1220/ual1/tools/include/gsl/gsl_sum.h
make[5]: Leaving directory `/home/ualusr2011/ual1220/ual1/tools/tars/gsl-1.4/sum'
make[4]: Leaving directory `/home/ualusr2011/ual1220/ual1/tools/tars/gsl-1.4/sum'
Making install in integration
make[4]: Entering directory `/home/ualusr2011/ual1220/ual1/tools/tars/gsl-1.4/integration'
make[5]: Entering directory `/home/ualusr2011/ual1220/ual1/tools/tars/gsl-1.4/integration'
make[5]: Nothing to be done for `install-exec-am'.
/bin/sh ../mkinstalldirs /home/ualusr2011/ual1220/ual1/tools/include/gsl
 /usr/bin/install -c -m 644 gsl_integration.h /home/ualusr2011/ual1220/ual1/tools/include/gsl/gsl_integration.h
make[5]: Leaving directory `/home/ualusr2011/ual1220/ual1/tools/tars/gsl-1.4/integration'
make[4]: Leaving directory `/home/ualusr2011/ual1220/ual1/tools/tars/gsl-1.4/integration'
Making install in interpolation
make[4]: Entering directory `/home/ualusr2011/ual1220/ual1/tools/tars/gsl-1.4/interpolation'
make[5]: Entering directory `/home/ualusr2011/ual1220/ual1/tools/tars/gsl-1.4/interpolation'
make[5]: Nothing to be done for `install-exec-am'.
/bin/sh ../mkinstalldirs /home/ualusr2011/ual1220/ual1/tools/include/gsl
 /usr/bin/install -c -m 644 gsl_interp.h /home/ualusr2011/ual1220/ual1/tools/include/gsl/gsl_interp.h
 /usr/bin/install -c -m 644 gsl_spline.h /home/ualusr2011/ual1220/ual1/tools/include/gsl/gsl_spline.h
make[5]: Leaving directory `/home/ualusr2011/ual1220/ual1/tools/tars/gsl-1.4/interpolation'
make[4]: Leaving directory `/home/ualusr2011/ual1220/ual1/tools/tars/gsl-1.4/interpolation'
Making install in histogram
make[4]: Entering directory `/home/ualusr2011/ual1220/ual1/tools/tars/gsl-1.4/histogram'
make[5]: Entering directory `/home/ualusr2011/ual1220/ual1/tools/tars/gsl-1.4/histogram'
make[5]: Nothing to be done for `install-exec-am'.
/bin/sh ../mkinstalldirs /home/ualusr2011/ual1220/ual1/tools/include/gsl
 /usr/bin/install -c -m 644 gsl_histogram.h /home/ualusr2011/ual1220/ual1/tools/include/gsl/gsl_histogram.h
 /usr/bin/install -c -m 644 gsl_histogram2d.h /home/ualusr2011/ual1220/ual1/tools/include/gsl/gsl_histogram2d.h
make[5]: Leaving directory `/home/ualusr2011/ual1220/ual1/tools/tars/gsl-1.4/histogram'
make[4]: Leaving directory `/home/ualusr2011/ual1220/ual1/tools/tars/gsl-1.4/histogram'
Making install in ode-initval
make[4]: Entering directory `/home/ualusr2011/ual1220/ual1/tools/tars/gsl-1.4/ode-initval'
make[5]: Entering directory `/home/ualusr2011/ual1220/ual1/tools/tars/gsl-1.4/ode-initval'
make[5]: Nothing to be done for `install-exec-am'.
/bin/sh ../mkinstalldirs /home/ualusr2011/ual1220/ual1/tools/include/gsl
 /usr/bin/install -c -m 644 gsl_odeiv.h /home/ualusr2011/ual1220/ual1/tools/include/gsl/gsl_odeiv.h
make[5]: Leaving directory `/home/ualusr2011/ual1220/ual1/tools/tars/gsl-1.4/ode-initval'
make[4]: Leaving directory `/home/ualusr2011/ual1220/ual1/tools/tars/gsl-1.4/ode-initval'
Making install in roots
make[4]: Entering directory `/home/ualusr2011/ual1220/ual1/tools/tars/gsl-1.4/roots'
make[5]: Entering directory `/home/ualusr2011/ual1220/ual1/tools/tars/gsl-1.4/roots'
make[5]: Nothing to be done for `install-exec-am'.
/bin/sh ../mkinstalldirs /home/ualusr2011/ual1220/ual1/tools/include/gsl
 /usr/bin/install -c -m 644 gsl_roots.h /home/ualusr2011/ual1220/ual1/tools/include/gsl/gsl_roots.h
make[5]: Leaving directory `/home/ualusr2011/ual1220/ual1/tools/tars/gsl-1.4/roots'
make[4]: Leaving directory `/home/ualusr2011/ual1220/ual1/tools/tars/gsl-1.4/roots'
Making install in multiroots
make[4]: Entering directory `/home/ualusr2011/ual1220/ual1/tools/tars/gsl-1.4/multiroots'
make[5]: Entering directory `/home/ualusr2011/ual1220/ual1/tools/tars/gsl-1.4/multiroots'
make[5]: Nothing to be done for `install-exec-am'.
/bin/sh ../mkinstalldirs /home/ualusr2011/ual1220/ual1/tools/include/gsl
 /usr/bin/install -c -m 644 gsl_multiroots.h /home/ualusr2011/ual1220/ual1/tools/include/gsl/gsl_multiroots.h
make[5]: Leaving directory `/home/ualusr2011/ual1220/ual1/tools/tars/gsl-1.4/multiroots'
make[4]: Leaving directory `/home/ualusr2011/ual1220/ual1/tools/tars/gsl-1.4/multiroots'
Making install in min
make[4]: Entering directory `/home/ualusr2011/ual1220/ual1/tools/tars/gsl-1.4/min'
make[5]: Entering directory `/home/ualusr2011/ual1220/ual1/tools/tars/gsl-1.4/min'
make[5]: Nothing to be done for `install-exec-am'.
/bin/sh ../mkinstalldirs /home/ualusr2011/ual1220/ual1/tools/include/gsl
 /usr/bin/install -c -m 644 gsl_min.h /home/ualusr2011/ual1220/ual1/tools/include/gsl/gsl_min.h
make[5]: Leaving directory `/home/ualusr2011/ual1220/ual1/tools/tars/gsl-1.4/min'
make[4]: Leaving directory `/home/ualusr2011/ual1220/ual1/tools/tars/gsl-1.4/min'
Making install in multimin
make[4]: Entering directory `/home/ualusr2011/ual1220/ual1/tools/tars/gsl-1.4/multimin'
make[5]: Entering directory `/home/ualusr2011/ual1220/ual1/tools/tars/gsl-1.4/multimin'
make[5]: Nothing to be done for `install-exec-am'.
/bin/sh ../mkinstalldirs /home/ualusr2011/ual1220/ual1/tools/include/gsl
 /usr/bin/install -c -m 644 gsl_multimin.h /home/ualusr2011/ual1220/ual1/tools/include/gsl/gsl_multimin.h
make[5]: Leaving directory `/home/ualusr2011/ual1220/ual1/tools/tars/gsl-1.4/multimin'
make[4]: Leaving directory `/home/ualusr2011/ual1220/ual1/tools/tars/gsl-1.4/multimin'
Making install in monte
make[4]: Entering directory `/home/ualusr2011/ual1220/ual1/tools/tars/gsl-1.4/monte'
make[5]: Entering directory `/home/ualusr2011/ual1220/ual1/tools/tars/gsl-1.4/monte'
make[5]: Nothing to be done for `install-exec-am'.
/bin/sh ../mkinstalldirs /home/ualusr2011/ual1220/ual1/tools/include/gsl
 /usr/bin/install -c -m 644 gsl_monte.h /home/ualusr2011/ual1220/ual1/tools/include/gsl/gsl_monte.h
 /usr/bin/install -c -m 644 gsl_monte_vegas.h /home/ualusr2011/ual1220/ual1/tools/include/gsl/gsl_monte_vegas.h
 /usr/bin/install -c -m 644 gsl_monte_miser.h /home/ualusr2011/ual1220/ual1/tools/include/gsl/gsl_monte_miser.h
 /usr/bin/install -c -m 644 gsl_monte_plain.h /home/ualusr2011/ual1220/ual1/tools/include/gsl/gsl_monte_plain.h
make[5]: Leaving directory `/home/ualusr2011/ual1220/ual1/tools/tars/gsl-1.4/monte'
make[4]: Leaving directory `/home/ualusr2011/ual1220/ual1/tools/tars/gsl-1.4/monte'
Making install in ntuple
make[4]: Entering directory `/home/ualusr2011/ual1220/ual1/tools/tars/gsl-1.4/ntuple'
make[5]: Entering directory `/home/ualusr2011/ual1220/ual1/tools/tars/gsl-1.4/ntuple'
make[5]: Nothing to be done for `install-exec-am'.
/bin/sh ../mkinstalldirs /home/ualusr2011/ual1220/ual1/tools/include/gsl
 /usr/bin/install -c -m 644 gsl_ntuple.h /home/ualusr2011/ual1220/ual1/tools/include/gsl/gsl_ntuple.h
make[5]: Leaving directory `/home/ualusr2011/ual1220/ual1/tools/tars/gsl-1.4/ntuple'
make[4]: Leaving directory `/home/ualusr2011/ual1220/ual1/tools/tars/gsl-1.4/ntuple'
Making install in diff
make[4]: Entering directory `/home/ualusr2011/ual1220/ual1/tools/tars/gsl-1.4/diff'
make[5]: Entering directory `/home/ualusr2011/ual1220/ual1/tools/tars/gsl-1.4/diff'
make[5]: Nothing to be done for `install-exec-am'.
/bin/sh ../mkinstalldirs /home/ualusr2011/ual1220/ual1/tools/include/gsl
 /usr/bin/install -c -m 644 gsl_diff.h /home/ualusr2011/ual1220/ual1/tools/include/gsl/gsl_diff.h
make[5]: Leaving directory `/home/ualusr2011/ual1220/ual1/tools/tars/gsl-1.4/diff'
make[4]: Leaving directory `/home/ualusr2011/ual1220/ual1/tools/tars/gsl-1.4/diff'
Making install in cdf
make[4]: Entering directory `/home/ualusr2011/ual1220/ual1/tools/tars/gsl-1.4/cdf'
make[5]: Entering directory `/home/ualusr2011/ual1220/ual1/tools/tars/gsl-1.4/cdf'
make[5]: Nothing to be done for `install-exec-am'.
/bin/sh ../mkinstalldirs /home/ualusr2011/ual1220/ual1/tools/include/gsl
 /usr/bin/install -c -m 644 gsl_cdf.h /home/ualusr2011/ual1220/ual1/tools/include/gsl/gsl_cdf.h
make[5]: Leaving directory `/home/ualusr2011/ual1220/ual1/tools/tars/gsl-1.4/cdf'
make[4]: Leaving directory `/home/ualusr2011/ual1220/ual1/tools/tars/gsl-1.4/cdf'
Making install in doc
make[4]: Entering directory `/home/ualusr2011/ual1220/ual1/tools/tars/gsl-1.4/doc'
make[5]: Entering directory `/home/ualusr2011/ual1220/ual1/tools/tars/gsl-1.4/doc'
make[5]: Nothing to be done for `install-exec-am'.
/bin/sh ../mkinstalldirs /home/ualusr2011/ual1220/ual1/tools/info
 /usr/bin/install -c -m 644 ./gsl-ref.info /home/ualusr2011/ual1220/ual1/tools/info/gsl-ref.info
 /usr/bin/install -c -m 644 ./gsl-ref.info-1 /home/ualusr2011/ual1220/ual1/tools/info/gsl-ref.info-1
 /usr/bin/install -c -m 644 ./gsl-ref.info-2 /home/ualusr2011/ual1220/ual1/tools/info/gsl-ref.info-2
 /usr/bin/install -c -m 644 ./gsl-ref.info-3 /home/ualusr2011/ual1220/ual1/tools/info/gsl-ref.info-3
 /usr/bin/install -c -m 644 ./gsl-ref.info-4 /home/ualusr2011/ual1220/ual1/tools/info/gsl-ref.info-4
 install-info --info-dir=/home/ualusr2011/ual1220/ual1/tools/info /home/ualusr2011/ual1220/ual1/tools/info/gsl-ref.info
/bin/sh ../mkinstalldirs /home/ualusr2011/ual1220/ual1/tools/man/man1
 /usr/bin/install -c -m 644 ./gsl-config.1 /home/ualusr2011/ual1220/ual1/tools/man/man1/gsl-config.1
 /usr/bin/install -c -m 644 ./gsl-randist.1 /home/ualusr2011/ual1220/ual1/tools/man/man1/gsl-randist.1
 /usr/bin/install -c -m 644 ./gsl-histogram.1 /home/ualusr2011/ual1220/ual1/tools/man/man1/gsl-histogram.1
/bin/sh ../mkinstalldirs /home/ualusr2011/ual1220/ual1/tools/man/man3
 /usr/bin/install -c -m 644 ./gsl.3 /home/ualusr2011/ual1220/ual1/tools/man/man3/gsl.3
make[5]: Leaving directory `/home/ualusr2011/ual1220/ual1/tools/tars/gsl-1.4/doc'
make[4]: Leaving directory `/home/ualusr2011/ual1220/ual1/tools/tars/gsl-1.4/doc'
make[4]: Entering directory `/home/ualusr2011/ual1220/ual1/tools/tars/gsl-1.4'
make[5]: Entering directory `/home/ualusr2011/ual1220/ual1/tools/tars/gsl-1.4'
/bin/sh ./mkinstalldirs /home/ualusr2011/ual1220/ual1/tools/lib/linux
 /bin/sh ./libtool --mode=install /usr/bin/install -c  libgsl.la /home/ualusr2011/ual1220/ual1/tools/lib/linux/libgsl.la
/usr/bin/install -c .libs/libgsl.so.0.5.0 /home/ualusr2011/ual1220/ual1/tools/lib/linux/libgsl.so.0.5.0
(cd /home/ualusr2011/ual1220/ual1/tools/lib/linux && rm -f libgsl.so.0 && ln -s libgsl.so.0.5.0 libgsl.so.0)
(cd /home/ualusr2011/ual1220/ual1/tools/lib/linux && rm -f libgsl.so && ln -s libgsl.so.0.5.0 libgsl.so)
/usr/bin/install -c .libs/libgsl.lai /home/ualusr2011/ual1220/ual1/tools/lib/linux/libgsl.la
/usr/bin/install -c .libs/libgsl.a /home/ualusr2011/ual1220/ual1/tools/lib/linux/libgsl.a
ranlib /home/ualusr2011/ual1220/ual1/tools/lib/linux/libgsl.a
chmod 644 /home/ualusr2011/ual1220/ual1/tools/lib/linux/libgsl.a
PATH="$PATH:/sbin" ldconfig -n /home/ualusr2011/ual1220/ual1/tools/lib/linux
ldconfig: /home/ualusr2011/ual1220/ual1/tools/lib/linux/libxerces-depdom.so.27 is not a symbolic link

ldconfig: /home/ualusr2011/ual1220/ual1/tools/lib/linux/libxerces-c.so.27 is not a symbolic link

----------------------------------------------------------------------
Libraries have been installed in:
   /home/ualusr2011/ual1220/ual1/tools/lib/linux

If you ever happen to want to link against installed libraries
in a given directory, LIBDIR, you must either use libtool, and
specify the full pathname of the library, or use the `-LLIBDIR'
flag during linking and do at least one of the following:
   - add LIBDIR to the `LD_LIBRARY_PATH' environment variable
     during execution
   - add LIBDIR to the `LD_RUN_PATH' environment variable
     during linking
   - use the `-Wl,--rpath -Wl,LIBDIR' linker flag
   - have your system administrator add LIBDIR to `/etc/ld.so.conf'

See any operating system documentation about shared libraries for
more information, such as the ld(1) and ld.so(8) manual pages.
----------------------------------------------------------------------
/bin/sh ./mkinstalldirs /home/ualusr2011/ual1220/ual1/tools/bin/linux
  /bin/sh ./libtool --mode=install /usr/bin/install -c gsl-randist /home/ualusr2011/ual1220/ual1/tools/bin/linux/gsl-randist
/usr/bin/install -c .libs/gsl-randist /home/ualusr2011/ual1220/ual1/tools/bin/linux/gsl-randist
  /bin/sh ./libtool --mode=install /usr/bin/install -c gsl-histogram /home/ualusr2011/ual1220/ual1/tools/bin/linux/gsl-histogram
/usr/bin/install -c .libs/gsl-histogram /home/ualusr2011/ual1220/ual1/tools/bin/linux/gsl-histogram
/bin/sh ./mkinstalldirs /home/ualusr2011/ual1220/ual1/tools/bin/linux
 /usr/bin/install -c gsl-config /home/ualusr2011/ual1220/ual1/tools/bin/linux/gsl-config
/bin/sh ./mkinstalldirs /home/ualusr2011/ual1220/ual1/tools/share/aclocal
 /usr/bin/install -c -m 644 gsl.m4 /home/ualusr2011/ual1220/ual1/tools/share/aclocal/gsl.m4
/bin/sh ./mkinstalldirs /home/ualusr2011/ual1220/ual1/tools/lib/linux/pkgconfig
 /usr/bin/install -c -m 644 gsl.pc /home/ualusr2011/ual1220/ual1/tools/lib/linux/pkgconfig/gsl.pc
/bin/sh ./mkinstalldirs /home/ualusr2011/ual1220/ual1/tools/include/gsl
 /usr/bin/install -c -m 644 gsl_math.h /home/ualusr2011/ual1220/ual1/tools/include/gsl/gsl_math.h
 /usr/bin/install -c -m 644 gsl_pow_int.h /home/ualusr2011/ual1220/ual1/tools/include/gsl/gsl_pow_int.h
 /usr/bin/install -c -m 644 gsl_nan.h /home/ualusr2011/ual1220/ual1/tools/include/gsl/gsl_nan.h
 /usr/bin/install -c -m 644 gsl_machine.h /home/ualusr2011/ual1220/ual1/tools/include/gsl/gsl_machine.h
 /usr/bin/install -c -m 644 gsl_mode.h /home/ualusr2011/ual1220/ual1/tools/include/gsl/gsl_mode.h
 /usr/bin/install -c -m 644 gsl_precision.h /home/ualusr2011/ual1220/ual1/tools/include/gsl/gsl_precision.h
 /usr/bin/install -c -m 644 gsl_types.h /home/ualusr2011/ual1220/ual1/tools/include/gsl/gsl_types.h
 /usr/bin/install -c -m 644 gsl_version.h /home/ualusr2011/ual1220/ual1/tools/include/gsl/gsl_version.h
make[5]: Leaving directory `/home/ualusr2011/ual1220/ual1/tools/tars/gsl-1.4'
make[4]: Leaving directory `/home/ualusr2011/ual1220/ual1/tools/tars/gsl-1.4'
make[3]: Leaving directory `/home/ualusr2011/ual1220/ual1/tools/tars/gsl-1.4'
rm -rf gsl-1.4
make[2]: Leaving directory `/home/ualusr2011/ual1220/ual1/tools/tars'
make[2]: Entering directory `/home/ualusr2011/ual1220/ual1/tools/sxf'
make[3]: Entering directory `/home/ualusr2011/ual1220/ual1/tools/sxf/src'
(if [ !  -d ../lib ]; then mkdir  ../lib; fi;)
(if [ !  -d ../lib/linux ]; then mkdir  ../lib/linux; fi;)
(if [ !  -d ../lib/linux/obj ]; then mkdir  ../lib/linux/obj; fi; )
(if [ !  -d ../lib/linux/obj/hashes ]; then mkdir  ../lib/linux/obj/hashes; fi; )		
make[4]: Entering directory `/home/ualusr2011/ual1220/ual1/tools/sxf/src/sxf'
gperf -a -p  -j1 -g -o -t -T -k1,2 -L C++ -Z SXF_Perfect_Hash -N sxf_elements_gperf <  elements.gperf  > Perfect_Hash.hh
g++                               -g -fpic -ansi -pedantic -Wall    -I/home/ualusr2011/ual1220/ual1/tools/sxf//src -L/home/ualusr2011/ual1220/ual1/tools/sxf//lib/linux  -c OStream.cc -o /home/ualusr2011/ual1220/ual1/tools/sxf//lib/linux/obj/OStream.o;
g++                               -g -fpic -ansi -pedantic -Wall    -I/home/ualusr2011/ual1220/ual1/tools/sxf//src -L/home/ualusr2011/ual1220/ual1/tools/sxf//lib/linux  -c ElemBucket.cc -o /home/ualusr2011/ual1220/ual1/tools/sxf//lib/linux/obj/ElemBucket.o;
ElemBucket.cc: In destructor ‘virtual SXF::ElemBucket::~ElemBucket()’:
ElemBucket.cc:15:24: warning: deleting object of abstract class type ‘SXF::ElemBucketHash’ which has non-virtual destructor will cause undefined behaviour [-Wdelete-non-virtual-dtor]
   if(m_pHash) { delete m_pHash; }
                        ^
g++                               -g -fpic -ansi -pedantic -Wall    -I/home/ualusr2011/ual1220/ual1/tools/sxf//src -L/home/ualusr2011/ual1220/ual1/tools/sxf//lib/linux  -c ElemBucketRegistry.cc -o /home/ualusr2011/ual1220/ual1/tools/sxf//lib/linux/obj/ElemBucketRegistry.o;
ElemBucketRegistry.cc: In member function ‘virtual int SXF::ElemBucketRegistry::hash(const char*) const’:
ElemBucketRegistry.cc:73:3: warning: deprecated conversion from string constant to ‘char*’ [-Wwrite-strings]
   };
   ^
ElemBucketRegistry.cc:73:3: warning: deprecated conversion from string constant to ‘char*’ [-Wwrite-strings]
ElemBucketRegistry.cc:73:3: warning: deprecated conversion from string constant to ‘char*’ [-Wwrite-strings]
ElemBucketRegistry.cc:73:3: warning: deprecated conversion from string constant to ‘char*’ [-Wwrite-strings]
g++                               -g -fpic -ansi -pedantic -Wall    -I/home/ualusr2011/ual1220/ual1/tools/sxf//src -L/home/ualusr2011/ual1220/ual1/tools/sxf//lib/linux  -c AcceleratorNode.cc -o /home/ualusr2011/ual1220/ual1/tools/sxf//lib/linux/obj/AcceleratorNode.o;
g++                               -g -fpic -ansi -pedantic -Wall    -I/home/ualusr2011/ual1220/ual1/tools/sxf//src -L/home/ualusr2011/ual1220/ual1/tools/sxf//lib/linux  -c Element.cc -o /home/ualusr2011/ual1220/ual1/tools/sxf//lib/linux/obj/Element.o;
g++                               -g -fpic -ansi -pedantic -Wall    -I/home/ualusr2011/ual1220/ual1/tools/sxf//src -L/home/ualusr2011/ual1220/ual1/tools/sxf//lib/linux  -c Sequence.cc -o /home/ualusr2011/ual1220/ual1/tools/sxf//lib/linux/obj/Sequence.o;
g++                               -g -fpic -ansi -pedantic -Wall    -I/home/ualusr2011/ual1220/ual1/tools/sxf//src -L/home/ualusr2011/ual1220/ual1/tools/sxf//lib/linux  -c SequenceStack.cc -o /home/ualusr2011/ual1220/ual1/tools/sxf//lib/linux/obj/SequenceStack.o;
g++                               -g -fpic -ansi -pedantic -Wall    -I/home/ualusr2011/ual1220/ual1/tools/sxf//src -L/home/ualusr2011/ual1220/ual1/tools/sxf//lib/linux  -c NodeRegistry.cc -o /home/ualusr2011/ual1220/ual1/tools/sxf//lib/linux/obj/NodeRegistry.o;
In file included from NodeRegistry.cc:4:0:
/home/ualusr2011/ual1220/ual1/tools/sxf//src/sxf/Perfect_Hash.hh: In static member function ‘static SXF_Key* SXF_Perfect_Hash::sxf_elements_gperf(const char*, unsigned int)’:
/home/ualusr2011/ual1220/ual1/tools/sxf//src/sxf/Perfect_Hash.hh:85:5: warning: deprecated conversion from string constant to ‘char*’ [-Wwrite-strings]
     };
     ^
/home/ualusr2011/ual1220/ual1/tools/sxf//src/sxf/Perfect_Hash.hh:85:5: warning: deprecated conversion from string constant to ‘char*’ [-Wwrite-strings]
/home/ualusr2011/ual1220/ual1/tools/sxf//src/sxf/Perfect_Hash.hh:85:5: warning: deprecated conversion from string constant to ‘char*’ [-Wwrite-strings]
/home/ualusr2011/ual1220/ual1/tools/sxf//src/sxf/Perfect_Hash.hh:85:5: warning: deprecated conversion from string constant to ‘char*’ [-Wwrite-strings]
/home/ualusr2011/ual1220/ual1/tools/sxf//src/sxf/Perfect_Hash.hh:85:5: warning: deprecated conversion from string constant to ‘char*’ [-Wwrite-strings]
/home/ualusr2011/ual1220/ual1/tools/sxf//src/sxf/Perfect_Hash.hh:85:5: warning: deprecated conversion from string constant to ‘char*’ [-Wwrite-strings]
/home/ualusr2011/ual1220/ual1/tools/sxf//src/sxf/Perfect_Hash.hh:85:5: warning: deprecated conversion from string constant to ‘char*’ [-Wwrite-strings]
/home/ualusr2011/ual1220/ual1/tools/sxf//src/sxf/Perfect_Hash.hh:85:5: warning: deprecated conversion from string constant to ‘char*’ [-Wwrite-strings]
/home/ualusr2011/ual1220/ual1/tools/sxf//src/sxf/Perfect_Hash.hh:85:5: warning: deprecated conversion from string constant to ‘char*’ [-Wwrite-strings]
/home/ualusr2011/ual1220/ual1/tools/sxf//src/sxf/Perfect_Hash.hh:85:5: warning: deprecated conversion from string constant to ‘char*’ [-Wwrite-strings]
/home/ualusr2011/ual1220/ual1/tools/sxf//src/sxf/Perfect_Hash.hh:85:5: warning: deprecated conversion from string constant to ‘char*’ [-Wwrite-strings]
/home/ualusr2011/ual1220/ual1/tools/sxf//src/sxf/Perfect_Hash.hh:85:5: warning: deprecated conversion from string constant to ‘char*’ [-Wwrite-strings]
/home/ualusr2011/ual1220/ual1/tools/sxf//src/sxf/Perfect_Hash.hh:85:5: warning: deprecated conversion from string constant to ‘char*’ [-Wwrite-strings]
/home/ualusr2011/ual1220/ual1/tools/sxf//src/sxf/Perfect_Hash.hh:85:5: warning: deprecated conversion from string constant to ‘char*’ [-Wwrite-strings]
/home/ualusr2011/ual1220/ual1/tools/sxf//src/sxf/Perfect_Hash.hh:85:5: warning: deprecated conversion from string constant to ‘char*’ [-Wwrite-strings]
/home/ualusr2011/ual1220/ual1/tools/sxf//src/sxf/Perfect_Hash.hh:85:5: warning: deprecated conversion from string constant to ‘char*’ [-Wwrite-strings]
/home/ualusr2011/ual1220/ual1/tools/sxf//src/sxf/Perfect_Hash.hh:85:5: warning: deprecated conversion from string constant to ‘char*’ [-Wwrite-strings]
/home/ualusr2011/ual1220/ual1/tools/sxf//src/sxf/Perfect_Hash.hh:85:5: warning: deprecated conversion from string constant to ‘char*’ [-Wwrite-strings]
/home/ualusr2011/ual1220/ual1/tools/sxf//src/sxf/Perfect_Hash.hh:85:5: warning: deprecated conversion from string constant to ‘char*’ [-Wwrite-strings]
/home/ualusr2011/ual1220/ual1/tools/sxf//src/sxf/Perfect_Hash.hh:85:5: warning: deprecated conversion from string constant to ‘char*’ [-Wwrite-strings]
/home/ualusr2011/ual1220/ual1/tools/sxf//src/sxf/Perfect_Hash.hh:85:5: warning: deprecated conversion from string constant to ‘char*’ [-Wwrite-strings]
/home/ualusr2011/ual1220/ual1/tools/sxf//src/sxf/Perfect_Hash.hh:85:5: warning: deprecated conversion from string constant to ‘char*’ [-Wwrite-strings]
/home/ualusr2011/ual1220/ual1/tools/sxf//src/sxf/Perfect_Hash.hh:85:5: warning: deprecated conversion from string constant to ‘char*’ [-Wwrite-strings]
/home/ualusr2011/ual1220/ual1/tools/sxf//src/sxf/Perfect_Hash.hh:85:5: warning: deprecated conversion from string constant to ‘char*’ [-Wwrite-strings]
/home/ualusr2011/ual1220/ual1/tools/sxf//src/sxf/Perfect_Hash.hh:85:5: warning: deprecated conversion from string constant to ‘char*’ [-Wwrite-strings]
/home/ualusr2011/ual1220/ual1/tools/sxf//src/sxf/Perfect_Hash.hh:85:5: warning: deprecated conversion from string constant to ‘char*’ [-Wwrite-strings]
g++                               -g -fpic -ansi -pedantic -Wall    -I/home/ualusr2011/ual1220/ual1/tools/sxf//src -L/home/ualusr2011/ual1220/ual1/tools/sxf//lib/linux  -c AcceleratorReader.cc -o /home/ualusr2011/ual1220/ual1/tools/sxf//lib/linux/obj/AcceleratorReader.o;
bison  -t -d sxf.yy
if [ -f sxf.tab.hh ]; then mv -f sxf.tab.hh y.tab.h; fi;	
if [ -f sxf.tab.cc ]; then mv -f sxf.tab.cc y.tab.cc; fi;
if [ -f sxf.yy.tab.h ]; then mv -f sxf.yy.tab.h y.tab.h; fi;	
if [ -f sxf.yy.tab.c ]; then mv -f sxf.yy.tab.c y.tab.cc; fi;
g++                               -g -fpic -ansi -pedantic -Wall    -I/home/ualusr2011/ual1220/ual1/tools/sxf//src -L/home/ualusr2011/ual1220/ual1/tools/sxf//lib/linux  -c y.tab.cc -o /home/ualusr2011/ual1220/ual1/tools/sxf//lib/linux/obj/y.tab.o;
sxf.tab.cc: In function ‘int yyparse()’:
sxf.tab.cc:1565:35: warning: deprecated conversion from string constant to ‘char*’ [-Wwrite-strings]
sxf.tab.cc:1709:35: warning: deprecated conversion from string constant to ‘char*’ [-Wwrite-strings]
g++                               -g -fpic -ansi -pedantic -Wall    -I/home/ualusr2011/ual1220/ual1/tools/sxf//src -L/home/ualusr2011/ual1220/ual1/tools/sxf//lib/linux  -DYY_NEVER_INTERACTIVE -c lex.yy.cpp -o /home/ualusr2011/ual1220/ual1/tools/sxf//lib/linux/obj/lex.yy.o;
<stdout>:1341:17: warning: ‘void yyunput(int, char*)’ defined but not used [-Wunused-function]
g++                               -g -fpic -ansi -pedantic -Wall    -I/home/ualusr2011/ual1220/ual1/tools/sxf//src -L/home/ualusr2011/ual1220/ual1/tools/sxf//lib/linux  -c hashes/ElemAlignHash.cc -o /home/ualusr2011/ual1220/ual1/tools/sxf//lib/linux/obj/hashes/ElemAlignHash.o;
hashes/ElemAlignHash.cc: In member function ‘virtual int SXF::ElemAlignHash::index(const char*) const’:
hashes/ElemAlignHash.cc:14:3: warning: deprecated conversion from string constant to ‘char*’ [-Wwrite-strings]
   };
   ^
g++                               -g -fpic -ansi -pedantic -Wall    -I/home/ualusr2011/ual1220/ual1/tools/sxf//src -L/home/ualusr2011/ual1220/ual1/tools/sxf//lib/linux  -c hashes/ElemApertureHash.cc -o /home/ualusr2011/ual1220/ual1/tools/sxf//lib/linux/obj/hashes/ElemApertureHash.o;
hashes/ElemApertureHash.cc: In member function ‘virtual int SXF::ElemApertureHash::index(const char*) const’:
hashes/ElemApertureHash.cc:16:3: warning: deprecated conversion from string constant to ‘char*’ [-Wwrite-strings]
   };
   ^
hashes/ElemApertureHash.cc:16:3: warning: deprecated conversion from string constant to ‘char*’ [-Wwrite-strings]
hashes/ElemApertureHash.cc:16:3: warning: deprecated conversion from string constant to ‘char*’ [-Wwrite-strings]
g++                               -g -fpic -ansi -pedantic -Wall    -I/home/ualusr2011/ual1220/ual1/tools/sxf//src -L/home/ualusr2011/ual1220/ual1/tools/sxf//lib/linux  -c hashes/ElemBeamBeamHash.cc -o /home/ualusr2011/ual1220/ual1/tools/sxf//lib/linux/obj/hashes/ElemBeamBeamHash.o;
hashes/ElemBeamBeamHash.cc: In member function ‘virtual int SXF::ElemBeamBeamHash::index(const char*) const’:
hashes/ElemBeamBeamHash.cc:19:3: warning: deprecated conversion from string constant to ‘char*’ [-Wwrite-strings]
   };
   ^
hashes/ElemBeamBeamHash.cc:19:3: warning: deprecated conversion from string constant to ‘char*’ [-Wwrite-strings]
hashes/ElemBeamBeamHash.cc:19:3: warning: deprecated conversion from string constant to ‘char*’ [-Wwrite-strings]
hashes/ElemBeamBeamHash.cc:19:3: warning: deprecated conversion from string constant to ‘char*’ [-Wwrite-strings]
hashes/ElemBeamBeamHash.cc:19:3: warning: deprecated conversion from string constant to ‘char*’ [-Wwrite-strings]
hashes/ElemBeamBeamHash.cc:19:3: warning: deprecated conversion from string constant to ‘char*’ [-Wwrite-strings]
g++                               -g -fpic -ansi -pedantic -Wall    -I/home/ualusr2011/ual1220/ual1/tools/sxf//src -L/home/ualusr2011/ual1220/ual1/tools/sxf//lib/linux  -c hashes/ElemBendHash.cc -o /home/ualusr2011/ual1220/ual1/tools/sxf//lib/linux/obj/hashes/ElemBendHash.o;
hashes/ElemBendHash.cc: In member function ‘virtual int SXF::ElemBendHash::index(const char*) const’:
hashes/ElemBendHash.cc:19:3: warning: deprecated conversion from string constant to ‘char*’ [-Wwrite-strings]
   };
   ^
hashes/ElemBendHash.cc:19:3: warning: deprecated conversion from string constant to ‘char*’ [-Wwrite-strings]
hashes/ElemBendHash.cc:19:3: warning: deprecated conversion from string constant to ‘char*’ [-Wwrite-strings]
hashes/ElemBendHash.cc:19:3: warning: deprecated conversion from string constant to ‘char*’ [-Wwrite-strings]
hashes/ElemBendHash.cc:19:3: warning: deprecated conversion from string constant to ‘char*’ [-Wwrite-strings]
hashes/ElemBendHash.cc:19:3: warning: deprecated conversion from string constant to ‘char*’ [-Wwrite-strings]
g++                               -g -fpic -ansi -pedantic -Wall    -I/home/ualusr2011/ual1220/ual1/tools/sxf//src -L/home/ualusr2011/ual1220/ual1/tools/sxf//lib/linux  -c hashes/ElemElSeparatorHash.cc -o /home/ualusr2011/ual1220/ual1/tools/sxf//lib/linux/obj/hashes/ElemElSeparatorHash.o;
hashes/ElemElSeparatorHash.cc: In member function ‘virtual int SXF::ElemElSeparatorHash::index(const char*) const’:
hashes/ElemElSeparatorHash.cc:16:3: warning: deprecated conversion from string constant to ‘char*’ [-Wwrite-strings]
   };
   ^
hashes/ElemElSeparatorHash.cc:16:3: warning: deprecated conversion from string constant to ‘char*’ [-Wwrite-strings]
hashes/ElemElSeparatorHash.cc:16:3: warning: deprecated conversion from string constant to ‘char*’ [-Wwrite-strings]
g++                               -g -fpic -ansi -pedantic -Wall    -I/home/ualusr2011/ual1220/ual1/tools/sxf//src -L/home/ualusr2011/ual1220/ual1/tools/sxf//lib/linux  -c hashes/ElemMultipoleHash.cc -o /home/ualusr2011/ual1220/ual1/tools/sxf//lib/linux/obj/hashes/ElemMultipoleHash.o;
hashes/ElemMultipoleHash.cc: In member function ‘virtual int SXF::ElemMultipoleHash::index(const char*) const’:
hashes/ElemMultipoleHash.cc:16:3: warning: deprecated conversion from string constant to ‘char*’ [-Wwrite-strings]
   };
   ^
hashes/ElemMultipoleHash.cc:16:3: warning: deprecated conversion from string constant to ‘char*’ [-Wwrite-strings]
hashes/ElemMultipoleHash.cc:16:3: warning: deprecated conversion from string constant to ‘char*’ [-Wwrite-strings]
g++                               -g -fpic -ansi -pedantic -Wall    -I/home/ualusr2011/ual1220/ual1/tools/sxf//src -L/home/ualusr2011/ual1220/ual1/tools/sxf//lib/linux  -c hashes/ElemRfCavityHash.cc -o /home/ualusr2011/ual1220/ual1/tools/sxf//lib/linux/obj/hashes/ElemRfCavityHash.o;
hashes/ElemRfCavityHash.cc: In member function ‘virtual int SXF::ElemRfCavityHash::index(const char*) const’:
hashes/ElemRfCavityHash.cc:18:3: warning: deprecated conversion from string constant to ‘char*’ [-Wwrite-strings]
   };
   ^
hashes/ElemRfCavityHash.cc:18:3: warning: deprecated conversion from string constant to ‘char*’ [-Wwrite-strings]
hashes/ElemRfCavityHash.cc:18:3: warning: deprecated conversion from string constant to ‘char*’ [-Wwrite-strings]
hashes/ElemRfCavityHash.cc:18:3: warning: deprecated conversion from string constant to ‘char*’ [-Wwrite-strings]
hashes/ElemRfCavityHash.cc:18:3: warning: deprecated conversion from string constant to ‘char*’ [-Wwrite-strings]
g++                               -g -fpic -ansi -pedantic -Wall    -I/home/ualusr2011/ual1220/ual1/tools/sxf//src -L/home/ualusr2011/ual1220/ual1/tools/sxf//lib/linux  -c hashes/ElemSolenoidHash.cc -o /home/ualusr2011/ual1220/ual1/tools/sxf//lib/linux/obj/hashes/ElemSolenoidHash.o;
hashes/ElemSolenoidHash.cc: In member function ‘virtual int SXF::ElemSolenoidHash::index(const char*) const’:
hashes/ElemSolenoidHash.cc:14:3: warning: deprecated conversion from string constant to ‘char*’ [-Wwrite-strings]
   };
   ^
g++                               -g -fpic -ansi -pedantic -Wall    -I/home/ualusr2011/ual1220/ual1/tools/sxf//src -L/home/ualusr2011/ual1220/ual1/tools/sxf//lib/linux  -c hashes/ElemEmptyHash.cc -o /home/ualusr2011/ual1220/ual1/tools/sxf//lib/linux/obj/hashes/ElemEmptyHash.o;
g++                               -g -fpic -ansi -pedantic -Wall    -I/home/ualusr2011/ual1220/ual1/tools/sxf//src -L/home/ualusr2011/ual1220/ual1/tools/sxf//lib/linux  -c hashes/ElemCollimatorHash.cc -o /home/ualusr2011/ual1220/ual1/tools/sxf//lib/linux/obj/hashes/ElemCollimatorHash.o;
hashes/ElemCollimatorHash.cc: In member function ‘virtual int SXF::ElemCollimatorHash::index(const char*) const’:
hashes/ElemCollimatorHash.cc:15:3: warning: deprecated conversion from string constant to ‘char*’ [-Wwrite-strings]
   };
   ^
hashes/ElemCollimatorHash.cc:15:3: warning: deprecated conversion from string constant to ‘char*’ [-Wwrite-strings]
g++                               -shared                           -o /home/ualusr2011/ual1220/ual1/tools/sxf//lib/linux/libSXF.so /home/ualusr2011/ual1220/ual1/tools/sxf//lib/linux/obj/OStream.o /home/ualusr2011/ual1220/ual1/tools/sxf//lib/linux/obj/ElemBucket.o /home/ualusr2011/ual1220/ual1/tools/sxf//lib/linux/obj/ElemBucketRegistry.o /home/ualusr2011/ual1220/ual1/tools/sxf//lib/linux/obj/AcceleratorNode.o /home/ualusr2011/ual1220/ual1/tools/sxf//lib/linux/obj/Element.o /home/ualusr2011/ual1220/ual1/tools/sxf//lib/linux/obj/Sequence.o /home/ualusr2011/ual1220/ual1/tools/sxf//lib/linux/obj/SequenceStack.o /home/ualusr2011/ual1220/ual1/tools/sxf//lib/linux/obj/NodeRegistry.o /home/ualusr2011/ual1220/ual1/tools/sxf//lib/linux/obj/AcceleratorReader.o /home/ualusr2011/ual1220/ual1/tools/sxf//lib/linux/obj/y.tab.o /home/ualusr2011/ual1220/ual1/tools/sxf//lib/linux/obj/lex.yy.o 	   /home/ualusr2011/ual1220/ual1/tools/sxf//lib/linux/obj/hashes/ElemAlignHash.o /home/ualusr2011/ual1220/ual1/tools/sxf//lib/linux/obj/hashes/ElemApertureHash.o /home/ualusr2011/ual1220/ual1/tools/sxf//lib/linux/obj/hashes/ElemBeamBeamHash.o /home/ualusr2011/ual1220/ual1/tools/sxf//lib/linux/obj/hashes/ElemBendHash.o /home/ualusr2011/ual1220/ual1/tools/sxf//lib/linux/obj/hashes/ElemElSeparatorHash.o /home/ualusr2011/ual1220/ual1/tools/sxf//lib/linux/obj/hashes/ElemMultipoleHash.o /home/ualusr2011/ual1220/ual1/tools/sxf//lib/linux/obj/hashes/ElemRfCavityHash.o /home/ualusr2011/ual1220/ual1/tools/sxf//lib/linux/obj/hashes/ElemSolenoidHash.o /home/ualusr2011/ual1220/ual1/tools/sxf//lib/linux/obj/hashes/ElemEmptyHash.o /home/ualusr2011/ual1220/ual1/tools/sxf//lib/linux/obj/hashes/ElemCollimatorHash.o  -L/home/ualusr2011/ual1220/ual1/tools/sxf//lib/linux 
make[4]: Leaving directory `/home/ualusr2011/ual1220/ual1/tools/sxf/src/sxf'
make[4]: Entering directory `/home/ualusr2011/ual1220/ual1/tools/sxf/src/echo_sxf'
g++                               -g -fpic -ansi -pedantic -Wall    -I/home/ualusr2011/ual1220/ual1/tools/sxf//src -L/home/ualusr2011/ual1220/ual1/tools/sxf//lib/linux  -c EchoElemBucket.cc -o /home/ualusr2011/ual1220/ual1/tools/sxf//lib/linux/obj/EchoElemBucket.o;
g++                               -g -fpic -ansi -pedantic -Wall    -I/home/ualusr2011/ual1220/ual1/tools/sxf//src -L/home/ualusr2011/ual1220/ual1/tools/sxf//lib/linux  -c EchoElemError.cc -o /home/ualusr2011/ual1220/ual1/tools/sxf//lib/linux/obj/EchoElemError.o;
g++                               -g -fpic -ansi -pedantic -Wall    -I/home/ualusr2011/ual1220/ual1/tools/sxf//src -L/home/ualusr2011/ual1220/ual1/tools/sxf//lib/linux  -c EchoElemBucketRegistry.cc -o /home/ualusr2011/ual1220/ual1/tools/sxf//lib/linux/obj/EchoElemBucketRegistry.o;
g++                               -g -fpic -ansi -pedantic -Wall    -I/home/ualusr2011/ual1220/ual1/tools/sxf//src -L/home/ualusr2011/ual1220/ual1/tools/sxf//lib/linux  -c EchoElement.cc -o /home/ualusr2011/ual1220/ual1/tools/sxf//lib/linux/obj/EchoElement.o;
g++                               -g -fpic -ansi -pedantic -Wall    -I/home/ualusr2011/ual1220/ual1/tools/sxf//src -L/home/ualusr2011/ual1220/ual1/tools/sxf//lib/linux  -c EchoError.cc -o /home/ualusr2011/ual1220/ual1/tools/sxf//lib/linux/obj/EchoError.o;
g++                               -g -fpic -ansi -pedantic -Wall    -I/home/ualusr2011/ual1220/ual1/tools/sxf//src -L/home/ualusr2011/ual1220/ual1/tools/sxf//lib/linux  -c EchoSequence.cc -o /home/ualusr2011/ual1220/ual1/tools/sxf//lib/linux/obj/EchoSequence.o;
g++                               -g -fpic -ansi -pedantic -Wall    -I/home/ualusr2011/ual1220/ual1/tools/sxf//src -L/home/ualusr2011/ual1220/ual1/tools/sxf//lib/linux  -c EchoNodeRegistry.cc -o /home/ualusr2011/ual1220/ual1/tools/sxf//lib/linux/obj/EchoNodeRegistry.o;
g++                               -g -fpic -ansi -pedantic -Wall    -I/home/ualusr2011/ual1220/ual1/tools/sxf//src -L/home/ualusr2011/ual1220/ual1/tools/sxf//lib/linux  -c EchoAcceleratorReader.cc -o /home/ualusr2011/ual1220/ual1/tools/sxf//lib/linux/obj/EchoAcceleratorReader.o;
g++                               -g -fpic -ansi -pedantic -Wall    -I/home/ualusr2011/ual1220/ual1/tools/sxf//src -L/home/ualusr2011/ual1220/ual1/tools/sxf//lib/linux  -c EchoParser.cc -o /home/ualusr2011/ual1220/ual1/tools/sxf//lib/linux/obj/EchoParser.o;
g++                               -shared                           -o /home/ualusr2011/ual1220/ual1/tools/sxf//lib/linux/libEchoSXF.so /home/ualusr2011/ual1220/ual1/tools/sxf//lib/linux/obj/EchoElemBucket.o /home/ualusr2011/ual1220/ual1/tools/sxf//lib/linux/obj/EchoElemError.o /home/ualusr2011/ual1220/ual1/tools/sxf//lib/linux/obj/EchoElemBucketRegistry.o /home/ualusr2011/ual1220/ual1/tools/sxf//lib/linux/obj/EchoElement.o /home/ualusr2011/ual1220/ual1/tools/sxf//lib/linux/obj/EchoError.o /home/ualusr2011/ual1220/ual1/tools/sxf//lib/linux/obj/EchoSequence.o /home/ualusr2011/ual1220/ual1/tools/sxf//lib/linux/obj/EchoNodeRegistry.o /home/ualusr2011/ual1220/ual1/tools/sxf//lib/linux/obj/EchoAcceleratorReader.o /home/ualusr2011/ual1220/ual1/tools/sxf//lib/linux/obj/EchoParser.o         -lSXF -L/home/ualusr2011/ual1220/ual1/tools/sxf//lib/linux 
make[4]: Leaving directory `/home/ualusr2011/ual1220/ual1/tools/sxf/src/echo_sxf'
make[3]: Leaving directory `/home/ualusr2011/ual1220/ual1/tools/sxf/src'
make[3]: Entering directory `/home/ualusr2011/ual1220/ual1/tools/sxf/examples'
make[4]: Entering directory `/home/ualusr2011/ual1220/ual1/tools/sxf/examples/echo'
g++                               -g -fpic -ansi -pedantic -Wall    -I/home/ualusr2011/ual1220/ual1/tools/sxf//src -L/home/ualusr2011/ual1220/ual1/tools/sxf//lib/linux  -c src/sxf_tester.cc -o linux/obj/sxf_tester.o;
g++                               -o linux/sxf_tester  -I/home/ualusr2011/ual1220/ual1/tools/sxf//src ./linux/obj/sxf_tester.o -lEchoSXF -lSXF -L/home/ualusr2011/ual1220/ual1/tools/sxf//lib/linux 
make[4]: Leaving directory `/home/ualusr2011/ual1220/ual1/tools/sxf/examples/echo'
make[3]: Leaving directory `/home/ualusr2011/ual1220/ual1/tools/sxf/examples'
make[3]: Entering directory `/home/ualusr2011/ual1220/ual1/tools/sxf/api'
make[3]: Nothing to be done for `compile'.
make[3]: Leaving directory `/home/ualusr2011/ual1220/ual1/tools/sxf/api'
make[2]: Leaving directory `/home/ualusr2011/ual1220/ual1/tools/sxf'
make[1]: Leaving directory `/home/ualusr2011/ual1220/ual1/tools'
make[1]: Entering directory `/home/ualusr2011/ual1220/ual1/codes'
make[2]: Entering directory `/home/ualusr2011/ual1220/ual1/codes/UAL'
if [ ! -d ./lib ] ; then (mkdir ./lib; ); fi;
if [ ! -d ./lib/linux ] ; \
	then (mkdir ./lib/linux; mkdir ./lib/linux/obj; ); fi;
make[3]: Entering directory `/home/ualusr2011/ual1220/ual1/codes/UAL/src'
(if [ !  -d /home/ualusr2011/ual1220/ual1/codes/UAL/include ]; then mkdir  /home/ualusr2011/ual1220/ual1/codes/UAL/include; fi;)
(if [ !  -d /home/ualusr2011/ual1220/ual1/codes/UAL/lib ]; \
	then mkdir  /home/ualusr2011/ual1220/ual1/codes/UAL/lib; fi;)	
(if [ !  -d /home/ualusr2011/ual1220/ual1/codes/UAL/lib/linux ]; \
	then mkdir  /home/ualusr2011/ual1220/ual1/codes/UAL/lib/linux; fi;)
(if [ !  -d /home/ualusr2011/ual1220/ual1/codes/UAL/lib/linux/obj ]; \
	then mkdir  /home/ualusr2011/ual1220/ual1/codes/UAL/lib/linux/obj; fi;)
make[4]: Entering directory `/home/ualusr2011/ual1220/ual1/codes/UAL/src/UAL'
g++                                     -g -fpic  -O0 -fno-inline -Wall  -Wno-deprecated       -I/home/ualusr2011/ual1220/ual1/codes/UAL/src                 -c dummy.cc -o /home/ualusr2011/ual1220/ual1/codes/UAL/lib/linux/obj/dummy.o;
(if [ !  -d /home/ualusr2011/ual1220/ual1/codes/UAL/include/UAL ]; then mkdir  /home/ualusr2011/ual1220/ual1/codes/UAL/include/UAL; fi;)
make[5]: Entering directory `/home/ualusr2011/ual1220/ual1/codes/UAL/src/UAL/Common'
g++                                     -g -fpic  -O0 -fno-inline -Wall  -Wno-deprecated       -I/home/ualusr2011/ual1220/ual1/codes/UAL/src                 -c RCObject.cc -o /home/ualusr2011/ual1220/ual1/codes/UAL/lib/linux/obj/RCObject.o;
g++                                     -g -fpic  -O0 -fno-inline -Wall  -Wno-deprecated       -I/home/ualusr2011/ual1220/ual1/codes/UAL/src                 -c AttributeSet.cc -o /home/ualusr2011/ual1220/ual1/codes/UAL/lib/linux/obj/AttributeSet.o;
if [ ! -d /home/ualusr2011/ual1220/ual1/codes/UAL/include/UAL/Common ] ; then mkdir /home/ualusr2011/ual1220/ual1/codes/UAL/include/UAL/Common ; fi;
cp *.hh /home/ualusr2011/ual1220/ual1/codes/UAL/include/UAL/Common/.
make[5]: Leaving directory `/home/ualusr2011/ual1220/ual1/codes/UAL/src/UAL/Common'
make[5]: Entering directory `/home/ualusr2011/ual1220/ual1/codes/UAL/src/UAL/SMF'
g++                                     -g -fpic  -O0 -fno-inline -Wall  -Wno-deprecated       -I/home/ualusr2011/ual1220/ual1/codes/UAL/src                 -c AcceleratorNode.cc -o /home/ualusr2011/ual1220/ual1/codes/UAL/lib/linux/obj/AcceleratorNode.o;
g++                                     -g -fpic  -O0 -fno-inline -Wall  -Wno-deprecated       -I/home/ualusr2011/ual1220/ual1/codes/UAL/src                 -c AcceleratorNodeFinder.cc -o /home/ualusr2011/ual1220/ual1/codes/UAL/lib/linux/obj/AcceleratorNodeFinder.o;
if [ ! -d /home/ualusr2011/ual1220/ual1/codes/UAL/include/UAL/SMF ] ; then mkdir /home/ualusr2011/ual1220/ual1/codes/UAL/include/UAL/SMF ; fi;
cp *.hh /home/ualusr2011/ual1220/ual1/codes/UAL/include/UAL/SMF/.
make[5]: Leaving directory `/home/ualusr2011/ual1220/ual1/codes/UAL/src/UAL/SMF'
make[5]: Entering directory `/home/ualusr2011/ual1220/ual1/codes/UAL/src/UAL/APF'
g++                                     -g -fpic  -O0 -fno-inline -Wall  -Wno-deprecated       -I/home/ualusr2011/ual1220/ual1/codes/UAL/src        -I/home/ualusr2011/ual1220/ual1/tools/include  -c PropagatorComponent.cc -o /home/ualusr2011/ual1220/ual1/codes/UAL/lib/linux/obj/PropagatorComponent.o;
g++                                     -g -fpic  -O0 -fno-inline -Wall  -Wno-deprecated       -I/home/ualusr2011/ual1220/ual1/codes/UAL/src        -I/home/ualusr2011/ual1220/ual1/tools/include  -c PropagatorNodePtr.cc -o /home/ualusr2011/ual1220/ual1/codes/UAL/lib/linux/obj/PropagatorNodePtr.o;
In file included from PropagatorNodePtr.cc:7:0:
/home/ualusr2011/ual1220/ual1/codes/UAL/src/UAL/APF/PropagatorNodePtr.hh: In destructor ‘virtual UAL::PropagatorNodePtr::CountHolder::~CountHolder()’:
/home/ualusr2011/ual1220/ual1/codes/UAL/src/UAL/APF/PropagatorNodePtr.hh:50:31: warning: deleting object of abstract class type ‘UAL::PropagatorNode’ which has non-virtual destructor will cause undefined behaviour [-Wdelete-non-virtual-dtor]
       ~CountHolder() { delete m_pointee; }
                               ^
g++                                     -g -fpic  -O0 -fno-inline -Wall  -Wno-deprecated       -I/home/ualusr2011/ual1220/ual1/codes/UAL/src        -I/home/ualusr2011/ual1220/ual1/tools/include  -c PropagatorFactory.cc -o /home/ualusr2011/ual1220/ual1/codes/UAL/lib/linux/obj/PropagatorFactory.o;
In file included from /home/ualusr2011/ual1220/ual1/codes/UAL/src/UAL/APF/PropagatorFactory.hh:10:0,
                 from PropagatorFactory.cc:6:
/home/ualusr2011/ual1220/ual1/codes/UAL/src/UAL/APF/PropagatorNodePtr.hh: In destructor ‘virtual UAL::PropagatorNodePtr::CountHolder::~CountHolder()’:
/home/ualusr2011/ual1220/ual1/codes/UAL/src/UAL/APF/PropagatorNodePtr.hh:50:31: warning: deleting object of abstract class type ‘UAL::PropagatorNode’ which has non-virtual destructor will cause undefined behaviour [-Wdelete-non-virtual-dtor]
       ~CountHolder() { delete m_pointee; }
                               ^
g++                                     -g -fpic  -O0 -fno-inline -Wall  -Wno-deprecated       -I/home/ualusr2011/ual1220/ual1/codes/UAL/src        -I/home/ualusr2011/ual1220/ual1/tools/include  -c PropagatorSequence.cc -o /home/ualusr2011/ual1220/ual1/codes/UAL/lib/linux/obj/PropagatorSequence.o;
In file included from /home/ualusr2011/ual1220/ual1/codes/UAL/src/UAL/APF/PropagatorSequence.hh:10:0,
                 from PropagatorSequence.cc:8:
/home/ualusr2011/ual1220/ual1/codes/UAL/src/UAL/APF/PropagatorNodePtr.hh: In destructor ‘virtual UAL::PropagatorNodePtr::CountHolder::~CountHolder()’:
/home/ualusr2011/ual1220/ual1/codes/UAL/src/UAL/APF/PropagatorNodePtr.hh:50:31: warning: deleting object of abstract class type ‘UAL::PropagatorNode’ which has non-virtual destructor will cause undefined behaviour [-Wdelete-non-virtual-dtor]
       ~CountHolder() { delete m_pointee; }
                               ^
g++                                     -g -fpic  -O0 -fno-inline -Wall  -Wno-deprecated       -I/home/ualusr2011/ual1220/ual1/codes/UAL/src        -I/home/ualusr2011/ual1220/ual1/tools/include  -c AcceleratorPropagator.cc -o /home/ualusr2011/ual1220/ual1/codes/UAL/lib/linux/obj/AcceleratorPropagator.o;
In file included from /home/ualusr2011/ual1220/ual1/codes/UAL/src/UAL/APF/PropagatorSequence.hh:10:0,
                 from /home/ualusr2011/ual1220/ual1/codes/UAL/src/UAL/APF/AcceleratorPropagator.hh:9,
                 from AcceleratorPropagator.cc:7:
/home/ualusr2011/ual1220/ual1/codes/UAL/src/UAL/APF/PropagatorNodePtr.hh: In destructor ‘virtual UAL::PropagatorNodePtr::CountHolder::~CountHolder()’:
/home/ualusr2011/ual1220/ual1/codes/UAL/src/UAL/APF/PropagatorNodePtr.hh:50:31: warning: deleting object of abstract class type ‘UAL::PropagatorNode’ which has non-virtual destructor will cause undefined behaviour [-Wdelete-non-virtual-dtor]
       ~CountHolder() { delete m_pointee; }
                               ^
if [ ! -d /home/ualusr2011/ual1220/ual1/codes/UAL/include/UAL/APF ] ; then mkdir /home/ualusr2011/ual1220/ual1/codes/UAL/include/UAL/APF ; fi;
cp *.hh /home/ualusr2011/ual1220/ual1/codes/UAL/include/UAL/APF/.
make[5]: Leaving directory `/home/ualusr2011/ual1220/ual1/codes/UAL/src/UAL/APF'
make[5]: Entering directory `/home/ualusr2011/ual1220/ual1/codes/UAL/src/UAL/APDF'
g++                                     -g -fpic  -O0 -fno-inline -Wall  -Wno-deprecated       -I/home/ualusr2011/ual1220/ual1/codes/UAL/src    -I/home/ualusr2011/ual1220/ual1/tools/include -I/home/ualusr2011/ual1220/ual1/tools/include/libxml2   -c APDF_CreateElement.cc -o /home/ualusr2011/ual1220/ual1/codes/UAL/lib/linux/obj/APDF_CreateElement.o;
In file included from /home/ualusr2011/ual1220/ual1/codes/UAL/src/UAL/APF/PropagatorFactory.hh:10:0,
                 from APDF_CreateElement.cc:8:
/home/ualusr2011/ual1220/ual1/codes/UAL/src/UAL/APF/PropagatorNodePtr.hh: In destructor ‘virtual UAL::PropagatorNodePtr::CountHolder::~CountHolder()’:
/home/ualusr2011/ual1220/ual1/codes/UAL/src/UAL/APF/PropagatorNodePtr.hh:50:31: warning: deleting object of abstract class type ‘UAL::PropagatorNode’ which has non-virtual destructor will cause undefined behaviour [-Wdelete-non-virtual-dtor]
       ~CountHolder() { delete m_pointee; }
                               ^
g++                                     -g -fpic  -O0 -fno-inline -Wall  -Wno-deprecated       -I/home/ualusr2011/ual1220/ual1/codes/UAL/src    -I/home/ualusr2011/ual1220/ual1/tools/include -I/home/ualusr2011/ual1220/ual1/tools/include/libxml2   -c APDF_LinkElement.cc -o /home/ualusr2011/ual1220/ual1/codes/UAL/lib/linux/obj/APDF_LinkElement.o;
In file included from /home/ualusr2011/ual1220/ual1/codes/UAL/src/UAL/APF/PropagatorFactory.hh:10:0,
                 from APDF_LinkElement.cc:8:
/home/ualusr2011/ual1220/ual1/codes/UAL/src/UAL/APF/PropagatorNodePtr.hh: In destructor ‘virtual UAL::PropagatorNodePtr::CountHolder::~CountHolder()’:
/home/ualusr2011/ual1220/ual1/codes/UAL/src/UAL/APF/PropagatorNodePtr.hh:50:31: warning: deleting object of abstract class type ‘UAL::PropagatorNode’ which has non-virtual destructor will cause undefined behaviour [-Wdelete-non-virtual-dtor]
       ~CountHolder() { delete m_pointee; }
                               ^
g++                                     -g -fpic  -O0 -fno-inline -Wall  -Wno-deprecated       -I/home/ualusr2011/ual1220/ual1/codes/UAL/src    -I/home/ualusr2011/ual1220/ual1/tools/include -I/home/ualusr2011/ual1220/ual1/tools/include/libxml2   -c APDF_BuilderImpl.cc -o /home/ualusr2011/ual1220/ual1/codes/UAL/lib/linux/obj/APDF_BuilderImpl.o;
In file included from /home/ualusr2011/ual1220/ual1/codes/UAL/src/UAL/APF/PropagatorFactory.hh:10:0,
                 from APDF_BuilderImpl.cc:9:
/home/ualusr2011/ual1220/ual1/codes/UAL/src/UAL/APF/PropagatorNodePtr.hh: In destructor ‘virtual UAL::PropagatorNodePtr::CountHolder::~CountHolder()’:
/home/ualusr2011/ual1220/ual1/codes/UAL/src/UAL/APF/PropagatorNodePtr.hh:50:31: warning: deleting object of abstract class type ‘UAL::PropagatorNode’ which has non-virtual destructor will cause undefined behaviour [-Wdelete-non-virtual-dtor]
       ~CountHolder() { delete m_pointee; }
                               ^
g++                                     -g -fpic  -O0 -fno-inline -Wall  -Wno-deprecated       -I/home/ualusr2011/ual1220/ual1/codes/UAL/src    -I/home/ualusr2011/ual1220/ual1/tools/include -I/home/ualusr2011/ual1220/ual1/tools/include/libxml2   -c APDF_Builder.cc -o /home/ualusr2011/ual1220/ual1/codes/UAL/lib/linux/obj/APDF_Builder.o;
In file included from /home/ualusr2011/ual1220/ual1/codes/UAL/src/UAL/APF/PropagatorFactory.hh:10:0,
                 from APDF_Builder.cc:9:
/home/ualusr2011/ual1220/ual1/codes/UAL/src/UAL/APF/PropagatorNodePtr.hh: In destructor ‘virtual UAL::PropagatorNodePtr::CountHolder::~CountHolder()’:
/home/ualusr2011/ual1220/ual1/codes/UAL/src/UAL/APF/PropagatorNodePtr.hh:50:31: warning: deleting object of abstract class type ‘UAL::PropagatorNode’ which has non-virtual destructor will cause undefined behaviour [-Wdelete-non-virtual-dtor]
       ~CountHolder() { delete m_pointee; }
                               ^
if [ ! -d /home/ualusr2011/ual1220/ual1/codes/UAL/include/UAL/APDF ] ; then mkdir /home/ualusr2011/ual1220/ual1/codes/UAL/include/UAL/APDF ; fi;
cp APDF_Builder.hh /home/ualusr2011/ual1220/ual1/codes/UAL/include/UAL/APDF/.
make[5]: Leaving directory `/home/ualusr2011/ual1220/ual1/codes/UAL/src/UAL/APDF'
g++                                      -I/home/ualusr2011/ual1220/ual1/codes/UAL/src                 -o /home/ualusr2011/ual1220/ual1/codes/UAL/lib/linux/obj/dummy   \
	/home/ualusr2011/ual1220/ual1/codes/UAL/lib/linux/obj/dummy.o  /home/ualusr2011/ual1220/ual1/codes/UAL/lib/linux/obj/RCObject.o /home/ualusr2011/ual1220/ual1/codes/UAL/lib/linux/obj/AttributeSet.o  /home/ualusr2011/ual1220/ual1/codes/UAL/lib/linux/obj/AcceleratorNode.o /home/ualusr2011/ual1220/ual1/codes/UAL/lib/linux/obj/AcceleratorNodeFinder.o  /home/ualusr2011/ual1220/ual1/codes/UAL/lib/linux/obj/PropagatorComponent.o /home/ualusr2011/ual1220/ual1/codes/UAL/lib/linux/obj/PropagatorNodePtr.o /home/ualusr2011/ual1220/ual1/codes/UAL/lib/linux/obj/PropagatorFactory.o /home/ualusr2011/ual1220/ual1/codes/UAL/lib/linux/obj/PropagatorSequence.o /home/ualusr2011/ual1220/ual1/codes/UAL/lib/linux/obj/AcceleratorPropagator.o  /home/ualusr2011/ual1220/ual1/codes/UAL/lib/linux/obj/APDF_CreateElement.o /home/ualusr2011/ual1220/ual1/codes/UAL/lib/linux/obj/APDF_LinkElement.o /home/ualusr2011/ual1220/ual1/codes/UAL/lib/linux/obj/APDF_BuilderImpl.o /home/ualusr2011/ual1220/ual1/codes/UAL/lib/linux/obj/APDF_Builder.o  -L/home/ualusr2011/ual1220/ual1/codes/UAL/lib/linux     -L/home/ualusr2011/ual1220/ual1/tools/lib/linux -lpcre -lxml2
cp /dev/null /home/ualusr2011/ual1220/ual1/codes/UAL/lib/linux/obj/dummy
g++                                     -shared                                 -o /home/ualusr2011/ual1220/ual1/codes/UAL/lib/linux/libUal.so  /home/ualusr2011/ual1220/ual1/codes/UAL/lib/linux/obj/RCObject.o /home/ualusr2011/ual1220/ual1/codes/UAL/lib/linux/obj/AttributeSet.o  /home/ualusr2011/ual1220/ual1/codes/UAL/lib/linux/obj/AcceleratorNode.o /home/ualusr2011/ual1220/ual1/codes/UAL/lib/linux/obj/AcceleratorNodeFinder.o  /home/ualusr2011/ual1220/ual1/codes/UAL/lib/linux/obj/PropagatorComponent.o /home/ualusr2011/ual1220/ual1/codes/UAL/lib/linux/obj/PropagatorNodePtr.o /home/ualusr2011/ual1220/ual1/codes/UAL/lib/linux/obj/PropagatorFactory.o /home/ualusr2011/ual1220/ual1/codes/UAL/lib/linux/obj/PropagatorSequence.o /home/ualusr2011/ual1220/ual1/codes/UAL/lib/linux/obj/AcceleratorPropagator.o  /home/ualusr2011/ual1220/ual1/codes/UAL/lib/linux/obj/APDF_CreateElement.o /home/ualusr2011/ual1220/ual1/codes/UAL/lib/linux/obj/APDF_LinkElement.o /home/ualusr2011/ual1220/ual1/codes/UAL/lib/linux/obj/APDF_BuilderImpl.o /home/ualusr2011/ual1220/ual1/codes/UAL/lib/linux/obj/APDF_Builder.o  -L/home/ualusr2011/ual1220/ual1/codes/UAL/lib/linux     -L/home/ualusr2011/ual1220/ual1/tools/lib/linux -lpcre -lxml2
make[4]: Leaving directory `/home/ualusr2011/ual1220/ual1/codes/UAL/src/UAL'
make[3]: Leaving directory `/home/ualusr2011/ual1220/ual1/codes/UAL/src'
make[3]: Entering directory `/home/ualusr2011/ual1220/ual1/codes/UAL/api'
make[3]: Nothing to be done for `compile'.
make[3]: Leaving directory `/home/ualusr2011/ual1220/ual1/codes/UAL/api'
make[2]: Leaving directory `/home/ualusr2011/ual1220/ual1/codes/UAL'
make[2]: Entering directory `/home/ualusr2011/ual1220/ual1/codes/ZLIB'
make[3]: Entering directory `/home/ualusr2011/ual1220/ual1/codes/ZLIB/src'
(if [ !  -d ../include ]; then mkdir  ../include; fi;)
(if [ !  -d ../include/ZLIB ]; then mkdir  ../include/ZLIB; fi;)
if [ ! -d ../lib/linux ] ; \
	then (mkdir ../lib/linux; mkdir ../lib/linux/obj; ); fi;
make[4]: Entering directory `/home/ualusr2011/ual1220/ual1/codes/ZLIB/src/ZLIB'
make[5]: Entering directory `/home/ualusr2011/ual1220/ual1/codes/ZLIB/src/ZLIB/Tps'
g++                                     -g -fpic  -O0 -fno-inline -Wall  -Wno-deprecated       -I/home/ualusr2011/ual1220/ual1/codes/ZLIB/src  -c GlobalTable.cc -o /home/ualusr2011/ual1220/ual1/codes/ZLIB/lib/linux/obj/GlobalTable.o;
g++                                     -g -fpic  -O0 -fno-inline -Wall  -Wno-deprecated       -I/home/ualusr2011/ual1220/ual1/codes/ZLIB/src  -c Space.cc -o /home/ualusr2011/ual1220/ual1/codes/ZLIB/lib/linux/obj/Space.o;
g++                                     -g -fpic  -O0 -fno-inline -Wall  -Wno-deprecated       -I/home/ualusr2011/ual1220/ual1/codes/ZLIB/src  -c Vector.cc -o /home/ualusr2011/ual1220/ual1/codes/ZLIB/lib/linux/obj/Vector.o;
g++                                     -g -fpic  -O0 -fno-inline -Wall  -Wno-deprecated       -I/home/ualusr2011/ual1220/ual1/codes/ZLIB/src  -c Tps.cc -o /home/ualusr2011/ual1220/ual1/codes/ZLIB/lib/linux/obj/Tps.o;
g++                                     -g -fpic  -O0 -fno-inline -Wall  -Wno-deprecated       -I/home/ualusr2011/ual1220/ual1/codes/ZLIB/src  -c VTps.cc -o /home/ualusr2011/ual1220/ual1/codes/ZLIB/lib/linux/obj/VTps.o;
g++                                     -shared                                 -o /home/ualusr2011/ual1220/ual1/codes/ZLIB/lib/linux/libZTps.so /home/ualusr2011/ual1220/ual1/codes/ZLIB/lib/linux/obj/GlobalTable.o /home/ualusr2011/ual1220/ual1/codes/ZLIB/lib/linux/obj/Space.o /home/ualusr2011/ual1220/ual1/codes/ZLIB/lib/linux/obj/Vector.o /home/ualusr2011/ual1220/ual1/codes/ZLIB/lib/linux/obj/Tps.o /home/ualusr2011/ual1220/ual1/codes/ZLIB/lib/linux/obj/VTps.o -L/home/ualusr2011/ual1220/ual1/codes/ZLIB/lib/linux 
if [ ! -d /home/ualusr2011/ual1220/ual1/codes/ZLIB/include/ZLIB/Tps ] ; then mkdir /home/ualusr2011/ual1220/ual1/codes/ZLIB/include/ZLIB/Tps ; fi;
cp *.hh /home/ualusr2011/ual1220/ual1/codes/ZLIB/include/ZLIB/Tps/.
make[5]: Leaving directory `/home/ualusr2011/ual1220/ual1/codes/ZLIB/src/ZLIB/Tps'
make[4]: Leaving directory `/home/ualusr2011/ual1220/ual1/codes/ZLIB/src/ZLIB'
make[3]: Leaving directory `/home/ualusr2011/ual1220/ual1/codes/ZLIB/src'
make[3]: Entering directory `/home/ualusr2011/ual1220/ual1/codes/ZLIB/api'
Checking if your kit is complete...
Looks good
Writing Makefile for Zlib::Tps
Writing MYMETA.yml and MYMETA.json
make[4]: Entering directory `/home/ualusr2011/ual1220/ual1/codes/ZLIB/api/Tps'
/usr/bin/perl /usr/share/perl5/vendor_perl/ExtUtils/xsubpp  -C++ -prototypes -typemap /usr/share/perl5/ExtUtils/typemap -typemap typemap  Tps.xs > Tps.xsc && mv Tps.xsc Tps.c
g++ -D_SYS_TIMES_H_ -c  -I/home/ualusr2011/ual1220/ual1/codes/ZLIB/src  -D_REENTRANT -D_GNU_SOURCE -fno-strict-aliasing -pipe -fstack-protector -I/usr/local/include -D_LARGEFILE_SOURCE -D_FILE_OFFSET_BITS=64 -O2 -g -pipe -Wall -Wp,-D_FORTIFY_SOURCE=2 -fexceptions -fstack-protector-strong --param=ssp-buffer-size=4 -grecord-gcc-switches -m64 -mtune=generic   -DVERSION=\"1.00\" -DXS_VERSION=\"1.00\" -fPIC "-I/usr/lib64/perl5/CORE"  -DHAS_BOOL -Ubool Tps.c
Tps.xs: In function ‘void XS_Zlib__Tps_add(PerlInterpreter*, CV*)’:
Tps.xs:94:23: warning: deprecated conversion from string constant to ‘char*’ [-Wwrite-strings]
         char* CLASS = "Zlib::Tps";
                       ^
Tps.xs: In function ‘void XS_Zlib__Tps_multiply(PerlInterpreter*, CV*)’:
Tps.xs:124:23: warning: deprecated conversion from string constant to ‘char*’ [-Wwrite-strings]
         char* CLASS = "Zlib::Tps";
                       ^
Tps.xs: In function ‘void XS_Zlib__Tps_subtract(PerlInterpreter*, CV*)’:
Tps.xs:154:17: warning: deprecated conversion from string constant to ‘char*’ [-Wwrite-strings]
   char* CLASS = "Zlib::Tps";
                 ^
Tps.xs: In function ‘void XS_Zlib__Tps_divide(PerlInterpreter*, CV*)’:
Tps.xs:188:23: warning: deprecated conversion from string constant to ‘char*’ [-Wwrite-strings]
         char* CLASS = "Zlib::Tps";
                       ^
Tps.xs: In function ‘void XS_Zlib__Tps_D(PerlInterpreter*, CV*)’:
Tps.xs:242:16: warning: deprecated conversion from string constant to ‘char*’ [-Wwrite-strings]
  char* CLASS = "Zlib::Tps";
                ^
Tps.xs: In function ‘void XS_Zlib__Tps_poisson(PerlInterpreter*, CV*)’:
Tps.xs:254:16: warning: deprecated conversion from string constant to ‘char*’ [-Wwrite-strings]
  char* CLASS = "Zlib::Tps";
                ^
Tps.xs: In function ‘void XS_Zlib__Tps_vpoisson(PerlInterpreter*, CV*)’:
Tps.xs:266:16: warning: deprecated conversion from string constant to ‘char*’ [-Wwrite-strings]
  char* CLASS = "Zlib::VTps";
                ^
Tps.xs: In function ‘void XS_Zlib__Tps_sqrt(PerlInterpreter*, CV*)’:
Tps.xs:277:23: warning: deprecated conversion from string constant to ‘char*’ [-Wwrite-strings]
         char* CLASS = "Zlib::Tps";
                       ^
Tps.xs: In function ‘void XS_Zlib__VTps_value(PerlInterpreter*, CV*)’:
Tps.xs:314:16: warning: deprecated conversion from string constant to ‘char*’ [-Wwrite-strings]
  char* CLASS = "Zlib::Tps";  
                ^
Tps.xs: In function ‘void XS_Zlib__VTps_add(PerlInterpreter*, CV*)’:
Tps.xs:343:23: warning: deprecated conversion from string constant to ‘char*’ [-Wwrite-strings]
         char* CLASS = "Zlib::VTps";
                       ^
Tps.xs: In function ‘void XS_Zlib__VTps_subtract(PerlInterpreter*, CV*)’:
Tps.xs:375:17: warning: deprecated conversion from string constant to ‘char*’ [-Wwrite-strings]
   char* CLASS = "Zlib::VTps";
                 ^
Tps.xs: In function ‘void XS_Zlib__VTps_multiply(PerlInterpreter*, CV*)’:
Tps.xs:409:23: warning: deprecated conversion from string constant to ‘char*’ [-Wwrite-strings]
         char* CLASS = "Zlib::VTps";
                       ^
Tps.xs:410:16: warning: unused variable ‘v’ [-Wunused-variable]
         double v;
                ^
Tps.xs: In function ‘void XS_Zlib__VTps_divide(PerlInterpreter*, CV*)’:
Tps.xs:451:23: warning: deprecated conversion from string constant to ‘char*’ [-Wwrite-strings]
         char* CLASS = "Zlib::VTps";
                       ^
Tps.xs:452:16: warning: unused variable ‘v’ [-Wunused-variable]
         double v;
                ^
Tps.xs: In function ‘void XS_Zlib__VTps_D(PerlInterpreter*, CV*)’:
Tps.xs:508:16: warning: deprecated conversion from string constant to ‘char*’ [-Wwrite-strings]
  char* CLASS = "Zlib::VTps";
                ^
Tps.c: In function ‘void XS_Zlib__VTps_divide(PerlInterpreter*, CV*)’:
Tps.c:1151:44: warning: ‘RETVAL’ may be used uninitialized in this function [-Wmaybe-uninitialized]
  sv_setref_pv(ST(0), CLASS, (void*)RETVAL );
                                            ^
Tps.c:1089:9: note: ‘RETVAL’ was declared here
  VTps * RETVAL;
         ^
Tps.c: In function ‘void XS_Zlib__VTps_multiply(PerlInterpreter*, CV*)’:
Tps.c:1075:44: warning: ‘RETVAL’ may be used uninitialized in this function [-Wmaybe-uninitialized]
  sv_setref_pv(ST(0), CLASS, (void*)RETVAL );
                                            ^
Tps.c:1027:9: note: ‘RETVAL’ was declared here
  VTps * RETVAL;
         ^
Tps.c: In function ‘void XS_Zlib__VTps_value(PerlInterpreter*, CV*)’:
Tps.c:909:44: warning: ‘RETVAL’ may be used uninitialized in this function [-Wmaybe-uninitialized]
  sv_setref_pv(ST(0), CLASS, (void*)RETVAL );
                                            ^
Tps.c:873:8: note: ‘RETVAL’ was declared here
  Tps * RETVAL;
        ^
In file included from /usr/lib64/perl5/CORE/perl.h:5071:0,
                 from Tps.xs:8:
/usr/lib64/perl5/CORE/embed.h: In function ‘void XS_Zlib__VTps_order(PerlInterpreter*, CV*)’:
/usr/lib64/perl5/CORE/embed.h:609:47: warning: ‘RETVAL’ may be used uninitialized in this function [-Wmaybe-uninitialized]
 #define sv_setiv(a,b)  Perl_sv_setiv(aTHX_ a,b)
                                               ^
Tps.c:841:6: note: ‘RETVAL’ was declared here
  int RETVAL;
      ^
Tps.c: In function ‘void XS_Zlib__Tps_divide(PerlInterpreter*, CV*)’:
Tps.c:613:44: warning: ‘RETVAL’ may be used uninitialized in this function [-Wmaybe-uninitialized]
  sv_setref_pv(ST(0), CLASS, (void*)RETVAL );
                                            ^
Tps.c:554:8: note: ‘RETVAL’ was declared here
  Tps * RETVAL;
        ^
In file included from /usr/lib64/perl5/CORE/perl.h:5012:0,
                 from Tps.xs:8:
/usr/lib64/perl5/CORE/pp.h: In function ‘void XS_Zlib__Tps_value(PerlInterpreter*, CV*)’:
/usr/lib64/perl5/CORE/pp.h:294:54: warning: ‘RETVAL’ may be used uninitialized in this function [-Wmaybe-uninitialized]
 #define PUSHn(n) STMT_START { sv_setnv(TARG, (NV)(n)); PUSHTARG; } STMT_END
                                                      ^
Tps.c:356:9: note: ‘RETVAL’ was declared here
  double RETVAL;
         ^
In file included from /usr/lib64/perl5/CORE/perl.h:5071:0,
                 from Tps.xs:8:
/usr/lib64/perl5/CORE/embed.h: In function ‘void XS_Zlib__Tps_order(PerlInterpreter*, CV*)’:
/usr/lib64/perl5/CORE/embed.h:609:47: warning: ‘RETVAL’ may be used uninitialized in this function [-Wmaybe-uninitialized]
 #define sv_setiv(a,b)  Perl_sv_setiv(aTHX_ a,b)
                                               ^
Tps.c:324:6: note: ‘RETVAL’ was declared here
  int RETVAL;
      ^
In file included from /usr/lib64/perl5/CORE/perl.h:5071:0,
                 from Tps.xs:8:
/usr/lib64/perl5/CORE/embed.h: In function ‘void XS_Zlib__Space_mltOrder(PerlInterpreter*, CV*)’:
/usr/lib64/perl5/CORE/embed.h:609:47: warning: ‘RETVAL’ may be used uninitialized in this function [-Wmaybe-uninitialized]
 #define sv_setiv(a,b)  Perl_sv_setiv(aTHX_ a,b)
                                               ^
Tps.c:201:6: note: ‘RETVAL’ was declared here
  int RETVAL;
      ^
Running Mkbootstrap for Zlib::Tps ()
chmod 644 Tps.bs
rm -f /home/ualusr2011/ual1220/ual1/codes/ZLIB/api/blib/linux/arch//auto/Zlib/Tps/Tps.so
g++  -shared -O2 -g -pipe -Wall -Wp,-D_FORTIFY_SOURCE=2 -fexceptions -fstack-protector-strong --param=ssp-buffer-size=4 -grecord-gcc-switches -m64 -mtune=generic -Wl,-z,relro  Tps.o  -o /home/ualusr2011/ual1220/ual1/codes/ZLIB/api/blib/linux/arch//auto/Zlib/Tps/Tps.so 	\
   -L/home/ualusr2011/ual1220/ual1/codes/ZLIB/lib/linux -lZTps  	\
  
chmod 755 /home/ualusr2011/ual1220/ual1/codes/ZLIB/api/blib/linux/arch//auto/Zlib/Tps/Tps.so
cp Tps.bs /home/ualusr2011/ual1220/ual1/codes/ZLIB/api/blib/linux/arch//auto/Zlib/Tps/Tps.bs
chmod 644 /home/ualusr2011/ual1220/ual1/codes/ZLIB/api/blib/linux/arch//auto/Zlib/Tps/Tps.bs
make[4]: Leaving directory `/home/ualusr2011/ual1220/ual1/codes/ZLIB/api/Tps'
make[3]: Leaving directory `/home/ualusr2011/ual1220/ual1/codes/ZLIB/api'
make[3]: Entering directory `/home/ualusr2011/ual1220/ual1/codes/ZLIB/examples'
make[4]: Entering directory `/home/ualusr2011/ual1220/ual1/codes/ZLIB/examples/Tps'
g++                                     -o linux/tps   -I/home/ualusr2011/ual1220/ual1/codes/ZLIB/src  ./src/tps.cc  -L/home/ualusr2011/ual1220/ual1/codes/ZLIB/lib/linux  -lZTps -lm
g++                                     -o linux/vtps   -I/home/ualusr2011/ual1220/ual1/codes/ZLIB/src  ./src/vtps.cc -L/home/ualusr2011/ual1220/ual1/codes/ZLIB/lib/linux  -lZTps -lm
make[4]: Leaving directory `/home/ualusr2011/ual1220/ual1/codes/ZLIB/examples/Tps'
make[3]: Leaving directory `/home/ualusr2011/ual1220/ual1/codes/ZLIB/examples'
make[2]: Leaving directory `/home/ualusr2011/ual1220/ual1/codes/ZLIB'
make[2]: Entering directory `/home/ualusr2011/ual1220/ual1/codes/PAC'
if [ ! -d ./lib/linux ] ; \
	then (mkdir ./lib/linux; mkdir ./lib/linux/obj; ); fi;
make[3]: Entering directory `/home/ualusr2011/ual1220/ual1/codes/PAC/src'
(if [ !  -d /home/ualusr2011/ual1220/ual1/codes/PAC/include ]; then mkdir  /home/ualusr2011/ual1220/ual1/codes/PAC/include; fi;)
(if [ !  -d /home/ualusr2011/ual1220/ual1/codes/PAC/lib ]; \
	then mkdir  /home/ualusr2011/ual1220/ual1/codes/PAC/lib; fi;)	
(if [ !  -d /home/ualusr2011/ual1220/ual1/codes/PAC/lib/linux ]; \
	then mkdir  /home/ualusr2011/ual1220/ual1/codes/PAC/lib/linux; fi;)
(if [ !  -d /home/ualusr2011/ual1220/ual1/codes/PAC/lib/linux/obj ]; \
	then mkdir  /home/ualusr2011/ual1220/ual1/codes/PAC/lib/linux/obj; fi;)
make[4]: Entering directory `/home/ualusr2011/ual1220/ual1/codes/PAC/src/PAC'
g++                                     -g -fpic  -O0 -fno-inline -Wall  -Wno-deprecated       -I/home/ualusr2011/ual1220/ual1/codes/PAC/src -I/home/ualusr2011/ual1220/ual1/codes/UAL/include  -c dummy.cc -o /home/ualusr2011/ual1220/ual1/codes/PAC/lib/linux/obj/dummy.o;
(if [ !  -d /home/ualusr2011/ual1220/ual1/codes/PAC/include/PAC ]; then mkdir  /home/ualusr2011/ual1220/ual1/codes/PAC/include/PAC; fi;)
make[5]: Entering directory `/home/ualusr2011/ual1220/ual1/codes/PAC/src/PAC/Common'
g++                                     -g -fpic  -O0 -fno-inline -Wall  -Wno-deprecated       -I/home/ualusr2011/ual1220/ual1/codes/PAC/src -I/home/ualusr2011/ual1220/ual1/codes/UAL/include  -c PacException.cc -o /home/ualusr2011/ual1220/ual1/codes/PAC/lib/linux/obj/PacException.o;
if [ ! -d /home/ualusr2011/ual1220/ual1/codes/PAC/include/PAC/Common ] ; then mkdir /home/ualusr2011/ual1220/ual1/codes/PAC/include/PAC/Common ; fi;
cp *.hh /home/ualusr2011/ual1220/ual1/codes/PAC/include/PAC/Common/.
make[5]: Leaving directory `/home/ualusr2011/ual1220/ual1/codes/PAC/src/PAC/Common'
make[5]: Entering directory `/home/ualusr2011/ual1220/ual1/codes/PAC/src/PAC/Beam'
g++                                     -g -fpic  -O0 -fno-inline -Wall  -Wno-deprecated       -I/home/ualusr2011/ual1220/ual1/codes/PAC/src -I/home/ualusr2011/ual1220/ual1/codes/UAL/include  -c BeamAttributes.cc -o /home/ualusr2011/ual1220/ual1/codes/PAC/lib/linux/obj/BeamAttributes.o;
g++                                     -g -fpic  -O0 -fno-inline -Wall  -Wno-deprecated       -I/home/ualusr2011/ual1220/ual1/codes/PAC/src -I/home/ualusr2011/ual1220/ual1/codes/UAL/include  -c Position.cc -o /home/ualusr2011/ual1220/ual1/codes/PAC/lib/linux/obj/Position.o;
g++                                     -g -fpic  -O0 -fno-inline -Wall  -Wno-deprecated       -I/home/ualusr2011/ual1220/ual1/codes/PAC/src -I/home/ualusr2011/ual1220/ual1/codes/UAL/include  -c Spin.cc -o /home/ualusr2011/ual1220/ual1/codes/PAC/lib/linux/obj/Spin.o;
g++                                     -g -fpic  -O0 -fno-inline -Wall  -Wno-deprecated       -I/home/ualusr2011/ual1220/ual1/codes/PAC/src -I/home/ualusr2011/ual1220/ual1/codes/UAL/include  -c Particle.cc -o /home/ualusr2011/ual1220/ual1/codes/PAC/lib/linux/obj/Particle.o;
g++                                     -g -fpic  -O0 -fno-inline -Wall  -Wno-deprecated       -I/home/ualusr2011/ual1220/ual1/codes/PAC/src -I/home/ualusr2011/ual1220/ual1/codes/UAL/include  -c Bunch.cc -o /home/ualusr2011/ual1220/ual1/codes/PAC/lib/linux/obj/Bunch.o;
Bunch.cc: In member function ‘PAC::Bunch& PAC::Bunch::add(const PAC::Bunch&)’:
Bunch.cc:48:42: warning: comparison between signed and unsigned integer expressions [-Wsign-compare]
   for(unsigned int i = 0; i < bunch.size(); i++){
                                          ^
if [ ! -d /home/ualusr2011/ual1220/ual1/codes/PAC/include/PAC/Beam ] ; then mkdir /home/ualusr2011/ual1220/ual1/codes/PAC/include/PAC/Beam ; fi;
cp *.hh /home/ualusr2011/ual1220/ual1/codes/PAC/include/PAC/Beam/.
make[5]: Leaving directory `/home/ualusr2011/ual1220/ual1/codes/PAC/src/PAC/Beam'
g++                                      -I/home/ualusr2011/ual1220/ual1/codes/PAC/src -I/home/ualusr2011/ual1220/ual1/codes/UAL/include  -o /home/ualusr2011/ual1220/ual1/codes/PAC/lib/linux/obj/dummy   \
	/home/ualusr2011/ual1220/ual1/codes/PAC/lib/linux/obj/dummy.o  /home/ualusr2011/ual1220/ual1/codes/PAC/lib/linux/obj/PacException.o  /home/ualusr2011/ual1220/ual1/codes/PAC/lib/linux/obj/BeamAttributes.o /home/ualusr2011/ual1220/ual1/codes/PAC/lib/linux/obj/Position.o /home/ualusr2011/ual1220/ual1/codes/PAC/lib/linux/obj/Spin.o /home/ualusr2011/ual1220/ual1/codes/PAC/lib/linux/obj/Particle.o /home/ualusr2011/ual1220/ual1/codes/PAC/lib/linux/obj/Bunch.o -L/home/ualusr2011/ual1220/ual1/codes/PAC/lib/linux -L/home/ualusr2011/ual1220/ual1/codes/UAL/lib/linux -lUal -ldl 
cp /dev/null /home/ualusr2011/ual1220/ual1/codes/PAC/lib/linux/obj/dummy
g++                                     -shared                                 -o /home/ualusr2011/ual1220/ual1/codes/PAC/lib/linux/libPac.so  /home/ualusr2011/ual1220/ual1/codes/PAC/lib/linux/obj/PacException.o  /home/ualusr2011/ual1220/ual1/codes/PAC/lib/linux/obj/BeamAttributes.o /home/ualusr2011/ual1220/ual1/codes/PAC/lib/linux/obj/Position.o /home/ualusr2011/ual1220/ual1/codes/PAC/lib/linux/obj/Spin.o /home/ualusr2011/ual1220/ual1/codes/PAC/lib/linux/obj/Particle.o /home/ualusr2011/ual1220/ual1/codes/PAC/lib/linux/obj/Bunch.o -L/home/ualusr2011/ual1220/ual1/codes/PAC/lib/linux -L/home/ualusr2011/ual1220/ual1/codes/UAL/lib/linux -lUal -ldl 
make[4]: Leaving directory `/home/ualusr2011/ual1220/ual1/codes/PAC/src/PAC'
make[4]: Entering directory `/home/ualusr2011/ual1220/ual1/codes/PAC/src/Survey'
g++                                     -g -fpic  -O0 -fno-inline -Wall  -Wno-deprecated       -I/home/ualusr2011/ual1220/ual1/codes/PAC/src -I/home/ualusr2011/ual1220/ual1/codes/UAL/include  -c PacSurveyData.cc -o /home/ualusr2011/ual1220/ual1/codes/PAC/lib/linux/obj/PacSurveyData.o;
g++                                     -g -fpic  -O0 -fno-inline -Wall  -Wno-deprecated       -I/home/ualusr2011/ual1220/ual1/codes/PAC/src -I/home/ualusr2011/ual1220/ual1/codes/UAL/include  -c PacSurvey.cc -o /home/ualusr2011/ual1220/ual1/codes/PAC/lib/linux/obj/PacSurvey.o;
g++                                     -g -fpic  -O0 -fno-inline -Wall  -Wno-deprecated       -I/home/ualusr2011/ual1220/ual1/codes/PAC/src -I/home/ualusr2011/ual1220/ual1/codes/UAL/include  -c PacSurveyMap.cc -o /home/ualusr2011/ual1220/ual1/codes/PAC/lib/linux/obj/PacSurveyMap.o;
g++                                     -g -fpic  -O0 -fno-inline -Wall  -Wno-deprecated       -I/home/ualusr2011/ual1220/ual1/codes/PAC/src -I/home/ualusr2011/ual1220/ual1/codes/UAL/include  -c PacSurveyDrift.cc -o /home/ualusr2011/ual1220/ual1/codes/PAC/lib/linux/obj/PacSurveyDrift.o;
g++                                     -g -fpic  -O0 -fno-inline -Wall  -Wno-deprecated       -I/home/ualusr2011/ual1220/ual1/codes/PAC/src -I/home/ualusr2011/ual1220/ual1/codes/UAL/include  -c PacSurveySbend.cc -o /home/ualusr2011/ual1220/ual1/codes/PAC/lib/linux/obj/PacSurveySbend.o;
g++                                     -shared                                 -o /home/ualusr2011/ual1220/ual1/codes/PAC/lib/linux/libPacSurvey.so /home/ualusr2011/ual1220/ual1/codes/PAC/lib/linux/obj/PacSurveyData.o /home/ualusr2011/ual1220/ual1/codes/PAC/lib/linux/obj/PacSurvey.o /home/ualusr2011/ual1220/ual1/codes/PAC/lib/linux/obj/PacSurveyMap.o /home/ualusr2011/ual1220/ual1/codes/PAC/lib/linux/obj/PacSurveyDrift.o /home/ualusr2011/ual1220/ual1/codes/PAC/lib/linux/obj/PacSurveySbend.o -L/home/ualusr2011/ual1220/ual1/codes/PAC/lib/linux -L/home/ualusr2011/ual1220/ual1/codes/UAL/lib/linux -lUal -ldl  -lPac -L/home/ualusr2011/ual1220/ual1/codes/ZLIB/lib/linux
g++                                      -I/home/ualusr2011/ual1220/ual1/codes/PAC/src -I/home/ualusr2011/ual1220/ual1/codes/UAL/include  -o /home/ualusr2011/ual1220/ual1/codes/PAC/lib/linux/obj/dummy /home/ualusr2011/ual1220/ual1/codes/PAC/lib/linux/obj/dummy.o /home/ualusr2011/ual1220/ual1/codes/PAC/lib/linux/obj/PacSurveyData.o /home/ualusr2011/ual1220/ual1/codes/PAC/lib/linux/obj/PacSurvey.o /home/ualusr2011/ual1220/ual1/codes/PAC/lib/linux/obj/PacSurveyMap.o /home/ualusr2011/ual1220/ual1/codes/PAC/lib/linux/obj/PacSurveyDrift.o /home/ualusr2011/ual1220/ual1/codes/PAC/lib/linux/obj/PacSurveySbend.o -L/home/ualusr2011/ual1220/ual1/codes/PAC/lib/linux -L/home/ualusr2011/ual1220/ual1/codes/UAL/lib/linux -lUal -ldl  -lPac -L/home/ualusr2011/ual1220/ual1/codes/ZLIB/lib/linux
cp /dev/null /home/ualusr2011/ual1220/ual1/codes/PAC/lib/linux/obj/dummy
make[4]: Leaving directory `/home/ualusr2011/ual1220/ual1/codes/PAC/src/Survey'
make[4]: Entering directory `/home/ualusr2011/ual1220/ual1/codes/PAC/src/Optics'
g++                                     -g -fpic  -O0 -fno-inline -Wall  -Wno-deprecated       -I/home/ualusr2011/ual1220/ual1/codes/PAC/src -I/home/ualusr2011/ual1220/ual1/codes/UAL/include  -I/home/ualusr2011/ual1220/ual1/codes/ZLIB/src -I/home/ualusr2011/ual1220/ual1/codes/UAL/src -c PacVTps.cc -o /home/ualusr2011/ual1220/ual1/codes/PAC/lib/linux/obj/PacVTps.o;
g++                                     -g -fpic  -O0 -fno-inline -Wall  -Wno-deprecated       -I/home/ualusr2011/ual1220/ual1/codes/PAC/src -I/home/ualusr2011/ual1220/ual1/codes/UAL/include  -I/home/ualusr2011/ual1220/ual1/codes/ZLIB/src -I/home/ualusr2011/ual1220/ual1/codes/UAL/src -c PacTMap.cc -o /home/ualusr2011/ual1220/ual1/codes/PAC/lib/linux/obj/PacTMap.o;
g++                                     -g -fpic  -O0 -fno-inline -Wall  -Wno-deprecated       -I/home/ualusr2011/ual1220/ual1/codes/PAC/src -I/home/ualusr2011/ual1220/ual1/codes/UAL/include  -I/home/ualusr2011/ual1220/ual1/codes/ZLIB/src -I/home/ualusr2011/ual1220/ual1/codes/UAL/src -c PacTwissData.cc -o /home/ualusr2011/ual1220/ual1/codes/PAC/lib/linux/obj/PacTwissData.o;
g++                                     -g -fpic  -O0 -fno-inline -Wall  -Wno-deprecated       -I/home/ualusr2011/ual1220/ual1/codes/PAC/src -I/home/ualusr2011/ual1220/ual1/codes/UAL/include  -I/home/ualusr2011/ual1220/ual1/codes/ZLIB/src -I/home/ualusr2011/ual1220/ual1/codes/UAL/src -c PacChromData.cc -o /home/ualusr2011/ual1220/ual1/codes/PAC/lib/linux/obj/PacChromData.o;
g++                                     -shared                                 -o /home/ualusr2011/ual1220/ual1/codes/PAC/lib/linux/libPacOptics.so /home/ualusr2011/ual1220/ual1/codes/PAC/lib/linux/obj/PacVTps.o /home/ualusr2011/ual1220/ual1/codes/PAC/lib/linux/obj/PacTMap.o /home/ualusr2011/ual1220/ual1/codes/PAC/lib/linux/obj/PacTwissData.o /home/ualusr2011/ual1220/ual1/codes/PAC/lib/linux/obj/PacChromData.o  -L/home/ualusr2011/ual1220/ual1/codes/PAC/lib/linux -L/home/ualusr2011/ual1220/ual1/codes/UAL/lib/linux -lUal -ldl  -L/home/ualusr2011/ual1220/ual1/codes/PAC/lib/linux  -lPac  -L/home/ualusr2011/ual1220/ual1/codes/ZLIB/lib/linux -lZTps -L/home/ualusr2011/ual1220/ual1/codes/UAL/lib/linux -lUal
g++                                      -I/home/ualusr2011/ual1220/ual1/codes/PAC/src -I/home/ualusr2011/ual1220/ual1/codes/UAL/include  -I/home/ualusr2011/ual1220/ual1/codes/ZLIB/src -I/home/ualusr2011/ual1220/ual1/codes/UAL/src -o /home/ualusr2011/ual1220/ual1/codes/PAC/lib/linux/obj/dummy  /home/ualusr2011/ual1220/ual1/codes/PAC/lib/linux/obj/dummy.o /home/ualusr2011/ual1220/ual1/codes/PAC/lib/linux/obj/PacVTps.o /home/ualusr2011/ual1220/ual1/codes/PAC/lib/linux/obj/PacTMap.o /home/ualusr2011/ual1220/ual1/codes/PAC/lib/linux/obj/PacTwissData.o /home/ualusr2011/ual1220/ual1/codes/PAC/lib/linux/obj/PacChromData.o  -L/home/ualusr2011/ual1220/ual1/codes/PAC/lib/linux -L/home/ualusr2011/ual1220/ual1/codes/UAL/lib/linux -lUal -ldl  -L/home/ualusr2011/ual1220/ual1/codes/PAC/lib/linux  -lPac  -L/home/ualusr2011/ual1220/ual1/codes/ZLIB/lib/linux -lZTps -L/home/ualusr2011/ual1220/ual1/codes/UAL/lib/linux -lUal
cp /dev/null /home/ualusr2011/ual1220/ual1/codes/PAC/lib/linux/obj/dummy
make[4]: Leaving directory `/home/ualusr2011/ual1220/ual1/codes/PAC/src/Optics'
make[4]: Entering directory `/home/ualusr2011/ual1220/ual1/codes/PAC/src/SMF'
g++                                     -g -fpic  -O0 -fno-inline -Wall  -Wno-deprecated       -I/home/ualusr2011/ual1220/ual1/codes/PAC/src -I/home/ualusr2011/ual1220/ual1/codes/UAL/include  -I/home/ualusr2011/ual1220/ual1/codes/UAL/include  -I/home/ualusr2011/ual1220/ual1/codes/ZLIB/src -I/home/ualusr2011/ual1220/ual1/tools/include -c PacElemKey.cc -o /home/ualusr2011/ual1220/ual1/codes/PAC/lib/linux/obj/PacElemKey.o;
In file included from /home/ualusr2011/ual1220/ual1/codes/PAC/src/SMF/PacElemKeys.h:4:0,
                 from PacElemKey.cc:7:
/home/ualusr2011/ual1220/ual1/codes/PAC/src/Templates/PacRbTree.h: In member function ‘std::pair<std::_Rb_tree_iterator<_Val>, bool> PacRbTree<_Key, _Value, _KeyOfValue, _Compare, _Alloc>::insert_unique(const _Val&)’:
/home/ualusr2011/ual1220/ual1/codes/PAC/src/Templates/PacRbTree.h:76:10: warning: suggest explicit braces to avoid ambiguous ‘else’ [-Wparentheses]
       if (__comp)
          ^
g++                                     -g -fpic  -O0 -fno-inline -Wall  -Wno-deprecated       -I/home/ualusr2011/ual1220/ual1/codes/PAC/src -I/home/ualusr2011/ual1220/ual1/codes/UAL/include  -I/home/ualusr2011/ual1220/ual1/codes/UAL/include  -I/home/ualusr2011/ual1220/ual1/codes/ZLIB/src -I/home/ualusr2011/ual1220/ual1/tools/include -c PacElemKeys.cc -o /home/ualusr2011/ual1220/ual1/codes/PAC/lib/linux/obj/PacElemKeys.o;
In file included from /home/ualusr2011/ual1220/ual1/codes/PAC/src/SMF/PacElemKeys.h:4:0,
                 from PacElemKeys.cc:1:
/home/ualusr2011/ual1220/ual1/codes/PAC/src/Templates/PacRbTree.h: In member function ‘std::pair<std::_Rb_tree_iterator<_Val>, bool> PacRbTree<_Key, _Value, _KeyOfValue, _Compare, _Alloc>::insert_unique(const _Val&)’:
/home/ualusr2011/ual1220/ual1/codes/PAC/src/Templates/PacRbTree.h:76:10: warning: suggest explicit braces to avoid ambiguous ‘else’ [-Wparentheses]
       if (__comp)
          ^
g++                                     -g -fpic  -O0 -fno-inline -Wall  -Wno-deprecated       -I/home/ualusr2011/ual1220/ual1/codes/PAC/src -I/home/ualusr2011/ual1220/ual1/codes/UAL/include  -I/home/ualusr2011/ual1220/ual1/codes/UAL/include  -I/home/ualusr2011/ual1220/ual1/codes/ZLIB/src -I/home/ualusr2011/ual1220/ual1/tools/include -c PacElemBucketKey.cc -o /home/ualusr2011/ual1220/ual1/codes/PAC/lib/linux/obj/PacElemBucketKey.o;
In file included from /home/ualusr2011/ual1220/ual1/codes/PAC/src/SMF/PacElemBucketKeys.h:4:0,
                 from PacElemBucketKey.cc:8:
/home/ualusr2011/ual1220/ual1/codes/PAC/src/Templates/PacRbTree.h: In member function ‘std::pair<std::_Rb_tree_iterator<_Val>, bool> PacRbTree<_Key, _Value, _KeyOfValue, _Compare, _Alloc>::insert_unique(const _Val&)’:
/home/ualusr2011/ual1220/ual1/codes/PAC/src/Templates/PacRbTree.h:76:10: warning: suggest explicit braces to avoid ambiguous ‘else’ [-Wparentheses]
       if (__comp)
          ^
g++                                     -g -fpic  -O0 -fno-inline -Wall  -Wno-deprecated       -I/home/ualusr2011/ual1220/ual1/codes/PAC/src -I/home/ualusr2011/ual1220/ual1/codes/UAL/include  -I/home/ualusr2011/ual1220/ual1/codes/UAL/include  -I/home/ualusr2011/ual1220/ual1/codes/ZLIB/src -I/home/ualusr2011/ual1220/ual1/tools/include -c PacElemBucketKeys.cc -o /home/ualusr2011/ual1220/ual1/codes/PAC/lib/linux/obj/PacElemBucketKeys.o;
In file included from /home/ualusr2011/ual1220/ual1/codes/PAC/src/SMF/PacElemBucketKeys.h:4:0,
                 from PacElemBucketKeys.cc:1:
/home/ualusr2011/ual1220/ual1/codes/PAC/src/Templates/PacRbTree.h: In member function ‘std::pair<std::_Rb_tree_iterator<_Val>, bool> PacRbTree<_Key, _Value, _KeyOfValue, _Compare, _Alloc>::insert_unique(const _Val&)’:
/home/ualusr2011/ual1220/ual1/codes/PAC/src/Templates/PacRbTree.h:76:10: warning: suggest explicit braces to avoid ambiguous ‘else’ [-Wparentheses]
       if (__comp)
          ^
g++                                     -g -fpic  -O0 -fno-inline -Wall  -Wno-deprecated       -I/home/ualusr2011/ual1220/ual1/codes/PAC/src -I/home/ualusr2011/ual1220/ual1/codes/UAL/include  -I/home/ualusr2011/ual1220/ual1/codes/UAL/include  -I/home/ualusr2011/ual1220/ual1/codes/ZLIB/src -I/home/ualusr2011/ual1220/ual1/tools/include -c PacElemBucket.cc -o /home/ualusr2011/ual1220/ual1/codes/PAC/lib/linux/obj/PacElemBucket.o;
g++                                     -g -fpic  -O0 -fno-inline -Wall  -Wno-deprecated       -I/home/ualusr2011/ual1220/ual1/codes/PAC/src -I/home/ualusr2011/ual1220/ual1/codes/UAL/include  -I/home/ualusr2011/ual1220/ual1/codes/UAL/include  -I/home/ualusr2011/ual1220/ual1/codes/ZLIB/src -I/home/ualusr2011/ual1220/ual1/tools/include -c PacElemAttributes.cc -o /home/ualusr2011/ual1220/ual1/codes/PAC/lib/linux/obj/PacElemAttributes.o;
In file included from /home/ualusr2011/ual1220/ual1/codes/PAC/src/Templates/PacOrderedList.h:6:0,
                 from /home/ualusr2011/ual1220/ual1/codes/PAC/src/SMF/PacElemAttributes.h:12,
                 from PacElemAttributes.cc:7:
/home/ualusr2011/ual1220/ual1/codes/PAC/src/Templates/PacRbTree.h: In member function ‘std::pair<std::_Rb_tree_iterator<_Val>, bool> PacRbTree<_Key, _Value, _KeyOfValue, _Compare, _Alloc>::insert_unique(const _Val&)’:
/home/ualusr2011/ual1220/ual1/codes/PAC/src/Templates/PacRbTree.h:76:10: warning: suggest explicit braces to avoid ambiguous ‘else’ [-Wparentheses]
       if (__comp)
          ^
g++                                     -g -fpic  -O0 -fno-inline -Wall  -Wno-deprecated       -I/home/ualusr2011/ual1220/ual1/codes/PAC/src -I/home/ualusr2011/ual1220/ual1/codes/UAL/include  -I/home/ualusr2011/ual1220/ual1/codes/UAL/include  -I/home/ualusr2011/ual1220/ual1/codes/ZLIB/src -I/home/ualusr2011/ual1220/ual1/tools/include -c PacGenElement.cc -o /home/ualusr2011/ual1220/ual1/codes/PAC/lib/linux/obj/PacGenElement.o;
In file included from /home/ualusr2011/ual1220/ual1/codes/PAC/src/SMF/PacElemKeys.h:4:0,
                 from PacGenElement.cc:7:
/home/ualusr2011/ual1220/ual1/codes/PAC/src/Templates/PacRbTree.h: In member function ‘std::pair<std::_Rb_tree_iterator<_Val>, bool> PacRbTree<_Key, _Value, _KeyOfValue, _Compare, _Alloc>::insert_unique(const _Val&)’:
/home/ualusr2011/ual1220/ual1/codes/PAC/src/Templates/PacRbTree.h:76:10: warning: suggest explicit braces to avoid ambiguous ‘else’ [-Wparentheses]
       if (__comp)
          ^
g++                                     -g -fpic  -O0 -fno-inline -Wall  -Wno-deprecated       -I/home/ualusr2011/ual1220/ual1/codes/PAC/src -I/home/ualusr2011/ual1220/ual1/codes/UAL/include  -I/home/ualusr2011/ual1220/ual1/codes/UAL/include  -I/home/ualusr2011/ual1220/ual1/codes/ZLIB/src -I/home/ualusr2011/ual1220/ual1/tools/include -c PacGenElements.cc -o /home/ualusr2011/ual1220/ual1/codes/PAC/lib/linux/obj/PacGenElements.o;
In file included from /home/ualusr2011/ual1220/ual1/codes/PAC/src/SMF/PacGenElements.h:4:0,
                 from PacGenElements.cc:1:
/home/ualusr2011/ual1220/ual1/codes/PAC/src/Templates/PacRbTree.h: In member function ‘std::pair<std::_Rb_tree_iterator<_Val>, bool> PacRbTree<_Key, _Value, _KeyOfValue, _Compare, _Alloc>::insert_unique(const _Val&)’:
/home/ualusr2011/ual1220/ual1/codes/PAC/src/Templates/PacRbTree.h:76:10: warning: suggest explicit braces to avoid ambiguous ‘else’ [-Wparentheses]
       if (__comp)
          ^
g++                                     -g -fpic  -O0 -fno-inline -Wall  -Wno-deprecated       -I/home/ualusr2011/ual1220/ual1/codes/PAC/src -I/home/ualusr2011/ual1220/ual1/codes/UAL/include  -I/home/ualusr2011/ual1220/ual1/codes/UAL/include  -I/home/ualusr2011/ual1220/ual1/codes/ZLIB/src -I/home/ualusr2011/ual1220/ual1/tools/include -c PacLine.cc -o /home/ualusr2011/ual1220/ual1/codes/PAC/lib/linux/obj/PacLine.o;
In file included from /home/ualusr2011/ual1220/ual1/codes/PAC/src/SMF/PacLines.h:4:0,
                 from PacLine.cc:7:
/home/ualusr2011/ual1220/ual1/codes/PAC/src/Templates/PacRbTree.h: In member function ‘std::pair<std::_Rb_tree_iterator<_Val>, bool> PacRbTree<_Key, _Value, _KeyOfValue, _Compare, _Alloc>::insert_unique(const _Val&)’:
/home/ualusr2011/ual1220/ual1/codes/PAC/src/Templates/PacRbTree.h:76:10: warning: suggest explicit braces to avoid ambiguous ‘else’ [-Wparentheses]
       if (__comp)
          ^
g++                                     -g -fpic  -O0 -fno-inline -Wall  -Wno-deprecated       -I/home/ualusr2011/ual1220/ual1/codes/PAC/src -I/home/ualusr2011/ual1220/ual1/codes/UAL/include  -I/home/ualusr2011/ual1220/ual1/codes/UAL/include  -I/home/ualusr2011/ual1220/ual1/codes/ZLIB/src -I/home/ualusr2011/ual1220/ual1/tools/include -c PacLines.cc -o /home/ualusr2011/ual1220/ual1/codes/PAC/lib/linux/obj/PacLines.o;
In file included from /home/ualusr2011/ual1220/ual1/codes/PAC/src/SMF/PacLines.h:4:0,
                 from PacLines.cc:1:
/home/ualusr2011/ual1220/ual1/codes/PAC/src/Templates/PacRbTree.h: In member function ‘std::pair<std::_Rb_tree_iterator<_Val>, bool> PacRbTree<_Key, _Value, _KeyOfValue, _Compare, _Alloc>::insert_unique(const _Val&)’:
/home/ualusr2011/ual1220/ual1/codes/PAC/src/Templates/PacRbTree.h:76:10: warning: suggest explicit braces to avoid ambiguous ‘else’ [-Wparentheses]
       if (__comp)
          ^
g++                                     -g -fpic  -O0 -fno-inline -Wall  -Wno-deprecated       -I/home/ualusr2011/ual1220/ual1/codes/PAC/src -I/home/ualusr2011/ual1220/ual1/codes/UAL/include  -I/home/ualusr2011/ual1220/ual1/codes/UAL/include  -I/home/ualusr2011/ual1220/ual1/codes/ZLIB/src -I/home/ualusr2011/ual1220/ual1/tools/include -c PacLattElement.cc -o /home/ualusr2011/ual1220/ual1/codes/PAC/lib/linux/obj/PacLattElement.o;
In file included from /home/ualusr2011/ual1220/ual1/codes/PAC/src/SMF/PacElemKeys.h:4:0,
                 from PacLattElement.cc:7:
/home/ualusr2011/ual1220/ual1/codes/PAC/src/Templates/PacRbTree.h: In member function ‘std::pair<std::_Rb_tree_iterator<_Val>, bool> PacRbTree<_Key, _Value, _KeyOfValue, _Compare, _Alloc>::insert_unique(const _Val&)’:
/home/ualusr2011/ual1220/ual1/codes/PAC/src/Templates/PacRbTree.h:76:10: warning: suggest explicit braces to avoid ambiguous ‘else’ [-Wparentheses]
       if (__comp)
          ^
g++                                     -g -fpic  -O0 -fno-inline -Wall  -Wno-deprecated       -I/home/ualusr2011/ual1220/ual1/codes/PAC/src -I/home/ualusr2011/ual1220/ual1/codes/UAL/include  -I/home/ualusr2011/ual1220/ual1/codes/UAL/include  -I/home/ualusr2011/ual1220/ual1/codes/ZLIB/src -I/home/ualusr2011/ual1220/ual1/tools/include -c PacLattice.cc -o /home/ualusr2011/ual1220/ual1/codes/PAC/lib/linux/obj/PacLattice.o;
In file included from /home/ualusr2011/ual1220/ual1/codes/PAC/src/SMF/PacLattices.h:4:0,
                 from PacLattice.cc:8:
/home/ualusr2011/ual1220/ual1/codes/PAC/src/Templates/PacRbTree.h: In member function ‘std::pair<std::_Rb_tree_iterator<_Val>, bool> PacRbTree<_Key, _Value, _KeyOfValue, _Compare, _Alloc>::insert_unique(const _Val&)’:
/home/ualusr2011/ual1220/ual1/codes/PAC/src/Templates/PacRbTree.h:76:10: warning: suggest explicit braces to avoid ambiguous ‘else’ [-Wparentheses]
       if (__comp)
          ^
g++                                     -g -fpic  -O0 -fno-inline -Wall  -Wno-deprecated       -I/home/ualusr2011/ual1220/ual1/codes/PAC/src -I/home/ualusr2011/ual1220/ual1/codes/UAL/include  -I/home/ualusr2011/ual1220/ual1/codes/UAL/include  -I/home/ualusr2011/ual1220/ual1/codes/ZLIB/src -I/home/ualusr2011/ual1220/ual1/tools/include -c PacLattices.cc -o /home/ualusr2011/ual1220/ual1/codes/PAC/lib/linux/obj/PacLattices.o;
In file included from /home/ualusr2011/ual1220/ual1/codes/PAC/src/SMF/PacLattices.h:4:0,
                 from PacLattices.cc:2:
/home/ualusr2011/ual1220/ual1/codes/PAC/src/Templates/PacRbTree.h: In member function ‘std::pair<std::_Rb_tree_iterator<_Val>, bool> PacRbTree<_Key, _Value, _KeyOfValue, _Compare, _Alloc>::insert_unique(const _Val&)’:
/home/ualusr2011/ual1220/ual1/codes/PAC/src/Templates/PacRbTree.h:76:10: warning: suggest explicit braces to avoid ambiguous ‘else’ [-Wparentheses]
       if (__comp)
          ^
g++                                     -g -fpic  -O0 -fno-inline -Wall  -Wno-deprecated       -I/home/ualusr2011/ual1220/ual1/codes/PAC/src -I/home/ualusr2011/ual1220/ual1/codes/UAL/include  -I/home/ualusr2011/ual1220/ual1/codes/UAL/include  -I/home/ualusr2011/ual1220/ual1/codes/ZLIB/src -I/home/ualusr2011/ual1220/ual1/tools/include -c PacSmf.cc -o /home/ualusr2011/ual1220/ual1/codes/PAC/lib/linux/obj/PacSmf.o;
In file included from /home/ualusr2011/ual1220/ual1/codes/PAC/src/SMF/PacElemKeys.h:4:0,
                 from /home/ualusr2011/ual1220/ual1/codes/PAC/src/SMF/PacSmf.h:10,
                 from PacSmf.cc:9:
/home/ualusr2011/ual1220/ual1/codes/PAC/src/Templates/PacRbTree.h: In member function ‘std::pair<std::_Rb_tree_iterator<_Val>, bool> PacRbTree<_Key, _Value, _KeyOfValue, _Compare, _Alloc>::insert_unique(const _Val&)’:
/home/ualusr2011/ual1220/ual1/codes/PAC/src/Templates/PacRbTree.h:76:10: warning: suggest explicit braces to avoid ambiguous ‘else’ [-Wparentheses]
       if (__comp)
          ^
g++                                     -shared                                 -o /home/ualusr2011/ual1220/ual1/codes/PAC/lib/linux/libPacSMF.so /home/ualusr2011/ual1220/ual1/codes/PAC/lib/linux/obj/PacElemKey.o /home/ualusr2011/ual1220/ual1/codes/PAC/lib/linux/obj/PacElemKeys.o /home/ualusr2011/ual1220/ual1/codes/PAC/lib/linux/obj/PacElemBucketKey.o /home/ualusr2011/ual1220/ual1/codes/PAC/lib/linux/obj/PacElemBucketKeys.o /home/ualusr2011/ual1220/ual1/codes/PAC/lib/linux/obj/PacElemBucket.o /home/ualusr2011/ual1220/ual1/codes/PAC/lib/linux/obj/PacElemAttributes.o /home/ualusr2011/ual1220/ual1/codes/PAC/lib/linux/obj/PacGenElement.o /home/ualusr2011/ual1220/ual1/codes/PAC/lib/linux/obj/PacGenElements.o /home/ualusr2011/ual1220/ual1/codes/PAC/lib/linux/obj/PacLine.o /home/ualusr2011/ual1220/ual1/codes/PAC/lib/linux/obj/PacLines.o /home/ualusr2011/ual1220/ual1/codes/PAC/lib/linux/obj/PacLattElement.o /home/ualusr2011/ual1220/ual1/codes/PAC/lib/linux/obj/PacLattice.o /home/ualusr2011/ual1220/ual1/codes/PAC/lib/linux/obj/PacLattices.o /home/ualusr2011/ual1220/ual1/codes/PAC/lib/linux/obj/PacSmf.o  -L/home/ualusr2011/ual1220/ual1/codes/PAC/lib/linux -L/home/ualusr2011/ual1220/ual1/codes/UAL/lib/linux -lUal -ldl  -lPacOptics -lPac -L/home/ualusr2011/ual1220/ual1/codes/ZLIB/lib/linux -lZTps -L/home/ualusr2011/ual1220/ual1/codes/UAL/lib/linux -lUal -L/home/ualusr2011/ual1220/ual1/tools/lib/linux  -lpcre -lpcreposix
g++                                      -I/home/ualusr2011/ual1220/ual1/codes/PAC/src -I/home/ualusr2011/ual1220/ual1/codes/UAL/include  -I/home/ualusr2011/ual1220/ual1/codes/UAL/include  -I/home/ualusr2011/ual1220/ual1/codes/ZLIB/src -I/home/ualusr2011/ual1220/ual1/tools/include -o /home/ualusr2011/ual1220/ual1/codes/PAC/lib/linux/obj/dummy  /home/ualusr2011/ual1220/ual1/codes/PAC/lib/linux/obj/dummy.o /home/ualusr2011/ual1220/ual1/codes/PAC/lib/linux/obj/PacElemKey.o /home/ualusr2011/ual1220/ual1/codes/PAC/lib/linux/obj/PacElemKeys.o /home/ualusr2011/ual1220/ual1/codes/PAC/lib/linux/obj/PacElemBucketKey.o /home/ualusr2011/ual1220/ual1/codes/PAC/lib/linux/obj/PacElemBucketKeys.o /home/ualusr2011/ual1220/ual1/codes/PAC/lib/linux/obj/PacElemBucket.o /home/ualusr2011/ual1220/ual1/codes/PAC/lib/linux/obj/PacElemAttributes.o /home/ualusr2011/ual1220/ual1/codes/PAC/lib/linux/obj/PacGenElement.o /home/ualusr2011/ual1220/ual1/codes/PAC/lib/linux/obj/PacGenElements.o /home/ualusr2011/ual1220/ual1/codes/PAC/lib/linux/obj/PacLine.o /home/ualusr2011/ual1220/ual1/codes/PAC/lib/linux/obj/PacLines.o /home/ualusr2011/ual1220/ual1/codes/PAC/lib/linux/obj/PacLattElement.o /home/ualusr2011/ual1220/ual1/codes/PAC/lib/linux/obj/PacLattice.o /home/ualusr2011/ual1220/ual1/codes/PAC/lib/linux/obj/PacLattices.o /home/ualusr2011/ual1220/ual1/codes/PAC/lib/linux/obj/PacSmf.o  -L/home/ualusr2011/ual1220/ual1/codes/PAC/lib/linux -L/home/ualusr2011/ual1220/ual1/codes/UAL/lib/linux -lUal -ldl  -lPacOptics -lPac -L/home/ualusr2011/ual1220/ual1/codes/ZLIB/lib/linux -lZTps -L/home/ualusr2011/ual1220/ual1/codes/UAL/lib/linux -lUal -L/home/ualusr2011/ual1220/ual1/tools/lib/linux  -lpcre -lpcreposix
cp /dev/null /home/ualusr2011/ual1220/ual1/codes/PAC/lib/linux/obj/dummy
make[4]: Leaving directory `/home/ualusr2011/ual1220/ual1/codes/PAC/src/SMF'
make[3]: Leaving directory `/home/ualusr2011/ual1220/ual1/codes/PAC/src'
make[3]: Entering directory `/home/ualusr2011/ual1220/ual1/codes/PAC/api'
Checking if your kit is complete...
Looks good
Writing Makefile for Pac::Beam
Writing MYMETA.yml and MYMETA.json
make[4]: Entering directory `/home/ualusr2011/ual1220/ual1/codes/PAC/api/Beam'
/usr/bin/perl /usr/share/perl5/vendor_perl/ExtUtils/xsubpp  -C++ -prototypes -typemap /usr/share/perl5/ExtUtils/typemap -typemap typemap  Beam.xs > Beam.xsc && mv Beam.xsc Beam.c
g++ -D_SYS_TIMES_H_ -c  -I/home/ualusr2011/ual1220/ual1/codes/PAC/src -I/home/ualusr2011/ual1220/ual1/codes/ZLIB/src -I/home/ualusr2011/ual1220/ual1/codes/UAL/include -D_REENTRANT -D_GNU_SOURCE -fno-strict-aliasing -pipe -fstack-protector -I/usr/local/include -D_LARGEFILE_SOURCE -D_FILE_OFFSET_BITS=64 -O2 -g -pipe -Wall -Wp,-D_FORTIFY_SOURCE=2 -fexceptions -fstack-protector-strong --param=ssp-buffer-size=4 -grecord-gcc-switches -m64 -mtune=generic   -DVERSION=\"1.00\" -DXS_VERSION=\"1.00\" -fPIC "-I/usr/lib64/perl5/CORE"  -DHAS_BOOL -Ubool Beam.c
Beam.xs: In function ‘void XS_Pac__Bunch_position(PerlInterpreter*, CV*)’:
Beam.xs:111:18: warning: deprecated conversion from string constant to ‘char*’ [-Wwrite-strings]
    char* CLASS = "Pac::Position";
                  ^
Beam.xs: In function ‘void XS_Pac__Position_add(PerlInterpreter*, CV*)’:
Beam.xs:310:16: warning: deprecated conversion from string constant to ‘char*’ [-Wwrite-strings]
  char* CLASS = "Pac::Position";
                ^
Beam.xs: In function ‘void XS_Pac__Position_multiply(PerlInterpreter*, CV*)’:
Beam.xs:327:16: warning: deprecated conversion from string constant to ‘char*’ [-Wwrite-strings]
  char* CLASS = "Pac::Position";
                ^
In file included from /usr/lib64/perl5/CORE/perl.h:5012:0,
                 from Beam.xs:7:
/usr/lib64/perl5/CORE/pp.h: In function ‘void XS_Pac__Position_de(PerlInterpreter*, CV*)’:
/usr/lib64/perl5/CORE/pp.h:294:54: warning: ‘RETVAL’ may be used uninitialized in this function [-Wmaybe-uninitialized]
 #define PUSHn(n) STMT_START { sv_setnv(TARG, (NV)(n)); PUSHTARG; } STMT_END
                                                      ^
Beam.c:994:9: note: ‘RETVAL’ was declared here
  double RETVAL;
         ^
In file included from /usr/lib64/perl5/CORE/perl.h:5012:0,
                 from Beam.xs:7:
/usr/lib64/perl5/CORE/pp.h: In function ‘void XS_Pac__Position_ct(PerlInterpreter*, CV*)’:
/usr/lib64/perl5/CORE/pp.h:294:54: warning: ‘RETVAL’ may be used uninitialized in this function [-Wmaybe-uninitialized]
 #define PUSHn(n) STMT_START { sv_setnv(TARG, (NV)(n)); PUSHTARG; } STMT_END
                                                      ^
Beam.c:961:9: note: ‘RETVAL’ was declared here
  double RETVAL;
         ^
In file included from /usr/lib64/perl5/CORE/perl.h:5012:0,
                 from Beam.xs:7:
/usr/lib64/perl5/CORE/pp.h: In function ‘void XS_Pac__Position_py(PerlInterpreter*, CV*)’:
/usr/lib64/perl5/CORE/pp.h:294:54: warning: ‘RETVAL’ may be used uninitialized in this function [-Wmaybe-uninitialized]
 #define PUSHn(n) STMT_START { sv_setnv(TARG, (NV)(n)); PUSHTARG; } STMT_END
                                                      ^
Beam.c:928:9: note: ‘RETVAL’ was declared here
  double RETVAL;
         ^
In file included from /usr/lib64/perl5/CORE/perl.h:5012:0,
                 from Beam.xs:7:
/usr/lib64/perl5/CORE/pp.h: In function ‘void XS_Pac__Position_y(PerlInterpreter*, CV*)’:
/usr/lib64/perl5/CORE/pp.h:294:54: warning: ‘RETVAL’ may be used uninitialized in this function [-Wmaybe-uninitialized]
 #define PUSHn(n) STMT_START { sv_setnv(TARG, (NV)(n)); PUSHTARG; } STMT_END
                                                      ^
Beam.c:895:9: note: ‘RETVAL’ was declared here
  double RETVAL;
         ^
In file included from /usr/lib64/perl5/CORE/perl.h:5012:0,
                 from Beam.xs:7:
/usr/lib64/perl5/CORE/pp.h: In function ‘void XS_Pac__Position_px(PerlInterpreter*, CV*)’:
/usr/lib64/perl5/CORE/pp.h:294:54: warning: ‘RETVAL’ may be used uninitialized in this function [-Wmaybe-uninitialized]
 #define PUSHn(n) STMT_START { sv_setnv(TARG, (NV)(n)); PUSHTARG; } STMT_END
                                                      ^
Beam.c:862:9: note: ‘RETVAL’ was declared here
  double RETVAL;
         ^
In file included from /usr/lib64/perl5/CORE/perl.h:5012:0,
                 from Beam.xs:7:
/usr/lib64/perl5/CORE/pp.h: In function ‘void XS_Pac__Position_x(PerlInterpreter*, CV*)’:
/usr/lib64/perl5/CORE/pp.h:294:54: warning: ‘RETVAL’ may be used uninitialized in this function [-Wmaybe-uninitialized]
 #define PUSHn(n) STMT_START { sv_setnv(TARG, (NV)(n)); PUSHTARG; } STMT_END
                                                      ^
Beam.c:829:9: note: ‘RETVAL’ was declared here
  double RETVAL;
         ^
In file included from /usr/lib64/perl5/CORE/perl.h:5012:0,
                 from Beam.xs:7:
/usr/lib64/perl5/CORE/pp.h: In function ‘void XS_Pac__Bunch_macrosize(PerlInterpreter*, CV*)’:
/usr/lib64/perl5/CORE/pp.h:294:54: warning: ‘RETVAL’ may be used uninitialized in this function [-Wmaybe-uninitialized]
 #define PUSHn(n) STMT_START { sv_setnv(TARG, (NV)(n)); PUSHTARG; } STMT_END
                                                      ^
Beam.c:693:9: note: ‘RETVAL’ was declared here
  double RETVAL;
         ^
In file included from /usr/lib64/perl5/CORE/perl.h:5012:0,
                 from Beam.xs:7:
/usr/lib64/perl5/CORE/pp.h: In function ‘void XS_Pac__BeamAttributes_macrosize(PerlInterpreter*, CV*)’:
/usr/lib64/perl5/CORE/pp.h:294:54: warning: ‘RETVAL’ may be used uninitialized in this function [-Wmaybe-uninitialized]
 #define PUSHn(n) STMT_START { sv_setnv(TARG, (NV)(n)); PUSHTARG; } STMT_END
                                                      ^
Beam.c:351:9: note: ‘RETVAL’ was declared here
  double RETVAL;
         ^
In file included from /usr/lib64/perl5/CORE/perl.h:5012:0,
                 from Beam.xs:7:
/usr/lib64/perl5/CORE/pp.h: In function ‘void XS_Pac__Bunch_revfreq(PerlInterpreter*, CV*)’:
/usr/lib64/perl5/CORE/pp.h:294:54: warning: ‘RETVAL’ may be used uninitialized in this function [-Wmaybe-uninitialized]
 #define PUSHn(n) STMT_START { sv_setnv(TARG, (NV)(n)); PUSHTARG; } STMT_END
                                                      ^
Beam.c:660:9: note: ‘RETVAL’ was declared here
  double RETVAL;
         ^
In file included from /usr/lib64/perl5/CORE/perl.h:5012:0,
                 from Beam.xs:7:
/usr/lib64/perl5/CORE/pp.h: In function ‘void XS_Pac__BeamAttributes_revfreq(PerlInterpreter*, CV*)’:
/usr/lib64/perl5/CORE/pp.h:294:54: warning: ‘RETVAL’ may be used uninitialized in this function [-Wmaybe-uninitialized]
 #define PUSHn(n) STMT_START { sv_setnv(TARG, (NV)(n)); PUSHTARG; } STMT_END
                                                      ^
Beam.c:318:9: note: ‘RETVAL’ was declared here
  double RETVAL;
         ^
In file included from /usr/lib64/perl5/CORE/perl.h:5012:0,
                 from Beam.xs:7:
/usr/lib64/perl5/CORE/pp.h: In function ‘void XS_Pac__Bunch_mass(PerlInterpreter*, CV*)’:
/usr/lib64/perl5/CORE/pp.h:294:54: warning: ‘RETVAL’ may be used uninitialized in this function [-Wmaybe-uninitialized]
 #define PUSHn(n) STMT_START { sv_setnv(TARG, (NV)(n)); PUSHTARG; } STMT_END
                                                      ^
Beam.c:627:9: note: ‘RETVAL’ was declared here
  double RETVAL;
         ^
In file included from /usr/lib64/perl5/CORE/perl.h:5012:0,
                 from Beam.xs:7:
/usr/lib64/perl5/CORE/pp.h: In function ‘void XS_Pac__BeamAttributes_mass(PerlInterpreter*, CV*)’:
/usr/lib64/perl5/CORE/pp.h:294:54: warning: ‘RETVAL’ may be used uninitialized in this function [-Wmaybe-uninitialized]
 #define PUSHn(n) STMT_START { sv_setnv(TARG, (NV)(n)); PUSHTARG; } STMT_END
                                                      ^
Beam.c:285:9: note: ‘RETVAL’ was declared here
  double RETVAL;
         ^
In file included from /usr/lib64/perl5/CORE/perl.h:5012:0,
                 from Beam.xs:7:
/usr/lib64/perl5/CORE/pp.h: In function ‘void XS_Pac__Bunch_charge(PerlInterpreter*, CV*)’:
/usr/lib64/perl5/CORE/pp.h:294:54: warning: ‘RETVAL’ may be used uninitialized in this function [-Wmaybe-uninitialized]
 #define PUSHn(n) STMT_START { sv_setnv(TARG, (NV)(n)); PUSHTARG; } STMT_END
                                                      ^
Beam.c:594:9: note: ‘RETVAL’ was declared here
  double RETVAL;
         ^
In file included from /usr/lib64/perl5/CORE/perl.h:5012:0,
                 from Beam.xs:7:
/usr/lib64/perl5/CORE/pp.h: In function ‘void XS_Pac__BeamAttributes_charge(PerlInterpreter*, CV*)’:
/usr/lib64/perl5/CORE/pp.h:294:54: warning: ‘RETVAL’ may be used uninitialized in this function [-Wmaybe-uninitialized]
 #define PUSHn(n) STMT_START { sv_setnv(TARG, (NV)(n)); PUSHTARG; } STMT_END
                                                      ^
Beam.c:252:9: note: ‘RETVAL’ was declared here
  double RETVAL;
         ^
In file included from /usr/lib64/perl5/CORE/perl.h:5012:0,
                 from Beam.xs:7:
/usr/lib64/perl5/CORE/pp.h: In function ‘void XS_Pac__Bunch_energy(PerlInterpreter*, CV*)’:
/usr/lib64/perl5/CORE/pp.h:294:54: warning: ‘RETVAL’ may be used uninitialized in this function [-Wmaybe-uninitialized]
 #define PUSHn(n) STMT_START { sv_setnv(TARG, (NV)(n)); PUSHTARG; } STMT_END
                                                      ^
Beam.c:561:9: note: ‘RETVAL’ was declared here
  double RETVAL;
         ^
In file included from /usr/lib64/perl5/CORE/perl.h:5012:0,
                 from Beam.xs:7:
/usr/lib64/perl5/CORE/pp.h: In function ‘void XS_Pac__BeamAttributes_energy(PerlInterpreter*, CV*)’:
/usr/lib64/perl5/CORE/pp.h:294:54: warning: ‘RETVAL’ may be used uninitialized in this function [-Wmaybe-uninitialized]
 #define PUSHn(n) STMT_START { sv_setnv(TARG, (NV)(n)); PUSHTARG; } STMT_END
                                                      ^
Beam.c:219:9: note: ‘RETVAL’ was declared here
  double RETVAL;
         ^
In file included from /usr/lib64/perl5/CORE/perl.h:5071:0,
                 from Beam.xs:7:
/usr/lib64/perl5/CORE/embed.h: In function ‘void XS_Pac__Bunch_flag(PerlInterpreter*, CV*)’:
/usr/lib64/perl5/CORE/embed.h:609:47: warning: ‘RETVAL’ may be used uninitialized in this function [-Wmaybe-uninitialized]
 #define sv_setiv(a,b)  Perl_sv_setiv(aTHX_ a,b)
                                               ^
Beam.c:527:6: note: ‘RETVAL’ was declared here
  int RETVAL;
      ^
Running Mkbootstrap for Pac::Beam ()
chmod 644 Beam.bs
rm -f /home/ualusr2011/ual1220/ual1/codes/PAC/api/blib/linux/arch/auto/Pac/Beam/Beam.so
g++  -shared -O2 -g -pipe -Wall -Wp,-D_FORTIFY_SOURCE=2 -fexceptions -fstack-protector-strong --param=ssp-buffer-size=4 -grecord-gcc-switches -m64 -mtune=generic -Wl,-z,relro  Beam.o  -o /home/ualusr2011/ual1220/ual1/codes/PAC/api/blib/linux/arch/auto/Pac/Beam/Beam.so 	\
   -L/home/ualusr2011/ual1220/ual1/codes/PAC/lib/linux -lPacSMF -lPacOptics -lPacSurvey -lPac -L/home/ualusr2011/ual1220/ual1/codes/ZLIB/lib/linux -lZTps -L/home/ualusr2011/ual1220/ual1/codes/UAL/lib/linux -lUal  	\
  
chmod 755 /home/ualusr2011/ual1220/ual1/codes/PAC/api/blib/linux/arch/auto/Pac/Beam/Beam.so
cp Beam.bs /home/ualusr2011/ual1220/ual1/codes/PAC/api/blib/linux/arch/auto/Pac/Beam/Beam.bs
chmod 644 /home/ualusr2011/ual1220/ual1/codes/PAC/api/blib/linux/arch/auto/Pac/Beam/Beam.bs
make[4]: Leaving directory `/home/ualusr2011/ual1220/ual1/codes/PAC/api/Beam'
Checking if your kit is complete...
Looks good
Writing Makefile for Pac::Survey
Writing MYMETA.yml and MYMETA.json
make[4]: Entering directory `/home/ualusr2011/ual1220/ual1/codes/PAC/api/Survey'
/usr/bin/perl /usr/share/perl5/vendor_perl/ExtUtils/xsubpp  -C++ -prototypes -typemap /usr/share/perl5/ExtUtils/typemap -typemap typemap  Survey.xs > Survey.xsc && mv Survey.xsc Survey.c
g++ -D_SYS_TIMES_H_ -c  -I/home/ualusr2011/ual1220/ual1/codes/PAC/src -I/home/ualusr2011/ual1220/ual1/codes/UAL/include -D_REENTRANT -D_GNU_SOURCE -fno-strict-aliasing -pipe -fstack-protector -I/usr/local/include -D_LARGEFILE_SOURCE -D_FILE_OFFSET_BITS=64 -O2 -g -pipe -Wall -Wp,-D_FORTIFY_SOURCE=2 -fexceptions -fstack-protector-strong --param=ssp-buffer-size=4 -grecord-gcc-switches -m64 -mtune=generic   -DVERSION=\"1.00\" -DXS_VERSION=\"1.00\" -fPIC "-I/usr/lib64/perl5/CORE"  -DHAS_BOOL -Ubool Survey.c
Running Mkbootstrap for Pac::Survey ()
chmod 644 Survey.bs
rm -f /home/ualusr2011/ual1220/ual1/codes/PAC/api/blib/linux/arch/auto/Pac/Survey/Survey.so
g++  -shared -O2 -g -pipe -Wall -Wp,-D_FORTIFY_SOURCE=2 -fexceptions -fstack-protector-strong --param=ssp-buffer-size=4 -grecord-gcc-switches -m64 -mtune=generic -Wl,-z,relro  Survey.o  -o /home/ualusr2011/ual1220/ual1/codes/PAC/api/blib/linux/arch/auto/Pac/Survey/Survey.so 	\
   -L/home/ualusr2011/ual1220/ual1/codes/PAC/lib/linux -lPacSMF -lPacOptics -lPacSurvey -lPac -L/home/ualusr2011/ual1220/ual1/codes/ZLIB/lib/linux -lZTps -L/home/ualusr2011/ual1220/ual1/codes/UAL/lib/linux -lUal  	\
  
chmod 755 /home/ualusr2011/ual1220/ual1/codes/PAC/api/blib/linux/arch/auto/Pac/Survey/Survey.so
cp Survey.bs /home/ualusr2011/ual1220/ual1/codes/PAC/api/blib/linux/arch/auto/Pac/Survey/Survey.bs
chmod 644 /home/ualusr2011/ual1220/ual1/codes/PAC/api/blib/linux/arch/auto/Pac/Survey/Survey.bs
make[4]: Leaving directory `/home/ualusr2011/ual1220/ual1/codes/PAC/api/Survey'
Checking if your kit is complete...
Looks good
Writing Makefile for Pac::Optics
Writing MYMETA.yml and MYMETA.json
make[4]: Entering directory `/home/ualusr2011/ual1220/ual1/codes/PAC/api/Optics'
/usr/bin/perl /usr/share/perl5/vendor_perl/ExtUtils/xsubpp  -C++ -prototypes -typemap /usr/share/perl5/ExtUtils/typemap -typemap typemap  Optics.xs > Optics.xsc && mv Optics.xsc Optics.c
g++ -D_SYS_TIMES_H_ -c  -I/home/ualusr2011/ual1220/ual1/codes/PAC/src -I/home/ualusr2011/ual1220/ual1/codes/ZLIB/src -I/home/ualusr2011/ual1220/ual1/codes/UAL/include -D_REENTRANT -D_GNU_SOURCE -fno-strict-aliasing -pipe -fstack-protector -I/usr/local/include -D_LARGEFILE_SOURCE -D_FILE_OFFSET_BITS=64 -O2 -g -pipe -Wall -Wp,-D_FORTIFY_SOURCE=2 -fexceptions -fstack-protector-strong --param=ssp-buffer-size=4 -grecord-gcc-switches -m64 -mtune=generic   -DVERSION=\"1.0\" -DXS_VERSION=\"1.0\" -fPIC "-I/usr/lib64/perl5/CORE"  -DHAS_BOOL -Ubool Optics.c
Optics.xs: In function ‘void XS_Pac__TMap_refOrbit(PerlInterpreter*, CV*)’:
Optics.xs:51:16: warning: deprecated conversion from string constant to ‘char*’ [-Wwrite-strings]
  char* CLASS = "Pac::Position";
                ^
Optics.xs: In function ‘void XS_Pac__TMap_daVTps(PerlInterpreter*, CV*)’:
Optics.xs:71:16: warning: deprecated conversion from string constant to ‘char*’ [-Wwrite-strings]
  char* CLASS = "Zlib::VTps";
                ^
Optics.xs: In function ‘void XS_Pac__TMap_propagate(PerlInterpreter*, CV*)’:
Optics.xs:92:21: warning: suggest parentheses around assignment used as truth value [-Wparentheses]
         if(items = 3){
                     ^
Optics.xs: In function ‘void XS_Pac__ChromData_twiss(PerlInterpreter*, CV*)’:
Optics.xs:221:18: warning: deprecated conversion from string constant to ‘char*’ [-Wwrite-strings]
    char* CLASS = "Pac::TwissData";
                  ^
In file included from /usr/lib64/perl5/CORE/perl.h:5012:0,
                 from Optics.xs:7:
/usr/lib64/perl5/CORE/pp.h: In function ‘void XS_Pac__TwissData_beta(PerlInterpreter*, CV*)’:
/usr/lib64/perl5/CORE/pp.h:294:54: warning: ‘RETVAL’ may be used uninitialized in this function [-Wmaybe-uninitialized]
 #define PUSHn(n) STMT_START { sv_setnv(TARG, (NV)(n)); PUSHTARG; } STMT_END
                                                      ^
Optics.c:530:9: note: ‘RETVAL’ was declared here
  double RETVAL;
         ^
In file included from /usr/lib64/perl5/CORE/perl.h:5012:0,
                 from Optics.xs:7:
/usr/lib64/perl5/CORE/pp.h: In function ‘void XS_Pac__TwissData_alpha(PerlInterpreter*, CV*)’:
/usr/lib64/perl5/CORE/pp.h:294:54: warning: ‘RETVAL’ may be used uninitialized in this function [-Wmaybe-uninitialized]
 #define PUSHn(n) STMT_START { sv_setnv(TARG, (NV)(n)); PUSHTARG; } STMT_END
                                                      ^
Optics.c:564:9: note: ‘RETVAL’ was declared here
  double RETVAL;
         ^
In file included from /usr/lib64/perl5/CORE/perl.h:5012:0,
                 from Optics.xs:7:
/usr/lib64/perl5/CORE/pp.h: In function ‘void XS_Pac__TwissData_mu(PerlInterpreter*, CV*)’:
/usr/lib64/perl5/CORE/pp.h:294:54: warning: ‘RETVAL’ may be used uninitialized in this function [-Wmaybe-uninitialized]
 #define PUSHn(n) STMT_START { sv_setnv(TARG, (NV)(n)); PUSHTARG; } STMT_END
                                                      ^
Optics.c:598:9: note: ‘RETVAL’ was declared here
  double RETVAL;
         ^
In file included from /usr/lib64/perl5/CORE/perl.h:5012:0,
                 from Optics.xs:7:
/usr/lib64/perl5/CORE/pp.h: In function ‘void XS_Pac__TwissData_d(PerlInterpreter*, CV*)’:
/usr/lib64/perl5/CORE/pp.h:294:54: warning: ‘RETVAL’ may be used uninitialized in this function [-Wmaybe-uninitialized]
 #define PUSHn(n) STMT_START { sv_setnv(TARG, (NV)(n)); PUSHTARG; } STMT_END
                                                      ^
Optics.c:632:9: note: ‘RETVAL’ was declared here
  double RETVAL;
         ^
In file included from /usr/lib64/perl5/CORE/perl.h:5012:0,
                 from Optics.xs:7:
/usr/lib64/perl5/CORE/pp.h: In function ‘void XS_Pac__TwissData_dp(PerlInterpreter*, CV*)’:
/usr/lib64/perl5/CORE/pp.h:294:54: warning: ‘RETVAL’ may be used uninitialized in this function [-Wmaybe-uninitialized]
 #define PUSHn(n) STMT_START { sv_setnv(TARG, (NV)(n)); PUSHTARG; } STMT_END
                                                      ^
Optics.c:666:9: note: ‘RETVAL’ was declared here
  double RETVAL;
         ^
Optics.c: In function ‘void XS_Pac__TMap_refOrbit(PerlInterpreter*, CV*)’:
Optics.c:290:44: warning: ‘RETVAL’ may be used uninitialized in this function [-Wmaybe-uninitialized]
  sv_setref_pv(ST(0), CLASS, (void*)RETVAL );
                                            ^
Optics.c:264:13: note: ‘RETVAL’ was declared here
  Position * RETVAL;
             ^
In file included from /usr/lib64/perl5/CORE/perl.h:5071:0,
                 from Optics.xs:7:
/usr/lib64/perl5/CORE/embed.h: In function ‘void XS_Pac__TMap_mltOrder(PerlInterpreter*, CV*)’:
/usr/lib64/perl5/CORE/embed.h:609:47: warning: ‘RETVAL’ may be used uninitialized in this function [-Wmaybe-uninitialized]
 #define sv_setiv(a,b)  Perl_sv_setiv(aTHX_ a,b)
                                               ^
Optics.c:232:6: note: ‘RETVAL’ was declared here
  int RETVAL;
      ^
Optics.c: In function ‘void XS_Pac__TMap_daVTps(PerlInterpreter*, CV*)’:
Optics.c:330:44: warning: ‘RETVAL’ may be used uninitialized in this function [-Wmaybe-uninitialized]
  sv_setref_pv(ST(0), CLASS, (void*)RETVAL );
                                            ^
Optics.c:304:9: note: ‘RETVAL’ was declared here
  VTps * RETVAL;
         ^
Running Mkbootstrap for Pac::Optics ()
chmod 644 Optics.bs
rm -f /home/ualusr2011/ual1220/ual1/codes/PAC/api/blib/linux/arch/auto/Pac/Optics/Optics.so
g++  -shared -O2 -g -pipe -Wall -Wp,-D_FORTIFY_SOURCE=2 -fexceptions -fstack-protector-strong --param=ssp-buffer-size=4 -grecord-gcc-switches -m64 -mtune=generic -Wl,-z,relro  Optics.o  -o /home/ualusr2011/ual1220/ual1/codes/PAC/api/blib/linux/arch/auto/Pac/Optics/Optics.so 	\
   -L/home/ualusr2011/ual1220/ual1/codes/PAC/lib/linux -lPacOptics -lPac -L/home/ualusr2011/ual1220/ual1/codes/ZLIB/lib/linux -lZTps -L/home/ualusr2011/ual1220/ual1/codes/UAL/lib/linux -lUal  	\
  
chmod 755 /home/ualusr2011/ual1220/ual1/codes/PAC/api/blib/linux/arch/auto/Pac/Optics/Optics.so
cp Optics.bs /home/ualusr2011/ual1220/ual1/codes/PAC/api/blib/linux/arch/auto/Pac/Optics/Optics.bs
chmod 644 /home/ualusr2011/ual1220/ual1/codes/PAC/api/blib/linux/arch/auto/Pac/Optics/Optics.bs
make[4]: Leaving directory `/home/ualusr2011/ual1220/ual1/codes/PAC/api/Optics'
Checking if your kit is complete...
Looks good
Writing Makefile for Pac::Smf
Writing MYMETA.yml and MYMETA.json
make[4]: Entering directory `/home/ualusr2011/ual1220/ual1/codes/PAC/api/SMF'
/usr/bin/perl /usr/share/perl5/vendor_perl/ExtUtils/xsubpp  -C++ -prototypes -typemap /usr/share/perl5/ExtUtils/typemap -typemap typemap  Smf.xs > Smf.xsc && mv Smf.xsc Smf.c
g++ -D_SYS_TIMES_H_ -c  -I/home/ualusr2011/ual1220/ual1/codes/PAC/src -I/home/ualusr2011/ual1220/ual1/codes/ZLIB/src -I/home/ualusr2011/ual1220/ual1/codes/UAL/include -D_REENTRANT -D_GNU_SOURCE -fno-strict-aliasing -pipe -fstack-protector -I/usr/local/include -D_LARGEFILE_SOURCE -D_FILE_OFFSET_BITS=64 -O2 -g -pipe -Wall -Wp,-D_FORTIFY_SOURCE=2 -fexceptions -fstack-protector-strong --param=ssp-buffer-size=4 -grecord-gcc-switches -m64 -mtune=generic   -DVERSION=\"1.0\" -DXS_VERSION=\"1.0\" -fPIC "-I/usr/lib64/perl5/CORE"  -DHAS_BOOL -Ubool Smf.c
In file included from /home/ualusr2011/ual1220/ual1/codes/PAC/src/SMF/PacElemKeys.h:4:0,
                 from /home/ualusr2011/ual1220/ual1/codes/PAC/src/SMF/PacSmf.h:10,
                 from Smf.xs:27:
/home/ualusr2011/ual1220/ual1/codes/PAC/src/Templates/PacRbTree.h: In member function ‘std::pair<std::_Rb_tree_iterator<_Val>, bool> PacRbTree<_Key, _Value, _KeyOfValue, _Compare, _Alloc>::insert_unique(const _Val&)’:
/home/ualusr2011/ual1220/ual1/codes/PAC/src/Templates/PacRbTree.h:76:10: warning: suggest explicit braces to avoid ambiguous ‘else’ [-Wparentheses]
       if (__comp)
          ^
Smf.xs: In function ‘void XS_Pac__Smf_create(PerlInterpreter*, CV*)’:
Smf.xs:37:23: warning: deprecated conversion from string constant to ‘char*’ [-Wwrite-strings]
         char* CLASS = "Pac::Smf";
                       ^
Smf.xs: In function ‘void XS_Pac__Smf_elemKeys(PerlInterpreter*, CV*)’:
Smf.xs:94:16: warning: deprecated conversion from string constant to ‘char*’ [-Wwrite-strings]
  char* CLASS = "Pac::ElemKeys";
                ^
Smf.xs: In function ‘void XS_Pac__Smf_bucketKeys(PerlInterpreter*, CV*)’:
Smf.xs:102:16: warning: deprecated conversion from string constant to ‘char*’ [-Wwrite-strings]
  char* CLASS = "Pac::ElemBucketKeys";
                ^
Smf.xs: In function ‘void XS_Pac__Smf_elements(PerlInterpreter*, CV*)’:
Smf.xs:110:16: warning: deprecated conversion from string constant to ‘char*’ [-Wwrite-strings]
  char* CLASS = "Pac::GenElements";
                ^
Smf.xs: In function ‘void XS_Pac__Smf_lines(PerlInterpreter*, CV*)’:
Smf.xs:118:16: warning: deprecated conversion from string constant to ‘char*’ [-Wwrite-strings]
  char* CLASS = "Pac::Lines";
                ^
Smf.xs: In function ‘void XS_Pac__Smf_lattices(PerlInterpreter*, CV*)’:
Smf.xs:126:16: warning: deprecated conversion from string constant to ‘char*’ [-Wwrite-strings]
  char* CLASS = "Pac::Lattices";
                ^
Smf.xs: In function ‘void XS_Pac__ElemKeys_begin(PerlInterpreter*, CV*)’:
Smf.xs:158:16: warning: deprecated conversion from string constant to ‘char*’ [-Wwrite-strings]
  char* CLASS = "Pac::ElemKeyIterator";
                ^
Smf.xs: In function ‘void XS_Pac__ElemKeys_end(PerlInterpreter*, CV*)’:
Smf.xs:166:16: warning: deprecated conversion from string constant to ‘char*’ [-Wwrite-strings]
  char* CLASS = "Pac::ElemKeyIterator";
                ^
Smf.xs: In function ‘void XS_Pac__ElemKeys_find(PerlInterpreter*, CV*)’:
Smf.xs:175:16: warning: deprecated conversion from string constant to ‘char*’ [-Wwrite-strings]
  char* CLASS = "Pac::ElemKeyIterator";
                ^
Smf.c: In function ‘void XS_Pac__ElemKeyIterator_ne(PerlInterpreter*, CV*)’:
Smf.c:651:6: warning: unused variable ‘f’ [-Wunused-variable]
  int f = (int)SvIV(ST(2))
      ^
Smf.xs: In function ‘void XS_Pac__ElemKeyIterator_second(PerlInterpreter*, CV*)’:
Smf.xs:207:16: warning: deprecated conversion from string constant to ‘char*’ [-Wwrite-strings]
  char* CLASS = "Pac::ElemKey";
                ^
Smf.xs: In function ‘void XS_Pac__ElemBucketKey_attribKey(PerlInterpreter*, CV*)’:
Smf.xs:239:16: warning: deprecated conversion from string constant to ‘char*’ [-Wwrite-strings]
  char* CLASS = "Pac::ElemAttribKey";
                ^
Smf.xs: In function ‘void XS_Pac__ElemBucketKeys_begin(PerlInterpreter*, CV*)’:
Smf.xs:253:16: warning: deprecated conversion from string constant to ‘char*’ [-Wwrite-strings]
  char* CLASS = "Pac::ElemBucketKeyIterator";
                ^
Smf.xs: In function ‘void XS_Pac__ElemBucketKeys_end(PerlInterpreter*, CV*)’:
Smf.xs:261:16: warning: deprecated conversion from string constant to ‘char*’ [-Wwrite-strings]
  char* CLASS = "Pac::ElemBucketKeyIterator";
                ^
Smf.xs: In function ‘void XS_Pac__ElemBucketKeys_find(PerlInterpreter*, CV*)’:
Smf.xs:270:16: warning: deprecated conversion from string constant to ‘char*’ [-Wwrite-strings]
  char* CLASS = "Pac::ElemBucketKeyIterator";
                ^
Smf.c: In function ‘void XS_Pac__ElemBucketKeyIterator_ne(PerlInterpreter*, CV*)’:
Smf.c:1040:6: warning: unused variable ‘f’ [-Wunused-variable]
  int f = (int)SvIV(ST(2))
      ^
Smf.xs: In function ‘void XS_Pac__ElemBucketKeyIterator_second(PerlInterpreter*, CV*)’:
Smf.xs:302:16: warning: deprecated conversion from string constant to ‘char*’ [-Wwrite-strings]
  char* CLASS = "Pac::ElemBucketKey";
                ^
Smf.xs: In function ‘void XS_Pac__ElemAttribKey_bucketKey(PerlInterpreter*, CV*)’:
Smf.xs:315:16: warning: deprecated conversion from string constant to ‘char*’ [-Wwrite-strings]
  char* CLASS = "Pac::ElemBucketKey";
                ^
Smf.xs: In function ‘void XS_Pac__ElemAttribKey_multiply(PerlInterpreter*, CV*)’:
Smf.xs:339:16: warning: deprecated conversion from string constant to ‘char*’ [-Wwrite-strings]
  char* CLASS = "Pac::ElemBucket";
                ^
Smf.xs: In function ‘void XS_Pac__ElemAttributes_begin(PerlInterpreter*, CV*)’:
Smf.xs:369:16: warning: deprecated conversion from string constant to ‘char*’ [-Wwrite-strings]
  char* CLASS = "Pac::ElemAttribIterator";
                ^
Smf.xs: In function ‘void XS_Pac__ElemAttributes_end(PerlInterpreter*, CV*)’:
Smf.xs:377:16: warning: deprecated conversion from string constant to ‘char*’ [-Wwrite-strings]
  char* CLASS = "Pac::ElemAttribIterator";
                ^
Smf.xs: In function ‘void XS_Pac__ElemAttributes_find(PerlInterpreter*, CV*)’:
Smf.xs:386:16: warning: deprecated conversion from string constant to ‘char*’ [-Wwrite-strings]
  char* CLASS = "Pac::ElemAttribIterator";
                ^
Smf.c: In function ‘void XS_Pac__ElemAttribIterator_ne(PerlInterpreter*, CV*)’:
Smf.c:1659:6: warning: unused variable ‘f’ [-Wunused-variable]
  int f = (int)SvIV(ST(2))
      ^
Smf.xs: In function ‘void XS_Pac__ElemAttribIterator_second(PerlInterpreter*, CV*)’:
Smf.xs:477:16: warning: deprecated conversion from string constant to ‘char*’ [-Wwrite-strings]
  char* CLASS = "Pac::ElemBucket";
                ^
Smf.xs: In function ‘void XS_Pac__ElemPart_attributes(PerlInterpreter*, CV*)’:
Smf.xs:547:16: warning: deprecated conversion from string constant to ‘char*’ [-Wwrite-strings]
  char* CLASS = "Pac::ElemAttributes";
                ^
Smf.xs: In function ‘void XS_Pac__ElemPart_rms(PerlInterpreter*, CV*)’:
Smf.xs:555:16: warning: deprecated conversion from string constant to ‘char*’ [-Wwrite-strings]
  char* CLASS = "Pac::ElemAttributes";
                ^
Smf.xs: In function ‘void XS_Pac__GenElement_body(PerlInterpreter*, CV*)’:
Smf.xs:596:16: warning: deprecated conversion from string constant to ‘char*’ [-Wwrite-strings]
  char* CLASS = "Pac::ElemPart";
                ^
Smf.xs: In function ‘void XS_Pac__GenElement_front(PerlInterpreter*, CV*)’:
Smf.xs:604:16: warning: deprecated conversion from string constant to ‘char*’ [-Wwrite-strings]
  char* CLASS = "Pac::ElemPart";
                ^
Smf.xs: In function ‘void XS_Pac__GenElement_end(PerlInterpreter*, CV*)’:
Smf.xs:612:16: warning: deprecated conversion from string constant to ‘char*’ [-Wwrite-strings]
  char* CLASS = "Pac::ElemPart";
                ^
Smf.xs: In function ‘void XS_Pac__GenElement_getPart(PerlInterpreter*, CV*)’:
Smf.xs:621:16: warning: deprecated conversion from string constant to ‘char*’ [-Wwrite-strings]
  char* CLASS = "Pac::ElemPart";
                ^
Smf.xs: In function ‘void XS_Pac__GenElement_rms(PerlInterpreter*, CV*)’:
Smf.xs:629:16: warning: deprecated conversion from string constant to ‘char*’ [-Wwrite-strings]
  char* CLASS = "Pac::ElemAttributes";
                ^
Smf.xs: In function ‘void XS_Pac__GenElements_declare(PerlInterpreter*, CV*)’:
Smf.xs:726:51: warning: embedded ‘\0’ in format [-Wformat-contains-nul]
            sprintf(tmpChr2, "main::%s\0", tmpChr1 );
                                                   ^
Smf.c:2424:19: warning: variable ‘THIS’ set but not used [-Wunused-but-set-variable]
  PacGenElements * THIS;
                   ^
Smf.xs: In function ‘void XS_Pac__GenElements_begin(PerlInterpreter*, CV*)’:
Smf.xs:736:16: warning: deprecated conversion from string constant to ‘char*’ [-Wwrite-strings]
  char* CLASS = "Pac::GenElemIterator";
                ^
Smf.xs: In function ‘void XS_Pac__GenElements_end(PerlInterpreter*, CV*)’:
Smf.xs:744:16: warning: deprecated conversion from string constant to ‘char*’ [-Wwrite-strings]
  char* CLASS = "Pac::GenElemIterator";
                ^
Smf.xs: In function ‘void XS_Pac__GenElements_find(PerlInterpreter*, CV*)’:
Smf.xs:753:16: warning: deprecated conversion from string constant to ‘char*’ [-Wwrite-strings]
  char* CLASS = "Pac::GenElemIterator";
                ^
Smf.c: In function ‘void XS_Pac__GenElemIterator_ne(PerlInterpreter*, CV*)’:
Smf.c:2605:6: warning: unused variable ‘f’ [-Wunused-variable]
  int f = (int)SvIV(ST(2))
      ^
Smf.xs: In function ‘void XS_Pac__GenElemIterator_second(PerlInterpreter*, CV*)’:
Smf.xs:788:16: warning: deprecated conversion from string constant to ‘char*’ [-Wwrite-strings]
  char* CLASS = "Pac::GenElement";
                ^
Smf.xs: In function ‘void XS_Pac__Line_multiply(PerlInterpreter*, CV*)’:
Smf.xs:858:16: warning: deprecated conversion from string constant to ‘char*’ [-Wwrite-strings]
  char* CLASS = "Pac::Line";
                ^
Smf.c: In function ‘void XS_Pac__Lines_declare(PerlInterpreter*, CV*)’:
Smf.c:2883:13: warning: variable ‘THIS’ set but not used [-Wunused-but-set-variable]
  PacLines * THIS;
             ^
Smf.xs: In function ‘void XS_Pac__Lines_begin(PerlInterpreter*, CV*)’:
Smf.xs:881:16: warning: deprecated conversion from string constant to ‘char*’ [-Wwrite-strings]
  char* CLASS = "Pac::LineIterator";
                ^
Smf.xs: In function ‘void XS_Pac__Lines_end(PerlInterpreter*, CV*)’:
Smf.xs:889:16: warning: deprecated conversion from string constant to ‘char*’ [-Wwrite-strings]
  char* CLASS = "Pac::LineIterator";
                ^
Smf.xs: In function ‘void XS_Pac__Lines_find(PerlInterpreter*, CV*)’:
Smf.xs:898:16: warning: deprecated conversion from string constant to ‘char*’ [-Wwrite-strings]
  char* CLASS = "Pac::LineIterator";
                ^
Smf.c: In function ‘void XS_Pac__LineIterator_ne(PerlInterpreter*, CV*)’:
Smf.c:3048:6: warning: unused variable ‘f’ [-Wunused-variable]
  int f = (int)SvIV(ST(2))
      ^
Smf.xs: In function ‘void XS_Pac__LineIterator_second(PerlInterpreter*, CV*)’:
Smf.xs:934:16: warning: deprecated conversion from string constant to ‘char*’ [-Wwrite-strings]
  char* CLASS = "Pac::Line";
                ^
Smf.xs: In function ‘void XS_Pac__LattElement_body(PerlInterpreter*, CV*)’:
Smf.xs:999:16: warning: deprecated conversion from string constant to ‘char*’ [-Wwrite-strings]
  char* CLASS = "Pac::ElemAttributes";
                ^
Smf.xs: In function ‘void XS_Pac__LattElement_front(PerlInterpreter*, CV*)’:
Smf.xs:1007:16: warning: deprecated conversion from string constant to ‘char*’ [-Wwrite-strings]
  char* CLASS = "Pac::ElemAttributes";
                ^
Smf.xs: In function ‘void XS_Pac__LattElement_end(PerlInterpreter*, CV*)’:
Smf.xs:1015:16: warning: deprecated conversion from string constant to ‘char*’ [-Wwrite-strings]
  char* CLASS = "Pac::ElemAttributes";
                ^
Smf.xs: In function ‘void XS_Pac__LattElement_getPart(PerlInterpreter*, CV*)’:
Smf.xs:1024:16: warning: deprecated conversion from string constant to ‘char*’ [-Wwrite-strings]
  char* CLASS = "Pac::ElemAttributes";
                ^
Smf.xs: In function ‘void XS_Pac__Lattice_element(PerlInterpreter*, CV*)’:
Smf.xs:1152:16: warning: deprecated conversion from string constant to ‘char*’ [-Wwrite-strings]
  char* CLASS = "Pac::LattElement";
                ^
Smf.c: In function ‘void XS_Pac__Lattices_declare(PerlInterpreter*, CV*)’:
Smf.c:3812:16: warning: variable ‘THIS’ set but not used [-Wunused-but-set-variable]
  PacLattices * THIS;
                ^
Smf.xs: In function ‘void XS_Pac__Lattices_begin(PerlInterpreter*, CV*)’:
Smf.xs:1179:16: warning: deprecated conversion from string constant to ‘char*’ [-Wwrite-strings]
  char* CLASS = "Pac::LatticeIterator";
                ^
Smf.xs: In function ‘void XS_Pac__Lattices_end(PerlInterpreter*, CV*)’:
Smf.xs:1187:16: warning: deprecated conversion from string constant to ‘char*’ [-Wwrite-strings]
  char* CLASS = "Pac::LatticeIterator";
                ^
Smf.xs: In function ‘void XS_Pac__Lattices_find(PerlInterpreter*, CV*)’:
Smf.xs:1196:16: warning: deprecated conversion from string constant to ‘char*’ [-Wwrite-strings]
  char* CLASS = "Pac::LatticeIterator";
                ^
Smf.c: In function ‘void XS_Pac__LatticeIterator_ne(PerlInterpreter*, CV*)’:
Smf.c:3977:6: warning: unused variable ‘f’ [-Wunused-variable]
  int f = (int)SvIV(ST(2))
      ^
Smf.xs: In function ‘void XS_Pac__LatticeIterator_second(PerlInterpreter*, CV*)’:
Smf.xs:1231:16: warning: deprecated conversion from string constant to ‘char*’ [-Wwrite-strings]
  char* CLASS = "Pac::Lattice";
                ^
Smf.c: In function ‘void XS_Pac__ElemBucketKey_attribKey(PerlInterpreter*, CV*)’:
Smf.c:890:44: warning: ‘RETVAL’ may be used uninitialized in this function [-Wmaybe-uninitialized]
  sv_setref_pv(ST(0), CLASS, (void*)RETVAL );
                                            ^
Smf.c:875:21: note: ‘RETVAL’ was declared here
  PacElemAttribKey * RETVAL;
                     ^
Running Mkbootstrap for Pac::Smf ()
chmod 644 Smf.bs
rm -f /home/ualusr2011/ual1220/ual1/codes/PAC/api/blib/linux/arch/auto/Pac/Smf/Smf.so
g++  -shared -O2 -g -pipe -Wall -Wp,-D_FORTIFY_SOURCE=2 -fexceptions -fstack-protector-strong --param=ssp-buffer-size=4 -grecord-gcc-switches -m64 -mtune=generic -Wl,-z,relro  Smf.o  -o /home/ualusr2011/ual1220/ual1/codes/PAC/api/blib/linux/arch/auto/Pac/Smf/Smf.so 	\
   -L/home/ualusr2011/ual1220/ual1/codes/PAC/lib/linux -lPacSMF -lPacOptics -lPac -L/home/ualusr2011/ual1220/ual1/codes/ZLIB/lib/linux -lZTps -L/home/ualusr2011/ual1220/ual1/codes/UAL/lib/linux -lUal  	\
  
chmod 755 /home/ualusr2011/ual1220/ual1/codes/PAC/api/blib/linux/arch/auto/Pac/Smf/Smf.so
cp Smf.bs /home/ualusr2011/ual1220/ual1/codes/PAC/api/blib/linux/arch/auto/Pac/Smf/Smf.bs
chmod 644 /home/ualusr2011/ual1220/ual1/codes/PAC/api/blib/linux/arch/auto/Pac/Smf/Smf.bs
make[4]: Leaving directory `/home/ualusr2011/ual1220/ual1/codes/PAC/api/SMF'
make[3]: Leaving directory `/home/ualusr2011/ual1220/ual1/codes/PAC/api'
make[3]: Entering directory `/home/ualusr2011/ual1220/ual1/codes/PAC/examples'
make[4]: Entering directory `/home/ualusr2011/ual1220/ual1/codes/PAC/examples/Beam'
g++                                     -g -fpic  -O0 -fno-inline -Wall  -Wno-deprecated       -I/home/ualusr2011/ual1220/ual1/codes/PAC/src -I/home/ualusr2011/ual1220/ual1/codes/UAL/include  -c beam.cc -o /home/ualusr2011/ual1220/ual1/codes/PAC/lib/linux/obj/beam.o;
g++                                     -o beam   -I/home/ualusr2011/ual1220/ual1/codes/PAC/src -I/home/ualusr2011/ual1220/ual1/codes/UAL/include  /home/ualusr2011/ual1220/ual1/codes/PAC/lib/linux/obj/beam.o -L/home/ualusr2011/ual1220/ual1/codes/PAC/lib/linux -L/home/ualusr2011/ual1220/ual1/codes/UAL/lib/linux -lUal -ldl  -lPac -lPacOptics  -L/home/ualusr2011/ual1220/ual1/codes/ZLIB/lib/linux -lZTps -lm 
make[4]: Leaving directory `/home/ualusr2011/ual1220/ual1/codes/PAC/examples/Beam'
make[4]: Entering directory `/home/ualusr2011/ual1220/ual1/codes/PAC/examples/Optics'
g++                                     -g -fpic  -O0 -fno-inline -Wall  -Wno-deprecated       -I/home/ualusr2011/ual1220/ual1/codes/PAC/src -I/home/ualusr2011/ual1220/ual1/codes/UAL/include  -I//home/ualusr2011/ual1220/ual1/codes/ZLIB/src -c optics.cc -o /home/ualusr2011/ual1220/ual1/codes/PAC/lib/linux/obj/optics.o;
g++                                     -o optics   -I/home/ualusr2011/ual1220/ual1/codes/PAC/src -I/home/ualusr2011/ual1220/ual1/codes/UAL/include  -I//home/ualusr2011/ual1220/ual1/codes/ZLIB/src /home/ualusr2011/ual1220/ual1/codes/PAC/lib/linux/obj/optics.o -L/home/ualusr2011/ual1220/ual1/codes/PAC/lib/linux -L/home/ualusr2011/ual1220/ual1/codes/UAL/lib/linux -lUal -ldl  -lPacOptics -lPac -L/home/ualusr2011/ual1220/ual1/codes/ZLIB/lib/linux -lZTps -lm 
make[4]: Leaving directory `/home/ualusr2011/ual1220/ual1/codes/PAC/examples/Optics'
make[3]: Leaving directory `/home/ualusr2011/ual1220/ual1/codes/PAC/examples'
make[2]: Leaving directory `/home/ualusr2011/ual1220/ual1/codes/PAC'
make[2]: Entering directory `/home/ualusr2011/ual1220/ual1/codes/TEAPOT'
if [ ! -d ./lib/linux ] ; \
	then (mkdir ./lib/linux; mkdir ./lib/linux/obj; ); fi;
make[3]: Entering directory `/home/ualusr2011/ual1220/ual1/codes/TEAPOT/src'
if [ ! -d /home/ualusr2011/ual1220/ual1/codes/TEAPOT/include ] ; \
	then (mkdir /home/ualusr2011/ual1220/ual1/codes/TEAPOT/include;); fi;
(if [ !  -d /home/ualusr2011/ual1220/ual1/codes/TEAPOT/lib ]; \
	then mkdir  /home/ualusr2011/ual1220/ual1/codes/TEAPOT/lib; fi;)	
(if [ !  -d /home/ualusr2011/ual1220/ual1/codes/TEAPOT/lib/linux ]; \
	then mkdir  /home/ualusr2011/ual1220/ual1/codes/TEAPOT/lib/linux; fi;)
(if [ !  -d /home/ualusr2011/ual1220/ual1/codes/TEAPOT/lib/linux/obj ]; \
	then mkdir  /home/ualusr2011/ual1220/ual1/codes/TEAPOT/lib/linux/obj; fi;)
make[4]: Entering directory `/home/ualusr2011/ual1220/ual1/codes/TEAPOT/src/Math'
g++                                     -g -fpic  -O0 -fno-inline -Wall  -Wno-deprecated       -I/home/ualusr2011/ual1220/ual1/codes/TEAPOT/src -I/home/ualusr2011/ual1220/ual1/codes/PAC/src  -I/home/ualusr2011/ual1220/ual1/codes/UAL/include -I/home/ualusr2011/ual1220/ual1/codes/ZLIB/src -c TeapotVector.cc -o /home/ualusr2011/ual1220/ual1/codes/TEAPOT/lib/linux/obj/TeapotVector.o;
g++                                     -g -fpic  -O0 -fno-inline -Wall  -Wno-deprecated       -I/home/ualusr2011/ual1220/ual1/codes/TEAPOT/src -I/home/ualusr2011/ual1220/ual1/codes/PAC/src  -I/home/ualusr2011/ual1220/ual1/codes/UAL/include -I/home/ualusr2011/ual1220/ual1/codes/ZLIB/src -c TeapotMatrix.cc -o /home/ualusr2011/ual1220/ual1/codes/TEAPOT/lib/linux/obj/TeapotMatrix.o;
g++                                     -g -fpic  -O0 -fno-inline -Wall  -Wno-deprecated       -I/home/ualusr2011/ual1220/ual1/codes/TEAPOT/src -I/home/ualusr2011/ual1220/ual1/codes/PAC/src  -I/home/ualusr2011/ual1220/ual1/codes/UAL/include -I/home/ualusr2011/ual1220/ual1/codes/ZLIB/src -c TeapotEigenBasis.cc -o /home/ualusr2011/ual1220/ual1/codes/TEAPOT/lib/linux/obj/TeapotEigenBasis.o;
g++                                     -g -fpic  -O0 -fno-inline -Wall  -Wno-deprecated       -I/home/ualusr2011/ual1220/ual1/codes/TEAPOT/src -I/home/ualusr2011/ual1220/ual1/codes/PAC/src  -I/home/ualusr2011/ual1220/ual1/codes/UAL/include -I/home/ualusr2011/ual1220/ual1/codes/ZLIB/src -c TeapotRandomGenerator.cc -o /home/ualusr2011/ual1220/ual1/codes/TEAPOT/lib/linux/obj/TeapotRandomGenerator.o;
make[4]: Leaving directory `/home/ualusr2011/ual1220/ual1/codes/TEAPOT/src/Math'
make[4]: Entering directory `/home/ualusr2011/ual1220/ual1/codes/TEAPOT/src/Integrator'
g++                                     -g -fpic  -O0 -fno-inline -Wall  -Wno-deprecated       -I/home/ualusr2011/ual1220/ual1/codes/TEAPOT/src -I/home/ualusr2011/ual1220/ual1/codes/PAC/src  -I/home/ualusr2011/ual1220/ual1/codes/UAL/include -I/home/ualusr2011/ual1220/ual1/codes/ZLIB/src -c TeapotElemSlice.cc -o /home/ualusr2011/ual1220/ual1/codes/TEAPOT/lib/linux/obj/TeapotElemSlice.o;
g++                                     -g -fpic  -O0 -fno-inline -Wall  -Wno-deprecated       -I/home/ualusr2011/ual1220/ual1/codes/TEAPOT/src -I/home/ualusr2011/ual1220/ual1/codes/PAC/src  -I/home/ualusr2011/ual1220/ual1/codes/UAL/include -I/home/ualusr2011/ual1220/ual1/codes/ZLIB/src -c TeapotElemBend.cc -o /home/ualusr2011/ual1220/ual1/codes/TEAPOT/lib/linux/obj/TeapotElemBend.o;
g++                                     -g -fpic  -O0 -fno-inline -Wall  -Wno-deprecated       -I/home/ualusr2011/ual1220/ual1/codes/TEAPOT/src -I/home/ualusr2011/ual1220/ual1/codes/PAC/src  -I/home/ualusr2011/ual1220/ual1/codes/UAL/include -I/home/ualusr2011/ual1220/ual1/codes/ZLIB/src -c TeapotElemRotation.cc -o /home/ualusr2011/ual1220/ual1/codes/TEAPOT/lib/linux/obj/TeapotElemRotation.o;
g++                                     -g -fpic  -O0 -fno-inline -Wall  -Wno-deprecated       -I/home/ualusr2011/ual1220/ual1/codes/TEAPOT/src -I/home/ualusr2011/ual1220/ual1/codes/PAC/src  -I/home/ualusr2011/ual1220/ual1/codes/UAL/include -I/home/ualusr2011/ual1220/ual1/codes/ZLIB/src -c TeapotElement.cc -o /home/ualusr2011/ual1220/ual1/codes/TEAPOT/lib/linux/obj/TeapotElement.o;
In file included from /home/ualusr2011/ual1220/ual1/codes/PAC/src/Templates/PacOrderedList.h:6:0,
                 from /home/ualusr2011/ual1220/ual1/codes/PAC/src/SMF/PacElemAttributes.h:12,
                 from /home/ualusr2011/ual1220/ual1/codes/PAC/src/SMF/PacElemPart.h:10,
                 from /home/ualusr2011/ual1220/ual1/codes/PAC/src/SMF/PacGenElement.h:16,
                 from /home/ualusr2011/ual1220/ual1/codes/PAC/src/SMF/PacLattElement.h:12,
                 from /home/ualusr2011/ual1220/ual1/codes/TEAPOT/src/Integrator/TeapotElement.h:9,
                 from TeapotElement.cc:12:
/home/ualusr2011/ual1220/ual1/codes/PAC/src/Templates/PacRbTree.h: In member function ‘std::pair<std::_Rb_tree_iterator<_Val>, bool> PacRbTree<_Key, _Value, _KeyOfValue, _Compare, _Alloc>::insert_unique(const _Val&)’:
/home/ualusr2011/ual1220/ual1/codes/PAC/src/Templates/PacRbTree.h:76:10: warning: suggest explicit braces to avoid ambiguous ‘else’ [-Wparentheses]
       if (__comp)
          ^
g++                                     -g -fpic  -O0 -fno-inline -Wall  -Wno-deprecated       -I/home/ualusr2011/ual1220/ual1/codes/TEAPOT/src -I/home/ualusr2011/ual1220/ual1/codes/PAC/src  -I/home/ualusr2011/ual1220/ual1/codes/UAL/include -I/home/ualusr2011/ual1220/ual1/codes/ZLIB/src -c TeapotIntegrator.cc -o /home/ualusr2011/ual1220/ual1/codes/TEAPOT/lib/linux/obj/TeapotIntegrator.o;
In file included from /home/ualusr2011/ual1220/ual1/codes/PAC/src/Templates/PacOrderedList.h:6:0,
                 from /home/ualusr2011/ual1220/ual1/codes/PAC/src/SMF/PacElemAttributes.h:12,
                 from /home/ualusr2011/ual1220/ual1/codes/PAC/src/SMF/PacElemPart.h:10,
                 from /home/ualusr2011/ual1220/ual1/codes/PAC/src/SMF/PacGenElement.h:16,
                 from /home/ualusr2011/ual1220/ual1/codes/PAC/src/SMF/PacLattElement.h:12,
                 from /home/ualusr2011/ual1220/ual1/codes/TEAPOT/src/Integrator/TeapotElement.h:9,
                 from /home/ualusr2011/ual1220/ual1/codes/TEAPOT/src/Integrator/TeapotEngine.h:22,
                 from /home/ualusr2011/ual1220/ual1/codes/TEAPOT/src/Integrator/TeapotIntegrator.h:9,
                 from TeapotIntegrator.cc:7:
/home/ualusr2011/ual1220/ual1/codes/PAC/src/Templates/PacRbTree.h: In member function ‘std::pair<std::_Rb_tree_iterator<_Val>, bool> PacRbTree<_Key, _Value, _KeyOfValue, _Compare, _Alloc>::insert_unique(const _Val&)’:
/home/ualusr2011/ual1220/ual1/codes/PAC/src/Templates/PacRbTree.h:76:10: warning: suggest explicit braces to avoid ambiguous ‘else’ [-Wparentheses]
       if (__comp)
          ^
g++                                     -g -fpic  -O0 -fno-inline -Wall  -Wno-deprecated       -I/home/ualusr2011/ual1220/ual1/codes/TEAPOT/src -I/home/ualusr2011/ual1220/ual1/codes/PAC/src  -I/home/ualusr2011/ual1220/ual1/codes/UAL/include -I/home/ualusr2011/ual1220/ual1/codes/ZLIB/src -c TeapotDAIntegrator.cc -o /home/ualusr2011/ual1220/ual1/codes/TEAPOT/lib/linux/obj/TeapotDAIntegrator.o;
In file included from /home/ualusr2011/ual1220/ual1/codes/PAC/src/Templates/PacOrderedList.h:6:0,
                 from /home/ualusr2011/ual1220/ual1/codes/PAC/src/SMF/PacElemAttributes.h:12,
                 from /home/ualusr2011/ual1220/ual1/codes/PAC/src/SMF/PacElemPart.h:10,
                 from /home/ualusr2011/ual1220/ual1/codes/PAC/src/SMF/PacGenElement.h:16,
                 from /home/ualusr2011/ual1220/ual1/codes/PAC/src/SMF/PacLattElement.h:12,
                 from /home/ualusr2011/ual1220/ual1/codes/TEAPOT/src/Integrator/TeapotElement.h:9,
                 from /home/ualusr2011/ual1220/ual1/codes/TEAPOT/src/Integrator/TeapotEngine.h:22,
                 from /home/ualusr2011/ual1220/ual1/codes/TEAPOT/src/Integrator/TeapotDAIntegrator.h:9,
                 from TeapotDAIntegrator.cc:7:
/home/ualusr2011/ual1220/ual1/codes/PAC/src/Templates/PacRbTree.h: In member function ‘std::pair<std::_Rb_tree_iterator<_Val>, bool> PacRbTree<_Key, _Value, _KeyOfValue, _Compare, _Alloc>::insert_unique(const _Val&)’:
/home/ualusr2011/ual1220/ual1/codes/PAC/src/Templates/PacRbTree.h:76:10: warning: suggest explicit braces to avoid ambiguous ‘else’ [-Wparentheses]
       if (__comp)
          ^
make[4]: Leaving directory `/home/ualusr2011/ual1220/ual1/codes/TEAPOT/src/Integrator'
make[4]: Entering directory `/home/ualusr2011/ual1220/ual1/codes/TEAPOT/src/Main'
g++                                     -g -fpic  -O0 -fno-inline -Wall  -Wno-deprecated       -I/home/ualusr2011/ual1220/ual1/codes/TEAPOT/src -I/home/ualusr2011/ual1220/ual1/codes/PAC/src  -I/home/ualusr2011/ual1220/ual1/codes/UAL/include -I/home/ualusr2011/ual1220/ual1/codes/ZLIB/src -c TeapotMapService.cc -o /home/ualusr2011/ual1220/ual1/codes/TEAPOT/lib/linux/obj/TeapotMapService.o;
In file included from /home/ualusr2011/ual1220/ual1/codes/PAC/src/Templates/PacOrderedList.h:6:0,
                 from /home/ualusr2011/ual1220/ual1/codes/PAC/src/SMF/PacElemAttributes.h:12,
                 from /home/ualusr2011/ual1220/ual1/codes/PAC/src/SMF/PacElemPart.h:10,
                 from /home/ualusr2011/ual1220/ual1/codes/PAC/src/SMF/PacGenElement.h:16,
                 from /home/ualusr2011/ual1220/ual1/codes/PAC/src/SMF/PacLattElement.h:12,
                 from /home/ualusr2011/ual1220/ual1/codes/TEAPOT/src/Integrator/TeapotElement.h:9,
                 from /home/ualusr2011/ual1220/ual1/codes/TEAPOT/src/Integrator/TeapotEngine.h:22,
                 from /home/ualusr2011/ual1220/ual1/codes/TEAPOT/src/Integrator/TeapotDAIntegrator.h:9,
                 from TeapotMapService.cc:6:
/home/ualusr2011/ual1220/ual1/codes/PAC/src/Templates/PacRbTree.h: In member function ‘std::pair<std::_Rb_tree_iterator<_Val>, bool> PacRbTree<_Key, _Value, _KeyOfValue, _Compare, _Alloc>::insert_unique(const _Val&)’:
/home/ualusr2011/ual1220/ual1/codes/PAC/src/Templates/PacRbTree.h:76:10: warning: suggest explicit braces to avoid ambiguous ‘else’ [-Wparentheses]
       if (__comp)
          ^
g++                                     -g -fpic  -O0 -fno-inline -Wall  -Wno-deprecated       -I/home/ualusr2011/ual1220/ual1/codes/TEAPOT/src -I/home/ualusr2011/ual1220/ual1/codes/PAC/src  -I/home/ualusr2011/ual1220/ual1/codes/UAL/include -I/home/ualusr2011/ual1220/ual1/codes/ZLIB/src -c TeapotTrackService.cc -o /home/ualusr2011/ual1220/ual1/codes/TEAPOT/lib/linux/obj/TeapotTrackService.o;
In file included from /home/ualusr2011/ual1220/ual1/codes/PAC/src/Templates/PacOrderedList.h:6:0,
                 from /home/ualusr2011/ual1220/ual1/codes/PAC/src/SMF/PacElemAttributes.h:12,
                 from /home/ualusr2011/ual1220/ual1/codes/PAC/src/SMF/PacElemPart.h:10,
                 from /home/ualusr2011/ual1220/ual1/codes/PAC/src/SMF/PacGenElement.h:16,
                 from /home/ualusr2011/ual1220/ual1/codes/PAC/src/SMF/PacLattElement.h:12,
                 from /home/ualusr2011/ual1220/ual1/codes/TEAPOT/src/Integrator/TeapotElement.h:9,
                 from /home/ualusr2011/ual1220/ual1/codes/TEAPOT/src/Integrator/TeapotEngine.h:22,
                 from /home/ualusr2011/ual1220/ual1/codes/TEAPOT/src/Integrator/TeapotIntegrator.h:9,
                 from TeapotTrackService.cc:6:
/home/ualusr2011/ual1220/ual1/codes/PAC/src/Templates/PacRbTree.h: In member function ‘std::pair<std::_Rb_tree_iterator<_Val>, bool> PacRbTree<_Key, _Value, _KeyOfValue, _Compare, _Alloc>::insert_unique(const _Val&)’:
/home/ualusr2011/ual1220/ual1/codes/PAC/src/Templates/PacRbTree.h:76:10: warning: suggest explicit braces to avoid ambiguous ‘else’ [-Wparentheses]
       if (__comp)
          ^
g++                                     -g -fpic  -O0 -fno-inline -Wall  -Wno-deprecated       -I/home/ualusr2011/ual1220/ual1/codes/TEAPOT/src -I/home/ualusr2011/ual1220/ual1/codes/PAC/src  -I/home/ualusr2011/ual1220/ual1/codes/UAL/include -I/home/ualusr2011/ual1220/ual1/codes/ZLIB/src -c TeapotMatrixService.cc -o /home/ualusr2011/ual1220/ual1/codes/TEAPOT/lib/linux/obj/TeapotMatrixService.o;
In file included from /home/ualusr2011/ual1220/ual1/codes/PAC/src/Templates/PacOrderedList.h:6:0,
                 from /home/ualusr2011/ual1220/ual1/codes/PAC/src/SMF/PacElemAttributes.h:12,
                 from /home/ualusr2011/ual1220/ual1/codes/PAC/src/SMF/PacElemPart.h:10,
                 from /home/ualusr2011/ual1220/ual1/codes/PAC/src/SMF/PacGenElement.h:16,
                 from /home/ualusr2011/ual1220/ual1/codes/PAC/src/SMF/PacLattElement.h:12,
                 from /home/ualusr2011/ual1220/ual1/codes/TEAPOT/src/Integrator/TeapotElement.h:9,
                 from /home/ualusr2011/ual1220/ual1/codes/TEAPOT/src/Integrator/TeapotEngine.h:22,
                 from /home/ualusr2011/ual1220/ual1/codes/TEAPOT/src/Integrator/TeapotIntegrator.h:9,
                 from /home/ualusr2011/ual1220/ual1/codes/TEAPOT/src/Main/TeapotMatrixService.h:12,
                 from TeapotMatrixService.cc:8:
/home/ualusr2011/ual1220/ual1/codes/PAC/src/Templates/PacRbTree.h: In member function ‘std::pair<std::_Rb_tree_iterator<_Val>, bool> PacRbTree<_Key, _Value, _KeyOfValue, _Compare, _Alloc>::insert_unique(const _Val&)’:
/home/ualusr2011/ual1220/ual1/codes/PAC/src/Templates/PacRbTree.h:76:10: warning: suggest explicit braces to avoid ambiguous ‘else’ [-Wparentheses]
       if (__comp)
          ^
g++                                     -g -fpic  -O0 -fno-inline -Wall  -Wno-deprecated       -I/home/ualusr2011/ual1220/ual1/codes/TEAPOT/src -I/home/ualusr2011/ual1220/ual1/codes/PAC/src  -I/home/ualusr2011/ual1220/ual1/codes/UAL/include -I/home/ualusr2011/ual1220/ual1/codes/ZLIB/src -c TeapotClOrbitService.cc -o /home/ualusr2011/ual1220/ual1/codes/TEAPOT/lib/linux/obj/TeapotClOrbitService.o;
In file included from /home/ualusr2011/ual1220/ual1/codes/PAC/src/Templates/PacOrderedList.h:6:0,
                 from /home/ualusr2011/ual1220/ual1/codes/PAC/src/SMF/PacElemAttributes.h:12,
                 from /home/ualusr2011/ual1220/ual1/codes/PAC/src/SMF/PacElemPart.h:10,
                 from /home/ualusr2011/ual1220/ual1/codes/PAC/src/SMF/PacGenElement.h:16,
                 from /home/ualusr2011/ual1220/ual1/codes/PAC/src/SMF/PacLattElement.h:12,
                 from /home/ualusr2011/ual1220/ual1/codes/TEAPOT/src/Integrator/TeapotElement.h:9,
                 from /home/ualusr2011/ual1220/ual1/codes/TEAPOT/src/Integrator/TeapotEngine.h:22,
                 from /home/ualusr2011/ual1220/ual1/codes/TEAPOT/src/Integrator/TeapotIntegrator.h:9,
                 from TeapotClOrbitService.cc:6:
/home/ualusr2011/ual1220/ual1/codes/PAC/src/Templates/PacRbTree.h: In member function ‘std::pair<std::_Rb_tree_iterator<_Val>, bool> PacRbTree<_Key, _Value, _KeyOfValue, _Compare, _Alloc>::insert_unique(const _Val&)’:
/home/ualusr2011/ual1220/ual1/codes/PAC/src/Templates/PacRbTree.h:76:10: warning: suggest explicit braces to avoid ambiguous ‘else’ [-Wparentheses]
       if (__comp)
          ^
TeapotClOrbitService.cc: In member function ‘void TeapotClOrbitService::knkmath(const PacTwissData&, char)’:
TeapotClOrbitService.cc:462:25: warning: variable ‘rmsx’ set but not used [-Wunused-but-set-variable]
   double badness = 0.0, rmsx;
                         ^
g++                                     -g -fpic  -O0 -fno-inline -Wall  -Wno-deprecated       -I/home/ualusr2011/ual1220/ual1/codes/TEAPOT/src -I/home/ualusr2011/ual1220/ual1/codes/PAC/src  -I/home/ualusr2011/ual1220/ual1/codes/UAL/include -I/home/ualusr2011/ual1220/ual1/codes/ZLIB/src -c TeapotTwissService.cc -o /home/ualusr2011/ual1220/ual1/codes/TEAPOT/lib/linux/obj/TeapotTwissService.o;
In file included from /home/ualusr2011/ual1220/ual1/codes/PAC/src/Templates/PacOrderedList.h:6:0,
                 from /home/ualusr2011/ual1220/ual1/codes/PAC/src/SMF/PacElemAttributes.h:12,
                 from /home/ualusr2011/ual1220/ual1/codes/PAC/src/SMF/PacElemPart.h:10,
                 from /home/ualusr2011/ual1220/ual1/codes/PAC/src/SMF/PacGenElement.h:16,
                 from /home/ualusr2011/ual1220/ual1/codes/PAC/src/SMF/PacLattElement.h:12,
                 from /home/ualusr2011/ual1220/ual1/codes/TEAPOT/src/Integrator/TeapotElement.h:9,
                 from /home/ualusr2011/ual1220/ual1/codes/TEAPOT/src/Integrator/TeapotEngine.h:22,
                 from /home/ualusr2011/ual1220/ual1/codes/TEAPOT/src/Integrator/TeapotIntegrator.h:9,
                 from /home/ualusr2011/ual1220/ual1/codes/TEAPOT/src/Main/TeapotMatrixService.h:12,
                 from TeapotTwissService.cc:7:
/home/ualusr2011/ual1220/ual1/codes/PAC/src/Templates/PacRbTree.h: In member function ‘std::pair<std::_Rb_tree_iterator<_Val>, bool> PacRbTree<_Key, _Value, _KeyOfValue, _Compare, _Alloc>::insert_unique(const _Val&)’:
/home/ualusr2011/ual1220/ual1/codes/PAC/src/Templates/PacRbTree.h:76:10: warning: suggest explicit braces to avoid ambiguous ‘else’ [-Wparentheses]
       if (__comp)
          ^
g++                                     -g -fpic  -O0 -fno-inline -Wall  -Wno-deprecated       -I/home/ualusr2011/ual1220/ual1/codes/TEAPOT/src -I/home/ualusr2011/ual1220/ual1/codes/PAC/src  -I/home/ualusr2011/ual1220/ual1/codes/UAL/include -I/home/ualusr2011/ual1220/ual1/codes/ZLIB/src -c TeapotChromService.cc -o /home/ualusr2011/ual1220/ual1/codes/TEAPOT/lib/linux/obj/TeapotChromService.o;
In file included from /home/ualusr2011/ual1220/ual1/codes/PAC/src/Templates/PacOrderedList.h:6:0,
                 from /home/ualusr2011/ual1220/ual1/codes/PAC/src/SMF/PacElemAttributes.h:12,
                 from /home/ualusr2011/ual1220/ual1/codes/PAC/src/SMF/PacElemPart.h:10,
                 from /home/ualusr2011/ual1220/ual1/codes/PAC/src/SMF/PacGenElement.h:16,
                 from /home/ualusr2011/ual1220/ual1/codes/PAC/src/SMF/PacLattElement.h:12,
                 from /home/ualusr2011/ual1220/ual1/codes/TEAPOT/src/Integrator/TeapotElement.h:9,
                 from /home/ualusr2011/ual1220/ual1/codes/TEAPOT/src/Integrator/TeapotEngine.h:22,
                 from /home/ualusr2011/ual1220/ual1/codes/TEAPOT/src/Integrator/TeapotIntegrator.h:9,
                 from /home/ualusr2011/ual1220/ual1/codes/TEAPOT/src/Main/TeapotMatrixService.h:12,
                 from TeapotChromService.cc:8:
/home/ualusr2011/ual1220/ual1/codes/PAC/src/Templates/PacRbTree.h: In member function ‘std::pair<std::_Rb_tree_iterator<_Val>, bool> PacRbTree<_Key, _Value, _KeyOfValue, _Compare, _Alloc>::insert_unique(const _Val&)’:
/home/ualusr2011/ual1220/ual1/codes/PAC/src/Templates/PacRbTree.h:76:10: warning: suggest explicit braces to avoid ambiguous ‘else’ [-Wparentheses]
       if (__comp)
          ^
g++                                     -g -fpic  -O0 -fno-inline -Wall  -Wno-deprecated       -I/home/ualusr2011/ual1220/ual1/codes/TEAPOT/src -I/home/ualusr2011/ual1220/ual1/codes/PAC/src  -I/home/ualusr2011/ual1220/ual1/codes/UAL/include -I/home/ualusr2011/ual1220/ual1/codes/ZLIB/src -c TeapotEigenService.cc -o /home/ualusr2011/ual1220/ual1/codes/TEAPOT/lib/linux/obj/TeapotEigenService.o;
In file included from /home/ualusr2011/ual1220/ual1/codes/PAC/src/SMF/PacElemKeys.h:4:0,
                 from /home/ualusr2011/ual1220/ual1/codes/PAC/src/SMF/PacSmf.h:10,
                 from /home/ualusr2011/ual1220/ual1/codes/TEAPOT/src/Main/Teapot.h:9,
                 from TeapotEigenService.cc:9:
/home/ualusr2011/ual1220/ual1/codes/PAC/src/Templates/PacRbTree.h: In member function ‘std::pair<std::_Rb_tree_iterator<_Val>, bool> PacRbTree<_Key, _Value, _KeyOfValue, _Compare, _Alloc>::insert_unique(const _Val&)’:
/home/ualusr2011/ual1220/ual1/codes/PAC/src/Templates/PacRbTree.h:76:10: warning: suggest explicit braces to avoid ambiguous ‘else’ [-Wparentheses]
       if (__comp)
          ^
g++                                     -g -fpic  -O0 -fno-inline -Wall  -Wno-deprecated       -I/home/ualusr2011/ual1220/ual1/codes/TEAPOT/src -I/home/ualusr2011/ual1220/ual1/codes/PAC/src  -I/home/ualusr2011/ual1220/ual1/codes/UAL/include -I/home/ualusr2011/ual1220/ual1/codes/ZLIB/src -c SlidingBumps.cc -o /home/ualusr2011/ual1220/ual1/codes/TEAPOT/lib/linux/obj/SlidingBumps.o;
In file included from /home/ualusr2011/ual1220/ual1/codes/PAC/src/Templates/PacOrderedList.h:6:0,
                 from /home/ualusr2011/ual1220/ual1/codes/PAC/src/SMF/PacElemAttributes.h:12,
                 from /home/ualusr2011/ual1220/ual1/codes/PAC/src/SMF/PacElemPart.h:10,
                 from /home/ualusr2011/ual1220/ual1/codes/PAC/src/SMF/PacGenElement.h:16,
                 from /home/ualusr2011/ual1220/ual1/codes/PAC/src/SMF/PacLattElement.h:12,
                 from /home/ualusr2011/ual1220/ual1/codes/TEAPOT/src/Integrator/TeapotElement.h:9,
                 from /home/ualusr2011/ual1220/ual1/codes/TEAPOT/src/Integrator/TeapotEngine.h:22,
                 from /home/ualusr2011/ual1220/ual1/codes/TEAPOT/src/Integrator/TeapotIntegrator.h:9,
                 from /home/ualusr2011/ual1220/ual1/codes/TEAPOT/src/Main/TeapotMatrixService.h:12,
                 from SlidingBumps.h:4,
                 from SlidingBumps.cc:1:
/home/ualusr2011/ual1220/ual1/codes/PAC/src/Templates/PacRbTree.h: In member function ‘std::pair<std::_Rb_tree_iterator<_Val>, bool> PacRbTree<_Key, _Value, _KeyOfValue, _Compare, _Alloc>::insert_unique(const _Val&)’:
/home/ualusr2011/ual1220/ual1/codes/PAC/src/Templates/PacRbTree.h:76:10: warning: suggest explicit braces to avoid ambiguous ‘else’ [-Wparentheses]
       if (__comp)
          ^
g++                                     -g -fpic  -O0 -fno-inline -Wall  -Wno-deprecated       -I/home/ualusr2011/ual1220/ual1/codes/TEAPOT/src -I/home/ualusr2011/ual1220/ual1/codes/PAC/src  -I/home/ualusr2011/ual1220/ual1/codes/UAL/include -I/home/ualusr2011/ual1220/ual1/codes/ZLIB/src -c TeapotFirstTurnService.cc -o /home/ualusr2011/ual1220/ual1/codes/TEAPOT/lib/linux/obj/TeapotFirstTurnService.o;
In file included from /home/ualusr2011/ual1220/ual1/codes/PAC/src/Templates/PacOrderedList.h:6:0,
                 from /home/ualusr2011/ual1220/ual1/codes/PAC/src/SMF/PacElemAttributes.h:12,
                 from /home/ualusr2011/ual1220/ual1/codes/PAC/src/SMF/PacElemPart.h:10,
                 from /home/ualusr2011/ual1220/ual1/codes/PAC/src/SMF/PacGenElement.h:16,
                 from /home/ualusr2011/ual1220/ual1/codes/PAC/src/SMF/PacLattElement.h:12,
                 from /home/ualusr2011/ual1220/ual1/codes/TEAPOT/src/Integrator/TeapotElement.h:9,
                 from /home/ualusr2011/ual1220/ual1/codes/TEAPOT/src/Integrator/TeapotEngine.h:22,
                 from /home/ualusr2011/ual1220/ual1/codes/TEAPOT/src/Integrator/TeapotIntegrator.h:9,
                 from TeapotFirstTurnService.cc:6:
/home/ualusr2011/ual1220/ual1/codes/PAC/src/Templates/PacRbTree.h: In member function ‘std::pair<std::_Rb_tree_iterator<_Val>, bool> PacRbTree<_Key, _Value, _KeyOfValue, _Compare, _Alloc>::insert_unique(const _Val&)’:
/home/ualusr2011/ual1220/ual1/codes/PAC/src/Templates/PacRbTree.h:76:10: warning: suggest explicit braces to avoid ambiguous ‘else’ [-Wparentheses]
       if (__comp)
          ^
g++                                     -g -fpic  -O0 -fno-inline -Wall  -Wno-deprecated       -I/home/ualusr2011/ual1220/ual1/codes/TEAPOT/src -I/home/ualusr2011/ual1220/ual1/codes/PAC/src  -I/home/ualusr2011/ual1220/ual1/codes/UAL/include -I/home/ualusr2011/ual1220/ual1/codes/ZLIB/src -c Teapot.cc -o /home/ualusr2011/ual1220/ual1/codes/TEAPOT/lib/linux/obj/Teapot.o;
In file included from /home/ualusr2011/ual1220/ual1/codes/PAC/src/SMF/PacElemKeys.h:4:0,
                 from /home/ualusr2011/ual1220/ual1/codes/PAC/src/SMF/PacSmf.h:10,
                 from /home/ualusr2011/ual1220/ual1/codes/TEAPOT/src/Main/Teapot.h:9,
                 from Teapot.cc:9:
/home/ualusr2011/ual1220/ual1/codes/PAC/src/Templates/PacRbTree.h: In member function ‘std::pair<std::_Rb_tree_iterator<_Val>, bool> PacRbTree<_Key, _Value, _KeyOfValue, _Compare, _Alloc>::insert_unique(const _Val&)’:
/home/ualusr2011/ual1220/ual1/codes/PAC/src/Templates/PacRbTree.h:76:10: warning: suggest explicit braces to avoid ambiguous ‘else’ [-Wparentheses]
       if (__comp)
          ^
make[4]: Leaving directory `/home/ualusr2011/ual1220/ual1/codes/TEAPOT/src/Main'
make[4]: Entering directory `/home/ualusr2011/ual1220/ual1/codes/TEAPOT/src/TEAPOT'
if [ ! -d /home/ualusr2011/ual1220/ual1/codes/TEAPOT/include/TEAPOT ] ; \
	then (mkdir /home/ualusr2011/ual1220/ual1/codes/TEAPOT/include/TEAPOT;); fi;	
make[5]: Entering directory `/home/ualusr2011/ual1220/ual1/codes/TEAPOT/src/TEAPOT/Base'
(if [ !  -d /home/ualusr2011/ual1220/ual1/codes/TEAPOT/include/TEAPOT/Base ]; \
	then mkdir /home/ualusr2011/ual1220/ual1/codes/TEAPOT/include/TEAPOT/Base; fi;)
cp *.hh /home/ualusr2011/ual1220/ual1/codes/TEAPOT/include/TEAPOT/Base/.	
make[5]: Leaving directory `/home/ualusr2011/ual1220/ual1/codes/TEAPOT/src/TEAPOT/Base'
make[5]: Entering directory `/home/ualusr2011/ual1220/ual1/codes/TEAPOT/src/TEAPOT/Integrator'
g++                                     -g -fpic  -O0 -fno-inline -Wall  -Wno-deprecated       -I/home/ualusr2011/ual1220/ual1/codes/TEAPOT/src -I/home/ualusr2011/ual1220/ual1/codes/PAC/src  -I/home/ualusr2011/ual1220/ual1/codes/UAL/include -I/home/ualusr2011/ual1220/ual1/codes/ZLIB/src -I/home/ualusr2011/ual1220/ual1/codes/PAC/include/ -c ElemSlice.cc -o /home/ualusr2011/ual1220/ual1/codes/TEAPOT/lib/linux/obj/ElemSlice.o;
g++                                     -g -fpic  -O0 -fno-inline -Wall  -Wno-deprecated       -I/home/ualusr2011/ual1220/ual1/codes/TEAPOT/src -I/home/ualusr2011/ual1220/ual1/codes/PAC/src  -I/home/ualusr2011/ual1220/ual1/codes/UAL/include -I/home/ualusr2011/ual1220/ual1/codes/ZLIB/src -I/home/ualusr2011/ual1220/ual1/codes/PAC/include/ -c DipoleData.cc -o /home/ualusr2011/ual1220/ual1/codes/TEAPOT/lib/linux/obj/DipoleData.o;
In file included from /home/ualusr2011/ual1220/ual1/codes/PAC/src/Templates/PacOrderedList.h:6:0,
                 from /home/ualusr2011/ual1220/ual1/codes/PAC/src/SMF/PacElemAttributes.h:12,
                 from DipoleData.cc:9:
/home/ualusr2011/ual1220/ual1/codes/PAC/src/Templates/PacRbTree.h: In member function ‘std::pair<std::_Rb_tree_iterator<_Val>, bool> PacRbTree<_Key, _Value, _KeyOfValue, _Compare, _Alloc>::insert_unique(const _Val&)’:
/home/ualusr2011/ual1220/ual1/codes/PAC/src/Templates/PacRbTree.h:76:10: warning: suggest explicit braces to avoid ambiguous ‘else’ [-Wparentheses]
       if (__comp)
          ^
g++                                     -g -fpic  -O0 -fno-inline -Wall  -Wno-deprecated       -I/home/ualusr2011/ual1220/ual1/codes/TEAPOT/src -I/home/ualusr2011/ual1220/ual1/codes/PAC/src  -I/home/ualusr2011/ual1220/ual1/codes/UAL/include -I/home/ualusr2011/ual1220/ual1/codes/ZLIB/src -I/home/ualusr2011/ual1220/ual1/codes/PAC/include/ -c MagnetData.cc -o /home/ualusr2011/ual1220/ual1/codes/TEAPOT/lib/linux/obj/MagnetData.o;
In file included from /home/ualusr2011/ual1220/ual1/codes/PAC/src/Templates/PacOrderedList.h:6:0,
                 from /home/ualusr2011/ual1220/ual1/codes/PAC/src/SMF/PacElemAttributes.h:12,
                 from MagnetData.cc:9:
/home/ualusr2011/ual1220/ual1/codes/PAC/src/Templates/PacRbTree.h: In member function ‘std::pair<std::_Rb_tree_iterator<_Val>, bool> PacRbTree<_Key, _Value, _KeyOfValue, _Compare, _Alloc>::insert_unique(const _Val&)’:
/home/ualusr2011/ual1220/ual1/codes/PAC/src/Templates/PacRbTree.h:76:10: warning: suggest explicit braces to avoid ambiguous ‘else’ [-Wparentheses]
       if (__comp)
          ^
g++                                     -g -fpic  -O0 -fno-inline -Wall  -Wno-deprecated       -I/home/ualusr2011/ual1220/ual1/codes/TEAPOT/src -I/home/ualusr2011/ual1220/ual1/codes/PAC/src  -I/home/ualusr2011/ual1220/ual1/codes/UAL/include -I/home/ualusr2011/ual1220/ual1/codes/ZLIB/src -I/home/ualusr2011/ual1220/ual1/codes/PAC/include/ -c BasicPropagator.cc -o /home/ualusr2011/ual1220/ual1/codes/TEAPOT/lib/linux/obj/BasicPropagator.o;
In file included from /home/ualusr2011/ual1220/ual1/codes/PAC/src/Templates/PacOrderedList.h:6:0,
                 from /home/ualusr2011/ual1220/ual1/codes/PAC/src/SMF/PacElemAttributes.h:12,
                 from /home/ualusr2011/ual1220/ual1/codes/PAC/src/SMF/PacElemPart.h:10,
                 from /home/ualusr2011/ual1220/ual1/codes/PAC/src/SMF/PacGenElement.h:16,
                 from /home/ualusr2011/ual1220/ual1/codes/PAC/src/SMF/PacLattElement.h:12,
                 from /home/ualusr2011/ual1220/ual1/codes/TEAPOT/src/TEAPOT/Integrator/BasicPropagator.hh:11,
                 from BasicPropagator.cc:7:
/home/ualusr2011/ual1220/ual1/codes/PAC/src/Templates/PacRbTree.h: In member function ‘std::pair<std::_Rb_tree_iterator<_Val>, bool> PacRbTree<_Key, _Value, _KeyOfValue, _Compare, _Alloc>::insert_unique(const _Val&)’:
/home/ualusr2011/ual1220/ual1/codes/PAC/src/Templates/PacRbTree.h:76:10: warning: suggest explicit braces to avoid ambiguous ‘else’ [-Wparentheses]
       if (__comp)
          ^
g++                                     -g -fpic  -O0 -fno-inline -Wall  -Wno-deprecated       -I/home/ualusr2011/ual1220/ual1/codes/TEAPOT/src -I/home/ualusr2011/ual1220/ual1/codes/PAC/src  -I/home/ualusr2011/ual1220/ual1/codes/UAL/include -I/home/ualusr2011/ual1220/ual1/codes/ZLIB/src -I/home/ualusr2011/ual1220/ual1/codes/PAC/include/ -c BasicTracker.cc -o /home/ualusr2011/ual1220/ual1/codes/TEAPOT/lib/linux/obj/BasicTracker.o;
In file included from /home/ualusr2011/ual1220/ual1/codes/PAC/src/Templates/PacOrderedList.h:6:0,
                 from /home/ualusr2011/ual1220/ual1/codes/PAC/src/SMF/PacElemAttributes.h:12,
                 from /home/ualusr2011/ual1220/ual1/codes/PAC/src/SMF/PacElemPart.h:10,
                 from /home/ualusr2011/ual1220/ual1/codes/PAC/src/SMF/PacGenElement.h:16,
                 from /home/ualusr2011/ual1220/ual1/codes/PAC/src/SMF/PacLattElement.h:12,
                 from /home/ualusr2011/ual1220/ual1/codes/TEAPOT/src/TEAPOT/Integrator/BasicTracker.hh:13,
                 from BasicTracker.cc:7:
/home/ualusr2011/ual1220/ual1/codes/PAC/src/Templates/PacRbTree.h: In member function ‘std::pair<std::_Rb_tree_iterator<_Val>, bool> PacRbTree<_Key, _Value, _KeyOfValue, _Compare, _Alloc>::insert_unique(const _Val&)’:
/home/ualusr2011/ual1220/ual1/codes/PAC/src/Templates/PacRbTree.h:76:10: warning: suggest explicit braces to avoid ambiguous ‘else’ [-Wparentheses]
       if (__comp)
          ^
g++                                     -g -fpic  -O0 -fno-inline -Wall  -Wno-deprecated       -I/home/ualusr2011/ual1220/ual1/codes/TEAPOT/src -I/home/ualusr2011/ual1220/ual1/codes/PAC/src  -I/home/ualusr2011/ual1220/ual1/codes/UAL/include -I/home/ualusr2011/ual1220/ual1/codes/ZLIB/src -I/home/ualusr2011/ual1220/ual1/codes/PAC/include/ -c DriftTracker.cc -o /home/ualusr2011/ual1220/ual1/codes/TEAPOT/lib/linux/obj/DriftTracker.o;
In file included from /home/ualusr2011/ual1220/ual1/codes/PAC/src/Templates/PacOrderedList.h:6:0,
                 from /home/ualusr2011/ual1220/ual1/codes/PAC/src/SMF/PacElemAttributes.h:12,
                 from /home/ualusr2011/ual1220/ual1/codes/PAC/src/SMF/PacElemPart.h:10,
                 from /home/ualusr2011/ual1220/ual1/codes/PAC/src/SMF/PacGenElement.h:16,
                 from /home/ualusr2011/ual1220/ual1/codes/PAC/src/SMF/PacLine.h:12,
                 from /home/ualusr2011/ual1220/ual1/codes/PAC/src/SMF/PacLattice.h:14,
                 from DriftTracker.cc:9:
/home/ualusr2011/ual1220/ual1/codes/PAC/src/Templates/PacRbTree.h: In member function ‘std::pair<std::_Rb_tree_iterator<_Val>, bool> PacRbTree<_Key, _Value, _KeyOfValue, _Compare, _Alloc>::insert_unique(const _Val&)’:
/home/ualusr2011/ual1220/ual1/codes/PAC/src/Templates/PacRbTree.h:76:10: warning: suggest explicit braces to avoid ambiguous ‘else’ [-Wparentheses]
       if (__comp)
          ^
g++                                     -g -fpic  -O0 -fno-inline -Wall  -Wno-deprecated       -I/home/ualusr2011/ual1220/ual1/codes/TEAPOT/src -I/home/ualusr2011/ual1220/ual1/codes/PAC/src  -I/home/ualusr2011/ual1220/ual1/codes/UAL/include -I/home/ualusr2011/ual1220/ual1/codes/ZLIB/src -I/home/ualusr2011/ual1220/ual1/codes/PAC/include/ -c DipoleTracker.cc -o /home/ualusr2011/ual1220/ual1/codes/TEAPOT/lib/linux/obj/DipoleTracker.o;
In file included from /home/ualusr2011/ual1220/ual1/codes/PAC/src/Templates/PacOrderedList.h:6:0,
                 from /home/ualusr2011/ual1220/ual1/codes/PAC/src/SMF/PacElemAttributes.h:12,
                 from /home/ualusr2011/ual1220/ual1/codes/PAC/src/SMF/PacElemPart.h:10,
                 from /home/ualusr2011/ual1220/ual1/codes/PAC/src/SMF/PacGenElement.h:16,
                 from /home/ualusr2011/ual1220/ual1/codes/PAC/src/SMF/PacLine.h:12,
                 from /home/ualusr2011/ual1220/ual1/codes/PAC/src/SMF/PacLattice.h:14,
                 from DipoleTracker.cc:9:
/home/ualusr2011/ual1220/ual1/codes/PAC/src/Templates/PacRbTree.h: In member function ‘std::pair<std::_Rb_tree_iterator<_Val>, bool> PacRbTree<_Key, _Value, _KeyOfValue, _Compare, _Alloc>::insert_unique(const _Val&)’:
/home/ualusr2011/ual1220/ual1/codes/PAC/src/Templates/PacRbTree.h:76:10: warning: suggest explicit braces to avoid ambiguous ‘else’ [-Wparentheses]
       if (__comp)
          ^
g++                                     -g -fpic  -O0 -fno-inline -Wall  -Wno-deprecated       -I/home/ualusr2011/ual1220/ual1/codes/TEAPOT/src -I/home/ualusr2011/ual1220/ual1/codes/PAC/src  -I/home/ualusr2011/ual1220/ual1/codes/UAL/include -I/home/ualusr2011/ual1220/ual1/codes/ZLIB/src -I/home/ualusr2011/ual1220/ual1/codes/PAC/include/ -c MltTracker.cc -o /home/ualusr2011/ual1220/ual1/codes/TEAPOT/lib/linux/obj/MltTracker.o;
In file included from /home/ualusr2011/ual1220/ual1/codes/UAL/include/UAL/APF/PropagatorFactory.hh:10:0,
                 from MltTracker.cc:8:
/home/ualusr2011/ual1220/ual1/codes/UAL/include/UAL/APF/PropagatorNodePtr.hh: In destructor ‘virtual UAL::PropagatorNodePtr::CountHolder::~CountHolder()’:
/home/ualusr2011/ual1220/ual1/codes/UAL/include/UAL/APF/PropagatorNodePtr.hh:50:31: warning: deleting object of abstract class type ‘UAL::PropagatorNode’ which has non-virtual destructor will cause undefined behaviour [-Wdelete-non-virtual-dtor]
       ~CountHolder() { delete m_pointee; }
                               ^
In file included from /home/ualusr2011/ual1220/ual1/codes/PAC/src/Templates/PacOrderedList.h:6:0,
                 from /home/ualusr2011/ual1220/ual1/codes/PAC/src/SMF/PacElemAttributes.h:12,
                 from /home/ualusr2011/ual1220/ual1/codes/PAC/src/SMF/PacElemPart.h:10,
                 from /home/ualusr2011/ual1220/ual1/codes/PAC/src/SMF/PacGenElement.h:16,
                 from /home/ualusr2011/ual1220/ual1/codes/PAC/src/SMF/PacLine.h:12,
                 from /home/ualusr2011/ual1220/ual1/codes/PAC/src/SMF/PacLattice.h:14,
                 from /home/ualusr2011/ual1220/ual1/codes/TEAPOT/src/TEAPOT/Integrator/MltTracker.hh:11,
                 from MltTracker.cc:10:
/home/ualusr2011/ual1220/ual1/codes/PAC/src/Templates/PacRbTree.h: In member function ‘std::pair<std::_Rb_tree_iterator<_Val>, bool> PacRbTree<_Key, _Value, _KeyOfValue, _Compare, _Alloc>::insert_unique(const _Val&)’:
/home/ualusr2011/ual1220/ual1/codes/PAC/src/Templates/PacRbTree.h:76:10: warning: suggest explicit braces to avoid ambiguous ‘else’ [-Wparentheses]
       if (__comp)
          ^
g++                                     -g -fpic  -O0 -fno-inline -Wall  -Wno-deprecated       -I/home/ualusr2011/ual1220/ual1/codes/TEAPOT/src -I/home/ualusr2011/ual1220/ual1/codes/PAC/src  -I/home/ualusr2011/ual1220/ual1/codes/UAL/include -I/home/ualusr2011/ual1220/ual1/codes/ZLIB/src -I/home/ualusr2011/ual1220/ual1/codes/PAC/include/ -c TrackerFactory.cc -o /home/ualusr2011/ual1220/ual1/codes/TEAPOT/lib/linux/obj/TrackerFactory.o;
In file included from /home/ualusr2011/ual1220/ual1/codes/UAL/include/UAL/APF/PropagatorFactory.hh:10:0,
                 from TrackerFactory.cc:8:
/home/ualusr2011/ual1220/ual1/codes/UAL/include/UAL/APF/PropagatorNodePtr.hh: In destructor ‘virtual UAL::PropagatorNodePtr::CountHolder::~CountHolder()’:
/home/ualusr2011/ual1220/ual1/codes/UAL/include/UAL/APF/PropagatorNodePtr.hh:50:31: warning: deleting object of abstract class type ‘UAL::PropagatorNode’ which has non-virtual destructor will cause undefined behaviour [-Wdelete-non-virtual-dtor]
       ~CountHolder() { delete m_pointee; }
                               ^
In file included from /home/ualusr2011/ual1220/ual1/codes/PAC/src/Templates/PacOrderedList.h:6:0,
                 from /home/ualusr2011/ual1220/ual1/codes/PAC/src/SMF/PacElemAttributes.h:12,
                 from /home/ualusr2011/ual1220/ual1/codes/PAC/src/SMF/PacElemPart.h:10,
                 from /home/ualusr2011/ual1220/ual1/codes/PAC/src/SMF/PacGenElement.h:16,
                 from /home/ualusr2011/ual1220/ual1/codes/PAC/src/SMF/PacLattElement.h:12,
                 from /home/ualusr2011/ual1220/ual1/codes/TEAPOT/src/TEAPOT/Integrator/BasicTracker.hh:13,
                 from /home/ualusr2011/ual1220/ual1/codes/TEAPOT/src/TEAPOT/Integrator/DriftTracker.hh:10,
                 from /home/ualusr2011/ual1220/ual1/codes/TEAPOT/src/TEAPOT/Integrator/TrackerFactory.hh:13,
                 from TrackerFactory.cc:9:
/home/ualusr2011/ual1220/ual1/codes/PAC/src/Templates/PacRbTree.h: In member function ‘std::pair<std::_Rb_tree_iterator<_Val>, bool> PacRbTree<_Key, _Value, _KeyOfValue, _Compare, _Alloc>::insert_unique(const _Val&)’:
/home/ualusr2011/ual1220/ual1/codes/PAC/src/Templates/PacRbTree.h:76:10: warning: suggest explicit braces to avoid ambiguous ‘else’ [-Wparentheses]
       if (__comp)
          ^
g++                                     -g -fpic  -O0 -fno-inline -Wall  -Wno-deprecated       -I/home/ualusr2011/ual1220/ual1/codes/TEAPOT/src -I/home/ualusr2011/ual1220/ual1/codes/PAC/src  -I/home/ualusr2011/ual1220/ual1/codes/UAL/include -I/home/ualusr2011/ual1220/ual1/codes/ZLIB/src -I/home/ualusr2011/ual1220/ual1/codes/PAC/include/ -c BasicDaIntegrator.cc -o /home/ualusr2011/ual1220/ual1/codes/TEAPOT/lib/linux/obj/BasicDaIntegrator.o;
In file included from /home/ualusr2011/ual1220/ual1/codes/PAC/src/Templates/PacOrderedList.h:6:0,
                 from /home/ualusr2011/ual1220/ual1/codes/PAC/src/SMF/PacElemAttributes.h:12,
                 from /home/ualusr2011/ual1220/ual1/codes/PAC/src/SMF/PacElemPart.h:10,
                 from /home/ualusr2011/ual1220/ual1/codes/PAC/src/SMF/PacGenElement.h:16,
                 from /home/ualusr2011/ual1220/ual1/codes/PAC/src/SMF/PacLattElement.h:12,
                 from /home/ualusr2011/ual1220/ual1/codes/TEAPOT/src/TEAPOT/Integrator/BasicDaIntegrator.hh:10,
                 from BasicDaIntegrator.cc:7:
/home/ualusr2011/ual1220/ual1/codes/PAC/src/Templates/PacRbTree.h: In member function ‘std::pair<std::_Rb_tree_iterator<_Val>, bool> PacRbTree<_Key, _Value, _KeyOfValue, _Compare, _Alloc>::insert_unique(const _Val&)’:
/home/ualusr2011/ual1220/ual1/codes/PAC/src/Templates/PacRbTree.h:76:10: warning: suggest explicit braces to avoid ambiguous ‘else’ [-Wparentheses]
       if (__comp)
          ^
g++                                     -g -fpic  -O0 -fno-inline -Wall  -Wno-deprecated       -I/home/ualusr2011/ual1220/ual1/codes/TEAPOT/src -I/home/ualusr2011/ual1220/ual1/codes/PAC/src  -I/home/ualusr2011/ual1220/ual1/codes/UAL/include -I/home/ualusr2011/ual1220/ual1/codes/ZLIB/src -I/home/ualusr2011/ual1220/ual1/codes/PAC/include/ -c DriftDaIntegrator.cc -o /home/ualusr2011/ual1220/ual1/codes/TEAPOT/lib/linux/obj/DriftDaIntegrator.o;
In file included from /home/ualusr2011/ual1220/ual1/codes/PAC/src/Templates/PacOrderedList.h:6:0,
                 from /home/ualusr2011/ual1220/ual1/codes/PAC/src/SMF/PacElemAttributes.h:12,
                 from /home/ualusr2011/ual1220/ual1/codes/PAC/src/SMF/PacElemPart.h:10,
                 from /home/ualusr2011/ual1220/ual1/codes/PAC/src/SMF/PacGenElement.h:16,
                 from /home/ualusr2011/ual1220/ual1/codes/PAC/src/SMF/PacLine.h:12,
                 from /home/ualusr2011/ual1220/ual1/codes/PAC/src/SMF/PacLattice.h:14,
                 from DriftDaIntegrator.cc:10:
/home/ualusr2011/ual1220/ual1/codes/PAC/src/Templates/PacRbTree.h: In member function ‘std::pair<std::_Rb_tree_iterator<_Val>, bool> PacRbTree<_Key, _Value, _KeyOfValue, _Compare, _Alloc>::insert_unique(const _Val&)’:
/home/ualusr2011/ual1220/ual1/codes/PAC/src/Templates/PacRbTree.h:76:10: warning: suggest explicit braces to avoid ambiguous ‘else’ [-Wparentheses]
       if (__comp)
          ^
g++                                     -g -fpic  -O0 -fno-inline -Wall  -Wno-deprecated       -I/home/ualusr2011/ual1220/ual1/codes/TEAPOT/src -I/home/ualusr2011/ual1220/ual1/codes/PAC/src  -I/home/ualusr2011/ual1220/ual1/codes/UAL/include -I/home/ualusr2011/ual1220/ual1/codes/ZLIB/src -I/home/ualusr2011/ual1220/ual1/codes/PAC/include/ -c DipoleDaIntegrator.cc -o /home/ualusr2011/ual1220/ual1/codes/TEAPOT/lib/linux/obj/DipoleDaIntegrator.o;
In file included from /home/ualusr2011/ual1220/ual1/codes/PAC/src/Templates/PacOrderedList.h:6:0,
                 from /home/ualusr2011/ual1220/ual1/codes/PAC/src/SMF/PacElemAttributes.h:12,
                 from /home/ualusr2011/ual1220/ual1/codes/PAC/src/SMF/PacElemPart.h:10,
                 from /home/ualusr2011/ual1220/ual1/codes/PAC/src/SMF/PacGenElement.h:16,
                 from /home/ualusr2011/ual1220/ual1/codes/PAC/src/SMF/PacLine.h:12,
                 from /home/ualusr2011/ual1220/ual1/codes/PAC/src/SMF/PacLattice.h:14,
                 from DipoleDaIntegrator.cc:10:
/home/ualusr2011/ual1220/ual1/codes/PAC/src/Templates/PacRbTree.h: In member function ‘std::pair<std::_Rb_tree_iterator<_Val>, bool> PacRbTree<_Key, _Value, _KeyOfValue, _Compare, _Alloc>::insert_unique(const _Val&)’:
/home/ualusr2011/ual1220/ual1/codes/PAC/src/Templates/PacRbTree.h:76:10: warning: suggest explicit braces to avoid ambiguous ‘else’ [-Wparentheses]
       if (__comp)
          ^
g++                                     -g -fpic  -O0 -fno-inline -Wall  -Wno-deprecated       -I/home/ualusr2011/ual1220/ual1/codes/TEAPOT/src -I/home/ualusr2011/ual1220/ual1/codes/PAC/src  -I/home/ualusr2011/ual1220/ual1/codes/UAL/include -I/home/ualusr2011/ual1220/ual1/codes/ZLIB/src -I/home/ualusr2011/ual1220/ual1/codes/PAC/include/ -c MapDaIntegrator.cc -o /home/ualusr2011/ual1220/ual1/codes/TEAPOT/lib/linux/obj/MapDaIntegrator.o;
In file included from /home/ualusr2011/ual1220/ual1/codes/PAC/src/Templates/PacOrderedList.h:6:0,
                 from /home/ualusr2011/ual1220/ual1/codes/PAC/src/SMF/PacElemAttributes.h:12,
                 from /home/ualusr2011/ual1220/ual1/codes/PAC/src/SMF/PacElemPart.h:10,
                 from /home/ualusr2011/ual1220/ual1/codes/PAC/src/SMF/PacGenElement.h:16,
                 from /home/ualusr2011/ual1220/ual1/codes/PAC/src/SMF/PacLine.h:12,
                 from /home/ualusr2011/ual1220/ual1/codes/PAC/src/SMF/PacLattice.h:14,
                 from /home/ualusr2011/ual1220/ual1/codes/TEAPOT/src/TEAPOT/Integrator/MapDaIntegrator.hh:10,
                 from MapDaIntegrator.cc:8:
/home/ualusr2011/ual1220/ual1/codes/PAC/src/Templates/PacRbTree.h: In member function ‘std::pair<std::_Rb_tree_iterator<_Val>, bool> PacRbTree<_Key, _Value, _KeyOfValue, _Compare, _Alloc>::insert_unique(const _Val&)’:
/home/ualusr2011/ual1220/ual1/codes/PAC/src/Templates/PacRbTree.h:76:10: warning: suggest explicit braces to avoid ambiguous ‘else’ [-Wparentheses]
       if (__comp)
          ^
g++                                     -g -fpic  -O0 -fno-inline -Wall  -Wno-deprecated       -I/home/ualusr2011/ual1220/ual1/codes/TEAPOT/src -I/home/ualusr2011/ual1220/ual1/codes/PAC/src  -I/home/ualusr2011/ual1220/ual1/codes/UAL/include -I/home/ualusr2011/ual1220/ual1/codes/ZLIB/src -I/home/ualusr2011/ual1220/ual1/codes/PAC/include/ -c MltDaIntegrator.cc -o /home/ualusr2011/ual1220/ual1/codes/TEAPOT/lib/linux/obj/MltDaIntegrator.o;
In file included from /home/ualusr2011/ual1220/ual1/codes/PAC/src/Templates/PacOrderedList.h:6:0,
                 from /home/ualusr2011/ual1220/ual1/codes/PAC/src/SMF/PacElemAttributes.h:12,
                 from /home/ualusr2011/ual1220/ual1/codes/PAC/src/SMF/PacElemPart.h:10,
                 from /home/ualusr2011/ual1220/ual1/codes/PAC/src/SMF/PacGenElement.h:16,
                 from /home/ualusr2011/ual1220/ual1/codes/PAC/src/SMF/PacLine.h:12,
                 from /home/ualusr2011/ual1220/ual1/codes/PAC/src/SMF/PacLattice.h:14,
                 from MltDaIntegrator.cc:10:
/home/ualusr2011/ual1220/ual1/codes/PAC/src/Templates/PacRbTree.h: In member function ‘std::pair<std::_Rb_tree_iterator<_Val>, bool> PacRbTree<_Key, _Value, _KeyOfValue, _Compare, _Alloc>::insert_unique(const _Val&)’:
/home/ualusr2011/ual1220/ual1/codes/PAC/src/Templates/PacRbTree.h:76:10: warning: suggest explicit braces to avoid ambiguous ‘else’ [-Wparentheses]
       if (__comp)
          ^
g++                                     -g -fpic  -O0 -fno-inline -Wall  -Wno-deprecated       -I/home/ualusr2011/ual1220/ual1/codes/TEAPOT/src -I/home/ualusr2011/ual1220/ual1/codes/PAC/src  -I/home/ualusr2011/ual1220/ual1/codes/UAL/include -I/home/ualusr2011/ual1220/ual1/codes/ZLIB/src -I/home/ualusr2011/ual1220/ual1/codes/PAC/include/ -c MatrixTracker.cc -o /home/ualusr2011/ual1220/ual1/codes/TEAPOT/lib/linux/obj/MatrixTracker.o;
In file included from /home/ualusr2011/ual1220/ual1/codes/UAL/include/UAL/APF/PropagatorFactory.hh:10:0,
                 from MatrixTracker.cc:3:
/home/ualusr2011/ual1220/ual1/codes/UAL/include/UAL/APF/PropagatorNodePtr.hh: In destructor ‘virtual UAL::PropagatorNodePtr::CountHolder::~CountHolder()’:
/home/ualusr2011/ual1220/ual1/codes/UAL/include/UAL/APF/PropagatorNodePtr.hh:50:31: warning: deleting object of abstract class type ‘UAL::PropagatorNode’ which has non-virtual destructor will cause undefined behaviour [-Wdelete-non-virtual-dtor]
       ~CountHolder() { delete m_pointee; }
                               ^
In file included from /home/ualusr2011/ual1220/ual1/codes/PAC/src/Templates/PacOrderedList.h:6:0,
                 from /home/ualusr2011/ual1220/ual1/codes/PAC/src/SMF/PacElemAttributes.h:12,
                 from /home/ualusr2011/ual1220/ual1/codes/PAC/src/SMF/PacElemPart.h:10,
                 from /home/ualusr2011/ual1220/ual1/codes/PAC/src/SMF/PacGenElement.h:16,
                 from /home/ualusr2011/ual1220/ual1/codes/PAC/src/SMF/PacLine.h:12,
                 from /home/ualusr2011/ual1220/ual1/codes/PAC/src/SMF/PacLattice.h:14,
                 from /home/ualusr2011/ual1220/ual1/codes/TEAPOT/src/TEAPOT/Integrator/MatrixTracker.hh:13,
                 from MatrixTracker.cc:4:
/home/ualusr2011/ual1220/ual1/codes/PAC/src/Templates/PacRbTree.h: In member function ‘std::pair<std::_Rb_tree_iterator<_Val>, bool> PacRbTree<_Key, _Value, _KeyOfValue, _Compare, _Alloc>::insert_unique(const _Val&)’:
/home/ualusr2011/ual1220/ual1/codes/PAC/src/Templates/PacRbTree.h:76:10: warning: suggest explicit braces to avoid ambiguous ‘else’ [-Wparentheses]
       if (__comp)
          ^
g++                                     -g -fpic  -O0 -fno-inline -Wall  -Wno-deprecated       -I/home/ualusr2011/ual1220/ual1/codes/TEAPOT/src -I/home/ualusr2011/ual1220/ual1/codes/PAC/src  -I/home/ualusr2011/ual1220/ual1/codes/UAL/include -I/home/ualusr2011/ual1220/ual1/codes/ZLIB/src -I/home/ualusr2011/ual1220/ual1/codes/PAC/include/ -c RFCavityTracker.cc -o /home/ualusr2011/ual1220/ual1/codes/TEAPOT/lib/linux/obj/RFCavityTracker.o;
In file included from /home/ualusr2011/ual1220/ual1/codes/UAL/include/UAL/APF/PropagatorFactory.hh:10:0,
                 from RFCavityTracker.cc:9:
/home/ualusr2011/ual1220/ual1/codes/UAL/include/UAL/APF/PropagatorNodePtr.hh: In destructor ‘virtual UAL::PropagatorNodePtr::CountHolder::~CountHolder()’:
/home/ualusr2011/ual1220/ual1/codes/UAL/include/UAL/APF/PropagatorNodePtr.hh:50:31: warning: deleting object of abstract class type ‘UAL::PropagatorNode’ which has non-virtual destructor will cause undefined behaviour [-Wdelete-non-virtual-dtor]
       ~CountHolder() { delete m_pointee; }
                               ^
In file included from /home/ualusr2011/ual1220/ual1/codes/PAC/src/Templates/PacOrderedList.h:6:0,
                 from /home/ualusr2011/ual1220/ual1/codes/PAC/src/SMF/PacElemAttributes.h:12,
                 from /home/ualusr2011/ual1220/ual1/codes/PAC/src/SMF/PacElemPart.h:10,
                 from /home/ualusr2011/ual1220/ual1/codes/PAC/src/SMF/PacGenElement.h:16,
                 from /home/ualusr2011/ual1220/ual1/codes/PAC/src/SMF/PacLine.h:12,
                 from /home/ualusr2011/ual1220/ual1/codes/PAC/src/SMF/PacLattice.h:14,
                 from RFCavityTracker.cc:11:
/home/ualusr2011/ual1220/ual1/codes/PAC/src/Templates/PacRbTree.h: In member function ‘std::pair<std::_Rb_tree_iterator<_Val>, bool> PacRbTree<_Key, _Value, _KeyOfValue, _Compare, _Alloc>::insert_unique(const _Val&)’:
/home/ualusr2011/ual1220/ual1/codes/PAC/src/Templates/PacRbTree.h:76:10: warning: suggest explicit braces to avoid ambiguous ‘else’ [-Wparentheses]
       if (__comp)
          ^
g++                                     -g -fpic  -O0 -fno-inline -Wall  -Wno-deprecated       -I/home/ualusr2011/ual1220/ual1/codes/TEAPOT/src -I/home/ualusr2011/ual1220/ual1/codes/PAC/src  -I/home/ualusr2011/ual1220/ual1/codes/UAL/include -I/home/ualusr2011/ual1220/ual1/codes/ZLIB/src -I/home/ualusr2011/ual1220/ual1/codes/PAC/include/ -c DaIntegratorFactory.cc -o /home/ualusr2011/ual1220/ual1/codes/TEAPOT/lib/linux/obj/DaIntegratorFactory.o;
In file included from /home/ualusr2011/ual1220/ual1/codes/UAL/include/UAL/APF/PropagatorFactory.hh:10:0,
                 from DaIntegratorFactory.cc:7:
/home/ualusr2011/ual1220/ual1/codes/UAL/include/UAL/APF/PropagatorNodePtr.hh: In destructor ‘virtual UAL::PropagatorNodePtr::CountHolder::~CountHolder()’:
/home/ualusr2011/ual1220/ual1/codes/UAL/include/UAL/APF/PropagatorNodePtr.hh:50:31: warning: deleting object of abstract class type ‘UAL::PropagatorNode’ which has non-virtual destructor will cause undefined behaviour [-Wdelete-non-virtual-dtor]
       ~CountHolder() { delete m_pointee; }
                               ^
In file included from /home/ualusr2011/ual1220/ual1/codes/PAC/src/Templates/PacOrderedList.h:6:0,
                 from /home/ualusr2011/ual1220/ual1/codes/PAC/src/SMF/PacElemAttributes.h:12,
                 from /home/ualusr2011/ual1220/ual1/codes/PAC/src/SMF/PacElemPart.h:10,
                 from /home/ualusr2011/ual1220/ual1/codes/PAC/src/SMF/PacGenElement.h:16,
                 from /home/ualusr2011/ual1220/ual1/codes/PAC/src/SMF/PacLattElement.h:12,
                 from /home/ualusr2011/ual1220/ual1/codes/TEAPOT/src/TEAPOT/Integrator/BasicDaIntegrator.hh:10,
                 from /home/ualusr2011/ual1220/ual1/codes/TEAPOT/src/TEAPOT/Integrator/DriftDaIntegrator.hh:10,
                 from /home/ualusr2011/ual1220/ual1/codes/TEAPOT/src/TEAPOT/Integrator/DaIntegratorFactory.hh:10,
                 from DaIntegratorFactory.cc:8:
/home/ualusr2011/ual1220/ual1/codes/PAC/src/Templates/PacRbTree.h: In member function ‘std::pair<std::_Rb_tree_iterator<_Val>, bool> PacRbTree<_Key, _Value, _KeyOfValue, _Compare, _Alloc>::insert_unique(const _Val&)’:
/home/ualusr2011/ual1220/ual1/codes/PAC/src/Templates/PacRbTree.h:76:10: warning: suggest explicit braces to avoid ambiguous ‘else’ [-Wparentheses]
       if (__comp)
          ^
g++                                     -g -fpic  -O0 -fno-inline -Wall  -Wno-deprecated       -I/home/ualusr2011/ual1220/ual1/codes/TEAPOT/src -I/home/ualusr2011/ual1220/ual1/codes/PAC/src  -I/home/ualusr2011/ual1220/ual1/codes/UAL/include -I/home/ualusr2011/ual1220/ual1/codes/ZLIB/src -I/home/ualusr2011/ual1220/ual1/codes/PAC/include/ -c LostCollector.cc -o /home/ualusr2011/ual1220/ual1/codes/TEAPOT/lib/linux/obj/LostCollector.o;
if [ ! -d /home/ualusr2011/ual1220/ual1/codes/TEAPOT/include/TEAPOT/Integrator ] ; \
	then mkdir /home/ualusr2011/ual1220/ual1/codes/TEAPOT/include/TEAPOT/Integrator ; fi;
cp *.hh *.icc /home/ualusr2011/ual1220/ual1/codes/TEAPOT/include/TEAPOT/Integrator/.
make[5]: Leaving directory `/home/ualusr2011/ual1220/ual1/codes/TEAPOT/src/TEAPOT/Integrator'
make[5]: Entering directory `/home/ualusr2011/ual1220/ual1/codes/TEAPOT/src/TEAPOT/StringSC'
g++                                     -g -fpic  -O0 -fno-inline -Wall  -Wno-deprecated       -I/home/ualusr2011/ual1220/ual1/codes/TEAPOT/src -I/home/ualusr2011/ual1220/ual1/codes/PAC/src  -I/home/ualusr2011/ual1220/ual1/codes/UAL/include -I/home/ualusr2011/ual1220/ual1/codes/ZLIB/src -I/home/ualusr2011/ual1220/ual1/codes/PAC/include/ -I/home/ualusr2011/ual1220/ual1/tools/include/ -c StringSCSolver.cc -o /home/ualusr2011/ual1220/ual1/codes/TEAPOT/lib/linux/obj/StringSCSolver.o;
StringSCSolver.cc: In member function ‘void TEAPOT::StringSCSolver::calculateForce(PAC::Bunch&, double, int)’:
StringSCSolver.cc:178:10: warning: unused variable ‘sig_ct’ [-Wunused-variable]
   double sig_ct = 1000*sqrt( ct2_ave - ct_ave*ct_ave );
          ^
StringSCSolver.cc:179:10: warning: unused variable ‘sig_de’ [-Wunused-variable]
   double sig_de = 1000*e*sqrt( de2_ave - de_ave*de_ave );
          ^
g++                                     -g -fpic  -O0 -fno-inline -Wall  -Wno-deprecated       -I/home/ualusr2011/ual1220/ual1/codes/TEAPOT/src -I/home/ualusr2011/ual1220/ual1/codes/PAC/src  -I/home/ualusr2011/ual1220/ual1/codes/UAL/include -I/home/ualusr2011/ual1220/ual1/codes/ZLIB/src -I/home/ualusr2011/ual1220/ual1/codes/PAC/include/ -I/home/ualusr2011/ual1220/ual1/tools/include/ -c DipoleStringSCKick.cc -o /home/ualusr2011/ual1220/ual1/codes/TEAPOT/lib/linux/obj/DipoleStringSCKick.o;
In file included from /home/ualusr2011/ual1220/ual1/codes/UAL/include/UAL/APF/PropagatorFactory.hh:10:0,
                 from DipoleStringSCKick.cc:2:
/home/ualusr2011/ual1220/ual1/codes/UAL/include/UAL/APF/PropagatorNodePtr.hh: In destructor ‘virtual UAL::PropagatorNodePtr::CountHolder::~CountHolder()’:
/home/ualusr2011/ual1220/ual1/codes/UAL/include/UAL/APF/PropagatorNodePtr.hh:50:31: warning: deleting object of abstract class type ‘UAL::PropagatorNode’ which has non-virtual destructor will cause undefined behaviour [-Wdelete-non-virtual-dtor]
       ~CountHolder() { delete m_pointee; }
                               ^
In file included from /home/ualusr2011/ual1220/ual1/codes/PAC/src/Templates/PacOrderedList.h:6:0,
                 from /home/ualusr2011/ual1220/ual1/codes/PAC/src/SMF/PacElemAttributes.h:12,
                 from DipoleStringSCKick.cc:4:
/home/ualusr2011/ual1220/ual1/codes/PAC/src/Templates/PacRbTree.h: In member function ‘std::pair<std::_Rb_tree_iterator<_Val>, bool> PacRbTree<_Key, _Value, _KeyOfValue, _Compare, _Alloc>::insert_unique(const _Val&)’:
/home/ualusr2011/ual1220/ual1/codes/PAC/src/Templates/PacRbTree.h:76:10: warning: suggest explicit braces to avoid ambiguous ‘else’ [-Wparentheses]
       if (__comp)
          ^
g++                                     -g -fpic  -O0 -fno-inline -Wall  -Wno-deprecated       -I/home/ualusr2011/ual1220/ual1/codes/TEAPOT/src -I/home/ualusr2011/ual1220/ual1/codes/PAC/src  -I/home/ualusr2011/ual1220/ual1/codes/UAL/include -I/home/ualusr2011/ual1220/ual1/codes/ZLIB/src -I/home/ualusr2011/ual1220/ual1/codes/PAC/include/ -I/home/ualusr2011/ual1220/ual1/tools/include/ -c DriftStringSCKick.cc -o /home/ualusr2011/ual1220/ual1/codes/TEAPOT/lib/linux/obj/DriftStringSCKick.o;
In file included from /home/ualusr2011/ual1220/ual1/codes/UAL/include/UAL/APF/PropagatorFactory.hh:10:0,
                 from DriftStringSCKick.cc:3:
/home/ualusr2011/ual1220/ual1/codes/UAL/include/UAL/APF/PropagatorNodePtr.hh: In destructor ‘virtual UAL::PropagatorNodePtr::CountHolder::~CountHolder()’:
/home/ualusr2011/ual1220/ual1/codes/UAL/include/UAL/APF/PropagatorNodePtr.hh:50:31: warning: deleting object of abstract class type ‘UAL::PropagatorNode’ which has non-virtual destructor will cause undefined behaviour [-Wdelete-non-virtual-dtor]
       ~CountHolder() { delete m_pointee; }
                               ^
In file included from /home/ualusr2011/ual1220/ual1/codes/PAC/src/Templates/PacOrderedList.h:6:0,
                 from /home/ualusr2011/ual1220/ual1/codes/PAC/src/SMF/PacElemAttributes.h:12,
                 from /home/ualusr2011/ual1220/ual1/codes/PAC/src/SMF/PacElemPart.h:10,
                 from /home/ualusr2011/ual1220/ual1/codes/PAC/src/SMF/PacGenElement.h:16,
                 from /home/ualusr2011/ual1220/ual1/codes/PAC/src/SMF/PacLine.h:12,
                 from /home/ualusr2011/ual1220/ual1/codes/PAC/src/SMF/PacLattice.h:14,
                 from DriftStringSCKick.cc:5:
/home/ualusr2011/ual1220/ual1/codes/PAC/src/Templates/PacRbTree.h: In member function ‘std::pair<std::_Rb_tree_iterator<_Val>, bool> PacRbTree<_Key, _Value, _KeyOfValue, _Compare, _Alloc>::insert_unique(const _Val&)’:
/home/ualusr2011/ual1220/ual1/codes/PAC/src/Templates/PacRbTree.h:76:10: warning: suggest explicit braces to avoid ambiguous ‘else’ [-Wparentheses]
       if (__comp)
          ^
DriftStringSCKick.cc: In member function ‘virtual void TEAPOT::DriftStringSCKick::propagate(UAL::Probe&)’:
DriftStringSCKick.cc:49:10: warning: unused variable ‘oldT’ [-Wunused-variable]
   double oldT = ba.getElapsedTime();
          ^
g++                                     -g -fpic  -O0 -fno-inline -Wall  -Wno-deprecated       -I/home/ualusr2011/ual1220/ual1/codes/TEAPOT/src -I/home/ualusr2011/ual1220/ual1/codes/PAC/src  -I/home/ualusr2011/ual1220/ual1/codes/UAL/include -I/home/ualusr2011/ual1220/ual1/codes/ZLIB/src -I/home/ualusr2011/ual1220/ual1/codes/PAC/include/ -I/home/ualusr2011/ual1220/ual1/tools/include/ -c MltStringSCKick.cc -o /home/ualusr2011/ual1220/ual1/codes/TEAPOT/lib/linux/obj/MltStringSCKick.o;
In file included from /home/ualusr2011/ual1220/ual1/codes/UAL/include/UAL/APF/PropagatorFactory.hh:10:0,
                 from MltStringSCKick.cc:5:
/home/ualusr2011/ual1220/ual1/codes/UAL/include/UAL/APF/PropagatorNodePtr.hh: In destructor ‘virtual UAL::PropagatorNodePtr::CountHolder::~CountHolder()’:
/home/ualusr2011/ual1220/ual1/codes/UAL/include/UAL/APF/PropagatorNodePtr.hh:50:31: warning: deleting object of abstract class type ‘UAL::PropagatorNode’ which has non-virtual destructor will cause undefined behaviour [-Wdelete-non-virtual-dtor]
       ~CountHolder() { delete m_pointee; }
                               ^
In file included from /home/ualusr2011/ual1220/ual1/codes/PAC/src/Templates/PacOrderedList.h:6:0,
                 from /home/ualusr2011/ual1220/ual1/codes/PAC/src/SMF/PacElemAttributes.h:12,
                 from /home/ualusr2011/ual1220/ual1/codes/PAC/src/SMF/PacElemPart.h:10,
                 from /home/ualusr2011/ual1220/ual1/codes/PAC/src/SMF/PacGenElement.h:16,
                 from /home/ualusr2011/ual1220/ual1/codes/PAC/src/SMF/PacLattElement.h:12,
                 from /home/ualusr2011/ual1220/ual1/codes/TEAPOT/src/TEAPOT/Integrator/BasicTracker.hh:13,
                 from /home/ualusr2011/ual1220/ual1/codes/TEAPOT/src/TEAPOT/StringSC/MltStringSCKick.hh:4,
                 from MltStringSCKick.cc:9:
/home/ualusr2011/ual1220/ual1/codes/PAC/src/Templates/PacRbTree.h: In member function ‘std::pair<std::_Rb_tree_iterator<_Val>, bool> PacRbTree<_Key, _Value, _KeyOfValue, _Compare, _Alloc>::insert_unique(const _Val&)’:
/home/ualusr2011/ual1220/ual1/codes/PAC/src/Templates/PacRbTree.h:76:10: warning: suggest explicit braces to avoid ambiguous ‘else’ [-Wparentheses]
       if (__comp)
          ^
if [ ! -d /home/ualusr2011/ual1220/ual1/codes/TEAPOT/include/TEAPOT/StringSC ] ; \
	then mkdir /home/ualusr2011/ual1220/ual1/codes/TEAPOT/include/TEAPOT/StringSC ; fi;
cp *.hh /home/ualusr2011/ual1220/ual1/codes/TEAPOT/include/TEAPOT/StringSC/.
make[5]: Leaving directory `/home/ualusr2011/ual1220/ual1/codes/TEAPOT/src/TEAPOT/StringSC'
make[4]: Leaving directory `/home/ualusr2011/ual1220/ual1/codes/TEAPOT/src/TEAPOT'
g++                                      -I/home/ualusr2011/ual1220/ual1/codes/TEAPOT/src -I/home/ualusr2011/ual1220/ual1/codes/PAC/src  -I/home/ualusr2011/ual1220/ual1/codes/UAL/include -I/home/ualusr2011/ual1220/ual1/codes/ZLIB/src -o /home/ualusr2011/ual1220/ual1/codes/TEAPOT/lib/linux/obj/dummy   \
	./dummy.cc /home/ualusr2011/ual1220/ual1/codes/TEAPOT/lib/linux/obj/TeapotVector.o /home/ualusr2011/ual1220/ual1/codes/TEAPOT/lib/linux/obj/TeapotMatrix.o /home/ualusr2011/ual1220/ual1/codes/TEAPOT/lib/linux/obj/TeapotEigenBasis.o /home/ualusr2011/ual1220/ual1/codes/TEAPOT/lib/linux/obj/TeapotRandomGenerator.o  /home/ualusr2011/ual1220/ual1/codes/TEAPOT/lib/linux/obj/TeapotElemSlice.o /home/ualusr2011/ual1220/ual1/codes/TEAPOT/lib/linux/obj/TeapotElemBend.o /home/ualusr2011/ual1220/ual1/codes/TEAPOT/lib/linux/obj/TeapotElemRotation.o /home/ualusr2011/ual1220/ual1/codes/TEAPOT/lib/linux/obj/TeapotElement.o /home/ualusr2011/ual1220/ual1/codes/TEAPOT/lib/linux/obj/TeapotIntegrator.o /home/ualusr2011/ual1220/ual1/codes/TEAPOT/lib/linux/obj/TeapotDAIntegrator.o /home/ualusr2011/ual1220/ual1/codes/TEAPOT/lib/linux/obj/TeapotMapService.o /home/ualusr2011/ual1220/ual1/codes/TEAPOT/lib/linux/obj/TeapotTrackService.o /home/ualusr2011/ual1220/ual1/codes/TEAPOT/lib/linux/obj/TeapotMatrixService.o /home/ualusr2011/ual1220/ual1/codes/TEAPOT/lib/linux/obj/TeapotClOrbitService.o /home/ualusr2011/ual1220/ual1/codes/TEAPOT/lib/linux/obj/TeapotTwissService.o /home/ualusr2011/ual1220/ual1/codes/TEAPOT/lib/linux/obj/TeapotChromService.o /home/ualusr2011/ual1220/ual1/codes/TEAPOT/lib/linux/obj/TeapotEigenService.o /home/ualusr2011/ual1220/ual1/codes/TEAPOT/lib/linux/obj/SlidingBumps.o /home/ualusr2011/ual1220/ual1/codes/TEAPOT/lib/linux/obj/TeapotFirstTurnService.o /home/ualusr2011/ual1220/ual1/codes/TEAPOT/lib/linux/obj/Teapot.o /home/ualusr2011/ual1220/ual1/codes/TEAPOT/lib/linux/obj/ElemSlice.o /home/ualusr2011/ual1220/ual1/codes/TEAPOT/lib/linux/obj/DipoleData.o /home/ualusr2011/ual1220/ual1/codes/TEAPOT/lib/linux/obj/MagnetData.o /home/ualusr2011/ual1220/ual1/codes/TEAPOT/lib/linux/obj/BasicPropagator.o /home/ualusr2011/ual1220/ual1/codes/TEAPOT/lib/linux/obj/BasicTracker.o /home/ualusr2011/ual1220/ual1/codes/TEAPOT/lib/linux/obj/DriftTracker.o /home/ualusr2011/ual1220/ual1/codes/TEAPOT/lib/linux/obj/DipoleTracker.o /home/ualusr2011/ual1220/ual1/codes/TEAPOT/lib/linux/obj/MltTracker.o /home/ualusr2011/ual1220/ual1/codes/TEAPOT/lib/linux/obj/TrackerFactory.o /home/ualusr2011/ual1220/ual1/codes/TEAPOT/lib/linux/obj/BasicDaIntegrator.o /home/ualusr2011/ual1220/ual1/codes/TEAPOT/lib/linux/obj/DriftDaIntegrator.o /home/ualusr2011/ual1220/ual1/codes/TEAPOT/lib/linux/obj/DipoleDaIntegrator.o /home/ualusr2011/ual1220/ual1/codes/TEAPOT/lib/linux/obj/MapDaIntegrator.o /home/ualusr2011/ual1220/ual1/codes/TEAPOT/lib/linux/obj/MltDaIntegrator.o /home/ualusr2011/ual1220/ual1/codes/TEAPOT/lib/linux/obj/MatrixTracker.o /home/ualusr2011/ual1220/ual1/codes/TEAPOT/lib/linux/obj/RFCavityTracker.o /home/ualusr2011/ual1220/ual1/codes/TEAPOT/lib/linux/obj/DaIntegratorFactory.o /home/ualusr2011/ual1220/ual1/codes/TEAPOT/lib/linux/obj/LostCollector.o /home/ualusr2011/ual1220/ual1/codes/TEAPOT/lib/linux/obj/StringSCSolver.o /home/ualusr2011/ual1220/ual1/codes/TEAPOT/lib/linux/obj/DipoleStringSCKick.o /home/ualusr2011/ual1220/ual1/codes/TEAPOT/lib/linux/obj/DriftStringSCKick.o /home/ualusr2011/ual1220/ual1/codes/TEAPOT/lib/linux/obj/MltStringSCKick.o  -L/home/ualusr2011/ual1220/ual1/codes/TEAPOT/lib/linux -L/home/ualusr2011/ual1220/ual1/codes/PAC/lib/linux -L/home/ualusr2011/ual1220/ual1/codes/ZLIB/lib/linux -L/home/ualusr2011/ual1220/ual1/codes/UAL/lib/linux -lUal -ldl  -L/home/ualusr2011/ual1220/ual1/tools/lib/linux		-lgsl -lgslcblas -L/home/ualusr2011/ual1220/ual1/codes/PAC/lib/linux -lPacSMF -L/home/ualusr2011/ual1220/ual1/codes/PAC/lib/linux -lPacOptics  -L/home/ualusr2011/ual1220/ual1/codes/PAC/lib/linux -lPac  -L/home/ualusr2011/ual1220/ual1/codes/PAC/lib/linux -lPacSurvey -L/home/ualusr2011/ual1220/ual1/codes/ZLIB/lib/linux -lZTps -L/home/ualusr2011/ual1220/ual1/tools/lib/linux		-lgsl -lgslcblas
cp /dev/null /home/ualusr2011/ual1220/ual1/codes/TEAPOT/lib/linux/obj/dummy
g++                                     -shared                                 -o /home/ualusr2011/ual1220/ual1/codes/TEAPOT/lib/linux/libTeapot.so /home/ualusr2011/ual1220/ual1/codes/TEAPOT/lib/linux/obj/TeapotVector.o /home/ualusr2011/ual1220/ual1/codes/TEAPOT/lib/linux/obj/TeapotMatrix.o /home/ualusr2011/ual1220/ual1/codes/TEAPOT/lib/linux/obj/TeapotEigenBasis.o /home/ualusr2011/ual1220/ual1/codes/TEAPOT/lib/linux/obj/TeapotRandomGenerator.o  /home/ualusr2011/ual1220/ual1/codes/TEAPOT/lib/linux/obj/TeapotElemSlice.o /home/ualusr2011/ual1220/ual1/codes/TEAPOT/lib/linux/obj/TeapotElemBend.o /home/ualusr2011/ual1220/ual1/codes/TEAPOT/lib/linux/obj/TeapotElemRotation.o /home/ualusr2011/ual1220/ual1/codes/TEAPOT/lib/linux/obj/TeapotElement.o /home/ualusr2011/ual1220/ual1/codes/TEAPOT/lib/linux/obj/TeapotIntegrator.o /home/ualusr2011/ual1220/ual1/codes/TEAPOT/lib/linux/obj/TeapotDAIntegrator.o /home/ualusr2011/ual1220/ual1/codes/TEAPOT/lib/linux/obj/TeapotMapService.o /home/ualusr2011/ual1220/ual1/codes/TEAPOT/lib/linux/obj/TeapotTrackService.o /home/ualusr2011/ual1220/ual1/codes/TEAPOT/lib/linux/obj/TeapotMatrixService.o /home/ualusr2011/ual1220/ual1/codes/TEAPOT/lib/linux/obj/TeapotClOrbitService.o /home/ualusr2011/ual1220/ual1/codes/TEAPOT/lib/linux/obj/TeapotTwissService.o /home/ualusr2011/ual1220/ual1/codes/TEAPOT/lib/linux/obj/TeapotChromService.o /home/ualusr2011/ual1220/ual1/codes/TEAPOT/lib/linux/obj/TeapotEigenService.o /home/ualusr2011/ual1220/ual1/codes/TEAPOT/lib/linux/obj/SlidingBumps.o /home/ualusr2011/ual1220/ual1/codes/TEAPOT/lib/linux/obj/TeapotFirstTurnService.o /home/ualusr2011/ual1220/ual1/codes/TEAPOT/lib/linux/obj/Teapot.o /home/ualusr2011/ual1220/ual1/codes/TEAPOT/lib/linux/obj/ElemSlice.o /home/ualusr2011/ual1220/ual1/codes/TEAPOT/lib/linux/obj/DipoleData.o /home/ualusr2011/ual1220/ual1/codes/TEAPOT/lib/linux/obj/MagnetData.o /home/ualusr2011/ual1220/ual1/codes/TEAPOT/lib/linux/obj/BasicPropagator.o /home/ualusr2011/ual1220/ual1/codes/TEAPOT/lib/linux/obj/BasicTracker.o /home/ualusr2011/ual1220/ual1/codes/TEAPOT/lib/linux/obj/DriftTracker.o /home/ualusr2011/ual1220/ual1/codes/TEAPOT/lib/linux/obj/DipoleTracker.o /home/ualusr2011/ual1220/ual1/codes/TEAPOT/lib/linux/obj/MltTracker.o /home/ualusr2011/ual1220/ual1/codes/TEAPOT/lib/linux/obj/TrackerFactory.o /home/ualusr2011/ual1220/ual1/codes/TEAPOT/lib/linux/obj/BasicDaIntegrator.o /home/ualusr2011/ual1220/ual1/codes/TEAPOT/lib/linux/obj/DriftDaIntegrator.o /home/ualusr2011/ual1220/ual1/codes/TEAPOT/lib/linux/obj/DipoleDaIntegrator.o /home/ualusr2011/ual1220/ual1/codes/TEAPOT/lib/linux/obj/MapDaIntegrator.o /home/ualusr2011/ual1220/ual1/codes/TEAPOT/lib/linux/obj/MltDaIntegrator.o /home/ualusr2011/ual1220/ual1/codes/TEAPOT/lib/linux/obj/MatrixTracker.o /home/ualusr2011/ual1220/ual1/codes/TEAPOT/lib/linux/obj/RFCavityTracker.o /home/ualusr2011/ual1220/ual1/codes/TEAPOT/lib/linux/obj/DaIntegratorFactory.o /home/ualusr2011/ual1220/ual1/codes/TEAPOT/lib/linux/obj/LostCollector.o /home/ualusr2011/ual1220/ual1/codes/TEAPOT/lib/linux/obj/StringSCSolver.o /home/ualusr2011/ual1220/ual1/codes/TEAPOT/lib/linux/obj/DipoleStringSCKick.o /home/ualusr2011/ual1220/ual1/codes/TEAPOT/lib/linux/obj/DriftStringSCKick.o /home/ualusr2011/ual1220/ual1/codes/TEAPOT/lib/linux/obj/MltStringSCKick.o  -L/home/ualusr2011/ual1220/ual1/codes/TEAPOT/lib/linux -L/home/ualusr2011/ual1220/ual1/codes/PAC/lib/linux -L/home/ualusr2011/ual1220/ual1/codes/ZLIB/lib/linux -L/home/ualusr2011/ual1220/ual1/codes/UAL/lib/linux -lUal -ldl  -L/home/ualusr2011/ual1220/ual1/tools/lib/linux		-lgsl -lgslcblas -L/home/ualusr2011/ual1220/ual1/codes/PAC/lib/linux -lPacSMF -L/home/ualusr2011/ual1220/ual1/codes/PAC/lib/linux -lPacOptics  -L/home/ualusr2011/ual1220/ual1/codes/PAC/lib/linux -lPac  -L/home/ualusr2011/ual1220/ual1/codes/PAC/lib/linux -lPacSurvey -L/home/ualusr2011/ual1220/ual1/codes/ZLIB/lib/linux -lZTps -L/home/ualusr2011/ual1220/ual1/tools/lib/linux		-lgsl -lgslcblas
make[3]: Leaving directory `/home/ualusr2011/ual1220/ual1/codes/TEAPOT/src'
make[3]: Entering directory `/home/ualusr2011/ual1220/ual1/codes/TEAPOT/api'
Checking if your kit is complete...
Looks good
Writing Makefile for Teapot::Integrator
Writing MYMETA.yml and MYMETA.json
make[4]: Entering directory `/home/ualusr2011/ual1220/ual1/codes/TEAPOT/api/Integrator'
/usr/bin/perl /usr/share/perl5/vendor_perl/ExtUtils/xsubpp  -C++ -prototypes -typemap /usr/share/perl5/ExtUtils/typemap -typemap typemap  Integrator.xs > Integrator.xsc && mv Integrator.xsc Integrator.c
g++ -D_SYS_TIMES_H_ -c  -I/home/ualusr2011/ual1220/ual1/codes/TEAPOT/src -I/home/ualusr2011/ual1220/ual1/codes/ZLIB/src  -I/home/ualusr2011/ual1220/ual1/codes/PAC/src -I/home/ualusr2011/ual1220/ual1/codes/UAL/include -D_REENTRANT -D_GNU_SOURCE -fno-strict-aliasing -pipe -fstack-protector -I/usr/local/include -D_LARGEFILE_SOURCE -D_FILE_OFFSET_BITS=64 -O2 -g -pipe -Wall -Wp,-D_FORTIFY_SOURCE=2 -fexceptions -fstack-protector-strong --param=ssp-buffer-size=4 -grecord-gcc-switches -m64 -mtune=generic   -DVERSION=\"1.00\" -DXS_VERSION=\"1.00\" -fPIC "-I/usr/lib64/perl5/CORE"  -DHAS_BOOL -Ubool Integrator.c
In file included from /home/ualusr2011/ual1220/ual1/codes/PAC/src/Templates/PacOrderedList.h:6:0,
                 from /home/ualusr2011/ual1220/ual1/codes/PAC/src/SMF/PacElemAttributes.h:12,
                 from /home/ualusr2011/ual1220/ual1/codes/PAC/src/SMF/PacElemPart.h:10,
                 from /home/ualusr2011/ual1220/ual1/codes/PAC/src/SMF/PacGenElement.h:16,
                 from /home/ualusr2011/ual1220/ual1/codes/PAC/src/SMF/PacLattElement.h:12,
                 from /home/ualusr2011/ual1220/ual1/codes/TEAPOT/src/Integrator/TeapotElement.h:9,
                 from /home/ualusr2011/ual1220/ual1/codes/TEAPOT/src/Integrator/TeapotEngine.h:22,
                 from /home/ualusr2011/ual1220/ual1/codes/TEAPOT/src/Integrator/TeapotIntegrator.h:9,
                 from Integrator.xs:21:
/home/ualusr2011/ual1220/ual1/codes/PAC/src/Templates/PacRbTree.h: In member function ‘std::pair<std::_Rb_tree_iterator<_Val>, bool> PacRbTree<_Key, _Value, _KeyOfValue, _Compare, _Alloc>::insert_unique(const _Val&)’:
/home/ualusr2011/ual1220/ual1/codes/PAC/src/Templates/PacRbTree.h:76:10: warning: suggest explicit braces to avoid ambiguous ‘else’ [-Wparentheses]
       if (__comp)
          ^
Integrator.c: In function ‘void XS_Teapot__Integrator_DESTROY(PerlInterpreter*, CV*)’:
Integrator.c:301:9: warning: deleting object of polymorphic class type ‘TeapotIntegrator’ which has non-virtual destructor might cause undefined behaviour [-Wdelete-non-virtual-dtor]
  delete THIS;
         ^
Integrator.c: In function ‘void XS_Teapot__DaIntegrator_DESTROY(PerlInterpreter*, CV*)’:
Integrator.c:394:9: warning: deleting object of polymorphic class type ‘TeapotDAIntegrator’ which has non-virtual destructor might cause undefined behaviour [-Wdelete-non-virtual-dtor]
  delete THIS;
         ^
Running Mkbootstrap for Teapot::Integrator ()
chmod 644 Integrator.bs
rm -f /home/ualusr2011/ual1220/ual1/codes/TEAPOT/api/blib/linux/arch/auto/Teapot/Integrator/Integrator.so
g++  -shared -O2 -g -pipe -Wall -Wp,-D_FORTIFY_SOURCE=2 -fexceptions -fstack-protector-strong --param=ssp-buffer-size=4 -grecord-gcc-switches -m64 -mtune=generic -Wl,-z,relro  Integrator.o  -o /home/ualusr2011/ual1220/ual1/codes/TEAPOT/api/blib/linux/arch/auto/Teapot/Integrator/Integrator.so 	\
   -L/home/ualusr2011/ual1220/ual1/codes/TEAPOT/lib/linux -lTeapot -L/home/ualusr2011/ual1220/ual1/codes/ZLIB/lib/linux -lZTps -L/home/ualusr2011/ual1220/ual1/codes/PAC/lib/linux -lPacSMF -lPacOptics -lPacSurvey -lPac -L/home/ualusr2011/ual1220/ual1/codes/UAL/lib/linux -lUal  	\
  
chmod 755 /home/ualusr2011/ual1220/ual1/codes/TEAPOT/api/blib/linux/arch/auto/Teapot/Integrator/Integrator.so
cp Integrator.bs /home/ualusr2011/ual1220/ual1/codes/TEAPOT/api/blib/linux/arch/auto/Teapot/Integrator/Integrator.bs
chmod 644 /home/ualusr2011/ual1220/ual1/codes/TEAPOT/api/blib/linux/arch/auto/Teapot/Integrator/Integrator.bs
make[4]: Leaving directory `/home/ualusr2011/ual1220/ual1/codes/TEAPOT/api/Integrator'
Checking if your kit is complete...
Looks good
Writing Makefile for Teapot::Math
Writing MYMETA.yml and MYMETA.json
make[4]: Entering directory `/home/ualusr2011/ual1220/ual1/codes/TEAPOT/api/Math'
/usr/bin/perl /usr/share/perl5/vendor_perl/ExtUtils/xsubpp  -C++ -prototypes -typemap /usr/share/perl5/ExtUtils/typemap -typemap typemap  Math.xs > Math.xsc && mv Math.xsc Math.c
g++ -D_SYS_TIMES_H_ -c  -I/home/ualusr2011/ual1220/ual1/codes/TEAPOT/src -I/home/ualusr2011/ual1220/ual1/codes/ZLIB/src  -I/home/ualusr2011/ual1220/ual1/codes/PAC/src -I/home/ualusr2011/ual1220/ual1/codes/UAL/include -D_REENTRANT -D_GNU_SOURCE -fno-strict-aliasing -pipe -fstack-protector -I/usr/local/include -D_LARGEFILE_SOURCE -D_FILE_OFFSET_BITS=64 -O2 -g -pipe -Wall -Wp,-D_FORTIFY_SOURCE=2 -fexceptions -fstack-protector-strong --param=ssp-buffer-size=4 -grecord-gcc-switches -m64 -mtune=generic   -DVERSION=\"1.00\" -DXS_VERSION=\"1.00\" -fPIC "-I/usr/lib64/perl5/CORE"  -DHAS_BOOL -Ubool Math.c
Running Mkbootstrap for Teapot::Math ()
chmod 644 Math.bs
rm -f /home/ualusr2011/ual1220/ual1/codes/TEAPOT/api/blib/linux/arch/auto/Teapot/Math/Math.so
g++  -shared -O2 -g -pipe -Wall -Wp,-D_FORTIFY_SOURCE=2 -fexceptions -fstack-protector-strong --param=ssp-buffer-size=4 -grecord-gcc-switches -m64 -mtune=generic -Wl,-z,relro  Math.o  -o /home/ualusr2011/ual1220/ual1/codes/TEAPOT/api/blib/linux/arch/auto/Teapot/Math/Math.so 	\
   -L/home/ualusr2011/ual1220/ual1/codes/TEAPOT/lib/linux -lTeapot -L/home/ualusr2011/ual1220/ual1/codes/ZLIB/lib/linux -lZTps -L/home/ualusr2011/ual1220/ual1/codes/PAC/lib/linux -lPacSMF -lPacOptics -lPacSurvey -lPac -L/home/ualusr2011/ual1220/ual1/codes/UAL/lib/linux -lUal  	\
  
chmod 755 /home/ualusr2011/ual1220/ual1/codes/TEAPOT/api/blib/linux/arch/auto/Teapot/Math/Math.so
cp Math.bs /home/ualusr2011/ual1220/ual1/codes/TEAPOT/api/blib/linux/arch/auto/Teapot/Math/Math.bs
chmod 644 /home/ualusr2011/ual1220/ual1/codes/TEAPOT/api/blib/linux/arch/auto/Teapot/Math/Math.bs
make[4]: Leaving directory `/home/ualusr2011/ual1220/ual1/codes/TEAPOT/api/Math'
Checking if your kit is complete...
Looks good
Writing Makefile for Teapot::Main
Writing MYMETA.yml and MYMETA.json
make[4]: Entering directory `/home/ualusr2011/ual1220/ual1/codes/TEAPOT/api/Main'
/usr/bin/perl /usr/share/perl5/vendor_perl/ExtUtils/xsubpp  -C++ -prototypes -typemap /usr/share/perl5/ExtUtils/typemap -typemap typemap  Main.xs > Main.xsc && mv Main.xsc Main.c
g++ -D_SYS_TIMES_H_ -c  -I/home/ualusr2011/ual1220/ual1/codes/TEAPOT/src -I/home/ualusr2011/ual1220/ual1/codes/ZLIB/src  -I/home/ualusr2011/ual1220/ual1/codes/PAC/src -I/home/ualusr2011/ual1220/ual1/codes/UAL/include -D_REENTRANT -D_GNU_SOURCE -fno-strict-aliasing -pipe -fstack-protector -I/usr/local/include -D_LARGEFILE_SOURCE -D_FILE_OFFSET_BITS=64 -O2 -g -pipe -Wall -Wp,-D_FORTIFY_SOURCE=2 -fexceptions -fstack-protector-strong --param=ssp-buffer-size=4 -grecord-gcc-switches -m64 -mtune=generic   -DVERSION=\"1.0\" -DXS_VERSION=\"1.0\" -fPIC "-I/usr/lib64/perl5/CORE"  -DHAS_BOOL -Ubool Main.c
In file included from /home/ualusr2011/ual1220/ual1/codes/PAC/src/SMF/PacElemKeys.h:4:0,
                 from /home/ualusr2011/ual1220/ual1/codes/PAC/src/SMF/PacSmf.h:10,
                 from /home/ualusr2011/ual1220/ual1/codes/TEAPOT/src/Main/Teapot.h:9,
                 from Main.xs:25:
/home/ualusr2011/ual1220/ual1/codes/PAC/src/Templates/PacRbTree.h: In member function ‘std::pair<std::_Rb_tree_iterator<_Val>, bool> PacRbTree<_Key, _Value, _KeyOfValue, _Compare, _Alloc>::insert_unique(const _Val&)’:
/home/ualusr2011/ual1220/ual1/codes/PAC/src/Templates/PacRbTree.h:76:10: warning: suggest explicit braces to avoid ambiguous ‘else’ [-Wparentheses]
       if (__comp)
          ^
Main.xs: In function ‘void XS_Teapot__Main_element(PerlInterpreter*, CV*)’:
Main.xs:55:16: warning: deprecated conversion from string constant to ‘char*’ [-Wwrite-strings]
  char* CLASS = "Pac::LattElement";
                ^
Main.xs: In function ‘void XS_Teapot__Main_steer_(PerlInterpreter*, CV*)’:
Main.xs:124:26: warning: comparison between signed and unsigned integer expressions [-Wsign-compare]
  for(i= 0; i < vads.size(); i++) {
                          ^
Main.xs:127:27: warning: comparison between signed and unsigned integer expressions [-Wsign-compare]
  for(i= 0; i < vdets.size(); i++) {
                           ^
Main.xs: In function ‘void XS_Teapot__Main_ftsteer_(PerlInterpreter*, CV*)’:
Main.xs:151:34: warning: comparison between signed and unsigned integer expressions [-Wsign-compare]
         for(i= 0; i < vhads.size(); i++) {
                                  ^
Main.xs:155:28: warning: comparison between signed and unsigned integer expressions [-Wsign-compare]
  for(i= 0; i < vhdets.size(); i++) {
                            ^
Main.xs:159:34: warning: comparison between signed and unsigned integer expressions [-Wsign-compare]
         for(i= 0; i < vvads.size(); i++) {
                                  ^
Main.xs:163:28: warning: comparison between signed and unsigned integer expressions [-Wsign-compare]
  for(i= 0; i < vvdets.size(); i++) {
                            ^
Main.xs: In function ‘void XS_Teapot__Main_tunethin_(PerlInterpreter*, CV*)’:
Main.xs:213:26: warning: comparison between signed and unsigned integer expressions [-Wsign-compare]
  for(i= 0; i < vb1f.size(); i++) {
                          ^
Main.xs:216:26: warning: comparison between signed and unsigned integer expressions [-Wsign-compare]
  for(i= 0; i < vb1d.size(); i++) {
                          ^
Main.xs: In function ‘void XS_Teapot__Main_chromfit_(PerlInterpreter*, CV*)’:
Main.xs:260:26: warning: comparison between signed and unsigned integer expressions [-Wsign-compare]
  for(i= 0; i < vb1f.size(); i++) {
                          ^
Main.xs:263:26: warning: comparison between signed and unsigned integer expressions [-Wsign-compare]
  for(i= 0; i < vb1d.size(); i++) {
                          ^
Main.xs: In function ‘void XS_Teapot__Main_decouple_(PerlInterpreter*, CV*)’:
Main.xs:331:27: warning: comparison between signed and unsigned integer expressions [-Wsign-compare]
  for(i= 0; i < va11s.size(); i++) {
                           ^
Main.xs:335:27: warning: comparison between signed and unsigned integer expressions [-Wsign-compare]
  for(i= 0; i < va12s.size(); i++) {
                           ^
Main.xs:339:27: warning: comparison between signed and unsigned integer expressions [-Wsign-compare]
  for(i= 0; i < va13s.size(); i++) {
                           ^
Main.xs:343:27: warning: comparison between signed and unsigned integer expressions [-Wsign-compare]
  for(i= 0; i < va14s.size(); i++) {
                           ^
Main.xs:347:26: warning: comparison between signed and unsigned integer expressions [-Wsign-compare]
  for(i= 0; i < vbfs.size(); i++) {
                          ^
Main.xs:351:26: warning: comparison between signed and unsigned integer expressions [-Wsign-compare]
  for(i= 0; i < vbds.size(); i++) {
                          ^
Running Mkbootstrap for Teapot::Main ()
chmod 644 Main.bs
rm -f /home/ualusr2011/ual1220/ual1/codes/TEAPOT/api/blib/linux/arch/auto/Teapot/Main/Main.so
g++  -shared -O2 -g -pipe -Wall -Wp,-D_FORTIFY_SOURCE=2 -fexceptions -fstack-protector-strong --param=ssp-buffer-size=4 -grecord-gcc-switches -m64 -mtune=generic -Wl,-z,relro  Main.o  -o /home/ualusr2011/ual1220/ual1/codes/TEAPOT/api/blib/linux/arch/auto/Teapot/Main/Main.so 	\
   -L/home/ualusr2011/ual1220/ual1/codes/TEAPOT/lib/linux -lTeapot -L/home/ualusr2011/ual1220/ual1/codes/ZLIB/lib/linux -lZTps -L/home/ualusr2011/ual1220/ual1/codes/PAC/lib/linux -lPacSMF -lPacOptics -lPacSurvey -lPac -L/home/ualusr2011/ual1220/ual1/codes/UAL/lib/linux -lUal  	\
  
chmod 755 /home/ualusr2011/ual1220/ual1/codes/TEAPOT/api/blib/linux/arch/auto/Teapot/Main/Main.so
cp Main.bs /home/ualusr2011/ual1220/ual1/codes/TEAPOT/api/blib/linux/arch/auto/Teapot/Main/Main.bs
chmod 644 /home/ualusr2011/ual1220/ual1/codes/TEAPOT/api/blib/linux/arch/auto/Teapot/Main/Main.bs
make[4]: Leaving directory `/home/ualusr2011/ual1220/ual1/codes/TEAPOT/api/Main'
make[3]: Leaving directory `/home/ualusr2011/ual1220/ual1/codes/TEAPOT/api'
make[2]: Leaving directory `/home/ualusr2011/ual1220/ual1/codes/TEAPOT'
make[2]: Entering directory `/home/ualusr2011/ual1220/ual1/codes/ETEAPOT'
if [ ! -d ./lib/linux ] ; \
	then (mkdir ./lib/linux; mkdir ./lib/linux/obj; ); fi;
make[3]: Entering directory `/home/ualusr2011/ual1220/ual1/codes/ETEAPOT/src'
if [ ! -d /home/ualusr2011/ual1220/ual1/codes/ETEAPOT/include ] ; \
	then (mkdir /home/ualusr2011/ual1220/ual1/codes/ETEAPOT/include;); fi;
(if [ !  -d /home/ualusr2011/ual1220/ual1/codes/ETEAPOT/lib ]; \
	then mkdir  /home/ualusr2011/ual1220/ual1/codes/ETEAPOT/lib; fi;)
(if [ !  -d /home/ualusr2011/ual1220/ual1/codes/ETEAPOT/lib/linux ]; \
	then mkdir  /home/ualusr2011/ual1220/ual1/codes/ETEAPOT/lib/linux; fi;)
(if [ !  -d /home/ualusr2011/ual1220/ual1/codes/ETEAPOT/lib/linux/obj ]; \
	then mkdir  /home/ualusr2011/ual1220/ual1/codes/ETEAPOT/lib/linux/obj; fi;)
make[4]: Entering directory `/home/ualusr2011/ual1220/ual1/codes/ETEAPOT/src/ETEAPOT'
if [ ! -d /home/ualusr2011/ual1220/ual1/codes/ETEAPOT/include/ETEAPOT ] ; \
	then (mkdir /home/ualusr2011/ual1220/ual1/codes/ETEAPOT/include/ETEAPOT;); fi;
make[5]: Entering directory `/home/ualusr2011/ual1220/ual1/codes/ETEAPOT/src/ETEAPOT/Base'
(if [ !  -d /home/ualusr2011/ual1220/ual1/codes/ETEAPOT/include/ETEAPOT/Base ]; \
	then mkdir /home/ualusr2011/ual1220/ual1/codes/ETEAPOT/include/ETEAPOT/Base; fi;)
cp *.hh /home/ualusr2011/ual1220/ual1/codes/ETEAPOT/include/ETEAPOT/Base/.
make[5]: Leaving directory `/home/ualusr2011/ual1220/ual1/codes/ETEAPOT/src/ETEAPOT/Base'
make[5]: Entering directory `/home/ualusr2011/ual1220/ual1/codes/ETEAPOT/src/ETEAPOT/Integrator'
g++                                     -g -fpic  -O0 -fno-inline -Wall  -Wno-deprecated       -I/home/ualusr2011/ual1220/ual1/codes/ETEAPOT/src -I/home/ualusr2011/ual1220/ual1/codes/PAC/src  -I/home/ualusr2011/ual1220/ual1/codes/UAL/include -I/home/ualusr2011/ual1220/ual1/codes/ZLIB/src -I/home/ualusr2011/ual1220/ual1/ext/UI/src -I/home/ualusr2011/ual1220/ual1/codes/TEAPOT/src -I/home/ualusr2011/ual1220/ual1/ext/SXF/src -I/home/ualusr2011/ual1220/ual1/codes/SIMBAD/src -I/home/ualusr2011/ual1220/ual1/tools/sxf/src -I/home/ualusr2011/ual1220/ual1/tools/include -I/home/ualusr2011/ual1220/ual1/ext/ADXF/src -I/home/ualusr2011/ual1220/ual1/codes/PAC/include/ -c ElemSlice.cc -o /home/ualusr2011/ual1220/ual1/codes/ETEAPOT/lib/linux/obj/ElemSlice.o;
g++                                     -g -fpic  -O0 -fno-inline -Wall  -Wno-deprecated       -I/home/ualusr2011/ual1220/ual1/codes/ETEAPOT/src -I/home/ualusr2011/ual1220/ual1/codes/PAC/src  -I/home/ualusr2011/ual1220/ual1/codes/UAL/include -I/home/ualusr2011/ual1220/ual1/codes/ZLIB/src -I/home/ualusr2011/ual1220/ual1/ext/UI/src -I/home/ualusr2011/ual1220/ual1/codes/TEAPOT/src -I/home/ualusr2011/ual1220/ual1/ext/SXF/src -I/home/ualusr2011/ual1220/ual1/codes/SIMBAD/src -I/home/ualusr2011/ual1220/ual1/tools/sxf/src -I/home/ualusr2011/ual1220/ual1/tools/include -I/home/ualusr2011/ual1220/ual1/ext/ADXF/src -I/home/ualusr2011/ual1220/ual1/codes/PAC/include/ -c DipoleData.cc -o /home/ualusr2011/ual1220/ual1/codes/ETEAPOT/lib/linux/obj/DipoleData.o;
In file included from /home/ualusr2011/ual1220/ual1/codes/PAC/src/Templates/PacOrderedList.h:6:0,
                 from /home/ualusr2011/ual1220/ual1/codes/PAC/src/SMF/PacElemAttributes.h:12,
                 from DipoleData.cc:9:
/home/ualusr2011/ual1220/ual1/codes/PAC/src/Templates/PacRbTree.h: In member function ‘std::pair<std::_Rb_tree_iterator<_Val>, bool> PacRbTree<_Key, _Value, _KeyOfValue, _Compare, _Alloc>::insert_unique(const _Val&)’:
/home/ualusr2011/ual1220/ual1/codes/PAC/src/Templates/PacRbTree.h:76:10: warning: suggest explicit braces to avoid ambiguous ‘else’ [-Wparentheses]
       if (__comp)
          ^
g++                                     -g -fpic  -O0 -fno-inline -Wall  -Wno-deprecated       -I/home/ualusr2011/ual1220/ual1/codes/ETEAPOT/src -I/home/ualusr2011/ual1220/ual1/codes/PAC/src  -I/home/ualusr2011/ual1220/ual1/codes/UAL/include -I/home/ualusr2011/ual1220/ual1/codes/ZLIB/src -I/home/ualusr2011/ual1220/ual1/ext/UI/src -I/home/ualusr2011/ual1220/ual1/codes/TEAPOT/src -I/home/ualusr2011/ual1220/ual1/ext/SXF/src -I/home/ualusr2011/ual1220/ual1/codes/SIMBAD/src -I/home/ualusr2011/ual1220/ual1/tools/sxf/src -I/home/ualusr2011/ual1220/ual1/tools/include -I/home/ualusr2011/ual1220/ual1/ext/ADXF/src -I/home/ualusr2011/ual1220/ual1/codes/PAC/include/ -c MltData.cc -o /home/ualusr2011/ual1220/ual1/codes/ETEAPOT/lib/linux/obj/MltData.o;
In file included from /home/ualusr2011/ual1220/ual1/codes/PAC/src/Templates/PacOrderedList.h:6:0,
                 from /home/ualusr2011/ual1220/ual1/codes/PAC/src/SMF/PacElemAttributes.h:12,
                 from MltData.cc:8:
/home/ualusr2011/ual1220/ual1/codes/PAC/src/Templates/PacRbTree.h: In member function ‘std::pair<std::_Rb_tree_iterator<_Val>, bool> PacRbTree<_Key, _Value, _KeyOfValue, _Compare, _Alloc>::insert_unique(const _Val&)’:
/home/ualusr2011/ual1220/ual1/codes/PAC/src/Templates/PacRbTree.h:76:10: warning: suggest explicit braces to avoid ambiguous ‘else’ [-Wparentheses]
       if (__comp)
          ^
g++                                     -g -fpic  -O0 -fno-inline -Wall  -Wno-deprecated       -I/home/ualusr2011/ual1220/ual1/codes/ETEAPOT/src -I/home/ualusr2011/ual1220/ual1/codes/PAC/src  -I/home/ualusr2011/ual1220/ual1/codes/UAL/include -I/home/ualusr2011/ual1220/ual1/codes/ZLIB/src -I/home/ualusr2011/ual1220/ual1/ext/UI/src -I/home/ualusr2011/ual1220/ual1/codes/TEAPOT/src -I/home/ualusr2011/ual1220/ual1/ext/SXF/src -I/home/ualusr2011/ual1220/ual1/codes/SIMBAD/src -I/home/ualusr2011/ual1220/ual1/tools/sxf/src -I/home/ualusr2011/ual1220/ual1/tools/include -I/home/ualusr2011/ual1220/ual1/ext/ADXF/src -I/home/ualusr2011/ual1220/ual1/codes/PAC/include/ -c BasicPropagator.cc -o /home/ualusr2011/ual1220/ual1/codes/ETEAPOT/lib/linux/obj/BasicPropagator.o;
In file included from /home/ualusr2011/ual1220/ual1/codes/PAC/src/Templates/PacOrderedList.h:6:0,
                 from /home/ualusr2011/ual1220/ual1/codes/PAC/src/SMF/PacElemAttributes.h:12,
                 from /home/ualusr2011/ual1220/ual1/codes/PAC/src/SMF/PacElemPart.h:10,
                 from /home/ualusr2011/ual1220/ual1/codes/PAC/src/SMF/PacGenElement.h:16,
                 from /home/ualusr2011/ual1220/ual1/codes/PAC/src/SMF/PacLattElement.h:12,
                 from /home/ualusr2011/ual1220/ual1/codes/ETEAPOT/src/ETEAPOT/Integrator/BasicPropagator.hh:10,
                 from BasicPropagator.cc:6:
/home/ualusr2011/ual1220/ual1/codes/PAC/src/Templates/PacRbTree.h: In member function ‘std::pair<std::_Rb_tree_iterator<_Val>, bool> PacRbTree<_Key, _Value, _KeyOfValue, _Compare, _Alloc>::insert_unique(const _Val&)’:
/home/ualusr2011/ual1220/ual1/codes/PAC/src/Templates/PacRbTree.h:76:10: warning: suggest explicit braces to avoid ambiguous ‘else’ [-Wparentheses]
       if (__comp)
          ^
g++                                     -g -fpic  -O0 -fno-inline -Wall  -Wno-deprecated       -I/home/ualusr2011/ual1220/ual1/codes/ETEAPOT/src -I/home/ualusr2011/ual1220/ual1/codes/PAC/src  -I/home/ualusr2011/ual1220/ual1/codes/UAL/include -I/home/ualusr2011/ual1220/ual1/codes/ZLIB/src -I/home/ualusr2011/ual1220/ual1/ext/UI/src -I/home/ualusr2011/ual1220/ual1/codes/TEAPOT/src -I/home/ualusr2011/ual1220/ual1/ext/SXF/src -I/home/ualusr2011/ual1220/ual1/codes/SIMBAD/src -I/home/ualusr2011/ual1220/ual1/tools/sxf/src -I/home/ualusr2011/ual1220/ual1/tools/include -I/home/ualusr2011/ual1220/ual1/ext/ADXF/src -I/home/ualusr2011/ual1220/ual1/codes/PAC/include/ -c BasicTracker.cc -o /home/ualusr2011/ual1220/ual1/codes/ETEAPOT/lib/linux/obj/BasicTracker.o;
In file included from /home/ualusr2011/ual1220/ual1/codes/PAC/src/Templates/PacOrderedList.h:6:0,
                 from /home/ualusr2011/ual1220/ual1/codes/PAC/src/SMF/PacElemAttributes.h:12,
                 from /home/ualusr2011/ual1220/ual1/codes/PAC/src/SMF/PacElemPart.h:10,
                 from /home/ualusr2011/ual1220/ual1/codes/PAC/src/SMF/PacGenElement.h:16,
                 from /home/ualusr2011/ual1220/ual1/codes/PAC/src/SMF/PacLattElement.h:12,
                 from /home/ualusr2011/ual1220/ual1/codes/ETEAPOT/src/ETEAPOT/Integrator/BasicTracker.hh:12,
                 from BasicTracker.cc:6:
/home/ualusr2011/ual1220/ual1/codes/PAC/src/Templates/PacRbTree.h: In member function ‘std::pair<std::_Rb_tree_iterator<_Val>, bool> PacRbTree<_Key, _Value, _KeyOfValue, _Compare, _Alloc>::insert_unique(const _Val&)’:
/home/ualusr2011/ual1220/ual1/codes/PAC/src/Templates/PacRbTree.h:76:10: warning: suggest explicit braces to avoid ambiguous ‘else’ [-Wparentheses]
       if (__comp)
          ^
g++                                     -g -fpic  -O0 -fno-inline -Wall  -Wno-deprecated       -I/home/ualusr2011/ual1220/ual1/codes/ETEAPOT/src -I/home/ualusr2011/ual1220/ual1/codes/PAC/src  -I/home/ualusr2011/ual1220/ual1/codes/UAL/include -I/home/ualusr2011/ual1220/ual1/codes/ZLIB/src -I/home/ualusr2011/ual1220/ual1/ext/UI/src -I/home/ualusr2011/ual1220/ual1/codes/TEAPOT/src -I/home/ualusr2011/ual1220/ual1/ext/SXF/src -I/home/ualusr2011/ual1220/ual1/codes/SIMBAD/src -I/home/ualusr2011/ual1220/ual1/tools/sxf/src -I/home/ualusr2011/ual1220/ual1/tools/include -I/home/ualusr2011/ual1220/ual1/ext/ADXF/src -I/home/ualusr2011/ual1220/ual1/codes/PAC/include/ -c DriftTracker.cc -o /home/ualusr2011/ual1220/ual1/codes/ETEAPOT/lib/linux/obj/DriftTracker.o;
In file included from /home/ualusr2011/ual1220/ual1/codes/ETEAPOT/src/ETEAPOT/Integrator/reference.inline:62:0,
                 from /home/ualusr2011/ual1220/ual1/codes/ETEAPOT/src/ETEAPOT/Integrator/algorithm.icc:174,
                 from /home/ualusr2011/ual1220/ual1/codes/ETEAPOT/src/ETEAPOT/Integrator/algorithm.hh:226,
                 from /home/ualusr2011/ual1220/ual1/codes/ETEAPOT/src/ETEAPOT/Integrator/DipoleTracker.hh:17,
                 from DriftTracker.cc:10:
/home/ualusr2011/ual1220/ual1/codes/ETEAPOT/src/ETEAPOT/Integrator/rotate.insert:1:0: warning: "PI" redefined [enabled by default]
 #define PI 3.141592653589793
 ^
In file included from /home/ualusr2011/ual1220/ual1/codes/PAC/src/Survey/PacSurvey.h:13:0,
                 from /home/ualusr2011/ual1220/ual1/codes/PAC/src/Survey/PacSurveyData.h:13,
                 from /home/ualusr2011/ual1220/ual1/codes/ETEAPOT/src/ETEAPOT/Integrator/DipoleData.hh:11,
                 from /home/ualusr2011/ual1220/ual1/codes/ETEAPOT/src/ETEAPOT/Integrator/DipoleTracker.hh:15,
                 from DriftTracker.cc:10:
/home/ualusr2011/ual1220/ual1/codes/PAC/src/Survey/PacSurveyDef.h:18:0: note: this is the location of the previous definition
 #define PI   3.1415926535898
 ^
In file included from /home/ualusr2011/ual1220/ual1/codes/PAC/src/Templates/PacOrderedList.h:6:0,
                 from /home/ualusr2011/ual1220/ual1/codes/PAC/src/SMF/PacElemAttributes.h:12,
                 from /home/ualusr2011/ual1220/ual1/codes/PAC/src/SMF/PacElemPart.h:10,
                 from /home/ualusr2011/ual1220/ual1/codes/PAC/src/SMF/PacGenElement.h:16,
                 from /home/ualusr2011/ual1220/ual1/codes/PAC/src/SMF/PacLine.h:12,
                 from /home/ualusr2011/ual1220/ual1/codes/PAC/src/SMF/PacLattice.h:14,
                 from DriftTracker.cc:8:
/home/ualusr2011/ual1220/ual1/codes/PAC/src/Templates/PacRbTree.h: In member function ‘std::pair<std::_Rb_tree_iterator<_Val>, bool> PacRbTree<_Key, _Value, _KeyOfValue, _Compare, _Alloc>::insert_unique(const _Val&)’:
/home/ualusr2011/ual1220/ual1/codes/PAC/src/Templates/PacRbTree.h:76:10: warning: suggest explicit braces to avoid ambiguous ‘else’ [-Wparentheses]
       if (__comp)
          ^
In file included from /home/ualusr2011/ual1220/ual1/codes/ETEAPOT/src/ETEAPOT/Integrator/algorithm.hh:177:0,
                 from /home/ualusr2011/ual1220/ual1/codes/ETEAPOT/src/ETEAPOT/Integrator/DipoleTracker.hh:17,
                 from DriftTracker.cc:10:
/home/ualusr2011/ual1220/ual1/codes/ETEAPOT/src/ETEAPOT/Integrator/timeViaHyperbolic: In member function ‘double algorithm<Coordinate, Coordinates>::t3h(double)’:
/home/ualusr2011/ual1220/ual1/codes/ETEAPOT/src/ETEAPOT/Integrator/timeViaHyperbolic:46:1: warning: no return statement in function returning non-void [-Wreturn-type]
 }
 ^
In file included from /home/ualusr2011/ual1220/ual1/codes/ETEAPOT/src/ETEAPOT/Integrator/DriftAlgorithm.hh:40:0,
                 from /home/ualusr2011/ual1220/ual1/codes/ETEAPOT/src/ETEAPOT/Integrator/DriftTracker.hh:9,
                 from DriftTracker.cc:9:
/home/ualusr2011/ual1220/ual1/codes/ETEAPOT/src/ETEAPOT/Integrator/DriftAlgorithm.icc: In instantiation of ‘void ETEAPOT::DriftAlgorithm<Coordinate, Coordinates>::passDriftPlusPostProcess(int, double, Coordinates&, Coordinates&, double, double, int) [with Coordinate = double; Coordinates = PAC::Position]’:
DriftTracker.cc:70:101:   required from here
/home/ualusr2011/ual1220/ual1/codes/ETEAPOT/src/ETEAPOT/Integrator/DriftAlgorithm.icc:81:205: warning: deprecated conversion from string constant to ‘char*’ [-Wwrite-strings]
 char * S[21] = {"ZERO  ","ONE   ","TWO   ","THREE ","FOUR  ","FIVE  ","SIX   ","SEVEN ","EIGHT ","NINE  ","TEN   ","ELEVEN","TWELVE","THIRTN","FORTN ","FIFTN ","SIKTN ","SEVNTN","EGHTN ","NNETN ","TWENTY"};
                                                                                                                                                                                                             ^
/home/ualusr2011/ual1220/ual1/codes/ETEAPOT/src/ETEAPOT/Integrator/DriftAlgorithm.icc:81:205: warning: deprecated conversion from string constant to ‘char*’ [-Wwrite-strings]
/home/ualusr2011/ual1220/ual1/codes/ETEAPOT/src/ETEAPOT/Integrator/DriftAlgorithm.icc:81:205: warning: deprecated conversion from string constant to ‘char*’ [-Wwrite-strings]
/home/ualusr2011/ual1220/ual1/codes/ETEAPOT/src/ETEAPOT/Integrator/DriftAlgorithm.icc:81:205: warning: deprecated conversion from string constant to ‘char*’ [-Wwrite-strings]
/home/ualusr2011/ual1220/ual1/codes/ETEAPOT/src/ETEAPOT/Integrator/DriftAlgorithm.icc:81:205: warning: deprecated conversion from string constant to ‘char*’ [-Wwrite-strings]
/home/ualusr2011/ual1220/ual1/codes/ETEAPOT/src/ETEAPOT/Integrator/DriftAlgorithm.icc:81:205: warning: deprecated conversion from string constant to ‘char*’ [-Wwrite-strings]
/home/ualusr2011/ual1220/ual1/codes/ETEAPOT/src/ETEAPOT/Integrator/DriftAlgorithm.icc:81:205: warning: deprecated conversion from string constant to ‘char*’ [-Wwrite-strings]
/home/ualusr2011/ual1220/ual1/codes/ETEAPOT/src/ETEAPOT/Integrator/DriftAlgorithm.icc:81:205: warning: deprecated conversion from string constant to ‘char*’ [-Wwrite-strings]
/home/ualusr2011/ual1220/ual1/codes/ETEAPOT/src/ETEAPOT/Integrator/DriftAlgorithm.icc:81:205: warning: deprecated conversion from string constant to ‘char*’ [-Wwrite-strings]
/home/ualusr2011/ual1220/ual1/codes/ETEAPOT/src/ETEAPOT/Integrator/DriftAlgorithm.icc:81:205: warning: deprecated conversion from string constant to ‘char*’ [-Wwrite-strings]
/home/ualusr2011/ual1220/ual1/codes/ETEAPOT/src/ETEAPOT/Integrator/DriftAlgorithm.icc:81:205: warning: deprecated conversion from string constant to ‘char*’ [-Wwrite-strings]
/home/ualusr2011/ual1220/ual1/codes/ETEAPOT/src/ETEAPOT/Integrator/DriftAlgorithm.icc:81:205: warning: deprecated conversion from string constant to ‘char*’ [-Wwrite-strings]
/home/ualusr2011/ual1220/ual1/codes/ETEAPOT/src/ETEAPOT/Integrator/DriftAlgorithm.icc:81:205: warning: deprecated conversion from string constant to ‘char*’ [-Wwrite-strings]
/home/ualusr2011/ual1220/ual1/codes/ETEAPOT/src/ETEAPOT/Integrator/DriftAlgorithm.icc:81:205: warning: deprecated conversion from string constant to ‘char*’ [-Wwrite-strings]
/home/ualusr2011/ual1220/ual1/codes/ETEAPOT/src/ETEAPOT/Integrator/DriftAlgorithm.icc:81:205: warning: deprecated conversion from string constant to ‘char*’ [-Wwrite-strings]
/home/ualusr2011/ual1220/ual1/codes/ETEAPOT/src/ETEAPOT/Integrator/DriftAlgorithm.icc:81:205: warning: deprecated conversion from string constant to ‘char*’ [-Wwrite-strings]
/home/ualusr2011/ual1220/ual1/codes/ETEAPOT/src/ETEAPOT/Integrator/DriftAlgorithm.icc:81:205: warning: deprecated conversion from string constant to ‘char*’ [-Wwrite-strings]
/home/ualusr2011/ual1220/ual1/codes/ETEAPOT/src/ETEAPOT/Integrator/DriftAlgorithm.icc:81:205: warning: deprecated conversion from string constant to ‘char*’ [-Wwrite-strings]
/home/ualusr2011/ual1220/ual1/codes/ETEAPOT/src/ETEAPOT/Integrator/DriftAlgorithm.icc:81:205: warning: deprecated conversion from string constant to ‘char*’ [-Wwrite-strings]
/home/ualusr2011/ual1220/ual1/codes/ETEAPOT/src/ETEAPOT/Integrator/DriftAlgorithm.icc:81:205: warning: deprecated conversion from string constant to ‘char*’ [-Wwrite-strings]
/home/ualusr2011/ual1220/ual1/codes/ETEAPOT/src/ETEAPOT/Integrator/DriftAlgorithm.icc:81:205: warning: deprecated conversion from string constant to ‘char*’ [-Wwrite-strings]
In file included from /home/ualusr2011/ual1220/ual1/codes/ETEAPOT/src/ETEAPOT/Integrator/DriftAlgorithm.hh:40:0,
                 from /home/ualusr2011/ual1220/ual1/codes/ETEAPOT/src/ETEAPOT/Integrator/DriftTracker.hh:9,
                 from DriftTracker.cc:9:
/home/ualusr2011/ual1220/ual1/codes/ETEAPOT/src/ETEAPOT/Integrator/DriftAlgorithm.icc:81:8: warning: unused variable ‘S’ [-Wunused-variable]
 char * S[21] = {"ZERO  ","ONE   ","TWO   ","THREE ","FOUR  ","FIVE  ","SIX   ","SEVEN ","EIGHT ","NINE  ","TEN   ","ELEVEN","TWELVE","THIRTN","FORTN ","FIFTN ","SIKTN ","SEVNTN","EGHTN ","NNETN ","TWENTY"};
        ^
g++                                     -g -fpic  -O0 -fno-inline -Wall  -Wno-deprecated       -I/home/ualusr2011/ual1220/ual1/codes/ETEAPOT/src -I/home/ualusr2011/ual1220/ual1/codes/PAC/src  -I/home/ualusr2011/ual1220/ual1/codes/UAL/include -I/home/ualusr2011/ual1220/ual1/codes/ZLIB/src -I/home/ualusr2011/ual1220/ual1/ext/UI/src -I/home/ualusr2011/ual1220/ual1/codes/TEAPOT/src -I/home/ualusr2011/ual1220/ual1/ext/SXF/src -I/home/ualusr2011/ual1220/ual1/codes/SIMBAD/src -I/home/ualusr2011/ual1220/ual1/tools/sxf/src -I/home/ualusr2011/ual1220/ual1/tools/include -I/home/ualusr2011/ual1220/ual1/ext/ADXF/src -I/home/ualusr2011/ual1220/ual1/codes/PAC/include/ -c MarkerTracker.cc -o /home/ualusr2011/ual1220/ual1/codes/ETEAPOT/lib/linux/obj/MarkerTracker.o;
In file included from /home/ualusr2011/ual1220/ual1/codes/ETEAPOT/src/ETEAPOT/Integrator/reference.inline:62:0,
                 from /home/ualusr2011/ual1220/ual1/codes/ETEAPOT/src/ETEAPOT/Integrator/algorithm.icc:174,
                 from /home/ualusr2011/ual1220/ual1/codes/ETEAPOT/src/ETEAPOT/Integrator/algorithm.hh:226,
                 from /home/ualusr2011/ual1220/ual1/codes/ETEAPOT/src/ETEAPOT/Integrator/DipoleTracker.hh:17,
                 from MarkerTracker.cc:11:
/home/ualusr2011/ual1220/ual1/codes/ETEAPOT/src/ETEAPOT/Integrator/rotate.insert:1:0: warning: "PI" redefined [enabled by default]
 #define PI 3.141592653589793
 ^
In file included from /home/ualusr2011/ual1220/ual1/codes/PAC/src/Survey/PacSurvey.h:13:0,
                 from /home/ualusr2011/ual1220/ual1/codes/PAC/src/Survey/PacSurveyData.h:13,
                 from /home/ualusr2011/ual1220/ual1/codes/ETEAPOT/src/ETEAPOT/Integrator/DipoleData.hh:11,
                 from /home/ualusr2011/ual1220/ual1/codes/ETEAPOT/src/ETEAPOT/Integrator/DipoleTracker.hh:15,
                 from MarkerTracker.cc:11:
/home/ualusr2011/ual1220/ual1/codes/PAC/src/Survey/PacSurveyDef.h:18:0: note: this is the location of the previous definition
 #define PI   3.1415926535898
 ^
In file included from /home/ualusr2011/ual1220/ual1/codes/PAC/src/Templates/PacOrderedList.h:6:0,
                 from /home/ualusr2011/ual1220/ual1/codes/PAC/src/SMF/PacElemAttributes.h:12,
                 from /home/ualusr2011/ual1220/ual1/codes/PAC/src/SMF/PacElemPart.h:10,
                 from /home/ualusr2011/ual1220/ual1/codes/PAC/src/SMF/PacGenElement.h:16,
                 from /home/ualusr2011/ual1220/ual1/codes/PAC/src/SMF/PacLine.h:12,
                 from /home/ualusr2011/ual1220/ual1/codes/PAC/src/SMF/PacLattice.h:14,
                 from MarkerTracker.cc:9:
/home/ualusr2011/ual1220/ual1/codes/PAC/src/Templates/PacRbTree.h: In member function ‘std::pair<std::_Rb_tree_iterator<_Val>, bool> PacRbTree<_Key, _Value, _KeyOfValue, _Compare, _Alloc>::insert_unique(const _Val&)’:
/home/ualusr2011/ual1220/ual1/codes/PAC/src/Templates/PacRbTree.h:76:10: warning: suggest explicit braces to avoid ambiguous ‘else’ [-Wparentheses]
       if (__comp)
          ^
In file included from /home/ualusr2011/ual1220/ual1/codes/ETEAPOT/src/ETEAPOT/Integrator/algorithm.hh:177:0,
                 from /home/ualusr2011/ual1220/ual1/codes/ETEAPOT/src/ETEAPOT/Integrator/DipoleTracker.hh:17,
                 from MarkerTracker.cc:11:
/home/ualusr2011/ual1220/ual1/codes/ETEAPOT/src/ETEAPOT/Integrator/timeViaHyperbolic: In member function ‘double algorithm<Coordinate, Coordinates>::t3h(double)’:
/home/ualusr2011/ual1220/ual1/codes/ETEAPOT/src/ETEAPOT/Integrator/timeViaHyperbolic:46:1: warning: no return statement in function returning non-void [-Wreturn-type]
 }
 ^
MarkerTracker.cc: In member function ‘virtual void ETEAPOT::MarkerTracker::propagate(UAL::Probe&)’:
MarkerTracker.cc:52:207: warning: deprecated conversion from string constant to ‘char*’ [-Wwrite-strings]
   char * S[21] = {"ZERO  ","ONE   ","TWO   ","THREE ","FOUR  ","FIVE  ","SIX   ","SEVEN ","EIGHT ","NINE  ","TEN   ","ELEVEN","TWELVE","THIRTN","FORTN ","FIFTN ","SIKTN ","SEVNTN","EGHTN ","NNETN ","TWENTY"};
                                                                                                                                                                                                               ^
MarkerTracker.cc:52:207: warning: deprecated conversion from string constant to ‘char*’ [-Wwrite-strings]
MarkerTracker.cc:52:207: warning: deprecated conversion from string constant to ‘char*’ [-Wwrite-strings]
MarkerTracker.cc:52:207: warning: deprecated conversion from string constant to ‘char*’ [-Wwrite-strings]
MarkerTracker.cc:52:207: warning: deprecated conversion from string constant to ‘char*’ [-Wwrite-strings]
MarkerTracker.cc:52:207: warning: deprecated conversion from string constant to ‘char*’ [-Wwrite-strings]
MarkerTracker.cc:52:207: warning: deprecated conversion from string constant to ‘char*’ [-Wwrite-strings]
MarkerTracker.cc:52:207: warning: deprecated conversion from string constant to ‘char*’ [-Wwrite-strings]
MarkerTracker.cc:52:207: warning: deprecated conversion from string constant to ‘char*’ [-Wwrite-strings]
MarkerTracker.cc:52:207: warning: deprecated conversion from string constant to ‘char*’ [-Wwrite-strings]
MarkerTracker.cc:52:207: warning: deprecated conversion from string constant to ‘char*’ [-Wwrite-strings]
MarkerTracker.cc:52:207: warning: deprecated conversion from string constant to ‘char*’ [-Wwrite-strings]
MarkerTracker.cc:52:207: warning: deprecated conversion from string constant to ‘char*’ [-Wwrite-strings]
MarkerTracker.cc:52:207: warning: deprecated conversion from string constant to ‘char*’ [-Wwrite-strings]
MarkerTracker.cc:52:207: warning: deprecated conversion from string constant to ‘char*’ [-Wwrite-strings]
MarkerTracker.cc:52:207: warning: deprecated conversion from string constant to ‘char*’ [-Wwrite-strings]
MarkerTracker.cc:52:207: warning: deprecated conversion from string constant to ‘char*’ [-Wwrite-strings]
MarkerTracker.cc:52:207: warning: deprecated conversion from string constant to ‘char*’ [-Wwrite-strings]
MarkerTracker.cc:52:207: warning: deprecated conversion from string constant to ‘char*’ [-Wwrite-strings]
MarkerTracker.cc:52:207: warning: deprecated conversion from string constant to ‘char*’ [-Wwrite-strings]
MarkerTracker.cc:52:207: warning: deprecated conversion from string constant to ‘char*’ [-Wwrite-strings]
MarkerTracker.cc:105:10: warning: unused variable ‘oldT’ [-Wunused-variable]
   double oldT = ba.getElapsedTime();
          ^
MarkerTracker.cc:110:10: warning: unused variable ‘v0byc’ [-Wunused-variable]
   double v0byc = p0/e0;
          ^
g++                                     -g -fpic  -O0 -fno-inline -Wall  -Wno-deprecated       -I/home/ualusr2011/ual1220/ual1/codes/ETEAPOT/src -I/home/ualusr2011/ual1220/ual1/codes/PAC/src  -I/home/ualusr2011/ual1220/ual1/codes/UAL/include -I/home/ualusr2011/ual1220/ual1/codes/ZLIB/src -I/home/ualusr2011/ual1220/ual1/ext/UI/src -I/home/ualusr2011/ual1220/ual1/codes/TEAPOT/src -I/home/ualusr2011/ual1220/ual1/ext/SXF/src -I/home/ualusr2011/ual1220/ual1/codes/SIMBAD/src -I/home/ualusr2011/ual1220/ual1/tools/sxf/src -I/home/ualusr2011/ual1220/ual1/tools/include -I/home/ualusr2011/ual1220/ual1/ext/ADXF/src -I/home/ualusr2011/ual1220/ual1/codes/PAC/include/ -c DipoleTracker.cc -o /home/ualusr2011/ual1220/ual1/codes/ETEAPOT/lib/linux/obj/DipoleTracker.o;
In file included from reference.inline:62:0,
                 from algorithm.icc:174,
                 from algorithm.hh:226,
                 from DipoleTracker.hh:17,
                 from DipoleTracker.cc:10:
rotate.insert:1:0: warning: "PI" redefined [enabled by default]
 #define PI 3.141592653589793
 ^
In file included from /home/ualusr2011/ual1220/ual1/codes/PAC/src/Survey/PacSurvey.h:13:0,
                 from /home/ualusr2011/ual1220/ual1/codes/PAC/src/Survey/PacSurveyData.h:13,
                 from /home/ualusr2011/ual1220/ual1/codes/ETEAPOT/src/ETEAPOT/Integrator/DipoleData.hh:11,
                 from DipoleTracker.hh:15,
                 from DipoleTracker.cc:10:
/home/ualusr2011/ual1220/ual1/codes/PAC/src/Survey/PacSurveyDef.h:18:0: note: this is the location of the previous definition
 #define PI   3.1415926535898
 ^
In file included from /home/ualusr2011/ual1220/ual1/codes/PAC/src/Templates/PacOrderedList.h:6:0,
                 from /home/ualusr2011/ual1220/ual1/codes/PAC/src/SMF/PacElemAttributes.h:12,
                 from /home/ualusr2011/ual1220/ual1/codes/PAC/src/SMF/PacElemPart.h:10,
                 from /home/ualusr2011/ual1220/ual1/codes/PAC/src/SMF/PacGenElement.h:16,
                 from /home/ualusr2011/ual1220/ual1/codes/PAC/src/SMF/PacLine.h:12,
                 from /home/ualusr2011/ual1220/ual1/codes/PAC/src/SMF/PacLattice.h:14,
                 from DipoleTracker.cc:9:
/home/ualusr2011/ual1220/ual1/codes/PAC/src/Templates/PacRbTree.h: In member function ‘std::pair<std::_Rb_tree_iterator<_Val>, bool> PacRbTree<_Key, _Value, _KeyOfValue, _Compare, _Alloc>::insert_unique(const _Val&)’:
/home/ualusr2011/ual1220/ual1/codes/PAC/src/Templates/PacRbTree.h:76:10: warning: suggest explicit braces to avoid ambiguous ‘else’ [-Wparentheses]
       if (__comp)
          ^
In file included from algorithm.hh:177:0,
                 from DipoleTracker.hh:17,
                 from DipoleTracker.cc:10:
timeViaHyperbolic: In member function ‘double algorithm<Coordinate, Coordinates>::t3h(double)’:
timeViaHyperbolic:46:1: warning: no return statement in function returning non-void [-Wreturn-type]
 }
 ^
In file included from algorithm.hh:226:0,
                 from DipoleTracker.hh:17,
                 from DipoleTracker.cc:10:
algorithm.icc: In instantiation of ‘void algorithm<Coordinate, Coordinates>::passBend(int, const ETEAPOT::DipoleData&, const ETEAPOT::MltData&, Coordinates&, Coordinates&, double, PAC::BeamAttributes, int) [with Coordinate = double; Coordinates = PAC::Position]’:
DipoleTracker.cc:100:73:   required from here
algorithm.icc:66:205: warning: deprecated conversion from string constant to ‘char*’ [-Wwrite-strings]
 char * S[21] = {"ZERO  ","ONE   ","TWO   ","THREE ","FOUR  ","FIVE  ","SIX   ","SEVEN ","EIGHT ","NINE  ","TEN   ","ELEVEN","TWELVE","THIRTN","FORTN ","FIFTN ","SIKTN ","SEVNTN","EGHTN ","NNETN ","TWENTY"};
                                                                                                                                                                                                             ^
algorithm.icc:66:205: warning: deprecated conversion from string constant to ‘char*’ [-Wwrite-strings]
algorithm.icc:66:205: warning: deprecated conversion from string constant to ‘char*’ [-Wwrite-strings]
algorithm.icc:66:205: warning: deprecated conversion from string constant to ‘char*’ [-Wwrite-strings]
algorithm.icc:66:205: warning: deprecated conversion from string constant to ‘char*’ [-Wwrite-strings]
algorithm.icc:66:205: warning: deprecated conversion from string constant to ‘char*’ [-Wwrite-strings]
algorithm.icc:66:205: warning: deprecated conversion from string constant to ‘char*’ [-Wwrite-strings]
algorithm.icc:66:205: warning: deprecated conversion from string constant to ‘char*’ [-Wwrite-strings]
algorithm.icc:66:205: warning: deprecated conversion from string constant to ‘char*’ [-Wwrite-strings]
algorithm.icc:66:205: warning: deprecated conversion from string constant to ‘char*’ [-Wwrite-strings]
algorithm.icc:66:205: warning: deprecated conversion from string constant to ‘char*’ [-Wwrite-strings]
algorithm.icc:66:205: warning: deprecated conversion from string constant to ‘char*’ [-Wwrite-strings]
algorithm.icc:66:205: warning: deprecated conversion from string constant to ‘char*’ [-Wwrite-strings]
algorithm.icc:66:205: warning: deprecated conversion from string constant to ‘char*’ [-Wwrite-strings]
algorithm.icc:66:205: warning: deprecated conversion from string constant to ‘char*’ [-Wwrite-strings]
algorithm.icc:66:205: warning: deprecated conversion from string constant to ‘char*’ [-Wwrite-strings]
algorithm.icc:66:205: warning: deprecated conversion from string constant to ‘char*’ [-Wwrite-strings]
algorithm.icc:66:205: warning: deprecated conversion from string constant to ‘char*’ [-Wwrite-strings]
algorithm.icc:66:205: warning: deprecated conversion from string constant to ‘char*’ [-Wwrite-strings]
algorithm.icc:66:205: warning: deprecated conversion from string constant to ‘char*’ [-Wwrite-strings]
algorithm.icc:66:205: warning: deprecated conversion from string constant to ‘char*’ [-Wwrite-strings]
In file included from algorithm.icc:45:0,
                 from algorithm.hh:226,
                 from DipoleTracker.hh:17,
                 from DipoleTracker.cc:10:
getDesignBeam.h:1:8: warning: unused variable ‘e0’ [-Wunused-variable]
 double e0=cba.getEnergy();
        ^
getDesignBeam.h:2:8: warning: unused variable ‘m0’ [-Wunused-variable]
 double m0=cba.getMass();
        ^
getDesignBeam.h:3:8: warning: unused variable ‘q0’ [-Wunused-variable]
 double q0=cba.getCharge();
        ^
getDesignBeam.h:4:8: warning: unused variable ‘t0’ [-Wunused-variable]
 double t0=cba.getElapsedTime();
        ^
getDesignBeam.h:5:8: warning: unused variable ‘f0’ [-Wunused-variable]
 double f0=cba.getRevfreq();
        ^
getDesignBeam.h:6:8: warning: unused variable ‘M0’ [-Wunused-variable]
 double M0=cba.getMacrosize();
        ^
getDesignBeam.h:7:8: warning: unused variable ‘G0’ [-Wunused-variable]
 double G0=cba.getG();
        ^
getDesignBeam.h:9:8: warning: unused variable ‘El0’ [-Wunused-variable]
 double El0=cba.getE();
        ^
In file included from /home/ualusr2011/ual1220/ual1/codes/ETEAPOT/src/ETEAPOT/Integrator/MltAlgorithm.hh:60:0,
                 from algorithm.hh:10,
                 from DipoleTracker.hh:17,
                 from DipoleTracker.cc:10:
/home/ualusr2011/ual1220/ual1/codes/ETEAPOT/src/ETEAPOT/Integrator/MltAlgorithm.icc: In instantiation of ‘void ETEAPOT::MltAlgorithm<Coordinate, Coordinates>::applyMltKick(int, PacElemMultipole*, PacElemOffset*, double, Coordinates&, int, double) [with Coordinate = double; Coordinates = PAC::Position]’:
/home/ualusr2011/ual1220/ual1/codes/ETEAPOT/src/ETEAPOT/Integrator/MltAlgorithm.icc:30:75:   required from ‘void ETEAPOT::MltAlgorithm<Coordinate, Coordinates>::passEntry(int, const ETEAPOT::MltData&, Coordinates&, int, double) [with Coordinate = double; Coordinates = PAC::Position]’
DipoleTracker.cc:97:73:   required from here
/home/ualusr2011/ual1220/ual1/codes/ETEAPOT/src/ETEAPOT/Integrator/MltAlgorithm.icc:115:205: warning: deprecated conversion from string constant to ‘char*’ [-Wwrite-strings]
 char * S[21] = {"ZERO  ","ONE   ","TWO   ","THREE ","FOUR  ","FIVE  ","SIX   ","SEVEN ","EIGHT ","NINE  ","TEN   ","ELEVEN","TWELVE","THIRTN","FORTN ","FIFTN ","SIKTN ","SEVNTN","EGHTN ","NNETN ","TWENTY"};
                                                                                                                                                                                                             ^
/home/ualusr2011/ual1220/ual1/codes/ETEAPOT/src/ETEAPOT/Integrator/MltAlgorithm.icc:115:205: warning: deprecated conversion from string constant to ‘char*’ [-Wwrite-strings]
/home/ualusr2011/ual1220/ual1/codes/ETEAPOT/src/ETEAPOT/Integrator/MltAlgorithm.icc:115:205: warning: deprecated conversion from string constant to ‘char*’ [-Wwrite-strings]
/home/ualusr2011/ual1220/ual1/codes/ETEAPOT/src/ETEAPOT/Integrator/MltAlgorithm.icc:115:205: warning: deprecated conversion from string constant to ‘char*’ [-Wwrite-strings]
/home/ualusr2011/ual1220/ual1/codes/ETEAPOT/src/ETEAPOT/Integrator/MltAlgorithm.icc:115:205: warning: deprecated conversion from string constant to ‘char*’ [-Wwrite-strings]
/home/ualusr2011/ual1220/ual1/codes/ETEAPOT/src/ETEAPOT/Integrator/MltAlgorithm.icc:115:205: warning: deprecated conversion from string constant to ‘char*’ [-Wwrite-strings]
/home/ualusr2011/ual1220/ual1/codes/ETEAPOT/src/ETEAPOT/Integrator/MltAlgorithm.icc:115:205: warning: deprecated conversion from string constant to ‘char*’ [-Wwrite-strings]
/home/ualusr2011/ual1220/ual1/codes/ETEAPOT/src/ETEAPOT/Integrator/MltAlgorithm.icc:115:205: warning: deprecated conversion from string constant to ‘char*’ [-Wwrite-strings]
/home/ualusr2011/ual1220/ual1/codes/ETEAPOT/src/ETEAPOT/Integrator/MltAlgorithm.icc:115:205: warning: deprecated conversion from string constant to ‘char*’ [-Wwrite-strings]
/home/ualusr2011/ual1220/ual1/codes/ETEAPOT/src/ETEAPOT/Integrator/MltAlgorithm.icc:115:205: warning: deprecated conversion from string constant to ‘char*’ [-Wwrite-strings]
/home/ualusr2011/ual1220/ual1/codes/ETEAPOT/src/ETEAPOT/Integrator/MltAlgorithm.icc:115:205: warning: deprecated conversion from string constant to ‘char*’ [-Wwrite-strings]
/home/ualusr2011/ual1220/ual1/codes/ETEAPOT/src/ETEAPOT/Integrator/MltAlgorithm.icc:115:205: warning: deprecated conversion from string constant to ‘char*’ [-Wwrite-strings]
/home/ualusr2011/ual1220/ual1/codes/ETEAPOT/src/ETEAPOT/Integrator/MltAlgorithm.icc:115:205: warning: deprecated conversion from string constant to ‘char*’ [-Wwrite-strings]
/home/ualusr2011/ual1220/ual1/codes/ETEAPOT/src/ETEAPOT/Integrator/MltAlgorithm.icc:115:205: warning: deprecated conversion from string constant to ‘char*’ [-Wwrite-strings]
/home/ualusr2011/ual1220/ual1/codes/ETEAPOT/src/ETEAPOT/Integrator/MltAlgorithm.icc:115:205: warning: deprecated conversion from string constant to ‘char*’ [-Wwrite-strings]
/home/ualusr2011/ual1220/ual1/codes/ETEAPOT/src/ETEAPOT/Integrator/MltAlgorithm.icc:115:205: warning: deprecated conversion from string constant to ‘char*’ [-Wwrite-strings]
/home/ualusr2011/ual1220/ual1/codes/ETEAPOT/src/ETEAPOT/Integrator/MltAlgorithm.icc:115:205: warning: deprecated conversion from string constant to ‘char*’ [-Wwrite-strings]
/home/ualusr2011/ual1220/ual1/codes/ETEAPOT/src/ETEAPOT/Integrator/MltAlgorithm.icc:115:205: warning: deprecated conversion from string constant to ‘char*’ [-Wwrite-strings]
/home/ualusr2011/ual1220/ual1/codes/ETEAPOT/src/ETEAPOT/Integrator/MltAlgorithm.icc:115:205: warning: deprecated conversion from string constant to ‘char*’ [-Wwrite-strings]
/home/ualusr2011/ual1220/ual1/codes/ETEAPOT/src/ETEAPOT/Integrator/MltAlgorithm.icc:115:205: warning: deprecated conversion from string constant to ‘char*’ [-Wwrite-strings]
/home/ualusr2011/ual1220/ual1/codes/ETEAPOT/src/ETEAPOT/Integrator/MltAlgorithm.icc:115:205: warning: deprecated conversion from string constant to ‘char*’ [-Wwrite-strings]
In file included from algorithm.hh:226:0,
                 from DipoleTracker.hh:17,
                 from DipoleTracker.cc:10:
algorithm.icc: In instantiation of ‘void algorithm<Coordinate, Coordinates>::traverseSplitBendExactly(int, Coordinates&, Coordinates&, double, PAC::BeamAttributes, double, double) [with Coordinate = double; Coordinates = PAC::Position]’:
algorithm.icc:75:83:   required from ‘void algorithm<Coordinate, Coordinates>::passBend(int, const ETEAPOT::DipoleData&, const ETEAPOT::MltData&, Coordinates&, Coordinates&, double, PAC::BeamAttributes, int) [with Coordinate = double; Coordinates = PAC::Position]’
DipoleTracker.cc:100:73:   required from here
algorithm.icc:144:205: warning: deprecated conversion from string constant to ‘char*’ [-Wwrite-strings]
 char * S[21] = {"ZERO  ","ONE   ","TWO   ","THREE ","FOUR  ","FIVE  ","SIX   ","SEVEN ","EIGHT ","NINE  ","TEN   ","ELEVEN","TWELVE","THIRTN","FORTN ","FIFTN ","SIKTN ","SEVNTN","EGHTN ","NNETN ","TWENTY"};
                                                                                                                                                                                                             ^
algorithm.icc:144:205: warning: deprecated conversion from string constant to ‘char*’ [-Wwrite-strings]
algorithm.icc:144:205: warning: deprecated conversion from string constant to ‘char*’ [-Wwrite-strings]
algorithm.icc:144:205: warning: deprecated conversion from string constant to ‘char*’ [-Wwrite-strings]
algorithm.icc:144:205: warning: deprecated conversion from string constant to ‘char*’ [-Wwrite-strings]
algorithm.icc:144:205: warning: deprecated conversion from string constant to ‘char*’ [-Wwrite-strings]
algorithm.icc:144:205: warning: deprecated conversion from string constant to ‘char*’ [-Wwrite-strings]
algorithm.icc:144:205: warning: deprecated conversion from string constant to ‘char*’ [-Wwrite-strings]
algorithm.icc:144:205: warning: deprecated conversion from string constant to ‘char*’ [-Wwrite-strings]
algorithm.icc:144:205: warning: deprecated conversion from string constant to ‘char*’ [-Wwrite-strings]
algorithm.icc:144:205: warning: deprecated conversion from string constant to ‘char*’ [-Wwrite-strings]
algorithm.icc:144:205: warning: deprecated conversion from string constant to ‘char*’ [-Wwrite-strings]
algorithm.icc:144:205: warning: deprecated conversion from string constant to ‘char*’ [-Wwrite-strings]
algorithm.icc:144:205: warning: deprecated conversion from string constant to ‘char*’ [-Wwrite-strings]
algorithm.icc:144:205: warning: deprecated conversion from string constant to ‘char*’ [-Wwrite-strings]
algorithm.icc:144:205: warning: deprecated conversion from string constant to ‘char*’ [-Wwrite-strings]
algorithm.icc:144:205: warning: deprecated conversion from string constant to ‘char*’ [-Wwrite-strings]
algorithm.icc:144:205: warning: deprecated conversion from string constant to ‘char*’ [-Wwrite-strings]
algorithm.icc:144:205: warning: deprecated conversion from string constant to ‘char*’ [-Wwrite-strings]
algorithm.icc:144:205: warning: deprecated conversion from string constant to ‘char*’ [-Wwrite-strings]
algorithm.icc:144:205: warning: deprecated conversion from string constant to ‘char*’ [-Wwrite-strings]
In file included from algorithm.icc:146:0,
                 from algorithm.hh:226,
                 from DipoleTracker.hh:17,
                 from DipoleTracker.cc:10:
getDesignBeam.h:4:8: warning: unused variable ‘t0’ [-Wunused-variable]
 double t0=cba.getElapsedTime();
        ^
getDesignBeam.h:5:8: warning: unused variable ‘f0’ [-Wunused-variable]
 double f0=cba.getRevfreq();
        ^
getDesignBeam.h:6:8: warning: unused variable ‘M0’ [-Wunused-variable]
 double M0=cba.getMacrosize();
        ^
getDesignBeam.h:7:8: warning: unused variable ‘G0’ [-Wunused-variable]
 double G0=cba.getG();
        ^
In file included from algorithm.hh:226:0,
                 from DipoleTracker.hh:17,
                 from DipoleTracker.cc:10:
algorithm.icc:158:8: warning: unused variable ‘Eel0MKS’ [-Wunused-variable]
 double Eel0MKS    = Eel0*1e9;
        ^
In file included from algorithm.icc:174:0,
                 from algorithm.hh:226,
                 from DipoleTracker.hh:17,
                 from DipoleTracker.cc:10:
reference.inline:9:8: warning: unused variable ‘dpz’ [-Wunused-variable]
 double dpz;
        ^
In file included from reference.inline:55:0,
                 from algorithm.icc:174,
                 from algorithm.hh:226,
                 from DipoleTracker.hh:17,
                 from DipoleTracker.cc:10:
hamilton.inline:8:8: warning: unused variable ‘ca1’ [-Wunused-variable]
 double ca1 = m0byEscM*m0byEscM*kapSQ;
        ^
hamilton.inline:11:8: warning: unused variable ‘omega’ [-Wunused-variable]
 double omega = (1-kappa)*L/gamma/rIn/rIn;
        ^
hamilton.inline:15:8: warning: unused variable ‘dEscMbyEscM’ [-Wunused-variable]
 double dEscMbyEscM = (EscM-EscM0)/EscM;
        ^
hamilton.inline:27:8: warning: unused variable ‘h0p_tildaA’ [-Wunused-variable]
 double h0p_tildaA = -L*Rsxf*p[1]/m0/rIn/rIn;
        ^
In file included from reference.inline:58:0,
                 from algorithm.icc:174,
                 from algorithm.hh:226,
                 from DipoleTracker.hh:17,
                 from DipoleTracker.cc:10:
timeOfFlightBend:5:8: warning: unused variable ‘qD’ [-Wunused-variable]
 double qD         = UAL::elemCharge;
        ^
In file included from reference.inline:62:0,
                 from algorithm.icc:174,
                 from algorithm.hh:226,
                 from DipoleTracker.hh:17,
                 from DipoleTracker.cc:10:
rotate.insert:20:8: warning: unused variable ‘angleIn’ [-Wunused-variable]
 double angleIn = acos(rInHatx*pInHatx+rInHaty*pInHaty+rInHatz*pInHatz);   //   ca PI/2
        ^
rotate.insert:26:8: warning: unused variable ‘rInCross_nDotpInHat’ [-Wunused-variable]
 double rInCross_nDotpInHat = rInCross_nx*pInHatx+rInCross_ny*pInHaty+rInCross_nz*pInHatz;   //   ca 1
        ^
rotate.insert:39:8: warning: unused variable ‘zer’ [-Wunused-variable]
 double zer    = nx*a*cos(th)+ny*yOutHat+nz*a*sin(th);   //   ca 0
        ^
rotate.insert:40:8: warning: unused variable ‘one’ [-Wunused-variable]
 double one    = a*a+yOutHat*yOutHat;   //   ca 1
        ^
rotate.insert:109:8: warning: unused variable ‘rP’ [-Wunused-variable]
 double rP = RR-dr;
        ^
In file included from algorithm.hh:226:0,
                 from DipoleTracker.hh:17,
                 from DipoleTracker.cc:10:
algorithm.icc:197:8: warning: unused variable ‘tof0’ [-Wunused-variable]
 double tof0       = Rsxf*th/v0;                                           //  mks
        ^
algorithm.icc:209:8: warning: unused variable ‘tofA’ [-Wunused-variable]
 double tofA       = time1+time2;
        ^
In file included from algorithm.icc:228:0,
                 from algorithm.hh:226,
                 from DipoleTracker.hh:17,
                 from DipoleTracker.cc:10:
algorithm.icc: In instantiation of ‘void algorithm<Coordinate, Coordinates>::splitBendKick(Coordinates&, PAC::BeamAttributes, double, double, double) [with Coordinate = double; Coordinates = PAC::Position]’:
algorithm.icc:111:66:   required from ‘void algorithm<Coordinate, Coordinates>::passBend(int, const ETEAPOT::DipoleData&, const ETEAPOT::MltData&, Coordinates&, Coordinates&, double, PAC::BeamAttributes, int) [with Coordinate = double; Coordinates = PAC::Position]’
DipoleTracker.cc:100:73:   required from here
getDesignBeam.h:4:8: warning: unused variable ‘t0’ [-Wunused-variable]
 double t0=cba.getElapsedTime();
        ^
getDesignBeam.h:5:8: warning: unused variable ‘f0’ [-Wunused-variable]
 double f0=cba.getRevfreq();
        ^
getDesignBeam.h:6:8: warning: unused variable ‘M0’ [-Wunused-variable]
 double M0=cba.getMacrosize();
        ^
getDesignBeam.h:7:8: warning: unused variable ‘G0’ [-Wunused-variable]
 double G0=cba.getG();
        ^
getDesignBeam.h:9:8: warning: unused variable ‘El0’ [-Wunused-variable]
 double El0=cba.getE();
        ^
In file included from algorithm.hh:226:0,
                 from DipoleTracker.hh:17,
                 from DipoleTracker.cc:10:
algorithm.icc:229:8: warning: unused variable ‘GeVperJ’ [-Wunused-variable]
 double GeVperJ   = 1./q0/1.e9;                            // units
        ^
algorithm.icc:235:8: warning: unused variable ‘Eel0MKS’ [-Wunused-variable]
 double Eel0MKS   = Eel0*1e9;
        ^
In file included from algorithm.hh:57:0,
                 from DipoleTracker.hh:17,
                 from DipoleTracker.cc:10:
algorithm.hh: In instantiation of ‘double algorithm<Coordinate, Coordinates>::getEpsilonMassagedMunoz35(PAC::BeamAttributes, double, double) [with Coordinate = double; Coordinates = PAC::Position]’:
hamilton.inline:40:126:   required from ‘void algorithm<Coordinate, Coordinates>::traverseSplitBendExactly(int, Coordinates&, Coordinates&, double, PAC::BeamAttributes, double, double) [with Coordinate = double; Coordinates = PAC::Position]’
algorithm.icc:75:83:   required from ‘void algorithm<Coordinate, Coordinates>::passBend(int, const ETEAPOT::DipoleData&, const ETEAPOT::MltData&, Coordinates&, Coordinates&, double, PAC::BeamAttributes, int) [with Coordinate = double; Coordinates = PAC::Position]’
DipoleTracker.cc:100:73:   required from here
getDesignBeam.h:3:8: warning: unused variable ‘q0’ [-Wunused-variable]
 double q0=cba.getCharge();
        ^
getDesignBeam.h:4:8: warning: unused variable ‘t0’ [-Wunused-variable]
 double t0=cba.getElapsedTime();
        ^
getDesignBeam.h:5:8: warning: unused variable ‘f0’ [-Wunused-variable]
 double f0=cba.getRevfreq();
        ^
getDesignBeam.h:6:8: warning: unused variable ‘M0’ [-Wunused-variable]
 double M0=cba.getMacrosize();
        ^
getDesignBeam.h:7:8: warning: unused variable ‘G0’ [-Wunused-variable]
 double G0=cba.getG();
        ^
getDesignBeam.h:9:8: warning: unused variable ‘El0’ [-Wunused-variable]
 double El0=cba.getE();
        ^
In file included from DipoleTracker.hh:17:0,
                 from DipoleTracker.cc:10:
algorithm.hh:62:15: warning: unused variable ‘dEscMbyEscM’ [-Wunused-variable]
        double dEscMbyEscM = (EscM-EscM0)/EscM;
               ^
algorithm.hh:66:15: warning: unused variable ‘h0_tildaA’ [-Wunused-variable]
        double h0_tildaA = L/m0/rIn-k*EscMS/L/m0/c/c;
               ^
In file included from DipoleTracker.hh:17:0,
                 from DipoleTracker.cc:10:
algorithm.hh: In instantiation of ‘double algorithm<Coordinate, Coordinates>::getEpsilonTheta0() [with Coordinate = double; Coordinates = PAC::Position]’:
hamilton.inline:41:105:   required from ‘void algorithm<Coordinate, Coordinates>::traverseSplitBendExactly(int, Coordinates&, Coordinates&, double, PAC::BeamAttributes, double, double) [with Coordinate = double; Coordinates = PAC::Position]’
algorithm.icc:75:83:   required from ‘void algorithm<Coordinate, Coordinates>::passBend(int, const ETEAPOT::DipoleData&, const ETEAPOT::MltData&, Coordinates&, Coordinates&, double, PAC::BeamAttributes, int) [with Coordinate = double; Coordinates = PAC::Position]’
DipoleTracker.cc:100:73:   required from here
algorithm.hh:50:15: warning: unused variable ‘fac’ [-Wunused-variable]
        double fac = sqrt(h0_tilda*h0_tilda+h0p_tilda*h0p_tilda/kappa/kappa);
               ^
In file included from algorithm.hh:226:0,
                 from DipoleTracker.hh:17,
                 from DipoleTracker.cc:10:
algorithm.icc: In member function ‘void algorithm<Coordinate, Coordinates>::passBend(int, const ETEAPOT::DipoleData&, const ETEAPOT::MltData&, Coordinates&, Coordinates&, double, PAC::BeamAttributes, int) [with Coordinate = double; Coordinates = PAC::Position]’:
algorithm.icc:65:1: warning: ‘dummy_v0byc’ may be used uninitialized in this function [-Wmaybe-uninitialized]
 getE(ip,data,edata,dummy,dummy2,dummy_v0byc,cba);
 ^
g++                                     -g -fpic  -O0 -fno-inline -Wall  -Wno-deprecated       -I/home/ualusr2011/ual1220/ual1/codes/ETEAPOT/src -I/home/ualusr2011/ual1220/ual1/codes/PAC/src  -I/home/ualusr2011/ual1220/ual1/codes/UAL/include -I/home/ualusr2011/ual1220/ual1/codes/ZLIB/src -I/home/ualusr2011/ual1220/ual1/ext/UI/src -I/home/ualusr2011/ual1220/ual1/codes/TEAPOT/src -I/home/ualusr2011/ual1220/ual1/ext/SXF/src -I/home/ualusr2011/ual1220/ual1/codes/SIMBAD/src -I/home/ualusr2011/ual1220/ual1/tools/sxf/src -I/home/ualusr2011/ual1220/ual1/tools/include -I/home/ualusr2011/ual1220/ual1/ext/ADXF/src -I/home/ualusr2011/ual1220/ual1/codes/PAC/include/ -c MltTracker.cc -o /home/ualusr2011/ual1220/ual1/codes/ETEAPOT/lib/linux/obj/MltTracker.o;
In file included from /home/ualusr2011/ual1220/ual1/codes/ETEAPOT/src/ETEAPOT/Integrator/reference.inline:62:0,
                 from /home/ualusr2011/ual1220/ual1/codes/ETEAPOT/src/ETEAPOT/Integrator/algorithm.icc:174,
                 from /home/ualusr2011/ual1220/ual1/codes/ETEAPOT/src/ETEAPOT/Integrator/algorithm.hh:226,
                 from /home/ualusr2011/ual1220/ual1/codes/ETEAPOT/src/ETEAPOT/Integrator/DipoleTracker.hh:17,
                 from MltTracker.cc:11:
/home/ualusr2011/ual1220/ual1/codes/ETEAPOT/src/ETEAPOT/Integrator/rotate.insert:1:0: warning: "PI" redefined [enabled by default]
 #define PI 3.141592653589793
 ^
In file included from /home/ualusr2011/ual1220/ual1/codes/PAC/src/Survey/PacSurvey.h:13:0,
                 from /home/ualusr2011/ual1220/ual1/codes/PAC/src/Survey/PacSurveyData.h:13,
                 from /home/ualusr2011/ual1220/ual1/codes/ETEAPOT/src/ETEAPOT/Integrator/DipoleData.hh:11,
                 from /home/ualusr2011/ual1220/ual1/codes/ETEAPOT/src/ETEAPOT/Integrator/DipoleTracker.hh:15,
                 from MltTracker.cc:11:
/home/ualusr2011/ual1220/ual1/codes/PAC/src/Survey/PacSurveyDef.h:18:0: note: this is the location of the previous definition
 #define PI   3.1415926535898
 ^
In file included from /home/ualusr2011/ual1220/ual1/codes/UAL/include/UAL/APF/PropagatorFactory.hh:10:0,
                 from MltTracker.cc:8:
/home/ualusr2011/ual1220/ual1/codes/UAL/include/UAL/APF/PropagatorNodePtr.hh: In destructor ‘virtual UAL::PropagatorNodePtr::CountHolder::~CountHolder()’:
/home/ualusr2011/ual1220/ual1/codes/UAL/include/UAL/APF/PropagatorNodePtr.hh:50:31: warning: deleting object of abstract class type ‘UAL::PropagatorNode’ which has non-virtual destructor will cause undefined behaviour [-Wdelete-non-virtual-dtor]
       ~CountHolder() { delete m_pointee; }
                               ^
In file included from /home/ualusr2011/ual1220/ual1/codes/PAC/src/Templates/PacOrderedList.h:6:0,
                 from /home/ualusr2011/ual1220/ual1/codes/PAC/src/SMF/PacElemAttributes.h:12,
                 from /home/ualusr2011/ual1220/ual1/codes/PAC/src/SMF/PacElemPart.h:10,
                 from /home/ualusr2011/ual1220/ual1/codes/PAC/src/SMF/PacGenElement.h:16,
                 from /home/ualusr2011/ual1220/ual1/codes/PAC/src/SMF/PacLine.h:12,
                 from /home/ualusr2011/ual1220/ual1/codes/PAC/src/SMF/PacLattice.h:14,
                 from /home/ualusr2011/ual1220/ual1/codes/ETEAPOT/src/ETEAPOT/Integrator/MltTracker.hh:10,
                 from MltTracker.cc:10:
/home/ualusr2011/ual1220/ual1/codes/PAC/src/Templates/PacRbTree.h: In member function ‘std::pair<std::_Rb_tree_iterator<_Val>, bool> PacRbTree<_Key, _Value, _KeyOfValue, _Compare, _Alloc>::insert_unique(const _Val&)’:
/home/ualusr2011/ual1220/ual1/codes/PAC/src/Templates/PacRbTree.h:76:10: warning: suggest explicit braces to avoid ambiguous ‘else’ [-Wparentheses]
       if (__comp)
          ^
In file included from /home/ualusr2011/ual1220/ual1/codes/ETEAPOT/src/ETEAPOT/Integrator/algorithm.hh:177:0,
                 from /home/ualusr2011/ual1220/ual1/codes/ETEAPOT/src/ETEAPOT/Integrator/DipoleTracker.hh:17,
                 from MltTracker.cc:11:
/home/ualusr2011/ual1220/ual1/codes/ETEAPOT/src/ETEAPOT/Integrator/timeViaHyperbolic: In member function ‘double algorithm<Coordinate, Coordinates>::t3h(double)’:
/home/ualusr2011/ual1220/ual1/codes/ETEAPOT/src/ETEAPOT/Integrator/timeViaHyperbolic:46:1: warning: no return statement in function returning non-void [-Wreturn-type]
 }
 ^
In file included from /home/ualusr2011/ual1220/ual1/codes/ETEAPOT/src/ETEAPOT/Integrator/MltAlgorithm.hh:60:0,
                 from /home/ualusr2011/ual1220/ual1/codes/ETEAPOT/src/ETEAPOT/Integrator/MltTracker.hh:12,
                 from MltTracker.cc:10:
/home/ualusr2011/ual1220/ual1/codes/ETEAPOT/src/ETEAPOT/Integrator/MltAlgorithm.icc: In instantiation of ‘void ETEAPOT::MltAlgorithm<Coordinate, Coordinates>::applyMltKick(int, PacElemMultipole*, PacElemOffset*, double, Coordinates&, int, double) [with Coordinate = double; Coordinates = PAC::Position]’:
/home/ualusr2011/ual1220/ual1/codes/ETEAPOT/src/ETEAPOT/Integrator/MltAlgorithm.icc:30:75:   required from ‘void ETEAPOT::MltAlgorithm<Coordinate, Coordinates>::passEntry(int, const ETEAPOT::MltData&, Coordinates&, int, double) [with Coordinate = double; Coordinates = PAC::Position]’
MltTracker.cc:98:98:   required from here
/home/ualusr2011/ual1220/ual1/codes/ETEAPOT/src/ETEAPOT/Integrator/MltAlgorithm.icc:115:205: warning: deprecated conversion from string constant to ‘char*’ [-Wwrite-strings]
 char * S[21] = {"ZERO  ","ONE   ","TWO   ","THREE ","FOUR  ","FIVE  ","SIX   ","SEVEN ","EIGHT ","NINE  ","TEN   ","ELEVEN","TWELVE","THIRTN","FORTN ","FIFTN ","SIKTN ","SEVNTN","EGHTN ","NNETN ","TWENTY"};
                                                                                                                                                                                                             ^
/home/ualusr2011/ual1220/ual1/codes/ETEAPOT/src/ETEAPOT/Integrator/MltAlgorithm.icc:115:205: warning: deprecated conversion from string constant to ‘char*’ [-Wwrite-strings]
/home/ualusr2011/ual1220/ual1/codes/ETEAPOT/src/ETEAPOT/Integrator/MltAlgorithm.icc:115:205: warning: deprecated conversion from string constant to ‘char*’ [-Wwrite-strings]
/home/ualusr2011/ual1220/ual1/codes/ETEAPOT/src/ETEAPOT/Integrator/MltAlgorithm.icc:115:205: warning: deprecated conversion from string constant to ‘char*’ [-Wwrite-strings]
/home/ualusr2011/ual1220/ual1/codes/ETEAPOT/src/ETEAPOT/Integrator/MltAlgorithm.icc:115:205: warning: deprecated conversion from string constant to ‘char*’ [-Wwrite-strings]
/home/ualusr2011/ual1220/ual1/codes/ETEAPOT/src/ETEAPOT/Integrator/MltAlgorithm.icc:115:205: warning: deprecated conversion from string constant to ‘char*’ [-Wwrite-strings]
/home/ualusr2011/ual1220/ual1/codes/ETEAPOT/src/ETEAPOT/Integrator/MltAlgorithm.icc:115:205: warning: deprecated conversion from string constant to ‘char*’ [-Wwrite-strings]
/home/ualusr2011/ual1220/ual1/codes/ETEAPOT/src/ETEAPOT/Integrator/MltAlgorithm.icc:115:205: warning: deprecated conversion from string constant to ‘char*’ [-Wwrite-strings]
/home/ualusr2011/ual1220/ual1/codes/ETEAPOT/src/ETEAPOT/Integrator/MltAlgorithm.icc:115:205: warning: deprecated conversion from string constant to ‘char*’ [-Wwrite-strings]
/home/ualusr2011/ual1220/ual1/codes/ETEAPOT/src/ETEAPOT/Integrator/MltAlgorithm.icc:115:205: warning: deprecated conversion from string constant to ‘char*’ [-Wwrite-strings]
/home/ualusr2011/ual1220/ual1/codes/ETEAPOT/src/ETEAPOT/Integrator/MltAlgorithm.icc:115:205: warning: deprecated conversion from string constant to ‘char*’ [-Wwrite-strings]
/home/ualusr2011/ual1220/ual1/codes/ETEAPOT/src/ETEAPOT/Integrator/MltAlgorithm.icc:115:205: warning: deprecated conversion from string constant to ‘char*’ [-Wwrite-strings]
/home/ualusr2011/ual1220/ual1/codes/ETEAPOT/src/ETEAPOT/Integrator/MltAlgorithm.icc:115:205: warning: deprecated conversion from string constant to ‘char*’ [-Wwrite-strings]
/home/ualusr2011/ual1220/ual1/codes/ETEAPOT/src/ETEAPOT/Integrator/MltAlgorithm.icc:115:205: warning: deprecated conversion from string constant to ‘char*’ [-Wwrite-strings]
/home/ualusr2011/ual1220/ual1/codes/ETEAPOT/src/ETEAPOT/Integrator/MltAlgorithm.icc:115:205: warning: deprecated conversion from string constant to ‘char*’ [-Wwrite-strings]
/home/ualusr2011/ual1220/ual1/codes/ETEAPOT/src/ETEAPOT/Integrator/MltAlgorithm.icc:115:205: warning: deprecated conversion from string constant to ‘char*’ [-Wwrite-strings]
/home/ualusr2011/ual1220/ual1/codes/ETEAPOT/src/ETEAPOT/Integrator/MltAlgorithm.icc:115:205: warning: deprecated conversion from string constant to ‘char*’ [-Wwrite-strings]
/home/ualusr2011/ual1220/ual1/codes/ETEAPOT/src/ETEAPOT/Integrator/MltAlgorithm.icc:115:205: warning: deprecated conversion from string constant to ‘char*’ [-Wwrite-strings]
/home/ualusr2011/ual1220/ual1/codes/ETEAPOT/src/ETEAPOT/Integrator/MltAlgorithm.icc:115:205: warning: deprecated conversion from string constant to ‘char*’ [-Wwrite-strings]
/home/ualusr2011/ual1220/ual1/codes/ETEAPOT/src/ETEAPOT/Integrator/MltAlgorithm.icc:115:205: warning: deprecated conversion from string constant to ‘char*’ [-Wwrite-strings]
/home/ualusr2011/ual1220/ual1/codes/ETEAPOT/src/ETEAPOT/Integrator/MltAlgorithm.icc:115:205: warning: deprecated conversion from string constant to ‘char*’ [-Wwrite-strings]
g++                                     -g -fpic  -O0 -fno-inline -Wall  -Wno-deprecated       -I/home/ualusr2011/ual1220/ual1/codes/ETEAPOT/src -I/home/ualusr2011/ual1220/ual1/codes/PAC/src  -I/home/ualusr2011/ual1220/ual1/codes/UAL/include -I/home/ualusr2011/ual1220/ual1/codes/ZLIB/src -I/home/ualusr2011/ual1220/ual1/ext/UI/src -I/home/ualusr2011/ual1220/ual1/codes/TEAPOT/src -I/home/ualusr2011/ual1220/ual1/ext/SXF/src -I/home/ualusr2011/ual1220/ual1/codes/SIMBAD/src -I/home/ualusr2011/ual1220/ual1/tools/sxf/src -I/home/ualusr2011/ual1220/ual1/tools/include -I/home/ualusr2011/ual1220/ual1/ext/ADXF/src -I/home/ualusr2011/ual1220/ual1/codes/PAC/include/ -c TrackerFactory.cc -o /home/ualusr2011/ual1220/ual1/codes/ETEAPOT/lib/linux/obj/TrackerFactory.o;
In file included from /home/ualusr2011/ual1220/ual1/codes/ETEAPOT/src/ETEAPOT/Integrator/reference.inline:62:0,
                 from /home/ualusr2011/ual1220/ual1/codes/ETEAPOT/src/ETEAPOT/Integrator/algorithm.icc:174,
                 from /home/ualusr2011/ual1220/ual1/codes/ETEAPOT/src/ETEAPOT/Integrator/algorithm.hh:226,
                 from /home/ualusr2011/ual1220/ual1/codes/ETEAPOT/src/ETEAPOT/Integrator/DipoleTracker.hh:17,
                 from /home/ualusr2011/ual1220/ual1/codes/ETEAPOT/src/ETEAPOT/Integrator/TrackerFactory.hh:14,
                 from TrackerFactory.cc:7:
/home/ualusr2011/ual1220/ual1/codes/ETEAPOT/src/ETEAPOT/Integrator/rotate.insert:1:0: warning: "PI" redefined [enabled by default]
 #define PI 3.141592653589793
 ^
In file included from /home/ualusr2011/ual1220/ual1/codes/PAC/src/Survey/PacSurvey.h:13:0,
                 from /home/ualusr2011/ual1220/ual1/codes/PAC/src/Survey/PacSurveyData.h:13,
                 from /home/ualusr2011/ual1220/ual1/codes/ETEAPOT/src/ETEAPOT/Integrator/DipoleData.hh:11,
                 from /home/ualusr2011/ual1220/ual1/codes/ETEAPOT/src/ETEAPOT/Integrator/DipoleTracker.hh:15,
                 from /home/ualusr2011/ual1220/ual1/codes/ETEAPOT/src/ETEAPOT/Integrator/TrackerFactory.hh:14,
                 from TrackerFactory.cc:7:
/home/ualusr2011/ual1220/ual1/codes/PAC/src/Survey/PacSurveyDef.h:18:0: note: this is the location of the previous definition
 #define PI   3.1415926535898
 ^
In file included from /home/ualusr2011/ual1220/ual1/codes/UAL/include/UAL/APF/PropagatorFactory.hh:10:0,
                 from TrackerFactory.cc:6:
/home/ualusr2011/ual1220/ual1/codes/UAL/include/UAL/APF/PropagatorNodePtr.hh: In destructor ‘virtual UAL::PropagatorNodePtr::CountHolder::~CountHolder()’:
/home/ualusr2011/ual1220/ual1/codes/UAL/include/UAL/APF/PropagatorNodePtr.hh:50:31: warning: deleting object of abstract class type ‘UAL::PropagatorNode’ which has non-virtual destructor will cause undefined behaviour [-Wdelete-non-virtual-dtor]
       ~CountHolder() { delete m_pointee; }
                               ^
In file included from /home/ualusr2011/ual1220/ual1/codes/PAC/src/Templates/PacOrderedList.h:6:0,
                 from /home/ualusr2011/ual1220/ual1/codes/PAC/src/SMF/PacElemAttributes.h:12,
                 from /home/ualusr2011/ual1220/ual1/codes/PAC/src/SMF/PacElemPart.h:10,
                 from /home/ualusr2011/ual1220/ual1/codes/PAC/src/SMF/PacGenElement.h:16,
                 from /home/ualusr2011/ual1220/ual1/codes/PAC/src/SMF/PacLattElement.h:12,
                 from /home/ualusr2011/ual1220/ual1/codes/ETEAPOT/src/ETEAPOT/Integrator/BasicTracker.hh:12,
                 from /home/ualusr2011/ual1220/ual1/codes/ETEAPOT/src/ETEAPOT/Integrator/MarkerTracker.hh:8,
                 from /home/ualusr2011/ual1220/ual1/codes/ETEAPOT/src/ETEAPOT/Integrator/TrackerFactory.hh:12,
                 from TrackerFactory.cc:7:
/home/ualusr2011/ual1220/ual1/codes/PAC/src/Templates/PacRbTree.h: In member function ‘std::pair<std::_Rb_tree_iterator<_Val>, bool> PacRbTree<_Key, _Value, _KeyOfValue, _Compare, _Alloc>::insert_unique(const _Val&)’:
/home/ualusr2011/ual1220/ual1/codes/PAC/src/Templates/PacRbTree.h:76:10: warning: suggest explicit braces to avoid ambiguous ‘else’ [-Wparentheses]
       if (__comp)
          ^
In file included from /home/ualusr2011/ual1220/ual1/codes/ETEAPOT/src/ETEAPOT/Integrator/algorithm.hh:177:0,
                 from /home/ualusr2011/ual1220/ual1/codes/ETEAPOT/src/ETEAPOT/Integrator/DipoleTracker.hh:17,
                 from /home/ualusr2011/ual1220/ual1/codes/ETEAPOT/src/ETEAPOT/Integrator/TrackerFactory.hh:14,
                 from TrackerFactory.cc:7:
/home/ualusr2011/ual1220/ual1/codes/ETEAPOT/src/ETEAPOT/Integrator/timeViaHyperbolic: In member function ‘double algorithm<Coordinate, Coordinates>::t3h(double)’:
/home/ualusr2011/ual1220/ual1/codes/ETEAPOT/src/ETEAPOT/Integrator/timeViaHyperbolic:46:1: warning: no return statement in function returning non-void [-Wreturn-type]
 }
 ^
g++                                     -g -fpic  -O0 -fno-inline -Wall  -Wno-deprecated       -I/home/ualusr2011/ual1220/ual1/codes/ETEAPOT/src -I/home/ualusr2011/ual1220/ual1/codes/PAC/src  -I/home/ualusr2011/ual1220/ual1/codes/UAL/include -I/home/ualusr2011/ual1220/ual1/codes/ZLIB/src -I/home/ualusr2011/ual1220/ual1/ext/UI/src -I/home/ualusr2011/ual1220/ual1/codes/TEAPOT/src -I/home/ualusr2011/ual1220/ual1/ext/SXF/src -I/home/ualusr2011/ual1220/ual1/codes/SIMBAD/src -I/home/ualusr2011/ual1220/ual1/tools/sxf/src -I/home/ualusr2011/ual1220/ual1/tools/include -I/home/ualusr2011/ual1220/ual1/ext/ADXF/src -I/home/ualusr2011/ual1220/ual1/codes/PAC/include/ -c RFCavityTracker.cc -o /home/ualusr2011/ual1220/ual1/codes/ETEAPOT/lib/linux/obj/RFCavityTracker.o;
In file included from /home/ualusr2011/ual1220/ual1/codes/ETEAPOT/src/ETEAPOT/Integrator/reference.inline:62:0,
                 from /home/ualusr2011/ual1220/ual1/codes/ETEAPOT/src/ETEAPOT/Integrator/algorithm.icc:174,
                 from /home/ualusr2011/ual1220/ual1/codes/ETEAPOT/src/ETEAPOT/Integrator/algorithm.hh:226,
                 from /home/ualusr2011/ual1220/ual1/codes/ETEAPOT/src/ETEAPOT/Integrator/DipoleTracker.hh:17,
                 from RFCavityTracker.cc:15:
/home/ualusr2011/ual1220/ual1/codes/ETEAPOT/src/ETEAPOT/Integrator/rotate.insert:1:0: warning: "PI" redefined [enabled by default]
 #define PI 3.141592653589793
 ^
In file included from /home/ualusr2011/ual1220/ual1/codes/PAC/src/Survey/PacSurvey.h:13:0,
                 from /home/ualusr2011/ual1220/ual1/codes/PAC/src/Survey/PacSurveyData.h:13,
                 from /home/ualusr2011/ual1220/ual1/codes/ETEAPOT/src/ETEAPOT/Integrator/DipoleData.hh:11,
                 from /home/ualusr2011/ual1220/ual1/codes/ETEAPOT/src/ETEAPOT/Integrator/DipoleTracker.hh:15,
                 from RFCavityTracker.cc:15:
/home/ualusr2011/ual1220/ual1/codes/PAC/src/Survey/PacSurveyDef.h:18:0: note: this is the location of the previous definition
 #define PI   3.1415926535898
 ^
In file included from /home/ualusr2011/ual1220/ual1/codes/UAL/include/UAL/APF/PropagatorFactory.hh:10:0,
                 from RFCavityTracker.cc:10:
/home/ualusr2011/ual1220/ual1/codes/UAL/include/UAL/APF/PropagatorNodePtr.hh: In destructor ‘virtual UAL::PropagatorNodePtr::CountHolder::~CountHolder()’:
/home/ualusr2011/ual1220/ual1/codes/UAL/include/UAL/APF/PropagatorNodePtr.hh:50:31: warning: deleting object of abstract class type ‘UAL::PropagatorNode’ which has non-virtual destructor will cause undefined behaviour [-Wdelete-non-virtual-dtor]
       ~CountHolder() { delete m_pointee; }
                               ^
In file included from /home/ualusr2011/ual1220/ual1/codes/PAC/src/Templates/PacOrderedList.h:6:0,
                 from /home/ualusr2011/ual1220/ual1/codes/PAC/src/SMF/PacElemAttributes.h:12,
                 from /home/ualusr2011/ual1220/ual1/codes/PAC/src/SMF/PacElemPart.h:10,
                 from /home/ualusr2011/ual1220/ual1/codes/PAC/src/SMF/PacGenElement.h:16,
                 from /home/ualusr2011/ual1220/ual1/codes/PAC/src/SMF/PacLine.h:12,
                 from /home/ualusr2011/ual1220/ual1/codes/PAC/src/SMF/PacLattice.h:14,
                 from RFCavityTracker.cc:12:
/home/ualusr2011/ual1220/ual1/codes/PAC/src/Templates/PacRbTree.h: In member function ‘std::pair<std::_Rb_tree_iterator<_Val>, bool> PacRbTree<_Key, _Value, _KeyOfValue, _Compare, _Alloc>::insert_unique(const _Val&)’:
/home/ualusr2011/ual1220/ual1/codes/PAC/src/Templates/PacRbTree.h:76:10: warning: suggest explicit braces to avoid ambiguous ‘else’ [-Wparentheses]
       if (__comp)
          ^
In file included from /home/ualusr2011/ual1220/ual1/codes/ETEAPOT/src/ETEAPOT/Integrator/algorithm.hh:177:0,
                 from /home/ualusr2011/ual1220/ual1/codes/ETEAPOT/src/ETEAPOT/Integrator/DipoleTracker.hh:17,
                 from RFCavityTracker.cc:15:
/home/ualusr2011/ual1220/ual1/codes/ETEAPOT/src/ETEAPOT/Integrator/timeViaHyperbolic: In member function ‘double algorithm<Coordinate, Coordinates>::t3h(double)’:
/home/ualusr2011/ual1220/ual1/codes/ETEAPOT/src/ETEAPOT/Integrator/timeViaHyperbolic:46:1: warning: no return statement in function returning non-void [-Wreturn-type]
 }
 ^
RFCavityTracker.cc: In member function ‘virtual void ETEAPOT::RFCavityTracker::propagate(UAL::Probe&)’:
RFCavityTracker.cc:93:205: warning: deprecated conversion from string constant to ‘char*’ [-Wwrite-strings]
 char * S[21] = {"ZERO  ","ONE   ","TWO   ","THREE ","FOUR  ","FIVE  ","SIX   ","SEVEN ","EIGHT ","NINE  ","TEN   ","ELEVEN","TWELVE","THIRTN","FORTN ","FIFTN ","SIKTN ","SEVNTN","EGHTN ","NNETN ","TWENTY"};
                                                                                                                                                                                                             ^
RFCavityTracker.cc:93:205: warning: deprecated conversion from string constant to ‘char*’ [-Wwrite-strings]
RFCavityTracker.cc:93:205: warning: deprecated conversion from string constant to ‘char*’ [-Wwrite-strings]
RFCavityTracker.cc:93:205: warning: deprecated conversion from string constant to ‘char*’ [-Wwrite-strings]
RFCavityTracker.cc:93:205: warning: deprecated conversion from string constant to ‘char*’ [-Wwrite-strings]
RFCavityTracker.cc:93:205: warning: deprecated conversion from string constant to ‘char*’ [-Wwrite-strings]
RFCavityTracker.cc:93:205: warning: deprecated conversion from string constant to ‘char*’ [-Wwrite-strings]
RFCavityTracker.cc:93:205: warning: deprecated conversion from string constant to ‘char*’ [-Wwrite-strings]
RFCavityTracker.cc:93:205: warning: deprecated conversion from string constant to ‘char*’ [-Wwrite-strings]
RFCavityTracker.cc:93:205: warning: deprecated conversion from string constant to ‘char*’ [-Wwrite-strings]
RFCavityTracker.cc:93:205: warning: deprecated conversion from string constant to ‘char*’ [-Wwrite-strings]
RFCavityTracker.cc:93:205: warning: deprecated conversion from string constant to ‘char*’ [-Wwrite-strings]
RFCavityTracker.cc:93:205: warning: deprecated conversion from string constant to ‘char*’ [-Wwrite-strings]
RFCavityTracker.cc:93:205: warning: deprecated conversion from string constant to ‘char*’ [-Wwrite-strings]
RFCavityTracker.cc:93:205: warning: deprecated conversion from string constant to ‘char*’ [-Wwrite-strings]
RFCavityTracker.cc:93:205: warning: deprecated conversion from string constant to ‘char*’ [-Wwrite-strings]
RFCavityTracker.cc:93:205: warning: deprecated conversion from string constant to ‘char*’ [-Wwrite-strings]
RFCavityTracker.cc:93:205: warning: deprecated conversion from string constant to ‘char*’ [-Wwrite-strings]
RFCavityTracker.cc:93:205: warning: deprecated conversion from string constant to ‘char*’ [-Wwrite-strings]
RFCavityTracker.cc:93:205: warning: deprecated conversion from string constant to ‘char*’ [-Wwrite-strings]
RFCavityTracker.cc:93:205: warning: deprecated conversion from string constant to ‘char*’ [-Wwrite-strings]
g++                                     -g -fpic  -O0 -fno-inline -Wall  -Wno-deprecated       -I/home/ualusr2011/ual1220/ual1/codes/ETEAPOT/src -I/home/ualusr2011/ual1220/ual1/codes/PAC/src  -I/home/ualusr2011/ual1220/ual1/codes/UAL/include -I/home/ualusr2011/ual1220/ual1/codes/ZLIB/src -I/home/ualusr2011/ual1220/ual1/ext/UI/src -I/home/ualusr2011/ual1220/ual1/codes/TEAPOT/src -I/home/ualusr2011/ual1220/ual1/ext/SXF/src -I/home/ualusr2011/ual1220/ual1/codes/SIMBAD/src -I/home/ualusr2011/ual1220/ual1/tools/sxf/src -I/home/ualusr2011/ual1220/ual1/tools/include -I/home/ualusr2011/ual1220/ual1/ext/ADXF/src -I/home/ualusr2011/ual1220/ual1/codes/PAC/include/ -c LossCollector.cc -o /home/ualusr2011/ual1220/ual1/codes/ETEAPOT/lib/linux/obj/LossCollector.o;
if [ ! -d /home/ualusr2011/ual1220/ual1/codes/ETEAPOT/include/ETEAPOT/Integrator ] ; \
	then mkdir /home/ualusr2011/ual1220/ual1/codes/ETEAPOT/include/ETEAPOT/Integrator ; fi;
cp *.hh *.icc /home/ualusr2011/ual1220/ual1/codes/ETEAPOT/include/ETEAPOT/Integrator/.
make[5]: Leaving directory `/home/ualusr2011/ual1220/ual1/codes/ETEAPOT/src/ETEAPOT/Integrator'
make[4]: Leaving directory `/home/ualusr2011/ual1220/ual1/codes/ETEAPOT/src/ETEAPOT'
make[4]: Entering directory `/home/ualusr2011/ual1220/ual1/codes/ETEAPOT/src/Main'
g++                                     -g -fpic  -O0 -fno-inline -Wall  -Wno-deprecated       -I/home/ualusr2011/ual1220/ual1/codes/ETEAPOT/src -I/home/ualusr2011/ual1220/ual1/codes/PAC/src  -I/home/ualusr2011/ual1220/ual1/codes/UAL/include -I/home/ualusr2011/ual1220/ual1/codes/ZLIB/src -I/home/ualusr2011/ual1220/ual1/ext/UI/src -I/home/ualusr2011/ual1220/ual1/codes/TEAPOT/src -I/home/ualusr2011/ual1220/ual1/ext/SXF/src -I/home/ualusr2011/ual1220/ual1/codes/SIMBAD/src -I/home/ualusr2011/ual1220/ual1/tools/sxf/src -I/home/ualusr2011/ual1220/ual1/tools/include -I/home/ualusr2011/ual1220/ual1/ext/ADXF/src -c Eteapot.cc -o /home/ualusr2011/ual1220/ual1/codes/ETEAPOT/lib/linux/obj/Eteapot.o;
In file included from /home/ualusr2011/ual1220/ual1/codes/PAC/src/SMF/PacElemKeys.h:4:0,
                 from /home/ualusr2011/ual1220/ual1/codes/PAC/src/SMF/PacSmf.h:10,
                 from /home/ualusr2011/ual1220/ual1/codes/ETEAPOT/src/Main/Eteapot.h:11,
                 from Eteapot.cc:11:
/home/ualusr2011/ual1220/ual1/codes/PAC/src/Templates/PacRbTree.h: In member function ‘std::pair<std::_Rb_tree_iterator<_Val>, bool> PacRbTree<_Key, _Value, _KeyOfValue, _Compare, _Alloc>::insert_unique(const _Val&)’:
/home/ualusr2011/ual1220/ual1/codes/PAC/src/Templates/PacRbTree.h:76:10: warning: suggest explicit braces to avoid ambiguous ‘else’ [-Wparentheses]
       if (__comp)
          ^
In file included from /home/ualusr2011/ual1220/ual1/codes/UAL/include/UAL/APF/PropagatorSequence.hh:10:0,
                 from /home/ualusr2011/ual1220/ual1/codes/UAL/include/UAL/APF/AcceleratorPropagator.hh:9,
                 from /home/ualusr2011/ual1220/ual1/ext/UI/src/UAL/UI/Shell.hh:5,
                 from /home/ualusr2011/ual1220/ual1/codes/ETEAPOT/src/Main/Eteapot.h:17,
                 from Eteapot.cc:11:
/home/ualusr2011/ual1220/ual1/codes/UAL/include/UAL/APF/PropagatorNodePtr.hh: In destructor ‘virtual UAL::PropagatorNodePtr::CountHolder::~CountHolder()’:
/home/ualusr2011/ual1220/ual1/codes/UAL/include/UAL/APF/PropagatorNodePtr.hh:50:31: warning: deleting object of abstract class type ‘UAL::PropagatorNode’ which has non-virtual destructor will cause undefined behaviour [-Wdelete-non-virtual-dtor]
       ~CountHolder() { delete m_pointee; }
                               ^
Eteapot.cc: In member function ‘void Eteapot::twissFromTracking(PAC::BeamAttributes, UAL::AcceleratorPropagator*, float, double&, double&, double&, double&, double&, double&)’:
Eteapot.cc:51:5: warning: variable ‘turns’ set but not used [-Wunused-but-set-variable]
 int turns=1;
     ^
In file included from Eteapot.cc:52:0:
probeDataForTwiss:4:23: warning: unused variable ‘x3typ’ [-Wunused-variable]
 double y1typ  = TINY, x3typ  = TINY;
                       ^
probeDataForTwiss:5:23: warning: unused variable ‘x4typ’ [-Wunused-variable]
 double y2typ  = TINY, x4typ  = TINY;
                       ^
probeDataForTwiss:6:8: warning: unused variable ‘x5typ’ [-Wunused-variable]
 double x5typ  = TINY;
        ^
probeDataForTwiss:7:23: warning: unused variable ‘x6typ’ [-Wunused-variable]
 double deltyp = TINY, x6typ  = TINY;
                       ^
In file included from Eteapot.cc:86:0:
trtrout:164:8: warning: variable ‘r’ set but not used [-Wunused-but-set-variable]
 double r[5][5];
        ^
Eteapot.cc:88:8: warning: unused variable ‘MX21’ [-Wunused-variable]
 double MX21=rx[2][1];double MX22=rx[2][2];
        ^
Eteapot.cc:118:8: warning: unused variable ‘MY21’ [-Wunused-variable]
 double MY21=ry[2][1];double MY22=ry[2][2];
        ^
g++                                     -g -fpic  -O0 -fno-inline -Wall  -Wno-deprecated       -I/home/ualusr2011/ual1220/ual1/codes/ETEAPOT/src -I/home/ualusr2011/ual1220/ual1/codes/PAC/src  -I/home/ualusr2011/ual1220/ual1/codes/UAL/include -I/home/ualusr2011/ual1220/ual1/codes/ZLIB/src -I/home/ualusr2011/ual1220/ual1/ext/UI/src -I/home/ualusr2011/ual1220/ual1/codes/TEAPOT/src -I/home/ualusr2011/ual1220/ual1/ext/SXF/src -I/home/ualusr2011/ual1220/ual1/codes/SIMBAD/src -I/home/ualusr2011/ual1220/ual1/tools/sxf/src -I/home/ualusr2011/ual1220/ual1/tools/include -I/home/ualusr2011/ual1220/ual1/ext/ADXF/src -c positionPrinter.cc -o /home/ualusr2011/ual1220/ual1/codes/ETEAPOT/lib/linux/obj/positionPrinter.o;
In file included from /home/ualusr2011/ual1220/ual1/codes/UAL/include/UAL/APF/PropagatorSequence.hh:10:0,
                 from /home/ualusr2011/ual1220/ual1/codes/UAL/include/UAL/APF/AcceleratorPropagator.hh:9,
                 from /home/ualusr2011/ual1220/ual1/ext/UI/src/UAL/UI/Shell.hh:5,
                 from positionPrinter.hh:10,
                 from positionPrinter.cc:2:
/home/ualusr2011/ual1220/ual1/codes/UAL/include/UAL/APF/PropagatorNodePtr.hh: In destructor ‘virtual UAL::PropagatorNodePtr::CountHolder::~CountHolder()’:
/home/ualusr2011/ual1220/ual1/codes/UAL/include/UAL/APF/PropagatorNodePtr.hh:50:31: warning: deleting object of abstract class type ‘UAL::PropagatorNode’ which has non-virtual destructor will cause undefined behaviour [-Wdelete-non-virtual-dtor]
       ~CountHolder() { delete m_pointee; }
                               ^
positionPrinter.cc: In member function ‘void positionPrinter::write(int, int, PAC::Bunch&)’:
positionPrinter.cc:28:14: warning: unused variable ‘v’ [-Wunused-variable]
       double v     = p/gam/energy*UAL::clight;
              ^
make[4]: Leaving directory `/home/ualusr2011/ual1220/ual1/codes/ETEAPOT/src/Main'
g++                                      -I/home/ualusr2011/ual1220/ual1/codes/ETEAPOT/src -I/home/ualusr2011/ual1220/ual1/codes/PAC/src  -I/home/ualusr2011/ual1220/ual1/codes/UAL/include -I/home/ualusr2011/ual1220/ual1/codes/ZLIB/src -I/home/ualusr2011/ual1220/ual1/ext/UI/src -I/home/ualusr2011/ual1220/ual1/codes/TEAPOT/src -I/home/ualusr2011/ual1220/ual1/ext/SXF/src -I/home/ualusr2011/ual1220/ual1/codes/SIMBAD/src -I/home/ualusr2011/ual1220/ual1/tools/sxf/src -I/home/ualusr2011/ual1220/ual1/tools/include -I/home/ualusr2011/ual1220/ual1/ext/ADXF/src -o /home/ualusr2011/ual1220/ual1/codes/ETEAPOT/lib/linux/obj/dummy   \
	./dummy.cc /home/ualusr2011/ual1220/ual1/codes/ETEAPOT/lib/linux/obj/ElemSlice.o /home/ualusr2011/ual1220/ual1/codes/ETEAPOT/lib/linux/obj/DipoleData.o /home/ualusr2011/ual1220/ual1/codes/ETEAPOT/lib/linux/obj/MltData.o /home/ualusr2011/ual1220/ual1/codes/ETEAPOT/lib/linux/obj/BasicPropagator.o /home/ualusr2011/ual1220/ual1/codes/ETEAPOT/lib/linux/obj/BasicTracker.o /home/ualusr2011/ual1220/ual1/codes/ETEAPOT/lib/linux/obj/DriftTracker.o /home/ualusr2011/ual1220/ual1/codes/ETEAPOT/lib/linux/obj/MarkerTracker.o /home/ualusr2011/ual1220/ual1/codes/ETEAPOT/lib/linux/obj/DipoleTracker.o /home/ualusr2011/ual1220/ual1/codes/ETEAPOT/lib/linux/obj/MltTracker.o /home/ualusr2011/ual1220/ual1/codes/ETEAPOT/lib/linux/obj/TrackerFactory.o /home/ualusr2011/ual1220/ual1/codes/ETEAPOT/lib/linux/obj/RFCavityTracker.o /home/ualusr2011/ual1220/ual1/codes/ETEAPOT/lib/linux/obj/LossCollector.o /home/ualusr2011/ual1220/ual1/codes/ETEAPOT/lib/linux/obj/Eteapot.o /home/ualusr2011/ual1220/ual1/codes/ETEAPOT/lib/linux/obj/positionPrinter.o -L/home/ualusr2011/ual1220/ual1/codes/ETEAPOT/lib/linux -L/home/ualusr2011/ual1220/ual1/codes/PAC/lib/linux -L/home/ualusr2011/ual1220/ual1/codes/ZLIB/lib/linux -L/home/ualusr2011/ual1220/ual1/codes/UAL/lib/linux -lUal -ldl -L/home/ualusr2011/ual1220/ual1/codes/TEAPOT/lib/linux -lTeapot -L/home/ualusr2011/ual1220/ual1/codes/UAL/lib/linux -lUal -L/home/ualusr2011/ual1220/ual1/tools/lib/linux		-lgsl -lgslcblas -L/home/ualusr2011/ual1220/ual1/codes/PAC/lib/linux -lPacSMF -L/home/ualusr2011/ual1220/ual1/codes/PAC/lib/linux -lPacOptics  -L/home/ualusr2011/ual1220/ual1/codes/PAC/lib/linux -lPac  -L/home/ualusr2011/ual1220/ual1/codes/PAC/lib/linux -lPacSurvey -L/home/ualusr2011/ual1220/ual1/codes/ZLIB/lib/linux -lZTps -L/home/ualusr2011/ual1220/ual1/tools/lib/linux		-lgsl -lgslcblas
cp /dev/null /home/ualusr2011/ual1220/ual1/codes/ETEAPOT/lib/linux/obj/dummy
g++                                     -shared                                 -o /home/ualusr2011/ual1220/ual1/codes/ETEAPOT/lib/linux/libETeapot.so /home/ualusr2011/ual1220/ual1/codes/ETEAPOT/lib/linux/obj/ElemSlice.o /home/ualusr2011/ual1220/ual1/codes/ETEAPOT/lib/linux/obj/DipoleData.o /home/ualusr2011/ual1220/ual1/codes/ETEAPOT/lib/linux/obj/MltData.o /home/ualusr2011/ual1220/ual1/codes/ETEAPOT/lib/linux/obj/BasicPropagator.o /home/ualusr2011/ual1220/ual1/codes/ETEAPOT/lib/linux/obj/BasicTracker.o /home/ualusr2011/ual1220/ual1/codes/ETEAPOT/lib/linux/obj/DriftTracker.o /home/ualusr2011/ual1220/ual1/codes/ETEAPOT/lib/linux/obj/MarkerTracker.o /home/ualusr2011/ual1220/ual1/codes/ETEAPOT/lib/linux/obj/DipoleTracker.o /home/ualusr2011/ual1220/ual1/codes/ETEAPOT/lib/linux/obj/MltTracker.o /home/ualusr2011/ual1220/ual1/codes/ETEAPOT/lib/linux/obj/TrackerFactory.o /home/ualusr2011/ual1220/ual1/codes/ETEAPOT/lib/linux/obj/RFCavityTracker.o /home/ualusr2011/ual1220/ual1/codes/ETEAPOT/lib/linux/obj/LossCollector.o /home/ualusr2011/ual1220/ual1/codes/ETEAPOT/lib/linux/obj/Eteapot.o /home/ualusr2011/ual1220/ual1/codes/ETEAPOT/lib/linux/obj/positionPrinter.o -L/home/ualusr2011/ual1220/ual1/codes/ETEAPOT/lib/linux -L/home/ualusr2011/ual1220/ual1/codes/PAC/lib/linux -L/home/ualusr2011/ual1220/ual1/codes/ZLIB/lib/linux -L/home/ualusr2011/ual1220/ual1/codes/UAL/lib/linux -lUal -ldl -L/home/ualusr2011/ual1220/ual1/codes/TEAPOT/lib/linux -lTeapot -L/home/ualusr2011/ual1220/ual1/codes/UAL/lib/linux -lUal -L/home/ualusr2011/ual1220/ual1/tools/lib/linux		-lgsl -lgslcblas -L/home/ualusr2011/ual1220/ual1/codes/PAC/lib/linux -lPacSMF -L/home/ualusr2011/ual1220/ual1/codes/PAC/lib/linux -lPacOptics  -L/home/ualusr2011/ual1220/ual1/codes/PAC/lib/linux -lPac  -L/home/ualusr2011/ual1220/ual1/codes/PAC/lib/linux -lPacSurvey -L/home/ualusr2011/ual1220/ual1/codes/ZLIB/lib/linux -lZTps -L/home/ualusr2011/ual1220/ual1/tools/lib/linux		-lgsl -lgslcblas
make[3]: Leaving directory `/home/ualusr2011/ual1220/ual1/codes/ETEAPOT/src'
make[2]: Leaving directory `/home/ualusr2011/ual1220/ual1/codes/ETEAPOT'
make[2]: Entering directory `/home/ualusr2011/ual1220/ual1/codes/ETEAPOT_MltTurn'
if [ ! -d ./lib/linux ] ; \
	then (mkdir ./lib/linux; mkdir ./lib/linux/obj; ); fi;
make[3]: Entering directory `/home/ualusr2011/ual1220/ual1/codes/ETEAPOT_MltTurn/src'
if [ ! -d /home/ualusr2011/ual1220/ual1/codes/ETEAPOT_MltTurn/include ] ; \
	then (mkdir /home/ualusr2011/ual1220/ual1/codes/ETEAPOT_MltTurn/include;); fi;
(if [ !  -d /home/ualusr2011/ual1220/ual1/codes/ETEAPOT_MltTurn/lib ]; \
	then mkdir  /home/ualusr2011/ual1220/ual1/codes/ETEAPOT_MltTurn/lib; fi;)
(if [ !  -d /home/ualusr2011/ual1220/ual1/codes/ETEAPOT_MltTurn/lib/linux ]; \
	then mkdir  /home/ualusr2011/ual1220/ual1/codes/ETEAPOT_MltTurn/lib/linux; fi;)
(if [ !  -d /home/ualusr2011/ual1220/ual1/codes/ETEAPOT_MltTurn/lib/linux/obj ]; \
	then mkdir  /home/ualusr2011/ual1220/ual1/codes/ETEAPOT_MltTurn/lib/linux/obj; fi;)
make[4]: Entering directory `/home/ualusr2011/ual1220/ual1/codes/ETEAPOT_MltTurn/src/ETEAPOT_MltTurn'
if [ ! -d /home/ualusr2011/ual1220/ual1/codes/ETEAPOT_MltTurn/include/ETEAPOT_MltTurn ] ; \
	then (mkdir /home/ualusr2011/ual1220/ual1/codes/ETEAPOT_MltTurn/include/ETEAPOT_MltTurn;); fi;
make[5]: Entering directory `/home/ualusr2011/ual1220/ual1/codes/ETEAPOT_MltTurn/src/ETEAPOT_MltTurn/Integrator'
g++                                     -g -fpic  -O0 -fno-inline -Wall  -Wno-deprecated       -I/home/ualusr2011/ual1220/ual1/codes/ETEAPOT_MltTurn/src -I/home/ualusr2011/ual1220/ual1/codes/PAC/src  -I/home/ualusr2011/ual1220/ual1/codes/UAL/include -I/home/ualusr2011/ual1220/ual1/codes/ZLIB/src -I/home/ualusr2011/ual1220/ual1/ext/UI/src -I/home/ualusr2011/ual1220/ual1/codes/TEAPOT/src -I/home/ualusr2011/ual1220/ual1/ext/SXF/src -I/home/ualusr2011/ual1220/ual1/codes/SIMBAD/src -I/home/ualusr2011/ual1220/ual1/tools/sxf/src -I/home/ualusr2011/ual1220/ual1/tools/include -I/home/ualusr2011/ual1220/ual1/ext/ADXF/src -I/home/ualusr2011/ual1220/ual1/codes/ETEAPOT/src -I/home/ualusr2011/ual1220/ual1/codes/PAC/include/ -c DriftTracker.cc -o /home/ualusr2011/ual1220/ual1/codes/ETEAPOT_MltTurn/lib/linux/obj/DriftTracker.o;
In file included from /home/ualusr2011/ual1220/ual1/codes/ETEAPOT_MltTurn/src/ETEAPOT_MltTurn/Integrator/reference.inline:189:0,
                 from /home/ualusr2011/ual1220/ual1/codes/ETEAPOT_MltTurn/src/ETEAPOT_MltTurn/Integrator/DipoleAlgorithm.icc:189,
                 from /home/ualusr2011/ual1220/ual1/codes/ETEAPOT_MltTurn/src/ETEAPOT_MltTurn/Integrator/DipoleAlgorithm.hh:253,
                 from /home/ualusr2011/ual1220/ual1/codes/ETEAPOT_MltTurn/src/ETEAPOT_MltTurn/Integrator/DipoleTracker.hh:14,
                 from DriftTracker.cc:6:
/home/ualusr2011/ual1220/ual1/codes/ETEAPOT_MltTurn/src/ETEAPOT_MltTurn/Integrator/rotate.insert:1:0: warning: "PI" redefined [enabled by default]
 #define PI 3.141592653589793
 ^
In file included from /home/ualusr2011/ual1220/ual1/codes/PAC/src/Survey/PacSurvey.h:13:0,
                 from /home/ualusr2011/ual1220/ual1/codes/PAC/src/Survey/PacSurveyData.h:13,
                 from /home/ualusr2011/ual1220/ual1/codes/ETEAPOT/src/ETEAPOT/Integrator/DipoleData.hh:11,
                 from /home/ualusr2011/ual1220/ual1/codes/ETEAPOT_MltTurn/src/ETEAPOT_MltTurn/Integrator/DipoleTracker.hh:9,
                 from DriftTracker.cc:6:
/home/ualusr2011/ual1220/ual1/codes/PAC/src/Survey/PacSurveyDef.h:18:0: note: this is the location of the previous definition
 #define PI   3.1415926535898
 ^
In file included from /home/ualusr2011/ual1220/ual1/codes/PAC/src/Templates/PacOrderedList.h:6:0,
                 from /home/ualusr2011/ual1220/ual1/codes/PAC/src/SMF/PacElemAttributes.h:12,
                 from /home/ualusr2011/ual1220/ual1/codes/PAC/src/SMF/PacElemPart.h:10,
                 from /home/ualusr2011/ual1220/ual1/codes/PAC/src/SMF/PacGenElement.h:16,
                 from /home/ualusr2011/ual1220/ual1/codes/PAC/src/SMF/PacLine.h:12,
                 from /home/ualusr2011/ual1220/ual1/codes/PAC/src/SMF/PacLattice.h:14,
                 from DriftTracker.cc:3:
/home/ualusr2011/ual1220/ual1/codes/PAC/src/Templates/PacRbTree.h: In member function ‘std::pair<std::_Rb_tree_iterator<_Val>, bool> PacRbTree<_Key, _Value, _KeyOfValue, _Compare, _Alloc>::insert_unique(const _Val&)’:
/home/ualusr2011/ual1220/ual1/codes/PAC/src/Templates/PacRbTree.h:76:10: warning: suggest explicit braces to avoid ambiguous ‘else’ [-Wparentheses]
       if (__comp)
          ^
In file included from /home/ualusr2011/ual1220/ual1/codes/ETEAPOT_MltTurn/src/ETEAPOT_MltTurn/Integrator/DipoleAlgorithm.hh:204:0,
                 from /home/ualusr2011/ual1220/ual1/codes/ETEAPOT_MltTurn/src/ETEAPOT_MltTurn/Integrator/DipoleTracker.hh:14,
                 from DriftTracker.cc:6:
/home/ualusr2011/ual1220/ual1/codes/ETEAPOT/src/ETEAPOT/Integrator/timeViaHyperbolic: In member function ‘double DipoleAlgorithm<Coordinate, Coordinates>::t3h(double)’:
/home/ualusr2011/ual1220/ual1/codes/ETEAPOT/src/ETEAPOT/Integrator/timeViaHyperbolic:46:1: warning: no return statement in function returning non-void [-Wreturn-type]
 }
 ^
In file included from /home/ualusr2011/ual1220/ual1/codes/ETEAPOT_MltTurn/src/ETEAPOT_MltTurn/Integrator/DipoleAlgorithm.icc:3:0,
                 from /home/ualusr2011/ual1220/ual1/codes/ETEAPOT_MltTurn/src/ETEAPOT_MltTurn/Integrator/DipoleAlgorithm.hh:253,
                 from /home/ualusr2011/ual1220/ual1/codes/ETEAPOT_MltTurn/src/ETEAPOT_MltTurn/Integrator/DipoleTracker.hh:14,
                 from DriftTracker.cc:6:
/home/ualusr2011/ual1220/ual1/codes/ETEAPOT_MltTurn/src/ETEAPOT_MltTurn/Integrator/MarkerTracker.hh: In static member function ‘static void ETEAPOT_MltTurn::MarkerTracker::initialize()’:
/home/ualusr2011/ual1220/ual1/codes/ETEAPOT_MltTurn/src/ETEAPOT_MltTurn/Integrator/MarkerTracker.hh:67:206: warning: deprecated conversion from string constant to ‘char*’ [-Wwrite-strings]
  char * S[21] = {"ZERO  ","ONE   ","TWO   ","THREE ","FOUR  ","FIVE  ","SIX   ","SEVEN ","EIGHT ","NINE  ","TEN   ","ELEVEN","TWELVE","THIRTN","FORTN ","FIFTN ","SIKTN ","SEVNTN","EGHTN ","NNETN ","TWENTY"};
                                                                                                                                                                                                              ^
/home/ualusr2011/ual1220/ual1/codes/ETEAPOT_MltTurn/src/ETEAPOT_MltTurn/Integrator/MarkerTracker.hh:67:206: warning: deprecated conversion from string constant to ‘char*’ [-Wwrite-strings]
/home/ualusr2011/ual1220/ual1/codes/ETEAPOT_MltTurn/src/ETEAPOT_MltTurn/Integrator/MarkerTracker.hh:67:206: warning: deprecated conversion from string constant to ‘char*’ [-Wwrite-strings]
/home/ualusr2011/ual1220/ual1/codes/ETEAPOT_MltTurn/src/ETEAPOT_MltTurn/Integrator/MarkerTracker.hh:67:206: warning: deprecated conversion from string constant to ‘char*’ [-Wwrite-strings]
/home/ualusr2011/ual1220/ual1/codes/ETEAPOT_MltTurn/src/ETEAPOT_MltTurn/Integrator/MarkerTracker.hh:67:206: warning: deprecated conversion from string constant to ‘char*’ [-Wwrite-strings]
/home/ualusr2011/ual1220/ual1/codes/ETEAPOT_MltTurn/src/ETEAPOT_MltTurn/Integrator/MarkerTracker.hh:67:206: warning: deprecated conversion from string constant to ‘char*’ [-Wwrite-strings]
/home/ualusr2011/ual1220/ual1/codes/ETEAPOT_MltTurn/src/ETEAPOT_MltTurn/Integrator/MarkerTracker.hh:67:206: warning: deprecated conversion from string constant to ‘char*’ [-Wwrite-strings]
/home/ualusr2011/ual1220/ual1/codes/ETEAPOT_MltTurn/src/ETEAPOT_MltTurn/Integrator/MarkerTracker.hh:67:206: warning: deprecated conversion from string constant to ‘char*’ [-Wwrite-strings]
/home/ualusr2011/ual1220/ual1/codes/ETEAPOT_MltTurn/src/ETEAPOT_MltTurn/Integrator/MarkerTracker.hh:67:206: warning: deprecated conversion from string constant to ‘char*’ [-Wwrite-strings]
/home/ualusr2011/ual1220/ual1/codes/ETEAPOT_MltTurn/src/ETEAPOT_MltTurn/Integrator/MarkerTracker.hh:67:206: warning: deprecated conversion from string constant to ‘char*’ [-Wwrite-strings]
/home/ualusr2011/ual1220/ual1/codes/ETEAPOT_MltTurn/src/ETEAPOT_MltTurn/Integrator/MarkerTracker.hh:67:206: warning: deprecated conversion from string constant to ‘char*’ [-Wwrite-strings]
/home/ualusr2011/ual1220/ual1/codes/ETEAPOT_MltTurn/src/ETEAPOT_MltTurn/Integrator/MarkerTracker.hh:67:206: warning: deprecated conversion from string constant to ‘char*’ [-Wwrite-strings]
/home/ualusr2011/ual1220/ual1/codes/ETEAPOT_MltTurn/src/ETEAPOT_MltTurn/Integrator/MarkerTracker.hh:67:206: warning: deprecated conversion from string constant to ‘char*’ [-Wwrite-strings]
/home/ualusr2011/ual1220/ual1/codes/ETEAPOT_MltTurn/src/ETEAPOT_MltTurn/Integrator/MarkerTracker.hh:67:206: warning: deprecated conversion from string constant to ‘char*’ [-Wwrite-strings]
/home/ualusr2011/ual1220/ual1/codes/ETEAPOT_MltTurn/src/ETEAPOT_MltTurn/Integrator/MarkerTracker.hh:67:206: warning: deprecated conversion from string constant to ‘char*’ [-Wwrite-strings]
/home/ualusr2011/ual1220/ual1/codes/ETEAPOT_MltTurn/src/ETEAPOT_MltTurn/Integrator/MarkerTracker.hh:67:206: warning: deprecated conversion from string constant to ‘char*’ [-Wwrite-strings]
/home/ualusr2011/ual1220/ual1/codes/ETEAPOT_MltTurn/src/ETEAPOT_MltTurn/Integrator/MarkerTracker.hh:67:206: warning: deprecated conversion from string constant to ‘char*’ [-Wwrite-strings]
/home/ualusr2011/ual1220/ual1/codes/ETEAPOT_MltTurn/src/ETEAPOT_MltTurn/Integrator/MarkerTracker.hh:67:206: warning: deprecated conversion from string constant to ‘char*’ [-Wwrite-strings]
/home/ualusr2011/ual1220/ual1/codes/ETEAPOT_MltTurn/src/ETEAPOT_MltTurn/Integrator/MarkerTracker.hh:67:206: warning: deprecated conversion from string constant to ‘char*’ [-Wwrite-strings]
/home/ualusr2011/ual1220/ual1/codes/ETEAPOT_MltTurn/src/ETEAPOT_MltTurn/Integrator/MarkerTracker.hh:67:206: warning: deprecated conversion from string constant to ‘char*’ [-Wwrite-strings]
/home/ualusr2011/ual1220/ual1/codes/ETEAPOT_MltTurn/src/ETEAPOT_MltTurn/Integrator/MarkerTracker.hh:67:206: warning: deprecated conversion from string constant to ‘char*’ [-Wwrite-strings]
/home/ualusr2011/ual1220/ual1/codes/ETEAPOT_MltTurn/src/ETEAPOT_MltTurn/Integrator/MarkerTracker.hh:67:9: warning: unused variable ‘S’ [-Wunused-variable]
  char * S[21] = {"ZERO  ","ONE   ","TWO   ","THREE ","FOUR  ","FIVE  ","SIX   ","SEVEN ","EIGHT ","NINE  ","TEN   ","ELEVEN","TWELVE","THIRTN","FORTN ","FIFTN ","SIKTN ","SEVNTN","EGHTN ","NNETN ","TWENTY"};
         ^
In file included from /home/ualusr2011/ual1220/ual1/codes/ETEAPOT_MltTurn/src/ETEAPOT_MltTurn/Integrator/MltTracker.hh:53:0,
                 from /home/ualusr2011/ual1220/ual1/codes/ETEAPOT_MltTurn/src/ETEAPOT_MltTurn/Integrator/DipoleAlgorithm.icc:4,
                 from /home/ualusr2011/ual1220/ual1/codes/ETEAPOT_MltTurn/src/ETEAPOT_MltTurn/Integrator/DipoleAlgorithm.hh:253,
                 from /home/ualusr2011/ual1220/ual1/codes/ETEAPOT_MltTurn/src/ETEAPOT_MltTurn/Integrator/DipoleTracker.hh:14,
                 from DriftTracker.cc:6:
/home/ualusr2011/ual1220/ual1/codes/ETEAPOT_MltTurn/src/ETEAPOT_MltTurn/Integrator/S: In static member function ‘static void ETEAPOT_MltTurn::MltTracker::initialize()’:
/home/ualusr2011/ual1220/ual1/codes/ETEAPOT_MltTurn/src/ETEAPOT_MltTurn/Integrator/S:1:325: warning: deprecated conversion from string constant to ‘char*’ [-Wwrite-strings]
 char * S[41] = {"ZERO  ","ONE   ","TWO   ","THREE ","FOUR  ","FIVE  ","SIX   ","SEVEN ","EIGHT ","NINE  ","TEN   ","ELEVEN","TWELVE","THIRTN","FORTN ","FIFTN ","SIKTN ","SEVNTN","EGHTN ","NNETN ","TWENTY","21S","22S","23S","24S","25S","26S","27S","28S","29S","30S","31S","32S","33S","34S","35S","36S","37S","38S","39S","40S"};
                                                                                                                                                                                                                                                                                                                                     ^
/home/ualusr2011/ual1220/ual1/codes/ETEAPOT_MltTurn/src/ETEAPOT_MltTurn/Integrator/S:1:325: warning: deprecated conversion from string constant to ‘char*’ [-Wwrite-strings]
/home/ualusr2011/ual1220/ual1/codes/ETEAPOT_MltTurn/src/ETEAPOT_MltTurn/Integrator/S:1:325: warning: deprecated conversion from string constant to ‘char*’ [-Wwrite-strings]
/home/ualusr2011/ual1220/ual1/codes/ETEAPOT_MltTurn/src/ETEAPOT_MltTurn/Integrator/S:1:325: warning: deprecated conversion from string constant to ‘char*’ [-Wwrite-strings]
/home/ualusr2011/ual1220/ual1/codes/ETEAPOT_MltTurn/src/ETEAPOT_MltTurn/Integrator/S:1:325: warning: deprecated conversion from string constant to ‘char*’ [-Wwrite-strings]
/home/ualusr2011/ual1220/ual1/codes/ETEAPOT_MltTurn/src/ETEAPOT_MltTurn/Integrator/S:1:325: warning: deprecated conversion from string constant to ‘char*’ [-Wwrite-strings]
/home/ualusr2011/ual1220/ual1/codes/ETEAPOT_MltTurn/src/ETEAPOT_MltTurn/Integrator/S:1:325: warning: deprecated conversion from string constant to ‘char*’ [-Wwrite-strings]
/home/ualusr2011/ual1220/ual1/codes/ETEAPOT_MltTurn/src/ETEAPOT_MltTurn/Integrator/S:1:325: warning: deprecated conversion from string constant to ‘char*’ [-Wwrite-strings]
/home/ualusr2011/ual1220/ual1/codes/ETEAPOT_MltTurn/src/ETEAPOT_MltTurn/Integrator/S:1:325: warning: deprecated conversion from string constant to ‘char*’ [-Wwrite-strings]
/home/ualusr2011/ual1220/ual1/codes/ETEAPOT_MltTurn/src/ETEAPOT_MltTurn/Integrator/S:1:325: warning: deprecated conversion from string constant to ‘char*’ [-Wwrite-strings]
/home/ualusr2011/ual1220/ual1/codes/ETEAPOT_MltTurn/src/ETEAPOT_MltTurn/Integrator/S:1:325: warning: deprecated conversion from string constant to ‘char*’ [-Wwrite-strings]
/home/ualusr2011/ual1220/ual1/codes/ETEAPOT_MltTurn/src/ETEAPOT_MltTurn/Integrator/S:1:325: warning: deprecated conversion from string constant to ‘char*’ [-Wwrite-strings]
/home/ualusr2011/ual1220/ual1/codes/ETEAPOT_MltTurn/src/ETEAPOT_MltTurn/Integrator/S:1:325: warning: deprecated conversion from string constant to ‘char*’ [-Wwrite-strings]
/home/ualusr2011/ual1220/ual1/codes/ETEAPOT_MltTurn/src/ETEAPOT_MltTurn/Integrator/S:1:325: warning: deprecated conversion from string constant to ‘char*’ [-Wwrite-strings]
/home/ualusr2011/ual1220/ual1/codes/ETEAPOT_MltTurn/src/ETEAPOT_MltTurn/Integrator/S:1:325: warning: deprecated conversion from string constant to ‘char*’ [-Wwrite-strings]
/home/ualusr2011/ual1220/ual1/codes/ETEAPOT_MltTurn/src/ETEAPOT_MltTurn/Integrator/S:1:325: warning: deprecated conversion from string constant to ‘char*’ [-Wwrite-strings]
/home/ualusr2011/ual1220/ual1/codes/ETEAPOT_MltTurn/src/ETEAPOT_MltTurn/Integrator/S:1:325: warning: deprecated conversion from string constant to ‘char*’ [-Wwrite-strings]
/home/ualusr2011/ual1220/ual1/codes/ETEAPOT_MltTurn/src/ETEAPOT_MltTurn/Integrator/S:1:325: warning: deprecated conversion from string constant to ‘char*’ [-Wwrite-strings]
/home/ualusr2011/ual1220/ual1/codes/ETEAPOT_MltTurn/src/ETEAPOT_MltTurn/Integrator/S:1:325: warning: deprecated conversion from string constant to ‘char*’ [-Wwrite-strings]
/home/ualusr2011/ual1220/ual1/codes/ETEAPOT_MltTurn/src/ETEAPOT_MltTurn/Integrator/S:1:325: warning: deprecated conversion from string constant to ‘char*’ [-Wwrite-strings]
/home/ualusr2011/ual1220/ual1/codes/ETEAPOT_MltTurn/src/ETEAPOT_MltTurn/Integrator/S:1:325: warning: deprecated conversion from string constant to ‘char*’ [-Wwrite-strings]
/home/ualusr2011/ual1220/ual1/codes/ETEAPOT_MltTurn/src/ETEAPOT_MltTurn/Integrator/S:1:325: warning: deprecated conversion from string constant to ‘char*’ [-Wwrite-strings]
/home/ualusr2011/ual1220/ual1/codes/ETEAPOT_MltTurn/src/ETEAPOT_MltTurn/Integrator/S:1:325: warning: deprecated conversion from string constant to ‘char*’ [-Wwrite-strings]
/home/ualusr2011/ual1220/ual1/codes/ETEAPOT_MltTurn/src/ETEAPOT_MltTurn/Integrator/S:1:325: warning: deprecated conversion from string constant to ‘char*’ [-Wwrite-strings]
/home/ualusr2011/ual1220/ual1/codes/ETEAPOT_MltTurn/src/ETEAPOT_MltTurn/Integrator/S:1:325: warning: deprecated conversion from string constant to ‘char*’ [-Wwrite-strings]
/home/ualusr2011/ual1220/ual1/codes/ETEAPOT_MltTurn/src/ETEAPOT_MltTurn/Integrator/S:1:325: warning: deprecated conversion from string constant to ‘char*’ [-Wwrite-strings]
/home/ualusr2011/ual1220/ual1/codes/ETEAPOT_MltTurn/src/ETEAPOT_MltTurn/Integrator/S:1:325: warning: deprecated conversion from string constant to ‘char*’ [-Wwrite-strings]
/home/ualusr2011/ual1220/ual1/codes/ETEAPOT_MltTurn/src/ETEAPOT_MltTurn/Integrator/S:1:325: warning: deprecated conversion from string constant to ‘char*’ [-Wwrite-strings]
/home/ualusr2011/ual1220/ual1/codes/ETEAPOT_MltTurn/src/ETEAPOT_MltTurn/Integrator/S:1:325: warning: deprecated conversion from string constant to ‘char*’ [-Wwrite-strings]
/home/ualusr2011/ual1220/ual1/codes/ETEAPOT_MltTurn/src/ETEAPOT_MltTurn/Integrator/S:1:325: warning: deprecated conversion from string constant to ‘char*’ [-Wwrite-strings]
/home/ualusr2011/ual1220/ual1/codes/ETEAPOT_MltTurn/src/ETEAPOT_MltTurn/Integrator/S:1:325: warning: deprecated conversion from string constant to ‘char*’ [-Wwrite-strings]
/home/ualusr2011/ual1220/ual1/codes/ETEAPOT_MltTurn/src/ETEAPOT_MltTurn/Integrator/S:1:325: warning: deprecated conversion from string constant to ‘char*’ [-Wwrite-strings]
/home/ualusr2011/ual1220/ual1/codes/ETEAPOT_MltTurn/src/ETEAPOT_MltTurn/Integrator/S:1:325: warning: deprecated conversion from string constant to ‘char*’ [-Wwrite-strings]
/home/ualusr2011/ual1220/ual1/codes/ETEAPOT_MltTurn/src/ETEAPOT_MltTurn/Integrator/S:1:325: warning: deprecated conversion from string constant to ‘char*’ [-Wwrite-strings]
/home/ualusr2011/ual1220/ual1/codes/ETEAPOT_MltTurn/src/ETEAPOT_MltTurn/Integrator/S:1:325: warning: deprecated conversion from string constant to ‘char*’ [-Wwrite-strings]
/home/ualusr2011/ual1220/ual1/codes/ETEAPOT_MltTurn/src/ETEAPOT_MltTurn/Integrator/S:1:325: warning: deprecated conversion from string constant to ‘char*’ [-Wwrite-strings]
/home/ualusr2011/ual1220/ual1/codes/ETEAPOT_MltTurn/src/ETEAPOT_MltTurn/Integrator/S:1:325: warning: deprecated conversion from string constant to ‘char*’ [-Wwrite-strings]
/home/ualusr2011/ual1220/ual1/codes/ETEAPOT_MltTurn/src/ETEAPOT_MltTurn/Integrator/S:1:325: warning: deprecated conversion from string constant to ‘char*’ [-Wwrite-strings]
/home/ualusr2011/ual1220/ual1/codes/ETEAPOT_MltTurn/src/ETEAPOT_MltTurn/Integrator/S:1:325: warning: deprecated conversion from string constant to ‘char*’ [-Wwrite-strings]
/home/ualusr2011/ual1220/ual1/codes/ETEAPOT_MltTurn/src/ETEAPOT_MltTurn/Integrator/S:1:325: warning: deprecated conversion from string constant to ‘char*’ [-Wwrite-strings]
/home/ualusr2011/ual1220/ual1/codes/ETEAPOT_MltTurn/src/ETEAPOT_MltTurn/Integrator/S:1:325: warning: deprecated conversion from string constant to ‘char*’ [-Wwrite-strings]
/home/ualusr2011/ual1220/ual1/codes/ETEAPOT_MltTurn/src/ETEAPOT_MltTurn/Integrator/S:1:8: warning: unused variable ‘S’ [-Wunused-variable]
 char * S[41] = {"ZERO  ","ONE   ","TWO   ","THREE ","FOUR  ","FIVE  ","SIX   ","SEVEN ","EIGHT ","NINE  ","TEN   ","ELEVEN","TWELVE","THIRTN","FORTN ","FIFTN ","SIKTN ","SEVNTN","EGHTN ","NNETN ","TWENTY","21S","22S","23S","24S","25S","26S","27S","28S","29S","30S","31S","32S","33S","34S","35S","36S","37S","38S","39S","40S"};
        ^
In file included from DriftTracker.cc:6:0:
/home/ualusr2011/ual1220/ual1/codes/ETEAPOT_MltTurn/src/ETEAPOT_MltTurn/Integrator/DipoleTracker.hh: In static member function ‘static void ETEAPOT_MltTurn::DipoleTracker::initialize()’:
/home/ualusr2011/ual1220/ual1/codes/ETEAPOT_MltTurn/src/ETEAPOT_MltTurn/Integrator/DipoleTracker.hh:62:210: warning: deprecated conversion from string constant to ‘char*’ [-Wwrite-strings]
      char * S[41] = {"ZERO  ","ONE   ","TWO   ","THREE ","FOUR  ","FIVE  ","SIX   ","SEVEN ","EIGHT ","NINE  ","TEN   ","ELEVEN","TWELVE","THIRTN","FORTN ","FIFTN ","SIKTN ","SEVNTN","EGHTN ","NNETN ","TWENTY"};
                                                                                                                                                                                                                  ^
/home/ualusr2011/ual1220/ual1/codes/ETEAPOT_MltTurn/src/ETEAPOT_MltTurn/Integrator/DipoleTracker.hh:62:210: warning: deprecated conversion from string constant to ‘char*’ [-Wwrite-strings]
/home/ualusr2011/ual1220/ual1/codes/ETEAPOT_MltTurn/src/ETEAPOT_MltTurn/Integrator/DipoleTracker.hh:62:210: warning: deprecated conversion from string constant to ‘char*’ [-Wwrite-strings]
/home/ualusr2011/ual1220/ual1/codes/ETEAPOT_MltTurn/src/ETEAPOT_MltTurn/Integrator/DipoleTracker.hh:62:210: warning: deprecated conversion from string constant to ‘char*’ [-Wwrite-strings]
/home/ualusr2011/ual1220/ual1/codes/ETEAPOT_MltTurn/src/ETEAPOT_MltTurn/Integrator/DipoleTracker.hh:62:210: warning: deprecated conversion from string constant to ‘char*’ [-Wwrite-strings]
/home/ualusr2011/ual1220/ual1/codes/ETEAPOT_MltTurn/src/ETEAPOT_MltTurn/Integrator/DipoleTracker.hh:62:210: warning: deprecated conversion from string constant to ‘char*’ [-Wwrite-strings]
/home/ualusr2011/ual1220/ual1/codes/ETEAPOT_MltTurn/src/ETEAPOT_MltTurn/Integrator/DipoleTracker.hh:62:210: warning: deprecated conversion from string constant to ‘char*’ [-Wwrite-strings]
/home/ualusr2011/ual1220/ual1/codes/ETEAPOT_MltTurn/src/ETEAPOT_MltTurn/Integrator/DipoleTracker.hh:62:210: warning: deprecated conversion from string constant to ‘char*’ [-Wwrite-strings]
/home/ualusr2011/ual1220/ual1/codes/ETEAPOT_MltTurn/src/ETEAPOT_MltTurn/Integrator/DipoleTracker.hh:62:210: warning: deprecated conversion from string constant to ‘char*’ [-Wwrite-strings]
/home/ualusr2011/ual1220/ual1/codes/ETEAPOT_MltTurn/src/ETEAPOT_MltTurn/Integrator/DipoleTracker.hh:62:210: warning: deprecated conversion from string constant to ‘char*’ [-Wwrite-strings]
/home/ualusr2011/ual1220/ual1/codes/ETEAPOT_MltTurn/src/ETEAPOT_MltTurn/Integrator/DipoleTracker.hh:62:210: warning: deprecated conversion from string constant to ‘char*’ [-Wwrite-strings]
/home/ualusr2011/ual1220/ual1/codes/ETEAPOT_MltTurn/src/ETEAPOT_MltTurn/Integrator/DipoleTracker.hh:62:210: warning: deprecated conversion from string constant to ‘char*’ [-Wwrite-strings]
/home/ualusr2011/ual1220/ual1/codes/ETEAPOT_MltTurn/src/ETEAPOT_MltTurn/Integrator/DipoleTracker.hh:62:210: warning: deprecated conversion from string constant to ‘char*’ [-Wwrite-strings]
/home/ualusr2011/ual1220/ual1/codes/ETEAPOT_MltTurn/src/ETEAPOT_MltTurn/Integrator/DipoleTracker.hh:62:210: warning: deprecated conversion from string constant to ‘char*’ [-Wwrite-strings]
/home/ualusr2011/ual1220/ual1/codes/ETEAPOT_MltTurn/src/ETEAPOT_MltTurn/Integrator/DipoleTracker.hh:62:210: warning: deprecated conversion from string constant to ‘char*’ [-Wwrite-strings]
/home/ualusr2011/ual1220/ual1/codes/ETEAPOT_MltTurn/src/ETEAPOT_MltTurn/Integrator/DipoleTracker.hh:62:210: warning: deprecated conversion from string constant to ‘char*’ [-Wwrite-strings]
/home/ualusr2011/ual1220/ual1/codes/ETEAPOT_MltTurn/src/ETEAPOT_MltTurn/Integrator/DipoleTracker.hh:62:210: warning: deprecated conversion from string constant to ‘char*’ [-Wwrite-strings]
/home/ualusr2011/ual1220/ual1/codes/ETEAPOT_MltTurn/src/ETEAPOT_MltTurn/Integrator/DipoleTracker.hh:62:210: warning: deprecated conversion from string constant to ‘char*’ [-Wwrite-strings]
/home/ualusr2011/ual1220/ual1/codes/ETEAPOT_MltTurn/src/ETEAPOT_MltTurn/Integrator/DipoleTracker.hh:62:210: warning: deprecated conversion from string constant to ‘char*’ [-Wwrite-strings]
/home/ualusr2011/ual1220/ual1/codes/ETEAPOT_MltTurn/src/ETEAPOT_MltTurn/Integrator/DipoleTracker.hh:62:210: warning: deprecated conversion from string constant to ‘char*’ [-Wwrite-strings]
/home/ualusr2011/ual1220/ual1/codes/ETEAPOT_MltTurn/src/ETEAPOT_MltTurn/Integrator/DipoleTracker.hh:62:210: warning: deprecated conversion from string constant to ‘char*’ [-Wwrite-strings]
In file included from DriftTracker.cc:6:0:
/home/ualusr2011/ual1220/ual1/codes/ETEAPOT_MltTurn/src/ETEAPOT_MltTurn/Integrator/DipoleTracker.hh:62:13: warning: unused variable ‘S’ [-Wunused-variable]
      char * S[41] = {"ZERO  ","ONE   ","TWO   ","THREE ","FOUR  ","FIVE  ","SIX   ","SEVEN ","EIGHT ","NINE  ","TEN   ","ELEVEN","TWELVE","THIRTN","FORTN ","FIFTN ","SIKTN ","SEVNTN","EGHTN ","NNETN ","TWENTY"};
             ^
In file included from /home/ualusr2011/ual1220/ual1/codes/ETEAPOT_MltTurn/src/ETEAPOT_MltTurn/Integrator/DriftAlgorithm.hh:35:0,
                 from /home/ualusr2011/ual1220/ual1/codes/ETEAPOT_MltTurn/src/ETEAPOT_MltTurn/Integrator/DriftTracker.hh:6,
                 from DriftTracker.cc:5:
/home/ualusr2011/ual1220/ual1/codes/ETEAPOT_MltTurn/src/ETEAPOT_MltTurn/Integrator/DriftAlgorithm.icc: In instantiation of ‘void ETEAPOT_MltTurn::DriftAlgorithm<Coordinate, Coordinates>::passDriftPlusPostProcess(int, double, Coordinates&, Coordinates&, double, double, int) [with Coordinate = double; Coordinates = PAC::Position]’:
DriftTracker.cc:67:109:   required from here
/home/ualusr2011/ual1220/ual1/codes/ETEAPOT_MltTurn/src/ETEAPOT_MltTurn/Integrator/DriftAlgorithm.icc:77:205: warning: deprecated conversion from string constant to ‘char*’ [-Wwrite-strings]
 char * S[21] = {"ZERO  ","ONE   ","TWO   ","THREE ","FOUR  ","FIVE  ","SIX   ","SEVEN ","EIGHT ","NINE  ","TEN   ","ELEVEN","TWELVE","THIRTN","FORTN ","FIFTN ","SIKTN ","SEVNTN","EGHTN ","NNETN ","TWENTY"};
                                                                                                                                                                                                             ^
/home/ualusr2011/ual1220/ual1/codes/ETEAPOT_MltTurn/src/ETEAPOT_MltTurn/Integrator/DriftAlgorithm.icc:77:205: warning: deprecated conversion from string constant to ‘char*’ [-Wwrite-strings]
/home/ualusr2011/ual1220/ual1/codes/ETEAPOT_MltTurn/src/ETEAPOT_MltTurn/Integrator/DriftAlgorithm.icc:77:205: warning: deprecated conversion from string constant to ‘char*’ [-Wwrite-strings]
/home/ualusr2011/ual1220/ual1/codes/ETEAPOT_MltTurn/src/ETEAPOT_MltTurn/Integrator/DriftAlgorithm.icc:77:205: warning: deprecated conversion from string constant to ‘char*’ [-Wwrite-strings]
/home/ualusr2011/ual1220/ual1/codes/ETEAPOT_MltTurn/src/ETEAPOT_MltTurn/Integrator/DriftAlgorithm.icc:77:205: warning: deprecated conversion from string constant to ‘char*’ [-Wwrite-strings]
/home/ualusr2011/ual1220/ual1/codes/ETEAPOT_MltTurn/src/ETEAPOT_MltTurn/Integrator/DriftAlgorithm.icc:77:205: warning: deprecated conversion from string constant to ‘char*’ [-Wwrite-strings]
/home/ualusr2011/ual1220/ual1/codes/ETEAPOT_MltTurn/src/ETEAPOT_MltTurn/Integrator/DriftAlgorithm.icc:77:205: warning: deprecated conversion from string constant to ‘char*’ [-Wwrite-strings]
/home/ualusr2011/ual1220/ual1/codes/ETEAPOT_MltTurn/src/ETEAPOT_MltTurn/Integrator/DriftAlgorithm.icc:77:205: warning: deprecated conversion from string constant to ‘char*’ [-Wwrite-strings]
/home/ualusr2011/ual1220/ual1/codes/ETEAPOT_MltTurn/src/ETEAPOT_MltTurn/Integrator/DriftAlgorithm.icc:77:205: warning: deprecated conversion from string constant to ‘char*’ [-Wwrite-strings]
/home/ualusr2011/ual1220/ual1/codes/ETEAPOT_MltTurn/src/ETEAPOT_MltTurn/Integrator/DriftAlgorithm.icc:77:205: warning: deprecated conversion from string constant to ‘char*’ [-Wwrite-strings]
/home/ualusr2011/ual1220/ual1/codes/ETEAPOT_MltTurn/src/ETEAPOT_MltTurn/Integrator/DriftAlgorithm.icc:77:205: warning: deprecated conversion from string constant to ‘char*’ [-Wwrite-strings]
/home/ualusr2011/ual1220/ual1/codes/ETEAPOT_MltTurn/src/ETEAPOT_MltTurn/Integrator/DriftAlgorithm.icc:77:205: warning: deprecated conversion from string constant to ‘char*’ [-Wwrite-strings]
/home/ualusr2011/ual1220/ual1/codes/ETEAPOT_MltTurn/src/ETEAPOT_MltTurn/Integrator/DriftAlgorithm.icc:77:205: warning: deprecated conversion from string constant to ‘char*’ [-Wwrite-strings]
/home/ualusr2011/ual1220/ual1/codes/ETEAPOT_MltTurn/src/ETEAPOT_MltTurn/Integrator/DriftAlgorithm.icc:77:205: warning: deprecated conversion from string constant to ‘char*’ [-Wwrite-strings]
/home/ualusr2011/ual1220/ual1/codes/ETEAPOT_MltTurn/src/ETEAPOT_MltTurn/Integrator/DriftAlgorithm.icc:77:205: warning: deprecated conversion from string constant to ‘char*’ [-Wwrite-strings]
/home/ualusr2011/ual1220/ual1/codes/ETEAPOT_MltTurn/src/ETEAPOT_MltTurn/Integrator/DriftAlgorithm.icc:77:205: warning: deprecated conversion from string constant to ‘char*’ [-Wwrite-strings]
/home/ualusr2011/ual1220/ual1/codes/ETEAPOT_MltTurn/src/ETEAPOT_MltTurn/Integrator/DriftAlgorithm.icc:77:205: warning: deprecated conversion from string constant to ‘char*’ [-Wwrite-strings]
/home/ualusr2011/ual1220/ual1/codes/ETEAPOT_MltTurn/src/ETEAPOT_MltTurn/Integrator/DriftAlgorithm.icc:77:205: warning: deprecated conversion from string constant to ‘char*’ [-Wwrite-strings]
/home/ualusr2011/ual1220/ual1/codes/ETEAPOT_MltTurn/src/ETEAPOT_MltTurn/Integrator/DriftAlgorithm.icc:77:205: warning: deprecated conversion from string constant to ‘char*’ [-Wwrite-strings]
/home/ualusr2011/ual1220/ual1/codes/ETEAPOT_MltTurn/src/ETEAPOT_MltTurn/Integrator/DriftAlgorithm.icc:77:205: warning: deprecated conversion from string constant to ‘char*’ [-Wwrite-strings]
/home/ualusr2011/ual1220/ual1/codes/ETEAPOT_MltTurn/src/ETEAPOT_MltTurn/Integrator/DriftAlgorithm.icc:77:205: warning: deprecated conversion from string constant to ‘char*’ [-Wwrite-strings]
/home/ualusr2011/ual1220/ual1/codes/ETEAPOT_MltTurn/src/ETEAPOT_MltTurn/Integrator/DriftAlgorithm.icc:77:8: warning: unused variable ‘S’ [-Wunused-variable]
 char * S[21] = {"ZERO  ","ONE   ","TWO   ","THREE ","FOUR  ","FIVE  ","SIX   ","SEVEN ","EIGHT ","NINE  ","TEN   ","ELEVEN","TWELVE","THIRTN","FORTN ","FIFTN ","SIKTN ","SEVNTN","EGHTN ","NNETN ","TWENTY"};
        ^
g++                                     -g -fpic  -O0 -fno-inline -Wall  -Wno-deprecated       -I/home/ualusr2011/ual1220/ual1/codes/ETEAPOT_MltTurn/src -I/home/ualusr2011/ual1220/ual1/codes/PAC/src  -I/home/ualusr2011/ual1220/ual1/codes/UAL/include -I/home/ualusr2011/ual1220/ual1/codes/ZLIB/src -I/home/ualusr2011/ual1220/ual1/ext/UI/src -I/home/ualusr2011/ual1220/ual1/codes/TEAPOT/src -I/home/ualusr2011/ual1220/ual1/ext/SXF/src -I/home/ualusr2011/ual1220/ual1/codes/SIMBAD/src -I/home/ualusr2011/ual1220/ual1/tools/sxf/src -I/home/ualusr2011/ual1220/ual1/tools/include -I/home/ualusr2011/ual1220/ual1/ext/ADXF/src -I/home/ualusr2011/ual1220/ual1/codes/ETEAPOT/src -I/home/ualusr2011/ual1220/ual1/codes/PAC/include/ -c MarkerTracker.cc -o /home/ualusr2011/ual1220/ual1/codes/ETEAPOT_MltTurn/lib/linux/obj/MarkerTracker.o;
In file included from /home/ualusr2011/ual1220/ual1/codes/ETEAPOT_MltTurn/src/ETEAPOT_MltTurn/Integrator/reference.inline:189:0,
                 from /home/ualusr2011/ual1220/ual1/codes/ETEAPOT_MltTurn/src/ETEAPOT_MltTurn/Integrator/DipoleAlgorithm.icc:189,
                 from /home/ualusr2011/ual1220/ual1/codes/ETEAPOT_MltTurn/src/ETEAPOT_MltTurn/Integrator/DipoleAlgorithm.hh:253,
                 from /home/ualusr2011/ual1220/ual1/codes/ETEAPOT_MltTurn/src/ETEAPOT_MltTurn/Integrator/DipoleTracker.hh:14,
                 from MarkerTracker.cc:8:
/home/ualusr2011/ual1220/ual1/codes/ETEAPOT_MltTurn/src/ETEAPOT_MltTurn/Integrator/rotate.insert:1:0: warning: "PI" redefined [enabled by default]
 #define PI 3.141592653589793
 ^
In file included from /home/ualusr2011/ual1220/ual1/codes/PAC/src/Survey/PacSurvey.h:13:0,
                 from /home/ualusr2011/ual1220/ual1/codes/PAC/src/Survey/PacSurveyData.h:13,
                 from /home/ualusr2011/ual1220/ual1/codes/ETEAPOT/src/ETEAPOT/Integrator/DipoleData.hh:11,
                 from /home/ualusr2011/ual1220/ual1/codes/ETEAPOT_MltTurn/src/ETEAPOT_MltTurn/Integrator/DipoleTracker.hh:9,
                 from MarkerTracker.cc:8:
/home/ualusr2011/ual1220/ual1/codes/PAC/src/Survey/PacSurveyDef.h:18:0: note: this is the location of the previous definition
 #define PI   3.1415926535898
 ^
In file included from /home/ualusr2011/ual1220/ual1/codes/PAC/src/Templates/PacOrderedList.h:6:0,
                 from /home/ualusr2011/ual1220/ual1/codes/PAC/src/SMF/PacElemAttributes.h:12,
                 from /home/ualusr2011/ual1220/ual1/codes/PAC/src/SMF/PacElemPart.h:10,
                 from /home/ualusr2011/ual1220/ual1/codes/PAC/src/SMF/PacGenElement.h:16,
                 from /home/ualusr2011/ual1220/ual1/codes/PAC/src/SMF/PacLine.h:12,
                 from /home/ualusr2011/ual1220/ual1/codes/PAC/src/SMF/PacLattice.h:14,
                 from MarkerTracker.cc:4:
/home/ualusr2011/ual1220/ual1/codes/PAC/src/Templates/PacRbTree.h: In member function ‘std::pair<std::_Rb_tree_iterator<_Val>, bool> PacRbTree<_Key, _Value, _KeyOfValue, _Compare, _Alloc>::insert_unique(const _Val&)’:
/home/ualusr2011/ual1220/ual1/codes/PAC/src/Templates/PacRbTree.h:76:10: warning: suggest explicit braces to avoid ambiguous ‘else’ [-Wparentheses]
       if (__comp)
          ^
In file included from MarkerTracker.cc:7:0:
/home/ualusr2011/ual1220/ual1/codes/ETEAPOT_MltTurn/src/ETEAPOT_MltTurn/Integrator/MarkerTracker.hh: In static member function ‘static void ETEAPOT_MltTurn::MarkerTracker::initialize()’:
/home/ualusr2011/ual1220/ual1/codes/ETEAPOT_MltTurn/src/ETEAPOT_MltTurn/Integrator/MarkerTracker.hh:67:206: warning: deprecated conversion from string constant to ‘char*’ [-Wwrite-strings]
  char * S[21] = {"ZERO  ","ONE   ","TWO   ","THREE ","FOUR  ","FIVE  ","SIX   ","SEVEN ","EIGHT ","NINE  ","TEN   ","ELEVEN","TWELVE","THIRTN","FORTN ","FIFTN ","SIKTN ","SEVNTN","EGHTN ","NNETN ","TWENTY"};
                                                                                                                                                                                                              ^
/home/ualusr2011/ual1220/ual1/codes/ETEAPOT_MltTurn/src/ETEAPOT_MltTurn/Integrator/MarkerTracker.hh:67:206: warning: deprecated conversion from string constant to ‘char*’ [-Wwrite-strings]
/home/ualusr2011/ual1220/ual1/codes/ETEAPOT_MltTurn/src/ETEAPOT_MltTurn/Integrator/MarkerTracker.hh:67:206: warning: deprecated conversion from string constant to ‘char*’ [-Wwrite-strings]
/home/ualusr2011/ual1220/ual1/codes/ETEAPOT_MltTurn/src/ETEAPOT_MltTurn/Integrator/MarkerTracker.hh:67:206: warning: deprecated conversion from string constant to ‘char*’ [-Wwrite-strings]
/home/ualusr2011/ual1220/ual1/codes/ETEAPOT_MltTurn/src/ETEAPOT_MltTurn/Integrator/MarkerTracker.hh:67:206: warning: deprecated conversion from string constant to ‘char*’ [-Wwrite-strings]
/home/ualusr2011/ual1220/ual1/codes/ETEAPOT_MltTurn/src/ETEAPOT_MltTurn/Integrator/MarkerTracker.hh:67:206: warning: deprecated conversion from string constant to ‘char*’ [-Wwrite-strings]
/home/ualusr2011/ual1220/ual1/codes/ETEAPOT_MltTurn/src/ETEAPOT_MltTurn/Integrator/MarkerTracker.hh:67:206: warning: deprecated conversion from string constant to ‘char*’ [-Wwrite-strings]
/home/ualusr2011/ual1220/ual1/codes/ETEAPOT_MltTurn/src/ETEAPOT_MltTurn/Integrator/MarkerTracker.hh:67:206: warning: deprecated conversion from string constant to ‘char*’ [-Wwrite-strings]
/home/ualusr2011/ual1220/ual1/codes/ETEAPOT_MltTurn/src/ETEAPOT_MltTurn/Integrator/MarkerTracker.hh:67:206: warning: deprecated conversion from string constant to ‘char*’ [-Wwrite-strings]
/home/ualusr2011/ual1220/ual1/codes/ETEAPOT_MltTurn/src/ETEAPOT_MltTurn/Integrator/MarkerTracker.hh:67:206: warning: deprecated conversion from string constant to ‘char*’ [-Wwrite-strings]
/home/ualusr2011/ual1220/ual1/codes/ETEAPOT_MltTurn/src/ETEAPOT_MltTurn/Integrator/MarkerTracker.hh:67:206: warning: deprecated conversion from string constant to ‘char*’ [-Wwrite-strings]
/home/ualusr2011/ual1220/ual1/codes/ETEAPOT_MltTurn/src/ETEAPOT_MltTurn/Integrator/MarkerTracker.hh:67:206: warning: deprecated conversion from string constant to ‘char*’ [-Wwrite-strings]
/home/ualusr2011/ual1220/ual1/codes/ETEAPOT_MltTurn/src/ETEAPOT_MltTurn/Integrator/MarkerTracker.hh:67:206: warning: deprecated conversion from string constant to ‘char*’ [-Wwrite-strings]
/home/ualusr2011/ual1220/ual1/codes/ETEAPOT_MltTurn/src/ETEAPOT_MltTurn/Integrator/MarkerTracker.hh:67:206: warning: deprecated conversion from string constant to ‘char*’ [-Wwrite-strings]
/home/ualusr2011/ual1220/ual1/codes/ETEAPOT_MltTurn/src/ETEAPOT_MltTurn/Integrator/MarkerTracker.hh:67:206: warning: deprecated conversion from string constant to ‘char*’ [-Wwrite-strings]
/home/ualusr2011/ual1220/ual1/codes/ETEAPOT_MltTurn/src/ETEAPOT_MltTurn/Integrator/MarkerTracker.hh:67:206: warning: deprecated conversion from string constant to ‘char*’ [-Wwrite-strings]
/home/ualusr2011/ual1220/ual1/codes/ETEAPOT_MltTurn/src/ETEAPOT_MltTurn/Integrator/MarkerTracker.hh:67:206: warning: deprecated conversion from string constant to ‘char*’ [-Wwrite-strings]
/home/ualusr2011/ual1220/ual1/codes/ETEAPOT_MltTurn/src/ETEAPOT_MltTurn/Integrator/MarkerTracker.hh:67:206: warning: deprecated conversion from string constant to ‘char*’ [-Wwrite-strings]
/home/ualusr2011/ual1220/ual1/codes/ETEAPOT_MltTurn/src/ETEAPOT_MltTurn/Integrator/MarkerTracker.hh:67:206: warning: deprecated conversion from string constant to ‘char*’ [-Wwrite-strings]
/home/ualusr2011/ual1220/ual1/codes/ETEAPOT_MltTurn/src/ETEAPOT_MltTurn/Integrator/MarkerTracker.hh:67:206: warning: deprecated conversion from string constant to ‘char*’ [-Wwrite-strings]
/home/ualusr2011/ual1220/ual1/codes/ETEAPOT_MltTurn/src/ETEAPOT_MltTurn/Integrator/MarkerTracker.hh:67:206: warning: deprecated conversion from string constant to ‘char*’ [-Wwrite-strings]
/home/ualusr2011/ual1220/ual1/codes/ETEAPOT_MltTurn/src/ETEAPOT_MltTurn/Integrator/MarkerTracker.hh:67:9: warning: unused variable ‘S’ [-Wunused-variable]
  char * S[21] = {"ZERO  ","ONE   ","TWO   ","THREE ","FOUR  ","FIVE  ","SIX   ","SEVEN ","EIGHT ","NINE  ","TEN   ","ELEVEN","TWELVE","THIRTN","FORTN ","FIFTN ","SIKTN ","SEVNTN","EGHTN ","NNETN ","TWENTY"};
         ^
In file included from /home/ualusr2011/ual1220/ual1/codes/ETEAPOT_MltTurn/src/ETEAPOT_MltTurn/Integrator/DipoleAlgorithm.hh:204:0,
                 from /home/ualusr2011/ual1220/ual1/codes/ETEAPOT_MltTurn/src/ETEAPOT_MltTurn/Integrator/DipoleTracker.hh:14,
                 from MarkerTracker.cc:8:
/home/ualusr2011/ual1220/ual1/codes/ETEAPOT/src/ETEAPOT/Integrator/timeViaHyperbolic: In member function ‘double DipoleAlgorithm<Coordinate, Coordinates>::t3h(double)’:
/home/ualusr2011/ual1220/ual1/codes/ETEAPOT/src/ETEAPOT/Integrator/timeViaHyperbolic:46:1: warning: no return statement in function returning non-void [-Wreturn-type]
 }
 ^
In file included from /home/ualusr2011/ual1220/ual1/codes/ETEAPOT_MltTurn/src/ETEAPOT_MltTurn/Integrator/MltTracker.hh:53:0,
                 from /home/ualusr2011/ual1220/ual1/codes/ETEAPOT_MltTurn/src/ETEAPOT_MltTurn/Integrator/DipoleAlgorithm.icc:4,
                 from /home/ualusr2011/ual1220/ual1/codes/ETEAPOT_MltTurn/src/ETEAPOT_MltTurn/Integrator/DipoleAlgorithm.hh:253,
                 from /home/ualusr2011/ual1220/ual1/codes/ETEAPOT_MltTurn/src/ETEAPOT_MltTurn/Integrator/DipoleTracker.hh:14,
                 from MarkerTracker.cc:8:
/home/ualusr2011/ual1220/ual1/codes/ETEAPOT_MltTurn/src/ETEAPOT_MltTurn/Integrator/S: In static member function ‘static void ETEAPOT_MltTurn::MltTracker::initialize()’:
/home/ualusr2011/ual1220/ual1/codes/ETEAPOT_MltTurn/src/ETEAPOT_MltTurn/Integrator/S:1:325: warning: deprecated conversion from string constant to ‘char*’ [-Wwrite-strings]
 char * S[41] = {"ZERO  ","ONE   ","TWO   ","THREE ","FOUR  ","FIVE  ","SIX   ","SEVEN ","EIGHT ","NINE  ","TEN   ","ELEVEN","TWELVE","THIRTN","FORTN ","FIFTN ","SIKTN ","SEVNTN","EGHTN ","NNETN ","TWENTY","21S","22S","23S","24S","25S","26S","27S","28S","29S","30S","31S","32S","33S","34S","35S","36S","37S","38S","39S","40S"};
                                                                                                                                                                                                                                                                                                                                     ^
/home/ualusr2011/ual1220/ual1/codes/ETEAPOT_MltTurn/src/ETEAPOT_MltTurn/Integrator/S:1:325: warning: deprecated conversion from string constant to ‘char*’ [-Wwrite-strings]
/home/ualusr2011/ual1220/ual1/codes/ETEAPOT_MltTurn/src/ETEAPOT_MltTurn/Integrator/S:1:325: warning: deprecated conversion from string constant to ‘char*’ [-Wwrite-strings]
/home/ualusr2011/ual1220/ual1/codes/ETEAPOT_MltTurn/src/ETEAPOT_MltTurn/Integrator/S:1:325: warning: deprecated conversion from string constant to ‘char*’ [-Wwrite-strings]
/home/ualusr2011/ual1220/ual1/codes/ETEAPOT_MltTurn/src/ETEAPOT_MltTurn/Integrator/S:1:325: warning: deprecated conversion from string constant to ‘char*’ [-Wwrite-strings]
/home/ualusr2011/ual1220/ual1/codes/ETEAPOT_MltTurn/src/ETEAPOT_MltTurn/Integrator/S:1:325: warning: deprecated conversion from string constant to ‘char*’ [-Wwrite-strings]
/home/ualusr2011/ual1220/ual1/codes/ETEAPOT_MltTurn/src/ETEAPOT_MltTurn/Integrator/S:1:325: warning: deprecated conversion from string constant to ‘char*’ [-Wwrite-strings]
/home/ualusr2011/ual1220/ual1/codes/ETEAPOT_MltTurn/src/ETEAPOT_MltTurn/Integrator/S:1:325: warning: deprecated conversion from string constant to ‘char*’ [-Wwrite-strings]
/home/ualusr2011/ual1220/ual1/codes/ETEAPOT_MltTurn/src/ETEAPOT_MltTurn/Integrator/S:1:325: warning: deprecated conversion from string constant to ‘char*’ [-Wwrite-strings]
/home/ualusr2011/ual1220/ual1/codes/ETEAPOT_MltTurn/src/ETEAPOT_MltTurn/Integrator/S:1:325: warning: deprecated conversion from string constant to ‘char*’ [-Wwrite-strings]
/home/ualusr2011/ual1220/ual1/codes/ETEAPOT_MltTurn/src/ETEAPOT_MltTurn/Integrator/S:1:325: warning: deprecated conversion from string constant to ‘char*’ [-Wwrite-strings]
/home/ualusr2011/ual1220/ual1/codes/ETEAPOT_MltTurn/src/ETEAPOT_MltTurn/Integrator/S:1:325: warning: deprecated conversion from string constant to ‘char*’ [-Wwrite-strings]
/home/ualusr2011/ual1220/ual1/codes/ETEAPOT_MltTurn/src/ETEAPOT_MltTurn/Integrator/S:1:325: warning: deprecated conversion from string constant to ‘char*’ [-Wwrite-strings]
/home/ualusr2011/ual1220/ual1/codes/ETEAPOT_MltTurn/src/ETEAPOT_MltTurn/Integrator/S:1:325: warning: deprecated conversion from string constant to ‘char*’ [-Wwrite-strings]
/home/ualusr2011/ual1220/ual1/codes/ETEAPOT_MltTurn/src/ETEAPOT_MltTurn/Integrator/S:1:325: warning: deprecated conversion from string constant to ‘char*’ [-Wwrite-strings]
/home/ualusr2011/ual1220/ual1/codes/ETEAPOT_MltTurn/src/ETEAPOT_MltTurn/Integrator/S:1:325: warning: deprecated conversion from string constant to ‘char*’ [-Wwrite-strings]
/home/ualusr2011/ual1220/ual1/codes/ETEAPOT_MltTurn/src/ETEAPOT_MltTurn/Integrator/S:1:325: warning: deprecated conversion from string constant to ‘char*’ [-Wwrite-strings]
/home/ualusr2011/ual1220/ual1/codes/ETEAPOT_MltTurn/src/ETEAPOT_MltTurn/Integrator/S:1:325: warning: deprecated conversion from string constant to ‘char*’ [-Wwrite-strings]
/home/ualusr2011/ual1220/ual1/codes/ETEAPOT_MltTurn/src/ETEAPOT_MltTurn/Integrator/S:1:325: warning: deprecated conversion from string constant to ‘char*’ [-Wwrite-strings]
/home/ualusr2011/ual1220/ual1/codes/ETEAPOT_MltTurn/src/ETEAPOT_MltTurn/Integrator/S:1:325: warning: deprecated conversion from string constant to ‘char*’ [-Wwrite-strings]
/home/ualusr2011/ual1220/ual1/codes/ETEAPOT_MltTurn/src/ETEAPOT_MltTurn/Integrator/S:1:325: warning: deprecated conversion from string constant to ‘char*’ [-Wwrite-strings]
/home/ualusr2011/ual1220/ual1/codes/ETEAPOT_MltTurn/src/ETEAPOT_MltTurn/Integrator/S:1:325: warning: deprecated conversion from string constant to ‘char*’ [-Wwrite-strings]
/home/ualusr2011/ual1220/ual1/codes/ETEAPOT_MltTurn/src/ETEAPOT_MltTurn/Integrator/S:1:325: warning: deprecated conversion from string constant to ‘char*’ [-Wwrite-strings]
/home/ualusr2011/ual1220/ual1/codes/ETEAPOT_MltTurn/src/ETEAPOT_MltTurn/Integrator/S:1:325: warning: deprecated conversion from string constant to ‘char*’ [-Wwrite-strings]
/home/ualusr2011/ual1220/ual1/codes/ETEAPOT_MltTurn/src/ETEAPOT_MltTurn/Integrator/S:1:325: warning: deprecated conversion from string constant to ‘char*’ [-Wwrite-strings]
/home/ualusr2011/ual1220/ual1/codes/ETEAPOT_MltTurn/src/ETEAPOT_MltTurn/Integrator/S:1:325: warning: deprecated conversion from string constant to ‘char*’ [-Wwrite-strings]
/home/ualusr2011/ual1220/ual1/codes/ETEAPOT_MltTurn/src/ETEAPOT_MltTurn/Integrator/S:1:325: warning: deprecated conversion from string constant to ‘char*’ [-Wwrite-strings]
/home/ualusr2011/ual1220/ual1/codes/ETEAPOT_MltTurn/src/ETEAPOT_MltTurn/Integrator/S:1:325: warning: deprecated conversion from string constant to ‘char*’ [-Wwrite-strings]
/home/ualusr2011/ual1220/ual1/codes/ETEAPOT_MltTurn/src/ETEAPOT_MltTurn/Integrator/S:1:325: warning: deprecated conversion from string constant to ‘char*’ [-Wwrite-strings]
/home/ualusr2011/ual1220/ual1/codes/ETEAPOT_MltTurn/src/ETEAPOT_MltTurn/Integrator/S:1:325: warning: deprecated conversion from string constant to ‘char*’ [-Wwrite-strings]
/home/ualusr2011/ual1220/ual1/codes/ETEAPOT_MltTurn/src/ETEAPOT_MltTurn/Integrator/S:1:325: warning: deprecated conversion from string constant to ‘char*’ [-Wwrite-strings]
/home/ualusr2011/ual1220/ual1/codes/ETEAPOT_MltTurn/src/ETEAPOT_MltTurn/Integrator/S:1:325: warning: deprecated conversion from string constant to ‘char*’ [-Wwrite-strings]
/home/ualusr2011/ual1220/ual1/codes/ETEAPOT_MltTurn/src/ETEAPOT_MltTurn/Integrator/S:1:325: warning: deprecated conversion from string constant to ‘char*’ [-Wwrite-strings]
/home/ualusr2011/ual1220/ual1/codes/ETEAPOT_MltTurn/src/ETEAPOT_MltTurn/Integrator/S:1:325: warning: deprecated conversion from string constant to ‘char*’ [-Wwrite-strings]
/home/ualusr2011/ual1220/ual1/codes/ETEAPOT_MltTurn/src/ETEAPOT_MltTurn/Integrator/S:1:325: warning: deprecated conversion from string constant to ‘char*’ [-Wwrite-strings]
/home/ualusr2011/ual1220/ual1/codes/ETEAPOT_MltTurn/src/ETEAPOT_MltTurn/Integrator/S:1:325: warning: deprecated conversion from string constant to ‘char*’ [-Wwrite-strings]
/home/ualusr2011/ual1220/ual1/codes/ETEAPOT_MltTurn/src/ETEAPOT_MltTurn/Integrator/S:1:325: warning: deprecated conversion from string constant to ‘char*’ [-Wwrite-strings]
/home/ualusr2011/ual1220/ual1/codes/ETEAPOT_MltTurn/src/ETEAPOT_MltTurn/Integrator/S:1:325: warning: deprecated conversion from string constant to ‘char*’ [-Wwrite-strings]
/home/ualusr2011/ual1220/ual1/codes/ETEAPOT_MltTurn/src/ETEAPOT_MltTurn/Integrator/S:1:325: warning: deprecated conversion from string constant to ‘char*’ [-Wwrite-strings]
/home/ualusr2011/ual1220/ual1/codes/ETEAPOT_MltTurn/src/ETEAPOT_MltTurn/Integrator/S:1:325: warning: deprecated conversion from string constant to ‘char*’ [-Wwrite-strings]
/home/ualusr2011/ual1220/ual1/codes/ETEAPOT_MltTurn/src/ETEAPOT_MltTurn/Integrator/S:1:325: warning: deprecated conversion from string constant to ‘char*’ [-Wwrite-strings]
/home/ualusr2011/ual1220/ual1/codes/ETEAPOT_MltTurn/src/ETEAPOT_MltTurn/Integrator/S:1:8: warning: unused variable ‘S’ [-Wunused-variable]
 char * S[41] = {"ZERO  ","ONE   ","TWO   ","THREE ","FOUR  ","FIVE  ","SIX   ","SEVEN ","EIGHT ","NINE  ","TEN   ","ELEVEN","TWELVE","THIRTN","FORTN ","FIFTN ","SIKTN ","SEVNTN","EGHTN ","NNETN ","TWENTY","21S","22S","23S","24S","25S","26S","27S","28S","29S","30S","31S","32S","33S","34S","35S","36S","37S","38S","39S","40S"};
        ^
In file included from MarkerTracker.cc:8:0:
/home/ualusr2011/ual1220/ual1/codes/ETEAPOT_MltTurn/src/ETEAPOT_MltTurn/Integrator/DipoleTracker.hh: In static member function ‘static void ETEAPOT_MltTurn::DipoleTracker::initialize()’:
/home/ualusr2011/ual1220/ual1/codes/ETEAPOT_MltTurn/src/ETEAPOT_MltTurn/Integrator/DipoleTracker.hh:62:210: warning: deprecated conversion from string constant to ‘char*’ [-Wwrite-strings]
      char * S[41] = {"ZERO  ","ONE   ","TWO   ","THREE ","FOUR  ","FIVE  ","SIX   ","SEVEN ","EIGHT ","NINE  ","TEN   ","ELEVEN","TWELVE","THIRTN","FORTN ","FIFTN ","SIKTN ","SEVNTN","EGHTN ","NNETN ","TWENTY"};
                                                                                                                                                                                                                  ^
/home/ualusr2011/ual1220/ual1/codes/ETEAPOT_MltTurn/src/ETEAPOT_MltTurn/Integrator/DipoleTracker.hh:62:210: warning: deprecated conversion from string constant to ‘char*’ [-Wwrite-strings]
/home/ualusr2011/ual1220/ual1/codes/ETEAPOT_MltTurn/src/ETEAPOT_MltTurn/Integrator/DipoleTracker.hh:62:210: warning: deprecated conversion from string constant to ‘char*’ [-Wwrite-strings]
/home/ualusr2011/ual1220/ual1/codes/ETEAPOT_MltTurn/src/ETEAPOT_MltTurn/Integrator/DipoleTracker.hh:62:210: warning: deprecated conversion from string constant to ‘char*’ [-Wwrite-strings]
/home/ualusr2011/ual1220/ual1/codes/ETEAPOT_MltTurn/src/ETEAPOT_MltTurn/Integrator/DipoleTracker.hh:62:210: warning: deprecated conversion from string constant to ‘char*’ [-Wwrite-strings]
/home/ualusr2011/ual1220/ual1/codes/ETEAPOT_MltTurn/src/ETEAPOT_MltTurn/Integrator/DipoleTracker.hh:62:210: warning: deprecated conversion from string constant to ‘char*’ [-Wwrite-strings]
/home/ualusr2011/ual1220/ual1/codes/ETEAPOT_MltTurn/src/ETEAPOT_MltTurn/Integrator/DipoleTracker.hh:62:210: warning: deprecated conversion from string constant to ‘char*’ [-Wwrite-strings]
/home/ualusr2011/ual1220/ual1/codes/ETEAPOT_MltTurn/src/ETEAPOT_MltTurn/Integrator/DipoleTracker.hh:62:210: warning: deprecated conversion from string constant to ‘char*’ [-Wwrite-strings]
/home/ualusr2011/ual1220/ual1/codes/ETEAPOT_MltTurn/src/ETEAPOT_MltTurn/Integrator/DipoleTracker.hh:62:210: warning: deprecated conversion from string constant to ‘char*’ [-Wwrite-strings]
/home/ualusr2011/ual1220/ual1/codes/ETEAPOT_MltTurn/src/ETEAPOT_MltTurn/Integrator/DipoleTracker.hh:62:210: warning: deprecated conversion from string constant to ‘char*’ [-Wwrite-strings]
/home/ualusr2011/ual1220/ual1/codes/ETEAPOT_MltTurn/src/ETEAPOT_MltTurn/Integrator/DipoleTracker.hh:62:210: warning: deprecated conversion from string constant to ‘char*’ [-Wwrite-strings]
/home/ualusr2011/ual1220/ual1/codes/ETEAPOT_MltTurn/src/ETEAPOT_MltTurn/Integrator/DipoleTracker.hh:62:210: warning: deprecated conversion from string constant to ‘char*’ [-Wwrite-strings]
/home/ualusr2011/ual1220/ual1/codes/ETEAPOT_MltTurn/src/ETEAPOT_MltTurn/Integrator/DipoleTracker.hh:62:210: warning: deprecated conversion from string constant to ‘char*’ [-Wwrite-strings]
/home/ualusr2011/ual1220/ual1/codes/ETEAPOT_MltTurn/src/ETEAPOT_MltTurn/Integrator/DipoleTracker.hh:62:210: warning: deprecated conversion from string constant to ‘char*’ [-Wwrite-strings]
/home/ualusr2011/ual1220/ual1/codes/ETEAPOT_MltTurn/src/ETEAPOT_MltTurn/Integrator/DipoleTracker.hh:62:210: warning: deprecated conversion from string constant to ‘char*’ [-Wwrite-strings]
/home/ualusr2011/ual1220/ual1/codes/ETEAPOT_MltTurn/src/ETEAPOT_MltTurn/Integrator/DipoleTracker.hh:62:210: warning: deprecated conversion from string constant to ‘char*’ [-Wwrite-strings]
/home/ualusr2011/ual1220/ual1/codes/ETEAPOT_MltTurn/src/ETEAPOT_MltTurn/Integrator/DipoleTracker.hh:62:210: warning: deprecated conversion from string constant to ‘char*’ [-Wwrite-strings]
/home/ualusr2011/ual1220/ual1/codes/ETEAPOT_MltTurn/src/ETEAPOT_MltTurn/Integrator/DipoleTracker.hh:62:210: warning: deprecated conversion from string constant to ‘char*’ [-Wwrite-strings]
/home/ualusr2011/ual1220/ual1/codes/ETEAPOT_MltTurn/src/ETEAPOT_MltTurn/Integrator/DipoleTracker.hh:62:210: warning: deprecated conversion from string constant to ‘char*’ [-Wwrite-strings]
/home/ualusr2011/ual1220/ual1/codes/ETEAPOT_MltTurn/src/ETEAPOT_MltTurn/Integrator/DipoleTracker.hh:62:210: warning: deprecated conversion from string constant to ‘char*’ [-Wwrite-strings]
/home/ualusr2011/ual1220/ual1/codes/ETEAPOT_MltTurn/src/ETEAPOT_MltTurn/Integrator/DipoleTracker.hh:62:210: warning: deprecated conversion from string constant to ‘char*’ [-Wwrite-strings]
In file included from MarkerTracker.cc:8:0:
/home/ualusr2011/ual1220/ual1/codes/ETEAPOT_MltTurn/src/ETEAPOT_MltTurn/Integrator/DipoleTracker.hh:62:13: warning: unused variable ‘S’ [-Wunused-variable]
      char * S[41] = {"ZERO  ","ONE   ","TWO   ","THREE ","FOUR  ","FIVE  ","SIX   ","SEVEN ","EIGHT ","NINE  ","TEN   ","ELEVEN","TWELVE","THIRTN","FORTN ","FIFTN ","SIKTN ","SEVNTN","EGHTN ","NNETN ","TWENTY"};
             ^
MarkerTracker.cc: In member function ‘virtual void ETEAPOT_MltTurn::MarkerTracker::propagate(UAL::Probe&)’:
MarkerTracker.cc:51:207: warning: deprecated conversion from string constant to ‘char*’ [-Wwrite-strings]
   char * S[21] = {"ZERO  ","ONE   ","TWO   ","THREE ","FOUR  ","FIVE  ","SIX   ","SEVEN ","EIGHT ","NINE  ","TEN   ","ELEVEN","TWELVE","THIRTN","FORTN ","FIFTN ","SIKTN ","SEVNTN","EGHTN ","NNETN ","TWENTY"};
                                                                                                                                                                                                               ^
MarkerTracker.cc:51:207: warning: deprecated conversion from string constant to ‘char*’ [-Wwrite-strings]
MarkerTracker.cc:51:207: warning: deprecated conversion from string constant to ‘char*’ [-Wwrite-strings]
MarkerTracker.cc:51:207: warning: deprecated conversion from string constant to ‘char*’ [-Wwrite-strings]
MarkerTracker.cc:51:207: warning: deprecated conversion from string constant to ‘char*’ [-Wwrite-strings]
MarkerTracker.cc:51:207: warning: deprecated conversion from string constant to ‘char*’ [-Wwrite-strings]
MarkerTracker.cc:51:207: warning: deprecated conversion from string constant to ‘char*’ [-Wwrite-strings]
MarkerTracker.cc:51:207: warning: deprecated conversion from string constant to ‘char*’ [-Wwrite-strings]
MarkerTracker.cc:51:207: warning: deprecated conversion from string constant to ‘char*’ [-Wwrite-strings]
MarkerTracker.cc:51:207: warning: deprecated conversion from string constant to ‘char*’ [-Wwrite-strings]
MarkerTracker.cc:51:207: warning: deprecated conversion from string constant to ‘char*’ [-Wwrite-strings]
MarkerTracker.cc:51:207: warning: deprecated conversion from string constant to ‘char*’ [-Wwrite-strings]
MarkerTracker.cc:51:207: warning: deprecated conversion from string constant to ‘char*’ [-Wwrite-strings]
MarkerTracker.cc:51:207: warning: deprecated conversion from string constant to ‘char*’ [-Wwrite-strings]
MarkerTracker.cc:51:207: warning: deprecated conversion from string constant to ‘char*’ [-Wwrite-strings]
MarkerTracker.cc:51:207: warning: deprecated conversion from string constant to ‘char*’ [-Wwrite-strings]
MarkerTracker.cc:51:207: warning: deprecated conversion from string constant to ‘char*’ [-Wwrite-strings]
MarkerTracker.cc:51:207: warning: deprecated conversion from string constant to ‘char*’ [-Wwrite-strings]
MarkerTracker.cc:51:207: warning: deprecated conversion from string constant to ‘char*’ [-Wwrite-strings]
MarkerTracker.cc:51:207: warning: deprecated conversion from string constant to ‘char*’ [-Wwrite-strings]
MarkerTracker.cc:51:207: warning: deprecated conversion from string constant to ‘char*’ [-Wwrite-strings]
MarkerTracker.cc:105:10: warning: unused variable ‘oldT’ [-Wunused-variable]
   double oldT = ba.getElapsedTime();
          ^
MarkerTracker.cc:110:10: warning: unused variable ‘v0byc’ [-Wunused-variable]
   double v0byc = p0/e0;
          ^
g++                                     -g -fpic  -O0 -fno-inline -Wall  -Wno-deprecated       -I/home/ualusr2011/ual1220/ual1/codes/ETEAPOT_MltTurn/src -I/home/ualusr2011/ual1220/ual1/codes/PAC/src  -I/home/ualusr2011/ual1220/ual1/codes/UAL/include -I/home/ualusr2011/ual1220/ual1/codes/ZLIB/src -I/home/ualusr2011/ual1220/ual1/ext/UI/src -I/home/ualusr2011/ual1220/ual1/codes/TEAPOT/src -I/home/ualusr2011/ual1220/ual1/ext/SXF/src -I/home/ualusr2011/ual1220/ual1/codes/SIMBAD/src -I/home/ualusr2011/ual1220/ual1/tools/sxf/src -I/home/ualusr2011/ual1220/ual1/tools/include -I/home/ualusr2011/ual1220/ual1/ext/ADXF/src -I/home/ualusr2011/ual1220/ual1/codes/ETEAPOT/src -I/home/ualusr2011/ual1220/ual1/codes/PAC/include/ -c DipoleTracker.cc -o /home/ualusr2011/ual1220/ual1/codes/ETEAPOT_MltTurn/lib/linux/obj/DipoleTracker.o;
In file included from /home/ualusr2011/ual1220/ual1/codes/ETEAPOT_MltTurn/src/ETEAPOT_MltTurn/Integrator/reference.inline:189:0,
                 from /home/ualusr2011/ual1220/ual1/codes/ETEAPOT_MltTurn/src/ETEAPOT_MltTurn/Integrator/DipoleAlgorithm.icc:189,
                 from /home/ualusr2011/ual1220/ual1/codes/ETEAPOT_MltTurn/src/ETEAPOT_MltTurn/Integrator/DipoleAlgorithm.hh:253,
                 from /home/ualusr2011/ual1220/ual1/codes/ETEAPOT_MltTurn/src/ETEAPOT_MltTurn/Integrator/DipoleTracker.hh:14,
                 from DipoleTracker.cc:4:
/home/ualusr2011/ual1220/ual1/codes/ETEAPOT_MltTurn/src/ETEAPOT_MltTurn/Integrator/rotate.insert:1:0: warning: "PI" redefined [enabled by default]
 #define PI 3.141592653589793
 ^
In file included from /home/ualusr2011/ual1220/ual1/codes/PAC/src/Survey/PacSurvey.h:13:0,
                 from /home/ualusr2011/ual1220/ual1/codes/PAC/src/Survey/PacSurveyData.h:13,
                 from /home/ualusr2011/ual1220/ual1/codes/ETEAPOT/src/ETEAPOT/Integrator/DipoleData.hh:11,
                 from /home/ualusr2011/ual1220/ual1/codes/ETEAPOT_MltTurn/src/ETEAPOT_MltTurn/Integrator/DipoleTracker.hh:9,
                 from DipoleTracker.cc:4:
/home/ualusr2011/ual1220/ual1/codes/PAC/src/Survey/PacSurveyDef.h:18:0: note: this is the location of the previous definition
 #define PI   3.1415926535898
 ^
In file included from /home/ualusr2011/ual1220/ual1/codes/PAC/src/Templates/PacOrderedList.h:6:0,
                 from /home/ualusr2011/ual1220/ual1/codes/PAC/src/SMF/PacElemAttributes.h:12,
                 from /home/ualusr2011/ual1220/ual1/codes/PAC/src/SMF/PacElemPart.h:10,
                 from /home/ualusr2011/ual1220/ual1/codes/PAC/src/SMF/PacGenElement.h:16,
                 from /home/ualusr2011/ual1220/ual1/codes/PAC/src/SMF/PacLine.h:12,
                 from /home/ualusr2011/ual1220/ual1/codes/PAC/src/SMF/PacLattice.h:14,
                 from DipoleTracker.cc:3:
/home/ualusr2011/ual1220/ual1/codes/PAC/src/Templates/PacRbTree.h: In member function ‘std::pair<std::_Rb_tree_iterator<_Val>, bool> PacRbTree<_Key, _Value, _KeyOfValue, _Compare, _Alloc>::insert_unique(const _Val&)’:
/home/ualusr2011/ual1220/ual1/codes/PAC/src/Templates/PacRbTree.h:76:10: warning: suggest explicit braces to avoid ambiguous ‘else’ [-Wparentheses]
       if (__comp)
          ^
In file included from /home/ualusr2011/ual1220/ual1/codes/ETEAPOT_MltTurn/src/ETEAPOT_MltTurn/Integrator/DipoleAlgorithm.hh:204:0,
                 from /home/ualusr2011/ual1220/ual1/codes/ETEAPOT_MltTurn/src/ETEAPOT_MltTurn/Integrator/DipoleTracker.hh:14,
                 from DipoleTracker.cc:4:
/home/ualusr2011/ual1220/ual1/codes/ETEAPOT/src/ETEAPOT/Integrator/timeViaHyperbolic: In member function ‘double DipoleAlgorithm<Coordinate, Coordinates>::t3h(double)’:
/home/ualusr2011/ual1220/ual1/codes/ETEAPOT/src/ETEAPOT/Integrator/timeViaHyperbolic:46:1: warning: no return statement in function returning non-void [-Wreturn-type]
 }
 ^
In file included from /home/ualusr2011/ual1220/ual1/codes/ETEAPOT_MltTurn/src/ETEAPOT_MltTurn/Integrator/DipoleAlgorithm.icc:3:0,
                 from /home/ualusr2011/ual1220/ual1/codes/ETEAPOT_MltTurn/src/ETEAPOT_MltTurn/Integrator/DipoleAlgorithm.hh:253,
                 from /home/ualusr2011/ual1220/ual1/codes/ETEAPOT_MltTurn/src/ETEAPOT_MltTurn/Integrator/DipoleTracker.hh:14,
                 from DipoleTracker.cc:4:
/home/ualusr2011/ual1220/ual1/codes/ETEAPOT_MltTurn/src/ETEAPOT_MltTurn/Integrator/MarkerTracker.hh: In static member function ‘static void ETEAPOT_MltTurn::MarkerTracker::initialize()’:
/home/ualusr2011/ual1220/ual1/codes/ETEAPOT_MltTurn/src/ETEAPOT_MltTurn/Integrator/MarkerTracker.hh:67:206: warning: deprecated conversion from string constant to ‘char*’ [-Wwrite-strings]
  char * S[21] = {"ZERO  ","ONE   ","TWO   ","THREE ","FOUR  ","FIVE  ","SIX   ","SEVEN ","EIGHT ","NINE  ","TEN   ","ELEVEN","TWELVE","THIRTN","FORTN ","FIFTN ","SIKTN ","SEVNTN","EGHTN ","NNETN ","TWENTY"};
                                                                                                                                                                                                              ^
/home/ualusr2011/ual1220/ual1/codes/ETEAPOT_MltTurn/src/ETEAPOT_MltTurn/Integrator/MarkerTracker.hh:67:206: warning: deprecated conversion from string constant to ‘char*’ [-Wwrite-strings]
/home/ualusr2011/ual1220/ual1/codes/ETEAPOT_MltTurn/src/ETEAPOT_MltTurn/Integrator/MarkerTracker.hh:67:206: warning: deprecated conversion from string constant to ‘char*’ [-Wwrite-strings]
/home/ualusr2011/ual1220/ual1/codes/ETEAPOT_MltTurn/src/ETEAPOT_MltTurn/Integrator/MarkerTracker.hh:67:206: warning: deprecated conversion from string constant to ‘char*’ [-Wwrite-strings]
/home/ualusr2011/ual1220/ual1/codes/ETEAPOT_MltTurn/src/ETEAPOT_MltTurn/Integrator/MarkerTracker.hh:67:206: warning: deprecated conversion from string constant to ‘char*’ [-Wwrite-strings]
/home/ualusr2011/ual1220/ual1/codes/ETEAPOT_MltTurn/src/ETEAPOT_MltTurn/Integrator/MarkerTracker.hh:67:206: warning: deprecated conversion from string constant to ‘char*’ [-Wwrite-strings]
/home/ualusr2011/ual1220/ual1/codes/ETEAPOT_MltTurn/src/ETEAPOT_MltTurn/Integrator/MarkerTracker.hh:67:206: warning: deprecated conversion from string constant to ‘char*’ [-Wwrite-strings]
/home/ualusr2011/ual1220/ual1/codes/ETEAPOT_MltTurn/src/ETEAPOT_MltTurn/Integrator/MarkerTracker.hh:67:206: warning: deprecated conversion from string constant to ‘char*’ [-Wwrite-strings]
/home/ualusr2011/ual1220/ual1/codes/ETEAPOT_MltTurn/src/ETEAPOT_MltTurn/Integrator/MarkerTracker.hh:67:206: warning: deprecated conversion from string constant to ‘char*’ [-Wwrite-strings]
/home/ualusr2011/ual1220/ual1/codes/ETEAPOT_MltTurn/src/ETEAPOT_MltTurn/Integrator/MarkerTracker.hh:67:206: warning: deprecated conversion from string constant to ‘char*’ [-Wwrite-strings]
/home/ualusr2011/ual1220/ual1/codes/ETEAPOT_MltTurn/src/ETEAPOT_MltTurn/Integrator/MarkerTracker.hh:67:206: warning: deprecated conversion from string constant to ‘char*’ [-Wwrite-strings]
/home/ualusr2011/ual1220/ual1/codes/ETEAPOT_MltTurn/src/ETEAPOT_MltTurn/Integrator/MarkerTracker.hh:67:206: warning: deprecated conversion from string constant to ‘char*’ [-Wwrite-strings]
/home/ualusr2011/ual1220/ual1/codes/ETEAPOT_MltTurn/src/ETEAPOT_MltTurn/Integrator/MarkerTracker.hh:67:206: warning: deprecated conversion from string constant to ‘char*’ [-Wwrite-strings]
/home/ualusr2011/ual1220/ual1/codes/ETEAPOT_MltTurn/src/ETEAPOT_MltTurn/Integrator/MarkerTracker.hh:67:206: warning: deprecated conversion from string constant to ‘char*’ [-Wwrite-strings]
/home/ualusr2011/ual1220/ual1/codes/ETEAPOT_MltTurn/src/ETEAPOT_MltTurn/Integrator/MarkerTracker.hh:67:206: warning: deprecated conversion from string constant to ‘char*’ [-Wwrite-strings]
/home/ualusr2011/ual1220/ual1/codes/ETEAPOT_MltTurn/src/ETEAPOT_MltTurn/Integrator/MarkerTracker.hh:67:206: warning: deprecated conversion from string constant to ‘char*’ [-Wwrite-strings]
/home/ualusr2011/ual1220/ual1/codes/ETEAPOT_MltTurn/src/ETEAPOT_MltTurn/Integrator/MarkerTracker.hh:67:206: warning: deprecated conversion from string constant to ‘char*’ [-Wwrite-strings]
/home/ualusr2011/ual1220/ual1/codes/ETEAPOT_MltTurn/src/ETEAPOT_MltTurn/Integrator/MarkerTracker.hh:67:206: warning: deprecated conversion from string constant to ‘char*’ [-Wwrite-strings]
/home/ualusr2011/ual1220/ual1/codes/ETEAPOT_MltTurn/src/ETEAPOT_MltTurn/Integrator/MarkerTracker.hh:67:206: warning: deprecated conversion from string constant to ‘char*’ [-Wwrite-strings]
/home/ualusr2011/ual1220/ual1/codes/ETEAPOT_MltTurn/src/ETEAPOT_MltTurn/Integrator/MarkerTracker.hh:67:206: warning: deprecated conversion from string constant to ‘char*’ [-Wwrite-strings]
/home/ualusr2011/ual1220/ual1/codes/ETEAPOT_MltTurn/src/ETEAPOT_MltTurn/Integrator/MarkerTracker.hh:67:206: warning: deprecated conversion from string constant to ‘char*’ [-Wwrite-strings]
/home/ualusr2011/ual1220/ual1/codes/ETEAPOT_MltTurn/src/ETEAPOT_MltTurn/Integrator/MarkerTracker.hh:67:9: warning: unused variable ‘S’ [-Wunused-variable]
  char * S[21] = {"ZERO  ","ONE   ","TWO   ","THREE ","FOUR  ","FIVE  ","SIX   ","SEVEN ","EIGHT ","NINE  ","TEN   ","ELEVEN","TWELVE","THIRTN","FORTN ","FIFTN ","SIKTN ","SEVNTN","EGHTN ","NNETN ","TWENTY"};
         ^
In file included from /home/ualusr2011/ual1220/ual1/codes/ETEAPOT_MltTurn/src/ETEAPOT_MltTurn/Integrator/MltTracker.hh:53:0,
                 from /home/ualusr2011/ual1220/ual1/codes/ETEAPOT_MltTurn/src/ETEAPOT_MltTurn/Integrator/DipoleAlgorithm.icc:4,
                 from /home/ualusr2011/ual1220/ual1/codes/ETEAPOT_MltTurn/src/ETEAPOT_MltTurn/Integrator/DipoleAlgorithm.hh:253,
                 from /home/ualusr2011/ual1220/ual1/codes/ETEAPOT_MltTurn/src/ETEAPOT_MltTurn/Integrator/DipoleTracker.hh:14,
                 from DipoleTracker.cc:4:
/home/ualusr2011/ual1220/ual1/codes/ETEAPOT_MltTurn/src/ETEAPOT_MltTurn/Integrator/S: In static member function ‘static void ETEAPOT_MltTurn::MltTracker::initialize()’:
/home/ualusr2011/ual1220/ual1/codes/ETEAPOT_MltTurn/src/ETEAPOT_MltTurn/Integrator/S:1:325: warning: deprecated conversion from string constant to ‘char*’ [-Wwrite-strings]
 char * S[41] = {"ZERO  ","ONE   ","TWO   ","THREE ","FOUR  ","FIVE  ","SIX   ","SEVEN ","EIGHT ","NINE  ","TEN   ","ELEVEN","TWELVE","THIRTN","FORTN ","FIFTN ","SIKTN ","SEVNTN","EGHTN ","NNETN ","TWENTY","21S","22S","23S","24S","25S","26S","27S","28S","29S","30S","31S","32S","33S","34S","35S","36S","37S","38S","39S","40S"};
                                                                                                                                                                                                                                                                                                                                     ^
/home/ualusr2011/ual1220/ual1/codes/ETEAPOT_MltTurn/src/ETEAPOT_MltTurn/Integrator/S:1:325: warning: deprecated conversion from string constant to ‘char*’ [-Wwrite-strings]
/home/ualusr2011/ual1220/ual1/codes/ETEAPOT_MltTurn/src/ETEAPOT_MltTurn/Integrator/S:1:325: warning: deprecated conversion from string constant to ‘char*’ [-Wwrite-strings]
/home/ualusr2011/ual1220/ual1/codes/ETEAPOT_MltTurn/src/ETEAPOT_MltTurn/Integrator/S:1:325: warning: deprecated conversion from string constant to ‘char*’ [-Wwrite-strings]
/home/ualusr2011/ual1220/ual1/codes/ETEAPOT_MltTurn/src/ETEAPOT_MltTurn/Integrator/S:1:325: warning: deprecated conversion from string constant to ‘char*’ [-Wwrite-strings]
/home/ualusr2011/ual1220/ual1/codes/ETEAPOT_MltTurn/src/ETEAPOT_MltTurn/Integrator/S:1:325: warning: deprecated conversion from string constant to ‘char*’ [-Wwrite-strings]
/home/ualusr2011/ual1220/ual1/codes/ETEAPOT_MltTurn/src/ETEAPOT_MltTurn/Integrator/S:1:325: warning: deprecated conversion from string constant to ‘char*’ [-Wwrite-strings]
/home/ualusr2011/ual1220/ual1/codes/ETEAPOT_MltTurn/src/ETEAPOT_MltTurn/Integrator/S:1:325: warning: deprecated conversion from string constant to ‘char*’ [-Wwrite-strings]
/home/ualusr2011/ual1220/ual1/codes/ETEAPOT_MltTurn/src/ETEAPOT_MltTurn/Integrator/S:1:325: warning: deprecated conversion from string constant to ‘char*’ [-Wwrite-strings]
/home/ualusr2011/ual1220/ual1/codes/ETEAPOT_MltTurn/src/ETEAPOT_MltTurn/Integrator/S:1:325: warning: deprecated conversion from string constant to ‘char*’ [-Wwrite-strings]
/home/ualusr2011/ual1220/ual1/codes/ETEAPOT_MltTurn/src/ETEAPOT_MltTurn/Integrator/S:1:325: warning: deprecated conversion from string constant to ‘char*’ [-Wwrite-strings]
/home/ualusr2011/ual1220/ual1/codes/ETEAPOT_MltTurn/src/ETEAPOT_MltTurn/Integrator/S:1:325: warning: deprecated conversion from string constant to ‘char*’ [-Wwrite-strings]
/home/ualusr2011/ual1220/ual1/codes/ETEAPOT_MltTurn/src/ETEAPOT_MltTurn/Integrator/S:1:325: warning: deprecated conversion from string constant to ‘char*’ [-Wwrite-strings]
/home/ualusr2011/ual1220/ual1/codes/ETEAPOT_MltTurn/src/ETEAPOT_MltTurn/Integrator/S:1:325: warning: deprecated conversion from string constant to ‘char*’ [-Wwrite-strings]
/home/ualusr2011/ual1220/ual1/codes/ETEAPOT_MltTurn/src/ETEAPOT_MltTurn/Integrator/S:1:325: warning: deprecated conversion from string constant to ‘char*’ [-Wwrite-strings]
/home/ualusr2011/ual1220/ual1/codes/ETEAPOT_MltTurn/src/ETEAPOT_MltTurn/Integrator/S:1:325: warning: deprecated conversion from string constant to ‘char*’ [-Wwrite-strings]
/home/ualusr2011/ual1220/ual1/codes/ETEAPOT_MltTurn/src/ETEAPOT_MltTurn/Integrator/S:1:325: warning: deprecated conversion from string constant to ‘char*’ [-Wwrite-strings]
/home/ualusr2011/ual1220/ual1/codes/ETEAPOT_MltTurn/src/ETEAPOT_MltTurn/Integrator/S:1:325: warning: deprecated conversion from string constant to ‘char*’ [-Wwrite-strings]
/home/ualusr2011/ual1220/ual1/codes/ETEAPOT_MltTurn/src/ETEAPOT_MltTurn/Integrator/S:1:325: warning: deprecated conversion from string constant to ‘char*’ [-Wwrite-strings]
/home/ualusr2011/ual1220/ual1/codes/ETEAPOT_MltTurn/src/ETEAPOT_MltTurn/Integrator/S:1:325: warning: deprecated conversion from string constant to ‘char*’ [-Wwrite-strings]
/home/ualusr2011/ual1220/ual1/codes/ETEAPOT_MltTurn/src/ETEAPOT_MltTurn/Integrator/S:1:325: warning: deprecated conversion from string constant to ‘char*’ [-Wwrite-strings]
/home/ualusr2011/ual1220/ual1/codes/ETEAPOT_MltTurn/src/ETEAPOT_MltTurn/Integrator/S:1:325: warning: deprecated conversion from string constant to ‘char*’ [-Wwrite-strings]
/home/ualusr2011/ual1220/ual1/codes/ETEAPOT_MltTurn/src/ETEAPOT_MltTurn/Integrator/S:1:325: warning: deprecated conversion from string constant to ‘char*’ [-Wwrite-strings]
/home/ualusr2011/ual1220/ual1/codes/ETEAPOT_MltTurn/src/ETEAPOT_MltTurn/Integrator/S:1:325: warning: deprecated conversion from string constant to ‘char*’ [-Wwrite-strings]
/home/ualusr2011/ual1220/ual1/codes/ETEAPOT_MltTurn/src/ETEAPOT_MltTurn/Integrator/S:1:325: warning: deprecated conversion from string constant to ‘char*’ [-Wwrite-strings]
/home/ualusr2011/ual1220/ual1/codes/ETEAPOT_MltTurn/src/ETEAPOT_MltTurn/Integrator/S:1:325: warning: deprecated conversion from string constant to ‘char*’ [-Wwrite-strings]
/home/ualusr2011/ual1220/ual1/codes/ETEAPOT_MltTurn/src/ETEAPOT_MltTurn/Integrator/S:1:325: warning: deprecated conversion from string constant to ‘char*’ [-Wwrite-strings]
/home/ualusr2011/ual1220/ual1/codes/ETEAPOT_MltTurn/src/ETEAPOT_MltTurn/Integrator/S:1:325: warning: deprecated conversion from string constant to ‘char*’ [-Wwrite-strings]
/home/ualusr2011/ual1220/ual1/codes/ETEAPOT_MltTurn/src/ETEAPOT_MltTurn/Integrator/S:1:325: warning: deprecated conversion from string constant to ‘char*’ [-Wwrite-strings]
/home/ualusr2011/ual1220/ual1/codes/ETEAPOT_MltTurn/src/ETEAPOT_MltTurn/Integrator/S:1:325: warning: deprecated conversion from string constant to ‘char*’ [-Wwrite-strings]
/home/ualusr2011/ual1220/ual1/codes/ETEAPOT_MltTurn/src/ETEAPOT_MltTurn/Integrator/S:1:325: warning: deprecated conversion from string constant to ‘char*’ [-Wwrite-strings]
/home/ualusr2011/ual1220/ual1/codes/ETEAPOT_MltTurn/src/ETEAPOT_MltTurn/Integrator/S:1:325: warning: deprecated conversion from string constant to ‘char*’ [-Wwrite-strings]
/home/ualusr2011/ual1220/ual1/codes/ETEAPOT_MltTurn/src/ETEAPOT_MltTurn/Integrator/S:1:325: warning: deprecated conversion from string constant to ‘char*’ [-Wwrite-strings]
/home/ualusr2011/ual1220/ual1/codes/ETEAPOT_MltTurn/src/ETEAPOT_MltTurn/Integrator/S:1:325: warning: deprecated conversion from string constant to ‘char*’ [-Wwrite-strings]
/home/ualusr2011/ual1220/ual1/codes/ETEAPOT_MltTurn/src/ETEAPOT_MltTurn/Integrator/S:1:325: warning: deprecated conversion from string constant to ‘char*’ [-Wwrite-strings]
/home/ualusr2011/ual1220/ual1/codes/ETEAPOT_MltTurn/src/ETEAPOT_MltTurn/Integrator/S:1:325: warning: deprecated conversion from string constant to ‘char*’ [-Wwrite-strings]
/home/ualusr2011/ual1220/ual1/codes/ETEAPOT_MltTurn/src/ETEAPOT_MltTurn/Integrator/S:1:325: warning: deprecated conversion from string constant to ‘char*’ [-Wwrite-strings]
/home/ualusr2011/ual1220/ual1/codes/ETEAPOT_MltTurn/src/ETEAPOT_MltTurn/Integrator/S:1:325: warning: deprecated conversion from string constant to ‘char*’ [-Wwrite-strings]
/home/ualusr2011/ual1220/ual1/codes/ETEAPOT_MltTurn/src/ETEAPOT_MltTurn/Integrator/S:1:325: warning: deprecated conversion from string constant to ‘char*’ [-Wwrite-strings]
/home/ualusr2011/ual1220/ual1/codes/ETEAPOT_MltTurn/src/ETEAPOT_MltTurn/Integrator/S:1:325: warning: deprecated conversion from string constant to ‘char*’ [-Wwrite-strings]
/home/ualusr2011/ual1220/ual1/codes/ETEAPOT_MltTurn/src/ETEAPOT_MltTurn/Integrator/S:1:325: warning: deprecated conversion from string constant to ‘char*’ [-Wwrite-strings]
/home/ualusr2011/ual1220/ual1/codes/ETEAPOT_MltTurn/src/ETEAPOT_MltTurn/Integrator/S:1:8: warning: unused variable ‘S’ [-Wunused-variable]
 char * S[41] = {"ZERO  ","ONE   ","TWO   ","THREE ","FOUR  ","FIVE  ","SIX   ","SEVEN ","EIGHT ","NINE  ","TEN   ","ELEVEN","TWELVE","THIRTN","FORTN ","FIFTN ","SIKTN ","SEVNTN","EGHTN ","NNETN ","TWENTY","21S","22S","23S","24S","25S","26S","27S","28S","29S","30S","31S","32S","33S","34S","35S","36S","37S","38S","39S","40S"};
        ^
In file included from DipoleTracker.cc:4:0:
/home/ualusr2011/ual1220/ual1/codes/ETEAPOT_MltTurn/src/ETEAPOT_MltTurn/Integrator/DipoleTracker.hh: In static member function ‘static void ETEAPOT_MltTurn::DipoleTracker::initialize()’:
/home/ualusr2011/ual1220/ual1/codes/ETEAPOT_MltTurn/src/ETEAPOT_MltTurn/Integrator/DipoleTracker.hh:62:210: warning: deprecated conversion from string constant to ‘char*’ [-Wwrite-strings]
      char * S[41] = {"ZERO  ","ONE   ","TWO   ","THREE ","FOUR  ","FIVE  ","SIX   ","SEVEN ","EIGHT ","NINE  ","TEN   ","ELEVEN","TWELVE","THIRTN","FORTN ","FIFTN ","SIKTN ","SEVNTN","EGHTN ","NNETN ","TWENTY"};
                                                                                                                                                                                                                  ^
/home/ualusr2011/ual1220/ual1/codes/ETEAPOT_MltTurn/src/ETEAPOT_MltTurn/Integrator/DipoleTracker.hh:62:210: warning: deprecated conversion from string constant to ‘char*’ [-Wwrite-strings]
/home/ualusr2011/ual1220/ual1/codes/ETEAPOT_MltTurn/src/ETEAPOT_MltTurn/Integrator/DipoleTracker.hh:62:210: warning: deprecated conversion from string constant to ‘char*’ [-Wwrite-strings]
/home/ualusr2011/ual1220/ual1/codes/ETEAPOT_MltTurn/src/ETEAPOT_MltTurn/Integrator/DipoleTracker.hh:62:210: warning: deprecated conversion from string constant to ‘char*’ [-Wwrite-strings]
/home/ualusr2011/ual1220/ual1/codes/ETEAPOT_MltTurn/src/ETEAPOT_MltTurn/Integrator/DipoleTracker.hh:62:210: warning: deprecated conversion from string constant to ‘char*’ [-Wwrite-strings]
/home/ualusr2011/ual1220/ual1/codes/ETEAPOT_MltTurn/src/ETEAPOT_MltTurn/Integrator/DipoleTracker.hh:62:210: warning: deprecated conversion from string constant to ‘char*’ [-Wwrite-strings]
/home/ualusr2011/ual1220/ual1/codes/ETEAPOT_MltTurn/src/ETEAPOT_MltTurn/Integrator/DipoleTracker.hh:62:210: warning: deprecated conversion from string constant to ‘char*’ [-Wwrite-strings]
/home/ualusr2011/ual1220/ual1/codes/ETEAPOT_MltTurn/src/ETEAPOT_MltTurn/Integrator/DipoleTracker.hh:62:210: warning: deprecated conversion from string constant to ‘char*’ [-Wwrite-strings]
/home/ualusr2011/ual1220/ual1/codes/ETEAPOT_MltTurn/src/ETEAPOT_MltTurn/Integrator/DipoleTracker.hh:62:210: warning: deprecated conversion from string constant to ‘char*’ [-Wwrite-strings]
/home/ualusr2011/ual1220/ual1/codes/ETEAPOT_MltTurn/src/ETEAPOT_MltTurn/Integrator/DipoleTracker.hh:62:210: warning: deprecated conversion from string constant to ‘char*’ [-Wwrite-strings]
/home/ualusr2011/ual1220/ual1/codes/ETEAPOT_MltTurn/src/ETEAPOT_MltTurn/Integrator/DipoleTracker.hh:62:210: warning: deprecated conversion from string constant to ‘char*’ [-Wwrite-strings]
/home/ualusr2011/ual1220/ual1/codes/ETEAPOT_MltTurn/src/ETEAPOT_MltTurn/Integrator/DipoleTracker.hh:62:210: warning: deprecated conversion from string constant to ‘char*’ [-Wwrite-strings]
/home/ualusr2011/ual1220/ual1/codes/ETEAPOT_MltTurn/src/ETEAPOT_MltTurn/Integrator/DipoleTracker.hh:62:210: warning: deprecated conversion from string constant to ‘char*’ [-Wwrite-strings]
/home/ualusr2011/ual1220/ual1/codes/ETEAPOT_MltTurn/src/ETEAPOT_MltTurn/Integrator/DipoleTracker.hh:62:210: warning: deprecated conversion from string constant to ‘char*’ [-Wwrite-strings]
/home/ualusr2011/ual1220/ual1/codes/ETEAPOT_MltTurn/src/ETEAPOT_MltTurn/Integrator/DipoleTracker.hh:62:210: warning: deprecated conversion from string constant to ‘char*’ [-Wwrite-strings]
/home/ualusr2011/ual1220/ual1/codes/ETEAPOT_MltTurn/src/ETEAPOT_MltTurn/Integrator/DipoleTracker.hh:62:210: warning: deprecated conversion from string constant to ‘char*’ [-Wwrite-strings]
/home/ualusr2011/ual1220/ual1/codes/ETEAPOT_MltTurn/src/ETEAPOT_MltTurn/Integrator/DipoleTracker.hh:62:210: warning: deprecated conversion from string constant to ‘char*’ [-Wwrite-strings]
/home/ualusr2011/ual1220/ual1/codes/ETEAPOT_MltTurn/src/ETEAPOT_MltTurn/Integrator/DipoleTracker.hh:62:210: warning: deprecated conversion from string constant to ‘char*’ [-Wwrite-strings]
/home/ualusr2011/ual1220/ual1/codes/ETEAPOT_MltTurn/src/ETEAPOT_MltTurn/Integrator/DipoleTracker.hh:62:210: warning: deprecated conversion from string constant to ‘char*’ [-Wwrite-strings]
/home/ualusr2011/ual1220/ual1/codes/ETEAPOT_MltTurn/src/ETEAPOT_MltTurn/Integrator/DipoleTracker.hh:62:210: warning: deprecated conversion from string constant to ‘char*’ [-Wwrite-strings]
/home/ualusr2011/ual1220/ual1/codes/ETEAPOT_MltTurn/src/ETEAPOT_MltTurn/Integrator/DipoleTracker.hh:62:210: warning: deprecated conversion from string constant to ‘char*’ [-Wwrite-strings]
In file included from DipoleTracker.cc:4:0:
/home/ualusr2011/ual1220/ual1/codes/ETEAPOT_MltTurn/src/ETEAPOT_MltTurn/Integrator/DipoleTracker.hh:62:13: warning: unused variable ‘S’ [-Wunused-variable]
      char * S[41] = {"ZERO  ","ONE   ","TWO   ","THREE ","FOUR  ","FIVE  ","SIX   ","SEVEN ","EIGHT ","NINE  ","TEN   ","ELEVEN","TWELVE","THIRTN","FORTN ","FIFTN ","SIKTN ","SEVNTN","EGHTN ","NNETN ","TWENTY"};
             ^
In file included from /home/ualusr2011/ual1220/ual1/codes/ETEAPOT_MltTurn/src/ETEAPOT_MltTurn/Integrator/DipoleAlgorithm.icc:79:0,
                 from /home/ualusr2011/ual1220/ual1/codes/ETEAPOT_MltTurn/src/ETEAPOT_MltTurn/Integrator/DipoleAlgorithm.hh:253,
                 from /home/ualusr2011/ual1220/ual1/codes/ETEAPOT_MltTurn/src/ETEAPOT_MltTurn/Integrator/DipoleTracker.hh:14,
                 from DipoleTracker.cc:4:
/home/ualusr2011/ual1220/ual1/codes/ETEAPOT_MltTurn/src/ETEAPOT_MltTurn/Integrator/S: In instantiation of ‘void DipoleAlgorithm<Coordinate, Coordinates>::passBend(int, const ETEAPOT::DipoleData&, const ETEAPOT::MltData&, Coordinates&, Coordinates&, double, PAC::BeamAttributes, int) [with Coordinate = double; Coordinates = PAC::Position]’:
DipoleTracker.cc:96:73:   required from here
/home/ualusr2011/ual1220/ual1/codes/ETEAPOT_MltTurn/src/ETEAPOT_MltTurn/Integrator/S:1:325: warning: deprecated conversion from string constant to ‘char*’ [-Wwrite-strings]
 char * S[41] = {"ZERO  ","ONE   ","TWO   ","THREE ","FOUR  ","FIVE  ","SIX   ","SEVEN ","EIGHT ","NINE  ","TEN   ","ELEVEN","TWELVE","THIRTN","FORTN ","FIFTN ","SIKTN ","SEVNTN","EGHTN ","NNETN ","TWENTY","21S","22S","23S","24S","25S","26S","27S","28S","29S","30S","31S","32S","33S","34S","35S","36S","37S","38S","39S","40S"};
                                                                                                                                                                                                                                                                                                                                     ^
/home/ualusr2011/ual1220/ual1/codes/ETEAPOT_MltTurn/src/ETEAPOT_MltTurn/Integrator/S:1:325: warning: deprecated conversion from string constant to ‘char*’ [-Wwrite-strings]
/home/ualusr2011/ual1220/ual1/codes/ETEAPOT_MltTurn/src/ETEAPOT_MltTurn/Integrator/S:1:325: warning: deprecated conversion from string constant to ‘char*’ [-Wwrite-strings]
/home/ualusr2011/ual1220/ual1/codes/ETEAPOT_MltTurn/src/ETEAPOT_MltTurn/Integrator/S:1:325: warning: deprecated conversion from string constant to ‘char*’ [-Wwrite-strings]
/home/ualusr2011/ual1220/ual1/codes/ETEAPOT_MltTurn/src/ETEAPOT_MltTurn/Integrator/S:1:325: warning: deprecated conversion from string constant to ‘char*’ [-Wwrite-strings]
/home/ualusr2011/ual1220/ual1/codes/ETEAPOT_MltTurn/src/ETEAPOT_MltTurn/Integrator/S:1:325: warning: deprecated conversion from string constant to ‘char*’ [-Wwrite-strings]
/home/ualusr2011/ual1220/ual1/codes/ETEAPOT_MltTurn/src/ETEAPOT_MltTurn/Integrator/S:1:325: warning: deprecated conversion from string constant to ‘char*’ [-Wwrite-strings]
/home/ualusr2011/ual1220/ual1/codes/ETEAPOT_MltTurn/src/ETEAPOT_MltTurn/Integrator/S:1:325: warning: deprecated conversion from string constant to ‘char*’ [-Wwrite-strings]
/home/ualusr2011/ual1220/ual1/codes/ETEAPOT_MltTurn/src/ETEAPOT_MltTurn/Integrator/S:1:325: warning: deprecated conversion from string constant to ‘char*’ [-Wwrite-strings]
/home/ualusr2011/ual1220/ual1/codes/ETEAPOT_MltTurn/src/ETEAPOT_MltTurn/Integrator/S:1:325: warning: deprecated conversion from string constant to ‘char*’ [-Wwrite-strings]
/home/ualusr2011/ual1220/ual1/codes/ETEAPOT_MltTurn/src/ETEAPOT_MltTurn/Integrator/S:1:325: warning: deprecated conversion from string constant to ‘char*’ [-Wwrite-strings]
/home/ualusr2011/ual1220/ual1/codes/ETEAPOT_MltTurn/src/ETEAPOT_MltTurn/Integrator/S:1:325: warning: deprecated conversion from string constant to ‘char*’ [-Wwrite-strings]
/home/ualusr2011/ual1220/ual1/codes/ETEAPOT_MltTurn/src/ETEAPOT_MltTurn/Integrator/S:1:325: warning: deprecated conversion from string constant to ‘char*’ [-Wwrite-strings]
/home/ualusr2011/ual1220/ual1/codes/ETEAPOT_MltTurn/src/ETEAPOT_MltTurn/Integrator/S:1:325: warning: deprecated conversion from string constant to ‘char*’ [-Wwrite-strings]
/home/ualusr2011/ual1220/ual1/codes/ETEAPOT_MltTurn/src/ETEAPOT_MltTurn/Integrator/S:1:325: warning: deprecated conversion from string constant to ‘char*’ [-Wwrite-strings]
/home/ualusr2011/ual1220/ual1/codes/ETEAPOT_MltTurn/src/ETEAPOT_MltTurn/Integrator/S:1:325: warning: deprecated conversion from string constant to ‘char*’ [-Wwrite-strings]
/home/ualusr2011/ual1220/ual1/codes/ETEAPOT_MltTurn/src/ETEAPOT_MltTurn/Integrator/S:1:325: warning: deprecated conversion from string constant to ‘char*’ [-Wwrite-strings]
/home/ualusr2011/ual1220/ual1/codes/ETEAPOT_MltTurn/src/ETEAPOT_MltTurn/Integrator/S:1:325: warning: deprecated conversion from string constant to ‘char*’ [-Wwrite-strings]
/home/ualusr2011/ual1220/ual1/codes/ETEAPOT_MltTurn/src/ETEAPOT_MltTurn/Integrator/S:1:325: warning: deprecated conversion from string constant to ‘char*’ [-Wwrite-strings]
/home/ualusr2011/ual1220/ual1/codes/ETEAPOT_MltTurn/src/ETEAPOT_MltTurn/Integrator/S:1:325: warning: deprecated conversion from string constant to ‘char*’ [-Wwrite-strings]
/home/ualusr2011/ual1220/ual1/codes/ETEAPOT_MltTurn/src/ETEAPOT_MltTurn/Integrator/S:1:325: warning: deprecated conversion from string constant to ‘char*’ [-Wwrite-strings]
/home/ualusr2011/ual1220/ual1/codes/ETEAPOT_MltTurn/src/ETEAPOT_MltTurn/Integrator/S:1:325: warning: deprecated conversion from string constant to ‘char*’ [-Wwrite-strings]
/home/ualusr2011/ual1220/ual1/codes/ETEAPOT_MltTurn/src/ETEAPOT_MltTurn/Integrator/S:1:325: warning: deprecated conversion from string constant to ‘char*’ [-Wwrite-strings]
/home/ualusr2011/ual1220/ual1/codes/ETEAPOT_MltTurn/src/ETEAPOT_MltTurn/Integrator/S:1:325: warning: deprecated conversion from string constant to ‘char*’ [-Wwrite-strings]
/home/ualusr2011/ual1220/ual1/codes/ETEAPOT_MltTurn/src/ETEAPOT_MltTurn/Integrator/S:1:325: warning: deprecated conversion from string constant to ‘char*’ [-Wwrite-strings]
/home/ualusr2011/ual1220/ual1/codes/ETEAPOT_MltTurn/src/ETEAPOT_MltTurn/Integrator/S:1:325: warning: deprecated conversion from string constant to ‘char*’ [-Wwrite-strings]
/home/ualusr2011/ual1220/ual1/codes/ETEAPOT_MltTurn/src/ETEAPOT_MltTurn/Integrator/S:1:325: warning: deprecated conversion from string constant to ‘char*’ [-Wwrite-strings]
/home/ualusr2011/ual1220/ual1/codes/ETEAPOT_MltTurn/src/ETEAPOT_MltTurn/Integrator/S:1:325: warning: deprecated conversion from string constant to ‘char*’ [-Wwrite-strings]
/home/ualusr2011/ual1220/ual1/codes/ETEAPOT_MltTurn/src/ETEAPOT_MltTurn/Integrator/S:1:325: warning: deprecated conversion from string constant to ‘char*’ [-Wwrite-strings]
/home/ualusr2011/ual1220/ual1/codes/ETEAPOT_MltTurn/src/ETEAPOT_MltTurn/Integrator/S:1:325: warning: deprecated conversion from string constant to ‘char*’ [-Wwrite-strings]
/home/ualusr2011/ual1220/ual1/codes/ETEAPOT_MltTurn/src/ETEAPOT_MltTurn/Integrator/S:1:325: warning: deprecated conversion from string constant to ‘char*’ [-Wwrite-strings]
/home/ualusr2011/ual1220/ual1/codes/ETEAPOT_MltTurn/src/ETEAPOT_MltTurn/Integrator/S:1:325: warning: deprecated conversion from string constant to ‘char*’ [-Wwrite-strings]
/home/ualusr2011/ual1220/ual1/codes/ETEAPOT_MltTurn/src/ETEAPOT_MltTurn/Integrator/S:1:325: warning: deprecated conversion from string constant to ‘char*’ [-Wwrite-strings]
/home/ualusr2011/ual1220/ual1/codes/ETEAPOT_MltTurn/src/ETEAPOT_MltTurn/Integrator/S:1:325: warning: deprecated conversion from string constant to ‘char*’ [-Wwrite-strings]
/home/ualusr2011/ual1220/ual1/codes/ETEAPOT_MltTurn/src/ETEAPOT_MltTurn/Integrator/S:1:325: warning: deprecated conversion from string constant to ‘char*’ [-Wwrite-strings]
/home/ualusr2011/ual1220/ual1/codes/ETEAPOT_MltTurn/src/ETEAPOT_MltTurn/Integrator/S:1:325: warning: deprecated conversion from string constant to ‘char*’ [-Wwrite-strings]
/home/ualusr2011/ual1220/ual1/codes/ETEAPOT_MltTurn/src/ETEAPOT_MltTurn/Integrator/S:1:325: warning: deprecated conversion from string constant to ‘char*’ [-Wwrite-strings]
/home/ualusr2011/ual1220/ual1/codes/ETEAPOT_MltTurn/src/ETEAPOT_MltTurn/Integrator/S:1:325: warning: deprecated conversion from string constant to ‘char*’ [-Wwrite-strings]
/home/ualusr2011/ual1220/ual1/codes/ETEAPOT_MltTurn/src/ETEAPOT_MltTurn/Integrator/S:1:325: warning: deprecated conversion from string constant to ‘char*’ [-Wwrite-strings]
/home/ualusr2011/ual1220/ual1/codes/ETEAPOT_MltTurn/src/ETEAPOT_MltTurn/Integrator/S:1:325: warning: deprecated conversion from string constant to ‘char*’ [-Wwrite-strings]
/home/ualusr2011/ual1220/ual1/codes/ETEAPOT_MltTurn/src/ETEAPOT_MltTurn/Integrator/S:1:325: warning: deprecated conversion from string constant to ‘char*’ [-Wwrite-strings]
In file included from /home/ualusr2011/ual1220/ual1/codes/ETEAPOT_MltTurn/src/ETEAPOT_MltTurn/Integrator/DipoleAlgorithm.icc:58:0,
                 from /home/ualusr2011/ual1220/ual1/codes/ETEAPOT_MltTurn/src/ETEAPOT_MltTurn/Integrator/DipoleAlgorithm.hh:253,
                 from /home/ualusr2011/ual1220/ual1/codes/ETEAPOT_MltTurn/src/ETEAPOT_MltTurn/Integrator/DipoleTracker.hh:14,
                 from DipoleTracker.cc:4:
/home/ualusr2011/ual1220/ual1/codes/ETEAPOT/src/ETEAPOT/Integrator/getDesignBeam.h:1:8: warning: unused variable ‘e0’ [-Wunused-variable]
 double e0=cba.getEnergy();
        ^
/home/ualusr2011/ual1220/ual1/codes/ETEAPOT/src/ETEAPOT/Integrator/getDesignBeam.h:2:8: warning: unused variable ‘m0’ [-Wunused-variable]
 double m0=cba.getMass();
        ^
/home/ualusr2011/ual1220/ual1/codes/ETEAPOT/src/ETEAPOT/Integrator/getDesignBeam.h:3:8: warning: unused variable ‘q0’ [-Wunused-variable]
 double q0=cba.getCharge();
        ^
/home/ualusr2011/ual1220/ual1/codes/ETEAPOT/src/ETEAPOT/Integrator/getDesignBeam.h:4:8: warning: unused variable ‘t0’ [-Wunused-variable]
 double t0=cba.getElapsedTime();
        ^
/home/ualusr2011/ual1220/ual1/codes/ETEAPOT/src/ETEAPOT/Integrator/getDesignBeam.h:5:8: warning: unused variable ‘f0’ [-Wunused-variable]
 double f0=cba.getRevfreq();
        ^
/home/ualusr2011/ual1220/ual1/codes/ETEAPOT/src/ETEAPOT/Integrator/getDesignBeam.h:6:8: warning: unused variable ‘M0’ [-Wunused-variable]
 double M0=cba.getMacrosize();
        ^
/home/ualusr2011/ual1220/ual1/codes/ETEAPOT/src/ETEAPOT/Integrator/getDesignBeam.h:7:8: warning: unused variable ‘G0’ [-Wunused-variable]
 double G0=cba.getG();
        ^
/home/ualusr2011/ual1220/ual1/codes/ETEAPOT/src/ETEAPOT/Integrator/getDesignBeam.h:9:8: warning: unused variable ‘El0’ [-Wunused-variable]
 double El0=cba.getE();
        ^
In file included from /home/ualusr2011/ual1220/ual1/codes/ETEAPOT_MltTurn/src/ETEAPOT_MltTurn/Integrator/DipoleAlgorithm.icc:79:0,
                 from /home/ualusr2011/ual1220/ual1/codes/ETEAPOT_MltTurn/src/ETEAPOT_MltTurn/Integrator/DipoleAlgorithm.hh:253,
                 from /home/ualusr2011/ual1220/ual1/codes/ETEAPOT_MltTurn/src/ETEAPOT_MltTurn/Integrator/DipoleTracker.hh:14,
                 from DipoleTracker.cc:4:
/home/ualusr2011/ual1220/ual1/codes/ETEAPOT_MltTurn/src/ETEAPOT_MltTurn/Integrator/S:1:8: warning: unused variable ‘S’ [-Wunused-variable]
 char * S[41] = {"ZERO  ","ONE   ","TWO   ","THREE ","FOUR  ","FIVE  ","SIX   ","SEVEN ","EIGHT ","NINE  ","TEN   ","ELEVEN","TWELVE","THIRTN","FORTN ","FIFTN ","SIKTN ","SEVNTN","EGHTN ","NNETN ","TWENTY","21S","22S","23S","24S","25S","26S","27S","28S","29S","30S","31S","32S","33S","34S","35S","36S","37S","38S","39S","40S"};
        ^
In file included from /home/ualusr2011/ual1220/ual1/codes/ETEAPOT_MltTurn/src/ETEAPOT_MltTurn/Integrator/DipoleAlgorithm.icc:157:0,
                 from /home/ualusr2011/ual1220/ual1/codes/ETEAPOT_MltTurn/src/ETEAPOT_MltTurn/Integrator/DipoleAlgorithm.hh:253,
                 from /home/ualusr2011/ual1220/ual1/codes/ETEAPOT_MltTurn/src/ETEAPOT_MltTurn/Integrator/DipoleTracker.hh:14,
                 from DipoleTracker.cc:4:
/home/ualusr2011/ual1220/ual1/codes/ETEAPOT_MltTurn/src/ETEAPOT_MltTurn/Integrator/S: In instantiation of ‘void DipoleAlgorithm<Coordinate, Coordinates>::traverseSplitBendExactly(int, Coordinates&, Coordinates&, double, PAC::BeamAttributes, double, double) [with Coordinate = double; Coordinates = PAC::Position]’:
/home/ualusr2011/ual1220/ual1/codes/ETEAPOT_MltTurn/src/ETEAPOT_MltTurn/Integrator/DipoleAlgorithm.icc:88:83:   required from ‘void DipoleAlgorithm<Coordinate, Coordinates>::passBend(int, const ETEAPOT::DipoleData&, const ETEAPOT::MltData&, Coordinates&, Coordinates&, double, PAC::BeamAttributes, int) [with Coordinate = double; Coordinates = PAC::Position]’
DipoleTracker.cc:96:73:   required from here
/home/ualusr2011/ual1220/ual1/codes/ETEAPOT_MltTurn/src/ETEAPOT_MltTurn/Integrator/S:1:325: warning: deprecated conversion from string constant to ‘char*’ [-Wwrite-strings]
 char * S[41] = {"ZERO  ","ONE   ","TWO   ","THREE ","FOUR  ","FIVE  ","SIX   ","SEVEN ","EIGHT ","NINE  ","TEN   ","ELEVEN","TWELVE","THIRTN","FORTN ","FIFTN ","SIKTN ","SEVNTN","EGHTN ","NNETN ","TWENTY","21S","22S","23S","24S","25S","26S","27S","28S","29S","30S","31S","32S","33S","34S","35S","36S","37S","38S","39S","40S"};
                                                                                                                                                                                                                                                                                                                                     ^
/home/ualusr2011/ual1220/ual1/codes/ETEAPOT_MltTurn/src/ETEAPOT_MltTurn/Integrator/S:1:325: warning: deprecated conversion from string constant to ‘char*’ [-Wwrite-strings]
/home/ualusr2011/ual1220/ual1/codes/ETEAPOT_MltTurn/src/ETEAPOT_MltTurn/Integrator/S:1:325: warning: deprecated conversion from string constant to ‘char*’ [-Wwrite-strings]
/home/ualusr2011/ual1220/ual1/codes/ETEAPOT_MltTurn/src/ETEAPOT_MltTurn/Integrator/S:1:325: warning: deprecated conversion from string constant to ‘char*’ [-Wwrite-strings]
/home/ualusr2011/ual1220/ual1/codes/ETEAPOT_MltTurn/src/ETEAPOT_MltTurn/Integrator/S:1:325: warning: deprecated conversion from string constant to ‘char*’ [-Wwrite-strings]
/home/ualusr2011/ual1220/ual1/codes/ETEAPOT_MltTurn/src/ETEAPOT_MltTurn/Integrator/S:1:325: warning: deprecated conversion from string constant to ‘char*’ [-Wwrite-strings]
/home/ualusr2011/ual1220/ual1/codes/ETEAPOT_MltTurn/src/ETEAPOT_MltTurn/Integrator/S:1:325: warning: deprecated conversion from string constant to ‘char*’ [-Wwrite-strings]
/home/ualusr2011/ual1220/ual1/codes/ETEAPOT_MltTurn/src/ETEAPOT_MltTurn/Integrator/S:1:325: warning: deprecated conversion from string constant to ‘char*’ [-Wwrite-strings]
/home/ualusr2011/ual1220/ual1/codes/ETEAPOT_MltTurn/src/ETEAPOT_MltTurn/Integrator/S:1:325: warning: deprecated conversion from string constant to ‘char*’ [-Wwrite-strings]
/home/ualusr2011/ual1220/ual1/codes/ETEAPOT_MltTurn/src/ETEAPOT_MltTurn/Integrator/S:1:325: warning: deprecated conversion from string constant to ‘char*’ [-Wwrite-strings]
/home/ualusr2011/ual1220/ual1/codes/ETEAPOT_MltTurn/src/ETEAPOT_MltTurn/Integrator/S:1:325: warning: deprecated conversion from string constant to ‘char*’ [-Wwrite-strings]
/home/ualusr2011/ual1220/ual1/codes/ETEAPOT_MltTurn/src/ETEAPOT_MltTurn/Integrator/S:1:325: warning: deprecated conversion from string constant to ‘char*’ [-Wwrite-strings]
/home/ualusr2011/ual1220/ual1/codes/ETEAPOT_MltTurn/src/ETEAPOT_MltTurn/Integrator/S:1:325: warning: deprecated conversion from string constant to ‘char*’ [-Wwrite-strings]
/home/ualusr2011/ual1220/ual1/codes/ETEAPOT_MltTurn/src/ETEAPOT_MltTurn/Integrator/S:1:325: warning: deprecated conversion from string constant to ‘char*’ [-Wwrite-strings]
/home/ualusr2011/ual1220/ual1/codes/ETEAPOT_MltTurn/src/ETEAPOT_MltTurn/Integrator/S:1:325: warning: deprecated conversion from string constant to ‘char*’ [-Wwrite-strings]
/home/ualusr2011/ual1220/ual1/codes/ETEAPOT_MltTurn/src/ETEAPOT_MltTurn/Integrator/S:1:325: warning: deprecated conversion from string constant to ‘char*’ [-Wwrite-strings]
/home/ualusr2011/ual1220/ual1/codes/ETEAPOT_MltTurn/src/ETEAPOT_MltTurn/Integrator/S:1:325: warning: deprecated conversion from string constant to ‘char*’ [-Wwrite-strings]
/home/ualusr2011/ual1220/ual1/codes/ETEAPOT_MltTurn/src/ETEAPOT_MltTurn/Integrator/S:1:325: warning: deprecated conversion from string constant to ‘char*’ [-Wwrite-strings]
/home/ualusr2011/ual1220/ual1/codes/ETEAPOT_MltTurn/src/ETEAPOT_MltTurn/Integrator/S:1:325: warning: deprecated conversion from string constant to ‘char*’ [-Wwrite-strings]
/home/ualusr2011/ual1220/ual1/codes/ETEAPOT_MltTurn/src/ETEAPOT_MltTurn/Integrator/S:1:325: warning: deprecated conversion from string constant to ‘char*’ [-Wwrite-strings]
/home/ualusr2011/ual1220/ual1/codes/ETEAPOT_MltTurn/src/ETEAPOT_MltTurn/Integrator/S:1:325: warning: deprecated conversion from string constant to ‘char*’ [-Wwrite-strings]
/home/ualusr2011/ual1220/ual1/codes/ETEAPOT_MltTurn/src/ETEAPOT_MltTurn/Integrator/S:1:325: warning: deprecated conversion from string constant to ‘char*’ [-Wwrite-strings]
/home/ualusr2011/ual1220/ual1/codes/ETEAPOT_MltTurn/src/ETEAPOT_MltTurn/Integrator/S:1:325: warning: deprecated conversion from string constant to ‘char*’ [-Wwrite-strings]
/home/ualusr2011/ual1220/ual1/codes/ETEAPOT_MltTurn/src/ETEAPOT_MltTurn/Integrator/S:1:325: warning: deprecated conversion from string constant to ‘char*’ [-Wwrite-strings]
/home/ualusr2011/ual1220/ual1/codes/ETEAPOT_MltTurn/src/ETEAPOT_MltTurn/Integrator/S:1:325: warning: deprecated conversion from string constant to ‘char*’ [-Wwrite-strings]
/home/ualusr2011/ual1220/ual1/codes/ETEAPOT_MltTurn/src/ETEAPOT_MltTurn/Integrator/S:1:325: warning: deprecated conversion from string constant to ‘char*’ [-Wwrite-strings]
/home/ualusr2011/ual1220/ual1/codes/ETEAPOT_MltTurn/src/ETEAPOT_MltTurn/Integrator/S:1:325: warning: deprecated conversion from string constant to ‘char*’ [-Wwrite-strings]
/home/ualusr2011/ual1220/ual1/codes/ETEAPOT_MltTurn/src/ETEAPOT_MltTurn/Integrator/S:1:325: warning: deprecated conversion from string constant to ‘char*’ [-Wwrite-strings]
/home/ualusr2011/ual1220/ual1/codes/ETEAPOT_MltTurn/src/ETEAPOT_MltTurn/Integrator/S:1:325: warning: deprecated conversion from string constant to ‘char*’ [-Wwrite-strings]
/home/ualusr2011/ual1220/ual1/codes/ETEAPOT_MltTurn/src/ETEAPOT_MltTurn/Integrator/S:1:325: warning: deprecated conversion from string constant to ‘char*’ [-Wwrite-strings]
/home/ualusr2011/ual1220/ual1/codes/ETEAPOT_MltTurn/src/ETEAPOT_MltTurn/Integrator/S:1:325: warning: deprecated conversion from string constant to ‘char*’ [-Wwrite-strings]
/home/ualusr2011/ual1220/ual1/codes/ETEAPOT_MltTurn/src/ETEAPOT_MltTurn/Integrator/S:1:325: warning: deprecated conversion from string constant to ‘char*’ [-Wwrite-strings]
/home/ualusr2011/ual1220/ual1/codes/ETEAPOT_MltTurn/src/ETEAPOT_MltTurn/Integrator/S:1:325: warning: deprecated conversion from string constant to ‘char*’ [-Wwrite-strings]
/home/ualusr2011/ual1220/ual1/codes/ETEAPOT_MltTurn/src/ETEAPOT_MltTurn/Integrator/S:1:325: warning: deprecated conversion from string constant to ‘char*’ [-Wwrite-strings]
/home/ualusr2011/ual1220/ual1/codes/ETEAPOT_MltTurn/src/ETEAPOT_MltTurn/Integrator/S:1:325: warning: deprecated conversion from string constant to ‘char*’ [-Wwrite-strings]
/home/ualusr2011/ual1220/ual1/codes/ETEAPOT_MltTurn/src/ETEAPOT_MltTurn/Integrator/S:1:325: warning: deprecated conversion from string constant to ‘char*’ [-Wwrite-strings]
/home/ualusr2011/ual1220/ual1/codes/ETEAPOT_MltTurn/src/ETEAPOT_MltTurn/Integrator/S:1:325: warning: deprecated conversion from string constant to ‘char*’ [-Wwrite-strings]
/home/ualusr2011/ual1220/ual1/codes/ETEAPOT_MltTurn/src/ETEAPOT_MltTurn/Integrator/S:1:325: warning: deprecated conversion from string constant to ‘char*’ [-Wwrite-strings]
/home/ualusr2011/ual1220/ual1/codes/ETEAPOT_MltTurn/src/ETEAPOT_MltTurn/Integrator/S:1:325: warning: deprecated conversion from string constant to ‘char*’ [-Wwrite-strings]
/home/ualusr2011/ual1220/ual1/codes/ETEAPOT_MltTurn/src/ETEAPOT_MltTurn/Integrator/S:1:325: warning: deprecated conversion from string constant to ‘char*’ [-Wwrite-strings]
/home/ualusr2011/ual1220/ual1/codes/ETEAPOT_MltTurn/src/ETEAPOT_MltTurn/Integrator/S:1:325: warning: deprecated conversion from string constant to ‘char*’ [-Wwrite-strings]
In file included from /home/ualusr2011/ual1220/ual1/codes/ETEAPOT_MltTurn/src/ETEAPOT_MltTurn/Integrator/reference.inline:185:0,
                 from /home/ualusr2011/ual1220/ual1/codes/ETEAPOT_MltTurn/src/ETEAPOT_MltTurn/Integrator/DipoleAlgorithm.icc:189,
                 from /home/ualusr2011/ual1220/ual1/codes/ETEAPOT_MltTurn/src/ETEAPOT_MltTurn/Integrator/DipoleAlgorithm.hh:253,
                 from /home/ualusr2011/ual1220/ual1/codes/ETEAPOT_MltTurn/src/ETEAPOT_MltTurn/Integrator/DipoleTracker.hh:14,
                 from DipoleTracker.cc:4:
/home/ualusr2011/ual1220/ual1/codes/ETEAPOT_MltTurn/src/ETEAPOT_MltTurn/Integrator/timeOfFlightBendVariables2:8:9: warning: unused variable ‘TOFD’ [-Wunused-variable]
  double TOFD       = pwrSrsFac*th;
         ^
In file included from /home/ualusr2011/ual1220/ual1/codes/ETEAPOT_MltTurn/src/ETEAPOT_MltTurn/Integrator/DipoleAlgorithm.icc:259:0,
                 from /home/ualusr2011/ual1220/ual1/codes/ETEAPOT_MltTurn/src/ETEAPOT_MltTurn/Integrator/DipoleAlgorithm.hh:253,
                 from /home/ualusr2011/ual1220/ual1/codes/ETEAPOT_MltTurn/src/ETEAPOT_MltTurn/Integrator/DipoleTracker.hh:14,
                 from DipoleTracker.cc:4:
/home/ualusr2011/ual1220/ual1/codes/ETEAPOT_MltTurn/src/ETEAPOT_MltTurn/Integrator/nonPrtbtveSpinEvolve_OUT:60:9: warning: variable ‘unitySB’ set but not used [-Wunused-but-set-variable]
 Matrix3 unitySB = R*Rinv;
         ^
In file included from /home/ualusr2011/ual1220/ual1/codes/ETEAPOT_MltTurn/src/ETEAPOT_MltTurn/Integrator/DipoleAlgorithm.icc:157:0,
                 from /home/ualusr2011/ual1220/ual1/codes/ETEAPOT_MltTurn/src/ETEAPOT_MltTurn/Integrator/DipoleAlgorithm.hh:253,
                 from /home/ualusr2011/ual1220/ual1/codes/ETEAPOT_MltTurn/src/ETEAPOT_MltTurn/Integrator/DipoleTracker.hh:14,
                 from DipoleTracker.cc:4:
/home/ualusr2011/ual1220/ual1/codes/ETEAPOT_MltTurn/src/ETEAPOT_MltTurn/Integrator/S:1:8: warning: unused variable ‘S’ [-Wunused-variable]
 char * S[41] = {"ZERO  ","ONE   ","TWO   ","THREE ","FOUR  ","FIVE  ","SIX   ","SEVEN ","EIGHT ","NINE  ","TEN   ","ELEVEN","TWELVE","THIRTN","FORTN ","FIFTN ","SIKTN ","SEVNTN","EGHTN ","NNETN ","TWENTY","21S","22S","23S","24S","25S","26S","27S","28S","29S","30S","31S","32S","33S","34S","35S","36S","37S","38S","39S","40S"};
        ^
In file included from /home/ualusr2011/ual1220/ual1/codes/ETEAPOT_MltTurn/src/ETEAPOT_MltTurn/Integrator/DipoleAlgorithm.icc:160:0,
                 from /home/ualusr2011/ual1220/ual1/codes/ETEAPOT_MltTurn/src/ETEAPOT_MltTurn/Integrator/DipoleAlgorithm.hh:253,
                 from /home/ualusr2011/ual1220/ual1/codes/ETEAPOT_MltTurn/src/ETEAPOT_MltTurn/Integrator/DipoleTracker.hh:14,
                 from DipoleTracker.cc:4:
/home/ualusr2011/ual1220/ual1/codes/ETEAPOT/src/ETEAPOT/Integrator/getDesignBeam.h:4:8: warning: unused variable ‘t0’ [-Wunused-variable]
 double t0=cba.getElapsedTime();
        ^
/home/ualusr2011/ual1220/ual1/codes/ETEAPOT/src/ETEAPOT/Integrator/getDesignBeam.h:5:8: warning: unused variable ‘f0’ [-Wunused-variable]
 double f0=cba.getRevfreq();
        ^
/home/ualusr2011/ual1220/ual1/codes/ETEAPOT/src/ETEAPOT/Integrator/getDesignBeam.h:6:8: warning: unused variable ‘M0’ [-Wunused-variable]
 double M0=cba.getMacrosize();
        ^
/home/ualusr2011/ual1220/ual1/codes/ETEAPOT/src/ETEAPOT/Integrator/getDesignBeam.h:7:8: warning: unused variable ‘G0’ [-Wunused-variable]
 double G0=cba.getG();
        ^
/home/ualusr2011/ual1220/ual1/codes/ETEAPOT/src/ETEAPOT/Integrator/getDesignBeam.h:9:8: warning: unused variable ‘El0’ [-Wunused-variable]
 double El0=cba.getE();
        ^
In file included from /home/ualusr2011/ual1220/ual1/codes/ETEAPOT_MltTurn/src/ETEAPOT_MltTurn/Integrator/DipoleAlgorithm.hh:253:0,
                 from /home/ualusr2011/ual1220/ual1/codes/ETEAPOT_MltTurn/src/ETEAPOT_MltTurn/Integrator/DipoleTracker.hh:14,
                 from DipoleTracker.cc:4:
/home/ualusr2011/ual1220/ual1/codes/ETEAPOT_MltTurn/src/ETEAPOT_MltTurn/Integrator/DipoleAlgorithm.icc:172:8: warning: unused variable ‘Eel0MKS’ [-Wunused-variable]
 double Eel0MKS    = Eel0*1e9;
        ^
In file included from /home/ualusr2011/ual1220/ual1/codes/ETEAPOT_MltTurn/src/ETEAPOT_MltTurn/Integrator/DipoleAlgorithm.icc:189:0,
                 from /home/ualusr2011/ual1220/ual1/codes/ETEAPOT_MltTurn/src/ETEAPOT_MltTurn/Integrator/DipoleAlgorithm.hh:253,
                 from /home/ualusr2011/ual1220/ual1/codes/ETEAPOT_MltTurn/src/ETEAPOT_MltTurn/Integrator/DipoleTracker.hh:14,
                 from DipoleTracker.cc:4:
/home/ualusr2011/ual1220/ual1/codes/ETEAPOT_MltTurn/src/ETEAPOT_MltTurn/Integrator/reference.inline:9:8: warning: unused variable ‘dpz’ [-Wunused-variable]
 double dpz;
        ^
In file included from /home/ualusr2011/ual1220/ual1/codes/ETEAPOT_MltTurn/src/ETEAPOT_MltTurn/Integrator/reference.inline:55:0,
                 from /home/ualusr2011/ual1220/ual1/codes/ETEAPOT_MltTurn/src/ETEAPOT_MltTurn/Integrator/DipoleAlgorithm.icc:189,
                 from /home/ualusr2011/ual1220/ual1/codes/ETEAPOT_MltTurn/src/ETEAPOT_MltTurn/Integrator/DipoleAlgorithm.hh:253,
                 from /home/ualusr2011/ual1220/ual1/codes/ETEAPOT_MltTurn/src/ETEAPOT_MltTurn/Integrator/DipoleTracker.hh:14,
                 from DipoleTracker.cc:4:
/home/ualusr2011/ual1220/ual1/codes/ETEAPOT_MltTurn/src/ETEAPOT_MltTurn/Integrator/hamilton.inline:8:8: warning: unused variable ‘ca1’ [-Wunused-variable]
 double ca1 = m0byEscM*m0byEscM*kapSQ;
        ^
/home/ualusr2011/ual1220/ual1/codes/ETEAPOT_MltTurn/src/ETEAPOT_MltTurn/Integrator/hamilton.inline:11:8: warning: unused variable ‘omega’ [-Wunused-variable]
 double omega = (1-kappa)*L/gamma/rIn/rIn;
        ^
/home/ualusr2011/ual1220/ual1/codes/ETEAPOT_MltTurn/src/ETEAPOT_MltTurn/Integrator/hamilton.inline:15:8: warning: unused variable ‘dEscMbyEscM’ [-Wunused-variable]
 double dEscMbyEscM = (EscM-EscM0)/EscM;
        ^
/home/ualusr2011/ual1220/ual1/codes/ETEAPOT_MltTurn/src/ETEAPOT_MltTurn/Integrator/hamilton.inline:27:8: warning: unused variable ‘h0p_tildaA’ [-Wunused-variable]
 double h0p_tildaA = -L*Rsxf*p[1]/m0/rIn/rIn;
        ^
In file included from /home/ualusr2011/ual1220/ual1/codes/ETEAPOT_MltTurn/src/ETEAPOT_MltTurn/Integrator/reference.inline:57:0,
                 from /home/ualusr2011/ual1220/ual1/codes/ETEAPOT_MltTurn/src/ETEAPOT_MltTurn/Integrator/DipoleAlgorithm.icc:189,
                 from /home/ualusr2011/ual1220/ual1/codes/ETEAPOT_MltTurn/src/ETEAPOT_MltTurn/Integrator/DipoleAlgorithm.hh:253,
                 from /home/ualusr2011/ual1220/ual1/codes/ETEAPOT_MltTurn/src/ETEAPOT_MltTurn/Integrator/DipoleTracker.hh:14,
                 from DipoleTracker.cc:4:
/home/ualusr2011/ual1220/ual1/codes/ETEAPOT_MltTurn/src/ETEAPOT_MltTurn/Integrator/timeOfFlightBendVariables:3:8: warning: unused variable ‘qD’ [-Wunused-variable]
 double qD         = UAL::elemCharge;
        ^
/home/ualusr2011/ual1220/ual1/codes/ETEAPOT_MltTurn/src/ETEAPOT_MltTurn/Integrator/timeOfFlightBendVariables:21:8: warning: unused variable ‘xp_in_m’ [-Wunused-variable]
 double xp_in_m    = p[1];
        ^
/home/ualusr2011/ual1220/ual1/codes/ETEAPOT_MltTurn/src/ETEAPOT_MltTurn/Integrator/timeOfFlightBendVariables:29:8: warning: unused variable ‘x_in_p’ [-Wunused-variable]
 double x_in_p     = x_in;
        ^
In file included from /home/ualusr2011/ual1220/ual1/codes/ETEAPOT_MltTurn/src/ETEAPOT_MltTurn/Integrator/reference.inline:64:0,
                 from /home/ualusr2011/ual1220/ual1/codes/ETEAPOT_MltTurn/src/ETEAPOT_MltTurn/Integrator/DipoleAlgorithm.icc:189,
                 from /home/ualusr2011/ual1220/ual1/codes/ETEAPOT_MltTurn/src/ETEAPOT_MltTurn/Integrator/DipoleAlgorithm.hh:253,
                 from /home/ualusr2011/ual1220/ual1/codes/ETEAPOT_MltTurn/src/ETEAPOT_MltTurn/Integrator/DipoleTracker.hh:14,
                 from DipoleTracker.cc:4:
/home/ualusr2011/ual1220/ual1/codes/ETEAPOT_MltTurn/src/ETEAPOT_MltTurn/Integrator/nonPrtbtveSpinEvolve:59:9: warning: variable ‘unitySB’ set but not used [-Wunused-but-set-variable]
 Matrix3 unitySB = R*Rinv;
         ^
/home/ualusr2011/ual1220/ual1/codes/ETEAPOT_MltTurn/src/ETEAPOT_MltTurn/Integrator/nonPrtbtveSpinEvolve:61:9: warning: variable ‘R_in’ set but not used [-Wunused-but-set-variable]
 Matrix3 R_in     = R;
         ^
/home/ualusr2011/ual1220/ual1/codes/ETEAPOT_MltTurn/src/ETEAPOT_MltTurn/Integrator/nonPrtbtveSpinEvolve:114:8: warning: unused variable ‘dAl_dThT’ [-Wunused-variable]
 double dAl_dThT = dAl_dThL + dAl_dThR;                                         // (304)
        ^
/home/ualusr2011/ual1220/ual1/codes/ETEAPOT_MltTurn/src/ETEAPOT_MltTurn/Integrator/nonPrtbtveSpinEvolve:116:6: warning: unused variable ‘dummy’ [-Wunused-variable]
 char dummy;
      ^
In file included from /home/ualusr2011/ual1220/ual1/codes/ETEAPOT_MltTurn/src/ETEAPOT_MltTurn/Integrator/reference.inline:83:0,
                 from /home/ualusr2011/ual1220/ual1/codes/ETEAPOT_MltTurn/src/ETEAPOT_MltTurn/Integrator/DipoleAlgorithm.icc:189,
                 from /home/ualusr2011/ual1220/ual1/codes/ETEAPOT_MltTurn/src/ETEAPOT_MltTurn/Integrator/DipoleAlgorithm.hh:253,
                 from /home/ualusr2011/ual1220/ual1/codes/ETEAPOT_MltTurn/src/ETEAPOT_MltTurn/Integrator/DipoleTracker.hh:14,
                 from DipoleTracker.cc:4:
/home/ualusr2011/ual1220/ual1/codes/ETEAPOT_MltTurn/src/ETEAPOT_MltTurn/Integrator/perturbSpinEvolve:3:8: warning: unused variable ‘vDchk’ [-Wunused-variable]
 double vDchk=sqrt(1.-1./gammaD/gammaD);
        ^
/home/ualusr2011/ual1220/ual1/codes/ETEAPOT_MltTurn/src/ETEAPOT_MltTurn/Integrator/perturbSpinEvolve:4:8: warning: unused variable ‘vchk’ [-Wunused-variable]
 double vchk =sqrt(1.-1./gamma/gamma);
        ^
/home/ualusr2011/ual1220/ual1/codes/ETEAPOT_MltTurn/src/ETEAPOT_MltTurn/Integrator/perturbSpinEvolve:7:8: warning: unused variable ‘fac’ [-Wunused-variable]
 double fac      = g/2./gammaD;
        ^
/home/ualusr2011/ual1220/ual1/codes/ETEAPOT_MltTurn/src/ETEAPOT_MltTurn/Integrator/perturbSpinEvolve:18:8: warning: unused variable ‘toler’ [-Wunused-variable]
 double toler = 0.001;
        ^
In file included from /home/ualusr2011/ual1220/ual1/codes/ETEAPOT_MltTurn/src/ETEAPOT_MltTurn/Integrator/DipoleAlgorithm.icc:189:0,
                 from /home/ualusr2011/ual1220/ual1/codes/ETEAPOT_MltTurn/src/ETEAPOT_MltTurn/Integrator/DipoleAlgorithm.hh:253,
                 from /home/ualusr2011/ual1220/ual1/codes/ETEAPOT_MltTurn/src/ETEAPOT_MltTurn/Integrator/DipoleTracker.hh:14,
                 from DipoleTracker.cc:4:
/home/ualusr2011/ual1220/ual1/codes/ETEAPOT_MltTurn/src/ETEAPOT_MltTurn/Integrator/reference.inline:134:8: warning: unused variable ‘sTldMag’ [-Wunused-variable]
 double sTldMag    = sqrt(sxTldOut*sxTldOut + syTldOut*syTldOut + szTldOut*szTldOut);
        ^
In file included from /home/ualusr2011/ual1220/ual1/codes/ETEAPOT_MltTurn/src/ETEAPOT_MltTurn/Integrator/reference.inline:187:0,
                 from /home/ualusr2011/ual1220/ual1/codes/ETEAPOT_MltTurn/src/ETEAPOT_MltTurn/Integrator/DipoleAlgorithm.icc:189,
                 from /home/ualusr2011/ual1220/ual1/codes/ETEAPOT_MltTurn/src/ETEAPOT_MltTurn/Integrator/DipoleAlgorithm.hh:253,
                 from /home/ualusr2011/ual1220/ual1/codes/ETEAPOT_MltTurn/src/ETEAPOT_MltTurn/Integrator/DipoleTracker.hh:14,
                 from DipoleTracker.cc:4:
/home/ualusr2011/ual1220/ual1/codes/ETEAPOT_MltTurn/src/ETEAPOT_MltTurn/Integrator/conservedVector.insert:8:8: warning: unused variable ‘jt_tilda0’ [-Wunused-variable]
 double jt_tilda0   =      _ht_tilda(0);
        ^
/home/ualusr2011/ual1220/ual1/codes/ETEAPOT_MltTurn/src/ETEAPOT_MltTurn/Integrator/conservedVector.insert:9:8: warning: unused variable ‘jr_tilda0’ [-Wunused-variable]
 double jr_tilda0   = kappa*hr_tilda(0);
        ^
/home/ualusr2011/ual1220/ual1/codes/ETEAPOT_MltTurn/src/ETEAPOT_MltTurn/Integrator/conservedVector.insert:24:8: warning: unused variable ‘jt_tildaOut’ [-Wunused-variable]
 double jt_tildaOut = TM11*jt_tildaIn + TM12*jr_tildaIn;
        ^
/home/ualusr2011/ual1220/ual1/codes/ETEAPOT_MltTurn/src/ETEAPOT_MltTurn/Integrator/conservedVector.insert:25:8: warning: unused variable ‘jr_tildaOut’ [-Wunused-variable]
 double jr_tildaOut = TM21*jt_tildaIn + TM22*jr_tildaIn;
        ^
/home/ualusr2011/ual1220/ual1/codes/ETEAPOT_MltTurn/src/ETEAPOT_MltTurn/Integrator/conservedVector.insert:59:8: warning: unused variable ‘mpcSqu’ [-Wunused-variable]
 double mpcSqu  = mp*CC*CC;
        ^
/home/ualusr2011/ual1220/ual1/codes/ETEAPOT_MltTurn/src/ETEAPOT_MltTurn/Integrator/conservedVector.insert:68:8: warning: unused variable ‘thDot’ [-Wunused-variable]
 double thDot = L/gamma/m0/rIn/rIn;
        ^
/home/ualusr2011/ual1220/ual1/codes/ETEAPOT_MltTurn/src/ETEAPOT_MltTurn/Integrator/conservedVector.insert:104:8: warning: unused variable ‘v0MKS’ [-Wunused-variable]
 double v0MKS = b0*CC;
        ^
/home/ualusr2011/ual1220/ual1/codes/ETEAPOT_MltTurn/src/ETEAPOT_MltTurn/Integrator/conservedVector.insert:105:8: warning: unused variable ‘vMKS’ [-Wunused-variable]
 double vMKS  = pInMKS/gamma/mp;
        ^
/home/ualusr2011/ual1220/ual1/codes/ETEAPOT_MltTurn/src/ETEAPOT_MltTurn/Integrator/conservedVector.insert:117:8: warning: unused variable ‘thD0’ [-Wunused-variable]
 double thD0  = Rsxf*mp*g0*b0*CC/g0/mp/Rsxf/Rsxf;
        ^
/home/ualusr2011/ual1220/ual1/codes/ETEAPOT_MltTurn/src/ETEAPOT_MltTurn/Integrator/conservedVector.insert:127:8: warning: unused variable ‘L0MKS’ [-Wunused-variable]
 double L0MKS = Rsxf*p0MKS;
        ^
In file included from /home/ualusr2011/ual1220/ual1/codes/ETEAPOT_MltTurn/src/ETEAPOT_MltTurn/Integrator/reference.inline:189:0,
                 from /home/ualusr2011/ual1220/ual1/codes/ETEAPOT_MltTurn/src/ETEAPOT_MltTurn/Integrator/DipoleAlgorithm.icc:189,
                 from /home/ualusr2011/ual1220/ual1/codes/ETEAPOT_MltTurn/src/ETEAPOT_MltTurn/Integrator/DipoleAlgorithm.hh:253,
                 from /home/ualusr2011/ual1220/ual1/codes/ETEAPOT_MltTurn/src/ETEAPOT_MltTurn/Integrator/DipoleTracker.hh:14,
                 from DipoleTracker.cc:4:
/home/ualusr2011/ual1220/ual1/codes/ETEAPOT_MltTurn/src/ETEAPOT_MltTurn/Integrator/rotate.insert:3:8: warning: unused variable ‘rInFromEllipse’ [-Wunused-variable]
 double rInFromEllipse  = get_rFromEllipse(0);
        ^
/home/ualusr2011/ual1220/ual1/codes/ETEAPOT_MltTurn/src/ETEAPOT_MltTurn/Integrator/rotate.insert:20:8: warning: unused variable ‘angleIn’ [-Wunused-variable]
 double angleIn = acos(rInHatx*pInHatx+rInHaty*pInHaty+rInHatz*pInHatz);   //   ca PI/2
        ^
/home/ualusr2011/ual1220/ual1/codes/ETEAPOT_MltTurn/src/ETEAPOT_MltTurn/Integrator/rotate.insert:26:8: warning: unused variable ‘rInCross_nDotpInHat’ [-Wunused-variable]
 double rInCross_nDotpInHat = rInCross_nx*pInHatx+rInCross_ny*pInHaty+rInCross_nz*pInHatz;   //   ca 1
        ^
/home/ualusr2011/ual1220/ual1/codes/ETEAPOT_MltTurn/src/ETEAPOT_MltTurn/Integrator/rotate.insert:39:8: warning: unused variable ‘zer’ [-Wunused-variable]
 double zer    = nx*a*cos(th)+ny*yOutHat+nz*a*sin(th);   //   ca 0
        ^
/home/ualusr2011/ual1220/ual1/codes/ETEAPOT_MltTurn/src/ETEAPOT_MltTurn/Integrator/rotate.insert:40:8: warning: unused variable ‘one’ [-Wunused-variable]
 double one    = a*a+yOutHat*yOutHat;   //   ca 1
        ^
/home/ualusr2011/ual1220/ual1/codes/ETEAPOT_MltTurn/src/ETEAPOT_MltTurn/Integrator/rotate.insert:77:8: warning: unused variable ‘pxInFrom_h’ [-Wunused-variable]
 double pxInFrom_h = m0*hr_tilda(0)*rInHatx+m0*_ht_tilda(0)*rInCross_nx+m0*k*gamma*rInCross_nx/L;
        ^
/home/ualusr2011/ual1220/ual1/codes/ETEAPOT_MltTurn/src/ETEAPOT_MltTurn/Integrator/rotate.insert:78:8: warning: unused variable ‘pyInFrom_h’ [-Wunused-variable]
 double pyInFrom_h = m0*hr_tilda(0)*rInHaty+m0*_ht_tilda(0)*rInCross_ny+m0*k*gamma*rInCross_ny/L;
        ^
/home/ualusr2011/ual1220/ual1/codes/ETEAPOT_MltTurn/src/ETEAPOT_MltTurn/Integrator/rotate.insert:79:8: warning: unused variable ‘pzInFrom_h’ [-Wunused-variable]
 double pzInFrom_h = m0*hr_tilda(0)*rInHatz+m0*_ht_tilda(0)*rInCross_nz+m0*k*gamma*rInCross_nz/L;
        ^
/home/ualusr2011/ual1220/ual1/codes/ETEAPOT_MltTurn/src/ETEAPOT_MltTurn/Integrator/rotate.insert:86:8: warning: unused variable ‘xOutp’ [-Wunused-variable]
 double xOutp  =  co*xOut+si*zOut;
        ^
/home/ualusr2011/ual1220/ual1/codes/ETEAPOT_MltTurn/src/ETEAPOT_MltTurn/Integrator/rotate.insert:88:8: warning: unused variable ‘zOutp’ [-Wunused-variable]
 double zOutp  = -si*xOut+co*zOut;
        ^
/home/ualusr2011/ual1220/ual1/codes/ETEAPOT_MltTurn/src/ETEAPOT_MltTurn/Integrator/rotate.insert:97:8: warning: unused variable ‘pzOutp’ [-Wunused-variable]
 double pzOutp = -si*pxOut+co*pzOut;
        ^
/home/ualusr2011/ual1220/ual1/codes/ETEAPOT_MltTurn/src/ETEAPOT_MltTurn/Integrator/rotate.insert:126:8: warning: unused variable ‘rP’ [-Wunused-variable]
 double rP = RR-dr;
        ^
In file included from /home/ualusr2011/ual1220/ual1/codes/ETEAPOT_MltTurn/src/ETEAPOT_MltTurn/Integrator/DipoleAlgorithm.hh:253:0,
                 from /home/ualusr2011/ual1220/ual1/codes/ETEAPOT_MltTurn/src/ETEAPOT_MltTurn/Integrator/DipoleTracker.hh:14,
                 from DipoleTracker.cc:4:
/home/ualusr2011/ual1220/ual1/codes/ETEAPOT_MltTurn/src/ETEAPOT_MltTurn/Integrator/DipoleAlgorithm.icc:209:10: warning: unused variable ‘p1_ORIG’ [-Wunused-variable]
 double   p1_ORIG = pxOutp/p0;
          ^
/home/ualusr2011/ual1220/ual1/codes/ETEAPOT_MltTurn/src/ETEAPOT_MltTurn/Integrator/DipoleAlgorithm.icc:211:10: warning: unused variable ‘p1_NEW’ [-Wunused-variable]
 double   p1_NEW  = p[1];
          ^
In file included from /home/ualusr2011/ual1220/ual1/codes/ETEAPOT_MltTurn/src/ETEAPOT_MltTurn/Integrator/DipoleAlgorithm.hh:253:0,
                 from /home/ualusr2011/ual1220/ual1/codes/ETEAPOT_MltTurn/src/ETEAPOT_MltTurn/Integrator/DipoleTracker.hh:14,
                 from DipoleTracker.cc:4:
/home/ualusr2011/ual1220/ual1/codes/ETEAPOT_MltTurn/src/ETEAPOT_MltTurn/Integrator/DipoleAlgorithm.icc:240:8: warning: unused variable ‘tofA’ [-Wunused-variable]
 double tofA       = time1+time2;
        ^
/home/ualusr2011/ual1220/ual1/codes/ETEAPOT_MltTurn/src/ETEAPOT_MltTurn/Integrator/DipoleAlgorithm.icc:247:8: warning: unused variable ‘p4diff’ [-Wunused-variable]
 double p4diff = p4new-p4old;
        ^
In file included from /home/ualusr2011/ual1220/ual1/codes/ETEAPOT_MltTurn/src/ETEAPOT_MltTurn/Integrator/DipoleAlgorithm.icc:299:0,
                 from /home/ualusr2011/ual1220/ual1/codes/ETEAPOT_MltTurn/src/ETEAPOT_MltTurn/Integrator/DipoleAlgorithm.hh:253,
                 from /home/ualusr2011/ual1220/ual1/codes/ETEAPOT_MltTurn/src/ETEAPOT_MltTurn/Integrator/DipoleTracker.hh:14,
                 from DipoleTracker.cc:4:
/home/ualusr2011/ual1220/ual1/codes/ETEAPOT_MltTurn/src/ETEAPOT_MltTurn/Integrator/DipoleAlgorithm.icc: In instantiation of ‘void DipoleAlgorithm<Coordinate, Coordinates>::splitBendKick(Coordinates&, PAC::BeamAttributes, double, double, double) [with Coordinate = double; Coordinates = PAC::Position]’:
/home/ualusr2011/ual1220/ual1/codes/ETEAPOT_MltTurn/src/ETEAPOT_MltTurn/Integrator/DipoleAlgorithm.icc:124:66:   required from ‘void DipoleAlgorithm<Coordinate, Coordinates>::passBend(int, const ETEAPOT::DipoleData&, const ETEAPOT::MltData&, Coordinates&, Coordinates&, double, PAC::BeamAttributes, int) [with Coordinate = double; Coordinates = PAC::Position]’
DipoleTracker.cc:96:73:   required from here
/home/ualusr2011/ual1220/ual1/codes/ETEAPOT/src/ETEAPOT/Integrator/getDesignBeam.h:4:8: warning: unused variable ‘t0’ [-Wunused-variable]
 double t0=cba.getElapsedTime();
        ^
/home/ualusr2011/ual1220/ual1/codes/ETEAPOT/src/ETEAPOT/Integrator/getDesignBeam.h:5:8: warning: unused variable ‘f0’ [-Wunused-variable]
 double f0=cba.getRevfreq();
        ^
/home/ualusr2011/ual1220/ual1/codes/ETEAPOT/src/ETEAPOT/Integrator/getDesignBeam.h:6:8: warning: unused variable ‘M0’ [-Wunused-variable]
 double M0=cba.getMacrosize();
        ^
/home/ualusr2011/ual1220/ual1/codes/ETEAPOT/src/ETEAPOT/Integrator/getDesignBeam.h:7:8: warning: unused variable ‘G0’ [-Wunused-variable]
 double G0=cba.getG();
        ^
/home/ualusr2011/ual1220/ual1/codes/ETEAPOT/src/ETEAPOT/Integrator/getDesignBeam.h:9:8: warning: unused variable ‘El0’ [-Wunused-variable]
 double El0=cba.getE();
        ^
In file included from /home/ualusr2011/ual1220/ual1/codes/ETEAPOT_MltTurn/src/ETEAPOT_MltTurn/Integrator/DipoleAlgorithm.hh:253:0,
                 from /home/ualusr2011/ual1220/ual1/codes/ETEAPOT_MltTurn/src/ETEAPOT_MltTurn/Integrator/DipoleTracker.hh:14,
                 from DipoleTracker.cc:4:
/home/ualusr2011/ual1220/ual1/codes/ETEAPOT_MltTurn/src/ETEAPOT_MltTurn/Integrator/DipoleAlgorithm.icc:300:8: warning: unused variable ‘GeVperJ’ [-Wunused-variable]
 double GeVperJ   = 1./q0/1.e9;                            // units
        ^
/home/ualusr2011/ual1220/ual1/codes/ETEAPOT_MltTurn/src/ETEAPOT_MltTurn/Integrator/DipoleAlgorithm.icc:306:8: warning: unused variable ‘Eel0MKS’ [-Wunused-variable]
 double Eel0MKS   = Eel0*1e9;
        ^
In file included from /home/ualusr2011/ual1220/ual1/codes/ETEAPOT_MltTurn/src/ETEAPOT_MltTurn/Integrator/DipoleAlgorithm.hh:253:0,
                 from /home/ualusr2011/ual1220/ual1/codes/ETEAPOT_MltTurn/src/ETEAPOT_MltTurn/Integrator/DipoleTracker.hh:14,
                 from DipoleTracker.cc:4:
/home/ualusr2011/ual1220/ual1/codes/ETEAPOT_MltTurn/src/ETEAPOT_MltTurn/Integrator/DipoleAlgorithm.icc: In member function ‘void DipoleAlgorithm<Coordinate, Coordinates>::passBend(int, const ETEAPOT::DipoleData&, const ETEAPOT::MltData&, Coordinates&, Coordinates&, double, PAC::BeamAttributes, int) [with Coordinate = double; Coordinates = PAC::Position]’:
/home/ualusr2011/ual1220/ual1/codes/ETEAPOT_MltTurn/src/ETEAPOT_MltTurn/Integrator/DipoleAlgorithm.icc:78:1: warning: ‘dummy_v0byc’ may be used uninitialized in this function [-Wmaybe-uninitialized]
 getE(ip,data,edata,dummy,dummy2,dummy_v0byc,cba);
 ^
g++                                     -g -fpic  -O0 -fno-inline -Wall  -Wno-deprecated       -I/home/ualusr2011/ual1220/ual1/codes/ETEAPOT_MltTurn/src -I/home/ualusr2011/ual1220/ual1/codes/PAC/src  -I/home/ualusr2011/ual1220/ual1/codes/UAL/include -I/home/ualusr2011/ual1220/ual1/codes/ZLIB/src -I/home/ualusr2011/ual1220/ual1/ext/UI/src -I/home/ualusr2011/ual1220/ual1/codes/TEAPOT/src -I/home/ualusr2011/ual1220/ual1/ext/SXF/src -I/home/ualusr2011/ual1220/ual1/codes/SIMBAD/src -I/home/ualusr2011/ual1220/ual1/tools/sxf/src -I/home/ualusr2011/ual1220/ual1/tools/include -I/home/ualusr2011/ual1220/ual1/ext/ADXF/src -I/home/ualusr2011/ual1220/ual1/codes/ETEAPOT/src -I/home/ualusr2011/ual1220/ual1/codes/PAC/include/ -c MltTracker.cc -o /home/ualusr2011/ual1220/ual1/codes/ETEAPOT_MltTurn/lib/linux/obj/MltTracker.o;
In file included from /home/ualusr2011/ual1220/ual1/codes/ETEAPOT_MltTurn/src/ETEAPOT_MltTurn/Integrator/reference.inline:189:0,
                 from /home/ualusr2011/ual1220/ual1/codes/ETEAPOT_MltTurn/src/ETEAPOT_MltTurn/Integrator/DipoleAlgorithm.icc:189,
                 from /home/ualusr2011/ual1220/ual1/codes/ETEAPOT_MltTurn/src/ETEAPOT_MltTurn/Integrator/DipoleAlgorithm.hh:253,
                 from /home/ualusr2011/ual1220/ual1/codes/ETEAPOT_MltTurn/src/ETEAPOT_MltTurn/Integrator/DipoleTracker.hh:14,
                 from MltTracker.cc:7:
/home/ualusr2011/ual1220/ual1/codes/ETEAPOT_MltTurn/src/ETEAPOT_MltTurn/Integrator/rotate.insert:1:0: warning: "PI" redefined [enabled by default]
 #define PI 3.141592653589793
 ^
In file included from /home/ualusr2011/ual1220/ual1/codes/PAC/src/Survey/PacSurvey.h:13:0,
                 from /home/ualusr2011/ual1220/ual1/codes/PAC/src/Survey/PacSurveyData.h:13,
                 from /home/ualusr2011/ual1220/ual1/codes/ETEAPOT/src/ETEAPOT/Integrator/DipoleData.hh:11,
                 from /home/ualusr2011/ual1220/ual1/codes/ETEAPOT_MltTurn/src/ETEAPOT_MltTurn/Integrator/DipoleTracker.hh:9,
                 from MltTracker.cc:7:
/home/ualusr2011/ual1220/ual1/codes/PAC/src/Survey/PacSurveyDef.h:18:0: note: this is the location of the previous definition
 #define PI   3.1415926535898
 ^
In file included from /home/ualusr2011/ual1220/ual1/codes/UAL/include/UAL/APF/PropagatorFactory.hh:10:0,
                 from MltTracker.cc:2:
/home/ualusr2011/ual1220/ual1/codes/UAL/include/UAL/APF/PropagatorNodePtr.hh: In destructor ‘virtual UAL::PropagatorNodePtr::CountHolder::~CountHolder()’:
/home/ualusr2011/ual1220/ual1/codes/UAL/include/UAL/APF/PropagatorNodePtr.hh:50:31: warning: deleting object of abstract class type ‘UAL::PropagatorNode’ which has non-virtual destructor will cause undefined behaviour [-Wdelete-non-virtual-dtor]
       ~CountHolder() { delete m_pointee; }
                               ^
In file included from /home/ualusr2011/ual1220/ual1/codes/PAC/src/Templates/PacOrderedList.h:6:0,
                 from /home/ualusr2011/ual1220/ual1/codes/PAC/src/SMF/PacElemAttributes.h:12,
                 from /home/ualusr2011/ual1220/ual1/codes/PAC/src/SMF/PacElemPart.h:10,
                 from /home/ualusr2011/ual1220/ual1/codes/PAC/src/SMF/PacGenElement.h:16,
                 from /home/ualusr2011/ual1220/ual1/codes/PAC/src/SMF/PacLine.h:12,
                 from /home/ualusr2011/ual1220/ual1/codes/PAC/src/SMF/PacLattice.h:14,
                 from /home/ualusr2011/ual1220/ual1/codes/ETEAPOT_MltTurn/src/ETEAPOT_MltTurn/Integrator/MltTracker.hh:6,
                 from MltTracker.cc:6:
/home/ualusr2011/ual1220/ual1/codes/PAC/src/Templates/PacRbTree.h: In member function ‘std::pair<std::_Rb_tree_iterator<_Val>, bool> PacRbTree<_Key, _Value, _KeyOfValue, _Compare, _Alloc>::insert_unique(const _Val&)’:
/home/ualusr2011/ual1220/ual1/codes/PAC/src/Templates/PacRbTree.h:76:10: warning: suggest explicit braces to avoid ambiguous ‘else’ [-Wparentheses]
       if (__comp)
          ^
In file included from /home/ualusr2011/ual1220/ual1/codes/ETEAPOT_MltTurn/src/ETEAPOT_MltTurn/Integrator/MltTracker.hh:53:0,
                 from MltTracker.cc:6:
/home/ualusr2011/ual1220/ual1/codes/ETEAPOT_MltTurn/src/ETEAPOT_MltTurn/Integrator/S: In static member function ‘static void ETEAPOT_MltTurn::MltTracker::initialize()’:
/home/ualusr2011/ual1220/ual1/codes/ETEAPOT_MltTurn/src/ETEAPOT_MltTurn/Integrator/S:1:325: warning: deprecated conversion from string constant to ‘char*’ [-Wwrite-strings]
 char * S[41] = {"ZERO  ","ONE   ","TWO   ","THREE ","FOUR  ","FIVE  ","SIX   ","SEVEN ","EIGHT ","NINE  ","TEN   ","ELEVEN","TWELVE","THIRTN","FORTN ","FIFTN ","SIKTN ","SEVNTN","EGHTN ","NNETN ","TWENTY","21S","22S","23S","24S","25S","26S","27S","28S","29S","30S","31S","32S","33S","34S","35S","36S","37S","38S","39S","40S"};
                                                                                                                                                                                                                                                                                                                                     ^
/home/ualusr2011/ual1220/ual1/codes/ETEAPOT_MltTurn/src/ETEAPOT_MltTurn/Integrator/S:1:325: warning: deprecated conversion from string constant to ‘char*’ [-Wwrite-strings]
/home/ualusr2011/ual1220/ual1/codes/ETEAPOT_MltTurn/src/ETEAPOT_MltTurn/Integrator/S:1:325: warning: deprecated conversion from string constant to ‘char*’ [-Wwrite-strings]
/home/ualusr2011/ual1220/ual1/codes/ETEAPOT_MltTurn/src/ETEAPOT_MltTurn/Integrator/S:1:325: warning: deprecated conversion from string constant to ‘char*’ [-Wwrite-strings]
/home/ualusr2011/ual1220/ual1/codes/ETEAPOT_MltTurn/src/ETEAPOT_MltTurn/Integrator/S:1:325: warning: deprecated conversion from string constant to ‘char*’ [-Wwrite-strings]
/home/ualusr2011/ual1220/ual1/codes/ETEAPOT_MltTurn/src/ETEAPOT_MltTurn/Integrator/S:1:325: warning: deprecated conversion from string constant to ‘char*’ [-Wwrite-strings]
/home/ualusr2011/ual1220/ual1/codes/ETEAPOT_MltTurn/src/ETEAPOT_MltTurn/Integrator/S:1:325: warning: deprecated conversion from string constant to ‘char*’ [-Wwrite-strings]
/home/ualusr2011/ual1220/ual1/codes/ETEAPOT_MltTurn/src/ETEAPOT_MltTurn/Integrator/S:1:325: warning: deprecated conversion from string constant to ‘char*’ [-Wwrite-strings]
/home/ualusr2011/ual1220/ual1/codes/ETEAPOT_MltTurn/src/ETEAPOT_MltTurn/Integrator/S:1:325: warning: deprecated conversion from string constant to ‘char*’ [-Wwrite-strings]
/home/ualusr2011/ual1220/ual1/codes/ETEAPOT_MltTurn/src/ETEAPOT_MltTurn/Integrator/S:1:325: warning: deprecated conversion from string constant to ‘char*’ [-Wwrite-strings]
/home/ualusr2011/ual1220/ual1/codes/ETEAPOT_MltTurn/src/ETEAPOT_MltTurn/Integrator/S:1:325: warning: deprecated conversion from string constant to ‘char*’ [-Wwrite-strings]
/home/ualusr2011/ual1220/ual1/codes/ETEAPOT_MltTurn/src/ETEAPOT_MltTurn/Integrator/S:1:325: warning: deprecated conversion from string constant to ‘char*’ [-Wwrite-strings]
/home/ualusr2011/ual1220/ual1/codes/ETEAPOT_MltTurn/src/ETEAPOT_MltTurn/Integrator/S:1:325: warning: deprecated conversion from string constant to ‘char*’ [-Wwrite-strings]
/home/ualusr2011/ual1220/ual1/codes/ETEAPOT_MltTurn/src/ETEAPOT_MltTurn/Integrator/S:1:325: warning: deprecated conversion from string constant to ‘char*’ [-Wwrite-strings]
/home/ualusr2011/ual1220/ual1/codes/ETEAPOT_MltTurn/src/ETEAPOT_MltTurn/Integrator/S:1:325: warning: deprecated conversion from string constant to ‘char*’ [-Wwrite-strings]
/home/ualusr2011/ual1220/ual1/codes/ETEAPOT_MltTurn/src/ETEAPOT_MltTurn/Integrator/S:1:325: warning: deprecated conversion from string constant to ‘char*’ [-Wwrite-strings]
/home/ualusr2011/ual1220/ual1/codes/ETEAPOT_MltTurn/src/ETEAPOT_MltTurn/Integrator/S:1:325: warning: deprecated conversion from string constant to ‘char*’ [-Wwrite-strings]
/home/ualusr2011/ual1220/ual1/codes/ETEAPOT_MltTurn/src/ETEAPOT_MltTurn/Integrator/S:1:325: warning: deprecated conversion from string constant to ‘char*’ [-Wwrite-strings]
/home/ualusr2011/ual1220/ual1/codes/ETEAPOT_MltTurn/src/ETEAPOT_MltTurn/Integrator/S:1:325: warning: deprecated conversion from string constant to ‘char*’ [-Wwrite-strings]
/home/ualusr2011/ual1220/ual1/codes/ETEAPOT_MltTurn/src/ETEAPOT_MltTurn/Integrator/S:1:325: warning: deprecated conversion from string constant to ‘char*’ [-Wwrite-strings]
/home/ualusr2011/ual1220/ual1/codes/ETEAPOT_MltTurn/src/ETEAPOT_MltTurn/Integrator/S:1:325: warning: deprecated conversion from string constant to ‘char*’ [-Wwrite-strings]
/home/ualusr2011/ual1220/ual1/codes/ETEAPOT_MltTurn/src/ETEAPOT_MltTurn/Integrator/S:1:325: warning: deprecated conversion from string constant to ‘char*’ [-Wwrite-strings]
/home/ualusr2011/ual1220/ual1/codes/ETEAPOT_MltTurn/src/ETEAPOT_MltTurn/Integrator/S:1:325: warning: deprecated conversion from string constant to ‘char*’ [-Wwrite-strings]
/home/ualusr2011/ual1220/ual1/codes/ETEAPOT_MltTurn/src/ETEAPOT_MltTurn/Integrator/S:1:325: warning: deprecated conversion from string constant to ‘char*’ [-Wwrite-strings]
/home/ualusr2011/ual1220/ual1/codes/ETEAPOT_MltTurn/src/ETEAPOT_MltTurn/Integrator/S:1:325: warning: deprecated conversion from string constant to ‘char*’ [-Wwrite-strings]
/home/ualusr2011/ual1220/ual1/codes/ETEAPOT_MltTurn/src/ETEAPOT_MltTurn/Integrator/S:1:325: warning: deprecated conversion from string constant to ‘char*’ [-Wwrite-strings]
/home/ualusr2011/ual1220/ual1/codes/ETEAPOT_MltTurn/src/ETEAPOT_MltTurn/Integrator/S:1:325: warning: deprecated conversion from string constant to ‘char*’ [-Wwrite-strings]
/home/ualusr2011/ual1220/ual1/codes/ETEAPOT_MltTurn/src/ETEAPOT_MltTurn/Integrator/S:1:325: warning: deprecated conversion from string constant to ‘char*’ [-Wwrite-strings]
/home/ualusr2011/ual1220/ual1/codes/ETEAPOT_MltTurn/src/ETEAPOT_MltTurn/Integrator/S:1:325: warning: deprecated conversion from string constant to ‘char*’ [-Wwrite-strings]
/home/ualusr2011/ual1220/ual1/codes/ETEAPOT_MltTurn/src/ETEAPOT_MltTurn/Integrator/S:1:325: warning: deprecated conversion from string constant to ‘char*’ [-Wwrite-strings]
/home/ualusr2011/ual1220/ual1/codes/ETEAPOT_MltTurn/src/ETEAPOT_MltTurn/Integrator/S:1:325: warning: deprecated conversion from string constant to ‘char*’ [-Wwrite-strings]
/home/ualusr2011/ual1220/ual1/codes/ETEAPOT_MltTurn/src/ETEAPOT_MltTurn/Integrator/S:1:325: warning: deprecated conversion from string constant to ‘char*’ [-Wwrite-strings]
/home/ualusr2011/ual1220/ual1/codes/ETEAPOT_MltTurn/src/ETEAPOT_MltTurn/Integrator/S:1:325: warning: deprecated conversion from string constant to ‘char*’ [-Wwrite-strings]
/home/ualusr2011/ual1220/ual1/codes/ETEAPOT_MltTurn/src/ETEAPOT_MltTurn/Integrator/S:1:325: warning: deprecated conversion from string constant to ‘char*’ [-Wwrite-strings]
/home/ualusr2011/ual1220/ual1/codes/ETEAPOT_MltTurn/src/ETEAPOT_MltTurn/Integrator/S:1:325: warning: deprecated conversion from string constant to ‘char*’ [-Wwrite-strings]
/home/ualusr2011/ual1220/ual1/codes/ETEAPOT_MltTurn/src/ETEAPOT_MltTurn/Integrator/S:1:325: warning: deprecated conversion from string constant to ‘char*’ [-Wwrite-strings]
/home/ualusr2011/ual1220/ual1/codes/ETEAPOT_MltTurn/src/ETEAPOT_MltTurn/Integrator/S:1:325: warning: deprecated conversion from string constant to ‘char*’ [-Wwrite-strings]
/home/ualusr2011/ual1220/ual1/codes/ETEAPOT_MltTurn/src/ETEAPOT_MltTurn/Integrator/S:1:325: warning: deprecated conversion from string constant to ‘char*’ [-Wwrite-strings]
/home/ualusr2011/ual1220/ual1/codes/ETEAPOT_MltTurn/src/ETEAPOT_MltTurn/Integrator/S:1:325: warning: deprecated conversion from string constant to ‘char*’ [-Wwrite-strings]
/home/ualusr2011/ual1220/ual1/codes/ETEAPOT_MltTurn/src/ETEAPOT_MltTurn/Integrator/S:1:325: warning: deprecated conversion from string constant to ‘char*’ [-Wwrite-strings]
/home/ualusr2011/ual1220/ual1/codes/ETEAPOT_MltTurn/src/ETEAPOT_MltTurn/Integrator/S:1:325: warning: deprecated conversion from string constant to ‘char*’ [-Wwrite-strings]
/home/ualusr2011/ual1220/ual1/codes/ETEAPOT_MltTurn/src/ETEAPOT_MltTurn/Integrator/S:1:8: warning: unused variable ‘S’ [-Wunused-variable]
 char * S[41] = {"ZERO  ","ONE   ","TWO   ","THREE ","FOUR  ","FIVE  ","SIX   ","SEVEN ","EIGHT ","NINE  ","TEN   ","ELEVEN","TWELVE","THIRTN","FORTN ","FIFTN ","SIKTN ","SEVNTN","EGHTN ","NNETN ","TWENTY","21S","22S","23S","24S","25S","26S","27S","28S","29S","30S","31S","32S","33S","34S","35S","36S","37S","38S","39S","40S"};
        ^
In file included from /home/ualusr2011/ual1220/ual1/codes/ETEAPOT_MltTurn/src/ETEAPOT_MltTurn/Integrator/DipoleAlgorithm.hh:204:0,
                 from /home/ualusr2011/ual1220/ual1/codes/ETEAPOT_MltTurn/src/ETEAPOT_MltTurn/Integrator/DipoleTracker.hh:14,
                 from MltTracker.cc:7:
/home/ualusr2011/ual1220/ual1/codes/ETEAPOT/src/ETEAPOT/Integrator/timeViaHyperbolic: In member function ‘double DipoleAlgorithm<Coordinate, Coordinates>::t3h(double)’:
/home/ualusr2011/ual1220/ual1/codes/ETEAPOT/src/ETEAPOT/Integrator/timeViaHyperbolic:46:1: warning: no return statement in function returning non-void [-Wreturn-type]
 }
 ^
In file included from /home/ualusr2011/ual1220/ual1/codes/ETEAPOT_MltTurn/src/ETEAPOT_MltTurn/Integrator/DipoleAlgorithm.icc:3:0,
                 from /home/ualusr2011/ual1220/ual1/codes/ETEAPOT_MltTurn/src/ETEAPOT_MltTurn/Integrator/DipoleAlgorithm.hh:253,
                 from /home/ualusr2011/ual1220/ual1/codes/ETEAPOT_MltTurn/src/ETEAPOT_MltTurn/Integrator/DipoleTracker.hh:14,
                 from MltTracker.cc:7:
/home/ualusr2011/ual1220/ual1/codes/ETEAPOT_MltTurn/src/ETEAPOT_MltTurn/Integrator/MarkerTracker.hh: In static member function ‘static void ETEAPOT_MltTurn::MarkerTracker::initialize()’:
/home/ualusr2011/ual1220/ual1/codes/ETEAPOT_MltTurn/src/ETEAPOT_MltTurn/Integrator/MarkerTracker.hh:67:206: warning: deprecated conversion from string constant to ‘char*’ [-Wwrite-strings]
  char * S[21] = {"ZERO  ","ONE   ","TWO   ","THREE ","FOUR  ","FIVE  ","SIX   ","SEVEN ","EIGHT ","NINE  ","TEN   ","ELEVEN","TWELVE","THIRTN","FORTN ","FIFTN ","SIKTN ","SEVNTN","EGHTN ","NNETN ","TWENTY"};
                                                                                                                                                                                                              ^
/home/ualusr2011/ual1220/ual1/codes/ETEAPOT_MltTurn/src/ETEAPOT_MltTurn/Integrator/MarkerTracker.hh:67:206: warning: deprecated conversion from string constant to ‘char*’ [-Wwrite-strings]
/home/ualusr2011/ual1220/ual1/codes/ETEAPOT_MltTurn/src/ETEAPOT_MltTurn/Integrator/MarkerTracker.hh:67:206: warning: deprecated conversion from string constant to ‘char*’ [-Wwrite-strings]
/home/ualusr2011/ual1220/ual1/codes/ETEAPOT_MltTurn/src/ETEAPOT_MltTurn/Integrator/MarkerTracker.hh:67:206: warning: deprecated conversion from string constant to ‘char*’ [-Wwrite-strings]
/home/ualusr2011/ual1220/ual1/codes/ETEAPOT_MltTurn/src/ETEAPOT_MltTurn/Integrator/MarkerTracker.hh:67:206: warning: deprecated conversion from string constant to ‘char*’ [-Wwrite-strings]
/home/ualusr2011/ual1220/ual1/codes/ETEAPOT_MltTurn/src/ETEAPOT_MltTurn/Integrator/MarkerTracker.hh:67:206: warning: deprecated conversion from string constant to ‘char*’ [-Wwrite-strings]
/home/ualusr2011/ual1220/ual1/codes/ETEAPOT_MltTurn/src/ETEAPOT_MltTurn/Integrator/MarkerTracker.hh:67:206: warning: deprecated conversion from string constant to ‘char*’ [-Wwrite-strings]
/home/ualusr2011/ual1220/ual1/codes/ETEAPOT_MltTurn/src/ETEAPOT_MltTurn/Integrator/MarkerTracker.hh:67:206: warning: deprecated conversion from string constant to ‘char*’ [-Wwrite-strings]
/home/ualusr2011/ual1220/ual1/codes/ETEAPOT_MltTurn/src/ETEAPOT_MltTurn/Integrator/MarkerTracker.hh:67:206: warning: deprecated conversion from string constant to ‘char*’ [-Wwrite-strings]
/home/ualusr2011/ual1220/ual1/codes/ETEAPOT_MltTurn/src/ETEAPOT_MltTurn/Integrator/MarkerTracker.hh:67:206: warning: deprecated conversion from string constant to ‘char*’ [-Wwrite-strings]
/home/ualusr2011/ual1220/ual1/codes/ETEAPOT_MltTurn/src/ETEAPOT_MltTurn/Integrator/MarkerTracker.hh:67:206: warning: deprecated conversion from string constant to ‘char*’ [-Wwrite-strings]
/home/ualusr2011/ual1220/ual1/codes/ETEAPOT_MltTurn/src/ETEAPOT_MltTurn/Integrator/MarkerTracker.hh:67:206: warning: deprecated conversion from string constant to ‘char*’ [-Wwrite-strings]
/home/ualusr2011/ual1220/ual1/codes/ETEAPOT_MltTurn/src/ETEAPOT_MltTurn/Integrator/MarkerTracker.hh:67:206: warning: deprecated conversion from string constant to ‘char*’ [-Wwrite-strings]
/home/ualusr2011/ual1220/ual1/codes/ETEAPOT_MltTurn/src/ETEAPOT_MltTurn/Integrator/MarkerTracker.hh:67:206: warning: deprecated conversion from string constant to ‘char*’ [-Wwrite-strings]
/home/ualusr2011/ual1220/ual1/codes/ETEAPOT_MltTurn/src/ETEAPOT_MltTurn/Integrator/MarkerTracker.hh:67:206: warning: deprecated conversion from string constant to ‘char*’ [-Wwrite-strings]
/home/ualusr2011/ual1220/ual1/codes/ETEAPOT_MltTurn/src/ETEAPOT_MltTurn/Integrator/MarkerTracker.hh:67:206: warning: deprecated conversion from string constant to ‘char*’ [-Wwrite-strings]
/home/ualusr2011/ual1220/ual1/codes/ETEAPOT_MltTurn/src/ETEAPOT_MltTurn/Integrator/MarkerTracker.hh:67:206: warning: deprecated conversion from string constant to ‘char*’ [-Wwrite-strings]
/home/ualusr2011/ual1220/ual1/codes/ETEAPOT_MltTurn/src/ETEAPOT_MltTurn/Integrator/MarkerTracker.hh:67:206: warning: deprecated conversion from string constant to ‘char*’ [-Wwrite-strings]
/home/ualusr2011/ual1220/ual1/codes/ETEAPOT_MltTurn/src/ETEAPOT_MltTurn/Integrator/MarkerTracker.hh:67:206: warning: deprecated conversion from string constant to ‘char*’ [-Wwrite-strings]
/home/ualusr2011/ual1220/ual1/codes/ETEAPOT_MltTurn/src/ETEAPOT_MltTurn/Integrator/MarkerTracker.hh:67:206: warning: deprecated conversion from string constant to ‘char*’ [-Wwrite-strings]
/home/ualusr2011/ual1220/ual1/codes/ETEAPOT_MltTurn/src/ETEAPOT_MltTurn/Integrator/MarkerTracker.hh:67:206: warning: deprecated conversion from string constant to ‘char*’ [-Wwrite-strings]
/home/ualusr2011/ual1220/ual1/codes/ETEAPOT_MltTurn/src/ETEAPOT_MltTurn/Integrator/MarkerTracker.hh:67:9: warning: unused variable ‘S’ [-Wunused-variable]
  char * S[21] = {"ZERO  ","ONE   ","TWO   ","THREE ","FOUR  ","FIVE  ","SIX   ","SEVEN ","EIGHT ","NINE  ","TEN   ","ELEVEN","TWELVE","THIRTN","FORTN ","FIFTN ","SIKTN ","SEVNTN","EGHTN ","NNETN ","TWENTY"};
         ^
In file included from MltTracker.cc:7:0:
/home/ualusr2011/ual1220/ual1/codes/ETEAPOT_MltTurn/src/ETEAPOT_MltTurn/Integrator/DipoleTracker.hh: In static member function ‘static void ETEAPOT_MltTurn::DipoleTracker::initialize()’:
/home/ualusr2011/ual1220/ual1/codes/ETEAPOT_MltTurn/src/ETEAPOT_MltTurn/Integrator/DipoleTracker.hh:62:210: warning: deprecated conversion from string constant to ‘char*’ [-Wwrite-strings]
      char * S[41] = {"ZERO  ","ONE   ","TWO   ","THREE ","FOUR  ","FIVE  ","SIX   ","SEVEN ","EIGHT ","NINE  ","TEN   ","ELEVEN","TWELVE","THIRTN","FORTN ","FIFTN ","SIKTN ","SEVNTN","EGHTN ","NNETN ","TWENTY"};
                                                                                                                                                                                                                  ^
/home/ualusr2011/ual1220/ual1/codes/ETEAPOT_MltTurn/src/ETEAPOT_MltTurn/Integrator/DipoleTracker.hh:62:210: warning: deprecated conversion from string constant to ‘char*’ [-Wwrite-strings]
/home/ualusr2011/ual1220/ual1/codes/ETEAPOT_MltTurn/src/ETEAPOT_MltTurn/Integrator/DipoleTracker.hh:62:210: warning: deprecated conversion from string constant to ‘char*’ [-Wwrite-strings]
/home/ualusr2011/ual1220/ual1/codes/ETEAPOT_MltTurn/src/ETEAPOT_MltTurn/Integrator/DipoleTracker.hh:62:210: warning: deprecated conversion from string constant to ‘char*’ [-Wwrite-strings]
/home/ualusr2011/ual1220/ual1/codes/ETEAPOT_MltTurn/src/ETEAPOT_MltTurn/Integrator/DipoleTracker.hh:62:210: warning: deprecated conversion from string constant to ‘char*’ [-Wwrite-strings]
/home/ualusr2011/ual1220/ual1/codes/ETEAPOT_MltTurn/src/ETEAPOT_MltTurn/Integrator/DipoleTracker.hh:62:210: warning: deprecated conversion from string constant to ‘char*’ [-Wwrite-strings]
/home/ualusr2011/ual1220/ual1/codes/ETEAPOT_MltTurn/src/ETEAPOT_MltTurn/Integrator/DipoleTracker.hh:62:210: warning: deprecated conversion from string constant to ‘char*’ [-Wwrite-strings]
/home/ualusr2011/ual1220/ual1/codes/ETEAPOT_MltTurn/src/ETEAPOT_MltTurn/Integrator/DipoleTracker.hh:62:210: warning: deprecated conversion from string constant to ‘char*’ [-Wwrite-strings]
/home/ualusr2011/ual1220/ual1/codes/ETEAPOT_MltTurn/src/ETEAPOT_MltTurn/Integrator/DipoleTracker.hh:62:210: warning: deprecated conversion from string constant to ‘char*’ [-Wwrite-strings]
/home/ualusr2011/ual1220/ual1/codes/ETEAPOT_MltTurn/src/ETEAPOT_MltTurn/Integrator/DipoleTracker.hh:62:210: warning: deprecated conversion from string constant to ‘char*’ [-Wwrite-strings]
/home/ualusr2011/ual1220/ual1/codes/ETEAPOT_MltTurn/src/ETEAPOT_MltTurn/Integrator/DipoleTracker.hh:62:210: warning: deprecated conversion from string constant to ‘char*’ [-Wwrite-strings]
/home/ualusr2011/ual1220/ual1/codes/ETEAPOT_MltTurn/src/ETEAPOT_MltTurn/Integrator/DipoleTracker.hh:62:210: warning: deprecated conversion from string constant to ‘char*’ [-Wwrite-strings]
/home/ualusr2011/ual1220/ual1/codes/ETEAPOT_MltTurn/src/ETEAPOT_MltTurn/Integrator/DipoleTracker.hh:62:210: warning: deprecated conversion from string constant to ‘char*’ [-Wwrite-strings]
/home/ualusr2011/ual1220/ual1/codes/ETEAPOT_MltTurn/src/ETEAPOT_MltTurn/Integrator/DipoleTracker.hh:62:210: warning: deprecated conversion from string constant to ‘char*’ [-Wwrite-strings]
/home/ualusr2011/ual1220/ual1/codes/ETEAPOT_MltTurn/src/ETEAPOT_MltTurn/Integrator/DipoleTracker.hh:62:210: warning: deprecated conversion from string constant to ‘char*’ [-Wwrite-strings]
/home/ualusr2011/ual1220/ual1/codes/ETEAPOT_MltTurn/src/ETEAPOT_MltTurn/Integrator/DipoleTracker.hh:62:210: warning: deprecated conversion from string constant to ‘char*’ [-Wwrite-strings]
/home/ualusr2011/ual1220/ual1/codes/ETEAPOT_MltTurn/src/ETEAPOT_MltTurn/Integrator/DipoleTracker.hh:62:210: warning: deprecated conversion from string constant to ‘char*’ [-Wwrite-strings]
/home/ualusr2011/ual1220/ual1/codes/ETEAPOT_MltTurn/src/ETEAPOT_MltTurn/Integrator/DipoleTracker.hh:62:210: warning: deprecated conversion from string constant to ‘char*’ [-Wwrite-strings]
/home/ualusr2011/ual1220/ual1/codes/ETEAPOT_MltTurn/src/ETEAPOT_MltTurn/Integrator/DipoleTracker.hh:62:210: warning: deprecated conversion from string constant to ‘char*’ [-Wwrite-strings]
/home/ualusr2011/ual1220/ual1/codes/ETEAPOT_MltTurn/src/ETEAPOT_MltTurn/Integrator/DipoleTracker.hh:62:210: warning: deprecated conversion from string constant to ‘char*’ [-Wwrite-strings]
/home/ualusr2011/ual1220/ual1/codes/ETEAPOT_MltTurn/src/ETEAPOT_MltTurn/Integrator/DipoleTracker.hh:62:210: warning: deprecated conversion from string constant to ‘char*’ [-Wwrite-strings]
In file included from MltTracker.cc:7:0:
/home/ualusr2011/ual1220/ual1/codes/ETEAPOT_MltTurn/src/ETEAPOT_MltTurn/Integrator/DipoleTracker.hh:62:13: warning: unused variable ‘S’ [-Wunused-variable]
      char * S[41] = {"ZERO  ","ONE   ","TWO   ","THREE ","FOUR  ","FIVE  ","SIX   ","SEVEN ","EIGHT ","NINE  ","TEN   ","ELEVEN","TWELVE","THIRTN","FORTN ","FIFTN ","SIKTN ","SEVNTN","EGHTN ","NNETN ","TWENTY"};
             ^
In file included from /home/ualusr2011/ual1220/ual1/codes/ETEAPOT_MltTurn/src/ETEAPOT_MltTurn/Integrator/quadSpinEvolve:16:0,
                 from /home/ualusr2011/ual1220/ual1/codes/ETEAPOT_MltTurn/src/ETEAPOT_MltTurn/Integrator/MltAlgorithm.icc:206,
                 from /home/ualusr2011/ual1220/ual1/codes/ETEAPOT_MltTurn/src/ETEAPOT_MltTurn/Integrator/MltAlgorithm.hh:57,
                 from /home/ualusr2011/ual1220/ual1/codes/ETEAPOT_MltTurn/src/ETEAPOT_MltTurn/Integrator/MltTracker.hh:10,
                 from MltTracker.cc:6:
/home/ualusr2011/ual1220/ual1/codes/ETEAPOT_MltTurn/src/ETEAPOT_MltTurn/Integrator/quadSpinEvolve: In instantiation of ‘void ETEAPOT_MltTurn::MltAlgorithm<Coordinate, Coordinates>::applyMltKick(int, PacElemMultipole*, PacElemOffset*, double, Coordinates&, int, double, PAC::BeamAttributes) [with Coordinate = double; Coordinates = PAC::Position]’:
/home/ualusr2011/ual1220/ual1/codes/ETEAPOT_MltTurn/src/ETEAPOT_MltTurn/Integrator/MltAlgorithm.icc:33:80:   required from ‘void ETEAPOT_MltTurn::MltAlgorithm<Coordinate, Coordinates>::passEntry(int, const ETEAPOT::MltData&, Coordinates&, int, double, PAC::BeamAttributes) [with Coordinate = double; Coordinates = PAC::Position]’
MltTracker.cc:88:145:   required from here
/home/ualusr2011/ual1220/ual1/codes/ETEAPOT_MltTurn/src/ETEAPOT_MltTurn/Integrator/getDesignBeam.h:4:8: warning: unused variable ‘tD’ [-Wunused-variable]
 double tD=cba.getElapsedTime();
        ^
/home/ualusr2011/ual1220/ual1/codes/ETEAPOT_MltTurn/src/ETEAPOT_MltTurn/Integrator/getDesignBeam.h:5:8: warning: unused variable ‘fD’ [-Wunused-variable]
 double fD=cba.getRevfreq();
        ^
/home/ualusr2011/ual1220/ual1/codes/ETEAPOT_MltTurn/src/ETEAPOT_MltTurn/Integrator/getDesignBeam.h:6:8: warning: unused variable ‘MD’ [-Wunused-variable]
 double MD=cba.getMacrosize();
        ^
/home/ualusr2011/ual1220/ual1/codes/ETEAPOT_MltTurn/src/ETEAPOT_MltTurn/Integrator/getDesignBeam.h:9:8: warning: unused variable ‘GD’ [-Wunused-variable]
 double GD=cba.getG();
        ^
/home/ualusr2011/ual1220/ual1/codes/ETEAPOT_MltTurn/src/ETEAPOT_MltTurn/Integrator/getDesignBeam.h:11:8: warning: unused variable ‘ElD’ [-Wunused-variable]
 double ElD=cba.getE();
        ^
In file included from /home/ualusr2011/ual1220/ual1/codes/ETEAPOT_MltTurn/src/ETEAPOT_MltTurn/Integrator/MltAlgorithm.icc:206:0,
                 from /home/ualusr2011/ual1220/ual1/codes/ETEAPOT_MltTurn/src/ETEAPOT_MltTurn/Integrator/MltAlgorithm.hh:57,
                 from /home/ualusr2011/ual1220/ual1/codes/ETEAPOT_MltTurn/src/ETEAPOT_MltTurn/Integrator/MltTracker.hh:10,
                 from MltTracker.cc:6:
/home/ualusr2011/ual1220/ual1/codes/ETEAPOT_MltTurn/src/ETEAPOT_MltTurn/Integrator/quadSpinEvolve:18:8: warning: unused variable ‘GeVperJ’ [-Wunused-variable]
 double GeVperJ    = 1./qD/1.e9;                            // units
        ^
/home/ualusr2011/ual1220/ual1/codes/ETEAPOT_MltTurn/src/ETEAPOT_MltTurn/Integrator/quadSpinEvolve:22:8: warning: unused variable ‘vD’ [-Wunused-variable]
 double vD         = bD;                                    // JDT
        ^
/home/ualusr2011/ual1220/ual1/codes/ETEAPOT_MltTurn/src/ETEAPOT_MltTurn/Integrator/quadSpinEvolve:59:8: warning: unused variable ‘checkNorm’ [-Wunused-variable]
 double checkNorm = 1. - sx*sx - sy*sy - sz*sz;
        ^
In file included from /home/ualusr2011/ual1220/ual1/codes/ETEAPOT_MltTurn/src/ETEAPOT_MltTurn/Integrator/sextSpinEvolve:16:0,
                 from /home/ualusr2011/ual1220/ual1/codes/ETEAPOT_MltTurn/src/ETEAPOT_MltTurn/Integrator/MltAlgorithm.icc:210,
                 from /home/ualusr2011/ual1220/ual1/codes/ETEAPOT_MltTurn/src/ETEAPOT_MltTurn/Integrator/MltAlgorithm.hh:57,
                 from /home/ualusr2011/ual1220/ual1/codes/ETEAPOT_MltTurn/src/ETEAPOT_MltTurn/Integrator/MltTracker.hh:10,
                 from MltTracker.cc:6:
/home/ualusr2011/ual1220/ual1/codes/ETEAPOT_MltTurn/src/ETEAPOT_MltTurn/Integrator/getDesignBeam.h:4:8: warning: unused variable ‘tD’ [-Wunused-variable]
 double tD=cba.getElapsedTime();
        ^
/home/ualusr2011/ual1220/ual1/codes/ETEAPOT_MltTurn/src/ETEAPOT_MltTurn/Integrator/getDesignBeam.h:5:8: warning: unused variable ‘fD’ [-Wunused-variable]
 double fD=cba.getRevfreq();
        ^
/home/ualusr2011/ual1220/ual1/codes/ETEAPOT_MltTurn/src/ETEAPOT_MltTurn/Integrator/getDesignBeam.h:6:8: warning: unused variable ‘MD’ [-Wunused-variable]
 double MD=cba.getMacrosize();
        ^
/home/ualusr2011/ual1220/ual1/codes/ETEAPOT_MltTurn/src/ETEAPOT_MltTurn/Integrator/getDesignBeam.h:9:8: warning: unused variable ‘GD’ [-Wunused-variable]
 double GD=cba.getG();
        ^
/home/ualusr2011/ual1220/ual1/codes/ETEAPOT_MltTurn/src/ETEAPOT_MltTurn/Integrator/getDesignBeam.h:11:8: warning: unused variable ‘ElD’ [-Wunused-variable]
 double ElD=cba.getE();
        ^
In file included from /home/ualusr2011/ual1220/ual1/codes/ETEAPOT_MltTurn/src/ETEAPOT_MltTurn/Integrator/MltAlgorithm.icc:210:0,
                 from /home/ualusr2011/ual1220/ual1/codes/ETEAPOT_MltTurn/src/ETEAPOT_MltTurn/Integrator/MltAlgorithm.hh:57,
                 from /home/ualusr2011/ual1220/ual1/codes/ETEAPOT_MltTurn/src/ETEAPOT_MltTurn/Integrator/MltTracker.hh:10,
                 from MltTracker.cc:6:
/home/ualusr2011/ual1220/ual1/codes/ETEAPOT_MltTurn/src/ETEAPOT_MltTurn/Integrator/sextSpinEvolve:18:8: warning: unused variable ‘GeVperJ’ [-Wunused-variable]
 double GeVperJ    = 1./qD/1.e9;                            // units
        ^
/home/ualusr2011/ual1220/ual1/codes/ETEAPOT_MltTurn/src/ETEAPOT_MltTurn/Integrator/sextSpinEvolve:22:8: warning: unused variable ‘vD’ [-Wunused-variable]
 double vD         = bD;                                    // JDT
        ^
/home/ualusr2011/ual1220/ual1/codes/ETEAPOT_MltTurn/src/ETEAPOT_MltTurn/Integrator/sextSpinEvolve:59:8: warning: unused variable ‘checkNorm’ [-Wunused-variable]
 double checkNorm = 1. - sx*sx - sy*sy - sz*sz;
        ^
In file included from /home/ualusr2011/ual1220/ual1/codes/ETEAPOT_MltTurn/src/ETEAPOT_MltTurn/Integrator/octSpinEvolve:16:0,
                 from /home/ualusr2011/ual1220/ual1/codes/ETEAPOT_MltTurn/src/ETEAPOT_MltTurn/Integrator/MltAlgorithm.icc:214,
                 from /home/ualusr2011/ual1220/ual1/codes/ETEAPOT_MltTurn/src/ETEAPOT_MltTurn/Integrator/MltAlgorithm.hh:57,
                 from /home/ualusr2011/ual1220/ual1/codes/ETEAPOT_MltTurn/src/ETEAPOT_MltTurn/Integrator/MltTracker.hh:10,
                 from MltTracker.cc:6:
/home/ualusr2011/ual1220/ual1/codes/ETEAPOT_MltTurn/src/ETEAPOT_MltTurn/Integrator/getDesignBeam.h:4:8: warning: unused variable ‘tD’ [-Wunused-variable]
 double tD=cba.getElapsedTime();
        ^
/home/ualusr2011/ual1220/ual1/codes/ETEAPOT_MltTurn/src/ETEAPOT_MltTurn/Integrator/getDesignBeam.h:5:8: warning: unused variable ‘fD’ [-Wunused-variable]
 double fD=cba.getRevfreq();
        ^
/home/ualusr2011/ual1220/ual1/codes/ETEAPOT_MltTurn/src/ETEAPOT_MltTurn/Integrator/getDesignBeam.h:6:8: warning: unused variable ‘MD’ [-Wunused-variable]
 double MD=cba.getMacrosize();
        ^
/home/ualusr2011/ual1220/ual1/codes/ETEAPOT_MltTurn/src/ETEAPOT_MltTurn/Integrator/getDesignBeam.h:9:8: warning: unused variable ‘GD’ [-Wunused-variable]
 double GD=cba.getG();
        ^
/home/ualusr2011/ual1220/ual1/codes/ETEAPOT_MltTurn/src/ETEAPOT_MltTurn/Integrator/getDesignBeam.h:11:8: warning: unused variable ‘ElD’ [-Wunused-variable]
 double ElD=cba.getE();
        ^
In file included from /home/ualusr2011/ual1220/ual1/codes/ETEAPOT_MltTurn/src/ETEAPOT_MltTurn/Integrator/MltAlgorithm.icc:214:0,
                 from /home/ualusr2011/ual1220/ual1/codes/ETEAPOT_MltTurn/src/ETEAPOT_MltTurn/Integrator/MltAlgorithm.hh:57,
                 from /home/ualusr2011/ual1220/ual1/codes/ETEAPOT_MltTurn/src/ETEAPOT_MltTurn/Integrator/MltTracker.hh:10,
                 from MltTracker.cc:6:
/home/ualusr2011/ual1220/ual1/codes/ETEAPOT_MltTurn/src/ETEAPOT_MltTurn/Integrator/octSpinEvolve:18:8: warning: unused variable ‘GeVperJ’ [-Wunused-variable]
 double GeVperJ    = 1./qD/1.e9;                            // units
        ^
/home/ualusr2011/ual1220/ual1/codes/ETEAPOT_MltTurn/src/ETEAPOT_MltTurn/Integrator/octSpinEvolve:22:8: warning: unused variable ‘vD’ [-Wunused-variable]
 double vD         = bD;                                    // JDT
        ^
/home/ualusr2011/ual1220/ual1/codes/ETEAPOT_MltTurn/src/ETEAPOT_MltTurn/Integrator/octSpinEvolve:59:8: warning: unused variable ‘checkNorm’ [-Wunused-variable]
 double checkNorm = 1. - sx*sx - sy*sy - sz*sz;
        ^
In file included from /home/ualusr2011/ual1220/ual1/codes/ETEAPOT_MltTurn/src/ETEAPOT_MltTurn/Integrator/MltAlgorithm.icc:230:0,
                 from /home/ualusr2011/ual1220/ual1/codes/ETEAPOT_MltTurn/src/ETEAPOT_MltTurn/Integrator/MltAlgorithm.hh:57,
                 from /home/ualusr2011/ual1220/ual1/codes/ETEAPOT_MltTurn/src/ETEAPOT_MltTurn/Integrator/MltTracker.hh:10,
                 from MltTracker.cc:6:
/home/ualusr2011/ual1220/ual1/codes/ETEAPOT_MltTurn/src/ETEAPOT_MltTurn/Integrator/S:1:325: warning: deprecated conversion from string constant to ‘char*’ [-Wwrite-strings]
 char * S[41] = {"ZERO  ","ONE   ","TWO   ","THREE ","FOUR  ","FIVE  ","SIX   ","SEVEN ","EIGHT ","NINE  ","TEN   ","ELEVEN","TWELVE","THIRTN","FORTN ","FIFTN ","SIKTN ","SEVNTN","EGHTN ","NNETN ","TWENTY","21S","22S","23S","24S","25S","26S","27S","28S","29S","30S","31S","32S","33S","34S","35S","36S","37S","38S","39S","40S"};
                                                                                                                                                                                                                                                                                                                                     ^
/home/ualusr2011/ual1220/ual1/codes/ETEAPOT_MltTurn/src/ETEAPOT_MltTurn/Integrator/S:1:325: warning: deprecated conversion from string constant to ‘char*’ [-Wwrite-strings]
/home/ualusr2011/ual1220/ual1/codes/ETEAPOT_MltTurn/src/ETEAPOT_MltTurn/Integrator/S:1:325: warning: deprecated conversion from string constant to ‘char*’ [-Wwrite-strings]
/home/ualusr2011/ual1220/ual1/codes/ETEAPOT_MltTurn/src/ETEAPOT_MltTurn/Integrator/S:1:325: warning: deprecated conversion from string constant to ‘char*’ [-Wwrite-strings]
/home/ualusr2011/ual1220/ual1/codes/ETEAPOT_MltTurn/src/ETEAPOT_MltTurn/Integrator/S:1:325: warning: deprecated conversion from string constant to ‘char*’ [-Wwrite-strings]
/home/ualusr2011/ual1220/ual1/codes/ETEAPOT_MltTurn/src/ETEAPOT_MltTurn/Integrator/S:1:325: warning: deprecated conversion from string constant to ‘char*’ [-Wwrite-strings]
/home/ualusr2011/ual1220/ual1/codes/ETEAPOT_MltTurn/src/ETEAPOT_MltTurn/Integrator/S:1:325: warning: deprecated conversion from string constant to ‘char*’ [-Wwrite-strings]
/home/ualusr2011/ual1220/ual1/codes/ETEAPOT_MltTurn/src/ETEAPOT_MltTurn/Integrator/S:1:325: warning: deprecated conversion from string constant to ‘char*’ [-Wwrite-strings]
/home/ualusr2011/ual1220/ual1/codes/ETEAPOT_MltTurn/src/ETEAPOT_MltTurn/Integrator/S:1:325: warning: deprecated conversion from string constant to ‘char*’ [-Wwrite-strings]
/home/ualusr2011/ual1220/ual1/codes/ETEAPOT_MltTurn/src/ETEAPOT_MltTurn/Integrator/S:1:325: warning: deprecated conversion from string constant to ‘char*’ [-Wwrite-strings]
/home/ualusr2011/ual1220/ual1/codes/ETEAPOT_MltTurn/src/ETEAPOT_MltTurn/Integrator/S:1:325: warning: deprecated conversion from string constant to ‘char*’ [-Wwrite-strings]
/home/ualusr2011/ual1220/ual1/codes/ETEAPOT_MltTurn/src/ETEAPOT_MltTurn/Integrator/S:1:325: warning: deprecated conversion from string constant to ‘char*’ [-Wwrite-strings]
/home/ualusr2011/ual1220/ual1/codes/ETEAPOT_MltTurn/src/ETEAPOT_MltTurn/Integrator/S:1:325: warning: deprecated conversion from string constant to ‘char*’ [-Wwrite-strings]
/home/ualusr2011/ual1220/ual1/codes/ETEAPOT_MltTurn/src/ETEAPOT_MltTurn/Integrator/S:1:325: warning: deprecated conversion from string constant to ‘char*’ [-Wwrite-strings]
/home/ualusr2011/ual1220/ual1/codes/ETEAPOT_MltTurn/src/ETEAPOT_MltTurn/Integrator/S:1:325: warning: deprecated conversion from string constant to ‘char*’ [-Wwrite-strings]
/home/ualusr2011/ual1220/ual1/codes/ETEAPOT_MltTurn/src/ETEAPOT_MltTurn/Integrator/S:1:325: warning: deprecated conversion from string constant to ‘char*’ [-Wwrite-strings]
/home/ualusr2011/ual1220/ual1/codes/ETEAPOT_MltTurn/src/ETEAPOT_MltTurn/Integrator/S:1:325: warning: deprecated conversion from string constant to ‘char*’ [-Wwrite-strings]
/home/ualusr2011/ual1220/ual1/codes/ETEAPOT_MltTurn/src/ETEAPOT_MltTurn/Integrator/S:1:325: warning: deprecated conversion from string constant to ‘char*’ [-Wwrite-strings]
/home/ualusr2011/ual1220/ual1/codes/ETEAPOT_MltTurn/src/ETEAPOT_MltTurn/Integrator/S:1:325: warning: deprecated conversion from string constant to ‘char*’ [-Wwrite-strings]
/home/ualusr2011/ual1220/ual1/codes/ETEAPOT_MltTurn/src/ETEAPOT_MltTurn/Integrator/S:1:325: warning: deprecated conversion from string constant to ‘char*’ [-Wwrite-strings]
/home/ualusr2011/ual1220/ual1/codes/ETEAPOT_MltTurn/src/ETEAPOT_MltTurn/Integrator/S:1:325: warning: deprecated conversion from string constant to ‘char*’ [-Wwrite-strings]
/home/ualusr2011/ual1220/ual1/codes/ETEAPOT_MltTurn/src/ETEAPOT_MltTurn/Integrator/S:1:325: warning: deprecated conversion from string constant to ‘char*’ [-Wwrite-strings]
/home/ualusr2011/ual1220/ual1/codes/ETEAPOT_MltTurn/src/ETEAPOT_MltTurn/Integrator/S:1:325: warning: deprecated conversion from string constant to ‘char*’ [-Wwrite-strings]
/home/ualusr2011/ual1220/ual1/codes/ETEAPOT_MltTurn/src/ETEAPOT_MltTurn/Integrator/S:1:325: warning: deprecated conversion from string constant to ‘char*’ [-Wwrite-strings]
/home/ualusr2011/ual1220/ual1/codes/ETEAPOT_MltTurn/src/ETEAPOT_MltTurn/Integrator/S:1:325: warning: deprecated conversion from string constant to ‘char*’ [-Wwrite-strings]
/home/ualusr2011/ual1220/ual1/codes/ETEAPOT_MltTurn/src/ETEAPOT_MltTurn/Integrator/S:1:325: warning: deprecated conversion from string constant to ‘char*’ [-Wwrite-strings]
/home/ualusr2011/ual1220/ual1/codes/ETEAPOT_MltTurn/src/ETEAPOT_MltTurn/Integrator/S:1:325: warning: deprecated conversion from string constant to ‘char*’ [-Wwrite-strings]
/home/ualusr2011/ual1220/ual1/codes/ETEAPOT_MltTurn/src/ETEAPOT_MltTurn/Integrator/S:1:325: warning: deprecated conversion from string constant to ‘char*’ [-Wwrite-strings]
/home/ualusr2011/ual1220/ual1/codes/ETEAPOT_MltTurn/src/ETEAPOT_MltTurn/Integrator/S:1:325: warning: deprecated conversion from string constant to ‘char*’ [-Wwrite-strings]
/home/ualusr2011/ual1220/ual1/codes/ETEAPOT_MltTurn/src/ETEAPOT_MltTurn/Integrator/S:1:325: warning: deprecated conversion from string constant to ‘char*’ [-Wwrite-strings]
/home/ualusr2011/ual1220/ual1/codes/ETEAPOT_MltTurn/src/ETEAPOT_MltTurn/Integrator/S:1:325: warning: deprecated conversion from string constant to ‘char*’ [-Wwrite-strings]
/home/ualusr2011/ual1220/ual1/codes/ETEAPOT_MltTurn/src/ETEAPOT_MltTurn/Integrator/S:1:325: warning: deprecated conversion from string constant to ‘char*’ [-Wwrite-strings]
/home/ualusr2011/ual1220/ual1/codes/ETEAPOT_MltTurn/src/ETEAPOT_MltTurn/Integrator/S:1:325: warning: deprecated conversion from string constant to ‘char*’ [-Wwrite-strings]
/home/ualusr2011/ual1220/ual1/codes/ETEAPOT_MltTurn/src/ETEAPOT_MltTurn/Integrator/S:1:325: warning: deprecated conversion from string constant to ‘char*’ [-Wwrite-strings]
/home/ualusr2011/ual1220/ual1/codes/ETEAPOT_MltTurn/src/ETEAPOT_MltTurn/Integrator/S:1:325: warning: deprecated conversion from string constant to ‘char*’ [-Wwrite-strings]
/home/ualusr2011/ual1220/ual1/codes/ETEAPOT_MltTurn/src/ETEAPOT_MltTurn/Integrator/S:1:325: warning: deprecated conversion from string constant to ‘char*’ [-Wwrite-strings]
/home/ualusr2011/ual1220/ual1/codes/ETEAPOT_MltTurn/src/ETEAPOT_MltTurn/Integrator/S:1:325: warning: deprecated conversion from string constant to ‘char*’ [-Wwrite-strings]
/home/ualusr2011/ual1220/ual1/codes/ETEAPOT_MltTurn/src/ETEAPOT_MltTurn/Integrator/S:1:325: warning: deprecated conversion from string constant to ‘char*’ [-Wwrite-strings]
/home/ualusr2011/ual1220/ual1/codes/ETEAPOT_MltTurn/src/ETEAPOT_MltTurn/Integrator/S:1:325: warning: deprecated conversion from string constant to ‘char*’ [-Wwrite-strings]
/home/ualusr2011/ual1220/ual1/codes/ETEAPOT_MltTurn/src/ETEAPOT_MltTurn/Integrator/S:1:325: warning: deprecated conversion from string constant to ‘char*’ [-Wwrite-strings]
/home/ualusr2011/ual1220/ual1/codes/ETEAPOT_MltTurn/src/ETEAPOT_MltTurn/Integrator/S:1:325: warning: deprecated conversion from string constant to ‘char*’ [-Wwrite-strings]
In file included from /home/ualusr2011/ual1220/ual1/codes/ETEAPOT_MltTurn/src/ETEAPOT_MltTurn/Integrator/MltAlgorithm.hh:57:0,
                 from /home/ualusr2011/ual1220/ual1/codes/ETEAPOT_MltTurn/src/ETEAPOT_MltTurn/Integrator/MltTracker.hh:10,
                 from MltTracker.cc:6:
/home/ualusr2011/ual1220/ual1/codes/ETEAPOT_MltTurn/src/ETEAPOT_MltTurn/Integrator/MltAlgorithm.icc:192:11: warning: unused variable ‘data’ [-Wunused-variable]
   double* data = mult->data();
           ^
In file included from /home/ualusr2011/ual1220/ual1/codes/ETEAPOT_MltTurn/src/ETEAPOT_MltTurn/Integrator/MltAlgorithm.icc:230:0,
                 from /home/ualusr2011/ual1220/ual1/codes/ETEAPOT_MltTurn/src/ETEAPOT_MltTurn/Integrator/MltAlgorithm.hh:57,
                 from /home/ualusr2011/ual1220/ual1/codes/ETEAPOT_MltTurn/src/ETEAPOT_MltTurn/Integrator/MltTracker.hh:10,
                 from MltTracker.cc:6:
/home/ualusr2011/ual1220/ual1/codes/ETEAPOT_MltTurn/src/ETEAPOT_MltTurn/Integrator/S:1:8: warning: unused variable ‘S’ [-Wunused-variable]
 char * S[41] = {"ZERO  ","ONE   ","TWO   ","THREE ","FOUR  ","FIVE  ","SIX   ","SEVEN ","EIGHT ","NINE  ","TEN   ","ELEVEN","TWELVE","THIRTN","FORTN ","FIFTN ","SIKTN ","SEVNTN","EGHTN ","NNETN ","TWENTY","21S","22S","23S","24S","25S","26S","27S","28S","29S","30S","31S","32S","33S","34S","35S","36S","37S","38S","39S","40S"};
        ^
g++                                     -g -fpic  -O0 -fno-inline -Wall  -Wno-deprecated       -I/home/ualusr2011/ual1220/ual1/codes/ETEAPOT_MltTurn/src -I/home/ualusr2011/ual1220/ual1/codes/PAC/src  -I/home/ualusr2011/ual1220/ual1/codes/UAL/include -I/home/ualusr2011/ual1220/ual1/codes/ZLIB/src -I/home/ualusr2011/ual1220/ual1/ext/UI/src -I/home/ualusr2011/ual1220/ual1/codes/TEAPOT/src -I/home/ualusr2011/ual1220/ual1/ext/SXF/src -I/home/ualusr2011/ual1220/ual1/codes/SIMBAD/src -I/home/ualusr2011/ual1220/ual1/tools/sxf/src -I/home/ualusr2011/ual1220/ual1/tools/include -I/home/ualusr2011/ual1220/ual1/ext/ADXF/src -I/home/ualusr2011/ual1220/ual1/codes/ETEAPOT/src -I/home/ualusr2011/ual1220/ual1/codes/PAC/include/ -c RFCavityTracker.cc -o /home/ualusr2011/ual1220/ual1/codes/ETEAPOT_MltTurn/lib/linux/obj/RFCavityTracker.o;
In file included from /home/ualusr2011/ual1220/ual1/codes/ETEAPOT_MltTurn/src/ETEAPOT_MltTurn/Integrator/reference.inline:189:0,
                 from /home/ualusr2011/ual1220/ual1/codes/ETEAPOT_MltTurn/src/ETEAPOT_MltTurn/Integrator/DipoleAlgorithm.icc:189,
                 from /home/ualusr2011/ual1220/ual1/codes/ETEAPOT_MltTurn/src/ETEAPOT_MltTurn/Integrator/DipoleAlgorithm.hh:253,
                 from /home/ualusr2011/ual1220/ual1/codes/ETEAPOT_MltTurn/src/ETEAPOT_MltTurn/Integrator/DipoleTracker.hh:14,
                 from RFCavityTracker.cc:9:
/home/ualusr2011/ual1220/ual1/codes/ETEAPOT_MltTurn/src/ETEAPOT_MltTurn/Integrator/rotate.insert:1:0: warning: "PI" redefined [enabled by default]
 #define PI 3.141592653589793
 ^
In file included from /home/ualusr2011/ual1220/ual1/codes/PAC/src/Survey/PacSurvey.h:13:0,
                 from /home/ualusr2011/ual1220/ual1/codes/PAC/src/Survey/PacSurveyData.h:13,
                 from /home/ualusr2011/ual1220/ual1/codes/ETEAPOT/src/ETEAPOT/Integrator/DipoleData.hh:11,
                 from /home/ualusr2011/ual1220/ual1/codes/ETEAPOT_MltTurn/src/ETEAPOT_MltTurn/Integrator/DipoleTracker.hh:9,
                 from RFCavityTracker.cc:9:
/home/ualusr2011/ual1220/ual1/codes/PAC/src/Survey/PacSurveyDef.h:18:0: note: this is the location of the previous definition
 #define PI   3.1415926535898
 ^
In file included from /home/ualusr2011/ual1220/ual1/codes/UAL/include/UAL/APF/PropagatorFactory.hh:10:0,
                 from RFCavityTracker.cc:4:
/home/ualusr2011/ual1220/ual1/codes/UAL/include/UAL/APF/PropagatorNodePtr.hh: In destructor ‘virtual UAL::PropagatorNodePtr::CountHolder::~CountHolder()’:
/home/ualusr2011/ual1220/ual1/codes/UAL/include/UAL/APF/PropagatorNodePtr.hh:50:31: warning: deleting object of abstract class type ‘UAL::PropagatorNode’ which has non-virtual destructor will cause undefined behaviour [-Wdelete-non-virtual-dtor]
       ~CountHolder() { delete m_pointee; }
                               ^
In file included from /home/ualusr2011/ual1220/ual1/codes/PAC/src/Templates/PacOrderedList.h:6:0,
                 from /home/ualusr2011/ual1220/ual1/codes/PAC/src/SMF/PacElemAttributes.h:12,
                 from /home/ualusr2011/ual1220/ual1/codes/PAC/src/SMF/PacElemPart.h:10,
                 from /home/ualusr2011/ual1220/ual1/codes/PAC/src/SMF/PacGenElement.h:16,
                 from /home/ualusr2011/ual1220/ual1/codes/PAC/src/SMF/PacLine.h:12,
                 from /home/ualusr2011/ual1220/ual1/codes/PAC/src/SMF/PacLattice.h:14,
                 from RFCavityTracker.cc:6:
/home/ualusr2011/ual1220/ual1/codes/PAC/src/Templates/PacRbTree.h: In member function ‘std::pair<std::_Rb_tree_iterator<_Val>, bool> PacRbTree<_Key, _Value, _KeyOfValue, _Compare, _Alloc>::insert_unique(const _Val&)’:
/home/ualusr2011/ual1220/ual1/codes/PAC/src/Templates/PacRbTree.h:76:10: warning: suggest explicit braces to avoid ambiguous ‘else’ [-Wparentheses]
       if (__comp)
          ^
In file included from /home/ualusr2011/ual1220/ual1/codes/ETEAPOT_MltTurn/src/ETEAPOT_MltTurn/Integrator/DipoleAlgorithm.hh:204:0,
                 from /home/ualusr2011/ual1220/ual1/codes/ETEAPOT_MltTurn/src/ETEAPOT_MltTurn/Integrator/DipoleTracker.hh:14,
                 from RFCavityTracker.cc:9:
/home/ualusr2011/ual1220/ual1/codes/ETEAPOT/src/ETEAPOT/Integrator/timeViaHyperbolic: In member function ‘double DipoleAlgorithm<Coordinate, Coordinates>::t3h(double)’:
/home/ualusr2011/ual1220/ual1/codes/ETEAPOT/src/ETEAPOT/Integrator/timeViaHyperbolic:46:1: warning: no return statement in function returning non-void [-Wreturn-type]
 }
 ^
In file included from /home/ualusr2011/ual1220/ual1/codes/ETEAPOT_MltTurn/src/ETEAPOT_MltTurn/Integrator/DipoleAlgorithm.icc:3:0,
                 from /home/ualusr2011/ual1220/ual1/codes/ETEAPOT_MltTurn/src/ETEAPOT_MltTurn/Integrator/DipoleAlgorithm.hh:253,
                 from /home/ualusr2011/ual1220/ual1/codes/ETEAPOT_MltTurn/src/ETEAPOT_MltTurn/Integrator/DipoleTracker.hh:14,
                 from RFCavityTracker.cc:9:
/home/ualusr2011/ual1220/ual1/codes/ETEAPOT_MltTurn/src/ETEAPOT_MltTurn/Integrator/MarkerTracker.hh: In static member function ‘static void ETEAPOT_MltTurn::MarkerTracker::initialize()’:
/home/ualusr2011/ual1220/ual1/codes/ETEAPOT_MltTurn/src/ETEAPOT_MltTurn/Integrator/MarkerTracker.hh:67:206: warning: deprecated conversion from string constant to ‘char*’ [-Wwrite-strings]
  char * S[21] = {"ZERO  ","ONE   ","TWO   ","THREE ","FOUR  ","FIVE  ","SIX   ","SEVEN ","EIGHT ","NINE  ","TEN   ","ELEVEN","TWELVE","THIRTN","FORTN ","FIFTN ","SIKTN ","SEVNTN","EGHTN ","NNETN ","TWENTY"};
                                                                                                                                                                                                              ^
/home/ualusr2011/ual1220/ual1/codes/ETEAPOT_MltTurn/src/ETEAPOT_MltTurn/Integrator/MarkerTracker.hh:67:206: warning: deprecated conversion from string constant to ‘char*’ [-Wwrite-strings]
/home/ualusr2011/ual1220/ual1/codes/ETEAPOT_MltTurn/src/ETEAPOT_MltTurn/Integrator/MarkerTracker.hh:67:206: warning: deprecated conversion from string constant to ‘char*’ [-Wwrite-strings]
/home/ualusr2011/ual1220/ual1/codes/ETEAPOT_MltTurn/src/ETEAPOT_MltTurn/Integrator/MarkerTracker.hh:67:206: warning: deprecated conversion from string constant to ‘char*’ [-Wwrite-strings]
/home/ualusr2011/ual1220/ual1/codes/ETEAPOT_MltTurn/src/ETEAPOT_MltTurn/Integrator/MarkerTracker.hh:67:206: warning: deprecated conversion from string constant to ‘char*’ [-Wwrite-strings]
/home/ualusr2011/ual1220/ual1/codes/ETEAPOT_MltTurn/src/ETEAPOT_MltTurn/Integrator/MarkerTracker.hh:67:206: warning: deprecated conversion from string constant to ‘char*’ [-Wwrite-strings]
/home/ualusr2011/ual1220/ual1/codes/ETEAPOT_MltTurn/src/ETEAPOT_MltTurn/Integrator/MarkerTracker.hh:67:206: warning: deprecated conversion from string constant to ‘char*’ [-Wwrite-strings]
/home/ualusr2011/ual1220/ual1/codes/ETEAPOT_MltTurn/src/ETEAPOT_MltTurn/Integrator/MarkerTracker.hh:67:206: warning: deprecated conversion from string constant to ‘char*’ [-Wwrite-strings]
/home/ualusr2011/ual1220/ual1/codes/ETEAPOT_MltTurn/src/ETEAPOT_MltTurn/Integrator/MarkerTracker.hh:67:206: warning: deprecated conversion from string constant to ‘char*’ [-Wwrite-strings]
/home/ualusr2011/ual1220/ual1/codes/ETEAPOT_MltTurn/src/ETEAPOT_MltTurn/Integrator/MarkerTracker.hh:67:206: warning: deprecated conversion from string constant to ‘char*’ [-Wwrite-strings]
/home/ualusr2011/ual1220/ual1/codes/ETEAPOT_MltTurn/src/ETEAPOT_MltTurn/Integrator/MarkerTracker.hh:67:206: warning: deprecated conversion from string constant to ‘char*’ [-Wwrite-strings]
/home/ualusr2011/ual1220/ual1/codes/ETEAPOT_MltTurn/src/ETEAPOT_MltTurn/Integrator/MarkerTracker.hh:67:206: warning: deprecated conversion from string constant to ‘char*’ [-Wwrite-strings]
/home/ualusr2011/ual1220/ual1/codes/ETEAPOT_MltTurn/src/ETEAPOT_MltTurn/Integrator/MarkerTracker.hh:67:206: warning: deprecated conversion from string constant to ‘char*’ [-Wwrite-strings]
/home/ualusr2011/ual1220/ual1/codes/ETEAPOT_MltTurn/src/ETEAPOT_MltTurn/Integrator/MarkerTracker.hh:67:206: warning: deprecated conversion from string constant to ‘char*’ [-Wwrite-strings]
/home/ualusr2011/ual1220/ual1/codes/ETEAPOT_MltTurn/src/ETEAPOT_MltTurn/Integrator/MarkerTracker.hh:67:206: warning: deprecated conversion from string constant to ‘char*’ [-Wwrite-strings]
/home/ualusr2011/ual1220/ual1/codes/ETEAPOT_MltTurn/src/ETEAPOT_MltTurn/Integrator/MarkerTracker.hh:67:206: warning: deprecated conversion from string constant to ‘char*’ [-Wwrite-strings]
/home/ualusr2011/ual1220/ual1/codes/ETEAPOT_MltTurn/src/ETEAPOT_MltTurn/Integrator/MarkerTracker.hh:67:206: warning: deprecated conversion from string constant to ‘char*’ [-Wwrite-strings]
/home/ualusr2011/ual1220/ual1/codes/ETEAPOT_MltTurn/src/ETEAPOT_MltTurn/Integrator/MarkerTracker.hh:67:206: warning: deprecated conversion from string constant to ‘char*’ [-Wwrite-strings]
/home/ualusr2011/ual1220/ual1/codes/ETEAPOT_MltTurn/src/ETEAPOT_MltTurn/Integrator/MarkerTracker.hh:67:206: warning: deprecated conversion from string constant to ‘char*’ [-Wwrite-strings]
/home/ualusr2011/ual1220/ual1/codes/ETEAPOT_MltTurn/src/ETEAPOT_MltTurn/Integrator/MarkerTracker.hh:67:206: warning: deprecated conversion from string constant to ‘char*’ [-Wwrite-strings]
/home/ualusr2011/ual1220/ual1/codes/ETEAPOT_MltTurn/src/ETEAPOT_MltTurn/Integrator/MarkerTracker.hh:67:206: warning: deprecated conversion from string constant to ‘char*’ [-Wwrite-strings]
/home/ualusr2011/ual1220/ual1/codes/ETEAPOT_MltTurn/src/ETEAPOT_MltTurn/Integrator/MarkerTracker.hh:67:9: warning: unused variable ‘S’ [-Wunused-variable]
  char * S[21] = {"ZERO  ","ONE   ","TWO   ","THREE ","FOUR  ","FIVE  ","SIX   ","SEVEN ","EIGHT ","NINE  ","TEN   ","ELEVEN","TWELVE","THIRTN","FORTN ","FIFTN ","SIKTN ","SEVNTN","EGHTN ","NNETN ","TWENTY"};
         ^
In file included from /home/ualusr2011/ual1220/ual1/codes/ETEAPOT_MltTurn/src/ETEAPOT_MltTurn/Integrator/MltTracker.hh:53:0,
                 from /home/ualusr2011/ual1220/ual1/codes/ETEAPOT_MltTurn/src/ETEAPOT_MltTurn/Integrator/DipoleAlgorithm.icc:4,
                 from /home/ualusr2011/ual1220/ual1/codes/ETEAPOT_MltTurn/src/ETEAPOT_MltTurn/Integrator/DipoleAlgorithm.hh:253,
                 from /home/ualusr2011/ual1220/ual1/codes/ETEAPOT_MltTurn/src/ETEAPOT_MltTurn/Integrator/DipoleTracker.hh:14,
                 from RFCavityTracker.cc:9:
/home/ualusr2011/ual1220/ual1/codes/ETEAPOT_MltTurn/src/ETEAPOT_MltTurn/Integrator/S: In static member function ‘static void ETEAPOT_MltTurn::MltTracker::initialize()’:
/home/ualusr2011/ual1220/ual1/codes/ETEAPOT_MltTurn/src/ETEAPOT_MltTurn/Integrator/S:1:325: warning: deprecated conversion from string constant to ‘char*’ [-Wwrite-strings]
 char * S[41] = {"ZERO  ","ONE   ","TWO   ","THREE ","FOUR  ","FIVE  ","SIX   ","SEVEN ","EIGHT ","NINE  ","TEN   ","ELEVEN","TWELVE","THIRTN","FORTN ","FIFTN ","SIKTN ","SEVNTN","EGHTN ","NNETN ","TWENTY","21S","22S","23S","24S","25S","26S","27S","28S","29S","30S","31S","32S","33S","34S","35S","36S","37S","38S","39S","40S"};
                                                                                                                                                                                                                                                                                                                                     ^
/home/ualusr2011/ual1220/ual1/codes/ETEAPOT_MltTurn/src/ETEAPOT_MltTurn/Integrator/S:1:325: warning: deprecated conversion from string constant to ‘char*’ [-Wwrite-strings]
/home/ualusr2011/ual1220/ual1/codes/ETEAPOT_MltTurn/src/ETEAPOT_MltTurn/Integrator/S:1:325: warning: deprecated conversion from string constant to ‘char*’ [-Wwrite-strings]
/home/ualusr2011/ual1220/ual1/codes/ETEAPOT_MltTurn/src/ETEAPOT_MltTurn/Integrator/S:1:325: warning: deprecated conversion from string constant to ‘char*’ [-Wwrite-strings]
/home/ualusr2011/ual1220/ual1/codes/ETEAPOT_MltTurn/src/ETEAPOT_MltTurn/Integrator/S:1:325: warning: deprecated conversion from string constant to ‘char*’ [-Wwrite-strings]
/home/ualusr2011/ual1220/ual1/codes/ETEAPOT_MltTurn/src/ETEAPOT_MltTurn/Integrator/S:1:325: warning: deprecated conversion from string constant to ‘char*’ [-Wwrite-strings]
/home/ualusr2011/ual1220/ual1/codes/ETEAPOT_MltTurn/src/ETEAPOT_MltTurn/Integrator/S:1:325: warning: deprecated conversion from string constant to ‘char*’ [-Wwrite-strings]
/home/ualusr2011/ual1220/ual1/codes/ETEAPOT_MltTurn/src/ETEAPOT_MltTurn/Integrator/S:1:325: warning: deprecated conversion from string constant to ‘char*’ [-Wwrite-strings]
/home/ualusr2011/ual1220/ual1/codes/ETEAPOT_MltTurn/src/ETEAPOT_MltTurn/Integrator/S:1:325: warning: deprecated conversion from string constant to ‘char*’ [-Wwrite-strings]
/home/ualusr2011/ual1220/ual1/codes/ETEAPOT_MltTurn/src/ETEAPOT_MltTurn/Integrator/S:1:325: warning: deprecated conversion from string constant to ‘char*’ [-Wwrite-strings]
/home/ualusr2011/ual1220/ual1/codes/ETEAPOT_MltTurn/src/ETEAPOT_MltTurn/Integrator/S:1:325: warning: deprecated conversion from string constant to ‘char*’ [-Wwrite-strings]
/home/ualusr2011/ual1220/ual1/codes/ETEAPOT_MltTurn/src/ETEAPOT_MltTurn/Integrator/S:1:325: warning: deprecated conversion from string constant to ‘char*’ [-Wwrite-strings]
/home/ualusr2011/ual1220/ual1/codes/ETEAPOT_MltTurn/src/ETEAPOT_MltTurn/Integrator/S:1:325: warning: deprecated conversion from string constant to ‘char*’ [-Wwrite-strings]
/home/ualusr2011/ual1220/ual1/codes/ETEAPOT_MltTurn/src/ETEAPOT_MltTurn/Integrator/S:1:325: warning: deprecated conversion from string constant to ‘char*’ [-Wwrite-strings]
/home/ualusr2011/ual1220/ual1/codes/ETEAPOT_MltTurn/src/ETEAPOT_MltTurn/Integrator/S:1:325: warning: deprecated conversion from string constant to ‘char*’ [-Wwrite-strings]
/home/ualusr2011/ual1220/ual1/codes/ETEAPOT_MltTurn/src/ETEAPOT_MltTurn/Integrator/S:1:325: warning: deprecated conversion from string constant to ‘char*’ [-Wwrite-strings]
/home/ualusr2011/ual1220/ual1/codes/ETEAPOT_MltTurn/src/ETEAPOT_MltTurn/Integrator/S:1:325: warning: deprecated conversion from string constant to ‘char*’ [-Wwrite-strings]
/home/ualusr2011/ual1220/ual1/codes/ETEAPOT_MltTurn/src/ETEAPOT_MltTurn/Integrator/S:1:325: warning: deprecated conversion from string constant to ‘char*’ [-Wwrite-strings]
/home/ualusr2011/ual1220/ual1/codes/ETEAPOT_MltTurn/src/ETEAPOT_MltTurn/Integrator/S:1:325: warning: deprecated conversion from string constant to ‘char*’ [-Wwrite-strings]
/home/ualusr2011/ual1220/ual1/codes/ETEAPOT_MltTurn/src/ETEAPOT_MltTurn/Integrator/S:1:325: warning: deprecated conversion from string constant to ‘char*’ [-Wwrite-strings]
/home/ualusr2011/ual1220/ual1/codes/ETEAPOT_MltTurn/src/ETEAPOT_MltTurn/Integrator/S:1:325: warning: deprecated conversion from string constant to ‘char*’ [-Wwrite-strings]
/home/ualusr2011/ual1220/ual1/codes/ETEAPOT_MltTurn/src/ETEAPOT_MltTurn/Integrator/S:1:325: warning: deprecated conversion from string constant to ‘char*’ [-Wwrite-strings]
/home/ualusr2011/ual1220/ual1/codes/ETEAPOT_MltTurn/src/ETEAPOT_MltTurn/Integrator/S:1:325: warning: deprecated conversion from string constant to ‘char*’ [-Wwrite-strings]
/home/ualusr2011/ual1220/ual1/codes/ETEAPOT_MltTurn/src/ETEAPOT_MltTurn/Integrator/S:1:325: warning: deprecated conversion from string constant to ‘char*’ [-Wwrite-strings]
/home/ualusr2011/ual1220/ual1/codes/ETEAPOT_MltTurn/src/ETEAPOT_MltTurn/Integrator/S:1:325: warning: deprecated conversion from string constant to ‘char*’ [-Wwrite-strings]
/home/ualusr2011/ual1220/ual1/codes/ETEAPOT_MltTurn/src/ETEAPOT_MltTurn/Integrator/S:1:325: warning: deprecated conversion from string constant to ‘char*’ [-Wwrite-strings]
/home/ualusr2011/ual1220/ual1/codes/ETEAPOT_MltTurn/src/ETEAPOT_MltTurn/Integrator/S:1:325: warning: deprecated conversion from string constant to ‘char*’ [-Wwrite-strings]
/home/ualusr2011/ual1220/ual1/codes/ETEAPOT_MltTurn/src/ETEAPOT_MltTurn/Integrator/S:1:325: warning: deprecated conversion from string constant to ‘char*’ [-Wwrite-strings]
/home/ualusr2011/ual1220/ual1/codes/ETEAPOT_MltTurn/src/ETEAPOT_MltTurn/Integrator/S:1:325: warning: deprecated conversion from string constant to ‘char*’ [-Wwrite-strings]
/home/ualusr2011/ual1220/ual1/codes/ETEAPOT_MltTurn/src/ETEAPOT_MltTurn/Integrator/S:1:325: warning: deprecated conversion from string constant to ‘char*’ [-Wwrite-strings]
/home/ualusr2011/ual1220/ual1/codes/ETEAPOT_MltTurn/src/ETEAPOT_MltTurn/Integrator/S:1:325: warning: deprecated conversion from string constant to ‘char*’ [-Wwrite-strings]
/home/ualusr2011/ual1220/ual1/codes/ETEAPOT_MltTurn/src/ETEAPOT_MltTurn/Integrator/S:1:325: warning: deprecated conversion from string constant to ‘char*’ [-Wwrite-strings]
/home/ualusr2011/ual1220/ual1/codes/ETEAPOT_MltTurn/src/ETEAPOT_MltTurn/Integrator/S:1:325: warning: deprecated conversion from string constant to ‘char*’ [-Wwrite-strings]
/home/ualusr2011/ual1220/ual1/codes/ETEAPOT_MltTurn/src/ETEAPOT_MltTurn/Integrator/S:1:325: warning: deprecated conversion from string constant to ‘char*’ [-Wwrite-strings]
/home/ualusr2011/ual1220/ual1/codes/ETEAPOT_MltTurn/src/ETEAPOT_MltTurn/Integrator/S:1:325: warning: deprecated conversion from string constant to ‘char*’ [-Wwrite-strings]
/home/ualusr2011/ual1220/ual1/codes/ETEAPOT_MltTurn/src/ETEAPOT_MltTurn/Integrator/S:1:325: warning: deprecated conversion from string constant to ‘char*’ [-Wwrite-strings]
/home/ualusr2011/ual1220/ual1/codes/ETEAPOT_MltTurn/src/ETEAPOT_MltTurn/Integrator/S:1:325: warning: deprecated conversion from string constant to ‘char*’ [-Wwrite-strings]
/home/ualusr2011/ual1220/ual1/codes/ETEAPOT_MltTurn/src/ETEAPOT_MltTurn/Integrator/S:1:325: warning: deprecated conversion from string constant to ‘char*’ [-Wwrite-strings]
/home/ualusr2011/ual1220/ual1/codes/ETEAPOT_MltTurn/src/ETEAPOT_MltTurn/Integrator/S:1:325: warning: deprecated conversion from string constant to ‘char*’ [-Wwrite-strings]
/home/ualusr2011/ual1220/ual1/codes/ETEAPOT_MltTurn/src/ETEAPOT_MltTurn/Integrator/S:1:325: warning: deprecated conversion from string constant to ‘char*’ [-Wwrite-strings]
/home/ualusr2011/ual1220/ual1/codes/ETEAPOT_MltTurn/src/ETEAPOT_MltTurn/Integrator/S:1:325: warning: deprecated conversion from string constant to ‘char*’ [-Wwrite-strings]
/home/ualusr2011/ual1220/ual1/codes/ETEAPOT_MltTurn/src/ETEAPOT_MltTurn/Integrator/S:1:8: warning: unused variable ‘S’ [-Wunused-variable]
 char * S[41] = {"ZERO  ","ONE   ","TWO   ","THREE ","FOUR  ","FIVE  ","SIX   ","SEVEN ","EIGHT ","NINE  ","TEN   ","ELEVEN","TWELVE","THIRTN","FORTN ","FIFTN ","SIKTN ","SEVNTN","EGHTN ","NNETN ","TWENTY","21S","22S","23S","24S","25S","26S","27S","28S","29S","30S","31S","32S","33S","34S","35S","36S","37S","38S","39S","40S"};
        ^
In file included from RFCavityTracker.cc:9:0:
/home/ualusr2011/ual1220/ual1/codes/ETEAPOT_MltTurn/src/ETEAPOT_MltTurn/Integrator/DipoleTracker.hh: In static member function ‘static void ETEAPOT_MltTurn::DipoleTracker::initialize()’:
/home/ualusr2011/ual1220/ual1/codes/ETEAPOT_MltTurn/src/ETEAPOT_MltTurn/Integrator/DipoleTracker.hh:62:210: warning: deprecated conversion from string constant to ‘char*’ [-Wwrite-strings]
      char * S[41] = {"ZERO  ","ONE   ","TWO   ","THREE ","FOUR  ","FIVE  ","SIX   ","SEVEN ","EIGHT ","NINE  ","TEN   ","ELEVEN","TWELVE","THIRTN","FORTN ","FIFTN ","SIKTN ","SEVNTN","EGHTN ","NNETN ","TWENTY"};
                                                                                                                                                                                                                  ^
/home/ualusr2011/ual1220/ual1/codes/ETEAPOT_MltTurn/src/ETEAPOT_MltTurn/Integrator/DipoleTracker.hh:62:210: warning: deprecated conversion from string constant to ‘char*’ [-Wwrite-strings]
/home/ualusr2011/ual1220/ual1/codes/ETEAPOT_MltTurn/src/ETEAPOT_MltTurn/Integrator/DipoleTracker.hh:62:210: warning: deprecated conversion from string constant to ‘char*’ [-Wwrite-strings]
/home/ualusr2011/ual1220/ual1/codes/ETEAPOT_MltTurn/src/ETEAPOT_MltTurn/Integrator/DipoleTracker.hh:62:210: warning: deprecated conversion from string constant to ‘char*’ [-Wwrite-strings]
/home/ualusr2011/ual1220/ual1/codes/ETEAPOT_MltTurn/src/ETEAPOT_MltTurn/Integrator/DipoleTracker.hh:62:210: warning: deprecated conversion from string constant to ‘char*’ [-Wwrite-strings]
/home/ualusr2011/ual1220/ual1/codes/ETEAPOT_MltTurn/src/ETEAPOT_MltTurn/Integrator/DipoleTracker.hh:62:210: warning: deprecated conversion from string constant to ‘char*’ [-Wwrite-strings]
/home/ualusr2011/ual1220/ual1/codes/ETEAPOT_MltTurn/src/ETEAPOT_MltTurn/Integrator/DipoleTracker.hh:62:210: warning: deprecated conversion from string constant to ‘char*’ [-Wwrite-strings]
/home/ualusr2011/ual1220/ual1/codes/ETEAPOT_MltTurn/src/ETEAPOT_MltTurn/Integrator/DipoleTracker.hh:62:210: warning: deprecated conversion from string constant to ‘char*’ [-Wwrite-strings]
/home/ualusr2011/ual1220/ual1/codes/ETEAPOT_MltTurn/src/ETEAPOT_MltTurn/Integrator/DipoleTracker.hh:62:210: warning: deprecated conversion from string constant to ‘char*’ [-Wwrite-strings]
/home/ualusr2011/ual1220/ual1/codes/ETEAPOT_MltTurn/src/ETEAPOT_MltTurn/Integrator/DipoleTracker.hh:62:210: warning: deprecated conversion from string constant to ‘char*’ [-Wwrite-strings]
/home/ualusr2011/ual1220/ual1/codes/ETEAPOT_MltTurn/src/ETEAPOT_MltTurn/Integrator/DipoleTracker.hh:62:210: warning: deprecated conversion from string constant to ‘char*’ [-Wwrite-strings]
/home/ualusr2011/ual1220/ual1/codes/ETEAPOT_MltTurn/src/ETEAPOT_MltTurn/Integrator/DipoleTracker.hh:62:210: warning: deprecated conversion from string constant to ‘char*’ [-Wwrite-strings]
/home/ualusr2011/ual1220/ual1/codes/ETEAPOT_MltTurn/src/ETEAPOT_MltTurn/Integrator/DipoleTracker.hh:62:210: warning: deprecated conversion from string constant to ‘char*’ [-Wwrite-strings]
/home/ualusr2011/ual1220/ual1/codes/ETEAPOT_MltTurn/src/ETEAPOT_MltTurn/Integrator/DipoleTracker.hh:62:210: warning: deprecated conversion from string constant to ‘char*’ [-Wwrite-strings]
/home/ualusr2011/ual1220/ual1/codes/ETEAPOT_MltTurn/src/ETEAPOT_MltTurn/Integrator/DipoleTracker.hh:62:210: warning: deprecated conversion from string constant to ‘char*’ [-Wwrite-strings]
/home/ualusr2011/ual1220/ual1/codes/ETEAPOT_MltTurn/src/ETEAPOT_MltTurn/Integrator/DipoleTracker.hh:62:210: warning: deprecated conversion from string constant to ‘char*’ [-Wwrite-strings]
/home/ualusr2011/ual1220/ual1/codes/ETEAPOT_MltTurn/src/ETEAPOT_MltTurn/Integrator/DipoleTracker.hh:62:210: warning: deprecated conversion from string constant to ‘char*’ [-Wwrite-strings]
/home/ualusr2011/ual1220/ual1/codes/ETEAPOT_MltTurn/src/ETEAPOT_MltTurn/Integrator/DipoleTracker.hh:62:210: warning: deprecated conversion from string constant to ‘char*’ [-Wwrite-strings]
/home/ualusr2011/ual1220/ual1/codes/ETEAPOT_MltTurn/src/ETEAPOT_MltTurn/Integrator/DipoleTracker.hh:62:210: warning: deprecated conversion from string constant to ‘char*’ [-Wwrite-strings]
/home/ualusr2011/ual1220/ual1/codes/ETEAPOT_MltTurn/src/ETEAPOT_MltTurn/Integrator/DipoleTracker.hh:62:210: warning: deprecated conversion from string constant to ‘char*’ [-Wwrite-strings]
/home/ualusr2011/ual1220/ual1/codes/ETEAPOT_MltTurn/src/ETEAPOT_MltTurn/Integrator/DipoleTracker.hh:62:210: warning: deprecated conversion from string constant to ‘char*’ [-Wwrite-strings]
In file included from RFCavityTracker.cc:9:0:
/home/ualusr2011/ual1220/ual1/codes/ETEAPOT_MltTurn/src/ETEAPOT_MltTurn/Integrator/DipoleTracker.hh:62:13: warning: unused variable ‘S’ [-Wunused-variable]
      char * S[41] = {"ZERO  ","ONE   ","TWO   ","THREE ","FOUR  ","FIVE  ","SIX   ","SEVEN ","EIGHT ","NINE  ","TEN   ","ELEVEN","TWELVE","THIRTN","FORTN ","FIFTN ","SIKTN ","SEVNTN","EGHTN ","NNETN ","TWENTY"};
             ^
RFCavityTracker.cc: In member function ‘virtual void ETEAPOT_MltTurn::RFCavityTracker::propagate(UAL::Probe&)’:
RFCavityTracker.cc:87:205: warning: deprecated conversion from string constant to ‘char*’ [-Wwrite-strings]
 char * S[21] = {"ZERO  ","ONE   ","TWO   ","THREE ","FOUR  ","FIVE  ","SIX   ","SEVEN ","EIGHT ","NINE  ","TEN   ","ELEVEN","TWELVE","THIRTN","FORTN ","FIFTN ","SIKTN ","SEVNTN","EGHTN ","NNETN ","TWENTY"};
                                                                                                                                                                                                             ^
RFCavityTracker.cc:87:205: warning: deprecated conversion from string constant to ‘char*’ [-Wwrite-strings]
RFCavityTracker.cc:87:205: warning: deprecated conversion from string constant to ‘char*’ [-Wwrite-strings]
RFCavityTracker.cc:87:205: warning: deprecated conversion from string constant to ‘char*’ [-Wwrite-strings]
RFCavityTracker.cc:87:205: warning: deprecated conversion from string constant to ‘char*’ [-Wwrite-strings]
RFCavityTracker.cc:87:205: warning: deprecated conversion from string constant to ‘char*’ [-Wwrite-strings]
RFCavityTracker.cc:87:205: warning: deprecated conversion from string constant to ‘char*’ [-Wwrite-strings]
RFCavityTracker.cc:87:205: warning: deprecated conversion from string constant to ‘char*’ [-Wwrite-strings]
RFCavityTracker.cc:87:205: warning: deprecated conversion from string constant to ‘char*’ [-Wwrite-strings]
RFCavityTracker.cc:87:205: warning: deprecated conversion from string constant to ‘char*’ [-Wwrite-strings]
RFCavityTracker.cc:87:205: warning: deprecated conversion from string constant to ‘char*’ [-Wwrite-strings]
RFCavityTracker.cc:87:205: warning: deprecated conversion from string constant to ‘char*’ [-Wwrite-strings]
RFCavityTracker.cc:87:205: warning: deprecated conversion from string constant to ‘char*’ [-Wwrite-strings]
RFCavityTracker.cc:87:205: warning: deprecated conversion from string constant to ‘char*’ [-Wwrite-strings]
RFCavityTracker.cc:87:205: warning: deprecated conversion from string constant to ‘char*’ [-Wwrite-strings]
RFCavityTracker.cc:87:205: warning: deprecated conversion from string constant to ‘char*’ [-Wwrite-strings]
RFCavityTracker.cc:87:205: warning: deprecated conversion from string constant to ‘char*’ [-Wwrite-strings]
RFCavityTracker.cc:87:205: warning: deprecated conversion from string constant to ‘char*’ [-Wwrite-strings]
RFCavityTracker.cc:87:205: warning: deprecated conversion from string constant to ‘char*’ [-Wwrite-strings]
RFCavityTracker.cc:87:205: warning: deprecated conversion from string constant to ‘char*’ [-Wwrite-strings]
RFCavityTracker.cc:87:205: warning: deprecated conversion from string constant to ‘char*’ [-Wwrite-strings]
RFCavityTracker.cc:87:8: warning: unused variable ‘S’ [-Wunused-variable]
 char * S[21] = {"ZERO  ","ONE   ","TWO   ","THREE ","FOUR  ","FIVE  ","SIX   ","SEVEN ","EIGHT ","NINE  ","TEN   ","ELEVEN","TWELVE","THIRTN","FORTN ","FIFTN ","SIKTN ","SEVNTN","EGHTN ","NNETN ","TWENTY"};
        ^
g++                                     -g -fpic  -O0 -fno-inline -Wall  -Wno-deprecated       -I/home/ualusr2011/ual1220/ual1/codes/ETEAPOT_MltTurn/src -I/home/ualusr2011/ual1220/ual1/codes/PAC/src  -I/home/ualusr2011/ual1220/ual1/codes/UAL/include -I/home/ualusr2011/ual1220/ual1/codes/ZLIB/src -I/home/ualusr2011/ual1220/ual1/ext/UI/src -I/home/ualusr2011/ual1220/ual1/codes/TEAPOT/src -I/home/ualusr2011/ual1220/ual1/ext/SXF/src -I/home/ualusr2011/ual1220/ual1/codes/SIMBAD/src -I/home/ualusr2011/ual1220/ual1/tools/sxf/src -I/home/ualusr2011/ual1220/ual1/tools/include -I/home/ualusr2011/ual1220/ual1/ext/ADXF/src -I/home/ualusr2011/ual1220/ual1/codes/ETEAPOT/src -I/home/ualusr2011/ual1220/ual1/codes/PAC/include/ -c TrackerFactory.cc -o /home/ualusr2011/ual1220/ual1/codes/ETEAPOT_MltTurn/lib/linux/obj/TrackerFactory.o;
In file included from /home/ualusr2011/ual1220/ual1/codes/ETEAPOT_MltTurn/src/ETEAPOT_MltTurn/Integrator/reference.inline:189:0,
                 from /home/ualusr2011/ual1220/ual1/codes/ETEAPOT_MltTurn/src/ETEAPOT_MltTurn/Integrator/DipoleAlgorithm.icc:189,
                 from /home/ualusr2011/ual1220/ual1/codes/ETEAPOT_MltTurn/src/ETEAPOT_MltTurn/Integrator/DipoleAlgorithm.hh:253,
                 from /home/ualusr2011/ual1220/ual1/codes/ETEAPOT_MltTurn/src/ETEAPOT_MltTurn/Integrator/DipoleTracker.hh:14,
                 from /home/ualusr2011/ual1220/ual1/codes/ETEAPOT_MltTurn/src/ETEAPOT_MltTurn/Integrator/TrackerFactory.hh:10,
                 from TrackerFactory.cc:2:
/home/ualusr2011/ual1220/ual1/codes/ETEAPOT_MltTurn/src/ETEAPOT_MltTurn/Integrator/rotate.insert:1:0: warning: "PI" redefined [enabled by default]
 #define PI 3.141592653589793
 ^
In file included from /home/ualusr2011/ual1220/ual1/codes/PAC/src/Survey/PacSurvey.h:13:0,
                 from /home/ualusr2011/ual1220/ual1/codes/PAC/src/Survey/PacSurveyData.h:13,
                 from /home/ualusr2011/ual1220/ual1/codes/ETEAPOT/src/ETEAPOT/Integrator/DipoleData.hh:11,
                 from /home/ualusr2011/ual1220/ual1/codes/ETEAPOT_MltTurn/src/ETEAPOT_MltTurn/Integrator/DipoleTracker.hh:9,
                 from /home/ualusr2011/ual1220/ual1/codes/ETEAPOT_MltTurn/src/ETEAPOT_MltTurn/Integrator/TrackerFactory.hh:10,
                 from TrackerFactory.cc:2:
/home/ualusr2011/ual1220/ual1/codes/PAC/src/Survey/PacSurveyDef.h:18:0: note: this is the location of the previous definition
 #define PI   3.1415926535898
 ^
In file included from /home/ualusr2011/ual1220/ual1/codes/UAL/include/UAL/APF/PropagatorFactory.hh:10:0,
                 from TrackerFactory.cc:1:
/home/ualusr2011/ual1220/ual1/codes/UAL/include/UAL/APF/PropagatorNodePtr.hh: In destructor ‘virtual UAL::PropagatorNodePtr::CountHolder::~CountHolder()’:
/home/ualusr2011/ual1220/ual1/codes/UAL/include/UAL/APF/PropagatorNodePtr.hh:50:31: warning: deleting object of abstract class type ‘UAL::PropagatorNode’ which has non-virtual destructor will cause undefined behaviour [-Wdelete-non-virtual-dtor]
       ~CountHolder() { delete m_pointee; }
                               ^
In file included from /home/ualusr2011/ual1220/ual1/codes/PAC/src/Templates/PacOrderedList.h:6:0,
                 from /home/ualusr2011/ual1220/ual1/codes/PAC/src/SMF/PacElemAttributes.h:12,
                 from /home/ualusr2011/ual1220/ual1/codes/PAC/src/SMF/PacElemPart.h:10,
                 from /home/ualusr2011/ual1220/ual1/codes/PAC/src/SMF/PacGenElement.h:16,
                 from /home/ualusr2011/ual1220/ual1/codes/PAC/src/SMF/PacLattElement.h:12,
                 from /home/ualusr2011/ual1220/ual1/codes/ETEAPOT/src/ETEAPOT/Integrator/BasicTracker.hh:12,
                 from /home/ualusr2011/ual1220/ual1/codes/ETEAPOT_MltTurn/src/ETEAPOT_MltTurn/Integrator/MarkerTracker.hh:8,
                 from /home/ualusr2011/ual1220/ual1/codes/ETEAPOT_MltTurn/src/ETEAPOT_MltTurn/Integrator/TrackerFactory.hh:8,
                 from TrackerFactory.cc:2:
/home/ualusr2011/ual1220/ual1/codes/PAC/src/Templates/PacRbTree.h: In member function ‘std::pair<std::_Rb_tree_iterator<_Val>, bool> PacRbTree<_Key, _Value, _KeyOfValue, _Compare, _Alloc>::insert_unique(const _Val&)’:
/home/ualusr2011/ual1220/ual1/codes/PAC/src/Templates/PacRbTree.h:76:10: warning: suggest explicit braces to avoid ambiguous ‘else’ [-Wparentheses]
       if (__comp)
          ^
In file included from /home/ualusr2011/ual1220/ual1/codes/ETEAPOT_MltTurn/src/ETEAPOT_MltTurn/Integrator/TrackerFactory.hh:8:0,
                 from TrackerFactory.cc:2:
/home/ualusr2011/ual1220/ual1/codes/ETEAPOT_MltTurn/src/ETEAPOT_MltTurn/Integrator/MarkerTracker.hh: In static member function ‘static void ETEAPOT_MltTurn::MarkerTracker::initialize()’:
/home/ualusr2011/ual1220/ual1/codes/ETEAPOT_MltTurn/src/ETEAPOT_MltTurn/Integrator/MarkerTracker.hh:67:206: warning: deprecated conversion from string constant to ‘char*’ [-Wwrite-strings]
  char * S[21] = {"ZERO  ","ONE   ","TWO   ","THREE ","FOUR  ","FIVE  ","SIX   ","SEVEN ","EIGHT ","NINE  ","TEN   ","ELEVEN","TWELVE","THIRTN","FORTN ","FIFTN ","SIKTN ","SEVNTN","EGHTN ","NNETN ","TWENTY"};
                                                                                                                                                                                                              ^
/home/ualusr2011/ual1220/ual1/codes/ETEAPOT_MltTurn/src/ETEAPOT_MltTurn/Integrator/MarkerTracker.hh:67:206: warning: deprecated conversion from string constant to ‘char*’ [-Wwrite-strings]
/home/ualusr2011/ual1220/ual1/codes/ETEAPOT_MltTurn/src/ETEAPOT_MltTurn/Integrator/MarkerTracker.hh:67:206: warning: deprecated conversion from string constant to ‘char*’ [-Wwrite-strings]
/home/ualusr2011/ual1220/ual1/codes/ETEAPOT_MltTurn/src/ETEAPOT_MltTurn/Integrator/MarkerTracker.hh:67:206: warning: deprecated conversion from string constant to ‘char*’ [-Wwrite-strings]
/home/ualusr2011/ual1220/ual1/codes/ETEAPOT_MltTurn/src/ETEAPOT_MltTurn/Integrator/MarkerTracker.hh:67:206: warning: deprecated conversion from string constant to ‘char*’ [-Wwrite-strings]
/home/ualusr2011/ual1220/ual1/codes/ETEAPOT_MltTurn/src/ETEAPOT_MltTurn/Integrator/MarkerTracker.hh:67:206: warning: deprecated conversion from string constant to ‘char*’ [-Wwrite-strings]
/home/ualusr2011/ual1220/ual1/codes/ETEAPOT_MltTurn/src/ETEAPOT_MltTurn/Integrator/MarkerTracker.hh:67:206: warning: deprecated conversion from string constant to ‘char*’ [-Wwrite-strings]
/home/ualusr2011/ual1220/ual1/codes/ETEAPOT_MltTurn/src/ETEAPOT_MltTurn/Integrator/MarkerTracker.hh:67:206: warning: deprecated conversion from string constant to ‘char*’ [-Wwrite-strings]
/home/ualusr2011/ual1220/ual1/codes/ETEAPOT_MltTurn/src/ETEAPOT_MltTurn/Integrator/MarkerTracker.hh:67:206: warning: deprecated conversion from string constant to ‘char*’ [-Wwrite-strings]
/home/ualusr2011/ual1220/ual1/codes/ETEAPOT_MltTurn/src/ETEAPOT_MltTurn/Integrator/MarkerTracker.hh:67:206: warning: deprecated conversion from string constant to ‘char*’ [-Wwrite-strings]
/home/ualusr2011/ual1220/ual1/codes/ETEAPOT_MltTurn/src/ETEAPOT_MltTurn/Integrator/MarkerTracker.hh:67:206: warning: deprecated conversion from string constant to ‘char*’ [-Wwrite-strings]
/home/ualusr2011/ual1220/ual1/codes/ETEAPOT_MltTurn/src/ETEAPOT_MltTurn/Integrator/MarkerTracker.hh:67:206: warning: deprecated conversion from string constant to ‘char*’ [-Wwrite-strings]
/home/ualusr2011/ual1220/ual1/codes/ETEAPOT_MltTurn/src/ETEAPOT_MltTurn/Integrator/MarkerTracker.hh:67:206: warning: deprecated conversion from string constant to ‘char*’ [-Wwrite-strings]
/home/ualusr2011/ual1220/ual1/codes/ETEAPOT_MltTurn/src/ETEAPOT_MltTurn/Integrator/MarkerTracker.hh:67:206: warning: deprecated conversion from string constant to ‘char*’ [-Wwrite-strings]
/home/ualusr2011/ual1220/ual1/codes/ETEAPOT_MltTurn/src/ETEAPOT_MltTurn/Integrator/MarkerTracker.hh:67:206: warning: deprecated conversion from string constant to ‘char*’ [-Wwrite-strings]
/home/ualusr2011/ual1220/ual1/codes/ETEAPOT_MltTurn/src/ETEAPOT_MltTurn/Integrator/MarkerTracker.hh:67:206: warning: deprecated conversion from string constant to ‘char*’ [-Wwrite-strings]
/home/ualusr2011/ual1220/ual1/codes/ETEAPOT_MltTurn/src/ETEAPOT_MltTurn/Integrator/MarkerTracker.hh:67:206: warning: deprecated conversion from string constant to ‘char*’ [-Wwrite-strings]
/home/ualusr2011/ual1220/ual1/codes/ETEAPOT_MltTurn/src/ETEAPOT_MltTurn/Integrator/MarkerTracker.hh:67:206: warning: deprecated conversion from string constant to ‘char*’ [-Wwrite-strings]
/home/ualusr2011/ual1220/ual1/codes/ETEAPOT_MltTurn/src/ETEAPOT_MltTurn/Integrator/MarkerTracker.hh:67:206: warning: deprecated conversion from string constant to ‘char*’ [-Wwrite-strings]
/home/ualusr2011/ual1220/ual1/codes/ETEAPOT_MltTurn/src/ETEAPOT_MltTurn/Integrator/MarkerTracker.hh:67:206: warning: deprecated conversion from string constant to ‘char*’ [-Wwrite-strings]
/home/ualusr2011/ual1220/ual1/codes/ETEAPOT_MltTurn/src/ETEAPOT_MltTurn/Integrator/MarkerTracker.hh:67:206: warning: deprecated conversion from string constant to ‘char*’ [-Wwrite-strings]
/home/ualusr2011/ual1220/ual1/codes/ETEAPOT_MltTurn/src/ETEAPOT_MltTurn/Integrator/MarkerTracker.hh:67:9: warning: unused variable ‘S’ [-Wunused-variable]
  char * S[21] = {"ZERO  ","ONE   ","TWO   ","THREE ","FOUR  ","FIVE  ","SIX   ","SEVEN ","EIGHT ","NINE  ","TEN   ","ELEVEN","TWELVE","THIRTN","FORTN ","FIFTN ","SIKTN ","SEVNTN","EGHTN ","NNETN ","TWENTY"};
         ^
In file included from /home/ualusr2011/ual1220/ual1/codes/ETEAPOT_MltTurn/src/ETEAPOT_MltTurn/Integrator/DipoleAlgorithm.hh:204:0,
                 from /home/ualusr2011/ual1220/ual1/codes/ETEAPOT_MltTurn/src/ETEAPOT_MltTurn/Integrator/DipoleTracker.hh:14,
                 from /home/ualusr2011/ual1220/ual1/codes/ETEAPOT_MltTurn/src/ETEAPOT_MltTurn/Integrator/TrackerFactory.hh:10,
                 from TrackerFactory.cc:2:
/home/ualusr2011/ual1220/ual1/codes/ETEAPOT/src/ETEAPOT/Integrator/timeViaHyperbolic: In member function ‘double DipoleAlgorithm<Coordinate, Coordinates>::t3h(double)’:
/home/ualusr2011/ual1220/ual1/codes/ETEAPOT/src/ETEAPOT/Integrator/timeViaHyperbolic:46:1: warning: no return statement in function returning non-void [-Wreturn-type]
 }
 ^
In file included from /home/ualusr2011/ual1220/ual1/codes/ETEAPOT_MltTurn/src/ETEAPOT_MltTurn/Integrator/MltTracker.hh:53:0,
                 from /home/ualusr2011/ual1220/ual1/codes/ETEAPOT_MltTurn/src/ETEAPOT_MltTurn/Integrator/DipoleAlgorithm.icc:4,
                 from /home/ualusr2011/ual1220/ual1/codes/ETEAPOT_MltTurn/src/ETEAPOT_MltTurn/Integrator/DipoleAlgorithm.hh:253,
                 from /home/ualusr2011/ual1220/ual1/codes/ETEAPOT_MltTurn/src/ETEAPOT_MltTurn/Integrator/DipoleTracker.hh:14,
                 from /home/ualusr2011/ual1220/ual1/codes/ETEAPOT_MltTurn/src/ETEAPOT_MltTurn/Integrator/TrackerFactory.hh:10,
                 from TrackerFactory.cc:2:
/home/ualusr2011/ual1220/ual1/codes/ETEAPOT_MltTurn/src/ETEAPOT_MltTurn/Integrator/S: In static member function ‘static void ETEAPOT_MltTurn::MltTracker::initialize()’:
/home/ualusr2011/ual1220/ual1/codes/ETEAPOT_MltTurn/src/ETEAPOT_MltTurn/Integrator/S:1:325: warning: deprecated conversion from string constant to ‘char*’ [-Wwrite-strings]
 char * S[41] = {"ZERO  ","ONE   ","TWO   ","THREE ","FOUR  ","FIVE  ","SIX   ","SEVEN ","EIGHT ","NINE  ","TEN   ","ELEVEN","TWELVE","THIRTN","FORTN ","FIFTN ","SIKTN ","SEVNTN","EGHTN ","NNETN ","TWENTY","21S","22S","23S","24S","25S","26S","27S","28S","29S","30S","31S","32S","33S","34S","35S","36S","37S","38S","39S","40S"};
                                                                                                                                                                                                                                                                                                                                     ^
/home/ualusr2011/ual1220/ual1/codes/ETEAPOT_MltTurn/src/ETEAPOT_MltTurn/Integrator/S:1:325: warning: deprecated conversion from string constant to ‘char*’ [-Wwrite-strings]
/home/ualusr2011/ual1220/ual1/codes/ETEAPOT_MltTurn/src/ETEAPOT_MltTurn/Integrator/S:1:325: warning: deprecated conversion from string constant to ‘char*’ [-Wwrite-strings]
/home/ualusr2011/ual1220/ual1/codes/ETEAPOT_MltTurn/src/ETEAPOT_MltTurn/Integrator/S:1:325: warning: deprecated conversion from string constant to ‘char*’ [-Wwrite-strings]
/home/ualusr2011/ual1220/ual1/codes/ETEAPOT_MltTurn/src/ETEAPOT_MltTurn/Integrator/S:1:325: warning: deprecated conversion from string constant to ‘char*’ [-Wwrite-strings]
/home/ualusr2011/ual1220/ual1/codes/ETEAPOT_MltTurn/src/ETEAPOT_MltTurn/Integrator/S:1:325: warning: deprecated conversion from string constant to ‘char*’ [-Wwrite-strings]
/home/ualusr2011/ual1220/ual1/codes/ETEAPOT_MltTurn/src/ETEAPOT_MltTurn/Integrator/S:1:325: warning: deprecated conversion from string constant to ‘char*’ [-Wwrite-strings]
/home/ualusr2011/ual1220/ual1/codes/ETEAPOT_MltTurn/src/ETEAPOT_MltTurn/Integrator/S:1:325: warning: deprecated conversion from string constant to ‘char*’ [-Wwrite-strings]
/home/ualusr2011/ual1220/ual1/codes/ETEAPOT_MltTurn/src/ETEAPOT_MltTurn/Integrator/S:1:325: warning: deprecated conversion from string constant to ‘char*’ [-Wwrite-strings]
/home/ualusr2011/ual1220/ual1/codes/ETEAPOT_MltTurn/src/ETEAPOT_MltTurn/Integrator/S:1:325: warning: deprecated conversion from string constant to ‘char*’ [-Wwrite-strings]
/home/ualusr2011/ual1220/ual1/codes/ETEAPOT_MltTurn/src/ETEAPOT_MltTurn/Integrator/S:1:325: warning: deprecated conversion from string constant to ‘char*’ [-Wwrite-strings]
/home/ualusr2011/ual1220/ual1/codes/ETEAPOT_MltTurn/src/ETEAPOT_MltTurn/Integrator/S:1:325: warning: deprecated conversion from string constant to ‘char*’ [-Wwrite-strings]
/home/ualusr2011/ual1220/ual1/codes/ETEAPOT_MltTurn/src/ETEAPOT_MltTurn/Integrator/S:1:325: warning: deprecated conversion from string constant to ‘char*’ [-Wwrite-strings]
/home/ualusr2011/ual1220/ual1/codes/ETEAPOT_MltTurn/src/ETEAPOT_MltTurn/Integrator/S:1:325: warning: deprecated conversion from string constant to ‘char*’ [-Wwrite-strings]
/home/ualusr2011/ual1220/ual1/codes/ETEAPOT_MltTurn/src/ETEAPOT_MltTurn/Integrator/S:1:325: warning: deprecated conversion from string constant to ‘char*’ [-Wwrite-strings]
/home/ualusr2011/ual1220/ual1/codes/ETEAPOT_MltTurn/src/ETEAPOT_MltTurn/Integrator/S:1:325: warning: deprecated conversion from string constant to ‘char*’ [-Wwrite-strings]
/home/ualusr2011/ual1220/ual1/codes/ETEAPOT_MltTurn/src/ETEAPOT_MltTurn/Integrator/S:1:325: warning: deprecated conversion from string constant to ‘char*’ [-Wwrite-strings]
/home/ualusr2011/ual1220/ual1/codes/ETEAPOT_MltTurn/src/ETEAPOT_MltTurn/Integrator/S:1:325: warning: deprecated conversion from string constant to ‘char*’ [-Wwrite-strings]
/home/ualusr2011/ual1220/ual1/codes/ETEAPOT_MltTurn/src/ETEAPOT_MltTurn/Integrator/S:1:325: warning: deprecated conversion from string constant to ‘char*’ [-Wwrite-strings]
/home/ualusr2011/ual1220/ual1/codes/ETEAPOT_MltTurn/src/ETEAPOT_MltTurn/Integrator/S:1:325: warning: deprecated conversion from string constant to ‘char*’ [-Wwrite-strings]
/home/ualusr2011/ual1220/ual1/codes/ETEAPOT_MltTurn/src/ETEAPOT_MltTurn/Integrator/S:1:325: warning: deprecated conversion from string constant to ‘char*’ [-Wwrite-strings]
/home/ualusr2011/ual1220/ual1/codes/ETEAPOT_MltTurn/src/ETEAPOT_MltTurn/Integrator/S:1:325: warning: deprecated conversion from string constant to ‘char*’ [-Wwrite-strings]
/home/ualusr2011/ual1220/ual1/codes/ETEAPOT_MltTurn/src/ETEAPOT_MltTurn/Integrator/S:1:325: warning: deprecated conversion from string constant to ‘char*’ [-Wwrite-strings]
/home/ualusr2011/ual1220/ual1/codes/ETEAPOT_MltTurn/src/ETEAPOT_MltTurn/Integrator/S:1:325: warning: deprecated conversion from string constant to ‘char*’ [-Wwrite-strings]
/home/ualusr2011/ual1220/ual1/codes/ETEAPOT_MltTurn/src/ETEAPOT_MltTurn/Integrator/S:1:325: warning: deprecated conversion from string constant to ‘char*’ [-Wwrite-strings]
/home/ualusr2011/ual1220/ual1/codes/ETEAPOT_MltTurn/src/ETEAPOT_MltTurn/Integrator/S:1:325: warning: deprecated conversion from string constant to ‘char*’ [-Wwrite-strings]
/home/ualusr2011/ual1220/ual1/codes/ETEAPOT_MltTurn/src/ETEAPOT_MltTurn/Integrator/S:1:325: warning: deprecated conversion from string constant to ‘char*’ [-Wwrite-strings]
/home/ualusr2011/ual1220/ual1/codes/ETEAPOT_MltTurn/src/ETEAPOT_MltTurn/Integrator/S:1:325: warning: deprecated conversion from string constant to ‘char*’ [-Wwrite-strings]
/home/ualusr2011/ual1220/ual1/codes/ETEAPOT_MltTurn/src/ETEAPOT_MltTurn/Integrator/S:1:325: warning: deprecated conversion from string constant to ‘char*’ [-Wwrite-strings]
/home/ualusr2011/ual1220/ual1/codes/ETEAPOT_MltTurn/src/ETEAPOT_MltTurn/Integrator/S:1:325: warning: deprecated conversion from string constant to ‘char*’ [-Wwrite-strings]
/home/ualusr2011/ual1220/ual1/codes/ETEAPOT_MltTurn/src/ETEAPOT_MltTurn/Integrator/S:1:325: warning: deprecated conversion from string constant to ‘char*’ [-Wwrite-strings]
/home/ualusr2011/ual1220/ual1/codes/ETEAPOT_MltTurn/src/ETEAPOT_MltTurn/Integrator/S:1:325: warning: deprecated conversion from string constant to ‘char*’ [-Wwrite-strings]
/home/ualusr2011/ual1220/ual1/codes/ETEAPOT_MltTurn/src/ETEAPOT_MltTurn/Integrator/S:1:325: warning: deprecated conversion from string constant to ‘char*’ [-Wwrite-strings]
/home/ualusr2011/ual1220/ual1/codes/ETEAPOT_MltTurn/src/ETEAPOT_MltTurn/Integrator/S:1:325: warning: deprecated conversion from string constant to ‘char*’ [-Wwrite-strings]
/home/ualusr2011/ual1220/ual1/codes/ETEAPOT_MltTurn/src/ETEAPOT_MltTurn/Integrator/S:1:325: warning: deprecated conversion from string constant to ‘char*’ [-Wwrite-strings]
/home/ualusr2011/ual1220/ual1/codes/ETEAPOT_MltTurn/src/ETEAPOT_MltTurn/Integrator/S:1:325: warning: deprecated conversion from string constant to ‘char*’ [-Wwrite-strings]
/home/ualusr2011/ual1220/ual1/codes/ETEAPOT_MltTurn/src/ETEAPOT_MltTurn/Integrator/S:1:325: warning: deprecated conversion from string constant to ‘char*’ [-Wwrite-strings]
/home/ualusr2011/ual1220/ual1/codes/ETEAPOT_MltTurn/src/ETEAPOT_MltTurn/Integrator/S:1:325: warning: deprecated conversion from string constant to ‘char*’ [-Wwrite-strings]
/home/ualusr2011/ual1220/ual1/codes/ETEAPOT_MltTurn/src/ETEAPOT_MltTurn/Integrator/S:1:325: warning: deprecated conversion from string constant to ‘char*’ [-Wwrite-strings]
/home/ualusr2011/ual1220/ual1/codes/ETEAPOT_MltTurn/src/ETEAPOT_MltTurn/Integrator/S:1:325: warning: deprecated conversion from string constant to ‘char*’ [-Wwrite-strings]
/home/ualusr2011/ual1220/ual1/codes/ETEAPOT_MltTurn/src/ETEAPOT_MltTurn/Integrator/S:1:325: warning: deprecated conversion from string constant to ‘char*’ [-Wwrite-strings]
/home/ualusr2011/ual1220/ual1/codes/ETEAPOT_MltTurn/src/ETEAPOT_MltTurn/Integrator/S:1:8: warning: unused variable ‘S’ [-Wunused-variable]
 char * S[41] = {"ZERO  ","ONE   ","TWO   ","THREE ","FOUR  ","FIVE  ","SIX   ","SEVEN ","EIGHT ","NINE  ","TEN   ","ELEVEN","TWELVE","THIRTN","FORTN ","FIFTN ","SIKTN ","SEVNTN","EGHTN ","NNETN ","TWENTY","21S","22S","23S","24S","25S","26S","27S","28S","29S","30S","31S","32S","33S","34S","35S","36S","37S","38S","39S","40S"};
        ^
In file included from /home/ualusr2011/ual1220/ual1/codes/ETEAPOT_MltTurn/src/ETEAPOT_MltTurn/Integrator/TrackerFactory.hh:10:0,
                 from TrackerFactory.cc:2:
/home/ualusr2011/ual1220/ual1/codes/ETEAPOT_MltTurn/src/ETEAPOT_MltTurn/Integrator/DipoleTracker.hh: In static member function ‘static void ETEAPOT_MltTurn::DipoleTracker::initialize()’:
/home/ualusr2011/ual1220/ual1/codes/ETEAPOT_MltTurn/src/ETEAPOT_MltTurn/Integrator/DipoleTracker.hh:62:210: warning: deprecated conversion from string constant to ‘char*’ [-Wwrite-strings]
      char * S[41] = {"ZERO  ","ONE   ","TWO   ","THREE ","FOUR  ","FIVE  ","SIX   ","SEVEN ","EIGHT ","NINE  ","TEN   ","ELEVEN","TWELVE","THIRTN","FORTN ","FIFTN ","SIKTN ","SEVNTN","EGHTN ","NNETN ","TWENTY"};
                                                                                                                                                                                                                  ^
/home/ualusr2011/ual1220/ual1/codes/ETEAPOT_MltTurn/src/ETEAPOT_MltTurn/Integrator/DipoleTracker.hh:62:210: warning: deprecated conversion from string constant to ‘char*’ [-Wwrite-strings]
/home/ualusr2011/ual1220/ual1/codes/ETEAPOT_MltTurn/src/ETEAPOT_MltTurn/Integrator/DipoleTracker.hh:62:210: warning: deprecated conversion from string constant to ‘char*’ [-Wwrite-strings]
/home/ualusr2011/ual1220/ual1/codes/ETEAPOT_MltTurn/src/ETEAPOT_MltTurn/Integrator/DipoleTracker.hh:62:210: warning: deprecated conversion from string constant to ‘char*’ [-Wwrite-strings]
/home/ualusr2011/ual1220/ual1/codes/ETEAPOT_MltTurn/src/ETEAPOT_MltTurn/Integrator/DipoleTracker.hh:62:210: warning: deprecated conversion from string constant to ‘char*’ [-Wwrite-strings]
/home/ualusr2011/ual1220/ual1/codes/ETEAPOT_MltTurn/src/ETEAPOT_MltTurn/Integrator/DipoleTracker.hh:62:210: warning: deprecated conversion from string constant to ‘char*’ [-Wwrite-strings]
/home/ualusr2011/ual1220/ual1/codes/ETEAPOT_MltTurn/src/ETEAPOT_MltTurn/Integrator/DipoleTracker.hh:62:210: warning: deprecated conversion from string constant to ‘char*’ [-Wwrite-strings]
/home/ualusr2011/ual1220/ual1/codes/ETEAPOT_MltTurn/src/ETEAPOT_MltTurn/Integrator/DipoleTracker.hh:62:210: warning: deprecated conversion from string constant to ‘char*’ [-Wwrite-strings]
/home/ualusr2011/ual1220/ual1/codes/ETEAPOT_MltTurn/src/ETEAPOT_MltTurn/Integrator/DipoleTracker.hh:62:210: warning: deprecated conversion from string constant to ‘char*’ [-Wwrite-strings]
/home/ualusr2011/ual1220/ual1/codes/ETEAPOT_MltTurn/src/ETEAPOT_MltTurn/Integrator/DipoleTracker.hh:62:210: warning: deprecated conversion from string constant to ‘char*’ [-Wwrite-strings]
/home/ualusr2011/ual1220/ual1/codes/ETEAPOT_MltTurn/src/ETEAPOT_MltTurn/Integrator/DipoleTracker.hh:62:210: warning: deprecated conversion from string constant to ‘char*’ [-Wwrite-strings]
/home/ualusr2011/ual1220/ual1/codes/ETEAPOT_MltTurn/src/ETEAPOT_MltTurn/Integrator/DipoleTracker.hh:62:210: warning: deprecated conversion from string constant to ‘char*’ [-Wwrite-strings]
/home/ualusr2011/ual1220/ual1/codes/ETEAPOT_MltTurn/src/ETEAPOT_MltTurn/Integrator/DipoleTracker.hh:62:210: warning: deprecated conversion from string constant to ‘char*’ [-Wwrite-strings]
/home/ualusr2011/ual1220/ual1/codes/ETEAPOT_MltTurn/src/ETEAPOT_MltTurn/Integrator/DipoleTracker.hh:62:210: warning: deprecated conversion from string constant to ‘char*’ [-Wwrite-strings]
/home/ualusr2011/ual1220/ual1/codes/ETEAPOT_MltTurn/src/ETEAPOT_MltTurn/Integrator/DipoleTracker.hh:62:210: warning: deprecated conversion from string constant to ‘char*’ [-Wwrite-strings]
/home/ualusr2011/ual1220/ual1/codes/ETEAPOT_MltTurn/src/ETEAPOT_MltTurn/Integrator/DipoleTracker.hh:62:210: warning: deprecated conversion from string constant to ‘char*’ [-Wwrite-strings]
/home/ualusr2011/ual1220/ual1/codes/ETEAPOT_MltTurn/src/ETEAPOT_MltTurn/Integrator/DipoleTracker.hh:62:210: warning: deprecated conversion from string constant to ‘char*’ [-Wwrite-strings]
/home/ualusr2011/ual1220/ual1/codes/ETEAPOT_MltTurn/src/ETEAPOT_MltTurn/Integrator/DipoleTracker.hh:62:210: warning: deprecated conversion from string constant to ‘char*’ [-Wwrite-strings]
/home/ualusr2011/ual1220/ual1/codes/ETEAPOT_MltTurn/src/ETEAPOT_MltTurn/Integrator/DipoleTracker.hh:62:210: warning: deprecated conversion from string constant to ‘char*’ [-Wwrite-strings]
/home/ualusr2011/ual1220/ual1/codes/ETEAPOT_MltTurn/src/ETEAPOT_MltTurn/Integrator/DipoleTracker.hh:62:210: warning: deprecated conversion from string constant to ‘char*’ [-Wwrite-strings]
/home/ualusr2011/ual1220/ual1/codes/ETEAPOT_MltTurn/src/ETEAPOT_MltTurn/Integrator/DipoleTracker.hh:62:210: warning: deprecated conversion from string constant to ‘char*’ [-Wwrite-strings]
In file included from /home/ualusr2011/ual1220/ual1/codes/ETEAPOT_MltTurn/src/ETEAPOT_MltTurn/Integrator/TrackerFactory.hh:10:0,
                 from TrackerFactory.cc:2:
/home/ualusr2011/ual1220/ual1/codes/ETEAPOT_MltTurn/src/ETEAPOT_MltTurn/Integrator/DipoleTracker.hh:62:13: warning: unused variable ‘S’ [-Wunused-variable]
      char * S[41] = {"ZERO  ","ONE   ","TWO   ","THREE ","FOUR  ","FIVE  ","SIX   ","SEVEN ","EIGHT ","NINE  ","TEN   ","ELEVEN","TWELVE","THIRTN","FORTN ","FIFTN ","SIKTN ","SEVNTN","EGHTN ","NNETN ","TWENTY"};
             ^
g++                                     -g -fpic  -O0 -fno-inline -Wall  -Wno-deprecated       -I/home/ualusr2011/ual1220/ual1/codes/ETEAPOT_MltTurn/src -I/home/ualusr2011/ual1220/ual1/codes/PAC/src  -I/home/ualusr2011/ual1220/ual1/codes/UAL/include -I/home/ualusr2011/ual1220/ual1/codes/ZLIB/src -I/home/ualusr2011/ual1220/ual1/ext/UI/src -I/home/ualusr2011/ual1220/ual1/codes/TEAPOT/src -I/home/ualusr2011/ual1220/ual1/ext/SXF/src -I/home/ualusr2011/ual1220/ual1/codes/SIMBAD/src -I/home/ualusr2011/ual1220/ual1/tools/sxf/src -I/home/ualusr2011/ual1220/ual1/tools/include -I/home/ualusr2011/ual1220/ual1/ext/ADXF/src -I/home/ualusr2011/ual1220/ual1/codes/ETEAPOT/src -I/home/ualusr2011/ual1220/ual1/codes/PAC/include/ -c Matrices.cc -o /home/ualusr2011/ual1220/ual1/codes/ETEAPOT_MltTurn/lib/linux/obj/Matrices.o;
if [ ! -d /home/ualusr2011/ual1220/ual1/codes/ETEAPOT_MltTurn/include/ETEAPOT_MltTurn/Integrator ] ; \
	then mkdir /home/ualusr2011/ual1220/ual1/codes/ETEAPOT_MltTurn/include/ETEAPOT_MltTurn/Integrator ; fi;
cp *.hh /home/ualusr2011/ual1220/ual1/codes/ETEAPOT_MltTurn/include/ETEAPOT_MltTurn/Integrator/.
make[5]: Leaving directory `/home/ualusr2011/ual1220/ual1/codes/ETEAPOT_MltTurn/src/ETEAPOT_MltTurn/Integrator'
make[4]: Leaving directory `/home/ualusr2011/ual1220/ual1/codes/ETEAPOT_MltTurn/src/ETEAPOT_MltTurn'
g++                                      -I/home/ualusr2011/ual1220/ual1/codes/ETEAPOT_MltTurn/src -I/home/ualusr2011/ual1220/ual1/codes/PAC/src  -I/home/ualusr2011/ual1220/ual1/codes/UAL/include -I/home/ualusr2011/ual1220/ual1/codes/ZLIB/src -I/home/ualusr2011/ual1220/ual1/ext/UI/src -I/home/ualusr2011/ual1220/ual1/codes/TEAPOT/src -I/home/ualusr2011/ual1220/ual1/ext/SXF/src -I/home/ualusr2011/ual1220/ual1/codes/SIMBAD/src -I/home/ualusr2011/ual1220/ual1/tools/sxf/src -I/home/ualusr2011/ual1220/ual1/tools/include -I/home/ualusr2011/ual1220/ual1/ext/ADXF/src -I/home/ualusr2011/ual1220/ual1/codes/ETEAPOT/src -o /home/ualusr2011/ual1220/ual1/codes/ETEAPOT_MltTurn/lib/linux/obj/dummy   \
	./dummy.cc /home/ualusr2011/ual1220/ual1/codes/ETEAPOT_MltTurn/lib/linux/obj/DriftTracker.o /home/ualusr2011/ual1220/ual1/codes/ETEAPOT_MltTurn/lib/linux/obj/MarkerTracker.o /home/ualusr2011/ual1220/ual1/codes/ETEAPOT_MltTurn/lib/linux/obj/DipoleTracker.o /home/ualusr2011/ual1220/ual1/codes/ETEAPOT_MltTurn/lib/linux/obj/MltTracker.o /home/ualusr2011/ual1220/ual1/codes/ETEAPOT_MltTurn/lib/linux/obj/RFCavityTracker.o /home/ualusr2011/ual1220/ual1/codes/ETEAPOT_MltTurn/lib/linux/obj/TrackerFactory.o /home/ualusr2011/ual1220/ual1/codes/ETEAPOT_MltTurn/lib/linux/obj/Matrices.o -L/home/ualusr2011/ual1220/ual1/codes/ETEAPOT/lib/linux -lETeapot -L/home/ualusr2011/ual1220/ual1/codes/PAC/lib/linux -L/home/ualusr2011/ual1220/ual1/codes/ZLIB/lib/linux -L/home/ualusr2011/ual1220/ual1/codes/UAL/lib/linux -lUal -ldl -L/home/ualusr2011/ual1220/ual1/codes/TEAPOT/lib/linux -lTeapot -L/home/ualusr2011/ual1220/ual1/codes/UAL/lib/linux -lUal -L/home/ualusr2011/ual1220/ual1/tools/lib/linux		-lgsl -lgslcblas -L/home/ualusr2011/ual1220/ual1/codes/PAC/lib/linux -lPacSMF -L/home/ualusr2011/ual1220/ual1/codes/PAC/lib/linux -lPacOptics  -L/home/ualusr2011/ual1220/ual1/codes/PAC/lib/linux -lPac  -L/home/ualusr2011/ual1220/ual1/codes/PAC/lib/linux -lPacSurvey -L/home/ualusr2011/ual1220/ual1/codes/ZLIB/lib/linux -lZTps -L/home/ualusr2011/ual1220/ual1/tools/lib/linux		-lgsl -lgslcblas
cp /dev/null /home/ualusr2011/ual1220/ual1/codes/ETEAPOT_MltTurn/lib/linux/obj/dummy
g++                                     -shared                                 -o /home/ualusr2011/ual1220/ual1/codes/ETEAPOT_MltTurn/lib/linux/libETEAPOT_MltTurn.so /home/ualusr2011/ual1220/ual1/codes/ETEAPOT_MltTurn/lib/linux/obj/DriftTracker.o /home/ualusr2011/ual1220/ual1/codes/ETEAPOT_MltTurn/lib/linux/obj/MarkerTracker.o /home/ualusr2011/ual1220/ual1/codes/ETEAPOT_MltTurn/lib/linux/obj/DipoleTracker.o /home/ualusr2011/ual1220/ual1/codes/ETEAPOT_MltTurn/lib/linux/obj/MltTracker.o /home/ualusr2011/ual1220/ual1/codes/ETEAPOT_MltTurn/lib/linux/obj/RFCavityTracker.o /home/ualusr2011/ual1220/ual1/codes/ETEAPOT_MltTurn/lib/linux/obj/TrackerFactory.o /home/ualusr2011/ual1220/ual1/codes/ETEAPOT_MltTurn/lib/linux/obj/Matrices.o -L/home/ualusr2011/ual1220/ual1/codes/ETEAPOT/lib/linux -lETeapot -L/home/ualusr2011/ual1220/ual1/codes/PAC/lib/linux -L/home/ualusr2011/ual1220/ual1/codes/ZLIB/lib/linux -L/home/ualusr2011/ual1220/ual1/codes/UAL/lib/linux -lUal -ldl -L/home/ualusr2011/ual1220/ual1/codes/TEAPOT/lib/linux -lTeapot -L/home/ualusr2011/ual1220/ual1/codes/UAL/lib/linux -lUal -L/home/ualusr2011/ual1220/ual1/tools/lib/linux		-lgsl -lgslcblas -L/home/ualusr2011/ual1220/ual1/codes/PAC/lib/linux -lPacSMF -L/home/ualusr2011/ual1220/ual1/codes/PAC/lib/linux -lPacOptics  -L/home/ualusr2011/ual1220/ual1/codes/PAC/lib/linux -lPac  -L/home/ualusr2011/ual1220/ual1/codes/PAC/lib/linux -lPacSurvey -L/home/ualusr2011/ual1220/ual1/codes/ZLIB/lib/linux -lZTps -L/home/ualusr2011/ual1220/ual1/tools/lib/linux		-lgsl -lgslcblas
make[3]: Leaving directory `/home/ualusr2011/ual1220/ual1/codes/ETEAPOT_MltTurn/src'
make[2]: Leaving directory `/home/ualusr2011/ual1220/ual1/codes/ETEAPOT_MltTurn'
make[2]: Entering directory `/home/ualusr2011/ual1220/ual1/codes/ETEAPOT2'
if [ ! -d ./lib/linux ] ; \
	then (mkdir ./lib/linux; mkdir ./lib/linux/obj; ); fi;
make[3]: Entering directory `/home/ualusr2011/ual1220/ual1/codes/ETEAPOT2/src'
if [ ! -d /home/ualusr2011/ual1220/ual1/codes/ETEAPOT2/include ] ; \
	then (mkdir /home/ualusr2011/ual1220/ual1/codes/ETEAPOT2/include;); fi;
(if [ !  -d /home/ualusr2011/ual1220/ual1/codes/ETEAPOT2/lib ]; \
	then mkdir  /home/ualusr2011/ual1220/ual1/codes/ETEAPOT2/lib; fi;)
(if [ !  -d /home/ualusr2011/ual1220/ual1/codes/ETEAPOT2/lib/linux ]; \
	then mkdir  /home/ualusr2011/ual1220/ual1/codes/ETEAPOT2/lib/linux; fi;)
(if [ !  -d /home/ualusr2011/ual1220/ual1/codes/ETEAPOT2/lib/linux/obj ]; \
	then mkdir  /home/ualusr2011/ual1220/ual1/codes/ETEAPOT2/lib/linux/obj; fi;)
make[4]: Entering directory `/home/ualusr2011/ual1220/ual1/codes/ETEAPOT2/src/ETEAPOT2'
if [ ! -d /home/ualusr2011/ual1220/ual1/codes/ETEAPOT2/include/ETEAPOT2 ] ; \
	then (mkdir /home/ualusr2011/ual1220/ual1/codes/ETEAPOT2/include/ETEAPOT2;); fi;
make[5]: Entering directory `/home/ualusr2011/ual1220/ual1/codes/ETEAPOT2/src/ETEAPOT2/Integrator'
g++                                     -g -fpic  -O0 -fno-inline -Wall  -Wno-deprecated       -I/home/ualusr2011/ual1220/ual1/codes/ETEAPOT2/src -I/home/ualusr2011/ual1220/ual1/codes/PAC/src  -I/home/ualusr2011/ual1220/ual1/codes/UAL/include -I/home/ualusr2011/ual1220/ual1/codes/ZLIB/src -I/home/ualusr2011/ual1220/ual1/ext/UI/src -I/home/ualusr2011/ual1220/ual1/codes/TEAPOT/src -I/home/ualusr2011/ual1220/ual1/ext/SXF/src -I/home/ualusr2011/ual1220/ual1/codes/SIMBAD/src -I/home/ualusr2011/ual1220/ual1/tools/sxf/src -I/home/ualusr2011/ual1220/ual1/tools/include -I/home/ualusr2011/ual1220/ual1/ext/ADXF/src -I/home/ualusr2011/ual1220/ual1/codes/ETEAPOT/src -I/home/ualusr2011/ual1220/ual1/codes/ETEAPOT_MltTurn/src -I/home/ualusr2011/ual1220/ual1/codes/PAC/include/ -c bend.cc -o /home/ualusr2011/ual1220/ual1/codes/ETEAPOT2/lib/linux/obj/bend.o;
In file included from /home/ualusr2011/ual1220/ual1/codes/PAC/src/Templates/PacOrderedList.h:6:0,
                 from /home/ualusr2011/ual1220/ual1/codes/PAC/src/SMF/PacElemAttributes.h:12,
                 from /home/ualusr2011/ual1220/ual1/codes/PAC/src/SMF/PacElemPart.h:10,
                 from /home/ualusr2011/ual1220/ual1/codes/PAC/src/SMF/PacGenElement.h:16,
                 from /home/ualusr2011/ual1220/ual1/codes/PAC/src/SMF/PacLine.h:12,
                 from /home/ualusr2011/ual1220/ual1/codes/PAC/src/SMF/PacLattice.h:14,
                 from bend.cc:9:
/home/ualusr2011/ual1220/ual1/codes/PAC/src/Templates/PacRbTree.h: In member function ‘std::pair<std::_Rb_tree_iterator<_Val>, bool> PacRbTree<_Key, _Value, _KeyOfValue, _Compare, _Alloc>::insert_unique(const _Val&)’:
/home/ualusr2011/ual1220/ual1/codes/PAC/src/Templates/PacRbTree.h:76:10: warning: suggest explicit braces to avoid ambiguous ‘else’ [-Wparentheses]
       if (__comp)
          ^
In file included from bend.cc:39:0:
/home/ualusr2011/ual1220/ual1/codes/ETEAPOT2/src/ETEAPOT2/Integrator/bendMethods/refractIn.method: In member function ‘void ETEAPOT2::bend::refractIn(int)’:
/home/ualusr2011/ual1220/ual1/codes/ETEAPOT2/src/ETEAPOT2/Integrator/bendMethods/refractIn.method:10:9: warning: unused variable ‘pcz_in_m’ [-Wunused-variable]
  double pcz_in_m   = sqrt(pczsq_in_m);
         ^
/home/ualusr2011/ual1220/ual1/codes/ETEAPOT2/src/ETEAPOT2/Integrator/bendMethods/refractIn.method:15:9: warning: unused variable ‘xp_in_m’ [-Wunused-variable]
  double xp_in_m    = p[1];
         ^
/home/ualusr2011/ual1220/ual1/codes/ETEAPOT2/src/ETEAPOT2/Integrator/bendMethods/refractIn.method:25:9: warning: unused variable ‘x_in_p’ [-Wunused-variable]
  double x_in_p     = x_in;
         ^
/home/ualusr2011/ual1220/ual1/codes/ETEAPOT2/src/ETEAPOT2/Integrator/bendMethods/refractIn.method:28:9: warning: unused variable ‘pcx_in_p’ [-Wunused-variable]
  double pcx_in_p   = p[1] * sqrt(pczsq_in_p);
         ^
/home/ualusr2011/ual1220/ual1/codes/ETEAPOT2/src/ETEAPOT2/Integrator/bendMethods/refractIn.method:31:9: warning: unused variable ‘yp_in_m’ [-Wunused-variable]
  double yp_in_m    = p[3];
         ^
/home/ualusr2011/ual1220/ual1/codes/ETEAPOT2/src/ETEAPOT2/Integrator/bendMethods/refractIn.method:32:9: warning: unused variable ‘y_in_p’ [-Wunused-variable]
  double y_in_p     = y_in;
         ^
/home/ualusr2011/ual1220/ual1/codes/ETEAPOT2/src/ETEAPOT2/Integrator/bendMethods/refractIn.method:35:9: warning: unused variable ‘pcy_in_p’ [-Wunused-variable]
  double pcy_in_p   = p[3] * sqrt(pczsq_in_p);
         ^
In file included from bend.cc:41:0:
/home/ualusr2011/ual1220/ual1/codes/ETEAPOT2/src/ETEAPOT2/Integrator/bendMethods/refractOut.method: In member function ‘void ETEAPOT2::bend::refractOut(int)’:
/home/ualusr2011/ual1220/ual1/codes/ETEAPOT2/src/ETEAPOT2/Integrator/bendMethods/refractOut.method:10:9: warning: unused variable ‘pcz_out_m’ [-Wunused-variable]
  double pcz_out_m   = sqrt(pczsq_out_m);
         ^
/home/ualusr2011/ual1220/ual1/codes/ETEAPOT2/src/ETEAPOT2/Integrator/bendMethods/refractOut.method:15:9: warning: unused variable ‘xp_out_m’ [-Wunused-variable]
  double xp_out_m    = p[1];
         ^
/home/ualusr2011/ual1220/ual1/codes/ETEAPOT2/src/ETEAPOT2/Integrator/bendMethods/refractOut.method:25:9: warning: unused variable ‘x_out_p’ [-Wunused-variable]
  double x_out_p     = x_out;
         ^
/home/ualusr2011/ual1220/ual1/codes/ETEAPOT2/src/ETEAPOT2/Integrator/bendMethods/refractOut.method:26:9: warning: unused variable ‘xp_out_p’ [-Wunused-variable]
  double xp_out_p    = pcx_out_m/sqrt(pczsq_out_p);
         ^
/home/ualusr2011/ual1220/ual1/codes/ETEAPOT2/src/ETEAPOT2/Integrator/bendMethods/refractOut.method:28:9: warning: unused variable ‘pcx_out_p’ [-Wunused-variable]
  double pcx_out_p   = p[1] * sqrt(pczsq_out_p);
         ^
/home/ualusr2011/ual1220/ual1/codes/ETEAPOT2/src/ETEAPOT2/Integrator/bendMethods/refractOut.method:31:9: warning: unused variable ‘yp_out_m’ [-Wunused-variable]
  double yp_out_m    = p[3];
         ^
/home/ualusr2011/ual1220/ual1/codes/ETEAPOT2/src/ETEAPOT2/Integrator/bendMethods/refractOut.method:32:9: warning: unused variable ‘y_out_p’ [-Wunused-variable]
  double y_out_p     = y_out;
         ^
/home/ualusr2011/ual1220/ual1/codes/ETEAPOT2/src/ETEAPOT2/Integrator/bendMethods/refractOut.method:33:9: warning: unused variable ‘yp_out_p’ [-Wunused-variable]
  double yp_out_p    = pcy_out_m/sqrt(pczsq_out_p);
         ^
/home/ualusr2011/ual1220/ual1/codes/ETEAPOT2/src/ETEAPOT2/Integrator/bendMethods/refractOut.method:35:9: warning: unused variable ‘pcy_out_p’ [-Wunused-variable]
  double pcy_out_p   = p[3] * sqrt(pczsq_out_p);
         ^
In file included from bend.cc:52:0:
/home/ualusr2011/ual1220/ual1/codes/ETEAPOT2/src/ETEAPOT2/Integrator/bendMethods/initSpin.method: In member function ‘void ETEAPOT2::bend::initSpin(int)’:
/home/ualusr2011/ual1220/ual1/codes/ETEAPOT2/src/ETEAPOT2/Integrator/bendMethods/initSpin.method:3:17: warning: unused variable ‘p’ [-Wunused-variable]
  PAC::Position& p = *pacPmy;
                 ^
In file included from bend.cc:53:0:
/home/ualusr2011/ual1220/ual1/codes/ETEAPOT2/src/ETEAPOT2/Integrator/bendMethods/updateSpin.method: In member function ‘void ETEAPOT2::bend::updateSpin(int)’:
/home/ualusr2011/ual1220/ual1/codes/ETEAPOT2/src/ETEAPOT2/Integrator/bendMethods/updateSpin.method:41:9: warning: unused variable ‘sTldMag’ [-Wunused-variable]
  double sTldMag     = sqrt(sxTldOut*sxTldOut + syTldOut*syTldOut + szTldOut*szTldOut);
         ^
In file included from bend.cc:55:0:
/home/ualusr2011/ual1220/ual1/codes/ETEAPOT2/src/ETEAPOT2/Integrator/bendMethods/get_rOutV_rot.method: In member function ‘Vector3 ETEAPOT2::bend::get_rOutV_rot()’:
/home/ualusr2011/ual1220/ual1/codes/ETEAPOT2/src/ETEAPOT2/Integrator/bendMethods/get_rOutV_rot.method:44:9: warning: unused variable ‘pxOut’ [-Wunused-variable]
  double pxOut        = mDcc*hr_tilda(th)*rOutHat[0] + mDcc*_ht_tilda(th)*thetaOutHat[0] + mDcc*kD*gama*thetaOutHat[0]/Lc;
         ^
/home/ualusr2011/ual1220/ual1/codes/ETEAPOT2/src/ETEAPOT2/Integrator/bendMethods/get_rOutV_rot.method:45:9: warning: unused variable ‘pyOut’ [-Wunused-variable]
  double pyOut        = mDcc*hr_tilda(th)*rOutHat[1] + mDcc*_ht_tilda(th)*thetaOutHat[1] + mDcc*kD*gama*thetaOutHat[1]/Lc;
         ^
/home/ualusr2011/ual1220/ual1/codes/ETEAPOT2/src/ETEAPOT2/Integrator/bendMethods/get_rOutV_rot.method:46:9: warning: unused variable ‘pzOut’ [-Wunused-variable]
  double pzOut        = mDcc*hr_tilda(th)*rOutHat[2] + mDcc*_ht_tilda(th)*thetaOutHat[2] + mDcc*kD*gama*thetaOutHat[2]/Lc;
         ^
In file included from bend.cc:56:0:
/home/ualusr2011/ual1220/ual1/codes/ETEAPOT2/src/ETEAPOT2/Integrator/bendMethods/get_pOutV_rot.method: In member function ‘Vector3 ETEAPOT2::bend::get_pOutV_rot()’:
/home/ualusr2011/ual1220/ual1/codes/ETEAPOT2/src/ETEAPOT2/Integrator/bendMethods/get_pOutV_rot.method:40:10: warning: variable ‘rOutV’ set but not used [-Wunused-but-set-variable]
  Vector3 rOutV = rOut*rOutHat;
          ^
In file included from bend.cc:58:0:
/home/ualusr2011/ual1220/ual1/codes/ETEAPOT2/src/ETEAPOT2/Integrator/bendMethods/get_dt.method: In member function ‘double ETEAPOT2::bend::get_dt()’:
/home/ualusr2011/ual1220/ual1/codes/ETEAPOT2/src/ETEAPOT2/Integrator/bendMethods/get_dt.method:13:9: warning: unused variable ‘tofA’ [-Wunused-variable]
  double tofA       = time1+time2;
         ^
In file included from bend.cc:59:0:
/home/ualusr2011/ual1220/ual1/codes/ETEAPOT2/src/ETEAPOT2/Integrator/bendMethods/get_dt_xi.method: In member function ‘double ETEAPOT2::bend::get_dt_xi()’:
/home/ualusr2011/ual1220/ual1/codes/ETEAPOT2/src/ETEAPOT2/Integrator/bendMethods/get_dt_xi.method:12:9: warning: unused variable ‘TOFD’ [-Wunused-variable]
  double TOFD       = pwrSrsFac*th;
         ^
g++                                     -g -fpic  -O0 -fno-inline -Wall  -Wno-deprecated       -I/home/ualusr2011/ual1220/ual1/codes/ETEAPOT2/src -I/home/ualusr2011/ual1220/ual1/codes/PAC/src  -I/home/ualusr2011/ual1220/ual1/codes/UAL/include -I/home/ualusr2011/ual1220/ual1/codes/ZLIB/src -I/home/ualusr2011/ual1220/ual1/ext/UI/src -I/home/ualusr2011/ual1220/ual1/codes/TEAPOT/src -I/home/ualusr2011/ual1220/ual1/ext/SXF/src -I/home/ualusr2011/ual1220/ual1/codes/SIMBAD/src -I/home/ualusr2011/ual1220/ual1/tools/sxf/src -I/home/ualusr2011/ual1220/ual1/tools/include -I/home/ualusr2011/ual1220/ual1/ext/ADXF/src -I/home/ualusr2011/ual1220/ual1/codes/ETEAPOT/src -I/home/ualusr2011/ual1220/ual1/codes/ETEAPOT_MltTurn/src -I/home/ualusr2011/ual1220/ual1/codes/PAC/include/ -c drift.cc -o /home/ualusr2011/ual1220/ual1/codes/ETEAPOT2/lib/linux/obj/drift.o;
In file included from /home/ualusr2011/ual1220/ual1/codes/PAC/src/Templates/PacOrderedList.h:6:0,
                 from /home/ualusr2011/ual1220/ual1/codes/PAC/src/SMF/PacElemAttributes.h:12,
                 from /home/ualusr2011/ual1220/ual1/codes/PAC/src/SMF/PacElemPart.h:10,
                 from /home/ualusr2011/ual1220/ual1/codes/PAC/src/SMF/PacGenElement.h:16,
                 from /home/ualusr2011/ual1220/ual1/codes/PAC/src/SMF/PacLine.h:12,
                 from /home/ualusr2011/ual1220/ual1/codes/PAC/src/SMF/PacLattice.h:14,
                 from drift.cc:10:
/home/ualusr2011/ual1220/ual1/codes/PAC/src/Templates/PacRbTree.h: In member function ‘std::pair<std::_Rb_tree_iterator<_Val>, bool> PacRbTree<_Key, _Value, _KeyOfValue, _Compare, _Alloc>::insert_unique(const _Val&)’:
/home/ualusr2011/ual1220/ual1/codes/PAC/src/Templates/PacRbTree.h:76:10: warning: suggest explicit braces to avoid ambiguous ‘else’ [-Wparentheses]
       if (__comp)
          ^
In file included from drift.cc:28:0:
/home/ualusr2011/ual1220/ual1/codes/ETEAPOT2/src/ETEAPOT2/Integrator/genMethods/get_vlcyMKS.method: In member function ‘Vector3 ETEAPOT2::drift::get_vlcyMKS(PAC::Position&, double)’:
/home/ualusr2011/ual1220/ual1/codes/ETEAPOT2/src/ETEAPOT2/Integrator/genMethods/get_vlcyMKS.method:8:8: warning: unused variable ‘dvz’ [-Wunused-variable]
 double dvz;
        ^
In file included from drift.cc:29:0:
/home/ualusr2011/ual1220/ual1/codes/ETEAPOT2/src/ETEAPOT2/Integrator/genMethods/passDrift.method: In member function ‘void ETEAPOT2::drift::passDrift(double, double)’:
/home/ualusr2011/ual1220/ual1/codes/ETEAPOT2/src/ETEAPOT2/Integrator/genMethods/passDrift.method:50:9: warning: unused variable ‘dummy’ [-Wunused-variable]
  double dummy     = 1.0;
         ^
g++                                     -g -fpic  -O0 -fno-inline -Wall  -Wno-deprecated       -I/home/ualusr2011/ual1220/ual1/codes/ETEAPOT2/src -I/home/ualusr2011/ual1220/ual1/codes/PAC/src  -I/home/ualusr2011/ual1220/ual1/codes/UAL/include -I/home/ualusr2011/ual1220/ual1/codes/ZLIB/src -I/home/ualusr2011/ual1220/ual1/ext/UI/src -I/home/ualusr2011/ual1220/ual1/codes/TEAPOT/src -I/home/ualusr2011/ual1220/ual1/ext/SXF/src -I/home/ualusr2011/ual1220/ual1/codes/SIMBAD/src -I/home/ualusr2011/ual1220/ual1/tools/sxf/src -I/home/ualusr2011/ual1220/ual1/tools/include -I/home/ualusr2011/ual1220/ual1/ext/ADXF/src -I/home/ualusr2011/ual1220/ual1/codes/ETEAPOT/src -I/home/ualusr2011/ual1220/ual1/codes/ETEAPOT_MltTurn/src -I/home/ualusr2011/ual1220/ual1/codes/PAC/include/ -c marker.cc -o /home/ualusr2011/ual1220/ual1/codes/ETEAPOT2/lib/linux/obj/marker.o;
In file included from /home/ualusr2011/ual1220/ual1/codes/PAC/src/Templates/PacOrderedList.h:6:0,
                 from /home/ualusr2011/ual1220/ual1/codes/PAC/src/SMF/PacElemAttributes.h:12,
                 from /home/ualusr2011/ual1220/ual1/codes/PAC/src/SMF/PacElemPart.h:10,
                 from /home/ualusr2011/ual1220/ual1/codes/PAC/src/SMF/PacGenElement.h:16,
                 from /home/ualusr2011/ual1220/ual1/codes/PAC/src/SMF/PacLattElement.h:12,
                 from /home/ualusr2011/ual1220/ual1/codes/ETEAPOT/src/ETEAPOT/Integrator/BasicTracker.hh:12,
                 from marker.cc:10:
/home/ualusr2011/ual1220/ual1/codes/PAC/src/Templates/PacRbTree.h: In member function ‘std::pair<std::_Rb_tree_iterator<_Val>, bool> PacRbTree<_Key, _Value, _KeyOfValue, _Compare, _Alloc>::insert_unique(const _Val&)’:
/home/ualusr2011/ual1220/ual1/codes/PAC/src/Templates/PacRbTree.h:76:10: warning: suggest explicit braces to avoid ambiguous ‘else’ [-Wparentheses]
       if (__comp)
          ^
g++                                     -g -fpic  -O0 -fno-inline -Wall  -Wno-deprecated       -I/home/ualusr2011/ual1220/ual1/codes/ETEAPOT2/src -I/home/ualusr2011/ual1220/ual1/codes/PAC/src  -I/home/ualusr2011/ual1220/ual1/codes/UAL/include -I/home/ualusr2011/ual1220/ual1/codes/ZLIB/src -I/home/ualusr2011/ual1220/ual1/ext/UI/src -I/home/ualusr2011/ual1220/ual1/codes/TEAPOT/src -I/home/ualusr2011/ual1220/ual1/ext/SXF/src -I/home/ualusr2011/ual1220/ual1/codes/SIMBAD/src -I/home/ualusr2011/ual1220/ual1/tools/sxf/src -I/home/ualusr2011/ual1220/ual1/tools/include -I/home/ualusr2011/ual1220/ual1/ext/ADXF/src -I/home/ualusr2011/ual1220/ual1/codes/ETEAPOT/src -I/home/ualusr2011/ual1220/ual1/codes/ETEAPOT_MltTurn/src -I/home/ualusr2011/ual1220/ual1/codes/PAC/include/ -c oct.cc -o /home/ualusr2011/ual1220/ual1/codes/ETEAPOT2/lib/linux/obj/oct.o;
In file included from /home/ualusr2011/ual1220/ual1/codes/PAC/src/Templates/PacOrderedList.h:6:0,
                 from /home/ualusr2011/ual1220/ual1/codes/PAC/src/SMF/PacElemAttributes.h:12,
                 from /home/ualusr2011/ual1220/ual1/codes/PAC/src/SMF/PacElemPart.h:10,
                 from /home/ualusr2011/ual1220/ual1/codes/PAC/src/SMF/PacGenElement.h:16,
                 from /home/ualusr2011/ual1220/ual1/codes/PAC/src/SMF/PacLine.h:12,
                 from /home/ualusr2011/ual1220/ual1/codes/PAC/src/SMF/PacLattice.h:14,
                 from oct.cc:8:
/home/ualusr2011/ual1220/ual1/codes/PAC/src/Templates/PacRbTree.h: In member function ‘std::pair<std::_Rb_tree_iterator<_Val>, bool> PacRbTree<_Key, _Value, _KeyOfValue, _Compare, _Alloc>::insert_unique(const _Val&)’:
/home/ualusr2011/ual1220/ual1/codes/PAC/src/Templates/PacRbTree.h:76:10: warning: suggest explicit braces to avoid ambiguous ‘else’ [-Wparentheses]
       if (__comp)
          ^
In file included from /home/ualusr2011/ual1220/ual1/codes/ETEAPOT2/src/ETEAPOT2/Integrator/octMethods/propagate.method:17:0,
                 from oct.cc:28:
/home/ualusr2011/ual1220/ual1/codes/ETEAPOT2/src/ETEAPOT2/Integrator/octMethods/octSpinEvolve: In member function ‘virtual void ETEAPOT2::oct::propagate(UAL::Probe&)’:
/home/ualusr2011/ual1220/ual1/codes/ETEAPOT2/src/ETEAPOT2/Integrator/octMethods/octSpinEvolve:17:8: warning: unused variable ‘checkNorm’ [-Wunused-variable]
 double checkNorm = 1. - sx*sx - sy*sy - sz*sz;
        ^
In file included from oct.cc:28:0:
/home/ualusr2011/ual1220/ual1/codes/ETEAPOT2/src/ETEAPOT2/Integrator/octMethods/propagate.method:6:21: warning: unused variable ‘mult’ [-Wunused-variable]
   PacElemMultipole* mult = m_mdata.m_mlt;
                     ^
In file included from oct.cc:29:0:
/home/ualusr2011/ual1220/ual1/codes/ETEAPOT2/src/ETEAPOT2/Integrator/genMethods/get_vlcyMKS.method: In member function ‘Vector3 ETEAPOT2::oct::get_vlcyMKS(PAC::Position&, double)’:
/home/ualusr2011/ual1220/ual1/codes/ETEAPOT2/src/ETEAPOT2/Integrator/genMethods/get_vlcyMKS.method:8:8: warning: unused variable ‘dvz’ [-Wunused-variable]
 double dvz;
        ^
In file included from oct.cc:30:0:
/home/ualusr2011/ual1220/ual1/codes/ETEAPOT2/src/ETEAPOT2/Integrator/genMethods/passDrift.method: In member function ‘void ETEAPOT2::oct::passDrift(double, double)’:
/home/ualusr2011/ual1220/ual1/codes/ETEAPOT2/src/ETEAPOT2/Integrator/genMethods/passDrift.method:50:9: warning: unused variable ‘dummy’ [-Wunused-variable]
  double dummy     = 1.0;
         ^
g++                                     -g -fpic  -O0 -fno-inline -Wall  -Wno-deprecated       -I/home/ualusr2011/ual1220/ual1/codes/ETEAPOT2/src -I/home/ualusr2011/ual1220/ual1/codes/PAC/src  -I/home/ualusr2011/ual1220/ual1/codes/UAL/include -I/home/ualusr2011/ual1220/ual1/codes/ZLIB/src -I/home/ualusr2011/ual1220/ual1/ext/UI/src -I/home/ualusr2011/ual1220/ual1/codes/TEAPOT/src -I/home/ualusr2011/ual1220/ual1/ext/SXF/src -I/home/ualusr2011/ual1220/ual1/codes/SIMBAD/src -I/home/ualusr2011/ual1220/ual1/tools/sxf/src -I/home/ualusr2011/ual1220/ual1/tools/include -I/home/ualusr2011/ual1220/ual1/ext/ADXF/src -I/home/ualusr2011/ual1220/ual1/codes/ETEAPOT/src -I/home/ualusr2011/ual1220/ual1/codes/ETEAPOT_MltTurn/src -I/home/ualusr2011/ual1220/ual1/codes/PAC/include/ -c quad.cc -o /home/ualusr2011/ual1220/ual1/codes/ETEAPOT2/lib/linux/obj/quad.o;
In file included from /home/ualusr2011/ual1220/ual1/codes/PAC/src/Templates/PacOrderedList.h:6:0,
                 from /home/ualusr2011/ual1220/ual1/codes/PAC/src/SMF/PacElemAttributes.h:12,
                 from /home/ualusr2011/ual1220/ual1/codes/PAC/src/SMF/PacElemPart.h:10,
                 from /home/ualusr2011/ual1220/ual1/codes/PAC/src/SMF/PacGenElement.h:16,
                 from /home/ualusr2011/ual1220/ual1/codes/PAC/src/SMF/PacLine.h:12,
                 from /home/ualusr2011/ual1220/ual1/codes/PAC/src/SMF/PacLattice.h:14,
                 from quad.cc:8:
/home/ualusr2011/ual1220/ual1/codes/PAC/src/Templates/PacRbTree.h: In member function ‘std::pair<std::_Rb_tree_iterator<_Val>, bool> PacRbTree<_Key, _Value, _KeyOfValue, _Compare, _Alloc>::insert_unique(const _Val&)’:
/home/ualusr2011/ual1220/ual1/codes/PAC/src/Templates/PacRbTree.h:76:10: warning: suggest explicit braces to avoid ambiguous ‘else’ [-Wparentheses]
       if (__comp)
          ^
In file included from /home/ualusr2011/ual1220/ual1/codes/ETEAPOT2/src/ETEAPOT2/Integrator/quadMethods/propagate.method:15:0,
                 from quad.cc:28:
/home/ualusr2011/ual1220/ual1/codes/ETEAPOT2/src/ETEAPOT2/Integrator/quadMethods/quadSpinEvolve: In member function ‘virtual void ETEAPOT2::quad::propagate(UAL::Probe&)’:
/home/ualusr2011/ual1220/ual1/codes/ETEAPOT2/src/ETEAPOT2/Integrator/quadMethods/quadSpinEvolve:19:8: warning: unused variable ‘checkNorm’ [-Wunused-variable]
 double checkNorm = 1. - sx*sx - sy*sy - sz*sz;
        ^
In file included from quad.cc:28:0:
/home/ualusr2011/ual1220/ual1/codes/ETEAPOT2/src/ETEAPOT2/Integrator/quadMethods/propagate.method:6:20: warning: unused variable ‘mult’ [-Wunused-variable]
  PacElemMultipole* mult = m_mdata.m_mlt;
                    ^
In file included from quad.cc:29:0:
/home/ualusr2011/ual1220/ual1/codes/ETEAPOT2/src/ETEAPOT2/Integrator/genMethods/get_vlcyMKS.method: In member function ‘Vector3 ETEAPOT2::quad::get_vlcyMKS(PAC::Position&, double)’:
/home/ualusr2011/ual1220/ual1/codes/ETEAPOT2/src/ETEAPOT2/Integrator/genMethods/get_vlcyMKS.method:8:8: warning: unused variable ‘dvz’ [-Wunused-variable]
 double dvz;
        ^
In file included from quad.cc:30:0:
/home/ualusr2011/ual1220/ual1/codes/ETEAPOT2/src/ETEAPOT2/Integrator/genMethods/passDrift.method: In member function ‘void ETEAPOT2::quad::passDrift(double, double)’:
/home/ualusr2011/ual1220/ual1/codes/ETEAPOT2/src/ETEAPOT2/Integrator/genMethods/passDrift.method:50:9: warning: unused variable ‘dummy’ [-Wunused-variable]
  double dummy     = 1.0;
         ^
g++                                     -g -fpic  -O0 -fno-inline -Wall  -Wno-deprecated       -I/home/ualusr2011/ual1220/ual1/codes/ETEAPOT2/src -I/home/ualusr2011/ual1220/ual1/codes/PAC/src  -I/home/ualusr2011/ual1220/ual1/codes/UAL/include -I/home/ualusr2011/ual1220/ual1/codes/ZLIB/src -I/home/ualusr2011/ual1220/ual1/ext/UI/src -I/home/ualusr2011/ual1220/ual1/codes/TEAPOT/src -I/home/ualusr2011/ual1220/ual1/ext/SXF/src -I/home/ualusr2011/ual1220/ual1/codes/SIMBAD/src -I/home/ualusr2011/ual1220/ual1/tools/sxf/src -I/home/ualusr2011/ual1220/ual1/tools/include -I/home/ualusr2011/ual1220/ual1/ext/ADXF/src -I/home/ualusr2011/ual1220/ual1/codes/ETEAPOT/src -I/home/ualusr2011/ual1220/ual1/codes/ETEAPOT_MltTurn/src -I/home/ualusr2011/ual1220/ual1/codes/PAC/include/ -c rfCavity.cc -o /home/ualusr2011/ual1220/ual1/codes/ETEAPOT2/lib/linux/obj/rfCavity.o;
In file included from /home/ualusr2011/ual1220/ual1/codes/PAC/src/Templates/PacOrderedList.h:6:0,
                 from /home/ualusr2011/ual1220/ual1/codes/PAC/src/SMF/PacElemAttributes.h:12,
                 from /home/ualusr2011/ual1220/ual1/codes/PAC/src/SMF/PacElemPart.h:10,
                 from /home/ualusr2011/ual1220/ual1/codes/PAC/src/SMF/PacGenElement.h:16,
                 from /home/ualusr2011/ual1220/ual1/codes/PAC/src/SMF/PacLattElement.h:12,
                 from rfCavity.cc:7:
/home/ualusr2011/ual1220/ual1/codes/PAC/src/Templates/PacRbTree.h: In member function ‘std::pair<std::_Rb_tree_iterator<_Val>, bool> PacRbTree<_Key, _Value, _KeyOfValue, _Compare, _Alloc>::insert_unique(const _Val&)’:
/home/ualusr2011/ual1220/ual1/codes/PAC/src/Templates/PacRbTree.h:76:10: warning: suggest explicit braces to avoid ambiguous ‘else’ [-Wparentheses]
       if (__comp)
          ^
In file included from rfCavity.cc:28:0:
/home/ualusr2011/ual1220/ual1/codes/ETEAPOT2/src/ETEAPOT2/Integrator/genMethods/get_vlcyMKS.method: In member function ‘Vector3 ETEAPOT2::rfCavity::get_vlcyMKS(PAC::Position&, double)’:
/home/ualusr2011/ual1220/ual1/codes/ETEAPOT2/src/ETEAPOT2/Integrator/genMethods/get_vlcyMKS.method:8:8: warning: unused variable ‘dvz’ [-Wunused-variable]
 double dvz;
        ^
In file included from rfCavity.cc:29:0:
/home/ualusr2011/ual1220/ual1/codes/ETEAPOT2/src/ETEAPOT2/Integrator/genMethods/passDrift.method: In member function ‘void ETEAPOT2::rfCavity::passDrift(double, double)’:
/home/ualusr2011/ual1220/ual1/codes/ETEAPOT2/src/ETEAPOT2/Integrator/genMethods/passDrift.method:50:9: warning: unused variable ‘dummy’ [-Wunused-variable]
  double dummy     = 1.0;
         ^
g++                                     -g -fpic  -O0 -fno-inline -Wall  -Wno-deprecated       -I/home/ualusr2011/ual1220/ual1/codes/ETEAPOT2/src -I/home/ualusr2011/ual1220/ual1/codes/PAC/src  -I/home/ualusr2011/ual1220/ual1/codes/UAL/include -I/home/ualusr2011/ual1220/ual1/codes/ZLIB/src -I/home/ualusr2011/ual1220/ual1/ext/UI/src -I/home/ualusr2011/ual1220/ual1/codes/TEAPOT/src -I/home/ualusr2011/ual1220/ual1/ext/SXF/src -I/home/ualusr2011/ual1220/ual1/codes/SIMBAD/src -I/home/ualusr2011/ual1220/ual1/tools/sxf/src -I/home/ualusr2011/ual1220/ual1/tools/include -I/home/ualusr2011/ual1220/ual1/ext/ADXF/src -I/home/ualusr2011/ual1220/ual1/codes/ETEAPOT/src -I/home/ualusr2011/ual1220/ual1/codes/ETEAPOT_MltTurn/src -I/home/ualusr2011/ual1220/ual1/codes/PAC/include/ -c sext.cc -o /home/ualusr2011/ual1220/ual1/codes/ETEAPOT2/lib/linux/obj/sext.o;
In file included from /home/ualusr2011/ual1220/ual1/codes/PAC/src/Templates/PacOrderedList.h:6:0,
                 from /home/ualusr2011/ual1220/ual1/codes/PAC/src/SMF/PacElemAttributes.h:12,
                 from /home/ualusr2011/ual1220/ual1/codes/PAC/src/SMF/PacElemPart.h:10,
                 from /home/ualusr2011/ual1220/ual1/codes/PAC/src/SMF/PacGenElement.h:16,
                 from /home/ualusr2011/ual1220/ual1/codes/PAC/src/SMF/PacLine.h:12,
                 from /home/ualusr2011/ual1220/ual1/codes/PAC/src/SMF/PacLattice.h:14,
                 from sext.cc:8:
/home/ualusr2011/ual1220/ual1/codes/PAC/src/Templates/PacRbTree.h: In member function ‘std::pair<std::_Rb_tree_iterator<_Val>, bool> PacRbTree<_Key, _Value, _KeyOfValue, _Compare, _Alloc>::insert_unique(const _Val&)’:
/home/ualusr2011/ual1220/ual1/codes/PAC/src/Templates/PacRbTree.h:76:10: warning: suggest explicit braces to avoid ambiguous ‘else’ [-Wparentheses]
       if (__comp)
          ^
In file included from /home/ualusr2011/ual1220/ual1/codes/ETEAPOT2/src/ETEAPOT2/Integrator/sextMethods/propagate.method:16:0,
                 from sext.cc:28:
/home/ualusr2011/ual1220/ual1/codes/ETEAPOT2/src/ETEAPOT2/Integrator/sextMethods/sextSpinEvolve: In member function ‘virtual void ETEAPOT2::sext::propagate(UAL::Probe&)’:
/home/ualusr2011/ual1220/ual1/codes/ETEAPOT2/src/ETEAPOT2/Integrator/sextMethods/sextSpinEvolve:17:8: warning: unused variable ‘checkNorm’ [-Wunused-variable]
 double checkNorm = 1. - sx*sx - sy*sy - sz*sz;
        ^
In file included from sext.cc:28:0:
/home/ualusr2011/ual1220/ual1/codes/ETEAPOT2/src/ETEAPOT2/Integrator/sextMethods/propagate.method:6:21: warning: unused variable ‘mult’ [-Wunused-variable]
   PacElemMultipole* mult = m_mdata.m_mlt;
                     ^
In file included from sext.cc:29:0:
/home/ualusr2011/ual1220/ual1/codes/ETEAPOT2/src/ETEAPOT2/Integrator/genMethods/get_vlcyMKS.method: In member function ‘Vector3 ETEAPOT2::sext::get_vlcyMKS(PAC::Position&, double)’:
/home/ualusr2011/ual1220/ual1/codes/ETEAPOT2/src/ETEAPOT2/Integrator/genMethods/get_vlcyMKS.method:8:8: warning: unused variable ‘dvz’ [-Wunused-variable]
 double dvz;
        ^
In file included from sext.cc:30:0:
/home/ualusr2011/ual1220/ual1/codes/ETEAPOT2/src/ETEAPOT2/Integrator/genMethods/passDrift.method: In member function ‘void ETEAPOT2::sext::passDrift(double, double)’:
/home/ualusr2011/ual1220/ual1/codes/ETEAPOT2/src/ETEAPOT2/Integrator/genMethods/passDrift.method:50:9: warning: unused variable ‘dummy’ [-Wunused-variable]
  double dummy     = 1.0;
         ^
g++                                     -g -fpic  -O0 -fno-inline -Wall  -Wno-deprecated       -I/home/ualusr2011/ual1220/ual1/codes/ETEAPOT2/src -I/home/ualusr2011/ual1220/ual1/codes/PAC/src  -I/home/ualusr2011/ual1220/ual1/codes/UAL/include -I/home/ualusr2011/ual1220/ual1/codes/ZLIB/src -I/home/ualusr2011/ual1220/ual1/ext/UI/src -I/home/ualusr2011/ual1220/ual1/codes/TEAPOT/src -I/home/ualusr2011/ual1220/ual1/ext/SXF/src -I/home/ualusr2011/ual1220/ual1/codes/SIMBAD/src -I/home/ualusr2011/ual1220/ual1/tools/sxf/src -I/home/ualusr2011/ual1220/ual1/tools/include -I/home/ualusr2011/ual1220/ual1/ext/ADXF/src -I/home/ualusr2011/ual1220/ual1/codes/ETEAPOT/src -I/home/ualusr2011/ual1220/ual1/codes/ETEAPOT_MltTurn/src -I/home/ualusr2011/ual1220/ual1/codes/PAC/include/ -c TrackerFactory.cc -o /home/ualusr2011/ual1220/ual1/codes/ETEAPOT2/lib/linux/obj/TrackerFactory.o;
In file included from /home/ualusr2011/ual1220/ual1/codes/UAL/include/UAL/APF/PropagatorFactory.hh:10:0,
                 from TrackerFactory.cc:1:
/home/ualusr2011/ual1220/ual1/codes/UAL/include/UAL/APF/PropagatorNodePtr.hh: In destructor ‘virtual UAL::PropagatorNodePtr::CountHolder::~CountHolder()’:
/home/ualusr2011/ual1220/ual1/codes/UAL/include/UAL/APF/PropagatorNodePtr.hh:50:31: warning: deleting object of abstract class type ‘UAL::PropagatorNode’ which has non-virtual destructor will cause undefined behaviour [-Wdelete-non-virtual-dtor]
       ~CountHolder() { delete m_pointee; }
                               ^
In file included from /home/ualusr2011/ual1220/ual1/codes/PAC/src/Templates/PacOrderedList.h:6:0,
                 from /home/ualusr2011/ual1220/ual1/codes/PAC/src/SMF/PacElemAttributes.h:12,
                 from /home/ualusr2011/ual1220/ual1/codes/PAC/src/SMF/PacElemPart.h:10,
                 from /home/ualusr2011/ual1220/ual1/codes/PAC/src/SMF/PacGenElement.h:16,
                 from /home/ualusr2011/ual1220/ual1/codes/PAC/src/SMF/PacLine.h:12,
                 from /home/ualusr2011/ual1220/ual1/codes/PAC/src/SMF/PacLattice.h:14,
                 from /home/ualusr2011/ual1220/ual1/codes/ETEAPOT2/src/ETEAPOT2/Integrator/drift.cc:10,
                 from /home/ualusr2011/ual1220/ual1/codes/ETEAPOT2/src/ETEAPOT2/Integrator/TrackerFactory.hh:8,
                 from TrackerFactory.cc:2:
/home/ualusr2011/ual1220/ual1/codes/PAC/src/Templates/PacRbTree.h: In member function ‘std::pair<std::_Rb_tree_iterator<_Val>, bool> PacRbTree<_Key, _Value, _KeyOfValue, _Compare, _Alloc>::insert_unique(const _Val&)’:
/home/ualusr2011/ual1220/ual1/codes/PAC/src/Templates/PacRbTree.h:76:10: warning: suggest explicit braces to avoid ambiguous ‘else’ [-Wparentheses]
       if (__comp)
          ^
In file included from /home/ualusr2011/ual1220/ual1/codes/ETEAPOT2/src/ETEAPOT2/Integrator/drift.cc:28:0,
                 from /home/ualusr2011/ual1220/ual1/codes/ETEAPOT2/src/ETEAPOT2/Integrator/TrackerFactory.hh:8,
                 from TrackerFactory.cc:2:
/home/ualusr2011/ual1220/ual1/codes/ETEAPOT2/src/ETEAPOT2/Integrator/genMethods/get_vlcyMKS.method: In member function ‘Vector3 ETEAPOT2::drift::get_vlcyMKS(PAC::Position&, double)’:
/home/ualusr2011/ual1220/ual1/codes/ETEAPOT2/src/ETEAPOT2/Integrator/genMethods/get_vlcyMKS.method:8:8: warning: unused variable ‘dvz’ [-Wunused-variable]
 double dvz;
        ^
In file included from /home/ualusr2011/ual1220/ual1/codes/ETEAPOT2/src/ETEAPOT2/Integrator/drift.cc:29:0,
                 from /home/ualusr2011/ual1220/ual1/codes/ETEAPOT2/src/ETEAPOT2/Integrator/TrackerFactory.hh:8,
                 from TrackerFactory.cc:2:
/home/ualusr2011/ual1220/ual1/codes/ETEAPOT2/src/ETEAPOT2/Integrator/genMethods/passDrift.method: In member function ‘void ETEAPOT2::drift::passDrift(double, double)’:
/home/ualusr2011/ual1220/ual1/codes/ETEAPOT2/src/ETEAPOT2/Integrator/genMethods/passDrift.method:50:9: warning: unused variable ‘dummy’ [-Wunused-variable]
  double dummy     = 1.0;
         ^
In file included from /home/ualusr2011/ual1220/ual1/codes/ETEAPOT2/src/ETEAPOT2/Integrator/bend.cc:39:0,
                 from /home/ualusr2011/ual1220/ual1/codes/ETEAPOT2/src/ETEAPOT2/Integrator/TrackerFactory.hh:9,
                 from TrackerFactory.cc:2:
/home/ualusr2011/ual1220/ual1/codes/ETEAPOT2/src/ETEAPOT2/Integrator/bendMethods/refractIn.method: In member function ‘void ETEAPOT2::bend::refractIn(int)’:
/home/ualusr2011/ual1220/ual1/codes/ETEAPOT2/src/ETEAPOT2/Integrator/bendMethods/refractIn.method:10:9: warning: unused variable ‘pcz_in_m’ [-Wunused-variable]
  double pcz_in_m   = sqrt(pczsq_in_m);
         ^
/home/ualusr2011/ual1220/ual1/codes/ETEAPOT2/src/ETEAPOT2/Integrator/bendMethods/refractIn.method:15:9: warning: unused variable ‘xp_in_m’ [-Wunused-variable]
  double xp_in_m    = p[1];
         ^
/home/ualusr2011/ual1220/ual1/codes/ETEAPOT2/src/ETEAPOT2/Integrator/bendMethods/refractIn.method:25:9: warning: unused variable ‘x_in_p’ [-Wunused-variable]
  double x_in_p     = x_in;
         ^
/home/ualusr2011/ual1220/ual1/codes/ETEAPOT2/src/ETEAPOT2/Integrator/bendMethods/refractIn.method:28:9: warning: unused variable ‘pcx_in_p’ [-Wunused-variable]
  double pcx_in_p   = p[1] * sqrt(pczsq_in_p);
         ^
/home/ualusr2011/ual1220/ual1/codes/ETEAPOT2/src/ETEAPOT2/Integrator/bendMethods/refractIn.method:31:9: warning: unused variable ‘yp_in_m’ [-Wunused-variable]
  double yp_in_m    = p[3];
         ^
/home/ualusr2011/ual1220/ual1/codes/ETEAPOT2/src/ETEAPOT2/Integrator/bendMethods/refractIn.method:32:9: warning: unused variable ‘y_in_p’ [-Wunused-variable]
  double y_in_p     = y_in;
         ^
/home/ualusr2011/ual1220/ual1/codes/ETEAPOT2/src/ETEAPOT2/Integrator/bendMethods/refractIn.method:35:9: warning: unused variable ‘pcy_in_p’ [-Wunused-variable]
  double pcy_in_p   = p[3] * sqrt(pczsq_in_p);
         ^
In file included from /home/ualusr2011/ual1220/ual1/codes/ETEAPOT2/src/ETEAPOT2/Integrator/bend.cc:41:0,
                 from /home/ualusr2011/ual1220/ual1/codes/ETEAPOT2/src/ETEAPOT2/Integrator/TrackerFactory.hh:9,
                 from TrackerFactory.cc:2:
/home/ualusr2011/ual1220/ual1/codes/ETEAPOT2/src/ETEAPOT2/Integrator/bendMethods/refractOut.method: In member function ‘void ETEAPOT2::bend::refractOut(int)’:
/home/ualusr2011/ual1220/ual1/codes/ETEAPOT2/src/ETEAPOT2/Integrator/bendMethods/refractOut.method:10:9: warning: unused variable ‘pcz_out_m’ [-Wunused-variable]
  double pcz_out_m   = sqrt(pczsq_out_m);
         ^
/home/ualusr2011/ual1220/ual1/codes/ETEAPOT2/src/ETEAPOT2/Integrator/bendMethods/refractOut.method:15:9: warning: unused variable ‘xp_out_m’ [-Wunused-variable]
  double xp_out_m    = p[1];
         ^
/home/ualusr2011/ual1220/ual1/codes/ETEAPOT2/src/ETEAPOT2/Integrator/bendMethods/refractOut.method:25:9: warning: unused variable ‘x_out_p’ [-Wunused-variable]
  double x_out_p     = x_out;
         ^
/home/ualusr2011/ual1220/ual1/codes/ETEAPOT2/src/ETEAPOT2/Integrator/bendMethods/refractOut.method:26:9: warning: unused variable ‘xp_out_p’ [-Wunused-variable]
  double xp_out_p    = pcx_out_m/sqrt(pczsq_out_p);
         ^
/home/ualusr2011/ual1220/ual1/codes/ETEAPOT2/src/ETEAPOT2/Integrator/bendMethods/refractOut.method:28:9: warning: unused variable ‘pcx_out_p’ [-Wunused-variable]
  double pcx_out_p   = p[1] * sqrt(pczsq_out_p);
         ^
/home/ualusr2011/ual1220/ual1/codes/ETEAPOT2/src/ETEAPOT2/Integrator/bendMethods/refractOut.method:31:9: warning: unused variable ‘yp_out_m’ [-Wunused-variable]
  double yp_out_m    = p[3];
         ^
/home/ualusr2011/ual1220/ual1/codes/ETEAPOT2/src/ETEAPOT2/Integrator/bendMethods/refractOut.method:32:9: warning: unused variable ‘y_out_p’ [-Wunused-variable]
  double y_out_p     = y_out;
         ^
/home/ualusr2011/ual1220/ual1/codes/ETEAPOT2/src/ETEAPOT2/Integrator/bendMethods/refractOut.method:33:9: warning: unused variable ‘yp_out_p’ [-Wunused-variable]
  double yp_out_p    = pcy_out_m/sqrt(pczsq_out_p);
         ^
/home/ualusr2011/ual1220/ual1/codes/ETEAPOT2/src/ETEAPOT2/Integrator/bendMethods/refractOut.method:35:9: warning: unused variable ‘pcy_out_p’ [-Wunused-variable]
  double pcy_out_p   = p[3] * sqrt(pczsq_out_p);
         ^
In file included from /home/ualusr2011/ual1220/ual1/codes/ETEAPOT2/src/ETEAPOT2/Integrator/bend.cc:52:0,
                 from /home/ualusr2011/ual1220/ual1/codes/ETEAPOT2/src/ETEAPOT2/Integrator/TrackerFactory.hh:9,
                 from TrackerFactory.cc:2:
/home/ualusr2011/ual1220/ual1/codes/ETEAPOT2/src/ETEAPOT2/Integrator/bendMethods/initSpin.method: In member function ‘void ETEAPOT2::bend::initSpin(int)’:
/home/ualusr2011/ual1220/ual1/codes/ETEAPOT2/src/ETEAPOT2/Integrator/bendMethods/initSpin.method:3:17: warning: unused variable ‘p’ [-Wunused-variable]
  PAC::Position& p = *pacPmy;
                 ^
In file included from /home/ualusr2011/ual1220/ual1/codes/ETEAPOT2/src/ETEAPOT2/Integrator/bend.cc:53:0,
                 from /home/ualusr2011/ual1220/ual1/codes/ETEAPOT2/src/ETEAPOT2/Integrator/TrackerFactory.hh:9,
                 from TrackerFactory.cc:2:
/home/ualusr2011/ual1220/ual1/codes/ETEAPOT2/src/ETEAPOT2/Integrator/bendMethods/updateSpin.method: In member function ‘void ETEAPOT2::bend::updateSpin(int)’:
/home/ualusr2011/ual1220/ual1/codes/ETEAPOT2/src/ETEAPOT2/Integrator/bendMethods/updateSpin.method:41:9: warning: unused variable ‘sTldMag’ [-Wunused-variable]
  double sTldMag     = sqrt(sxTldOut*sxTldOut + syTldOut*syTldOut + szTldOut*szTldOut);
         ^
In file included from /home/ualusr2011/ual1220/ual1/codes/ETEAPOT2/src/ETEAPOT2/Integrator/bend.cc:55:0,
                 from /home/ualusr2011/ual1220/ual1/codes/ETEAPOT2/src/ETEAPOT2/Integrator/TrackerFactory.hh:9,
                 from TrackerFactory.cc:2:
/home/ualusr2011/ual1220/ual1/codes/ETEAPOT2/src/ETEAPOT2/Integrator/bendMethods/get_rOutV_rot.method: In member function ‘Vector3 ETEAPOT2::bend::get_rOutV_rot()’:
/home/ualusr2011/ual1220/ual1/codes/ETEAPOT2/src/ETEAPOT2/Integrator/bendMethods/get_rOutV_rot.method:44:9: warning: unused variable ‘pxOut’ [-Wunused-variable]
  double pxOut        = mDcc*hr_tilda(th)*rOutHat[0] + mDcc*_ht_tilda(th)*thetaOutHat[0] + mDcc*kD*gama*thetaOutHat[0]/Lc;
         ^
/home/ualusr2011/ual1220/ual1/codes/ETEAPOT2/src/ETEAPOT2/Integrator/bendMethods/get_rOutV_rot.method:45:9: warning: unused variable ‘pyOut’ [-Wunused-variable]
  double pyOut        = mDcc*hr_tilda(th)*rOutHat[1] + mDcc*_ht_tilda(th)*thetaOutHat[1] + mDcc*kD*gama*thetaOutHat[1]/Lc;
         ^
/home/ualusr2011/ual1220/ual1/codes/ETEAPOT2/src/ETEAPOT2/Integrator/bendMethods/get_rOutV_rot.method:46:9: warning: unused variable ‘pzOut’ [-Wunused-variable]
  double pzOut        = mDcc*hr_tilda(th)*rOutHat[2] + mDcc*_ht_tilda(th)*thetaOutHat[2] + mDcc*kD*gama*thetaOutHat[2]/Lc;
         ^
In file included from /home/ualusr2011/ual1220/ual1/codes/ETEAPOT2/src/ETEAPOT2/Integrator/bend.cc:56:0,
                 from /home/ualusr2011/ual1220/ual1/codes/ETEAPOT2/src/ETEAPOT2/Integrator/TrackerFactory.hh:9,
                 from TrackerFactory.cc:2:
/home/ualusr2011/ual1220/ual1/codes/ETEAPOT2/src/ETEAPOT2/Integrator/bendMethods/get_pOutV_rot.method: In member function ‘Vector3 ETEAPOT2::bend::get_pOutV_rot()’:
/home/ualusr2011/ual1220/ual1/codes/ETEAPOT2/src/ETEAPOT2/Integrator/bendMethods/get_pOutV_rot.method:40:10: warning: variable ‘rOutV’ set but not used [-Wunused-but-set-variable]
  Vector3 rOutV = rOut*rOutHat;
          ^
In file included from /home/ualusr2011/ual1220/ual1/codes/ETEAPOT2/src/ETEAPOT2/Integrator/bend.cc:58:0,
                 from /home/ualusr2011/ual1220/ual1/codes/ETEAPOT2/src/ETEAPOT2/Integrator/TrackerFactory.hh:9,
                 from TrackerFactory.cc:2:
/home/ualusr2011/ual1220/ual1/codes/ETEAPOT2/src/ETEAPOT2/Integrator/bendMethods/get_dt.method: In member function ‘double ETEAPOT2::bend::get_dt()’:
/home/ualusr2011/ual1220/ual1/codes/ETEAPOT2/src/ETEAPOT2/Integrator/bendMethods/get_dt.method:13:9: warning: unused variable ‘tofA’ [-Wunused-variable]
  double tofA       = time1+time2;
         ^
In file included from /home/ualusr2011/ual1220/ual1/codes/ETEAPOT2/src/ETEAPOT2/Integrator/bend.cc:59:0,
                 from /home/ualusr2011/ual1220/ual1/codes/ETEAPOT2/src/ETEAPOT2/Integrator/TrackerFactory.hh:9,
                 from TrackerFactory.cc:2:
/home/ualusr2011/ual1220/ual1/codes/ETEAPOT2/src/ETEAPOT2/Integrator/bendMethods/get_dt_xi.method: In member function ‘double ETEAPOT2::bend::get_dt_xi()’:
/home/ualusr2011/ual1220/ual1/codes/ETEAPOT2/src/ETEAPOT2/Integrator/bendMethods/get_dt_xi.method:12:9: warning: unused variable ‘TOFD’ [-Wunused-variable]
  double TOFD       = pwrSrsFac*th;
         ^
In file included from /home/ualusr2011/ual1220/ual1/codes/ETEAPOT2/src/ETEAPOT2/Integrator/quadMethods/propagate.method:15:0,
                 from /home/ualusr2011/ual1220/ual1/codes/ETEAPOT2/src/ETEAPOT2/Integrator/quad.cc:28,
                 from /home/ualusr2011/ual1220/ual1/codes/ETEAPOT2/src/ETEAPOT2/Integrator/TrackerFactory.hh:11,
                 from TrackerFactory.cc:2:
/home/ualusr2011/ual1220/ual1/codes/ETEAPOT2/src/ETEAPOT2/Integrator/quadMethods/quadSpinEvolve: In member function ‘virtual void ETEAPOT2::quad::propagate(UAL::Probe&)’:
/home/ualusr2011/ual1220/ual1/codes/ETEAPOT2/src/ETEAPOT2/Integrator/quadMethods/quadSpinEvolve:19:8: warning: unused variable ‘checkNorm’ [-Wunused-variable]
 double checkNorm = 1. - sx*sx - sy*sy - sz*sz;
        ^
In file included from /home/ualusr2011/ual1220/ual1/codes/ETEAPOT2/src/ETEAPOT2/Integrator/quad.cc:28:0,
                 from /home/ualusr2011/ual1220/ual1/codes/ETEAPOT2/src/ETEAPOT2/Integrator/TrackerFactory.hh:11,
                 from TrackerFactory.cc:2:
/home/ualusr2011/ual1220/ual1/codes/ETEAPOT2/src/ETEAPOT2/Integrator/quadMethods/propagate.method:6:20: warning: unused variable ‘mult’ [-Wunused-variable]
  PacElemMultipole* mult = m_mdata.m_mlt;
                    ^
In file included from /home/ualusr2011/ual1220/ual1/codes/ETEAPOT2/src/ETEAPOT2/Integrator/quad.cc:29:0,
                 from /home/ualusr2011/ual1220/ual1/codes/ETEAPOT2/src/ETEAPOT2/Integrator/TrackerFactory.hh:11,
                 from TrackerFactory.cc:2:
/home/ualusr2011/ual1220/ual1/codes/ETEAPOT2/src/ETEAPOT2/Integrator/genMethods/get_vlcyMKS.method: In member function ‘Vector3 ETEAPOT2::quad::get_vlcyMKS(PAC::Position&, double)’:
/home/ualusr2011/ual1220/ual1/codes/ETEAPOT2/src/ETEAPOT2/Integrator/genMethods/get_vlcyMKS.method:8:8: warning: unused variable ‘dvz’ [-Wunused-variable]
 double dvz;
        ^
In file included from /home/ualusr2011/ual1220/ual1/codes/ETEAPOT2/src/ETEAPOT2/Integrator/quad.cc:30:0,
                 from /home/ualusr2011/ual1220/ual1/codes/ETEAPOT2/src/ETEAPOT2/Integrator/TrackerFactory.hh:11,
                 from TrackerFactory.cc:2:
/home/ualusr2011/ual1220/ual1/codes/ETEAPOT2/src/ETEAPOT2/Integrator/genMethods/passDrift.method: In member function ‘void ETEAPOT2::quad::passDrift(double, double)’:
/home/ualusr2011/ual1220/ual1/codes/ETEAPOT2/src/ETEAPOT2/Integrator/genMethods/passDrift.method:50:9: warning: unused variable ‘dummy’ [-Wunused-variable]
  double dummy     = 1.0;
         ^
In file included from /home/ualusr2011/ual1220/ual1/codes/ETEAPOT2/src/ETEAPOT2/Integrator/sextMethods/propagate.method:16:0,
                 from /home/ualusr2011/ual1220/ual1/codes/ETEAPOT2/src/ETEAPOT2/Integrator/sext.cc:28,
                 from /home/ualusr2011/ual1220/ual1/codes/ETEAPOT2/src/ETEAPOT2/Integrator/TrackerFactory.hh:12,
                 from TrackerFactory.cc:2:
/home/ualusr2011/ual1220/ual1/codes/ETEAPOT2/src/ETEAPOT2/Integrator/sextMethods/sextSpinEvolve: In member function ‘virtual void ETEAPOT2::sext::propagate(UAL::Probe&)’:
/home/ualusr2011/ual1220/ual1/codes/ETEAPOT2/src/ETEAPOT2/Integrator/sextMethods/sextSpinEvolve:17:8: warning: unused variable ‘checkNorm’ [-Wunused-variable]
 double checkNorm = 1. - sx*sx - sy*sy - sz*sz;
        ^
In file included from /home/ualusr2011/ual1220/ual1/codes/ETEAPOT2/src/ETEAPOT2/Integrator/sext.cc:28:0,
                 from /home/ualusr2011/ual1220/ual1/codes/ETEAPOT2/src/ETEAPOT2/Integrator/TrackerFactory.hh:12,
                 from TrackerFactory.cc:2:
/home/ualusr2011/ual1220/ual1/codes/ETEAPOT2/src/ETEAPOT2/Integrator/sextMethods/propagate.method:6:21: warning: unused variable ‘mult’ [-Wunused-variable]
   PacElemMultipole* mult = m_mdata.m_mlt;
                     ^
In file included from /home/ualusr2011/ual1220/ual1/codes/ETEAPOT2/src/ETEAPOT2/Integrator/sext.cc:29:0,
                 from /home/ualusr2011/ual1220/ual1/codes/ETEAPOT2/src/ETEAPOT2/Integrator/TrackerFactory.hh:12,
                 from TrackerFactory.cc:2:
/home/ualusr2011/ual1220/ual1/codes/ETEAPOT2/src/ETEAPOT2/Integrator/genMethods/get_vlcyMKS.method: In member function ‘Vector3 ETEAPOT2::sext::get_vlcyMKS(PAC::Position&, double)’:
/home/ualusr2011/ual1220/ual1/codes/ETEAPOT2/src/ETEAPOT2/Integrator/genMethods/get_vlcyMKS.method:8:8: warning: unused variable ‘dvz’ [-Wunused-variable]
 double dvz;
        ^
In file included from /home/ualusr2011/ual1220/ual1/codes/ETEAPOT2/src/ETEAPOT2/Integrator/sext.cc:30:0,
                 from /home/ualusr2011/ual1220/ual1/codes/ETEAPOT2/src/ETEAPOT2/Integrator/TrackerFactory.hh:12,
                 from TrackerFactory.cc:2:
/home/ualusr2011/ual1220/ual1/codes/ETEAPOT2/src/ETEAPOT2/Integrator/genMethods/passDrift.method: In member function ‘void ETEAPOT2::sext::passDrift(double, double)’:
/home/ualusr2011/ual1220/ual1/codes/ETEAPOT2/src/ETEAPOT2/Integrator/genMethods/passDrift.method:50:9: warning: unused variable ‘dummy’ [-Wunused-variable]
  double dummy     = 1.0;
         ^
In file included from /home/ualusr2011/ual1220/ual1/codes/ETEAPOT2/src/ETEAPOT2/Integrator/octMethods/propagate.method:17:0,
                 from /home/ualusr2011/ual1220/ual1/codes/ETEAPOT2/src/ETEAPOT2/Integrator/oct.cc:28,
                 from /home/ualusr2011/ual1220/ual1/codes/ETEAPOT2/src/ETEAPOT2/Integrator/TrackerFactory.hh:13,
                 from TrackerFactory.cc:2:
/home/ualusr2011/ual1220/ual1/codes/ETEAPOT2/src/ETEAPOT2/Integrator/octMethods/octSpinEvolve: In member function ‘virtual void ETEAPOT2::oct::propagate(UAL::Probe&)’:
/home/ualusr2011/ual1220/ual1/codes/ETEAPOT2/src/ETEAPOT2/Integrator/octMethods/octSpinEvolve:17:8: warning: unused variable ‘checkNorm’ [-Wunused-variable]
 double checkNorm = 1. - sx*sx - sy*sy - sz*sz;
        ^
In file included from /home/ualusr2011/ual1220/ual1/codes/ETEAPOT2/src/ETEAPOT2/Integrator/oct.cc:28:0,
                 from /home/ualusr2011/ual1220/ual1/codes/ETEAPOT2/src/ETEAPOT2/Integrator/TrackerFactory.hh:13,
                 from TrackerFactory.cc:2:
/home/ualusr2011/ual1220/ual1/codes/ETEAPOT2/src/ETEAPOT2/Integrator/octMethods/propagate.method:6:21: warning: unused variable ‘mult’ [-Wunused-variable]
   PacElemMultipole* mult = m_mdata.m_mlt;
                     ^
In file included from /home/ualusr2011/ual1220/ual1/codes/ETEAPOT2/src/ETEAPOT2/Integrator/oct.cc:29:0,
                 from /home/ualusr2011/ual1220/ual1/codes/ETEAPOT2/src/ETEAPOT2/Integrator/TrackerFactory.hh:13,
                 from TrackerFactory.cc:2:
/home/ualusr2011/ual1220/ual1/codes/ETEAPOT2/src/ETEAPOT2/Integrator/genMethods/get_vlcyMKS.method: In member function ‘Vector3 ETEAPOT2::oct::get_vlcyMKS(PAC::Position&, double)’:
/home/ualusr2011/ual1220/ual1/codes/ETEAPOT2/src/ETEAPOT2/Integrator/genMethods/get_vlcyMKS.method:8:8: warning: unused variable ‘dvz’ [-Wunused-variable]
 double dvz;
        ^
In file included from /home/ualusr2011/ual1220/ual1/codes/ETEAPOT2/src/ETEAPOT2/Integrator/oct.cc:30:0,
                 from /home/ualusr2011/ual1220/ual1/codes/ETEAPOT2/src/ETEAPOT2/Integrator/TrackerFactory.hh:13,
                 from TrackerFactory.cc:2:
/home/ualusr2011/ual1220/ual1/codes/ETEAPOT2/src/ETEAPOT2/Integrator/genMethods/passDrift.method: In member function ‘void ETEAPOT2::oct::passDrift(double, double)’:
/home/ualusr2011/ual1220/ual1/codes/ETEAPOT2/src/ETEAPOT2/Integrator/genMethods/passDrift.method:50:9: warning: unused variable ‘dummy’ [-Wunused-variable]
  double dummy     = 1.0;
         ^
In file included from /home/ualusr2011/ual1220/ual1/codes/ETEAPOT2/src/ETEAPOT2/Integrator/rfCavity.cc:28:0,
                 from /home/ualusr2011/ual1220/ual1/codes/ETEAPOT2/src/ETEAPOT2/Integrator/TrackerFactory.hh:14,
                 from TrackerFactory.cc:2:
/home/ualusr2011/ual1220/ual1/codes/ETEAPOT2/src/ETEAPOT2/Integrator/genMethods/get_vlcyMKS.method: In member function ‘Vector3 ETEAPOT2::rfCavity::get_vlcyMKS(PAC::Position&, double)’:
/home/ualusr2011/ual1220/ual1/codes/ETEAPOT2/src/ETEAPOT2/Integrator/genMethods/get_vlcyMKS.method:8:8: warning: unused variable ‘dvz’ [-Wunused-variable]
 double dvz;
        ^
In file included from /home/ualusr2011/ual1220/ual1/codes/ETEAPOT2/src/ETEAPOT2/Integrator/rfCavity.cc:29:0,
                 from /home/ualusr2011/ual1220/ual1/codes/ETEAPOT2/src/ETEAPOT2/Integrator/TrackerFactory.hh:14,
                 from TrackerFactory.cc:2:
/home/ualusr2011/ual1220/ual1/codes/ETEAPOT2/src/ETEAPOT2/Integrator/genMethods/passDrift.method: In member function ‘void ETEAPOT2::rfCavity::passDrift(double, double)’:
/home/ualusr2011/ual1220/ual1/codes/ETEAPOT2/src/ETEAPOT2/Integrator/genMethods/passDrift.method:50:9: warning: unused variable ‘dummy’ [-Wunused-variable]
  double dummy     = 1.0;
         ^
if [ ! -d /home/ualusr2011/ual1220/ual1/codes/ETEAPOT2/include/ETEAPOT2/Integrator ] ; \
	then mkdir /home/ualusr2011/ual1220/ual1/codes/ETEAPOT2/include/ETEAPOT2/Integrator ; fi;
cp *.hh /home/ualusr2011/ual1220/ual1/codes/ETEAPOT2/include/ETEAPOT2/Integrator/.
make[5]: Leaving directory `/home/ualusr2011/ual1220/ual1/codes/ETEAPOT2/src/ETEAPOT2/Integrator'
make[4]: Leaving directory `/home/ualusr2011/ual1220/ual1/codes/ETEAPOT2/src/ETEAPOT2'
g++                                      -I/home/ualusr2011/ual1220/ual1/codes/ETEAPOT2/src -I/home/ualusr2011/ual1220/ual1/codes/PAC/src  -I/home/ualusr2011/ual1220/ual1/codes/UAL/include -I/home/ualusr2011/ual1220/ual1/codes/ZLIB/src -I/home/ualusr2011/ual1220/ual1/ext/UI/src -I/home/ualusr2011/ual1220/ual1/codes/TEAPOT/src -I/home/ualusr2011/ual1220/ual1/ext/SXF/src -I/home/ualusr2011/ual1220/ual1/codes/SIMBAD/src -I/home/ualusr2011/ual1220/ual1/tools/sxf/src -I/home/ualusr2011/ual1220/ual1/tools/include -I/home/ualusr2011/ual1220/ual1/ext/ADXF/src -I/home/ualusr2011/ual1220/ual1/codes/ETEAPOT/src -I/home/ualusr2011/ual1220/ual1/codes/ETEAPOT_MltTurn/src -o /home/ualusr2011/ual1220/ual1/codes/ETEAPOT2/lib/linux/obj/dummy   \
	./dummy.cc /home/ualusr2011/ual1220/ual1/codes/ETEAPOT2/lib/linux/obj/bend.o /home/ualusr2011/ual1220/ual1/codes/ETEAPOT2/lib/linux/obj/drift.o /home/ualusr2011/ual1220/ual1/codes/ETEAPOT2/lib/linux/obj/marker.o /home/ualusr2011/ual1220/ual1/codes/ETEAPOT2/lib/linux/obj/oct.o /home/ualusr2011/ual1220/ual1/codes/ETEAPOT2/lib/linux/obj/quad.o /home/ualusr2011/ual1220/ual1/codes/ETEAPOT2/lib/linux/obj/rfCavity.o /home/ualusr2011/ual1220/ual1/codes/ETEAPOT2/lib/linux/obj/sext.o /home/ualusr2011/ual1220/ual1/codes/ETEAPOT2/lib/linux/obj/TrackerFactory.o -L/home/ualusr2011/ual1220/ual1/codes/ETEAPOT2/lib/linux -L/home/ualusr2011/ual1220/ual1/codes/PAC/lib/linux -L/home/ualusr2011/ual1220/ual1/codes/ZLIB/lib/linux -L/home/ualusr2011/ual1220/ual1/codes/UAL/lib/linux -lUal -ldl -L/home/ualusr2011/ual1220/ual1/codes/TEAPOT/lib/linux -lTeapot -L/home/ualusr2011/ual1220/ual1/codes/UAL/lib/linux -lUal -L/home/ualusr2011/ual1220/ual1/codes/ETEAPOT/lib/linux -lETeapot -L/home/ualusr2011/ual1220/ual1/codes/ETEAPOT_MltTurn/lib/linux -lETEAPOT_MltTurn -L/home/ualusr2011/ual1220/ual1/tools/lib/linux		-lgsl -lgslcblas -L/home/ualusr2011/ual1220/ual1/codes/PAC/lib/linux -lPacSMF -L/home/ualusr2011/ual1220/ual1/codes/PAC/lib/linux -lPacOptics  -L/home/ualusr2011/ual1220/ual1/codes/PAC/lib/linux -lPac  -L/home/ualusr2011/ual1220/ual1/codes/PAC/lib/linux -lPacSurvey -L/home/ualusr2011/ual1220/ual1/codes/ZLIB/lib/linux -lZTps -L/home/ualusr2011/ual1220/ual1/tools/lib/linux		-lgsl -lgslcblas
cp /dev/null /home/ualusr2011/ual1220/ual1/codes/ETEAPOT2/lib/linux/obj/dummy
g++                                     -shared                                 -o /home/ualusr2011/ual1220/ual1/codes/ETEAPOT2/lib/linux/libETeapot2.so /home/ualusr2011/ual1220/ual1/codes/ETEAPOT2/lib/linux/obj/bend.o /home/ualusr2011/ual1220/ual1/codes/ETEAPOT2/lib/linux/obj/drift.o /home/ualusr2011/ual1220/ual1/codes/ETEAPOT2/lib/linux/obj/marker.o /home/ualusr2011/ual1220/ual1/codes/ETEAPOT2/lib/linux/obj/oct.o /home/ualusr2011/ual1220/ual1/codes/ETEAPOT2/lib/linux/obj/quad.o /home/ualusr2011/ual1220/ual1/codes/ETEAPOT2/lib/linux/obj/rfCavity.o /home/ualusr2011/ual1220/ual1/codes/ETEAPOT2/lib/linux/obj/sext.o /home/ualusr2011/ual1220/ual1/codes/ETEAPOT2/lib/linux/obj/TrackerFactory.o -L/home/ualusr2011/ual1220/ual1/codes/ETEAPOT2/lib/linux -L/home/ualusr2011/ual1220/ual1/codes/PAC/lib/linux -L/home/ualusr2011/ual1220/ual1/codes/ZLIB/lib/linux -L/home/ualusr2011/ual1220/ual1/codes/UAL/lib/linux -lUal -ldl -L/home/ualusr2011/ual1220/ual1/codes/TEAPOT/lib/linux -lTeapot -L/home/ualusr2011/ual1220/ual1/codes/UAL/lib/linux -lUal -L/home/ualusr2011/ual1220/ual1/codes/ETEAPOT/lib/linux -lETeapot -L/home/ualusr2011/ual1220/ual1/codes/ETEAPOT_MltTurn/lib/linux -lETEAPOT_MltTurn -L/home/ualusr2011/ual1220/ual1/tools/lib/linux		-lgsl -lgslcblas -L/home/ualusr2011/ual1220/ual1/codes/PAC/lib/linux -lPacSMF -L/home/ualusr2011/ual1220/ual1/codes/PAC/lib/linux -lPacOptics  -L/home/ualusr2011/ual1220/ual1/codes/PAC/lib/linux -lPac  -L/home/ualusr2011/ual1220/ual1/codes/PAC/lib/linux -lPacSurvey -L/home/ualusr2011/ual1220/ual1/codes/ZLIB/lib/linux -lZTps -L/home/ualusr2011/ual1220/ual1/tools/lib/linux		-lgsl -lgslcblas
make[3]: Leaving directory `/home/ualusr2011/ual1220/ual1/codes/ETEAPOT2/src'
make[2]: Leaving directory `/home/ualusr2011/ual1220/ual1/codes/ETEAPOT2'
make[2]: Entering directory `/home/ualusr2011/ual1220/ual1/codes/ACCSIM'
make[3]: Entering directory `/home/ualusr2011/ual1220/ual1/codes/ACCSIM/src'
(if [ !  -d /home/ualusr2011/ual1220/ual1/codes/ACCSIM/include ]; \
	then mkdir  /home/ualusr2011/ual1220/ual1/codes/ACCSIM/include; fi;)
(if [ !  -d /home/ualusr2011/ual1220/ual1/codes/ACCSIM/include/ACCSIM ]; \
	then mkdir  /home/ualusr2011/ual1220/ual1/codes/ACCSIM/include/ACCSIM; fi;)
(if [ !  -d /home/ualusr2011/ual1220/ual1/codes/ACCSIM/lib ]; \
	then mkdir  /home/ualusr2011/ual1220/ual1/codes/ACCSIM/lib; fi;)	
(if [ !  -d /home/ualusr2011/ual1220/ual1/codes/ACCSIM/lib/linux ]; \
	then mkdir  /home/ualusr2011/ual1220/ual1/codes/ACCSIM/lib/linux; fi;)
(if [ !  -d /home/ualusr2011/ual1220/ual1/codes/ACCSIM/lib/linux/obj ]; \
	then mkdir  /home/ualusr2011/ual1220/ual1/codes/ACCSIM/lib/linux/obj; fi;)	
make[4]: Entering directory `/home/ualusr2011/ual1220/ual1/codes/ACCSIM/src/ACCSIM'
make[5]: Entering directory `/home/ualusr2011/ual1220/ual1/codes/ACCSIM/src/ACCSIM/Base'
g++                                     -g -fpic  -O0 -fno-inline -Wall  -Wno-deprecated       -I/home/ualusr2011/ual1220/ual1/codes/ACCSIM/src  -I/home/ualusr2011/ual1220/ual1/codes/PAC/src  -I/home/ualusr2011/ual1220/ual1/codes/UAL/include  -c BasicPropagator.cc -o /home/ualusr2011/ual1220/ual1/codes/ACCSIM/lib/linux/obj/BasicPropagator.o;
g++                                     -g -fpic  -O0 -fno-inline -Wall  -Wno-deprecated       -I/home/ualusr2011/ual1220/ual1/codes/ACCSIM/src  -I/home/ualusr2011/ual1220/ual1/codes/PAC/src  -I/home/ualusr2011/ual1220/ual1/codes/UAL/include  -c RandomNumberGenerator.cc -o /home/ualusr2011/ual1220/ual1/codes/ACCSIM/lib/linux/obj/RandomNumberGenerator.o;
g++                                     -g -fpic  -O0 -fno-inline -Wall  -Wno-deprecated       -I/home/ualusr2011/ual1220/ual1/codes/ACCSIM/src  -I/home/ualusr2011/ual1220/ual1/codes/PAC/src  -I/home/ualusr2011/ual1220/ual1/codes/UAL/include  -c UniformGenerator.cc -o /home/ualusr2011/ual1220/ual1/codes/ACCSIM/lib/linux/obj/UniformGenerator.o;
g++                                     -g -fpic  -O0 -fno-inline -Wall  -Wno-deprecated       -I/home/ualusr2011/ual1220/ual1/codes/ACCSIM/src  -I/home/ualusr2011/ual1220/ual1/codes/PAC/src  -I/home/ualusr2011/ual1220/ual1/codes/UAL/include  -c GaussianGenerator.cc -o /home/ualusr2011/ual1220/ual1/codes/ACCSIM/lib/linux/obj/GaussianGenerator.o;
g++                                     -g -fpic  -O0 -fno-inline -Wall  -Wno-deprecated       -I/home/ualusr2011/ual1220/ual1/codes/ACCSIM/src  -I/home/ualusr2011/ual1220/ual1/codes/PAC/src  -I/home/ualusr2011/ual1220/ual1/codes/UAL/include  -c TeapotGenerator.cc -o /home/ualusr2011/ual1220/ual1/codes/ACCSIM/lib/linux/obj/TeapotGenerator.o;
g++                                     -g -fpic  -O0 -fno-inline -Wall  -Wno-deprecated       -I/home/ualusr2011/ual1220/ual1/codes/ACCSIM/src  -I/home/ualusr2011/ual1220/ual1/codes/PAC/src  -I/home/ualusr2011/ual1220/ual1/codes/UAL/include  -c OrbitGaussianGenerator.cc -o /home/ualusr2011/ual1220/ual1/codes/ACCSIM/lib/linux/obj/OrbitGaussianGenerator.o;
g++                                     -g -fpic  -O0 -fno-inline -Wall  -Wno-deprecated       -I/home/ualusr2011/ual1220/ual1/codes/ACCSIM/src  -I/home/ualusr2011/ual1220/ual1/codes/PAC/src  -I/home/ualusr2011/ual1220/ual1/codes/UAL/include  -c OrbitUniformGenerator.cc -o /home/ualusr2011/ual1220/ual1/codes/ACCSIM/lib/linux/obj/OrbitUniformGenerator.o;
(if [ !  -d /home/ualusr2011/ual1220/ual1/codes/ACCSIM/include/ACCSIM/Base ]; \
	then mkdir /home/ualusr2011/ual1220/ual1/codes/ACCSIM/include/ACCSIM/Base; fi;)
cp Def.hh BasicPropagator.hh GaussianGenerator.hh RandomNumberGenerator.hh UniformGenerator.hh /home/ualusr2011/ual1220/ual1/codes/ACCSIM/include/ACCSIM/Base/.	
make[5]: Leaving directory `/home/ualusr2011/ual1220/ual1/codes/ACCSIM/src/ACCSIM/Base'
make[5]: Entering directory `/home/ualusr2011/ual1220/ual1/codes/ACCSIM/src/ACCSIM/Bunch'
g++                                     -g -fpic  -O0 -fno-inline -Wall  -Wno-deprecated       -I/home/ualusr2011/ual1220/ual1/codes/ACCSIM/src  -I/home/ualusr2011/ual1220/ual1/codes/PAC/src  -I/home/ualusr2011/ual1220/ual1/codes/UAL/include  -c BunchAnalyzer.cc -o /home/ualusr2011/ual1220/ual1/codes/ACCSIM/lib/linux/obj/BunchAnalyzer.o;
g++                                     -g -fpic  -O0 -fno-inline -Wall  -Wno-deprecated       -I/home/ualusr2011/ual1220/ual1/codes/ACCSIM/src  -I/home/ualusr2011/ual1220/ual1/codes/PAC/src  -I/home/ualusr2011/ual1220/ual1/codes/UAL/include  -c BunchGenerator.cc -o /home/ualusr2011/ual1220/ual1/codes/ACCSIM/lib/linux/obj/BunchGenerator.o;
(if [ !  -d /home/ualusr2011/ual1220/ual1/codes/ACCSIM/include/ACCSIM/Bunch ]; \
	then mkdir /home/ualusr2011/ual1220/ual1/codes/ACCSIM/include/ACCSIM/Bunch; fi;)
cp BunchAnalyzer.hh BunchGenerator.hh  /home/ualusr2011/ual1220/ual1/codes/ACCSIM/include/ACCSIM/Bunch/.	
make[5]: Leaving directory `/home/ualusr2011/ual1220/ual1/codes/ACCSIM/src/ACCSIM/Bunch'
make[5]: Entering directory `/home/ualusr2011/ual1220/ual1/codes/ACCSIM/src/ACCSIM/Collimator'
g++                                     -g -fpic  -O0 -fno-inline -Wall  -Wno-deprecated       -I/home/ualusr2011/ual1220/ual1/codes/ACCSIM/src  -I/home/ualusr2011/ual1220/ual1/codes/PAC/src  -I/home/ualusr2011/ual1220/ual1/codes/UAL/include  -I/home/ualusr2011/ual1220/ual1/codes/PAC/src -I/home/ualusr2011/ual1220/ual1/codes/ZLIB/src -c FermiScatter.cc -o /home/ualusr2011/ual1220/ual1/codes/ACCSIM/lib/linux/obj/FermiScatter.o;
g++                                     -g -fpic  -O0 -fno-inline -Wall  -Wno-deprecated       -I/home/ualusr2011/ual1220/ual1/codes/ACCSIM/src  -I/home/ualusr2011/ual1220/ual1/codes/PAC/src  -I/home/ualusr2011/ual1220/ual1/codes/UAL/include  -I/home/ualusr2011/ual1220/ual1/codes/PAC/src -I/home/ualusr2011/ual1220/ual1/codes/ZLIB/src -c BetheBlochSlower.cc -o /home/ualusr2011/ual1220/ual1/codes/ACCSIM/lib/linux/obj/BetheBlochSlower.o;
g++                                     -g -fpic  -O0 -fno-inline -Wall  -Wno-deprecated       -I/home/ualusr2011/ual1220/ual1/codes/ACCSIM/src  -I/home/ualusr2011/ual1220/ual1/codes/PAC/src  -I/home/ualusr2011/ual1220/ual1/codes/UAL/include  -I/home/ualusr2011/ual1220/ual1/codes/PAC/src -I/home/ualusr2011/ual1220/ual1/codes/ZLIB/src -c NuclearInteraction.cc -o /home/ualusr2011/ual1220/ual1/codes/ACCSIM/lib/linux/obj/NuclearInteraction.o;
g++                                     -g -fpic  -O0 -fno-inline -Wall  -Wno-deprecated       -I/home/ualusr2011/ual1220/ual1/codes/ACCSIM/src  -I/home/ualusr2011/ual1220/ual1/codes/PAC/src  -I/home/ualusr2011/ual1220/ual1/codes/UAL/include  -I/home/ualusr2011/ual1220/ual1/codes/PAC/src -I/home/ualusr2011/ual1220/ual1/codes/ZLIB/src -c CollimatorTracker.cc -o /home/ualusr2011/ual1220/ual1/codes/ACCSIM/lib/linux/obj/CollimatorTracker.o;
In file included from /home/ualusr2011/ual1220/ual1/codes/UAL/include/UAL/APF/PropagatorFactory.hh:10:0,
                 from CollimatorTracker.cc:10:
/home/ualusr2011/ual1220/ual1/codes/UAL/include/UAL/APF/PropagatorNodePtr.hh: In destructor ‘virtual UAL::PropagatorNodePtr::CountHolder::~CountHolder()’:
/home/ualusr2011/ual1220/ual1/codes/UAL/include/UAL/APF/PropagatorNodePtr.hh:50:31: warning: deleting object of abstract class type ‘UAL::PropagatorNode’ which has non-virtual destructor will cause undefined behaviour [-Wdelete-non-virtual-dtor]
       ~CountHolder() { delete m_pointee; }
                               ^
In file included from /home/ualusr2011/ual1220/ual1/codes/PAC/src/Templates/PacOrderedList.h:6:0,
                 from /home/ualusr2011/ual1220/ual1/codes/PAC/src/SMF/PacElemAttributes.h:12,
                 from /home/ualusr2011/ual1220/ual1/codes/PAC/src/SMF/PacElemPart.h:10,
                 from /home/ualusr2011/ual1220/ual1/codes/PAC/src/SMF/PacGenElement.h:16,
                 from /home/ualusr2011/ual1220/ual1/codes/PAC/src/SMF/PacLine.h:12,
                 from /home/ualusr2011/ual1220/ual1/codes/PAC/src/SMF/PacLattice.h:14,
                 from CollimatorTracker.cc:13:
/home/ualusr2011/ual1220/ual1/codes/PAC/src/Templates/PacRbTree.h: In member function ‘std::pair<std::_Rb_tree_iterator<_Val>, bool> PacRbTree<_Key, _Value, _KeyOfValue, _Compare, _Alloc>::insert_unique(const _Val&)’:
/home/ualusr2011/ual1220/ual1/codes/PAC/src/Templates/PacRbTree.h:76:10: warning: suggest explicit braces to avoid ambiguous ‘else’ [-Wparentheses]
       if (__comp)
          ^
(if [ !  -d /home/ualusr2011/ual1220/ual1/codes/ACCSIM/include/ACCSIM/Collimator ]; \
	then mkdir  /home/ualusr2011/ual1220/ual1/codes/ACCSIM/include/ACCSIM/Collimator; fi;)
cp  FermiScatter.hh BetheBlochSlower.hh NuclearInteraction.hh CollimatorTracker.hh IMaterialPropagator.hh /home/ualusr2011/ual1220/ual1/codes/ACCSIM/include/ACCSIM/Collimator/.
make[5]: Leaving directory `/home/ualusr2011/ual1220/ual1/codes/ACCSIM/src/ACCSIM/Collimator'
g++                                     -shared                                 -o /home/ualusr2011/ual1220/ual1/codes/ACCSIM/lib/linux/libAccsim.so  /home/ualusr2011/ual1220/ual1/codes/ACCSIM/lib/linux/obj/BasicPropagator.o /home/ualusr2011/ual1220/ual1/codes/ACCSIM/lib/linux/obj/RandomNumberGenerator.o /home/ualusr2011/ual1220/ual1/codes/ACCSIM/lib/linux/obj/UniformGenerator.o /home/ualusr2011/ual1220/ual1/codes/ACCSIM/lib/linux/obj/GaussianGenerator.o /home/ualusr2011/ual1220/ual1/codes/ACCSIM/lib/linux/obj/TeapotGenerator.o /home/ualusr2011/ual1220/ual1/codes/ACCSIM/lib/linux/obj/OrbitGaussianGenerator.o /home/ualusr2011/ual1220/ual1/codes/ACCSIM/lib/linux/obj/OrbitUniformGenerator.o 		 /home/ualusr2011/ual1220/ual1/codes/ACCSIM/lib/linux/obj/BunchAnalyzer.o /home/ualusr2011/ual1220/ual1/codes/ACCSIM/lib/linux/obj/BunchGenerator.o  /home/ualusr2011/ual1220/ual1/codes/ACCSIM/lib/linux/obj/FermiScatter.o /home/ualusr2011/ual1220/ual1/codes/ACCSIM/lib/linux/obj/BetheBlochSlower.o /home/ualusr2011/ual1220/ual1/codes/ACCSIM/lib/linux/obj/NuclearInteraction.o /home/ualusr2011/ual1220/ual1/codes/ACCSIM/lib/linux/obj/CollimatorTracker.o  -L/home/ualusr2011/ual1220/ual1/codes/ACCSIM/lib/linux -L/home/ualusr2011/ual1220/ual1/codes/PAC/lib/linux -L/home/ualusr2011/ual1220/ual1/codes/UAL/lib/linux -lUal  -L/home/ualusr2011/ual1220/ual1/codes/PAC/lib/linux -lPac
make[4]: Leaving directory `/home/ualusr2011/ual1220/ual1/codes/ACCSIM/src/ACCSIM'
make[3]: Leaving directory `/home/ualusr2011/ual1220/ual1/codes/ACCSIM/src'
make[3]: Entering directory `/home/ualusr2011/ual1220/ual1/codes/ACCSIM/api'
Checking if your kit is complete...
Looks good
Writing Makefile for Accsim::Bunch
Writing MYMETA.yml and MYMETA.json
make[4]: Entering directory `/home/ualusr2011/ual1220/ual1/codes/ACCSIM/api/Bunch'
/usr/bin/perl /usr/share/perl5/vendor_perl/ExtUtils/xsubpp  -C++ -prototypes -typemap /usr/share/perl5/ExtUtils/typemap -typemap typemap  Bunch.xs > Bunch.xsc && mv Bunch.xsc Bunch.c
g++ -D_SYS_TIMES_H_ -c  -I/home/ualusr2011/ual1220/ual1/codes/ACCSIM/src -I/home/ualusr2011/ual1220/ual1/codes/PAC/src -I/home/ualusr2011/ual1220/ual1/codes/UAL/include -D_REENTRANT -D_GNU_SOURCE -fno-strict-aliasing -pipe -fstack-protector -I/usr/local/include -D_LARGEFILE_SOURCE -D_FILE_OFFSET_BITS=64 -O2 -g -pipe -Wall -Wp,-D_FORTIFY_SOURCE=2 -fexceptions -fstack-protector-strong --param=ssp-buffer-size=4 -grecord-gcc-switches -m64 -mtune=generic   -DVERSION=\"1.00\" -DXS_VERSION=\"1.00\" -fPIC "-I/usr/lib64/perl5/CORE"  -DHAS_BOOL -Ubool Bunch.c
Running Mkbootstrap for Accsim::Bunch ()
chmod 644 Bunch.bs
rm -f /home/ualusr2011/ual1220/ual1/codes/ACCSIM/api/blib/linux/arch/auto/Accsim/Bunch/Bunch.so
g++  -shared -O2 -g -pipe -Wall -Wp,-D_FORTIFY_SOURCE=2 -fexceptions -fstack-protector-strong --param=ssp-buffer-size=4 -grecord-gcc-switches -m64 -mtune=generic -Wl,-z,relro  Bunch.o  -o /home/ualusr2011/ual1220/ual1/codes/ACCSIM/api/blib/linux/arch/auto/Accsim/Bunch/Bunch.so 	\
   -L/home/ualusr2011/ual1220/ual1/codes/ACCSIM/lib/linux -lAccsim -L/home/ualusr2011/ual1220/ual1/codes/PAC/lib/linux -lPac -L/home/ualusr2011/ual1220/ual1/codes/UAL/lib/linux -lUal  	\
  
chmod 755 /home/ualusr2011/ual1220/ual1/codes/ACCSIM/api/blib/linux/arch/auto/Accsim/Bunch/Bunch.so
cp Bunch.bs /home/ualusr2011/ual1220/ual1/codes/ACCSIM/api/blib/linux/arch/auto/Accsim/Bunch/Bunch.bs
chmod 644 /home/ualusr2011/ual1220/ual1/codes/ACCSIM/api/blib/linux/arch/auto/Accsim/Bunch/Bunch.bs
make[4]: Leaving directory `/home/ualusr2011/ual1220/ual1/codes/ACCSIM/api/Bunch'
make[3]: Leaving directory `/home/ualusr2011/ual1220/ual1/codes/ACCSIM/api'
make[2]: Leaving directory `/home/ualusr2011/ual1220/ual1/codes/ACCSIM'
make[2]: Entering directory `/home/ualusr2011/ual1220/ual1/codes/SPINK'
make[3]: Entering directory `/home/ualusr2011/ual1220/ual1/codes/SPINK/src'
(if [ !  -d /home/ualusr2011/ual1220/ual1/codes/SPINK/include ]; then mkdir  /home/ualusr2011/ual1220/ual1/codes/SPINK/include; fi;)
(if [ !  -d /home/ualusr2011/ual1220/ual1/codes/SPINK/lib ]; \
	then mkdir  /home/ualusr2011/ual1220/ual1/codes/SPINK/lib; fi;)	
(if [ !  -d /home/ualusr2011/ual1220/ual1/codes/SPINK/lib/linux ]; \
	then mkdir  /home/ualusr2011/ual1220/ual1/codes/SPINK/lib/linux; fi;)
(if [ !  -d /home/ualusr2011/ual1220/ual1/codes/SPINK/lib/linux/obj ]; \
	then mkdir  /home/ualusr2011/ual1220/ual1/codes/SPINK/lib/linux/obj; fi;)
make[4]: Entering directory `/home/ualusr2011/ual1220/ual1/codes/SPINK/src/SPINK'
(if [ !  -d /home/ualusr2011/ual1220/ual1/codes/SPINK/include/SPINK ]; then mkdir  /home/ualusr2011/ual1220/ual1/codes/SPINK/include/SPINK; fi;)
make[5]: Entering directory `/home/ualusr2011/ual1220/ual1/codes/SPINK/src/SPINK/Propagator'
g++                                     -g -fpic  -O0 -fno-inline -Wall  -Wno-deprecated       -I/home/ualusr2011/ual1220/ual1/codes/SPINK/src/SPINK/Propagator -I/home/ualusr2011/ual1220/ual1/codes/SPINK/src -I/home/ualusr2011/ual1220/ual1/codes/TEAPOT/src -I/home/ualusr2011/ual1220/ual1/codes/PAC/src -I/home/ualusr2011/ual1220/ual1/codes/ZLIB/src -I/home/ualusr2011/ual1220/ual1/codes/UAL/include -I/home/ualusr2011/ual1220/ual1/codes/PAC/include -c SpinPropagator.cc -o /home/ualusr2011/ual1220/ual1/codes/SPINK/lib/linux/obj/SpinPropagator.o;
In file included from /home/ualusr2011/ual1220/ual1/codes/SPINK/src/SPINK/Propagator/SpinPropagator.hh:10:0,
                 from SpinPropagator.cc:7:
/home/ualusr2011/ual1220/ual1/codes/UAL/include/UAL/APF/PropagatorNodePtr.hh: In destructor ‘virtual UAL::PropagatorNodePtr::CountHolder::~CountHolder()’:
/home/ualusr2011/ual1220/ual1/codes/UAL/include/UAL/APF/PropagatorNodePtr.hh:50:31: warning: deleting object of abstract class type ‘UAL::PropagatorNode’ which has non-virtual destructor will cause undefined behaviour [-Wdelete-non-virtual-dtor]
       ~CountHolder() { delete m_pointee; }
                               ^
In file included from /home/ualusr2011/ual1220/ual1/codes/PAC/src/Templates/PacOrderedList.h:6:0,
                 from /home/ualusr2011/ual1220/ual1/codes/PAC/src/SMF/PacElemAttributes.h:12,
                 from /home/ualusr2011/ual1220/ual1/codes/PAC/src/SMF/PacElemPart.h:10,
                 from /home/ualusr2011/ual1220/ual1/codes/PAC/src/SMF/PacGenElement.h:16,
                 from /home/ualusr2011/ual1220/ual1/codes/PAC/src/SMF/PacLattElement.h:12,
                 from /home/ualusr2011/ual1220/ual1/codes/SPINK/src/SPINK/Propagator/SpinPropagator.hh:12,
                 from SpinPropagator.cc:7:
/home/ualusr2011/ual1220/ual1/codes/PAC/src/Templates/PacRbTree.h: In member function ‘std::pair<std::_Rb_tree_iterator<_Val>, bool> PacRbTree<_Key, _Value, _KeyOfValue, _Compare, _Alloc>::insert_unique(const _Val&)’:
/home/ualusr2011/ual1220/ual1/codes/PAC/src/Templates/PacRbTree.h:76:10: warning: suggest explicit braces to avoid ambiguous ‘else’ [-Wparentheses]
       if (__comp)
          ^
g++                                     -g -fpic  -O0 -fno-inline -Wall  -Wno-deprecated       -I/home/ualusr2011/ual1220/ual1/codes/SPINK/src/SPINK/Propagator -I/home/ualusr2011/ual1220/ual1/codes/SPINK/src -I/home/ualusr2011/ual1220/ual1/codes/TEAPOT/src -I/home/ualusr2011/ual1220/ual1/codes/PAC/src -I/home/ualusr2011/ual1220/ual1/codes/ZLIB/src -I/home/ualusr2011/ual1220/ual1/codes/UAL/include -I/home/ualusr2011/ual1220/ual1/codes/PAC/include -c SpinTracker.cc -o /home/ualusr2011/ual1220/ual1/codes/SPINK/lib/linux/obj/SpinTracker.o;
In file included from /home/ualusr2011/ual1220/ual1/codes/UAL/include/UAL/APF/PropagatorFactory.hh:10:0,
                 from SpinTracker.cc:7:
/home/ualusr2011/ual1220/ual1/codes/UAL/include/UAL/APF/PropagatorNodePtr.hh: In destructor ‘virtual UAL::PropagatorNodePtr::CountHolder::~CountHolder()’:
/home/ualusr2011/ual1220/ual1/codes/UAL/include/UAL/APF/PropagatorNodePtr.hh:50:31: warning: deleting object of abstract class type ‘UAL::PropagatorNode’ which has non-virtual destructor will cause undefined behaviour [-Wdelete-non-virtual-dtor]
       ~CountHolder() { delete m_pointee; }
                               ^
In file included from /home/ualusr2011/ual1220/ual1/codes/PAC/src/Templates/PacOrderedList.h:6:0,
                 from /home/ualusr2011/ual1220/ual1/codes/PAC/src/SMF/PacElemAttributes.h:12,
                 from /home/ualusr2011/ual1220/ual1/codes/PAC/src/SMF/PacElemPart.h:10,
                 from /home/ualusr2011/ual1220/ual1/codes/PAC/src/SMF/PacGenElement.h:16,
                 from /home/ualusr2011/ual1220/ual1/codes/PAC/src/SMF/PacLattElement.h:12,
                 from /home/ualusr2011/ual1220/ual1/codes/TEAPOT/src/TEAPOT/Integrator/BasicTracker.hh:13,
                 from /home/ualusr2011/ual1220/ual1/codes/TEAPOT/src/TEAPOT/Integrator/DriftTracker.hh:10,
                 from /home/ualusr2011/ual1220/ual1/codes/TEAPOT/src/TEAPOT/Integrator/TrackerFactory.hh:13,
                 from SpinTracker.cc:9:
/home/ualusr2011/ual1220/ual1/codes/PAC/src/Templates/PacRbTree.h: In member function ‘std::pair<std::_Rb_tree_iterator<_Val>, bool> PacRbTree<_Key, _Value, _KeyOfValue, _Compare, _Alloc>::insert_unique(const _Val&)’:
/home/ualusr2011/ual1220/ual1/codes/PAC/src/Templates/PacRbTree.h:76:10: warning: suggest explicit braces to avoid ambiguous ‘else’ [-Wparentheses]
       if (__comp)
          ^
g++                                     -g -fpic  -O0 -fno-inline -Wall  -Wno-deprecated       -I/home/ualusr2011/ual1220/ual1/codes/SPINK/src/SPINK/Propagator -I/home/ualusr2011/ual1220/ual1/codes/SPINK/src -I/home/ualusr2011/ual1220/ual1/codes/TEAPOT/src -I/home/ualusr2011/ual1220/ual1/codes/PAC/src -I/home/ualusr2011/ual1220/ual1/codes/ZLIB/src -I/home/ualusr2011/ual1220/ual1/codes/UAL/include -I/home/ualusr2011/ual1220/ual1/codes/PAC/include -c SpinTrackerWriter.cc -o /home/ualusr2011/ual1220/ual1/codes/SPINK/lib/linux/obj/SpinTrackerWriter.o;
g++                                     -g -fpic  -O0 -fno-inline -Wall  -Wno-deprecated       -I/home/ualusr2011/ual1220/ual1/codes/SPINK/src/SPINK/Propagator -I/home/ualusr2011/ual1220/ual1/codes/SPINK/src -I/home/ualusr2011/ual1220/ual1/codes/TEAPOT/src -I/home/ualusr2011/ual1220/ual1/codes/PAC/src -I/home/ualusr2011/ual1220/ual1/codes/ZLIB/src -I/home/ualusr2011/ual1220/ual1/codes/UAL/include -I/home/ualusr2011/ual1220/ual1/codes/PAC/include -c DipoleTracker.cc -o /home/ualusr2011/ual1220/ual1/codes/SPINK/lib/linux/obj/DipoleTracker.o;
In file included from /home/ualusr2011/ual1220/ual1/codes/UAL/include/UAL/APF/PropagatorFactory.hh:10:0,
                 from DipoleTracker.cc:7:
/home/ualusr2011/ual1220/ual1/codes/UAL/include/UAL/APF/PropagatorNodePtr.hh: In destructor ‘virtual UAL::PropagatorNodePtr::CountHolder::~CountHolder()’:
/home/ualusr2011/ual1220/ual1/codes/UAL/include/UAL/APF/PropagatorNodePtr.hh:50:31: warning: deleting object of abstract class type ‘UAL::PropagatorNode’ which has non-virtual destructor will cause undefined behaviour [-Wdelete-non-virtual-dtor]
       ~CountHolder() { delete m_pointee; }
                               ^
In file included from /home/ualusr2011/ual1220/ual1/codes/PAC/src/Templates/PacOrderedList.h:6:0,
                 from /home/ualusr2011/ual1220/ual1/codes/PAC/src/SMF/PacElemAttributes.h:12,
                 from /home/ualusr2011/ual1220/ual1/codes/PAC/src/SMF/PacElemPart.h:10,
                 from /home/ualusr2011/ual1220/ual1/codes/PAC/src/SMF/PacGenElement.h:16,
                 from /home/ualusr2011/ual1220/ual1/codes/PAC/src/SMF/PacLattElement.h:12,
                 from /home/ualusr2011/ual1220/ual1/codes/TEAPOT/src/TEAPOT/Integrator/BasicTracker.hh:13,
                 from /home/ualusr2011/ual1220/ual1/codes/TEAPOT/src/TEAPOT/Integrator/DriftTracker.hh:10,
                 from /home/ualusr2011/ual1220/ual1/codes/TEAPOT/src/TEAPOT/Integrator/TrackerFactory.hh:13,
                 from DipoleTracker.cc:9:
/home/ualusr2011/ual1220/ual1/codes/PAC/src/Templates/PacRbTree.h: In member function ‘std::pair<std::_Rb_tree_iterator<_Val>, bool> PacRbTree<_Key, _Value, _KeyOfValue, _Compare, _Alloc>::insert_unique(const _Val&)’:
/home/ualusr2011/ual1220/ual1/codes/PAC/src/Templates/PacRbTree.h:76:10: warning: suggest explicit braces to avoid ambiguous ‘else’ [-Wparentheses]
       if (__comp)
          ^
DipoleTracker.cc: In member function ‘void SPINK::DipoleTracker::propagateSpin(PAC::BeamAttributes&, PAC::Particle&)’:
DipoleTracker.cc:369:10: warning: unused variable ‘s2’ [-Wunused-variable]
   double s2 = sx1*sx1 + sy1*sy1 + sz1*sz1;
          ^
DipoleTracker.cc:396:3: warning: label ‘std’ defined but not used [-Wunused-label]
   std:cout << " final Spin = " << sx1 << " " << sy1 << " " << sz1 << " \n";
   ^
g++                                     -g -fpic  -O0 -fno-inline -Wall  -Wno-deprecated       -I/home/ualusr2011/ual1220/ual1/codes/SPINK/src/SPINK/Propagator -I/home/ualusr2011/ual1220/ual1/codes/SPINK/src -I/home/ualusr2011/ual1220/ual1/codes/TEAPOT/src -I/home/ualusr2011/ual1220/ual1/codes/PAC/src -I/home/ualusr2011/ual1220/ual1/codes/ZLIB/src -I/home/ualusr2011/ual1220/ual1/codes/UAL/include -I/home/ualusr2011/ual1220/ual1/codes/PAC/include -c RFCavityTracker.cc -o /home/ualusr2011/ual1220/ual1/codes/SPINK/lib/linux/obj/RFCavityTracker.o;
In file included from /home/ualusr2011/ual1220/ual1/codes/UAL/include/UAL/APF/PropagatorFactory.hh:10:0,
                 from RFCavityTracker.cc:2:
/home/ualusr2011/ual1220/ual1/codes/UAL/include/UAL/APF/PropagatorNodePtr.hh: In destructor ‘virtual UAL::PropagatorNodePtr::CountHolder::~CountHolder()’:
/home/ualusr2011/ual1220/ual1/codes/UAL/include/UAL/APF/PropagatorNodePtr.hh:50:31: warning: deleting object of abstract class type ‘UAL::PropagatorNode’ which has non-virtual destructor will cause undefined behaviour [-Wdelete-non-virtual-dtor]
       ~CountHolder() { delete m_pointee; }
                               ^
In file included from /home/ualusr2011/ual1220/ual1/codes/PAC/src/Templates/PacOrderedList.h:6:0,
                 from /home/ualusr2011/ual1220/ual1/codes/PAC/src/SMF/PacElemAttributes.h:12,
                 from /home/ualusr2011/ual1220/ual1/codes/PAC/src/SMF/PacElemPart.h:10,
                 from /home/ualusr2011/ual1220/ual1/codes/PAC/src/SMF/PacGenElement.h:16,
                 from /home/ualusr2011/ual1220/ual1/codes/PAC/src/SMF/PacLine.h:12,
                 from /home/ualusr2011/ual1220/ual1/codes/PAC/src/SMF/PacLattice.h:14,
                 from RFCavityTracker.cc:4:
/home/ualusr2011/ual1220/ual1/codes/PAC/src/Templates/PacRbTree.h: In member function ‘std::pair<std::_Rb_tree_iterator<_Val>, bool> PacRbTree<_Key, _Value, _KeyOfValue, _Compare, _Alloc>::insert_unique(const _Val&)’:
/home/ualusr2011/ual1220/ual1/codes/PAC/src/Templates/PacRbTree.h:76:10: warning: suggest explicit braces to avoid ambiguous ‘else’ [-Wparentheses]
       if (__comp)
          ^
RFCavityTracker.cc: In member function ‘virtual void SPINK::RFCavityTracker::propagate(UAL::Probe&)’:
RFCavityTracker.cc:149:54: warning: variable ‘dp’ set but not used [-Wunused-but-set-variable]
   double e_old, p_old, e_new, p_new, vbyc, de, phase,dp;
                                                      ^
RFCavityTracker.cc:94:14: warning: variable ‘oldturn’ set but not used [-Wunused-but-set-variable]
   static int oldturn = -1;
              ^
g++                                     -g -fpic  -O0 -fno-inline -Wall  -Wno-deprecated       -I/home/ualusr2011/ual1220/ual1/codes/SPINK/src/SPINK/Propagator -I/home/ualusr2011/ual1220/ual1/codes/SPINK/src -I/home/ualusr2011/ual1220/ual1/codes/TEAPOT/src -I/home/ualusr2011/ual1220/ual1/codes/PAC/src -I/home/ualusr2011/ual1220/ual1/codes/ZLIB/src -I/home/ualusr2011/ual1220/ual1/codes/UAL/include -I/home/ualusr2011/ual1220/ual1/codes/PAC/include -c SnakeTransform.cc -o /home/ualusr2011/ual1220/ual1/codes/SPINK/lib/linux/obj/SnakeTransform.o;
In file included from /home/ualusr2011/ual1220/ual1/codes/UAL/include/UAL/APF/PropagatorFactory.hh:10:0,
                 from SnakeTransform.cc:9:
/home/ualusr2011/ual1220/ual1/codes/UAL/include/UAL/APF/PropagatorNodePtr.hh: In destructor ‘virtual UAL::PropagatorNodePtr::CountHolder::~CountHolder()’:
/home/ualusr2011/ual1220/ual1/codes/UAL/include/UAL/APF/PropagatorNodePtr.hh:50:31: warning: deleting object of abstract class type ‘UAL::PropagatorNode’ which has non-virtual destructor will cause undefined behaviour [-Wdelete-non-virtual-dtor]
       ~CountHolder() { delete m_pointee; }
                               ^
In file included from /home/ualusr2011/ual1220/ual1/codes/PAC/src/Templates/PacOrderedList.h:6:0,
                 from /home/ualusr2011/ual1220/ual1/codes/PAC/src/SMF/PacElemAttributes.h:12,
                 from /home/ualusr2011/ual1220/ual1/codes/PAC/src/SMF/PacElemPart.h:10,
                 from /home/ualusr2011/ual1220/ual1/codes/PAC/src/SMF/PacGenElement.h:16,
                 from /home/ualusr2011/ual1220/ual1/codes/PAC/src/SMF/PacLattElement.h:12,
                 from /home/ualusr2011/ual1220/ual1/codes/TEAPOT/src/TEAPOT/Integrator/BasicTracker.hh:13,
                 from /home/ualusr2011/ual1220/ual1/codes/TEAPOT/src/TEAPOT/Integrator/DriftTracker.hh:10,
                 from /home/ualusr2011/ual1220/ual1/codes/TEAPOT/src/TEAPOT/Integrator/TrackerFactory.hh:13,
                 from SnakeTransform.cc:11:
/home/ualusr2011/ual1220/ual1/codes/PAC/src/Templates/PacRbTree.h: In member function ‘std::pair<std::_Rb_tree_iterator<_Val>, bool> PacRbTree<_Key, _Value, _KeyOfValue, _Compare, _Alloc>::insert_unique(const _Val&)’:
/home/ualusr2011/ual1220/ual1/codes/PAC/src/Templates/PacRbTree.h:76:10: warning: suggest explicit braces to avoid ambiguous ‘else’ [-Wparentheses]
       if (__comp)
          ^
if [ ! -d /home/ualusr2011/ual1220/ual1/codes/SPINK/include/SPINK/Propagator ] ; then mkdir /home/ualusr2011/ual1220/ual1/codes/SPINK/include/SPINK/Propagator ; fi;
cp *.hh /home/ualusr2011/ual1220/ual1/codes/SPINK/include/SPINK/Propagator/.
make[5]: Leaving directory `/home/ualusr2011/ual1220/ual1/codes/SPINK/src/SPINK/Propagator'
g++                                     -shared                                 -o /home/ualusr2011/ual1220/ual1/codes/SPINK/lib/linux/libSpink.so  /home/ualusr2011/ual1220/ual1/codes/SPINK/lib/linux/obj/SpinPropagator.o /home/ualusr2011/ual1220/ual1/codes/SPINK/lib/linux/obj/SpinTracker.o /home/ualusr2011/ual1220/ual1/codes/SPINK/lib/linux/obj/SpinTrackerWriter.o /home/ualusr2011/ual1220/ual1/codes/SPINK/lib/linux/obj/DipoleTracker.o /home/ualusr2011/ual1220/ual1/codes/SPINK/lib/linux/obj/RFCavityTracker.o /home/ualusr2011/ual1220/ual1/codes/SPINK/lib/linux/obj/SnakeTransform.o  -L/home/ualusr2011/ual1220/ual1/codes/SPINK/lib/linux -L/home/ualusr2011/ual1220/ual1/codes/TEAPOT/lib/linux -L/home/ualusr2011/ual1220/ual1/codes/PAC/lib/linux -L/home/ualusr2011/ual1220/ual1/codes/UAL/lib/linux -lPac -lUal -lPacSMF -lTeapot -lPacOptics 
make[4]: Leaving directory `/home/ualusr2011/ual1220/ual1/codes/SPINK/src/SPINK'
make[3]: Leaving directory `/home/ualusr2011/ual1220/ual1/codes/SPINK/src'
make[2]: Leaving directory `/home/ualusr2011/ual1220/ual1/codes/SPINK'
make[2]: Entering directory `/home/ualusr2011/ual1220/ual1/codes/TIBETAN'
make[3]: Entering directory `/home/ualusr2011/ual1220/ual1/codes/TIBETAN/src'
(if [ !  -d /home/ualusr2011/ual1220/ual1/codes/TIBETAN/include ]; \
	 then mkdir  /home/ualusr2011/ual1220/ual1/codes/TIBETAN/include; fi;)
(if [ !  -d /home/ualusr2011/ual1220/ual1/codes/TIBETAN/lib ]; \
	then mkdir  /home/ualusr2011/ual1220/ual1/codes/TIBETAN/lib; fi;)	
(if [ !  -d /home/ualusr2011/ual1220/ual1/codes/TIBETAN/lib/linux ]; \
	then mkdir  /home/ualusr2011/ual1220/ual1/codes/TIBETAN/lib/linux; fi;)
(if [ !  -d /home/ualusr2011/ual1220/ual1/codes/TIBETAN/lib/linux/obj ]; \
	then mkdir  /home/ualusr2011/ual1220/ual1/codes/TIBETAN/lib/linux/obj; fi;)
make[4]: Entering directory `/home/ualusr2011/ual1220/ual1/codes/TIBETAN/src/TIBETAN'
(if [ !  -d /home/ualusr2011/ual1220/ual1/codes/TIBETAN/include/TIBETAN ]; \
	then mkdir  /home/ualusr2011/ual1220/ual1/codes/TIBETAN/include/TIBETAN; fi;)
make[5]: Entering directory `/home/ualusr2011/ual1220/ual1/codes/TIBETAN/src/TIBETAN/Base'
(if [ !  -d /home/ualusr2011/ual1220/ual1/codes/TIBETAN/include/TIBETAN/Base ]; \
	then mkdir /home/ualusr2011/ual1220/ual1/codes/TIBETAN/include/TIBETAN/Base; fi;)
cp *.hh /home/ualusr2011/ual1220/ual1/codes/TIBETAN/include/TIBETAN/Base/.	
make[5]: Leaving directory `/home/ualusr2011/ual1220/ual1/codes/TIBETAN/src/TIBETAN/Base'
make[5]: Entering directory `/home/ualusr2011/ual1220/ual1/codes/TIBETAN/src/TIBETAN/Propagator'
g++                                     -g -fpic  -O0 -fno-inline -Wall  -Wno-deprecated       -I/home/ualusr2011/ual1220/ual1/codes/TIBETAN/src -I/home/ualusr2011/ual1220/ual1/codes/TEAPOT/src -I/home/ualusr2011/ual1220/ual1/codes/PAC/src -I/home/ualusr2011/ual1220/ual1/codes/ZLIB/src -I/home/ualusr2011/ual1220/ual1/codes/UAL/include -c BasicPropagator.cc -o /home/ualusr2011/ual1220/ual1/codes/TIBETAN/lib/linux/obj/BasicPropagator.o;
g++                                     -g -fpic  -O0 -fno-inline -Wall  -Wno-deprecated       -I/home/ualusr2011/ual1220/ual1/codes/TIBETAN/src -I/home/ualusr2011/ual1220/ual1/codes/TEAPOT/src -I/home/ualusr2011/ual1220/ual1/codes/PAC/src -I/home/ualusr2011/ual1220/ual1/codes/ZLIB/src -I/home/ualusr2011/ual1220/ual1/codes/UAL/include -c SectorTracker.cc -o /home/ualusr2011/ual1220/ual1/codes/TIBETAN/lib/linux/obj/SectorTracker.o;
In file included from /home/ualusr2011/ual1220/ual1/codes/UAL/include/UAL/APF/PropagatorFactory.hh:10:0,
                 from SectorTracker.cc:3:
/home/ualusr2011/ual1220/ual1/codes/UAL/include/UAL/APF/PropagatorNodePtr.hh: In destructor ‘virtual UAL::PropagatorNodePtr::CountHolder::~CountHolder()’:
/home/ualusr2011/ual1220/ual1/codes/UAL/include/UAL/APF/PropagatorNodePtr.hh:50:31: warning: deleting object of abstract class type ‘UAL::PropagatorNode’ which has non-virtual destructor will cause undefined behaviour [-Wdelete-non-virtual-dtor]
       ~CountHolder() { delete m_pointee; }
                               ^
In file included from /home/ualusr2011/ual1220/ual1/codes/PAC/src/Templates/PacOrderedList.h:6:0,
                 from /home/ualusr2011/ual1220/ual1/codes/PAC/src/SMF/PacElemAttributes.h:12,
                 from /home/ualusr2011/ual1220/ual1/codes/PAC/src/SMF/PacElemPart.h:10,
                 from /home/ualusr2011/ual1220/ual1/codes/PAC/src/SMF/PacGenElement.h:16,
                 from /home/ualusr2011/ual1220/ual1/codes/PAC/src/SMF/PacLine.h:12,
                 from /home/ualusr2011/ual1220/ual1/codes/PAC/src/SMF/PacLattice.h:14,
                 from /home/ualusr2011/ual1220/ual1/codes/TIBETAN/src/TIBETAN/Propagator/SectorTracker.hh:13,
                 from SectorTracker.cc:4:
/home/ualusr2011/ual1220/ual1/codes/PAC/src/Templates/PacRbTree.h: In member function ‘std::pair<std::_Rb_tree_iterator<_Val>, bool> PacRbTree<_Key, _Value, _KeyOfValue, _Compare, _Alloc>::insert_unique(const _Val&)’:
/home/ualusr2011/ual1220/ual1/codes/PAC/src/Templates/PacRbTree.h:76:10: warning: suggest explicit braces to avoid ambiguous ‘else’ [-Wparentheses]
       if (__comp)
          ^
g++                                     -g -fpic  -O0 -fno-inline -Wall  -Wno-deprecated       -I/home/ualusr2011/ual1220/ual1/codes/TIBETAN/src -I/home/ualusr2011/ual1220/ual1/codes/TEAPOT/src -I/home/ualusr2011/ual1220/ual1/codes/PAC/src -I/home/ualusr2011/ual1220/ual1/codes/ZLIB/src -I/home/ualusr2011/ual1220/ual1/codes/UAL/include -c RFCavityTracker.cc -o /home/ualusr2011/ual1220/ual1/codes/TIBETAN/lib/linux/obj/RFCavityTracker.o;
In file included from /home/ualusr2011/ual1220/ual1/codes/UAL/include/UAL/APF/PropagatorFactory.hh:10:0,
                 from RFCavityTracker.cc:8:
/home/ualusr2011/ual1220/ual1/codes/UAL/include/UAL/APF/PropagatorNodePtr.hh: In destructor ‘virtual UAL::PropagatorNodePtr::CountHolder::~CountHolder()’:
/home/ualusr2011/ual1220/ual1/codes/UAL/include/UAL/APF/PropagatorNodePtr.hh:50:31: warning: deleting object of abstract class type ‘UAL::PropagatorNode’ which has non-virtual destructor will cause undefined behaviour [-Wdelete-non-virtual-dtor]
       ~CountHolder() { delete m_pointee; }
                               ^
In file included from /home/ualusr2011/ual1220/ual1/codes/PAC/src/Templates/PacOrderedList.h:6:0,
                 from /home/ualusr2011/ual1220/ual1/codes/PAC/src/SMF/PacElemAttributes.h:12,
                 from /home/ualusr2011/ual1220/ual1/codes/PAC/src/SMF/PacElemPart.h:10,
                 from /home/ualusr2011/ual1220/ual1/codes/PAC/src/SMF/PacGenElement.h:16,
                 from /home/ualusr2011/ual1220/ual1/codes/PAC/src/SMF/PacLine.h:12,
                 from /home/ualusr2011/ual1220/ual1/codes/PAC/src/SMF/PacLattice.h:14,
                 from RFCavityTracker.cc:10:
/home/ualusr2011/ual1220/ual1/codes/PAC/src/Templates/PacRbTree.h: In member function ‘std::pair<std::_Rb_tree_iterator<_Val>, bool> PacRbTree<_Key, _Value, _KeyOfValue, _Compare, _Alloc>::insert_unique(const _Val&)’:
/home/ualusr2011/ual1220/ual1/codes/PAC/src/Templates/PacRbTree.h:76:10: warning: suggest explicit braces to avoid ambiguous ‘else’ [-Wparentheses]
       if (__comp)
          ^
g++                                     -g -fpic  -O0 -fno-inline -Wall  -Wno-deprecated       -I/home/ualusr2011/ual1220/ual1/codes/TIBETAN/src -I/home/ualusr2011/ual1220/ual1/codes/TEAPOT/src -I/home/ualusr2011/ual1220/ual1/codes/PAC/src -I/home/ualusr2011/ual1220/ual1/codes/ZLIB/src -I/home/ualusr2011/ual1220/ual1/codes/UAL/include -c OneTurnTracker.cc -o /home/ualusr2011/ual1220/ual1/codes/TIBETAN/lib/linux/obj/OneTurnTracker.o;
In file included from /home/ualusr2011/ual1220/ual1/codes/UAL/include/UAL/APF/PropagatorFactory.hh:10:0,
                 from OneTurnTracker.cc:3:
/home/ualusr2011/ual1220/ual1/codes/UAL/include/UAL/APF/PropagatorNodePtr.hh: In destructor ‘virtual UAL::PropagatorNodePtr::CountHolder::~CountHolder()’:
/home/ualusr2011/ual1220/ual1/codes/UAL/include/UAL/APF/PropagatorNodePtr.hh:50:31: warning: deleting object of abstract class type ‘UAL::PropagatorNode’ which has non-virtual destructor will cause undefined behaviour [-Wdelete-non-virtual-dtor]
       ~CountHolder() { delete m_pointee; }
                               ^
In file included from /home/ualusr2011/ual1220/ual1/codes/PAC/src/Templates/PacOrderedList.h:6:0,
                 from /home/ualusr2011/ual1220/ual1/codes/PAC/src/SMF/PacElemAttributes.h:12,
                 from /home/ualusr2011/ual1220/ual1/codes/PAC/src/SMF/PacElemPart.h:10,
                 from /home/ualusr2011/ual1220/ual1/codes/PAC/src/SMF/PacGenElement.h:16,
                 from /home/ualusr2011/ual1220/ual1/codes/PAC/src/SMF/PacLine.h:12,
                 from /home/ualusr2011/ual1220/ual1/codes/PAC/src/SMF/PacLattice.h:14,
                 from /home/ualusr2011/ual1220/ual1/codes/TIBETAN/src/TIBETAN/Propagator/OneTurnTracker.hh:13,
                 from OneTurnTracker.cc:5:
/home/ualusr2011/ual1220/ual1/codes/PAC/src/Templates/PacRbTree.h: In member function ‘std::pair<std::_Rb_tree_iterator<_Val>, bool> PacRbTree<_Key, _Value, _KeyOfValue, _Compare, _Alloc>::insert_unique(const _Val&)’:
/home/ualusr2011/ual1220/ual1/codes/PAC/src/Templates/PacRbTree.h:76:10: warning: suggest explicit braces to avoid ambiguous ‘else’ [-Wparentheses]
       if (__comp)
          ^
OneTurnTracker.cc: In member function ‘virtual void TIBETAN::OneTurnTracker::propagate(UAL::Probe&)’:
OneTurnTracker.cc:113:10: warning: unused variable ‘revFreq’ [-Wunused-variable]
   double revFreq = bunch.getBeamAttributes().getRevfreq();
          ^
if [ ! -d /home/ualusr2011/ual1220/ual1/codes/TIBETAN/include/TIBETAN/Propagator ] ; \
	then mkdir /home/ualusr2011/ual1220/ual1/codes/TIBETAN/include/TIBETAN/Propagator ; fi;
cp *.hh /home/ualusr2011/ual1220/ual1/codes/TIBETAN/include/TIBETAN/Propagator/.
make[5]: Leaving directory `/home/ualusr2011/ual1220/ual1/codes/TIBETAN/src/TIBETAN/Propagator'
g++                                     -shared                                 -o /home/ualusr2011/ual1220/ual1/codes/TIBETAN/lib/linux/libTibetan.so  /home/ualusr2011/ual1220/ual1/codes/TIBETAN/lib/linux/obj/BasicPropagator.o /home/ualusr2011/ual1220/ual1/codes/TIBETAN/lib/linux/obj/SectorTracker.o /home/ualusr2011/ual1220/ual1/codes/TIBETAN/lib/linux/obj/RFCavityTracker.o /home/ualusr2011/ual1220/ual1/codes/TIBETAN/lib/linux/obj/OneTurnTracker.o  
cp *.i /home/ualusr2011/ual1220/ual1/codes/TIBETAN/include/TIBETAN/.
make[4]: Leaving directory `/home/ualusr2011/ual1220/ual1/codes/TIBETAN/src/TIBETAN'
make[3]: Leaving directory `/home/ualusr2011/ual1220/ual1/codes/TIBETAN/src'
make[2]: Leaving directory `/home/ualusr2011/ual1220/ual1/codes/TIBETAN'
make[2]: Entering directory `/home/ualusr2011/ual1220/ual1/codes/SIMBAD'
make[3]: Entering directory `/home/ualusr2011/ual1220/ual1/codes/SIMBAD/src'
(if [ !  -d /home/ualusr2011/ual1220/ual1/codes/SIMBAD/include ]; then mkdir  /home/ualusr2011/ual1220/ual1/codes/SIMBAD/include; fi;)
(if [ !  -d /home/ualusr2011/ual1220/ual1/codes/SIMBAD/lib ]; \
	then mkdir  /home/ualusr2011/ual1220/ual1/codes/SIMBAD/lib; fi;)	
(if [ !  -d /home/ualusr2011/ual1220/ual1/codes/SIMBAD/lib/linux ]; \
	then mkdir  /home/ualusr2011/ual1220/ual1/codes/SIMBAD/lib/linux; fi;)
(if [ !  -d /home/ualusr2011/ual1220/ual1/codes/SIMBAD/lib/linux/obj ]; \
	then mkdir  /home/ualusr2011/ual1220/ual1/codes/SIMBAD/lib/linux/obj; fi;)
make[4]: Entering directory `/home/ualusr2011/ual1220/ual1/codes/SIMBAD/src/SIMBAD'
(if [ !  -d /home/ualusr2011/ual1220/ual1/codes/SIMBAD/include/SIMBAD ]; then mkdir  /home/ualusr2011/ual1220/ual1/codes/SIMBAD/include/SIMBAD; fi;)
make[5]: Entering directory `/home/ualusr2011/ual1220/ual1/codes/SIMBAD/src/SIMBAD/Base'
g++                                     -g -fpic  -O0 -fno-inline -Wall  -Wno-deprecated       -I/home/ualusr2011/ual1220/ual1/codes/SIMBAD/src -I/home/ualusr2011/ual1220/ual1/codes/TEAPOT/src -I/home/ualusr2011/ual1220/ual1/codes/PAC/src -I/home/ualusr2011/ual1220/ual1/codes/ZLIB/src -I/home/ualusr2011/ual1220/ual1/codes/UAL/include -I/home/ualusr2011/ual1220/ual1/tools/include -c BasicPropagator.cc -o /home/ualusr2011/ual1220/ual1/codes/SIMBAD/lib/linux/obj/BasicPropagator.o;
(if [ !  -d /home/ualusr2011/ual1220/ual1/codes/SIMBAD/include/SIMBAD/Base ]; \
	then mkdir /home/ualusr2011/ual1220/ual1/codes/SIMBAD/include/SIMBAD/Base; fi;)
cp Def.hh BasicPropagator.hh  /home/ualusr2011/ual1220/ual1/codes/SIMBAD/include/SIMBAD/Base/.	
make[5]: Leaving directory `/home/ualusr2011/ual1220/ual1/codes/SIMBAD/src/SIMBAD/Base'
make[5]: Entering directory `/home/ualusr2011/ual1220/ual1/codes/SIMBAD/src/SIMBAD/Tracker'
g++                                     -g -fpic  -O0 -fno-inline -Wall  -Wno-deprecated       -I/home/ualusr2011/ual1220/ual1/codes/SIMBAD/src -I/home/ualusr2011/ual1220/ual1/codes/TEAPOT/src -I/home/ualusr2011/ual1220/ual1/codes/PAC/src -I/home/ualusr2011/ual1220/ual1/codes/ZLIB/src -I/home/ualusr2011/ual1220/ual1/codes/UAL/include -I/home/ualusr2011/ual1220/ual1/tools/include -c BasicTracker.cc -o /home/ualusr2011/ual1220/ual1/codes/SIMBAD/lib/linux/obj/BasicTracker.o;
In file included from /home/ualusr2011/ual1220/ual1/codes/PAC/src/Templates/PacOrderedList.h:6:0,
                 from /home/ualusr2011/ual1220/ual1/codes/PAC/src/SMF/PacElemAttributes.h:12,
                 from /home/ualusr2011/ual1220/ual1/codes/PAC/src/SMF/PacElemPart.h:10,
                 from /home/ualusr2011/ual1220/ual1/codes/PAC/src/SMF/PacGenElement.h:16,
                 from /home/ualusr2011/ual1220/ual1/codes/PAC/src/SMF/PacLattElement.h:12,
                 from /home/ualusr2011/ual1220/ual1/codes/SIMBAD/src/SIMBAD/Tracker/BasicTracker.hh:11,
                 from BasicTracker.cc:6:
/home/ualusr2011/ual1220/ual1/codes/PAC/src/Templates/PacRbTree.h: In member function ‘std::pair<std::_Rb_tree_iterator<_Val>, bool> PacRbTree<_Key, _Value, _KeyOfValue, _Compare, _Alloc>::insert_unique(const _Val&)’:
/home/ualusr2011/ual1220/ual1/codes/PAC/src/Templates/PacRbTree.h:76:10: warning: suggest explicit braces to avoid ambiguous ‘else’ [-Wparentheses]
       if (__comp)
          ^
g++                                     -g -fpic  -O0 -fno-inline -Wall  -Wno-deprecated       -I/home/ualusr2011/ual1220/ual1/codes/SIMBAD/src -I/home/ualusr2011/ual1220/ual1/codes/TEAPOT/src -I/home/ualusr2011/ual1220/ual1/codes/PAC/src -I/home/ualusr2011/ual1220/ual1/codes/ZLIB/src -I/home/ualusr2011/ual1220/ual1/codes/UAL/include -I/home/ualusr2011/ual1220/ual1/tools/include -c MatrixTracker.cc -o /home/ualusr2011/ual1220/ual1/codes/SIMBAD/lib/linux/obj/MatrixTracker.o;
In file included from /home/ualusr2011/ual1220/ual1/codes/UAL/include/UAL/APF/PropagatorFactory.hh:10:0,
                 from MatrixTracker.cc:2:
/home/ualusr2011/ual1220/ual1/codes/UAL/include/UAL/APF/PropagatorNodePtr.hh: In destructor ‘virtual UAL::PropagatorNodePtr::CountHolder::~CountHolder()’:
/home/ualusr2011/ual1220/ual1/codes/UAL/include/UAL/APF/PropagatorNodePtr.hh:50:31: warning: deleting object of abstract class type ‘UAL::PropagatorNode’ which has non-virtual destructor will cause undefined behaviour [-Wdelete-non-virtual-dtor]
       ~CountHolder() { delete m_pointee; }
                               ^
In file included from /home/ualusr2011/ual1220/ual1/codes/PAC/src/Templates/PacOrderedList.h:6:0,
                 from /home/ualusr2011/ual1220/ual1/codes/PAC/src/SMF/PacElemAttributes.h:12,
                 from /home/ualusr2011/ual1220/ual1/codes/PAC/src/SMF/PacElemPart.h:10,
                 from /home/ualusr2011/ual1220/ual1/codes/PAC/src/SMF/PacGenElement.h:16,
                 from /home/ualusr2011/ual1220/ual1/codes/PAC/src/SMF/PacLine.h:12,
                 from /home/ualusr2011/ual1220/ual1/codes/PAC/src/SMF/PacLattice.h:14,
                 from /home/ualusr2011/ual1220/ual1/codes/SIMBAD/src/SIMBAD/Tracker/MatrixTracker.hh:12,
                 from MatrixTracker.cc:3:
/home/ualusr2011/ual1220/ual1/codes/PAC/src/Templates/PacRbTree.h: In member function ‘std::pair<std::_Rb_tree_iterator<_Val>, bool> PacRbTree<_Key, _Value, _KeyOfValue, _Compare, _Alloc>::insert_unique(const _Val&)’:
/home/ualusr2011/ual1220/ual1/codes/PAC/src/Templates/PacRbTree.h:76:10: warning: suggest explicit braces to avoid ambiguous ‘else’ [-Wparentheses]
       if (__comp)
          ^
if [ ! -d /home/ualusr2011/ual1220/ual1/codes/SIMBAD/include/SIMBAD/Tracker ] ; then mkdir /home/ualusr2011/ual1220/ual1/codes/SIMBAD/include/SIMBAD/Tracker ; fi;
cp *.hh /home/ualusr2011/ual1220/ual1/codes/SIMBAD/include/SIMBAD/Tracker/.
make[5]: Leaving directory `/home/ualusr2011/ual1220/ual1/codes/SIMBAD/src/SIMBAD/Tracker'
make[5]: Entering directory `/home/ualusr2011/ual1220/ual1/codes/SIMBAD/src/SIMBAD/SC'
g++                                     -g -fpic  -O0 -fno-inline -Wall  -Wno-deprecated       -I/home/ualusr2011/ual1220/ual1/codes/SIMBAD/src -I/home/ualusr2011/ual1220/ual1/codes/TEAPOT/src -I/home/ualusr2011/ual1220/ual1/codes/PAC/src -I/home/ualusr2011/ual1220/ual1/codes/ZLIB/src -I/home/ualusr2011/ual1220/ual1/codes/UAL/include -I/home/ualusr2011/ual1220/ual1/tools/include -I/home/ualusr2011/ual1220/ual1/codes/PAC/include -I/home/ualusr2011/ual1220/ual1/tools/include -c LFactors.cc -o /home/ualusr2011/ual1220/ual1/codes/SIMBAD/lib/linux/obj/LFactors.o;
g++                                     -g -fpic  -O0 -fno-inline -Wall  -Wno-deprecated       -I/home/ualusr2011/ual1220/ual1/codes/SIMBAD/src -I/home/ualusr2011/ual1220/ual1/codes/TEAPOT/src -I/home/ualusr2011/ual1220/ual1/codes/PAC/src -I/home/ualusr2011/ual1220/ual1/codes/ZLIB/src -I/home/ualusr2011/ual1220/ual1/codes/UAL/include -I/home/ualusr2011/ual1220/ual1/tools/include -I/home/ualusr2011/ual1220/ual1/codes/PAC/include -I/home/ualusr2011/ual1220/ual1/tools/include -c LSCCalculatorFFT.cc -o /home/ualusr2011/ual1220/ual1/codes/SIMBAD/lib/linux/obj/LSCCalculatorFFT.o;
g++                                     -g -fpic  -O0 -fno-inline -Wall  -Wno-deprecated       -I/home/ualusr2011/ual1220/ual1/codes/SIMBAD/src -I/home/ualusr2011/ual1220/ual1/codes/TEAPOT/src -I/home/ualusr2011/ual1220/ual1/codes/PAC/src -I/home/ualusr2011/ual1220/ual1/codes/ZLIB/src -I/home/ualusr2011/ual1220/ual1/codes/UAL/include -I/home/ualusr2011/ual1220/ual1/tools/include -I/home/ualusr2011/ual1220/ual1/codes/PAC/include -I/home/ualusr2011/ual1220/ual1/tools/include -c TSCCalculatorFFT.cc -o /home/ualusr2011/ual1220/ual1/codes/SIMBAD/lib/linux/obj/TSCCalculatorFFT.o;
g++                                     -g -fpic  -O0 -fno-inline -Wall  -Wno-deprecated       -I/home/ualusr2011/ual1220/ual1/codes/SIMBAD/src -I/home/ualusr2011/ual1220/ual1/codes/TEAPOT/src -I/home/ualusr2011/ual1220/ual1/codes/PAC/src -I/home/ualusr2011/ual1220/ual1/codes/ZLIB/src -I/home/ualusr2011/ual1220/ual1/codes/UAL/include -I/home/ualusr2011/ual1220/ual1/tools/include -I/home/ualusr2011/ual1220/ual1/codes/PAC/include -I/home/ualusr2011/ual1220/ual1/tools/include -c TSCPropagatorFFT.cc -o /home/ualusr2011/ual1220/ual1/codes/SIMBAD/lib/linux/obj/TSCPropagatorFFT.o;
In file included from /home/ualusr2011/ual1220/ual1/codes/UAL/include/UAL/APF/PropagatorFactory.hh:10:0,
                 from TSCPropagatorFFT.cc:6:
/home/ualusr2011/ual1220/ual1/codes/UAL/include/UAL/APF/PropagatorNodePtr.hh: In destructor ‘virtual UAL::PropagatorNodePtr::CountHolder::~CountHolder()’:
/home/ualusr2011/ual1220/ual1/codes/UAL/include/UAL/APF/PropagatorNodePtr.hh:50:31: warning: deleting object of abstract class type ‘UAL::PropagatorNode’ which has non-virtual destructor will cause undefined behaviour [-Wdelete-non-virtual-dtor]
       ~CountHolder() { delete m_pointee; }
                               ^
In file included from /home/ualusr2011/ual1220/ual1/codes/PAC/src/Templates/PacOrderedList.h:6:0,
                 from /home/ualusr2011/ual1220/ual1/codes/PAC/src/SMF/PacElemAttributes.h:12,
                 from /home/ualusr2011/ual1220/ual1/codes/PAC/src/SMF/PacElemPart.h:10,
                 from /home/ualusr2011/ual1220/ual1/codes/PAC/src/SMF/PacGenElement.h:16,
                 from /home/ualusr2011/ual1220/ual1/codes/PAC/src/SMF/PacLattElement.h:12,
                 from /home/ualusr2011/ual1220/ual1/codes/TEAPOT/src/TEAPOT/Integrator/BasicTracker.hh:13,
                 from /home/ualusr2011/ual1220/ual1/codes/TEAPOT/src/TEAPOT/Integrator/DriftTracker.hh:10,
                 from /home/ualusr2011/ual1220/ual1/codes/TEAPOT/src/TEAPOT/Integrator/TrackerFactory.hh:13,
                 from TSCPropagatorFFT.cc:8:
/home/ualusr2011/ual1220/ual1/codes/PAC/src/Templates/PacRbTree.h: In member function ‘std::pair<std::_Rb_tree_iterator<_Val>, bool> PacRbTree<_Key, _Value, _KeyOfValue, _Compare, _Alloc>::insert_unique(const _Val&)’:
/home/ualusr2011/ual1220/ual1/codes/PAC/src/Templates/PacRbTree.h:76:10: warning: suggest explicit braces to avoid ambiguous ‘else’ [-Wparentheses]
       if (__comp)
          ^
if [ ! -d /home/ualusr2011/ual1220/ual1/codes/SIMBAD/include/SIMBAD/SC ] ; then mkdir /home/ualusr2011/ual1220/ual1/codes/SIMBAD/include/SIMBAD/SC ; fi;
cp TSCPropagator.hh TSCPropagatorFFT.hh TSCCalculatorFFT.hh	 /home/ualusr2011/ual1220/ual1/codes/SIMBAD/include/SIMBAD/SC/.
make[5]: Leaving directory `/home/ualusr2011/ual1220/ual1/codes/SIMBAD/src/SIMBAD/SC'
g++                                     -shared                                 -o /home/ualusr2011/ual1220/ual1/codes/SIMBAD/lib/linux/libSimbad.so  /home/ualusr2011/ual1220/ual1/codes/SIMBAD/lib/linux/obj/BasicPropagator.o  /home/ualusr2011/ual1220/ual1/codes/SIMBAD/lib/linux/obj/BasicTracker.o /home/ualusr2011/ual1220/ual1/codes/SIMBAD/lib/linux/obj/MatrixTracker.o  /home/ualusr2011/ual1220/ual1/codes/SIMBAD/lib/linux/obj/LFactors.o /home/ualusr2011/ual1220/ual1/codes/SIMBAD/lib/linux/obj/LSCCalculatorFFT.o /home/ualusr2011/ual1220/ual1/codes/SIMBAD/lib/linux/obj/TSCCalculatorFFT.o /home/ualusr2011/ual1220/ual1/codes/SIMBAD/lib/linux/obj/TSCPropagatorFFT.o  -L/home/ualusr2011/ual1220/ual1/codes/SIMBAD/lib/linux -L/home/ualusr2011/ual1220/ual1/codes/TEAPOT/lib/linux -L/home/ualusr2011/ual1220/ual1/codes/PAC/lib/linux -L/home/ualusr2011/ual1220/ual1/codes/UAL/lib/linux -lPac -lUal
make[4]: Leaving directory `/home/ualusr2011/ual1220/ual1/codes/SIMBAD/src/SIMBAD'
make[3]: Leaving directory `/home/ualusr2011/ual1220/ual1/codes/SIMBAD/src'
make[3]: Entering directory `/home/ualusr2011/ual1220/ual1/codes/SIMBAD/api'
make[3]: Nothing to be done for `compile'.
make[3]: Leaving directory `/home/ualusr2011/ual1220/ual1/codes/SIMBAD/api'
make[2]: Leaving directory `/home/ualusr2011/ual1220/ual1/codes/SIMBAD'
make[1]: Leaving directory `/home/ualusr2011/ual1220/ual1/codes'
make[1]: Entering directory `/home/ualusr2011/ual1220/ual1/ext'
make[2]: Entering directory `/home/ualusr2011/ual1220/ual1/ext/SXF'
make[3]: Entering directory `/home/ualusr2011/ual1220/ual1/ext/SXF/src'
(if [ !  -d /home/ualusr2011/ual1220/ual1/ext/SXF/include ]; then mkdir  /home/ualusr2011/ual1220/ual1/ext/SXF/include; fi;)
if [ ! -d ../lib/linux ] ; \
	then (mkdir  ../lib/linux; \
	mkdir  ../lib/linux/obj; \
	mkdir  ../lib/linux/obj/buckets; ); \
fi;	
make[4]: Entering directory `/home/ualusr2011/ual1220/ual1/ext/SXF/src/UAL'
g++                                     -g -fpic  -O0 -fno-inline -Wall  -Wno-deprecated       -I/home/ualusr2011/ual1220/ual1/ext/SXF/src -I/home/ualusr2011/ual1220/ual1/codes/PAC/src  -I/home/ualusr2011/ual1220/ual1/codes/ZLIB/src  -I/home/ualusr2011/ual1220/ual1/codes/UAL/include  -I/home/ualusr2011/ual1220/ual1/tools/sxf//src -g -c dummy.cc -o /home/ualusr2011/ual1220/ual1/ext/SXF/lib/linux/obj/dummy.o;
(if [ !  -d /home/ualusr2011/ual1220/ual1/ext/SXF/include/UAL ]; then mkdir  /home/ualusr2011/ual1220/ual1/ext/SXF/include/UAL; fi;)
make[5]: Entering directory `/home/ualusr2011/ual1220/ual1/ext/SXF/src/UAL/SXF'
gperf -a -p  -j1 -g -o -t -T -k1,2  -L C++ -Z UAL_SXF_Perfect_Hash -N smf_elements_gperf \
<  elements.gperf  > Perfect_Hash.hh
g++                                     -g -fpic  -O0 -fno-inline -Wall  -Wno-deprecated       -I/home/ualusr2011/ual1220/ual1/ext/SXF/src -I/home/ualusr2011/ual1220/ual1/codes/PAC/src  -I/home/ualusr2011/ual1220/ual1/codes/ZLIB/src  -I/home/ualusr2011/ual1220/ual1/codes/UAL/include  -I/home/ualusr2011/ual1220/ual1/tools/sxf//src -g -c ElemBucket.cc -o /home/ualusr2011/ual1220/ual1/ext/SXF/lib/linux/obj/ElemBucket.o;
In file included from /home/ualusr2011/ual1220/ual1/codes/PAC/src/SMF/PacElemKeys.h:4:0,
                 from /home/ualusr2011/ual1220/ual1/codes/PAC/src/SMF/PacSmf.h:10,
                 from /home/ualusr2011/ual1220/ual1/ext/SXF/src/UAL/SXF/Def.hh:4,
                 from /home/ualusr2011/ual1220/ual1/ext/SXF/src/UAL/SXF/ElemBucket.hh:9,
                 from ElemBucket.cc:1:
/home/ualusr2011/ual1220/ual1/codes/PAC/src/Templates/PacRbTree.h: In member function ‘std::pair<std::_Rb_tree_iterator<_Val>, bool> PacRbTree<_Key, _Value, _KeyOfValue, _Compare, _Alloc>::insert_unique(const _Val&)’:
/home/ualusr2011/ual1220/ual1/codes/PAC/src/Templates/PacRbTree.h:76:10: warning: suggest explicit braces to avoid ambiguous ‘else’ [-Wparentheses]
       if (__comp)
          ^
g++                                     -g -fpic  -O0 -fno-inline -Wall  -Wno-deprecated       -I/home/ualusr2011/ual1220/ual1/ext/SXF/src -I/home/ualusr2011/ual1220/ual1/codes/PAC/src  -I/home/ualusr2011/ual1220/ual1/codes/ZLIB/src  -I/home/ualusr2011/ual1220/ual1/codes/UAL/include  -I/home/ualusr2011/ual1220/ual1/tools/sxf//src -g -c ElemBucketRegistry.cc -o /home/ualusr2011/ual1220/ual1/ext/SXF/lib/linux/obj/ElemBucketRegistry.o;
In file included from /home/ualusr2011/ual1220/ual1/codes/PAC/src/SMF/PacElemKeys.h:4:0,
                 from /home/ualusr2011/ual1220/ual1/codes/PAC/src/SMF/PacSmf.h:10,
                 from /home/ualusr2011/ual1220/ual1/ext/SXF/src/UAL/SXF/Def.hh:4,
                 from /home/ualusr2011/ual1220/ual1/ext/SXF/src/UAL/SXF/ElemBucketRegistry.hh:9,
                 from ElemBucketRegistry.cc:1:
/home/ualusr2011/ual1220/ual1/codes/PAC/src/Templates/PacRbTree.h: In member function ‘std::pair<std::_Rb_tree_iterator<_Val>, bool> PacRbTree<_Key, _Value, _KeyOfValue, _Compare, _Alloc>::insert_unique(const _Val&)’:
/home/ualusr2011/ual1220/ual1/codes/PAC/src/Templates/PacRbTree.h:76:10: warning: suggest explicit braces to avoid ambiguous ‘else’ [-Wparentheses]
       if (__comp)
          ^
g++                                     -g -fpic  -O0 -fno-inline -Wall  -Wno-deprecated       -I/home/ualusr2011/ual1220/ual1/ext/SXF/src -I/home/ualusr2011/ual1220/ual1/codes/PAC/src  -I/home/ualusr2011/ual1220/ual1/codes/ZLIB/src  -I/home/ualusr2011/ual1220/ual1/codes/UAL/include  -I/home/ualusr2011/ual1220/ual1/tools/sxf//src -g -c Element.cc -o /home/ualusr2011/ual1220/ual1/ext/SXF/lib/linux/obj/Element.o;
In file included from /home/ualusr2011/ual1220/ual1/codes/PAC/src/SMF/PacElemKeys.h:4:0,
                 from /home/ualusr2011/ual1220/ual1/codes/PAC/src/SMF/PacSmf.h:10,
                 from /home/ualusr2011/ual1220/ual1/ext/SXF/src/UAL/SXF/Def.hh:4,
                 from /home/ualusr2011/ual1220/ual1/ext/SXF/src/UAL/SXF/ElemBucketRegistry.hh:9,
                 from Element.cc:4:
/home/ualusr2011/ual1220/ual1/codes/PAC/src/Templates/PacRbTree.h: In member function ‘std::pair<std::_Rb_tree_iterator<_Val>, bool> PacRbTree<_Key, _Value, _KeyOfValue, _Compare, _Alloc>::insert_unique(const _Val&)’:
/home/ualusr2011/ual1220/ual1/codes/PAC/src/Templates/PacRbTree.h:76:10: warning: suggest explicit braces to avoid ambiguous ‘else’ [-Wparentheses]
       if (__comp)
          ^
In file included from Element.cc:8:0:
/home/ualusr2011/ual1220/ual1/ext/SXF/src/UAL/SXF/Perfect_Hash.hh: In static member function ‘static SXF_Key* UAL_SXF_Perfect_Hash::smf_elements_gperf(const char*, unsigned int)’:
/home/ualusr2011/ual1220/ual1/ext/SXF/src/UAL/SXF/Perfect_Hash.hh:85:5: warning: deprecated conversion from string constant to ‘char*’ [-Wwrite-strings]
     };
     ^
/home/ualusr2011/ual1220/ual1/ext/SXF/src/UAL/SXF/Perfect_Hash.hh:85:5: warning: deprecated conversion from string constant to ‘char*’ [-Wwrite-strings]
/home/ualusr2011/ual1220/ual1/ext/SXF/src/UAL/SXF/Perfect_Hash.hh:85:5: warning: deprecated conversion from string constant to ‘char*’ [-Wwrite-strings]
/home/ualusr2011/ual1220/ual1/ext/SXF/src/UAL/SXF/Perfect_Hash.hh:85:5: warning: deprecated conversion from string constant to ‘char*’ [-Wwrite-strings]
/home/ualusr2011/ual1220/ual1/ext/SXF/src/UAL/SXF/Perfect_Hash.hh:85:5: warning: deprecated conversion from string constant to ‘char*’ [-Wwrite-strings]
/home/ualusr2011/ual1220/ual1/ext/SXF/src/UAL/SXF/Perfect_Hash.hh:85:5: warning: deprecated conversion from string constant to ‘char*’ [-Wwrite-strings]
/home/ualusr2011/ual1220/ual1/ext/SXF/src/UAL/SXF/Perfect_Hash.hh:85:5: warning: deprecated conversion from string constant to ‘char*’ [-Wwrite-strings]
/home/ualusr2011/ual1220/ual1/ext/SXF/src/UAL/SXF/Perfect_Hash.hh:85:5: warning: deprecated conversion from string constant to ‘char*’ [-Wwrite-strings]
/home/ualusr2011/ual1220/ual1/ext/SXF/src/UAL/SXF/Perfect_Hash.hh:85:5: warning: deprecated conversion from string constant to ‘char*’ [-Wwrite-strings]
/home/ualusr2011/ual1220/ual1/ext/SXF/src/UAL/SXF/Perfect_Hash.hh:85:5: warning: deprecated conversion from string constant to ‘char*’ [-Wwrite-strings]
/home/ualusr2011/ual1220/ual1/ext/SXF/src/UAL/SXF/Perfect_Hash.hh:85:5: warning: deprecated conversion from string constant to ‘char*’ [-Wwrite-strings]
/home/ualusr2011/ual1220/ual1/ext/SXF/src/UAL/SXF/Perfect_Hash.hh:85:5: warning: deprecated conversion from string constant to ‘char*’ [-Wwrite-strings]
/home/ualusr2011/ual1220/ual1/ext/SXF/src/UAL/SXF/Perfect_Hash.hh:85:5: warning: deprecated conversion from string constant to ‘char*’ [-Wwrite-strings]
/home/ualusr2011/ual1220/ual1/ext/SXF/src/UAL/SXF/Perfect_Hash.hh:85:5: warning: deprecated conversion from string constant to ‘char*’ [-Wwrite-strings]
/home/ualusr2011/ual1220/ual1/ext/SXF/src/UAL/SXF/Perfect_Hash.hh:85:5: warning: deprecated conversion from string constant to ‘char*’ [-Wwrite-strings]
/home/ualusr2011/ual1220/ual1/ext/SXF/src/UAL/SXF/Perfect_Hash.hh:85:5: warning: deprecated conversion from string constant to ‘char*’ [-Wwrite-strings]
/home/ualusr2011/ual1220/ual1/ext/SXF/src/UAL/SXF/Perfect_Hash.hh:85:5: warning: deprecated conversion from string constant to ‘char*’ [-Wwrite-strings]
/home/ualusr2011/ual1220/ual1/ext/SXF/src/UAL/SXF/Perfect_Hash.hh:85:5: warning: deprecated conversion from string constant to ‘char*’ [-Wwrite-strings]
/home/ualusr2011/ual1220/ual1/ext/SXF/src/UAL/SXF/Perfect_Hash.hh:85:5: warning: deprecated conversion from string constant to ‘char*’ [-Wwrite-strings]
/home/ualusr2011/ual1220/ual1/ext/SXF/src/UAL/SXF/Perfect_Hash.hh:85:5: warning: deprecated conversion from string constant to ‘char*’ [-Wwrite-strings]
/home/ualusr2011/ual1220/ual1/ext/SXF/src/UAL/SXF/Perfect_Hash.hh:85:5: warning: deprecated conversion from string constant to ‘char*’ [-Wwrite-strings]
/home/ualusr2011/ual1220/ual1/ext/SXF/src/UAL/SXF/Perfect_Hash.hh:85:5: warning: deprecated conversion from string constant to ‘char*’ [-Wwrite-strings]
/home/ualusr2011/ual1220/ual1/ext/SXF/src/UAL/SXF/Perfect_Hash.hh:85:5: warning: deprecated conversion from string constant to ‘char*’ [-Wwrite-strings]
/home/ualusr2011/ual1220/ual1/ext/SXF/src/UAL/SXF/Perfect_Hash.hh:85:5: warning: deprecated conversion from string constant to ‘char*’ [-Wwrite-strings]
/home/ualusr2011/ual1220/ual1/ext/SXF/src/UAL/SXF/Perfect_Hash.hh:85:5: warning: deprecated conversion from string constant to ‘char*’ [-Wwrite-strings]
/home/ualusr2011/ual1220/ual1/ext/SXF/src/UAL/SXF/Perfect_Hash.hh:85:5: warning: deprecated conversion from string constant to ‘char*’ [-Wwrite-strings]
g++                                     -g -fpic  -O0 -fno-inline -Wall  -Wno-deprecated       -I/home/ualusr2011/ual1220/ual1/ext/SXF/src -I/home/ualusr2011/ual1220/ual1/codes/PAC/src  -I/home/ualusr2011/ual1220/ual1/codes/ZLIB/src  -I/home/ualusr2011/ual1220/ual1/codes/UAL/include  -I/home/ualusr2011/ual1220/ual1/tools/sxf//src -g -c Error.cc -o /home/ualusr2011/ual1220/ual1/ext/SXF/lib/linux/obj/Error.o;
In file included from /home/ualusr2011/ual1220/ual1/codes/PAC/src/SMF/PacElemKeys.h:4:0,
                 from /home/ualusr2011/ual1220/ual1/codes/PAC/src/SMF/PacSmf.h:10,
                 from /home/ualusr2011/ual1220/ual1/ext/SXF/src/UAL/SXF/Def.hh:4,
                 from /home/ualusr2011/ual1220/ual1/ext/SXF/src/UAL/SXF/Element.hh:9,
                 from /home/ualusr2011/ual1220/ual1/ext/SXF/src/UAL/SXF/Error.hh:9,
                 from Error.cc:1:
/home/ualusr2011/ual1220/ual1/codes/PAC/src/Templates/PacRbTree.h: In member function ‘std::pair<std::_Rb_tree_iterator<_Val>, bool> PacRbTree<_Key, _Value, _KeyOfValue, _Compare, _Alloc>::insert_unique(const _Val&)’:
/home/ualusr2011/ual1220/ual1/codes/PAC/src/Templates/PacRbTree.h:76:10: warning: suggest explicit braces to avoid ambiguous ‘else’ [-Wparentheses]
       if (__comp)
          ^
g++                                     -g -fpic  -O0 -fno-inline -Wall  -Wno-deprecated       -I/home/ualusr2011/ual1220/ual1/ext/SXF/src -I/home/ualusr2011/ual1220/ual1/codes/PAC/src  -I/home/ualusr2011/ual1220/ual1/codes/ZLIB/src  -I/home/ualusr2011/ual1220/ual1/codes/UAL/include  -I/home/ualusr2011/ual1220/ual1/tools/sxf//src -g -c NodeRegistry.cc -o /home/ualusr2011/ual1220/ual1/ext/SXF/lib/linux/obj/NodeRegistry.o;
In file included from /home/ualusr2011/ual1220/ual1/codes/PAC/src/SMF/PacElemKeys.h:4:0,
                 from /home/ualusr2011/ual1220/ual1/codes/PAC/src/SMF/PacSmf.h:10,
                 from /home/ualusr2011/ual1220/ual1/ext/SXF/src/UAL/SXF/Def.hh:4,
                 from /home/ualusr2011/ual1220/ual1/ext/SXF/src/UAL/SXF/ElemBucket.hh:9,
                 from /home/ualusr2011/ual1220/ual1/ext/SXF/src/UAL/SXF/buckets/ElemEmpty.hh:9,
                 from NodeRegistry.cc:1:
/home/ualusr2011/ual1220/ual1/codes/PAC/src/Templates/PacRbTree.h: In member function ‘std::pair<std::_Rb_tree_iterator<_Val>, bool> PacRbTree<_Key, _Value, _KeyOfValue, _Compare, _Alloc>::insert_unique(const _Val&)’:
/home/ualusr2011/ual1220/ual1/codes/PAC/src/Templates/PacRbTree.h:76:10: warning: suggest explicit braces to avoid ambiguous ‘else’ [-Wparentheses]
       if (__comp)
          ^
g++                                     -g -fpic  -O0 -fno-inline -Wall  -Wno-deprecated       -I/home/ualusr2011/ual1220/ual1/ext/SXF/src -I/home/ualusr2011/ual1220/ual1/codes/PAC/src  -I/home/ualusr2011/ual1220/ual1/codes/ZLIB/src  -I/home/ualusr2011/ual1220/ual1/codes/UAL/include  -I/home/ualusr2011/ual1220/ual1/tools/sxf//src -g -c Sequence.cc -o /home/ualusr2011/ual1220/ual1/ext/SXF/lib/linux/obj/Sequence.o;
In file included from /home/ualusr2011/ual1220/ual1/codes/PAC/src/SMF/PacElemKeys.h:4:0,
                 from /home/ualusr2011/ual1220/ual1/codes/PAC/src/SMF/PacSmf.h:10,
                 from /home/ualusr2011/ual1220/ual1/ext/SXF/src/UAL/SXF/Def.hh:4,
                 from /home/ualusr2011/ual1220/ual1/ext/SXF/src/UAL/SXF/Element.hh:9,
                 from Sequence.cc:1:
/home/ualusr2011/ual1220/ual1/codes/PAC/src/Templates/PacRbTree.h: In member function ‘std::pair<std::_Rb_tree_iterator<_Val>, bool> PacRbTree<_Key, _Value, _KeyOfValue, _Compare, _Alloc>::insert_unique(const _Val&)’:
/home/ualusr2011/ual1220/ual1/codes/PAC/src/Templates/PacRbTree.h:76:10: warning: suggest explicit braces to avoid ambiguous ‘else’ [-Wparentheses]
       if (__comp)
          ^
g++                                     -g -fpic  -O0 -fno-inline -Wall  -Wno-deprecated       -I/home/ualusr2011/ual1220/ual1/ext/SXF/src -I/home/ualusr2011/ual1220/ual1/codes/PAC/src  -I/home/ualusr2011/ual1220/ual1/codes/ZLIB/src  -I/home/ualusr2011/ual1220/ual1/codes/UAL/include  -I/home/ualusr2011/ual1220/ual1/tools/sxf//src -g -c AcceleratorReader.cc -o /home/ualusr2011/ual1220/ual1/ext/SXF/lib/linux/obj/AcceleratorReader.o;
In file included from /home/ualusr2011/ual1220/ual1/codes/PAC/src/SMF/PacElemKeys.h:4:0,
                 from /home/ualusr2011/ual1220/ual1/codes/PAC/src/SMF/PacSmf.h:10,
                 from /home/ualusr2011/ual1220/ual1/ext/SXF/src/UAL/SXF/Def.hh:4,
                 from /home/ualusr2011/ual1220/ual1/ext/SXF/src/UAL/SXF/Element.hh:9,
                 from AcceleratorReader.cc:3:
/home/ualusr2011/ual1220/ual1/codes/PAC/src/Templates/PacRbTree.h: In member function ‘std::pair<std::_Rb_tree_iterator<_Val>, bool> PacRbTree<_Key, _Value, _KeyOfValue, _Compare, _Alloc>::insert_unique(const _Val&)’:
/home/ualusr2011/ual1220/ual1/codes/PAC/src/Templates/PacRbTree.h:76:10: warning: suggest explicit braces to avoid ambiguous ‘else’ [-Wparentheses]
       if (__comp)
          ^
AcceleratorReader.cc: In member function ‘void UAL::SXFAcceleratorReader::write(std::ostream&)’:
AcceleratorReader.cc:73:32: warning: comparison between signed and unsigned integer expressions [-Wsign-compare]
    for(int i=0; i < str.length(); i++) { str.at(i) = (char) tolower((int) str.at(i));}
                                ^
AcceleratorReader.cc:46:29: warning: unused variable ‘node’ [-Wunused-variable]
       UAL::AcceleratorNode* node = &(lattice[i]);
                             ^
AcceleratorReader.cc:32:7: warning: unused variable ‘counter’ [-Wunused-variable]
   int counter = 0;
       ^
g++                                     -g -fpic  -O0 -fno-inline -Wall  -Wno-deprecated       -I/home/ualusr2011/ual1220/ual1/ext/SXF/src -I/home/ualusr2011/ual1220/ual1/codes/PAC/src  -I/home/ualusr2011/ual1220/ual1/codes/ZLIB/src  -I/home/ualusr2011/ual1220/ual1/codes/UAL/include  -I/home/ualusr2011/ual1220/ual1/tools/sxf//src -g -c Parser.cc -o /home/ualusr2011/ual1220/ual1/ext/SXF/lib/linux/obj/Parser.o;
In file included from /home/ualusr2011/ual1220/ual1/codes/PAC/src/SMF/PacElemKeys.h:4:0,
                 from /home/ualusr2011/ual1220/ual1/codes/PAC/src/SMF/PacSmf.h:10,
                 from /home/ualusr2011/ual1220/ual1/ext/SXF/src/UAL/SXF/Def.hh:4,
                 from /home/ualusr2011/ual1220/ual1/ext/SXF/src/UAL/SXF/Parser.hh:9,
                 from Parser.cc:3:
/home/ualusr2011/ual1220/ual1/codes/PAC/src/Templates/PacRbTree.h: In member function ‘std::pair<std::_Rb_tree_iterator<_Val>, bool> PacRbTree<_Key, _Value, _KeyOfValue, _Compare, _Alloc>::insert_unique(const _Val&)’:
/home/ualusr2011/ual1220/ual1/codes/PAC/src/Templates/PacRbTree.h:76:10: warning: suggest explicit braces to avoid ambiguous ‘else’ [-Wparentheses]
       if (__comp)
          ^
g++                                     -g -fpic  -O0 -fno-inline -Wall  -Wno-deprecated       -I/home/ualusr2011/ual1220/ual1/ext/SXF/src -I/home/ualusr2011/ual1220/ual1/codes/PAC/src  -I/home/ualusr2011/ual1220/ual1/codes/ZLIB/src  -I/home/ualusr2011/ual1220/ual1/codes/UAL/include  -I/home/ualusr2011/ual1220/ual1/tools/sxf//src -g -c buckets/ElemError.cc -o /home/ualusr2011/ual1220/ual1/ext/SXF/lib/linux/obj/buckets/ElemError.o;
In file included from /home/ualusr2011/ual1220/ual1/codes/PAC/src/SMF/PacElemKeys.h:4:0,
                 from /home/ualusr2011/ual1220/ual1/codes/PAC/src/SMF/PacSmf.h:10,
                 from /home/ualusr2011/ual1220/ual1/ext/SXF/src/UAL/SXF/Def.hh:4,
                 from /home/ualusr2011/ual1220/ual1/ext/SXF/src/UAL/SXF/ElemBucket.hh:9,
                 from /home/ualusr2011/ual1220/ual1/ext/SXF/src/UAL/SXF/buckets/ElemError.hh:9,
                 from buckets/ElemError.cc:1:
/home/ualusr2011/ual1220/ual1/codes/PAC/src/Templates/PacRbTree.h: In member function ‘std::pair<std::_Rb_tree_iterator<_Val>, bool> PacRbTree<_Key, _Value, _KeyOfValue, _Compare, _Alloc>::insert_unique(const _Val&)’:
/home/ualusr2011/ual1220/ual1/codes/PAC/src/Templates/PacRbTree.h:76:10: warning: suggest explicit braces to avoid ambiguous ‘else’ [-Wparentheses]
       if (__comp)
          ^
g++                                     -g -fpic  -O0 -fno-inline -Wall  -Wno-deprecated       -I/home/ualusr2011/ual1220/ual1/ext/SXF/src -I/home/ualusr2011/ual1220/ual1/codes/PAC/src  -I/home/ualusr2011/ual1220/ual1/codes/ZLIB/src  -I/home/ualusr2011/ual1220/ual1/codes/UAL/include  -I/home/ualusr2011/ual1220/ual1/tools/sxf//src -g -c buckets/ElemMultipole.cc -o /home/ualusr2011/ual1220/ual1/ext/SXF/lib/linux/obj/buckets/ElemMultipole.o;
In file included from /home/ualusr2011/ual1220/ual1/codes/PAC/src/SMF/PacElemKeys.h:4:0,
                 from /home/ualusr2011/ual1220/ual1/codes/PAC/src/SMF/PacSmf.h:10,
                 from /home/ualusr2011/ual1220/ual1/ext/SXF/src/UAL/SXF/Def.hh:4,
                 from /home/ualusr2011/ual1220/ual1/ext/SXF/src/UAL/SXF/ElemBucket.hh:9,
                 from /home/ualusr2011/ual1220/ual1/ext/SXF/src/UAL/SXF/buckets/ElemMultipole.hh:10,
                 from buckets/ElemMultipole.cc:1:
/home/ualusr2011/ual1220/ual1/codes/PAC/src/Templates/PacRbTree.h: In member function ‘std::pair<std::_Rb_tree_iterator<_Val>, bool> PacRbTree<_Key, _Value, _KeyOfValue, _Compare, _Alloc>::insert_unique(const _Val&)’:
/home/ualusr2011/ual1220/ual1/codes/PAC/src/Templates/PacRbTree.h:76:10: warning: suggest explicit braces to avoid ambiguous ‘else’ [-Wparentheses]
       if (__comp)
          ^
g++                                     -g -fpic  -O0 -fno-inline -Wall  -Wno-deprecated       -I/home/ualusr2011/ual1220/ual1/ext/SXF/src -I/home/ualusr2011/ual1220/ual1/codes/PAC/src  -I/home/ualusr2011/ual1220/ual1/codes/ZLIB/src  -I/home/ualusr2011/ual1220/ual1/codes/UAL/include  -I/home/ualusr2011/ual1220/ual1/tools/sxf//src -g -c buckets/ElemMltEntry.cc -o /home/ualusr2011/ual1220/ual1/ext/SXF/lib/linux/obj/buckets/ElemMltEntry.o;
In file included from /home/ualusr2011/ual1220/ual1/codes/PAC/src/SMF/PacElemKeys.h:4:0,
                 from /home/ualusr2011/ual1220/ual1/codes/PAC/src/SMF/PacSmf.h:10,
                 from /home/ualusr2011/ual1220/ual1/ext/SXF/src/UAL/SXF/Def.hh:4,
                 from /home/ualusr2011/ual1220/ual1/ext/SXF/src/UAL/SXF/ElemBucket.hh:9,
                 from /home/ualusr2011/ual1220/ual1/ext/SXF/src/UAL/SXF/buckets/ElemMultipole.hh:10,
                 from /home/ualusr2011/ual1220/ual1/ext/SXF/src/UAL/SXF/buckets/ElemMltEntry.hh:9,
                 from buckets/ElemMltEntry.cc:1:
/home/ualusr2011/ual1220/ual1/codes/PAC/src/Templates/PacRbTree.h: In member function ‘std::pair<std::_Rb_tree_iterator<_Val>, bool> PacRbTree<_Key, _Value, _KeyOfValue, _Compare, _Alloc>::insert_unique(const _Val&)’:
/home/ualusr2011/ual1220/ual1/codes/PAC/src/Templates/PacRbTree.h:76:10: warning: suggest explicit braces to avoid ambiguous ‘else’ [-Wparentheses]
       if (__comp)
          ^
g++                                     -g -fpic  -O0 -fno-inline -Wall  -Wno-deprecated       -I/home/ualusr2011/ual1220/ual1/ext/SXF/src -I/home/ualusr2011/ual1220/ual1/codes/PAC/src  -I/home/ualusr2011/ual1220/ual1/codes/ZLIB/src  -I/home/ualusr2011/ual1220/ual1/codes/UAL/include  -I/home/ualusr2011/ual1220/ual1/tools/sxf//src -g -c buckets/ElemMltBody.cc -o /home/ualusr2011/ual1220/ual1/ext/SXF/lib/linux/obj/buckets/ElemMltBody.o;
In file included from /home/ualusr2011/ual1220/ual1/codes/PAC/src/SMF/PacElemKeys.h:4:0,
                 from /home/ualusr2011/ual1220/ual1/codes/PAC/src/SMF/PacSmf.h:10,
                 from /home/ualusr2011/ual1220/ual1/ext/SXF/src/UAL/SXF/Def.hh:4,
                 from /home/ualusr2011/ual1220/ual1/ext/SXF/src/UAL/SXF/ElemBucket.hh:9,
                 from /home/ualusr2011/ual1220/ual1/ext/SXF/src/UAL/SXF/buckets/ElemMultipole.hh:10,
                 from /home/ualusr2011/ual1220/ual1/ext/SXF/src/UAL/SXF/buckets/ElemMltBody.hh:10,
                 from buckets/ElemMltBody.cc:1:
/home/ualusr2011/ual1220/ual1/codes/PAC/src/Templates/PacRbTree.h: In member function ‘std::pair<std::_Rb_tree_iterator<_Val>, bool> PacRbTree<_Key, _Value, _KeyOfValue, _Compare, _Alloc>::insert_unique(const _Val&)’:
/home/ualusr2011/ual1220/ual1/codes/PAC/src/Templates/PacRbTree.h:76:10: warning: suggest explicit braces to avoid ambiguous ‘else’ [-Wparentheses]
       if (__comp)
          ^
g++                                     -g -fpic  -O0 -fno-inline -Wall  -Wno-deprecated       -I/home/ualusr2011/ual1220/ual1/ext/SXF/src -I/home/ualusr2011/ual1220/ual1/codes/PAC/src  -I/home/ualusr2011/ual1220/ual1/codes/ZLIB/src  -I/home/ualusr2011/ual1220/ual1/codes/UAL/include  -I/home/ualusr2011/ual1220/ual1/tools/sxf//src -g -c buckets/ElemMltExit.cc -o /home/ualusr2011/ual1220/ual1/ext/SXF/lib/linux/obj/buckets/ElemMltExit.o;
In file included from /home/ualusr2011/ual1220/ual1/codes/PAC/src/SMF/PacElemKeys.h:4:0,
                 from /home/ualusr2011/ual1220/ual1/codes/PAC/src/SMF/PacSmf.h:10,
                 from /home/ualusr2011/ual1220/ual1/ext/SXF/src/UAL/SXF/Def.hh:4,
                 from /home/ualusr2011/ual1220/ual1/ext/SXF/src/UAL/SXF/ElemBucket.hh:9,
                 from /home/ualusr2011/ual1220/ual1/ext/SXF/src/UAL/SXF/buckets/ElemMultipole.hh:10,
                 from /home/ualusr2011/ual1220/ual1/ext/SXF/src/UAL/SXF/buckets/ElemMltExit.hh:9,
                 from buckets/ElemMltExit.cc:1:
/home/ualusr2011/ual1220/ual1/codes/PAC/src/Templates/PacRbTree.h: In member function ‘std::pair<std::_Rb_tree_iterator<_Val>, bool> PacRbTree<_Key, _Value, _KeyOfValue, _Compare, _Alloc>::insert_unique(const _Val&)’:
/home/ualusr2011/ual1220/ual1/codes/PAC/src/Templates/PacRbTree.h:76:10: warning: suggest explicit braces to avoid ambiguous ‘else’ [-Wparentheses]
       if (__comp)
          ^
g++                                     -g -fpic  -O0 -fno-inline -Wall  -Wno-deprecated       -I/home/ualusr2011/ual1220/ual1/ext/SXF/src -I/home/ualusr2011/ual1220/ual1/codes/PAC/src  -I/home/ualusr2011/ual1220/ual1/codes/ZLIB/src  -I/home/ualusr2011/ual1220/ual1/codes/UAL/include  -I/home/ualusr2011/ual1220/ual1/tools/sxf//src -g -c buckets/ElemSolenoid.cc -o /home/ualusr2011/ual1220/ual1/ext/SXF/lib/linux/obj/buckets/ElemSolenoid.o;
In file included from /home/ualusr2011/ual1220/ual1/codes/PAC/src/SMF/PacElemKeys.h:4:0,
                 from /home/ualusr2011/ual1220/ual1/codes/PAC/src/SMF/PacSmf.h:10,
                 from /home/ualusr2011/ual1220/ual1/ext/SXF/src/UAL/SXF/Def.hh:4,
                 from /home/ualusr2011/ual1220/ual1/ext/SXF/src/UAL/SXF/ElemBucket.hh:9,
                 from /home/ualusr2011/ual1220/ual1/ext/SXF/src/UAL/SXF/buckets/ElemSolenoid.hh:10,
                 from buckets/ElemSolenoid.cc:1:
/home/ualusr2011/ual1220/ual1/codes/PAC/src/Templates/PacRbTree.h: In member function ‘std::pair<std::_Rb_tree_iterator<_Val>, bool> PacRbTree<_Key, _Value, _KeyOfValue, _Compare, _Alloc>::insert_unique(const _Val&)’:
/home/ualusr2011/ual1220/ual1/codes/PAC/src/Templates/PacRbTree.h:76:10: warning: suggest explicit braces to avoid ambiguous ‘else’ [-Wparentheses]
       if (__comp)
          ^
g++                                     -g -fpic  -O0 -fno-inline -Wall  -Wno-deprecated       -I/home/ualusr2011/ual1220/ual1/ext/SXF/src -I/home/ualusr2011/ual1220/ual1/codes/PAC/src  -I/home/ualusr2011/ual1220/ual1/codes/ZLIB/src  -I/home/ualusr2011/ual1220/ual1/codes/UAL/include  -I/home/ualusr2011/ual1220/ual1/tools/sxf//src -g -c buckets/ElemEmpty.cc -o /home/ualusr2011/ual1220/ual1/ext/SXF/lib/linux/obj/buckets/ElemEmpty.o;
In file included from /home/ualusr2011/ual1220/ual1/codes/PAC/src/SMF/PacElemKeys.h:4:0,
                 from /home/ualusr2011/ual1220/ual1/codes/PAC/src/SMF/PacSmf.h:10,
                 from /home/ualusr2011/ual1220/ual1/ext/SXF/src/UAL/SXF/Def.hh:4,
                 from /home/ualusr2011/ual1220/ual1/ext/SXF/src/UAL/SXF/ElemBucket.hh:9,
                 from /home/ualusr2011/ual1220/ual1/ext/SXF/src/UAL/SXF/buckets/ElemEmpty.hh:9,
                 from buckets/ElemEmpty.cc:1:
/home/ualusr2011/ual1220/ual1/codes/PAC/src/Templates/PacRbTree.h: In member function ‘std::pair<std::_Rb_tree_iterator<_Val>, bool> PacRbTree<_Key, _Value, _KeyOfValue, _Compare, _Alloc>::insert_unique(const _Val&)’:
/home/ualusr2011/ual1220/ual1/codes/PAC/src/Templates/PacRbTree.h:76:10: warning: suggest explicit braces to avoid ambiguous ‘else’ [-Wparentheses]
       if (__comp)
          ^
g++                                     -g -fpic  -O0 -fno-inline -Wall  -Wno-deprecated       -I/home/ualusr2011/ual1220/ual1/ext/SXF/src -I/home/ualusr2011/ual1220/ual1/codes/PAC/src  -I/home/ualusr2011/ual1220/ual1/codes/ZLIB/src  -I/home/ualusr2011/ual1220/ual1/codes/UAL/include  -I/home/ualusr2011/ual1220/ual1/tools/sxf//src -g -c buckets/ElemBend.cc -o /home/ualusr2011/ual1220/ual1/ext/SXF/lib/linux/obj/buckets/ElemBend.o;
In file included from /home/ualusr2011/ual1220/ual1/codes/PAC/src/SMF/PacElemKeys.h:4:0,
                 from /home/ualusr2011/ual1220/ual1/codes/PAC/src/SMF/PacSmf.h:10,
                 from /home/ualusr2011/ual1220/ual1/ext/SXF/src/UAL/SXF/Def.hh:4,
                 from /home/ualusr2011/ual1220/ual1/ext/SXF/src/UAL/SXF/ElemBucket.hh:9,
                 from /home/ualusr2011/ual1220/ual1/ext/SXF/src/UAL/SXF/buckets/ElemBend.hh:11,
                 from buckets/ElemBend.cc:1:
/home/ualusr2011/ual1220/ual1/codes/PAC/src/Templates/PacRbTree.h: In member function ‘std::pair<std::_Rb_tree_iterator<_Val>, bool> PacRbTree<_Key, _Value, _KeyOfValue, _Compare, _Alloc>::insert_unique(const _Val&)’:
/home/ualusr2011/ual1220/ual1/codes/PAC/src/Templates/PacRbTree.h:76:10: warning: suggest explicit braces to avoid ambiguous ‘else’ [-Wparentheses]
       if (__comp)
          ^
g++                                     -g -fpic  -O0 -fno-inline -Wall  -Wno-deprecated       -I/home/ualusr2011/ual1220/ual1/ext/SXF/src -I/home/ualusr2011/ual1220/ual1/codes/PAC/src  -I/home/ualusr2011/ual1220/ual1/codes/ZLIB/src  -I/home/ualusr2011/ual1220/ual1/codes/UAL/include  -I/home/ualusr2011/ual1220/ual1/tools/sxf//src -g -c buckets/ElemRfCavity.cc -o /home/ualusr2011/ual1220/ual1/ext/SXF/lib/linux/obj/buckets/ElemRfCavity.o;
In file included from /home/ualusr2011/ual1220/ual1/codes/PAC/src/SMF/PacElemKeys.h:4:0,
                 from /home/ualusr2011/ual1220/ual1/codes/PAC/src/SMF/PacSmf.h:10,
                 from /home/ualusr2011/ual1220/ual1/ext/SXF/src/UAL/SXF/Def.hh:4,
                 from /home/ualusr2011/ual1220/ual1/ext/SXF/src/UAL/SXF/ElemBucket.hh:9,
                 from /home/ualusr2011/ual1220/ual1/ext/SXF/src/UAL/SXF/buckets/ElemRfCavity.hh:10,
                 from buckets/ElemRfCavity.cc:1:
/home/ualusr2011/ual1220/ual1/codes/PAC/src/Templates/PacRbTree.h: In member function ‘std::pair<std::_Rb_tree_iterator<_Val>, bool> PacRbTree<_Key, _Value, _KeyOfValue, _Compare, _Alloc>::insert_unique(const _Val&)’:
/home/ualusr2011/ual1220/ual1/codes/PAC/src/Templates/PacRbTree.h:76:10: warning: suggest explicit braces to avoid ambiguous ‘else’ [-Wparentheses]
       if (__comp)
          ^
g++                                     -g -fpic  -O0 -fno-inline -Wall  -Wno-deprecated       -I/home/ualusr2011/ual1220/ual1/ext/SXF/src -I/home/ualusr2011/ual1220/ual1/codes/PAC/src  -I/home/ualusr2011/ual1220/ual1/codes/ZLIB/src  -I/home/ualusr2011/ual1220/ual1/codes/UAL/include  -I/home/ualusr2011/ual1220/ual1/tools/sxf//src -g -c buckets/ElemAlign.cc -o /home/ualusr2011/ual1220/ual1/ext/SXF/lib/linux/obj/buckets/ElemAlign.o;
In file included from /home/ualusr2011/ual1220/ual1/codes/PAC/src/SMF/PacElemKeys.h:4:0,
                 from /home/ualusr2011/ual1220/ual1/codes/PAC/src/SMF/PacSmf.h:10,
                 from /home/ualusr2011/ual1220/ual1/ext/SXF/src/UAL/SXF/Def.hh:4,
                 from /home/ualusr2011/ual1220/ual1/ext/SXF/src/UAL/SXF/ElemBucket.hh:9,
                 from /home/ualusr2011/ual1220/ual1/ext/SXF/src/UAL/SXF/buckets/ElemAlign.hh:11,
                 from buckets/ElemAlign.cc:1:
/home/ualusr2011/ual1220/ual1/codes/PAC/src/Templates/PacRbTree.h: In member function ‘std::pair<std::_Rb_tree_iterator<_Val>, bool> PacRbTree<_Key, _Value, _KeyOfValue, _Compare, _Alloc>::insert_unique(const _Val&)’:
/home/ualusr2011/ual1220/ual1/codes/PAC/src/Templates/PacRbTree.h:76:10: warning: suggest explicit braces to avoid ambiguous ‘else’ [-Wparentheses]
       if (__comp)
          ^
g++                                     -g -fpic  -O0 -fno-inline -Wall  -Wno-deprecated       -I/home/ualusr2011/ual1220/ual1/ext/SXF/src -I/home/ualusr2011/ual1220/ual1/codes/PAC/src  -I/home/ualusr2011/ual1220/ual1/codes/ZLIB/src  -I/home/ualusr2011/ual1220/ual1/codes/UAL/include  -I/home/ualusr2011/ual1220/ual1/tools/sxf//src -g -c buckets/ElemKicker.cc -o /home/ualusr2011/ual1220/ual1/ext/SXF/lib/linux/obj/buckets/ElemKicker.o;
In file included from /home/ualusr2011/ual1220/ual1/codes/PAC/src/SMF/PacElemKeys.h:4:0,
                 from /home/ualusr2011/ual1220/ual1/codes/PAC/src/SMF/PacSmf.h:10,
                 from /home/ualusr2011/ual1220/ual1/ext/SXF/src/UAL/SXF/Def.hh:4,
                 from /home/ualusr2011/ual1220/ual1/ext/SXF/src/UAL/SXF/ElemBucket.hh:9,
                 from /home/ualusr2011/ual1220/ual1/ext/SXF/src/UAL/SXF/buckets/ElemKicker.hh:10,
                 from buckets/ElemKicker.cc:1:
/home/ualusr2011/ual1220/ual1/codes/PAC/src/Templates/PacRbTree.h: In member function ‘std::pair<std::_Rb_tree_iterator<_Val>, bool> PacRbTree<_Key, _Value, _KeyOfValue, _Compare, _Alloc>::insert_unique(const _Val&)’:
/home/ualusr2011/ual1220/ual1/codes/PAC/src/Templates/PacRbTree.h:76:10: warning: suggest explicit braces to avoid ambiguous ‘else’ [-Wparentheses]
       if (__comp)
          ^
g++                                     -g -fpic  -O0 -fno-inline -Wall  -Wno-deprecated       -I/home/ualusr2011/ual1220/ual1/ext/SXF/src -I/home/ualusr2011/ual1220/ual1/codes/PAC/src  -I/home/ualusr2011/ual1220/ual1/codes/ZLIB/src  -I/home/ualusr2011/ual1220/ual1/codes/UAL/include  -I/home/ualusr2011/ual1220/ual1/tools/sxf//src -g -c buckets/ElemCollimator.cc -o /home/ualusr2011/ual1220/ual1/ext/SXF/lib/linux/obj/buckets/ElemCollimator.o;
In file included from /home/ualusr2011/ual1220/ual1/codes/PAC/src/SMF/PacElemKeys.h:4:0,
                 from /home/ualusr2011/ual1220/ual1/codes/PAC/src/SMF/PacSmf.h:10,
                 from /home/ualusr2011/ual1220/ual1/ext/SXF/src/UAL/SXF/Def.hh:4,
                 from /home/ualusr2011/ual1220/ual1/ext/SXF/src/UAL/SXF/ElemBucket.hh:9,
                 from /home/ualusr2011/ual1220/ual1/ext/SXF/src/UAL/SXF/buckets/ElemCollimator.hh:10,
                 from buckets/ElemCollimator.cc:1:
/home/ualusr2011/ual1220/ual1/codes/PAC/src/Templates/PacRbTree.h: In member function ‘std::pair<std::_Rb_tree_iterator<_Val>, bool> PacRbTree<_Key, _Value, _KeyOfValue, _Compare, _Alloc>::insert_unique(const _Val&)’:
/home/ualusr2011/ual1220/ual1/codes/PAC/src/Templates/PacRbTree.h:76:10: warning: suggest explicit braces to avoid ambiguous ‘else’ [-Wparentheses]
       if (__comp)
          ^
buckets/ElemCollimator.cc: In member function ‘virtual void UAL::SXFElemCollimator::write(std::ostream&, const PacLattElement&, const string&)’:
buckets/ElemCollimator.cc:91:10: warning: unused variable ‘v’ [-Wunused-variable]
   double v;
          ^
g++                                     -g -fpic  -O0 -fno-inline -Wall  -Wno-deprecated       -I/home/ualusr2011/ual1220/ual1/ext/SXF/src -I/home/ualusr2011/ual1220/ual1/codes/PAC/src  -I/home/ualusr2011/ual1220/ual1/codes/ZLIB/src  -I/home/ualusr2011/ual1220/ual1/codes/UAL/include  -I/home/ualusr2011/ual1220/ual1/tools/sxf//src -g -c buckets/ElemAperture.cc -o /home/ualusr2011/ual1220/ual1/ext/SXF/lib/linux/obj/buckets/ElemAperture.o;
In file included from /home/ualusr2011/ual1220/ual1/codes/PAC/src/SMF/PacElemKeys.h:4:0,
                 from /home/ualusr2011/ual1220/ual1/codes/PAC/src/SMF/PacSmf.h:10,
                 from /home/ualusr2011/ual1220/ual1/ext/SXF/src/UAL/SXF/Def.hh:4,
                 from /home/ualusr2011/ual1220/ual1/ext/SXF/src/UAL/SXF/ElemBucket.hh:9,
                 from /home/ualusr2011/ual1220/ual1/ext/SXF/src/UAL/SXF/buckets/ElemAperture.hh:10,
                 from buckets/ElemAperture.cc:1:
/home/ualusr2011/ual1220/ual1/codes/PAC/src/Templates/PacRbTree.h: In member function ‘std::pair<std::_Rb_tree_iterator<_Val>, bool> PacRbTree<_Key, _Value, _KeyOfValue, _Compare, _Alloc>::insert_unique(const _Val&)’:
/home/ualusr2011/ual1220/ual1/codes/PAC/src/Templates/PacRbTree.h:76:10: warning: suggest explicit braces to avoid ambiguous ‘else’ [-Wparentheses]
       if (__comp)
          ^
(if [ !  -d /home/ualusr2011/ual1220/ual1/ext/SXF/include/UAL/SXF ]; \
	then mkdir /home/ualusr2011/ual1220/ual1/ext/SXF/include/UAL/SXF; fi;)
(if [ !  -d /home/ualusr2011/ual1220/ual1/ext/SXF/include/UAL/SXF ]; then mkdir  /home/ualusr2011/ual1220/ual1/ext/SXF/include/UAL/SXF; fi;)
cp *.hh ./buckets/*.hh /home/ualusr2011/ual1220/ual1/ext/SXF/include/UAL/SXF/.	
make[5]: Leaving directory `/home/ualusr2011/ual1220/ual1/ext/SXF/src/UAL/SXF'
g++                                      -I/home/ualusr2011/ual1220/ual1/ext/SXF/src -I/home/ualusr2011/ual1220/ual1/codes/PAC/src  -I/home/ualusr2011/ual1220/ual1/codes/ZLIB/src  -I/home/ualusr2011/ual1220/ual1/codes/UAL/include  -I/home/ualusr2011/ual1220/ual1/tools/sxf//src -o /home/ualusr2011/ual1220/ual1/ext/SXF/lib/linux/obj/dummy  /home/ualusr2011/ual1220/ual1/ext/SXF/lib/linux/obj/dummy.o /home/ualusr2011/ual1220/ual1/ext/SXF/lib/linux/obj/ElemBucket.o /home/ualusr2011/ual1220/ual1/ext/SXF/lib/linux/obj/ElemBucketRegistry.o /home/ualusr2011/ual1220/ual1/ext/SXF/lib/linux/obj/Element.o /home/ualusr2011/ual1220/ual1/ext/SXF/lib/linux/obj/Error.o /home/ualusr2011/ual1220/ual1/ext/SXF/lib/linux/obj/NodeRegistry.o /home/ualusr2011/ual1220/ual1/ext/SXF/lib/linux/obj/Sequence.o /home/ualusr2011/ual1220/ual1/ext/SXF/lib/linux/obj/AcceleratorReader.o /home/ualusr2011/ual1220/ual1/ext/SXF/lib/linux/obj/Parser.o /home/ualusr2011/ual1220/ual1/ext/SXF/lib/linux/obj/buckets/ElemError.o /home/ualusr2011/ual1220/ual1/ext/SXF/lib/linux/obj/buckets/ElemMultipole.o /home/ualusr2011/ual1220/ual1/ext/SXF/lib/linux/obj/buckets/ElemMltEntry.o /home/ualusr2011/ual1220/ual1/ext/SXF/lib/linux/obj/buckets/ElemMltBody.o /home/ualusr2011/ual1220/ual1/ext/SXF/lib/linux/obj/buckets/ElemMltExit.o /home/ualusr2011/ual1220/ual1/ext/SXF/lib/linux/obj/buckets/ElemSolenoid.o /home/ualusr2011/ual1220/ual1/ext/SXF/lib/linux/obj/buckets/ElemEmpty.o /home/ualusr2011/ual1220/ual1/ext/SXF/lib/linux/obj/buckets/ElemBend.o /home/ualusr2011/ual1220/ual1/ext/SXF/lib/linux/obj/buckets/ElemRfCavity.o /home/ualusr2011/ual1220/ual1/ext/SXF/lib/linux/obj/buckets/ElemAlign.o /home/ualusr2011/ual1220/ual1/ext/SXF/lib/linux/obj/buckets/ElemKicker.o /home/ualusr2011/ual1220/ual1/ext/SXF/lib/linux/obj/buckets/ElemCollimator.o /home/ualusr2011/ual1220/ual1/ext/SXF/lib/linux/obj/buckets/ElemAperture.o -L/home/ualusr2011/ual1220/ual1/ext/SXF/lib/linux  -L/home/ualusr2011/ual1220/ual1/codes/PAC/lib/linux 	-lPacSMF -lPacOptics -lPac  -L/home/ualusr2011/ual1220/ual1/codes/ZLIB/lib/linux 	-lZTps  -L/home/ualusr2011/ual1220/ual1/codes/UAL/lib/linux 	-lUal   -L/home/ualusr2011/ual1220/ual1/tools/sxf//lib/linux 		-lSXF
cp /dev/null /home/ualusr2011/ual1220/ual1/ext/SXF/lib/linux/obj/dummy
g++                                     -shared                                 -o /home/ualusr2011/ual1220/ual1/ext/SXF/lib/linux/libUalSXF2.so /home/ualusr2011/ual1220/ual1/ext/SXF/lib/linux/obj/ElemBucket.o /home/ualusr2011/ual1220/ual1/ext/SXF/lib/linux/obj/ElemBucketRegistry.o /home/ualusr2011/ual1220/ual1/ext/SXF/lib/linux/obj/Element.o /home/ualusr2011/ual1220/ual1/ext/SXF/lib/linux/obj/Error.o /home/ualusr2011/ual1220/ual1/ext/SXF/lib/linux/obj/NodeRegistry.o /home/ualusr2011/ual1220/ual1/ext/SXF/lib/linux/obj/Sequence.o /home/ualusr2011/ual1220/ual1/ext/SXF/lib/linux/obj/AcceleratorReader.o /home/ualusr2011/ual1220/ual1/ext/SXF/lib/linux/obj/Parser.o /home/ualusr2011/ual1220/ual1/ext/SXF/lib/linux/obj/buckets/ElemError.o /home/ualusr2011/ual1220/ual1/ext/SXF/lib/linux/obj/buckets/ElemMultipole.o /home/ualusr2011/ual1220/ual1/ext/SXF/lib/linux/obj/buckets/ElemMltEntry.o /home/ualusr2011/ual1220/ual1/ext/SXF/lib/linux/obj/buckets/ElemMltBody.o /home/ualusr2011/ual1220/ual1/ext/SXF/lib/linux/obj/buckets/ElemMltExit.o /home/ualusr2011/ual1220/ual1/ext/SXF/lib/linux/obj/buckets/ElemSolenoid.o /home/ualusr2011/ual1220/ual1/ext/SXF/lib/linux/obj/buckets/ElemEmpty.o /home/ualusr2011/ual1220/ual1/ext/SXF/lib/linux/obj/buckets/ElemBend.o /home/ualusr2011/ual1220/ual1/ext/SXF/lib/linux/obj/buckets/ElemRfCavity.o /home/ualusr2011/ual1220/ual1/ext/SXF/lib/linux/obj/buckets/ElemAlign.o /home/ualusr2011/ual1220/ual1/ext/SXF/lib/linux/obj/buckets/ElemKicker.o /home/ualusr2011/ual1220/ual1/ext/SXF/lib/linux/obj/buckets/ElemCollimator.o /home/ualusr2011/ual1220/ual1/ext/SXF/lib/linux/obj/buckets/ElemAperture.o -L/home/ualusr2011/ual1220/ual1/ext/SXF/lib/linux  -L/home/ualusr2011/ual1220/ual1/codes/PAC/lib/linux 	-lPacSMF -lPacOptics -lPac  -L/home/ualusr2011/ual1220/ual1/codes/ZLIB/lib/linux 	-lZTps  -L/home/ualusr2011/ual1220/ual1/codes/UAL/lib/linux 	-lUal   -L/home/ualusr2011/ual1220/ual1/tools/sxf//lib/linux 		-lSXF
rm -r /home/ualusr2011/ual1220/ual1/ext/SXF/lib/linux/obj/*.o /home/ualusr2011/ual1220/ual1/ext/SXF/lib/linux/obj/buckets/*.o
make[4]: Leaving directory `/home/ualusr2011/ual1220/ual1/ext/SXF/src/UAL'
make[3]: Leaving directory `/home/ualusr2011/ual1220/ual1/ext/SXF/src'
make[3]: Entering directory `/home/ualusr2011/ual1220/ual1/ext/SXF/api'
Checking if your kit is complete...
Looks good
Writing Makefile for UAL::SXF::Parser
Writing MYMETA.yml and MYMETA.json
make[4]: Entering directory `/home/ualusr2011/ual1220/ual1/ext/SXF/api/UAL/SXF/XS'
/usr/bin/perl /usr/share/perl5/vendor_perl/ExtUtils/xsubpp  -C++ -prototypes -typemap /usr/share/perl5/ExtUtils/typemap -typemap typemap  Parser.xs > Parser.xsc && mv Parser.xsc Parser.c
g++ -D_SYS_TIMES_H_ -c  -I/home/ualusr2011/ual1220/ual1/ext/SXF/src -I/home/ualusr2011/ual1220/ual1/codes/ZLIB/src -I/home/ualusr2011/ual1220/ual1/codes/PAC/src  -I/home/ualusr2011/ual1220/ual1/codes/UAL/include -I/home/ualusr2011/ual1220/ual1/tools/sxf//src  -D_REENTRANT -D_GNU_SOURCE -fno-strict-aliasing -pipe -fstack-protector -I/usr/local/include -D_LARGEFILE_SOURCE -D_FILE_OFFSET_BITS=64 -O2 -g -pipe -Wall -Wp,-D_FORTIFY_SOURCE=2 -fexceptions -fstack-protector-strong --param=ssp-buffer-size=4 -grecord-gcc-switches -m64 -mtune=generic   -DVERSION=\"1.00\" -DXS_VERSION=\"1.00\" -fPIC "-I/usr/lib64/perl5/CORE"  -DHAS_BOOL -Ubool Parser.c
In file included from /home/ualusr2011/ual1220/ual1/codes/PAC/src/SMF/PacElemKeys.h:4:0,
                 from /home/ualusr2011/ual1220/ual1/codes/PAC/src/SMF/PacSmf.h:10,
                 from /home/ualusr2011/ual1220/ual1/ext/SXF/src/UAL/SXF/Def.hh:4,
                 from /home/ualusr2011/ual1220/ual1/ext/SXF/src/UAL/SXF/Parser.hh:9,
                 from Parser.xs:26:
/home/ualusr2011/ual1220/ual1/codes/PAC/src/Templates/PacRbTree.h: In member function ‘std::pair<std::_Rb_tree_iterator<_Val>, bool> PacRbTree<_Key, _Value, _KeyOfValue, _Compare, _Alloc>::insert_unique(const _Val&)’:
/home/ualusr2011/ual1220/ual1/codes/PAC/src/Templates/PacRbTree.h:76:10: warning: suggest explicit braces to avoid ambiguous ‘else’ [-Wparentheses]
       if (__comp)
          ^
Running Mkbootstrap for UAL::SXF::Parser ()
chmod 644 Parser.bs
rm -f /home/ualusr2011/ual1220/ual1/ext/SXF/api/blib/linux/arch/auto/UAL/SXF/Parser/Parser.so
g++  -shared -O2 -g -pipe -Wall -Wp,-D_FORTIFY_SOURCE=2 -fexceptions -fstack-protector-strong --param=ssp-buffer-size=4 -grecord-gcc-switches -m64 -mtune=generic -Wl,-z,relro  Parser.o  -o /home/ualusr2011/ual1220/ual1/ext/SXF/api/blib/linux/arch/auto/UAL/SXF/Parser/Parser.so 	\
   -L/home/ualusr2011/ual1220/ual1/ext/SXF/lib/linux -L/home/ualusr2011/ual1220/ual1/tools/sxf//lib/linux -L/home/ualusr2011/ual1220/ual1/codes/ZLIB/lib/linux -L/home/ualusr2011/ual1220/ual1/codes/PAC/lib/linux -L/home/ualusr2011/ual1220/ual1/codes/UAL/lib/linux -lUal -lUalSXF2 -lSXF -lPacSMF -lPacOptics -lPac -lZTps  	\
  
chmod 755 /home/ualusr2011/ual1220/ual1/ext/SXF/api/blib/linux/arch/auto/UAL/SXF/Parser/Parser.so
cp Parser.bs /home/ualusr2011/ual1220/ual1/ext/SXF/api/blib/linux/arch/auto/UAL/SXF/Parser/Parser.bs
chmod 644 /home/ualusr2011/ual1220/ual1/ext/SXF/api/blib/linux/arch/auto/UAL/SXF/Parser/Parser.bs
make[4]: Leaving directory `/home/ualusr2011/ual1220/ual1/ext/SXF/api/UAL/SXF/XS'
make[3]: Leaving directory `/home/ualusr2011/ual1220/ual1/ext/SXF/api'
make[2]: Leaving directory `/home/ualusr2011/ual1220/ual1/ext/SXF'
make[2]: Entering directory `/home/ualusr2011/ual1220/ual1/ext/ADXF'
make[3]: Entering directory `/home/ualusr2011/ual1220/ual1/ext/ADXF/src'
(if [ !  -d /home/ualusr2011/ual1220/ual1/ext/ADXF/include ]; then mkdir  /home/ualusr2011/ual1220/ual1/ext/ADXF/include; fi;)
(if [ !  -d /home/ualusr2011/ual1220/ual1/ext/ADXF/lib ]; then mkdir  /home/ualusr2011/ual1220/ual1/ext/ADXF/lib; fi;)
if [ ! -d ../lib/linux ] ; \
	then (mkdir  ../lib/linux; \
	mkdir  ../lib/linux/obj;   \
	mkdir  ../lib/linux/obj/elements; \
	mkdir  ../lib/linux/obj/handlers; ); \
fi;	
make[4]: Entering directory `/home/ualusr2011/ual1220/ual1/ext/ADXF/src/UAL'
g++                                     -g -fpic  -O0 -fno-inline -Wall  -Wno-deprecated       -I/home/ualusr2011/ual1220/ual1/ext/ADXF/src -I/home/ualusr2011/ual1220/ual1/codes/PAC/src  -I/home/ualusr2011/ual1220/ual1/codes/ZLIB/src  -I/home/ualusr2011/ual1220/ual1/codes/UAL/include  -I/home/ualusr2011/ual1220/ual1/tools/include  -g -c dummy.cc -o /home/ualusr2011/ual1220/ual1/ext/ADXF/lib/linux/obj/dummy.o;
(if [ !  -d /home/ualusr2011/ual1220/ual1/ext/ADXF/include/UAL ]; then mkdir  /home/ualusr2011/ual1220/ual1/ext/ADXF/include/UAL; fi;)
make[5]: Entering directory `/home/ualusr2011/ual1220/ual1/ext/ADXF/src/UAL/ADXF'
g++                                     -g -fpic  -O0 -fno-inline -Wall  -Wno-deprecated       -I/home/ualusr2011/ual1220/ual1/ext/ADXF/src -I/home/ualusr2011/ual1220/ual1/codes/PAC/src  -I/home/ualusr2011/ual1220/ual1/codes/ZLIB/src  -I/home/ualusr2011/ual1220/ual1/codes/UAL/include  -I/home/ualusr2011/ual1220/ual1/tools/include  -g -c Reader.cc -o /home/ualusr2011/ual1220/ual1/ext/ADXF/lib/linux/obj/Reader.o;
In file included from /home/ualusr2011/ual1220/ual1/tools/include/xercesc/validators/schema/ComplexTypeInfo.hpp:39:0,
                 from /home/ualusr2011/ual1220/ual1/tools/include/xercesc/validators/schema/SchemaElementDecl.hpp:27,
                 from /home/ualusr2011/ual1220/ual1/tools/include/xercesc/framework/psvi/XSModel.hpp:29,
                 from /home/ualusr2011/ual1220/ual1/tools/include/xercesc/framework/XMLGrammarPool.hpp:27,
                 from /home/ualusr2011/ual1220/ual1/tools/include/xercesc/validators/common/GrammarResolver.hpp:24,
                 from /home/ualusr2011/ual1220/ual1/tools/include/xercesc/internal/XMLScanner.hpp:36,
                 from /home/ualusr2011/ual1220/ual1/tools/include/xercesc/internal/VecAttributesImpl.hpp:28,
                 from /home/ualusr2011/ual1220/ual1/tools/include/xercesc/parsers/SAX2XMLReaderImpl.hpp:27,
                 from /home/ualusr2011/ual1220/ual1/tools/include/xercesc/sax2/XMLReaderFactory.hpp:24,
                 from Reader.cc:6:
/home/ualusr2011/ual1220/ual1/tools/include/xercesc/validators/schema/SchemaAttDef.hpp: In member function ‘bool xercesc_2_7::SchemaAttDef::isTypeDefinitionUnion() const’:
/home/ualusr2011/ual1220/ual1/tools/include/xercesc/validators/schema/SchemaAttDef.hpp:403:29: warning: suggest parentheses around ‘&&’ within ‘||’ [-Wparentheses]
    if(fAnyDatatypeValidator && fAnyDatatypeValidator->getType() == DatatypeValidator::Union ||
                             ^
In file included from /home/ualusr2011/ual1220/ual1/tools/include/xercesc/framework/psvi/XSModel.hpp:29:0,
                 from /home/ualusr2011/ual1220/ual1/tools/include/xercesc/framework/XMLGrammarPool.hpp:27,
                 from /home/ualusr2011/ual1220/ual1/tools/include/xercesc/validators/common/GrammarResolver.hpp:24,
                 from /home/ualusr2011/ual1220/ual1/tools/include/xercesc/internal/XMLScanner.hpp:36,
                 from /home/ualusr2011/ual1220/ual1/tools/include/xercesc/internal/VecAttributesImpl.hpp:28,
                 from /home/ualusr2011/ual1220/ual1/tools/include/xercesc/parsers/SAX2XMLReaderImpl.hpp:27,
                 from /home/ualusr2011/ual1220/ual1/tools/include/xercesc/sax2/XMLReaderFactory.hpp:24,
                 from Reader.cc:6:
/home/ualusr2011/ual1220/ual1/tools/include/xercesc/validators/schema/SchemaElementDecl.hpp: In member function ‘virtual bool xercesc_2_7::SchemaElementDecl::isGlobalDecl() const’:
/home/ualusr2011/ual1220/ual1/tools/include/xercesc/validators/schema/SchemaElementDecl.hpp:508:41: warning: comparison between signed and unsigned integer expressions [-Wsign-compare]
     return (fEnclosingScope == Grammar::TOP_LEVEL_SCOPE);
                                         ^
/home/ualusr2011/ual1220/ual1/tools/include/xercesc/validators/schema/SchemaElementDecl.hpp: In member function ‘bool xercesc_2_7::SchemaElementDecl::isTypeDefinitionUnion() const’:
/home/ualusr2011/ual1220/ual1/tools/include/xercesc/validators/schema/SchemaElementDecl.hpp:593:26: warning: suggest parentheses around ‘&&’ within ‘||’ [-Wparentheses]
    if(fXsiSimpleTypeInfo && fXsiSimpleTypeInfo->getType() == DatatypeValidator::Union ||
                          ^
In file included from /home/ualusr2011/ual1220/ual1/codes/PAC/src/SMF/PacElemKeys.h:4:0,
                 from /home/ualusr2011/ual1220/ual1/codes/PAC/src/SMF/PacSmf.h:10,
                 from /home/ualusr2011/ual1220/ual1/ext/ADXF/src/UAL/ADXF/Def.hh:4,
                 from /home/ualusr2011/ual1220/ual1/ext/ADXF/src/UAL/ADXF/Reader.hh:11,
                 from Reader.cc:10:
/home/ualusr2011/ual1220/ual1/codes/PAC/src/Templates/PacRbTree.h: In member function ‘std::pair<std::_Rb_tree_iterator<_Val>, bool> PacRbTree<_Key, _Value, _KeyOfValue, _Compare, _Alloc>::insert_unique(const _Val&)’:
/home/ualusr2011/ual1220/ual1/codes/PAC/src/Templates/PacRbTree.h:76:10: warning: suggest explicit braces to avoid ambiguous ‘else’ [-Wparentheses]
       if (__comp)
          ^
g++                                     -g -fpic  -O0 -fno-inline -Wall  -Wno-deprecated       -I/home/ualusr2011/ual1220/ual1/ext/ADXF/src -I/home/ualusr2011/ual1220/ual1/codes/PAC/src  -I/home/ualusr2011/ual1220/ual1/codes/ZLIB/src  -I/home/ualusr2011/ual1220/ual1/codes/UAL/include  -I/home/ualusr2011/ual1220/ual1/tools/include  -g -c BasicHandler.cc -o /home/ualusr2011/ual1220/ual1/ext/ADXF/lib/linux/obj/BasicHandler.o;
In file included from /home/ualusr2011/ual1220/ual1/codes/PAC/src/SMF/PacElemKeys.h:4:0,
                 from /home/ualusr2011/ual1220/ual1/codes/PAC/src/SMF/PacSmf.h:10,
                 from /home/ualusr2011/ual1220/ual1/ext/ADXF/src/UAL/ADXF/Def.hh:4,
                 from /home/ualusr2011/ual1220/ual1/ext/ADXF/src/UAL/ADXF/Reader.hh:11,
                 from BasicHandler.cc:4:
/home/ualusr2011/ual1220/ual1/codes/PAC/src/Templates/PacRbTree.h: In member function ‘std::pair<std::_Rb_tree_iterator<_Val>, bool> PacRbTree<_Key, _Value, _KeyOfValue, _Compare, _Alloc>::insert_unique(const _Val&)’:
/home/ualusr2011/ual1220/ual1/codes/PAC/src/Templates/PacRbTree.h:76:10: warning: suggest explicit braces to avoid ambiguous ‘else’ [-Wparentheses]
       if (__comp)
          ^
g++                                     -g -fpic  -O0 -fno-inline -Wall  -Wno-deprecated       -I/home/ualusr2011/ual1220/ual1/ext/ADXF/src -I/home/ualusr2011/ual1220/ual1/codes/PAC/src  -I/home/ualusr2011/ual1220/ual1/codes/ZLIB/src  -I/home/ualusr2011/ual1220/ual1/codes/UAL/include  -I/home/ualusr2011/ual1220/ual1/tools/include  -g -c DocumentHandler.cc -o /home/ualusr2011/ual1220/ual1/ext/ADXF/lib/linux/obj/DocumentHandler.o;
In file included from /home/ualusr2011/ual1220/ual1/codes/PAC/src/SMF/PacElemKeys.h:4:0,
                 from /home/ualusr2011/ual1220/ual1/codes/PAC/src/SMF/PacSmf.h:10,
                 from /home/ualusr2011/ual1220/ual1/ext/ADXF/src/UAL/ADXF/Def.hh:4,
                 from /home/ualusr2011/ual1220/ual1/ext/ADXF/src/UAL/ADXF/Reader.hh:11,
                 from DocumentHandler.cc:4:
/home/ualusr2011/ual1220/ual1/codes/PAC/src/Templates/PacRbTree.h: In member function ‘std::pair<std::_Rb_tree_iterator<_Val>, bool> PacRbTree<_Key, _Value, _KeyOfValue, _Compare, _Alloc>::insert_unique(const _Val&)’:
/home/ualusr2011/ual1220/ual1/codes/PAC/src/Templates/PacRbTree.h:76:10: warning: suggest explicit braces to avoid ambiguous ‘else’ [-Wparentheses]
       if (__comp)
          ^
g++                                     -g -fpic  -O0 -fno-inline -Wall  -Wno-deprecated       -I/home/ualusr2011/ual1220/ual1/ext/ADXF/src -I/home/ualusr2011/ual1220/ual1/codes/PAC/src  -I/home/ualusr2011/ual1220/ual1/codes/ZLIB/src  -I/home/ualusr2011/ual1220/ual1/codes/UAL/include  -I/home/ualusr2011/ual1220/ual1/tools/include  -g -c ADXFHandler.cc -o /home/ualusr2011/ual1220/ual1/ext/ADXF/lib/linux/obj/ADXFHandler.o;
In file included from /home/ualusr2011/ual1220/ual1/codes/PAC/src/SMF/PacElemKeys.h:4:0,
                 from /home/ualusr2011/ual1220/ual1/codes/PAC/src/SMF/PacSmf.h:10,
                 from /home/ualusr2011/ual1220/ual1/ext/ADXF/src/UAL/ADXF/Def.hh:4,
                 from /home/ualusr2011/ual1220/ual1/ext/ADXF/src/UAL/ADXF/Reader.hh:11,
                 from ADXFHandler.cc:4:
/home/ualusr2011/ual1220/ual1/codes/PAC/src/Templates/PacRbTree.h: In member function ‘std::pair<std::_Rb_tree_iterator<_Val>, bool> PacRbTree<_Key, _Value, _KeyOfValue, _Compare, _Alloc>::insert_unique(const _Val&)’:
/home/ualusr2011/ual1220/ual1/codes/PAC/src/Templates/PacRbTree.h:76:10: warning: suggest explicit braces to avoid ambiguous ‘else’ [-Wparentheses]
       if (__comp)
          ^
g++                                     -g -fpic  -O0 -fno-inline -Wall  -Wno-deprecated       -I/home/ualusr2011/ual1220/ual1/ext/ADXF/src -I/home/ualusr2011/ual1220/ual1/codes/PAC/src  -I/home/ualusr2011/ual1220/ual1/codes/ZLIB/src  -I/home/ualusr2011/ual1220/ual1/codes/UAL/include  -I/home/ualusr2011/ual1220/ual1/tools/include  -g -c ConstantsHandler.cc -o /home/ualusr2011/ual1220/ual1/ext/ADXF/lib/linux/obj/ConstantsHandler.o;
In file included from /home/ualusr2011/ual1220/ual1/codes/PAC/src/SMF/PacElemKeys.h:4:0,
                 from /home/ualusr2011/ual1220/ual1/codes/PAC/src/SMF/PacSmf.h:10,
                 from /home/ualusr2011/ual1220/ual1/ext/ADXF/src/UAL/ADXF/Def.hh:4,
                 from /home/ualusr2011/ual1220/ual1/ext/ADXF/src/UAL/ADXF/Reader.hh:11,
                 from ConstantsHandler.cc:4:
/home/ualusr2011/ual1220/ual1/codes/PAC/src/Templates/PacRbTree.h: In member function ‘std::pair<std::_Rb_tree_iterator<_Val>, bool> PacRbTree<_Key, _Value, _KeyOfValue, _Compare, _Alloc>::insert_unique(const _Val&)’:
/home/ualusr2011/ual1220/ual1/codes/PAC/src/Templates/PacRbTree.h:76:10: warning: suggest explicit braces to avoid ambiguous ‘else’ [-Wparentheses]
       if (__comp)
          ^
g++                                     -g -fpic  -O0 -fno-inline -Wall  -Wno-deprecated       -I/home/ualusr2011/ual1220/ual1/ext/ADXF/src -I/home/ualusr2011/ual1220/ual1/codes/PAC/src  -I/home/ualusr2011/ual1220/ual1/codes/ZLIB/src  -I/home/ualusr2011/ual1220/ual1/codes/UAL/include  -I/home/ualusr2011/ual1220/ual1/tools/include  -g -c ConstantHandler.cc -o /home/ualusr2011/ual1220/ual1/ext/ADXF/lib/linux/obj/ConstantHandler.o;
In file included from /home/ualusr2011/ual1220/ual1/codes/PAC/src/SMF/PacElemKeys.h:4:0,
                 from /home/ualusr2011/ual1220/ual1/codes/PAC/src/SMF/PacSmf.h:10,
                 from /home/ualusr2011/ual1220/ual1/ext/ADXF/src/UAL/ADXF/Def.hh:4,
                 from /home/ualusr2011/ual1220/ual1/ext/ADXF/src/UAL/ADXF/Reader.hh:11,
                 from ConstantHandler.cc:6:
/home/ualusr2011/ual1220/ual1/codes/PAC/src/Templates/PacRbTree.h: In member function ‘std::pair<std::_Rb_tree_iterator<_Val>, bool> PacRbTree<_Key, _Value, _KeyOfValue, _Compare, _Alloc>::insert_unique(const _Val&)’:
/home/ualusr2011/ual1220/ual1/codes/PAC/src/Templates/PacRbTree.h:76:10: warning: suggest explicit braces to avoid ambiguous ‘else’ [-Wparentheses]
       if (__comp)
          ^
g++                                     -g -fpic  -O0 -fno-inline -Wall  -Wno-deprecated       -I/home/ualusr2011/ual1220/ual1/ext/ADXF/src -I/home/ualusr2011/ual1220/ual1/codes/PAC/src  -I/home/ualusr2011/ual1220/ual1/codes/ZLIB/src  -I/home/ualusr2011/ual1220/ual1/codes/UAL/include  -I/home/ualusr2011/ual1220/ual1/tools/include  -g -c ConstantManager.cc -o /home/ualusr2011/ual1220/ual1/ext/ADXF/lib/linux/obj/ConstantManager.o;
g++                                     -g -fpic  -O0 -fno-inline -Wall  -Wno-deprecated       -I/home/ualusr2011/ual1220/ual1/ext/ADXF/src -I/home/ualusr2011/ual1220/ual1/codes/PAC/src  -I/home/ualusr2011/ual1220/ual1/codes/ZLIB/src  -I/home/ualusr2011/ual1220/ual1/codes/UAL/include  -I/home/ualusr2011/ual1220/ual1/tools/include  -g -c ElementHandler.cc -o /home/ualusr2011/ual1220/ual1/ext/ADXF/lib/linux/obj/ElementHandler.o;
In file included from /home/ualusr2011/ual1220/ual1/codes/PAC/src/SMF/PacElemKeys.h:4:0,
                 from /home/ualusr2011/ual1220/ual1/codes/PAC/src/SMF/PacSmf.h:10,
                 from /home/ualusr2011/ual1220/ual1/ext/ADXF/src/UAL/ADXF/Def.hh:4,
                 from /home/ualusr2011/ual1220/ual1/ext/ADXF/src/UAL/ADXF/Reader.hh:11,
                 from ElementHandler.cc:6:
/home/ualusr2011/ual1220/ual1/codes/PAC/src/Templates/PacRbTree.h: In member function ‘std::pair<std::_Rb_tree_iterator<_Val>, bool> PacRbTree<_Key, _Value, _KeyOfValue, _Compare, _Alloc>::insert_unique(const _Val&)’:
/home/ualusr2011/ual1220/ual1/codes/PAC/src/Templates/PacRbTree.h:76:10: warning: suggest explicit braces to avoid ambiguous ‘else’ [-Wparentheses]
       if (__comp)
          ^
g++                                     -g -fpic  -O0 -fno-inline -Wall  -Wno-deprecated       -I/home/ualusr2011/ual1220/ual1/ext/ADXF/src -I/home/ualusr2011/ual1220/ual1/codes/PAC/src  -I/home/ualusr2011/ual1220/ual1/codes/ZLIB/src  -I/home/ualusr2011/ual1220/ual1/codes/UAL/include  -I/home/ualusr2011/ual1220/ual1/tools/include  -g -c ElementsHandler.cc -o /home/ualusr2011/ual1220/ual1/ext/ADXF/lib/linux/obj/ElementsHandler.o;
In file included from /home/ualusr2011/ual1220/ual1/codes/PAC/src/SMF/PacElemKeys.h:4:0,
                 from /home/ualusr2011/ual1220/ual1/codes/PAC/src/SMF/PacSmf.h:10,
                 from /home/ualusr2011/ual1220/ual1/ext/ADXF/src/UAL/ADXF/Def.hh:4,
                 from /home/ualusr2011/ual1220/ual1/ext/ADXF/src/UAL/ADXF/Reader.hh:11,
                 from ElementsHandler.cc:4:
/home/ualusr2011/ual1220/ual1/codes/PAC/src/Templates/PacRbTree.h: In member function ‘std::pair<std::_Rb_tree_iterator<_Val>, bool> PacRbTree<_Key, _Value, _KeyOfValue, _Compare, _Alloc>::insert_unique(const _Val&)’:
/home/ualusr2011/ual1220/ual1/codes/PAC/src/Templates/PacRbTree.h:76:10: warning: suggest explicit braces to avoid ambiguous ‘else’ [-Wparentheses]
       if (__comp)
          ^
g++                                     -g -fpic  -O0 -fno-inline -Wall  -Wno-deprecated       -I/home/ualusr2011/ual1220/ual1/ext/ADXF/src -I/home/ualusr2011/ual1220/ual1/codes/PAC/src  -I/home/ualusr2011/ual1220/ual1/codes/ZLIB/src  -I/home/ualusr2011/ual1220/ual1/codes/UAL/include  -I/home/ualusr2011/ual1220/ual1/tools/include  -g -c handlers/MarkerHandler.cc -o /home/ualusr2011/ual1220/ual1/ext/ADXF/lib/linux/obj/handlers/MarkerHandler.o;
In file included from /home/ualusr2011/ual1220/ual1/codes/PAC/src/Templates/PacOrderedList.h:6:0,
                 from /home/ualusr2011/ual1220/ual1/codes/PAC/src/SMF/PacElemAttributes.h:12,
                 from /home/ualusr2011/ual1220/ual1/codes/PAC/src/SMF/PacElemPart.h:10,
                 from /home/ualusr2011/ual1220/ual1/codes/PAC/src/SMF/PacGenElement.h:16,
                 from handlers/MarkerHandler.cc:5:
/home/ualusr2011/ual1220/ual1/codes/PAC/src/Templates/PacRbTree.h: In member function ‘std::pair<std::_Rb_tree_iterator<_Val>, bool> PacRbTree<_Key, _Value, _KeyOfValue, _Compare, _Alloc>::insert_unique(const _Val&)’:
/home/ualusr2011/ual1220/ual1/codes/PAC/src/Templates/PacRbTree.h:76:10: warning: suggest explicit braces to avoid ambiguous ‘else’ [-Wparentheses]
       if (__comp)
          ^
g++                                     -g -fpic  -O0 -fno-inline -Wall  -Wno-deprecated       -I/home/ualusr2011/ual1220/ual1/ext/ADXF/src -I/home/ualusr2011/ual1220/ual1/codes/PAC/src  -I/home/ualusr2011/ual1220/ual1/codes/ZLIB/src  -I/home/ualusr2011/ual1220/ual1/codes/UAL/include  -I/home/ualusr2011/ual1220/ual1/tools/include  -g -c handlers/DriftHandler.cc -o /home/ualusr2011/ual1220/ual1/ext/ADXF/lib/linux/obj/handlers/DriftHandler.o;
In file included from /home/ualusr2011/ual1220/ual1/codes/PAC/src/SMF/PacElemKeys.h:4:0,
                 from /home/ualusr2011/ual1220/ual1/codes/PAC/src/SMF/PacSmf.h:10,
                 from /home/ualusr2011/ual1220/ual1/ext/ADXF/src/UAL/ADXF/Def.hh:4,
                 from /home/ualusr2011/ual1220/ual1/ext/ADXF/src/UAL/ADXF/Reader.hh:11,
                 from handlers/DriftHandler.cc:4:
/home/ualusr2011/ual1220/ual1/codes/PAC/src/Templates/PacRbTree.h: In member function ‘std::pair<std::_Rb_tree_iterator<_Val>, bool> PacRbTree<_Key, _Value, _KeyOfValue, _Compare, _Alloc>::insert_unique(const _Val&)’:
/home/ualusr2011/ual1220/ual1/codes/PAC/src/Templates/PacRbTree.h:76:10: warning: suggest explicit braces to avoid ambiguous ‘else’ [-Wparentheses]
       if (__comp)
          ^
g++                                     -g -fpic  -O0 -fno-inline -Wall  -Wno-deprecated       -I/home/ualusr2011/ual1220/ual1/ext/ADXF/src -I/home/ualusr2011/ual1220/ual1/codes/PAC/src  -I/home/ualusr2011/ual1220/ual1/codes/ZLIB/src  -I/home/ualusr2011/ual1220/ual1/codes/UAL/include  -I/home/ualusr2011/ual1220/ual1/tools/include  -g -c handlers/SbendHandler.cc -o /home/ualusr2011/ual1220/ual1/ext/ADXF/lib/linux/obj/handlers/SbendHandler.o;
In file included from /home/ualusr2011/ual1220/ual1/codes/PAC/src/SMF/PacElemKeys.h:4:0,
                 from /home/ualusr2011/ual1220/ual1/codes/PAC/src/SMF/PacSmf.h:10,
                 from /home/ualusr2011/ual1220/ual1/ext/ADXF/src/UAL/ADXF/Def.hh:4,
                 from /home/ualusr2011/ual1220/ual1/ext/ADXF/src/UAL/ADXF/Reader.hh:11,
                 from handlers/SbendHandler.cc:6:
/home/ualusr2011/ual1220/ual1/codes/PAC/src/Templates/PacRbTree.h: In member function ‘std::pair<std::_Rb_tree_iterator<_Val>, bool> PacRbTree<_Key, _Value, _KeyOfValue, _Compare, _Alloc>::insert_unique(const _Val&)’:
/home/ualusr2011/ual1220/ual1/codes/PAC/src/Templates/PacRbTree.h:76:10: warning: suggest explicit braces to avoid ambiguous ‘else’ [-Wparentheses]
       if (__comp)
          ^
g++                                     -g -fpic  -O0 -fno-inline -Wall  -Wno-deprecated       -I/home/ualusr2011/ual1220/ual1/ext/ADXF/src -I/home/ualusr2011/ual1220/ual1/codes/PAC/src  -I/home/ualusr2011/ual1220/ual1/codes/ZLIB/src  -I/home/ualusr2011/ual1220/ual1/codes/UAL/include  -I/home/ualusr2011/ual1220/ual1/tools/include  -g -c handlers/QuadrupoleHandler.cc -o /home/ualusr2011/ual1220/ual1/ext/ADXF/lib/linux/obj/handlers/QuadrupoleHandler.o;
In file included from /home/ualusr2011/ual1220/ual1/codes/PAC/src/SMF/PacElemKeys.h:4:0,
                 from /home/ualusr2011/ual1220/ual1/codes/PAC/src/SMF/PacSmf.h:10,
                 from /home/ualusr2011/ual1220/ual1/ext/ADXF/src/UAL/ADXF/Def.hh:4,
                 from /home/ualusr2011/ual1220/ual1/ext/ADXF/src/UAL/ADXF/Reader.hh:11,
                 from handlers/QuadrupoleHandler.cc:6:
/home/ualusr2011/ual1220/ual1/codes/PAC/src/Templates/PacRbTree.h: In member function ‘std::pair<std::_Rb_tree_iterator<_Val>, bool> PacRbTree<_Key, _Value, _KeyOfValue, _Compare, _Alloc>::insert_unique(const _Val&)’:
/home/ualusr2011/ual1220/ual1/codes/PAC/src/Templates/PacRbTree.h:76:10: warning: suggest explicit braces to avoid ambiguous ‘else’ [-Wparentheses]
       if (__comp)
          ^
g++                                     -g -fpic  -O0 -fno-inline -Wall  -Wno-deprecated       -I/home/ualusr2011/ual1220/ual1/ext/ADXF/src -I/home/ualusr2011/ual1220/ual1/codes/PAC/src  -I/home/ualusr2011/ual1220/ual1/codes/ZLIB/src  -I/home/ualusr2011/ual1220/ual1/codes/UAL/include  -I/home/ualusr2011/ual1220/ual1/tools/include  -g -c handlers/SextupoleHandler.cc -o /home/ualusr2011/ual1220/ual1/ext/ADXF/lib/linux/obj/handlers/SextupoleHandler.o;
In file included from /home/ualusr2011/ual1220/ual1/codes/PAC/src/SMF/PacElemKeys.h:4:0,
                 from /home/ualusr2011/ual1220/ual1/codes/PAC/src/SMF/PacSmf.h:10,
                 from /home/ualusr2011/ual1220/ual1/ext/ADXF/src/UAL/ADXF/Def.hh:4,
                 from /home/ualusr2011/ual1220/ual1/ext/ADXF/src/UAL/ADXF/Reader.hh:11,
                 from handlers/SextupoleHandler.cc:6:
/home/ualusr2011/ual1220/ual1/codes/PAC/src/Templates/PacRbTree.h: In member function ‘std::pair<std::_Rb_tree_iterator<_Val>, bool> PacRbTree<_Key, _Value, _KeyOfValue, _Compare, _Alloc>::insert_unique(const _Val&)’:
/home/ualusr2011/ual1220/ual1/codes/PAC/src/Templates/PacRbTree.h:76:10: warning: suggest explicit braces to avoid ambiguous ‘else’ [-Wparentheses]
       if (__comp)
          ^
g++                                     -g -fpic  -O0 -fno-inline -Wall  -Wno-deprecated       -I/home/ualusr2011/ual1220/ual1/ext/ADXF/src -I/home/ualusr2011/ual1220/ual1/codes/PAC/src  -I/home/ualusr2011/ual1220/ual1/codes/ZLIB/src  -I/home/ualusr2011/ual1220/ual1/codes/UAL/include  -I/home/ualusr2011/ual1220/ual1/tools/include  -g -c handlers/MonitorHandler.cc -o /home/ualusr2011/ual1220/ual1/ext/ADXF/lib/linux/obj/handlers/MonitorHandler.o;
In file included from /home/ualusr2011/ual1220/ual1/codes/PAC/src/SMF/PacElemKeys.h:4:0,
                 from /home/ualusr2011/ual1220/ual1/codes/PAC/src/SMF/PacSmf.h:10,
                 from /home/ualusr2011/ual1220/ual1/ext/ADXF/src/UAL/ADXF/Def.hh:4,
                 from /home/ualusr2011/ual1220/ual1/ext/ADXF/src/UAL/ADXF/Reader.hh:11,
                 from handlers/MonitorHandler.cc:4:
/home/ualusr2011/ual1220/ual1/codes/PAC/src/Templates/PacRbTree.h: In member function ‘std::pair<std::_Rb_tree_iterator<_Val>, bool> PacRbTree<_Key, _Value, _KeyOfValue, _Compare, _Alloc>::insert_unique(const _Val&)’:
/home/ualusr2011/ual1220/ual1/codes/PAC/src/Templates/PacRbTree.h:76:10: warning: suggest explicit braces to avoid ambiguous ‘else’ [-Wparentheses]
       if (__comp)
          ^
g++                                     -g -fpic  -O0 -fno-inline -Wall  -Wno-deprecated       -I/home/ualusr2011/ual1220/ual1/ext/ADXF/src -I/home/ualusr2011/ual1220/ual1/codes/PAC/src  -I/home/ualusr2011/ual1220/ual1/codes/ZLIB/src  -I/home/ualusr2011/ual1220/ual1/codes/UAL/include  -I/home/ualusr2011/ual1220/ual1/tools/include  -g -c handlers/MultipoleHandler.cc -o /home/ualusr2011/ual1220/ual1/ext/ADXF/lib/linux/obj/handlers/MultipoleHandler.o;
In file included from /home/ualusr2011/ual1220/ual1/codes/PAC/src/Templates/PacOrderedList.h:6:0,
                 from /home/ualusr2011/ual1220/ual1/codes/PAC/src/SMF/PacElemAttributes.h:12,
                 from /home/ualusr2011/ual1220/ual1/codes/PAC/src/SMF/PacElemPart.h:10,
                 from /home/ualusr2011/ual1220/ual1/codes/PAC/src/SMF/PacGenElement.h:16,
                 from handlers/MultipoleHandler.cc:5:
/home/ualusr2011/ual1220/ual1/codes/PAC/src/Templates/PacRbTree.h: In member function ‘std::pair<std::_Rb_tree_iterator<_Val>, bool> PacRbTree<_Key, _Value, _KeyOfValue, _Compare, _Alloc>::insert_unique(const _Val&)’:
/home/ualusr2011/ual1220/ual1/codes/PAC/src/Templates/PacRbTree.h:76:10: warning: suggest explicit braces to avoid ambiguous ‘else’ [-Wparentheses]
       if (__comp)
          ^
g++                                     -g -fpic  -O0 -fno-inline -Wall  -Wno-deprecated       -I/home/ualusr2011/ual1220/ual1/ext/ADXF/src -I/home/ualusr2011/ual1220/ual1/codes/PAC/src  -I/home/ualusr2011/ual1220/ual1/codes/ZLIB/src  -I/home/ualusr2011/ual1220/ual1/codes/UAL/include  -I/home/ualusr2011/ual1220/ual1/tools/include  -g -c handlers/InstrumentHandler.cc -o /home/ualusr2011/ual1220/ual1/ext/ADXF/lib/linux/obj/handlers/InstrumentHandler.o;
In file included from /home/ualusr2011/ual1220/ual1/codes/PAC/src/Templates/PacOrderedList.h:6:0,
                 from /home/ualusr2011/ual1220/ual1/codes/PAC/src/SMF/PacElemAttributes.h:12,
                 from /home/ualusr2011/ual1220/ual1/codes/PAC/src/SMF/PacElemPart.h:10,
                 from /home/ualusr2011/ual1220/ual1/codes/PAC/src/SMF/PacGenElement.h:16,
                 from handlers/InstrumentHandler.cc:5:
/home/ualusr2011/ual1220/ual1/codes/PAC/src/Templates/PacRbTree.h: In member function ‘std::pair<std::_Rb_tree_iterator<_Val>, bool> PacRbTree<_Key, _Value, _KeyOfValue, _Compare, _Alloc>::insert_unique(const _Val&)’:
/home/ualusr2011/ual1220/ual1/codes/PAC/src/Templates/PacRbTree.h:76:10: warning: suggest explicit braces to avoid ambiguous ‘else’ [-Wparentheses]
       if (__comp)
          ^
g++                                     -g -fpic  -O0 -fno-inline -Wall  -Wno-deprecated       -I/home/ualusr2011/ual1220/ual1/ext/ADXF/src -I/home/ualusr2011/ual1220/ual1/codes/PAC/src  -I/home/ualusr2011/ual1220/ual1/codes/ZLIB/src  -I/home/ualusr2011/ual1220/ual1/codes/UAL/include  -I/home/ualusr2011/ual1220/ual1/tools/include  -g -c handlers/VmonitorHandler.cc -o /home/ualusr2011/ual1220/ual1/ext/ADXF/lib/linux/obj/handlers/VmonitorHandler.o;
In file included from /home/ualusr2011/ual1220/ual1/codes/PAC/src/SMF/PacElemKeys.h:4:0,
                 from /home/ualusr2011/ual1220/ual1/codes/PAC/src/SMF/PacSmf.h:10,
                 from /home/ualusr2011/ual1220/ual1/ext/ADXF/src/UAL/ADXF/Def.hh:4,
                 from /home/ualusr2011/ual1220/ual1/ext/ADXF/src/UAL/ADXF/Reader.hh:11,
                 from handlers/VmonitorHandler.cc:4:
/home/ualusr2011/ual1220/ual1/codes/PAC/src/Templates/PacRbTree.h: In member function ‘std::pair<std::_Rb_tree_iterator<_Val>, bool> PacRbTree<_Key, _Value, _KeyOfValue, _Compare, _Alloc>::insert_unique(const _Val&)’:
/home/ualusr2011/ual1220/ual1/codes/PAC/src/Templates/PacRbTree.h:76:10: warning: suggest explicit braces to avoid ambiguous ‘else’ [-Wparentheses]
       if (__comp)
          ^
g++                                     -g -fpic  -O0 -fno-inline -Wall  -Wno-deprecated       -I/home/ualusr2011/ual1220/ual1/ext/ADXF/src -I/home/ualusr2011/ual1220/ual1/codes/PAC/src  -I/home/ualusr2011/ual1220/ual1/codes/ZLIB/src  -I/home/ualusr2011/ual1220/ual1/codes/UAL/include  -I/home/ualusr2011/ual1220/ual1/tools/include  -g -c handlers/HmonitorHandler.cc -o /home/ualusr2011/ual1220/ual1/ext/ADXF/lib/linux/obj/handlers/HmonitorHandler.o;
In file included from /home/ualusr2011/ual1220/ual1/codes/PAC/src/SMF/PacElemKeys.h:4:0,
                 from /home/ualusr2011/ual1220/ual1/codes/PAC/src/SMF/PacSmf.h:10,
                 from /home/ualusr2011/ual1220/ual1/ext/ADXF/src/UAL/ADXF/Def.hh:4,
                 from /home/ualusr2011/ual1220/ual1/ext/ADXF/src/UAL/ADXF/Reader.hh:11,
                 from handlers/HmonitorHandler.cc:4:
/home/ualusr2011/ual1220/ual1/codes/PAC/src/Templates/PacRbTree.h: In member function ‘std::pair<std::_Rb_tree_iterator<_Val>, bool> PacRbTree<_Key, _Value, _KeyOfValue, _Compare, _Alloc>::insert_unique(const _Val&)’:
/home/ualusr2011/ual1220/ual1/codes/PAC/src/Templates/PacRbTree.h:76:10: warning: suggest explicit braces to avoid ambiguous ‘else’ [-Wparentheses]
       if (__comp)
          ^
g++                                     -g -fpic  -O0 -fno-inline -Wall  -Wno-deprecated       -I/home/ualusr2011/ual1220/ual1/ext/ADXF/src -I/home/ualusr2011/ual1220/ual1/codes/PAC/src  -I/home/ualusr2011/ual1220/ual1/codes/ZLIB/src  -I/home/ualusr2011/ual1220/ual1/codes/UAL/include  -I/home/ualusr2011/ual1220/ual1/tools/include  -g -c handlers/RcollimatorHandler.cc -o /home/ualusr2011/ual1220/ual1/ext/ADXF/lib/linux/obj/handlers/RcollimatorHandler.o;
In file included from /home/ualusr2011/ual1220/ual1/codes/PAC/src/SMF/PacElemKeys.h:4:0,
                 from /home/ualusr2011/ual1220/ual1/codes/PAC/src/SMF/PacSmf.h:10,
                 from /home/ualusr2011/ual1220/ual1/ext/ADXF/src/UAL/ADXF/Def.hh:4,
                 from /home/ualusr2011/ual1220/ual1/ext/ADXF/src/UAL/ADXF/Reader.hh:11,
                 from handlers/RcollimatorHandler.cc:4:
/home/ualusr2011/ual1220/ual1/codes/PAC/src/Templates/PacRbTree.h: In member function ‘std::pair<std::_Rb_tree_iterator<_Val>, bool> PacRbTree<_Key, _Value, _KeyOfValue, _Compare, _Alloc>::insert_unique(const _Val&)’:
/home/ualusr2011/ual1220/ual1/codes/PAC/src/Templates/PacRbTree.h:76:10: warning: suggest explicit braces to avoid ambiguous ‘else’ [-Wparentheses]
       if (__comp)
          ^
g++                                     -g -fpic  -O0 -fno-inline -Wall  -Wno-deprecated       -I/home/ualusr2011/ual1220/ual1/ext/ADXF/src -I/home/ualusr2011/ual1220/ual1/codes/PAC/src  -I/home/ualusr2011/ual1220/ual1/codes/ZLIB/src  -I/home/ualusr2011/ual1220/ual1/codes/UAL/include  -I/home/ualusr2011/ual1220/ual1/tools/include  -g -c handlers/HkickerHandler.cc -o /home/ualusr2011/ual1220/ual1/ext/ADXF/lib/linux/obj/handlers/HkickerHandler.o;
In file included from /home/ualusr2011/ual1220/ual1/codes/PAC/src/SMF/PacElemKeys.h:4:0,
                 from /home/ualusr2011/ual1220/ual1/codes/PAC/src/SMF/PacSmf.h:10,
                 from /home/ualusr2011/ual1220/ual1/ext/ADXF/src/UAL/ADXF/Def.hh:4,
                 from /home/ualusr2011/ual1220/ual1/ext/ADXF/src/UAL/ADXF/Reader.hh:11,
                 from handlers/HkickerHandler.cc:6:
/home/ualusr2011/ual1220/ual1/codes/PAC/src/Templates/PacRbTree.h: In member function ‘std::pair<std::_Rb_tree_iterator<_Val>, bool> PacRbTree<_Key, _Value, _KeyOfValue, _Compare, _Alloc>::insert_unique(const _Val&)’:
/home/ualusr2011/ual1220/ual1/codes/PAC/src/Templates/PacRbTree.h:76:10: warning: suggest explicit braces to avoid ambiguous ‘else’ [-Wparentheses]
       if (__comp)
          ^
g++                                     -g -fpic  -O0 -fno-inline -Wall  -Wno-deprecated       -I/home/ualusr2011/ual1220/ual1/ext/ADXF/src -I/home/ualusr2011/ual1220/ual1/codes/PAC/src  -I/home/ualusr2011/ual1220/ual1/codes/ZLIB/src  -I/home/ualusr2011/ual1220/ual1/codes/UAL/include  -I/home/ualusr2011/ual1220/ual1/tools/include  -g -c handlers/VkickerHandler.cc -o /home/ualusr2011/ual1220/ual1/ext/ADXF/lib/linux/obj/handlers/VkickerHandler.o;
In file included from /home/ualusr2011/ual1220/ual1/codes/PAC/src/SMF/PacElemKeys.h:4:0,
                 from /home/ualusr2011/ual1220/ual1/codes/PAC/src/SMF/PacSmf.h:10,
                 from /home/ualusr2011/ual1220/ual1/ext/ADXF/src/UAL/ADXF/Def.hh:4,
                 from /home/ualusr2011/ual1220/ual1/ext/ADXF/src/UAL/ADXF/Reader.hh:11,
                 from handlers/VkickerHandler.cc:6:
/home/ualusr2011/ual1220/ual1/codes/PAC/src/Templates/PacRbTree.h: In member function ‘std::pair<std::_Rb_tree_iterator<_Val>, bool> PacRbTree<_Key, _Value, _KeyOfValue, _Compare, _Alloc>::insert_unique(const _Val&)’:
/home/ualusr2011/ual1220/ual1/codes/PAC/src/Templates/PacRbTree.h:76:10: warning: suggest explicit braces to avoid ambiguous ‘else’ [-Wparentheses]
       if (__comp)
          ^
g++                                     -g -fpic  -O0 -fno-inline -Wall  -Wno-deprecated       -I/home/ualusr2011/ual1220/ual1/ext/ADXF/src -I/home/ualusr2011/ual1220/ual1/codes/PAC/src  -I/home/ualusr2011/ual1220/ual1/codes/ZLIB/src  -I/home/ualusr2011/ual1220/ual1/codes/UAL/include  -I/home/ualusr2011/ual1220/ual1/tools/include  -g -c handlers/KickerHandler.cc -o /home/ualusr2011/ual1220/ual1/ext/ADXF/lib/linux/obj/handlers/KickerHandler.o;
In file included from /home/ualusr2011/ual1220/ual1/codes/PAC/src/SMF/PacElemKeys.h:4:0,
                 from /home/ualusr2011/ual1220/ual1/codes/PAC/src/SMF/PacSmf.h:10,
                 from /home/ualusr2011/ual1220/ual1/ext/ADXF/src/UAL/ADXF/Def.hh:4,
                 from /home/ualusr2011/ual1220/ual1/ext/ADXF/src/UAL/ADXF/Reader.hh:11,
                 from handlers/KickerHandler.cc:6:
/home/ualusr2011/ual1220/ual1/codes/PAC/src/Templates/PacRbTree.h: In member function ‘std::pair<std::_Rb_tree_iterator<_Val>, bool> PacRbTree<_Key, _Value, _KeyOfValue, _Compare, _Alloc>::insert_unique(const _Val&)’:
/home/ualusr2011/ual1220/ual1/codes/PAC/src/Templates/PacRbTree.h:76:10: warning: suggest explicit braces to avoid ambiguous ‘else’ [-Wparentheses]
       if (__comp)
          ^
g++                                     -g -fpic  -O0 -fno-inline -Wall  -Wno-deprecated       -I/home/ualusr2011/ual1220/ual1/ext/ADXF/src -I/home/ualusr2011/ual1220/ual1/codes/PAC/src  -I/home/ualusr2011/ual1220/ual1/codes/ZLIB/src  -I/home/ualusr2011/ual1220/ual1/codes/UAL/include  -I/home/ualusr2011/ual1220/ual1/tools/include  -g -c handlers/SolenoidHandler.cc -o /home/ualusr2011/ual1220/ual1/ext/ADXF/lib/linux/obj/handlers/SolenoidHandler.o;
In file included from /home/ualusr2011/ual1220/ual1/codes/PAC/src/SMF/PacElemKeys.h:4:0,
                 from /home/ualusr2011/ual1220/ual1/codes/PAC/src/SMF/PacSmf.h:10,
                 from /home/ualusr2011/ual1220/ual1/ext/ADXF/src/UAL/ADXF/Def.hh:4,
                 from /home/ualusr2011/ual1220/ual1/ext/ADXF/src/UAL/ADXF/Reader.hh:11,
                 from handlers/SolenoidHandler.cc:4:
/home/ualusr2011/ual1220/ual1/codes/PAC/src/Templates/PacRbTree.h: In member function ‘std::pair<std::_Rb_tree_iterator<_Val>, bool> PacRbTree<_Key, _Value, _KeyOfValue, _Compare, _Alloc>::insert_unique(const _Val&)’:
/home/ualusr2011/ual1220/ual1/codes/PAC/src/Templates/PacRbTree.h:76:10: warning: suggest explicit braces to avoid ambiguous ‘else’ [-Wparentheses]
       if (__comp)
          ^
g++                                     -g -fpic  -O0 -fno-inline -Wall  -Wno-deprecated       -I/home/ualusr2011/ual1220/ual1/ext/ADXF/src -I/home/ualusr2011/ual1220/ual1/codes/PAC/src  -I/home/ualusr2011/ual1220/ual1/codes/ZLIB/src  -I/home/ualusr2011/ual1220/ual1/codes/UAL/include  -I/home/ualusr2011/ual1220/ual1/tools/include  -g -c ElementSetHandler.cc -o /home/ualusr2011/ual1220/ual1/ext/ADXF/lib/linux/obj/ElementSetHandler.o;
In file included from /home/ualusr2011/ual1220/ual1/codes/PAC/src/SMF/PacElemKeys.h:4:0,
                 from /home/ualusr2011/ual1220/ual1/codes/PAC/src/SMF/PacSmf.h:10,
                 from /home/ualusr2011/ual1220/ual1/ext/ADXF/src/UAL/ADXF/Def.hh:4,
                 from /home/ualusr2011/ual1220/ual1/ext/ADXF/src/UAL/ADXF/Reader.hh:11,
                 from ElementSetHandler.cc:6:
/home/ualusr2011/ual1220/ual1/codes/PAC/src/Templates/PacRbTree.h: In member function ‘std::pair<std::_Rb_tree_iterator<_Val>, bool> PacRbTree<_Key, _Value, _KeyOfValue, _Compare, _Alloc>::insert_unique(const _Val&)’:
/home/ualusr2011/ual1220/ual1/codes/PAC/src/Templates/PacRbTree.h:76:10: warning: suggest explicit braces to avoid ambiguous ‘else’ [-Wparentheses]
       if (__comp)
          ^
g++                                     -g -fpic  -O0 -fno-inline -Wall  -Wno-deprecated       -I/home/ualusr2011/ual1220/ual1/ext/ADXF/src -I/home/ualusr2011/ual1220/ual1/codes/PAC/src  -I/home/ualusr2011/ual1220/ual1/codes/ZLIB/src  -I/home/ualusr2011/ual1220/ual1/codes/UAL/include  -I/home/ualusr2011/ual1220/ual1/tools/include  -g -c ElementSetsHandler.cc -o /home/ualusr2011/ual1220/ual1/ext/ADXF/lib/linux/obj/ElementSetsHandler.o;
In file included from /home/ualusr2011/ual1220/ual1/codes/PAC/src/SMF/PacElemKeys.h:4:0,
                 from /home/ualusr2011/ual1220/ual1/codes/PAC/src/SMF/PacSmf.h:10,
                 from /home/ualusr2011/ual1220/ual1/ext/ADXF/src/UAL/ADXF/Def.hh:4,
                 from /home/ualusr2011/ual1220/ual1/ext/ADXF/src/UAL/ADXF/Reader.hh:11,
                 from ElementSetsHandler.cc:4:
/home/ualusr2011/ual1220/ual1/codes/PAC/src/Templates/PacRbTree.h: In member function ‘std::pair<std::_Rb_tree_iterator<_Val>, bool> PacRbTree<_Key, _Value, _KeyOfValue, _Compare, _Alloc>::insert_unique(const _Val&)’:
/home/ualusr2011/ual1220/ual1/codes/PAC/src/Templates/PacRbTree.h:76:10: warning: suggest explicit braces to avoid ambiguous ‘else’ [-Wparentheses]
       if (__comp)
          ^
g++                                     -g -fpic  -O0 -fno-inline -Wall  -Wno-deprecated       -I/home/ualusr2011/ual1220/ual1/ext/ADXF/src -I/home/ualusr2011/ual1220/ual1/codes/PAC/src  -I/home/ualusr2011/ual1220/ual1/codes/ZLIB/src  -I/home/ualusr2011/ual1220/ual1/codes/UAL/include  -I/home/ualusr2011/ual1220/ual1/tools/include  -g -c handlers/MfieldHandler.cc -o /home/ualusr2011/ual1220/ual1/ext/ADXF/lib/linux/obj/handlers/MfieldHandler.o;
In file included from /home/ualusr2011/ual1220/ual1/codes/PAC/src/SMF/PacElemKeys.h:4:0,
                 from /home/ualusr2011/ual1220/ual1/codes/PAC/src/SMF/PacSmf.h:10,
                 from /home/ualusr2011/ual1220/ual1/ext/ADXF/src/UAL/ADXF/Def.hh:4,
                 from /home/ualusr2011/ual1220/ual1/ext/ADXF/src/UAL/ADXF/Reader.hh:11,
                 from handlers/MfieldHandler.cc:8:
/home/ualusr2011/ual1220/ual1/codes/PAC/src/Templates/PacRbTree.h: In member function ‘std::pair<std::_Rb_tree_iterator<_Val>, bool> PacRbTree<_Key, _Value, _KeyOfValue, _Compare, _Alloc>::insert_unique(const _Val&)’:
/home/ualusr2011/ual1220/ual1/codes/PAC/src/Templates/PacRbTree.h:76:10: warning: suggest explicit braces to avoid ambiguous ‘else’ [-Wparentheses]
       if (__comp)
          ^
g++                                     -g -fpic  -O0 -fno-inline -Wall  -Wno-deprecated       -I/home/ualusr2011/ual1220/ual1/ext/ADXF/src -I/home/ualusr2011/ual1220/ual1/codes/PAC/src  -I/home/ualusr2011/ual1220/ual1/codes/ZLIB/src  -I/home/ualusr2011/ual1220/ual1/codes/UAL/include  -I/home/ualusr2011/ual1220/ual1/tools/include  -g -c SectorsHandler.cc -o /home/ualusr2011/ual1220/ual1/ext/ADXF/lib/linux/obj/SectorsHandler.o;
In file included from /home/ualusr2011/ual1220/ual1/codes/PAC/src/SMF/PacElemKeys.h:4:0,
                 from /home/ualusr2011/ual1220/ual1/codes/PAC/src/SMF/PacSmf.h:10,
                 from /home/ualusr2011/ual1220/ual1/ext/ADXF/src/UAL/ADXF/Def.hh:4,
                 from /home/ualusr2011/ual1220/ual1/ext/ADXF/src/UAL/ADXF/Reader.hh:11,
                 from SectorsHandler.cc:4:
/home/ualusr2011/ual1220/ual1/codes/PAC/src/Templates/PacRbTree.h: In member function ‘std::pair<std::_Rb_tree_iterator<_Val>, bool> PacRbTree<_Key, _Value, _KeyOfValue, _Compare, _Alloc>::insert_unique(const _Val&)’:
/home/ualusr2011/ual1220/ual1/codes/PAC/src/Templates/PacRbTree.h:76:10: warning: suggest explicit braces to avoid ambiguous ‘else’ [-Wparentheses]
       if (__comp)
          ^
g++                                     -g -fpic  -O0 -fno-inline -Wall  -Wno-deprecated       -I/home/ualusr2011/ual1220/ual1/ext/ADXF/src -I/home/ualusr2011/ual1220/ual1/codes/PAC/src  -I/home/ualusr2011/ual1220/ual1/codes/ZLIB/src  -I/home/ualusr2011/ual1220/ual1/codes/UAL/include  -I/home/ualusr2011/ual1220/ual1/tools/include  -g -c SectorHandler.cc -o /home/ualusr2011/ual1220/ual1/ext/ADXF/lib/linux/obj/SectorHandler.o;
In file included from /home/ualusr2011/ual1220/ual1/codes/PAC/src/Templates/PacOrderedList.h:6:0,
                 from /home/ualusr2011/ual1220/ual1/codes/PAC/src/SMF/PacElemAttributes.h:12,
                 from /home/ualusr2011/ual1220/ual1/codes/PAC/src/SMF/PacElemPart.h:10,
                 from /home/ualusr2011/ual1220/ual1/codes/PAC/src/SMF/PacGenElement.h:16,
                 from /home/ualusr2011/ual1220/ual1/codes/PAC/src/SMF/PacLine.h:12,
                 from SectorHandler.cc:6:
/home/ualusr2011/ual1220/ual1/codes/PAC/src/Templates/PacRbTree.h: In member function ‘std::pair<std::_Rb_tree_iterator<_Val>, bool> PacRbTree<_Key, _Value, _KeyOfValue, _Compare, _Alloc>::insert_unique(const _Val&)’:
/home/ualusr2011/ual1220/ual1/codes/PAC/src/Templates/PacRbTree.h:76:10: warning: suggest explicit braces to avoid ambiguous ‘else’ [-Wparentheses]
       if (__comp)
          ^
g++                                     -g -fpic  -O0 -fno-inline -Wall  -Wno-deprecated       -I/home/ualusr2011/ual1220/ual1/ext/ADXF/src -I/home/ualusr2011/ual1220/ual1/codes/PAC/src  -I/home/ualusr2011/ual1220/ual1/codes/ZLIB/src  -I/home/ualusr2011/ual1220/ual1/codes/UAL/include  -I/home/ualusr2011/ual1220/ual1/tools/include  -g -c Writer.cc -o /home/ualusr2011/ual1220/ual1/ext/ADXF/lib/linux/obj/Writer.o;
In file included from /home/ualusr2011/ual1220/ual1/codes/PAC/src/SMF/PacElemKeys.h:4:0,
                 from /home/ualusr2011/ual1220/ual1/codes/PAC/src/SMF/PacSmf.h:10,
                 from /home/ualusr2011/ual1220/ual1/ext/ADXF/src/UAL/ADXF/Def.hh:4,
                 from /home/ualusr2011/ual1220/ual1/ext/ADXF/src/UAL/ADXF/Writer.hh:9,
                 from Writer.cc:5:
/home/ualusr2011/ual1220/ual1/codes/PAC/src/Templates/PacRbTree.h: In member function ‘std::pair<std::_Rb_tree_iterator<_Val>, bool> PacRbTree<_Key, _Value, _KeyOfValue, _Compare, _Alloc>::insert_unique(const _Val&)’:
/home/ualusr2011/ual1220/ual1/codes/PAC/src/Templates/PacRbTree.h:76:10: warning: suggest explicit braces to avoid ambiguous ‘else’ [-Wparentheses]
       if (__comp)
          ^
g++                                     -g -fpic  -O0 -fno-inline -Wall  -Wno-deprecated       -I/home/ualusr2011/ual1220/ual1/ext/ADXF/src -I/home/ualusr2011/ual1220/ual1/codes/PAC/src  -I/home/ualusr2011/ual1220/ual1/codes/ZLIB/src  -I/home/ualusr2011/ual1220/ual1/codes/UAL/include  -I/home/ualusr2011/ual1220/ual1/tools/include  -g -c ElementWriter.cc -o /home/ualusr2011/ual1220/ual1/ext/ADXF/lib/linux/obj/ElementWriter.o;
In file included from /home/ualusr2011/ual1220/ual1/codes/PAC/src/SMF/PacElemKeys.h:4:0,
                 from /home/ualusr2011/ual1220/ual1/codes/PAC/src/SMF/PacSmf.h:10,
                 from /home/ualusr2011/ual1220/ual1/ext/ADXF/src/UAL/ADXF/Def.hh:4,
                 from /home/ualusr2011/ual1220/ual1/ext/ADXF/src/UAL/ADXF/ElementWriter.hh:8,
                 from ElementWriter.cc:1:
/home/ualusr2011/ual1220/ual1/codes/PAC/src/Templates/PacRbTree.h: In member function ‘std::pair<std::_Rb_tree_iterator<_Val>, bool> PacRbTree<_Key, _Value, _KeyOfValue, _Compare, _Alloc>::insert_unique(const _Val&)’:
/home/ualusr2011/ual1220/ual1/codes/PAC/src/Templates/PacRbTree.h:76:10: warning: suggest explicit braces to avoid ambiguous ‘else’ [-Wparentheses]
       if (__comp)
          ^
g++                                     -g -fpic  -O0 -fno-inline -Wall  -Wno-deprecated       -I/home/ualusr2011/ual1220/ual1/ext/ADXF/src -I/home/ualusr2011/ual1220/ual1/codes/PAC/src  -I/home/ualusr2011/ual1220/ual1/codes/ZLIB/src  -I/home/ualusr2011/ual1220/ual1/codes/UAL/include  -I/home/ualusr2011/ual1220/ual1/tools/include  -g -c ElementsWriter.cc -o /home/ualusr2011/ual1220/ual1/ext/ADXF/lib/linux/obj/ElementsWriter.o;
In file included from /home/ualusr2011/ual1220/ual1/codes/PAC/src/SMF/PacElemKeys.h:4:0,
                 from /home/ualusr2011/ual1220/ual1/codes/PAC/src/SMF/PacSmf.h:10,
                 from /home/ualusr2011/ual1220/ual1/ext/ADXF/src/UAL/ADXF/Def.hh:4,
                 from /home/ualusr2011/ual1220/ual1/ext/ADXF/src/UAL/ADXF/ElementsWriter.hh:11,
                 from ElementsWriter.cc:1:
/home/ualusr2011/ual1220/ual1/codes/PAC/src/Templates/PacRbTree.h: In member function ‘std::pair<std::_Rb_tree_iterator<_Val>, bool> PacRbTree<_Key, _Value, _KeyOfValue, _Compare, _Alloc>::insert_unique(const _Val&)’:
/home/ualusr2011/ual1220/ual1/codes/PAC/src/Templates/PacRbTree.h:76:10: warning: suggest explicit braces to avoid ambiguous ‘else’ [-Wparentheses]
       if (__comp)
          ^
g++                                     -g -fpic  -O0 -fno-inline -Wall  -Wno-deprecated       -I/home/ualusr2011/ual1220/ual1/ext/ADXF/src -I/home/ualusr2011/ual1220/ual1/codes/PAC/src  -I/home/ualusr2011/ual1220/ual1/codes/ZLIB/src  -I/home/ualusr2011/ual1220/ual1/codes/UAL/include  -I/home/ualusr2011/ual1220/ual1/tools/include  -g -c elements/MarkerWriter.cc -o /home/ualusr2011/ual1220/ual1/ext/ADXF/lib/linux/obj/elements/MarkerWriter.o;
In file included from /home/ualusr2011/ual1220/ual1/codes/PAC/src/SMF/PacElemKeys.h:4:0,
                 from /home/ualusr2011/ual1220/ual1/codes/PAC/src/SMF/PacSmf.h:10,
                 from /home/ualusr2011/ual1220/ual1/ext/ADXF/src/UAL/ADXF/Def.hh:4,
                 from /home/ualusr2011/ual1220/ual1/ext/ADXF/src/UAL/ADXF/ElementWriter.hh:8,
                 from /home/ualusr2011/ual1220/ual1/ext/ADXF/src/UAL/ADXF/elements/MarkerWriter.hh:9,
                 from elements/MarkerWriter.cc:1:
/home/ualusr2011/ual1220/ual1/codes/PAC/src/Templates/PacRbTree.h: In member function ‘std::pair<std::_Rb_tree_iterator<_Val>, bool> PacRbTree<_Key, _Value, _KeyOfValue, _Compare, _Alloc>::insert_unique(const _Val&)’:
/home/ualusr2011/ual1220/ual1/codes/PAC/src/Templates/PacRbTree.h:76:10: warning: suggest explicit braces to avoid ambiguous ‘else’ [-Wparentheses]
       if (__comp)
          ^
g++                                     -g -fpic  -O0 -fno-inline -Wall  -Wno-deprecated       -I/home/ualusr2011/ual1220/ual1/ext/ADXF/src -I/home/ualusr2011/ual1220/ual1/codes/PAC/src  -I/home/ualusr2011/ual1220/ual1/codes/ZLIB/src  -I/home/ualusr2011/ual1220/ual1/codes/UAL/include  -I/home/ualusr2011/ual1220/ual1/tools/include  -g -c elements/DriftWriter.cc -o /home/ualusr2011/ual1220/ual1/ext/ADXF/lib/linux/obj/elements/DriftWriter.o;
In file included from /home/ualusr2011/ual1220/ual1/codes/PAC/src/SMF/PacElemKeys.h:4:0,
                 from /home/ualusr2011/ual1220/ual1/codes/PAC/src/SMF/PacSmf.h:10,
                 from /home/ualusr2011/ual1220/ual1/ext/ADXF/src/UAL/ADXF/Def.hh:4,
                 from /home/ualusr2011/ual1220/ual1/ext/ADXF/src/UAL/ADXF/ElementWriter.hh:8,
                 from /home/ualusr2011/ual1220/ual1/ext/ADXF/src/UAL/ADXF/elements/DriftWriter.hh:9,
                 from elements/DriftWriter.cc:1:
/home/ualusr2011/ual1220/ual1/codes/PAC/src/Templates/PacRbTree.h: In member function ‘std::pair<std::_Rb_tree_iterator<_Val>, bool> PacRbTree<_Key, _Value, _KeyOfValue, _Compare, _Alloc>::insert_unique(const _Val&)’:
/home/ualusr2011/ual1220/ual1/codes/PAC/src/Templates/PacRbTree.h:76:10: warning: suggest explicit braces to avoid ambiguous ‘else’ [-Wparentheses]
       if (__comp)
          ^
g++                                     -g -fpic  -O0 -fno-inline -Wall  -Wno-deprecated       -I/home/ualusr2011/ual1220/ual1/ext/ADXF/src -I/home/ualusr2011/ual1220/ual1/codes/PAC/src  -I/home/ualusr2011/ual1220/ual1/codes/ZLIB/src  -I/home/ualusr2011/ual1220/ual1/codes/UAL/include  -I/home/ualusr2011/ual1220/ual1/tools/include  -g -c elements/SbendWriter.cc -o /home/ualusr2011/ual1220/ual1/ext/ADXF/lib/linux/obj/elements/SbendWriter.o;
In file included from /home/ualusr2011/ual1220/ual1/codes/PAC/src/SMF/PacElemKeys.h:4:0,
                 from /home/ualusr2011/ual1220/ual1/codes/PAC/src/SMF/PacSmf.h:10,
                 from /home/ualusr2011/ual1220/ual1/ext/ADXF/src/UAL/ADXF/Def.hh:4,
                 from /home/ualusr2011/ual1220/ual1/ext/ADXF/src/UAL/ADXF/ElementWriter.hh:8,
                 from /home/ualusr2011/ual1220/ual1/ext/ADXF/src/UAL/ADXF/elements/SbendWriter.hh:9,
                 from elements/SbendWriter.cc:3:
/home/ualusr2011/ual1220/ual1/codes/PAC/src/Templates/PacRbTree.h: In member function ‘std::pair<std::_Rb_tree_iterator<_Val>, bool> PacRbTree<_Key, _Value, _KeyOfValue, _Compare, _Alloc>::insert_unique(const _Val&)’:
/home/ualusr2011/ual1220/ual1/codes/PAC/src/Templates/PacRbTree.h:76:10: warning: suggest explicit braces to avoid ambiguous ‘else’ [-Wparentheses]
       if (__comp)
          ^
g++                                     -g -fpic  -O0 -fno-inline -Wall  -Wno-deprecated       -I/home/ualusr2011/ual1220/ual1/ext/ADXF/src -I/home/ualusr2011/ual1220/ual1/codes/PAC/src  -I/home/ualusr2011/ual1220/ual1/codes/ZLIB/src  -I/home/ualusr2011/ual1220/ual1/codes/UAL/include  -I/home/ualusr2011/ual1220/ual1/tools/include  -g -c elements/QuadrupoleWriter.cc -o /home/ualusr2011/ual1220/ual1/ext/ADXF/lib/linux/obj/elements/QuadrupoleWriter.o;
In file included from /home/ualusr2011/ual1220/ual1/codes/PAC/src/SMF/PacElemKeys.h:4:0,
                 from /home/ualusr2011/ual1220/ual1/codes/PAC/src/SMF/PacSmf.h:10,
                 from /home/ualusr2011/ual1220/ual1/ext/ADXF/src/UAL/ADXF/Def.hh:4,
                 from /home/ualusr2011/ual1220/ual1/ext/ADXF/src/UAL/ADXF/ElementWriter.hh:8,
                 from /home/ualusr2011/ual1220/ual1/ext/ADXF/src/UAL/ADXF/elements/QuadrupoleWriter.hh:9,
                 from elements/QuadrupoleWriter.cc:4:
/home/ualusr2011/ual1220/ual1/codes/PAC/src/Templates/PacRbTree.h: In member function ‘std::pair<std::_Rb_tree_iterator<_Val>, bool> PacRbTree<_Key, _Value, _KeyOfValue, _Compare, _Alloc>::insert_unique(const _Val&)’:
/home/ualusr2011/ual1220/ual1/codes/PAC/src/Templates/PacRbTree.h:76:10: warning: suggest explicit braces to avoid ambiguous ‘else’ [-Wparentheses]
       if (__comp)
          ^
g++                                     -g -fpic  -O0 -fno-inline -Wall  -Wno-deprecated       -I/home/ualusr2011/ual1220/ual1/ext/ADXF/src -I/home/ualusr2011/ual1220/ual1/codes/PAC/src  -I/home/ualusr2011/ual1220/ual1/codes/ZLIB/src  -I/home/ualusr2011/ual1220/ual1/codes/UAL/include  -I/home/ualusr2011/ual1220/ual1/tools/include  -g -c elements/SextupoleWriter.cc -o /home/ualusr2011/ual1220/ual1/ext/ADXF/lib/linux/obj/elements/SextupoleWriter.o;
In file included from /home/ualusr2011/ual1220/ual1/codes/PAC/src/SMF/PacElemKeys.h:4:0,
                 from /home/ualusr2011/ual1220/ual1/codes/PAC/src/SMF/PacSmf.h:10,
                 from /home/ualusr2011/ual1220/ual1/ext/ADXF/src/UAL/ADXF/Def.hh:4,
                 from /home/ualusr2011/ual1220/ual1/ext/ADXF/src/UAL/ADXF/ElementWriter.hh:8,
                 from /home/ualusr2011/ual1220/ual1/ext/ADXF/src/UAL/ADXF/elements/SextupoleWriter.hh:9,
                 from elements/SextupoleWriter.cc:4:
/home/ualusr2011/ual1220/ual1/codes/PAC/src/Templates/PacRbTree.h: In member function ‘std::pair<std::_Rb_tree_iterator<_Val>, bool> PacRbTree<_Key, _Value, _KeyOfValue, _Compare, _Alloc>::insert_unique(const _Val&)’:
/home/ualusr2011/ual1220/ual1/codes/PAC/src/Templates/PacRbTree.h:76:10: warning: suggest explicit braces to avoid ambiguous ‘else’ [-Wparentheses]
       if (__comp)
          ^
g++                                     -g -fpic  -O0 -fno-inline -Wall  -Wno-deprecated       -I/home/ualusr2011/ual1220/ual1/ext/ADXF/src -I/home/ualusr2011/ual1220/ual1/codes/PAC/src  -I/home/ualusr2011/ual1220/ual1/codes/ZLIB/src  -I/home/ualusr2011/ual1220/ual1/codes/UAL/include  -I/home/ualusr2011/ual1220/ual1/tools/include  -g -c elements/MultipoleWriter.cc -o /home/ualusr2011/ual1220/ual1/ext/ADXF/lib/linux/obj/elements/MultipoleWriter.o;
In file included from /home/ualusr2011/ual1220/ual1/codes/PAC/src/SMF/PacElemKeys.h:4:0,
                 from /home/ualusr2011/ual1220/ual1/codes/PAC/src/SMF/PacSmf.h:10,
                 from /home/ualusr2011/ual1220/ual1/ext/ADXF/src/UAL/ADXF/Def.hh:4,
                 from /home/ualusr2011/ual1220/ual1/ext/ADXF/src/UAL/ADXF/ElementWriter.hh:8,
                 from /home/ualusr2011/ual1220/ual1/ext/ADXF/src/UAL/ADXF/elements/MultipoleWriter.hh:9,
                 from elements/MultipoleWriter.cc:4:
/home/ualusr2011/ual1220/ual1/codes/PAC/src/Templates/PacRbTree.h: In member function ‘std::pair<std::_Rb_tree_iterator<_Val>, bool> PacRbTree<_Key, _Value, _KeyOfValue, _Compare, _Alloc>::insert_unique(const _Val&)’:
/home/ualusr2011/ual1220/ual1/codes/PAC/src/Templates/PacRbTree.h:76:10: warning: suggest explicit braces to avoid ambiguous ‘else’ [-Wparentheses]
       if (__comp)
          ^
g++                                     -g -fpic  -O0 -fno-inline -Wall  -Wno-deprecated       -I/home/ualusr2011/ual1220/ual1/ext/ADXF/src -I/home/ualusr2011/ual1220/ual1/codes/PAC/src  -I/home/ualusr2011/ual1220/ual1/codes/ZLIB/src  -I/home/ualusr2011/ual1220/ual1/codes/UAL/include  -I/home/ualusr2011/ual1220/ual1/tools/include  -g -c elements/HkickerWriter.cc -o /home/ualusr2011/ual1220/ual1/ext/ADXF/lib/linux/obj/elements/HkickerWriter.o;
In file included from /home/ualusr2011/ual1220/ual1/codes/PAC/src/SMF/PacElemKeys.h:4:0,
                 from /home/ualusr2011/ual1220/ual1/codes/PAC/src/SMF/PacSmf.h:10,
                 from /home/ualusr2011/ual1220/ual1/ext/ADXF/src/UAL/ADXF/Def.hh:4,
                 from /home/ualusr2011/ual1220/ual1/ext/ADXF/src/UAL/ADXF/ElementWriter.hh:8,
                 from /home/ualusr2011/ual1220/ual1/ext/ADXF/src/UAL/ADXF/elements/HkickerWriter.hh:9,
                 from elements/HkickerWriter.cc:4:
/home/ualusr2011/ual1220/ual1/codes/PAC/src/Templates/PacRbTree.h: In member function ‘std::pair<std::_Rb_tree_iterator<_Val>, bool> PacRbTree<_Key, _Value, _KeyOfValue, _Compare, _Alloc>::insert_unique(const _Val&)’:
/home/ualusr2011/ual1220/ual1/codes/PAC/src/Templates/PacRbTree.h:76:10: warning: suggest explicit braces to avoid ambiguous ‘else’ [-Wparentheses]
       if (__comp)
          ^
g++                                     -g -fpic  -O0 -fno-inline -Wall  -Wno-deprecated       -I/home/ualusr2011/ual1220/ual1/ext/ADXF/src -I/home/ualusr2011/ual1220/ual1/codes/PAC/src  -I/home/ualusr2011/ual1220/ual1/codes/ZLIB/src  -I/home/ualusr2011/ual1220/ual1/codes/UAL/include  -I/home/ualusr2011/ual1220/ual1/tools/include  -g -c elements/VkickerWriter.cc -o /home/ualusr2011/ual1220/ual1/ext/ADXF/lib/linux/obj/elements/VkickerWriter.o;
In file included from /home/ualusr2011/ual1220/ual1/codes/PAC/src/SMF/PacElemKeys.h:4:0,
                 from /home/ualusr2011/ual1220/ual1/codes/PAC/src/SMF/PacSmf.h:10,
                 from /home/ualusr2011/ual1220/ual1/ext/ADXF/src/UAL/ADXF/Def.hh:4,
                 from /home/ualusr2011/ual1220/ual1/ext/ADXF/src/UAL/ADXF/ElementWriter.hh:8,
                 from /home/ualusr2011/ual1220/ual1/ext/ADXF/src/UAL/ADXF/elements/VkickerWriter.hh:9,
                 from elements/VkickerWriter.cc:4:
/home/ualusr2011/ual1220/ual1/codes/PAC/src/Templates/PacRbTree.h: In member function ‘std::pair<std::_Rb_tree_iterator<_Val>, bool> PacRbTree<_Key, _Value, _KeyOfValue, _Compare, _Alloc>::insert_unique(const _Val&)’:
/home/ualusr2011/ual1220/ual1/codes/PAC/src/Templates/PacRbTree.h:76:10: warning: suggest explicit braces to avoid ambiguous ‘else’ [-Wparentheses]
       if (__comp)
          ^
g++                                     -g -fpic  -O0 -fno-inline -Wall  -Wno-deprecated       -I/home/ualusr2011/ual1220/ual1/ext/ADXF/src -I/home/ualusr2011/ual1220/ual1/codes/PAC/src  -I/home/ualusr2011/ual1220/ual1/codes/ZLIB/src  -I/home/ualusr2011/ual1220/ual1/codes/UAL/include  -I/home/ualusr2011/ual1220/ual1/tools/include  -g -c elements/KickerWriter.cc -o /home/ualusr2011/ual1220/ual1/ext/ADXF/lib/linux/obj/elements/KickerWriter.o;
In file included from /home/ualusr2011/ual1220/ual1/codes/PAC/src/SMF/PacElemKeys.h:4:0,
                 from /home/ualusr2011/ual1220/ual1/codes/PAC/src/SMF/PacSmf.h:10,
                 from /home/ualusr2011/ual1220/ual1/ext/ADXF/src/UAL/ADXF/Def.hh:4,
                 from /home/ualusr2011/ual1220/ual1/ext/ADXF/src/UAL/ADXF/ElementWriter.hh:8,
                 from /home/ualusr2011/ual1220/ual1/ext/ADXF/src/UAL/ADXF/elements/KickerWriter.hh:9,
                 from elements/KickerWriter.cc:4:
/home/ualusr2011/ual1220/ual1/codes/PAC/src/Templates/PacRbTree.h: In member function ‘std::pair<std::_Rb_tree_iterator<_Val>, bool> PacRbTree<_Key, _Value, _KeyOfValue, _Compare, _Alloc>::insert_unique(const _Val&)’:
/home/ualusr2011/ual1220/ual1/codes/PAC/src/Templates/PacRbTree.h:76:10: warning: suggest explicit braces to avoid ambiguous ‘else’ [-Wparentheses]
       if (__comp)
          ^
g++                                     -g -fpic  -O0 -fno-inline -Wall  -Wno-deprecated       -I/home/ualusr2011/ual1220/ual1/ext/ADXF/src -I/home/ualusr2011/ual1220/ual1/codes/PAC/src  -I/home/ualusr2011/ual1220/ual1/codes/ZLIB/src  -I/home/ualusr2011/ual1220/ual1/codes/UAL/include  -I/home/ualusr2011/ual1220/ual1/tools/include  -g -c elements/HmonitorWriter.cc -o /home/ualusr2011/ual1220/ual1/ext/ADXF/lib/linux/obj/elements/HmonitorWriter.o;
In file included from /home/ualusr2011/ual1220/ual1/codes/PAC/src/SMF/PacElemKeys.h:4:0,
                 from /home/ualusr2011/ual1220/ual1/codes/PAC/src/SMF/PacSmf.h:10,
                 from /home/ualusr2011/ual1220/ual1/ext/ADXF/src/UAL/ADXF/Def.hh:4,
                 from /home/ualusr2011/ual1220/ual1/ext/ADXF/src/UAL/ADXF/ElementWriter.hh:8,
                 from /home/ualusr2011/ual1220/ual1/ext/ADXF/src/UAL/ADXF/elements/HmonitorWriter.hh:9,
                 from elements/HmonitorWriter.cc:1:
/home/ualusr2011/ual1220/ual1/codes/PAC/src/Templates/PacRbTree.h: In member function ‘std::pair<std::_Rb_tree_iterator<_Val>, bool> PacRbTree<_Key, _Value, _KeyOfValue, _Compare, _Alloc>::insert_unique(const _Val&)’:
/home/ualusr2011/ual1220/ual1/codes/PAC/src/Templates/PacRbTree.h:76:10: warning: suggest explicit braces to avoid ambiguous ‘else’ [-Wparentheses]
       if (__comp)
          ^
g++                                     -g -fpic  -O0 -fno-inline -Wall  -Wno-deprecated       -I/home/ualusr2011/ual1220/ual1/ext/ADXF/src -I/home/ualusr2011/ual1220/ual1/codes/PAC/src  -I/home/ualusr2011/ual1220/ual1/codes/ZLIB/src  -I/home/ualusr2011/ual1220/ual1/codes/UAL/include  -I/home/ualusr2011/ual1220/ual1/tools/include  -g -c elements/VmonitorWriter.cc -o /home/ualusr2011/ual1220/ual1/ext/ADXF/lib/linux/obj/elements/VmonitorWriter.o;
In file included from /home/ualusr2011/ual1220/ual1/codes/PAC/src/SMF/PacElemKeys.h:4:0,
                 from /home/ualusr2011/ual1220/ual1/codes/PAC/src/SMF/PacSmf.h:10,
                 from /home/ualusr2011/ual1220/ual1/ext/ADXF/src/UAL/ADXF/Def.hh:4,
                 from /home/ualusr2011/ual1220/ual1/ext/ADXF/src/UAL/ADXF/ElementWriter.hh:8,
                 from /home/ualusr2011/ual1220/ual1/ext/ADXF/src/UAL/ADXF/elements/VmonitorWriter.hh:9,
                 from elements/VmonitorWriter.cc:1:
/home/ualusr2011/ual1220/ual1/codes/PAC/src/Templates/PacRbTree.h: In member function ‘std::pair<std::_Rb_tree_iterator<_Val>, bool> PacRbTree<_Key, _Value, _KeyOfValue, _Compare, _Alloc>::insert_unique(const _Val&)’:
/home/ualusr2011/ual1220/ual1/codes/PAC/src/Templates/PacRbTree.h:76:10: warning: suggest explicit braces to avoid ambiguous ‘else’ [-Wparentheses]
       if (__comp)
          ^
g++                                     -g -fpic  -O0 -fno-inline -Wall  -Wno-deprecated       -I/home/ualusr2011/ual1220/ual1/ext/ADXF/src -I/home/ualusr2011/ual1220/ual1/codes/PAC/src  -I/home/ualusr2011/ual1220/ual1/codes/ZLIB/src  -I/home/ualusr2011/ual1220/ual1/codes/UAL/include  -I/home/ualusr2011/ual1220/ual1/tools/include  -g -c elements/MonitorWriter.cc -o /home/ualusr2011/ual1220/ual1/ext/ADXF/lib/linux/obj/elements/MonitorWriter.o;
In file included from /home/ualusr2011/ual1220/ual1/codes/PAC/src/SMF/PacElemKeys.h:4:0,
                 from /home/ualusr2011/ual1220/ual1/codes/PAC/src/SMF/PacSmf.h:10,
                 from /home/ualusr2011/ual1220/ual1/ext/ADXF/src/UAL/ADXF/Def.hh:4,
                 from /home/ualusr2011/ual1220/ual1/ext/ADXF/src/UAL/ADXF/ElementWriter.hh:8,
                 from /home/ualusr2011/ual1220/ual1/ext/ADXF/src/UAL/ADXF/elements/MonitorWriter.hh:9,
                 from elements/MonitorWriter.cc:1:
/home/ualusr2011/ual1220/ual1/codes/PAC/src/Templates/PacRbTree.h: In member function ‘std::pair<std::_Rb_tree_iterator<_Val>, bool> PacRbTree<_Key, _Value, _KeyOfValue, _Compare, _Alloc>::insert_unique(const _Val&)’:
/home/ualusr2011/ual1220/ual1/codes/PAC/src/Templates/PacRbTree.h:76:10: warning: suggest explicit braces to avoid ambiguous ‘else’ [-Wparentheses]
       if (__comp)
          ^
g++                                     -g -fpic  -O0 -fno-inline -Wall  -Wno-deprecated       -I/home/ualusr2011/ual1220/ual1/ext/ADXF/src -I/home/ualusr2011/ual1220/ual1/codes/PAC/src  -I/home/ualusr2011/ual1220/ual1/codes/ZLIB/src  -I/home/ualusr2011/ual1220/ual1/codes/UAL/include  -I/home/ualusr2011/ual1220/ual1/tools/include  -g -c elements/InstrumentWriter.cc -o /home/ualusr2011/ual1220/ual1/ext/ADXF/lib/linux/obj/elements/InstrumentWriter.o;
In file included from /home/ualusr2011/ual1220/ual1/codes/PAC/src/SMF/PacElemKeys.h:4:0,
                 from /home/ualusr2011/ual1220/ual1/codes/PAC/src/SMF/PacSmf.h:10,
                 from /home/ualusr2011/ual1220/ual1/ext/ADXF/src/UAL/ADXF/Def.hh:4,
                 from /home/ualusr2011/ual1220/ual1/ext/ADXF/src/UAL/ADXF/ElementWriter.hh:8,
                 from /home/ualusr2011/ual1220/ual1/ext/ADXF/src/UAL/ADXF/elements/InstrumentWriter.hh:9,
                 from elements/InstrumentWriter.cc:1:
/home/ualusr2011/ual1220/ual1/codes/PAC/src/Templates/PacRbTree.h: In member function ‘std::pair<std::_Rb_tree_iterator<_Val>, bool> PacRbTree<_Key, _Value, _KeyOfValue, _Compare, _Alloc>::insert_unique(const _Val&)’:
/home/ualusr2011/ual1220/ual1/codes/PAC/src/Templates/PacRbTree.h:76:10: warning: suggest explicit braces to avoid ambiguous ‘else’ [-Wparentheses]
       if (__comp)
          ^
g++                                     -g -fpic  -O0 -fno-inline -Wall  -Wno-deprecated       -I/home/ualusr2011/ual1220/ual1/ext/ADXF/src -I/home/ualusr2011/ual1220/ual1/codes/PAC/src  -I/home/ualusr2011/ual1220/ual1/codes/ZLIB/src  -I/home/ualusr2011/ual1220/ual1/codes/UAL/include  -I/home/ualusr2011/ual1220/ual1/tools/include  -g -c elements/RfCavityWriter.cc -o /home/ualusr2011/ual1220/ual1/ext/ADXF/lib/linux/obj/elements/RfCavityWriter.o;
In file included from /home/ualusr2011/ual1220/ual1/codes/PAC/src/SMF/PacElemKeys.h:4:0,
                 from /home/ualusr2011/ual1220/ual1/codes/PAC/src/SMF/PacSmf.h:10,
                 from /home/ualusr2011/ual1220/ual1/ext/ADXF/src/UAL/ADXF/Def.hh:4,
                 from /home/ualusr2011/ual1220/ual1/ext/ADXF/src/UAL/ADXF/ElementWriter.hh:8,
                 from /home/ualusr2011/ual1220/ual1/ext/ADXF/src/UAL/ADXF/elements/RfCavityWriter.hh:9,
                 from elements/RfCavityWriter.cc:1:
/home/ualusr2011/ual1220/ual1/codes/PAC/src/Templates/PacRbTree.h: In member function ‘std::pair<std::_Rb_tree_iterator<_Val>, bool> PacRbTree<_Key, _Value, _KeyOfValue, _Compare, _Alloc>::insert_unique(const _Val&)’:
/home/ualusr2011/ual1220/ual1/codes/PAC/src/Templates/PacRbTree.h:76:10: warning: suggest explicit braces to avoid ambiguous ‘else’ [-Wparentheses]
       if (__comp)
          ^
g++                                     -g -fpic  -O0 -fno-inline -Wall  -Wno-deprecated       -I/home/ualusr2011/ual1220/ual1/ext/ADXF/src -I/home/ualusr2011/ual1220/ual1/codes/PAC/src  -I/home/ualusr2011/ual1220/ual1/codes/ZLIB/src  -I/home/ualusr2011/ual1220/ual1/codes/UAL/include  -I/home/ualusr2011/ual1220/ual1/tools/include  -g -c elements/RcollimatorWriter.cc -o /home/ualusr2011/ual1220/ual1/ext/ADXF/lib/linux/obj/elements/RcollimatorWriter.o;
In file included from /home/ualusr2011/ual1220/ual1/codes/PAC/src/SMF/PacElemKeys.h:4:0,
                 from /home/ualusr2011/ual1220/ual1/codes/PAC/src/SMF/PacSmf.h:10,
                 from /home/ualusr2011/ual1220/ual1/ext/ADXF/src/UAL/ADXF/Def.hh:4,
                 from /home/ualusr2011/ual1220/ual1/ext/ADXF/src/UAL/ADXF/ElementWriter.hh:8,
                 from /home/ualusr2011/ual1220/ual1/ext/ADXF/src/UAL/ADXF/elements/RcollimatorWriter.hh:9,
                 from elements/RcollimatorWriter.cc:1:
/home/ualusr2011/ual1220/ual1/codes/PAC/src/Templates/PacRbTree.h: In member function ‘std::pair<std::_Rb_tree_iterator<_Val>, bool> PacRbTree<_Key, _Value, _KeyOfValue, _Compare, _Alloc>::insert_unique(const _Val&)’:
/home/ualusr2011/ual1220/ual1/codes/PAC/src/Templates/PacRbTree.h:76:10: warning: suggest explicit braces to avoid ambiguous ‘else’ [-Wparentheses]
       if (__comp)
          ^
g++                                     -g -fpic  -O0 -fno-inline -Wall  -Wno-deprecated       -I/home/ualusr2011/ual1220/ual1/ext/ADXF/src -I/home/ualusr2011/ual1220/ual1/codes/PAC/src  -I/home/ualusr2011/ual1220/ual1/codes/ZLIB/src  -I/home/ualusr2011/ual1220/ual1/codes/UAL/include  -I/home/ualusr2011/ual1220/ual1/tools/include  -g -c elements/SolenoidWriter.cc -o /home/ualusr2011/ual1220/ual1/ext/ADXF/lib/linux/obj/elements/SolenoidWriter.o;
In file included from /home/ualusr2011/ual1220/ual1/codes/PAC/src/SMF/PacElemKeys.h:4:0,
                 from /home/ualusr2011/ual1220/ual1/codes/PAC/src/SMF/PacSmf.h:10,
                 from /home/ualusr2011/ual1220/ual1/ext/ADXF/src/UAL/ADXF/Def.hh:4,
                 from /home/ualusr2011/ual1220/ual1/ext/ADXF/src/UAL/ADXF/ElementWriter.hh:8,
                 from /home/ualusr2011/ual1220/ual1/ext/ADXF/src/UAL/ADXF/elements/SolenoidWriter.hh:9,
                 from elements/SolenoidWriter.cc:1:
/home/ualusr2011/ual1220/ual1/codes/PAC/src/Templates/PacRbTree.h: In member function ‘std::pair<std::_Rb_tree_iterator<_Val>, bool> PacRbTree<_Key, _Value, _KeyOfValue, _Compare, _Alloc>::insert_unique(const _Val&)’:
/home/ualusr2011/ual1220/ual1/codes/PAC/src/Templates/PacRbTree.h:76:10: warning: suggest explicit braces to avoid ambiguous ‘else’ [-Wparentheses]
       if (__comp)
          ^
g++                                     -g -fpic  -O0 -fno-inline -Wall  -Wno-deprecated       -I/home/ualusr2011/ual1220/ual1/ext/ADXF/src -I/home/ualusr2011/ual1220/ual1/codes/PAC/src  -I/home/ualusr2011/ual1220/ual1/codes/ZLIB/src  -I/home/ualusr2011/ual1220/ual1/codes/UAL/include  -I/home/ualusr2011/ual1220/ual1/tools/include  -g -c SectorsWriter.cc -o /home/ualusr2011/ual1220/ual1/ext/ADXF/lib/linux/obj/SectorsWriter.o;
In file included from /home/ualusr2011/ual1220/ual1/codes/PAC/src/SMF/PacElemKeys.h:4:0,
                 from /home/ualusr2011/ual1220/ual1/codes/PAC/src/SMF/PacSmf.h:10,
                 from /home/ualusr2011/ual1220/ual1/ext/ADXF/src/UAL/ADXF/Def.hh:4,
                 from /home/ualusr2011/ual1220/ual1/ext/ADXF/src/UAL/ADXF/SectorsWriter.hh:11,
                 from SectorsWriter.cc:1:
/home/ualusr2011/ual1220/ual1/codes/PAC/src/Templates/PacRbTree.h: In member function ‘std::pair<std::_Rb_tree_iterator<_Val>, bool> PacRbTree<_Key, _Value, _KeyOfValue, _Compare, _Alloc>::insert_unique(const _Val&)’:
/home/ualusr2011/ual1220/ual1/codes/PAC/src/Templates/PacRbTree.h:76:10: warning: suggest explicit braces to avoid ambiguous ‘else’ [-Wparentheses]
       if (__comp)
          ^
g++                                     -g -fpic  -O0 -fno-inline -Wall  -Wno-deprecated       -I/home/ualusr2011/ual1220/ual1/ext/ADXF/src -I/home/ualusr2011/ual1220/ual1/codes/PAC/src  -I/home/ualusr2011/ual1220/ual1/codes/ZLIB/src  -I/home/ualusr2011/ual1220/ual1/codes/UAL/include  -I/home/ualusr2011/ual1220/ual1/tools/include  -g -c SectorWriter.cc -o /home/ualusr2011/ual1220/ual1/ext/ADXF/lib/linux/obj/SectorWriter.o;
In file included from /home/ualusr2011/ual1220/ual1/codes/PAC/src/SMF/PacElemKeys.h:4:0,
                 from /home/ualusr2011/ual1220/ual1/codes/PAC/src/SMF/PacSmf.h:10,
                 from /home/ualusr2011/ual1220/ual1/ext/ADXF/src/UAL/ADXF/Def.hh:4,
                 from /home/ualusr2011/ual1220/ual1/ext/ADXF/src/UAL/ADXF/SectorWriter.hh:8,
                 from SectorWriter.cc:1:
/home/ualusr2011/ual1220/ual1/codes/PAC/src/Templates/PacRbTree.h: In member function ‘std::pair<std::_Rb_tree_iterator<_Val>, bool> PacRbTree<_Key, _Value, _KeyOfValue, _Compare, _Alloc>::insert_unique(const _Val&)’:
/home/ualusr2011/ual1220/ual1/codes/PAC/src/Templates/PacRbTree.h:76:10: warning: suggest explicit braces to avoid ambiguous ‘else’ [-Wparentheses]
       if (__comp)
          ^
(if [ !  -d /home/ualusr2011/ual1220/ual1/ext/ADXF/include/UAL/ADXF ]; \
	then mkdir /home/ualusr2011/ual1220/ual1/ext/ADXF/include/UAL/ADXF; fi;)
(if [ !  -d /home/ualusr2011/ual1220/ual1/ext/ADXF/include/UAL/ADXF ]; then mkdir  /home/ualusr2011/ual1220/ual1/ext/ADXF/include/UAL/ADXF; fi;)
cp *.hh ./elements/*.hh /home/ualusr2011/ual1220/ual1/ext/ADXF/include/UAL/ADXF/.	
make[5]: Leaving directory `/home/ualusr2011/ual1220/ual1/ext/ADXF/src/UAL/ADXF'
g++                                      -I/home/ualusr2011/ual1220/ual1/ext/ADXF/src -I/home/ualusr2011/ual1220/ual1/codes/PAC/src  -I/home/ualusr2011/ual1220/ual1/codes/ZLIB/src  -I/home/ualusr2011/ual1220/ual1/codes/UAL/include  -I/home/ualusr2011/ual1220/ual1/tools/include  -o /home/ualusr2011/ual1220/ual1/ext/ADXF/lib/linux/obj/dummy  /home/ualusr2011/ual1220/ual1/ext/ADXF/lib/linux/obj/dummy.o /home/ualusr2011/ual1220/ual1/ext/ADXF/lib/linux/obj/Reader.o /home/ualusr2011/ual1220/ual1/ext/ADXF/lib/linux/obj/BasicHandler.o /home/ualusr2011/ual1220/ual1/ext/ADXF/lib/linux/obj/DocumentHandler.o /home/ualusr2011/ual1220/ual1/ext/ADXF/lib/linux/obj/ADXFHandler.o /home/ualusr2011/ual1220/ual1/ext/ADXF/lib/linux/obj/ConstantsHandler.o /home/ualusr2011/ual1220/ual1/ext/ADXF/lib/linux/obj/ConstantHandler.o /home/ualusr2011/ual1220/ual1/ext/ADXF/lib/linux/obj/ConstantManager.o /home/ualusr2011/ual1220/ual1/ext/ADXF/lib/linux/obj/ElementHandler.o /home/ualusr2011/ual1220/ual1/ext/ADXF/lib/linux/obj/ElementsHandler.o /home/ualusr2011/ual1220/ual1/ext/ADXF/lib/linux/obj/handlers/MarkerHandler.o /home/ualusr2011/ual1220/ual1/ext/ADXF/lib/linux/obj/handlers/DriftHandler.o /home/ualusr2011/ual1220/ual1/ext/ADXF/lib/linux/obj/handlers/SbendHandler.o /home/ualusr2011/ual1220/ual1/ext/ADXF/lib/linux/obj/handlers/QuadrupoleHandler.o /home/ualusr2011/ual1220/ual1/ext/ADXF/lib/linux/obj/handlers/SextupoleHandler.o /home/ualusr2011/ual1220/ual1/ext/ADXF/lib/linux/obj/handlers/MonitorHandler.o /home/ualusr2011/ual1220/ual1/ext/ADXF/lib/linux/obj/handlers/MultipoleHandler.o /home/ualusr2011/ual1220/ual1/ext/ADXF/lib/linux/obj/handlers/InstrumentHandler.o /home/ualusr2011/ual1220/ual1/ext/ADXF/lib/linux/obj/handlers/VmonitorHandler.o /home/ualusr2011/ual1220/ual1/ext/ADXF/lib/linux/obj/handlers/HmonitorHandler.o /home/ualusr2011/ual1220/ual1/ext/ADXF/lib/linux/obj/handlers/RcollimatorHandler.o /home/ualusr2011/ual1220/ual1/ext/ADXF/lib/linux/obj/handlers/HkickerHandler.o /home/ualusr2011/ual1220/ual1/ext/ADXF/lib/linux/obj/handlers/VkickerHandler.o /home/ualusr2011/ual1220/ual1/ext/ADXF/lib/linux/obj/handlers/KickerHandler.o /home/ualusr2011/ual1220/ual1/ext/ADXF/lib/linux/obj/handlers/SolenoidHandler.o /home/ualusr2011/ual1220/ual1/ext/ADXF/lib/linux/obj/ElementSetHandler.o /home/ualusr2011/ual1220/ual1/ext/ADXF/lib/linux/obj/ElementSetsHandler.o /home/ualusr2011/ual1220/ual1/ext/ADXF/lib/linux/obj/handlers/MfieldHandler.o /home/ualusr2011/ual1220/ual1/ext/ADXF/lib/linux/obj/SectorsHandler.o /home/ualusr2011/ual1220/ual1/ext/ADXF/lib/linux/obj/SectorHandler.o /home/ualusr2011/ual1220/ual1/ext/ADXF/lib/linux/obj/Writer.o /home/ualusr2011/ual1220/ual1/ext/ADXF/lib/linux/obj/ElementWriter.o /home/ualusr2011/ual1220/ual1/ext/ADXF/lib/linux/obj/ElementsWriter.o /home/ualusr2011/ual1220/ual1/ext/ADXF/lib/linux/obj/elements/MarkerWriter.o /home/ualusr2011/ual1220/ual1/ext/ADXF/lib/linux/obj/elements/DriftWriter.o /home/ualusr2011/ual1220/ual1/ext/ADXF/lib/linux/obj/elements/SbendWriter.o /home/ualusr2011/ual1220/ual1/ext/ADXF/lib/linux/obj/elements/QuadrupoleWriter.o /home/ualusr2011/ual1220/ual1/ext/ADXF/lib/linux/obj/elements/SextupoleWriter.o /home/ualusr2011/ual1220/ual1/ext/ADXF/lib/linux/obj/elements/MultipoleWriter.o /home/ualusr2011/ual1220/ual1/ext/ADXF/lib/linux/obj/elements/HkickerWriter.o /home/ualusr2011/ual1220/ual1/ext/ADXF/lib/linux/obj/elements/VkickerWriter.o /home/ualusr2011/ual1220/ual1/ext/ADXF/lib/linux/obj/elements/KickerWriter.o /home/ualusr2011/ual1220/ual1/ext/ADXF/lib/linux/obj/elements/HmonitorWriter.o /home/ualusr2011/ual1220/ual1/ext/ADXF/lib/linux/obj/elements/VmonitorWriter.o /home/ualusr2011/ual1220/ual1/ext/ADXF/lib/linux/obj/elements/MonitorWriter.o /home/ualusr2011/ual1220/ual1/ext/ADXF/lib/linux/obj/elements/InstrumentWriter.o /home/ualusr2011/ual1220/ual1/ext/ADXF/lib/linux/obj/elements/RfCavityWriter.o /home/ualusr2011/ual1220/ual1/ext/ADXF/lib/linux/obj/elements/RcollimatorWriter.o /home/ualusr2011/ual1220/ual1/ext/ADXF/lib/linux/obj/elements/SolenoidWriter.o /home/ualusr2011/ual1220/ual1/ext/ADXF/lib/linux/obj/SectorsWriter.o /home/ualusr2011/ual1220/ual1/ext/ADXF/lib/linux/obj/SectorWriter.o  -L/home/ualusr2011/ual1220/ual1/ext/ADXF/lib/linux  -L/home/ualusr2011/ual1220/ual1/codes/PAC/lib/linux 	-lPacSMF -lPacOptics -lPac  -L/home/ualusr2011/ual1220/ual1/codes/ZLIB/lib/linux 	-lZTps  -L/home/ualusr2011/ual1220/ual1/codes/UAL/lib/linux 	-lUal  -L/home/ualusr2011/ual1220/ual1/tools/lib/linux 	-lxerces-c -lmuparser 
cp /dev/null /home/ualusr2011/ual1220/ual1/ext/ADXF/lib/linux/obj/dummy
g++                                     -shared                                 -o /home/ualusr2011/ual1220/ual1/ext/ADXF/lib/linux/libUalADXF2.so /home/ualusr2011/ual1220/ual1/ext/ADXF/lib/linux/obj/Reader.o /home/ualusr2011/ual1220/ual1/ext/ADXF/lib/linux/obj/BasicHandler.o /home/ualusr2011/ual1220/ual1/ext/ADXF/lib/linux/obj/DocumentHandler.o /home/ualusr2011/ual1220/ual1/ext/ADXF/lib/linux/obj/ADXFHandler.o /home/ualusr2011/ual1220/ual1/ext/ADXF/lib/linux/obj/ConstantsHandler.o /home/ualusr2011/ual1220/ual1/ext/ADXF/lib/linux/obj/ConstantHandler.o /home/ualusr2011/ual1220/ual1/ext/ADXF/lib/linux/obj/ConstantManager.o /home/ualusr2011/ual1220/ual1/ext/ADXF/lib/linux/obj/ElementHandler.o /home/ualusr2011/ual1220/ual1/ext/ADXF/lib/linux/obj/ElementsHandler.o /home/ualusr2011/ual1220/ual1/ext/ADXF/lib/linux/obj/handlers/MarkerHandler.o /home/ualusr2011/ual1220/ual1/ext/ADXF/lib/linux/obj/handlers/DriftHandler.o /home/ualusr2011/ual1220/ual1/ext/ADXF/lib/linux/obj/handlers/SbendHandler.o /home/ualusr2011/ual1220/ual1/ext/ADXF/lib/linux/obj/handlers/QuadrupoleHandler.o /home/ualusr2011/ual1220/ual1/ext/ADXF/lib/linux/obj/handlers/SextupoleHandler.o /home/ualusr2011/ual1220/ual1/ext/ADXF/lib/linux/obj/handlers/MonitorHandler.o /home/ualusr2011/ual1220/ual1/ext/ADXF/lib/linux/obj/handlers/MultipoleHandler.o /home/ualusr2011/ual1220/ual1/ext/ADXF/lib/linux/obj/handlers/InstrumentHandler.o /home/ualusr2011/ual1220/ual1/ext/ADXF/lib/linux/obj/handlers/VmonitorHandler.o /home/ualusr2011/ual1220/ual1/ext/ADXF/lib/linux/obj/handlers/HmonitorHandler.o /home/ualusr2011/ual1220/ual1/ext/ADXF/lib/linux/obj/handlers/RcollimatorHandler.o /home/ualusr2011/ual1220/ual1/ext/ADXF/lib/linux/obj/handlers/HkickerHandler.o /home/ualusr2011/ual1220/ual1/ext/ADXF/lib/linux/obj/handlers/VkickerHandler.o /home/ualusr2011/ual1220/ual1/ext/ADXF/lib/linux/obj/handlers/KickerHandler.o /home/ualusr2011/ual1220/ual1/ext/ADXF/lib/linux/obj/handlers/SolenoidHandler.o /home/ualusr2011/ual1220/ual1/ext/ADXF/lib/linux/obj/ElementSetHandler.o /home/ualusr2011/ual1220/ual1/ext/ADXF/lib/linux/obj/ElementSetsHandler.o /home/ualusr2011/ual1220/ual1/ext/ADXF/lib/linux/obj/handlers/MfieldHandler.o /home/ualusr2011/ual1220/ual1/ext/ADXF/lib/linux/obj/SectorsHandler.o /home/ualusr2011/ual1220/ual1/ext/ADXF/lib/linux/obj/SectorHandler.o /home/ualusr2011/ual1220/ual1/ext/ADXF/lib/linux/obj/Writer.o /home/ualusr2011/ual1220/ual1/ext/ADXF/lib/linux/obj/ElementWriter.o /home/ualusr2011/ual1220/ual1/ext/ADXF/lib/linux/obj/ElementsWriter.o /home/ualusr2011/ual1220/ual1/ext/ADXF/lib/linux/obj/elements/MarkerWriter.o /home/ualusr2011/ual1220/ual1/ext/ADXF/lib/linux/obj/elements/DriftWriter.o /home/ualusr2011/ual1220/ual1/ext/ADXF/lib/linux/obj/elements/SbendWriter.o /home/ualusr2011/ual1220/ual1/ext/ADXF/lib/linux/obj/elements/QuadrupoleWriter.o /home/ualusr2011/ual1220/ual1/ext/ADXF/lib/linux/obj/elements/SextupoleWriter.o /home/ualusr2011/ual1220/ual1/ext/ADXF/lib/linux/obj/elements/MultipoleWriter.o /home/ualusr2011/ual1220/ual1/ext/ADXF/lib/linux/obj/elements/HkickerWriter.o /home/ualusr2011/ual1220/ual1/ext/ADXF/lib/linux/obj/elements/VkickerWriter.o /home/ualusr2011/ual1220/ual1/ext/ADXF/lib/linux/obj/elements/KickerWriter.o /home/ualusr2011/ual1220/ual1/ext/ADXF/lib/linux/obj/elements/HmonitorWriter.o /home/ualusr2011/ual1220/ual1/ext/ADXF/lib/linux/obj/elements/VmonitorWriter.o /home/ualusr2011/ual1220/ual1/ext/ADXF/lib/linux/obj/elements/MonitorWriter.o /home/ualusr2011/ual1220/ual1/ext/ADXF/lib/linux/obj/elements/InstrumentWriter.o /home/ualusr2011/ual1220/ual1/ext/ADXF/lib/linux/obj/elements/RfCavityWriter.o /home/ualusr2011/ual1220/ual1/ext/ADXF/lib/linux/obj/elements/RcollimatorWriter.o /home/ualusr2011/ual1220/ual1/ext/ADXF/lib/linux/obj/elements/SolenoidWriter.o /home/ualusr2011/ual1220/ual1/ext/ADXF/lib/linux/obj/SectorsWriter.o /home/ualusr2011/ual1220/ual1/ext/ADXF/lib/linux/obj/SectorWriter.o  -L/home/ualusr2011/ual1220/ual1/ext/ADXF/lib/linux  -L/home/ualusr2011/ual1220/ual1/codes/PAC/lib/linux 	-lPacSMF -lPacOptics -lPac  -L/home/ualusr2011/ual1220/ual1/codes/ZLIB/lib/linux 	-lZTps  -L/home/ualusr2011/ual1220/ual1/codes/UAL/lib/linux 	-lUal  -L/home/ualusr2011/ual1220/ual1/tools/lib/linux 	-lxerces-c -lmuparser 
rm -r /home/ualusr2011/ual1220/ual1/ext/ADXF/lib/linux/obj/*.o /home/ualusr2011/ual1220/ual1/ext/ADXF/lib/linux/obj/elements/*.o /home/ualusr2011/ual1220/ual1/ext/ADXF/lib/linux/obj/handlers/*.o
make[4]: Leaving directory `/home/ualusr2011/ual1220/ual1/ext/ADXF/src/UAL'
make[3]: Leaving directory `/home/ualusr2011/ual1220/ual1/ext/ADXF/src'
make[3]: Entering directory `/home/ualusr2011/ual1220/ual1/ext/ADXF/api'
Checking if your kit is complete...
Looks good
Writing Makefile for UAL::ADXF::Parser
Writing MYMETA.yml and MYMETA.json
make[4]: Entering directory `/home/ualusr2011/ual1220/ual1/ext/ADXF/api/UAL/ADXF/XS'
/usr/bin/perl /usr/share/perl5/vendor_perl/ExtUtils/xsubpp  -C++ -prototypes -typemap /usr/share/perl5/ExtUtils/typemap -typemap typemap  Parser.xs > Parser.xsc && mv Parser.xsc Parser.c
g++ -D_SYS_TIMES_H_ -c  -I/home/ualusr2011/ual1220/ual1/ext/ADXF/src -I/home/ualusr2011/ual1220/ual1/codes/ZLIB/src -I/home/ualusr2011/ual1220/ual1/codes/PAC/src  -I/home/ualusr2011/ual1220/ual1/codes/UAL/include  -D_REENTRANT -D_GNU_SOURCE -fno-strict-aliasing -pipe -fstack-protector -I/usr/local/include -D_LARGEFILE_SOURCE -D_FILE_OFFSET_BITS=64 -O2 -g -pipe -Wall -Wp,-D_FORTIFY_SOURCE=2 -fexceptions -fstack-protector-strong --param=ssp-buffer-size=4 -grecord-gcc-switches -m64 -mtune=generic   -DVERSION=\"1.00\" -DXS_VERSION=\"1.00\" -fPIC "-I/usr/lib64/perl5/CORE"  -DHAS_BOOL -Ubool Parser.c
In file included from /home/ualusr2011/ual1220/ual1/codes/PAC/src/SMF/PacElemKeys.h:4:0,
                 from /home/ualusr2011/ual1220/ual1/codes/PAC/src/SMF/PacSmf.h:10,
                 from /home/ualusr2011/ual1220/ual1/ext/ADXF/src/UAL/ADXF/Def.hh:4,
                 from /home/ualusr2011/ual1220/ual1/ext/ADXF/src/UAL/ADXF/Writer.hh:9,
                 from Parser.xs:26:
/home/ualusr2011/ual1220/ual1/codes/PAC/src/Templates/PacRbTree.h: In member function ‘std::pair<std::_Rb_tree_iterator<_Val>, bool> PacRbTree<_Key, _Value, _KeyOfValue, _Compare, _Alloc>::insert_unique(const _Val&)’:
/home/ualusr2011/ual1220/ual1/codes/PAC/src/Templates/PacRbTree.h:76:10: warning: suggest explicit braces to avoid ambiguous ‘else’ [-Wparentheses]
       if (__comp)
          ^
Running Mkbootstrap for UAL::ADXF::Parser ()
chmod 644 Parser.bs
rm -f /home/ualusr2011/ual1220/ual1/ext/ADXF/api/blib/linux/arch/auto/UAL/ADXF/Parser/Parser.so
g++  -shared -O2 -g -pipe -Wall -Wp,-D_FORTIFY_SOURCE=2 -fexceptions -fstack-protector-strong --param=ssp-buffer-size=4 -grecord-gcc-switches -m64 -mtune=generic -Wl,-z,relro  Parser.o  -o /home/ualusr2011/ual1220/ual1/ext/ADXF/api/blib/linux/arch/auto/UAL/ADXF/Parser/Parser.so 	\
   -L/home/ualusr2011/ual1220/ual1/ext/ADXF/lib/linux -L/home/ualusr2011/ual1220/ual1/codes/ZLIB/lib/linux -L/home/ualusr2011/ual1220/ual1/codes/PAC/lib/linux -L/home/ualusr2011/ual1220/ual1/codes/UAL/lib/linux -lUal -lUalADXF2 -lPacSMF -lPacOptics -lPac -lZTps  	\
  
chmod 755 /home/ualusr2011/ual1220/ual1/ext/ADXF/api/blib/linux/arch/auto/UAL/ADXF/Parser/Parser.so
cp Parser.bs /home/ualusr2011/ual1220/ual1/ext/ADXF/api/blib/linux/arch/auto/UAL/ADXF/Parser/Parser.bs
chmod 644 /home/ualusr2011/ual1220/ual1/ext/ADXF/api/blib/linux/arch/auto/UAL/ADXF/Parser/Parser.bs
make[4]: Leaving directory `/home/ualusr2011/ual1220/ual1/ext/ADXF/api/UAL/ADXF/XS'
make[3]: Leaving directory `/home/ualusr2011/ual1220/ual1/ext/ADXF/api'
make[2]: Leaving directory `/home/ualusr2011/ual1220/ual1/ext/ADXF'
make[2]: Entering directory `/home/ualusr2011/ual1220/ual1/ext/UI'
make[3]: Entering directory `/home/ualusr2011/ual1220/ual1/ext/UI/src'
(if [ !  -d /home/ualusr2011/ual1220/ual1/ext/UI/include ]; \
	then mkdir  /home/ualusr2011/ual1220/ual1/ext/UI/include; fi;)
(if [ !  -d /home/ualusr2011/ual1220/ual1/ext/UI/include/UAL ]; \
	then mkdir  /home/ualusr2011/ual1220/ual1/ext/UI/include/UAL; fi;)
(if [ !  -d /home/ualusr2011/ual1220/ual1/ext/UI/lib ]; \
	then mkdir  /home/ualusr2011/ual1220/ual1/ext/UI/lib; fi;)	
(if [ !  -d /home/ualusr2011/ual1220/ual1/ext/UI/lib/linux ]; \
	then mkdir  /home/ualusr2011/ual1220/ual1/ext/UI/lib/linux; fi;)
(if [ !  -d /home/ualusr2011/ual1220/ual1/ext/UI/lib/linux/obj ]; \
	then mkdir  /home/ualusr2011/ual1220/ual1/ext/UI/lib/linux/obj; fi;)	
make[4]: Entering directory `/home/ualusr2011/ual1220/ual1/ext/UI/src/UAL'
make[5]: Entering directory `/home/ualusr2011/ual1220/ual1/ext/UI/src/UAL/UI'
g++                                     -g -fpic  -O0 -fno-inline -Wall  -Wno-deprecated       -I/home/ualusr2011/ual1220/ual1/ext/UI/src -I/home/ualusr2011/ual1220/ual1/ext/ADXF/src  -I/home/ualusr2011/ual1220/ual1/ext/SXF/src  -I/home/ualusr2011/ual1220/ual1/codes/TIBETAN/src  -I/home/ualusr2011/ual1220/ual1/codes/SIMBAD/src  -I/home/ualusr2011/ual1220/ual1/codes/ACCSIM/src  -I/home/ualusr2011/ual1220/ual1/codes/TEAPOT/src  -I/home/ualusr2011/ual1220/ual1/codes/PAC/src  -I/home/ualusr2011/ual1220/ual1/codes/UAL/include -I/home/ualusr2011/ual1220/ual1/codes/ZLIB/src -I/home/ualusr2011/ual1220/ual1/tools/include  -I/home/ualusr2011/ual1220/ual1/tools/sxf//src -c Argument.cc -o /home/ualusr2011/ual1220/ual1/ext/UI/lib/linux/obj/Argument.o;
g++                                     -g -fpic  -O0 -fno-inline -Wall  -Wno-deprecated       -I/home/ualusr2011/ual1220/ual1/ext/UI/src -I/home/ualusr2011/ual1220/ual1/ext/ADXF/src  -I/home/ualusr2011/ual1220/ual1/ext/SXF/src  -I/home/ualusr2011/ual1220/ual1/codes/TIBETAN/src  -I/home/ualusr2011/ual1220/ual1/codes/SIMBAD/src  -I/home/ualusr2011/ual1220/ual1/codes/ACCSIM/src  -I/home/ualusr2011/ual1220/ual1/codes/TEAPOT/src  -I/home/ualusr2011/ual1220/ual1/codes/PAC/src  -I/home/ualusr2011/ual1220/ual1/codes/UAL/include -I/home/ualusr2011/ual1220/ual1/codes/ZLIB/src -I/home/ualusr2011/ual1220/ual1/tools/include  -I/home/ualusr2011/ual1220/ual1/tools/sxf//src -c Arguments.cc -o /home/ualusr2011/ual1220/ual1/ext/UI/lib/linux/obj/Arguments.o;
g++                                     -g -fpic  -O0 -fno-inline -Wall  -Wno-deprecated       -I/home/ualusr2011/ual1220/ual1/ext/UI/src -I/home/ualusr2011/ual1220/ual1/ext/ADXF/src  -I/home/ualusr2011/ual1220/ual1/ext/SXF/src  -I/home/ualusr2011/ual1220/ual1/codes/TIBETAN/src  -I/home/ualusr2011/ual1220/ual1/codes/SIMBAD/src  -I/home/ualusr2011/ual1220/ual1/codes/ACCSIM/src  -I/home/ualusr2011/ual1220/ual1/codes/TEAPOT/src  -I/home/ualusr2011/ual1220/ual1/codes/PAC/src  -I/home/ualusr2011/ual1220/ual1/codes/UAL/include -I/home/ualusr2011/ual1220/ual1/codes/ZLIB/src -I/home/ualusr2011/ual1220/ual1/tools/include  -I/home/ualusr2011/ual1220/ual1/tools/sxf//src -c ShellImp.cc -o /home/ualusr2011/ual1220/ual1/ext/UI/lib/linux/obj/ShellImp.o;
In file included from /home/ualusr2011/ual1220/ual1/codes/PAC/src/SMF/PacElemKeys.h:4:0,
                 from /home/ualusr2011/ual1220/ual1/codes/PAC/src/SMF/PacSmf.h:10,
                 from /home/ualusr2011/ual1220/ual1/codes/TEAPOT/src/Main/Teapot.h:9,
                 from /home/ualusr2011/ual1220/ual1/ext/UI/src/UAL/UI/ShellImp.hh:5,
                 from ShellImp.cc:2:
/home/ualusr2011/ual1220/ual1/codes/PAC/src/Templates/PacRbTree.h: In member function ‘std::pair<std::_Rb_tree_iterator<_Val>, bool> PacRbTree<_Key, _Value, _KeyOfValue, _Compare, _Alloc>::insert_unique(const _Val&)’:
/home/ualusr2011/ual1220/ual1/codes/PAC/src/Templates/PacRbTree.h:76:10: warning: suggest explicit braces to avoid ambiguous ‘else’ [-Wparentheses]
       if (__comp)
          ^
g++                                     -g -fpic  -O0 -fno-inline -Wall  -Wno-deprecated       -I/home/ualusr2011/ual1220/ual1/ext/UI/src -I/home/ualusr2011/ual1220/ual1/ext/ADXF/src  -I/home/ualusr2011/ual1220/ual1/ext/SXF/src  -I/home/ualusr2011/ual1220/ual1/codes/TIBETAN/src  -I/home/ualusr2011/ual1220/ual1/codes/SIMBAD/src  -I/home/ualusr2011/ual1220/ual1/codes/ACCSIM/src  -I/home/ualusr2011/ual1220/ual1/codes/TEAPOT/src  -I/home/ualusr2011/ual1220/ual1/codes/PAC/src  -I/home/ualusr2011/ual1220/ual1/codes/UAL/include -I/home/ualusr2011/ual1220/ual1/codes/ZLIB/src -I/home/ualusr2011/ual1220/ual1/tools/include  -I/home/ualusr2011/ual1220/ual1/tools/sxf//src -c OpticsCalculator.cc -o /home/ualusr2011/ual1220/ual1/ext/UI/lib/linux/obj/OpticsCalculator.o;
In file included from /home/ualusr2011/ual1220/ual1/codes/PAC/src/SMF/PacElemKeys.h:4:0,
                 from /home/ualusr2011/ual1220/ual1/codes/PAC/src/SMF/PacSmf.h:10,
                 from /home/ualusr2011/ual1220/ual1/codes/TEAPOT/src/Main/Teapot.h:9,
                 from /home/ualusr2011/ual1220/ual1/ext/UI/src/UAL/UI/ShellImp.hh:5,
                 from OpticsCalculator.cc:9:
/home/ualusr2011/ual1220/ual1/codes/PAC/src/Templates/PacRbTree.h: In member function ‘std::pair<std::_Rb_tree_iterator<_Val>, bool> PacRbTree<_Key, _Value, _KeyOfValue, _Compare, _Alloc>::insert_unique(const _Val&)’:
/home/ualusr2011/ual1220/ual1/codes/PAC/src/Templates/PacRbTree.h:76:10: warning: suggest explicit braces to avoid ambiguous ‘else’ [-Wparentheses]
       if (__comp)
          ^
OpticsCalculator.cc: In member function ‘bool UAL::OpticsCalculator::use(const string&)’:
OpticsCalculator.cc:51:1: warning: control reaches end of non-void function [-Wreturn-type]
 }
 ^
g++                                     -g -fpic  -O0 -fno-inline -Wall  -Wno-deprecated       -I/home/ualusr2011/ual1220/ual1/ext/UI/src -I/home/ualusr2011/ual1220/ual1/ext/ADXF/src  -I/home/ualusr2011/ual1220/ual1/ext/SXF/src  -I/home/ualusr2011/ual1220/ual1/codes/TIBETAN/src  -I/home/ualusr2011/ual1220/ual1/codes/SIMBAD/src  -I/home/ualusr2011/ual1220/ual1/codes/ACCSIM/src  -I/home/ualusr2011/ual1220/ual1/codes/TEAPOT/src  -I/home/ualusr2011/ual1220/ual1/codes/PAC/src  -I/home/ualusr2011/ual1220/ual1/codes/UAL/include -I/home/ualusr2011/ual1220/ual1/codes/ZLIB/src -I/home/ualusr2011/ual1220/ual1/tools/include  -I/home/ualusr2011/ual1220/ual1/tools/sxf//src -c BunchGenerator.cc -o /home/ualusr2011/ual1220/ual1/ext/UI/lib/linux/obj/BunchGenerator.o;
BunchGenerator.cc: In member function ‘void UAL::BunchGenerator::updateGridBunch(PAC::Bunch&, PacTwissData&, double, double)’:
BunchGenerator.cc:92:10: warning: unused variable ‘xmax’ [-Wunused-variable]
   double xmax = sqrt(ex*twiss.beta(0));
          ^
BunchGenerator.cc:93:10: warning: unused variable ‘ymax’ [-Wunused-variable]
   double ymax = sqrt(ey*twiss.beta(1));
          ^
g++                                     -g -fpic  -O0 -fno-inline -Wall  -Wno-deprecated       -I/home/ualusr2011/ual1220/ual1/ext/UI/src -I/home/ualusr2011/ual1220/ual1/ext/ADXF/src  -I/home/ualusr2011/ual1220/ual1/ext/SXF/src  -I/home/ualusr2011/ual1220/ual1/codes/TIBETAN/src  -I/home/ualusr2011/ual1220/ual1/codes/SIMBAD/src  -I/home/ualusr2011/ual1220/ual1/codes/ACCSIM/src  -I/home/ualusr2011/ual1220/ual1/codes/TEAPOT/src  -I/home/ualusr2011/ual1220/ual1/codes/PAC/src  -I/home/ualusr2011/ual1220/ual1/codes/UAL/include -I/home/ualusr2011/ual1220/ual1/codes/ZLIB/src -I/home/ualusr2011/ual1220/ual1/tools/include  -I/home/ualusr2011/ual1220/ual1/tools/sxf//src -c Shell.cc -o /home/ualusr2011/ual1220/ual1/ext/UI/lib/linux/obj/Shell.o;
In file included from /home/ualusr2011/ual1220/ual1/codes/UAL/include/UAL/APF/PropagatorSequence.hh:10:0,
                 from /home/ualusr2011/ual1220/ual1/codes/UAL/include/UAL/APF/AcceleratorPropagator.hh:9,
                 from /home/ualusr2011/ual1220/ual1/codes/UAL/include/UAL/APDF/APDF_Builder.hh:11,
                 from Shell.cc:6:
/home/ualusr2011/ual1220/ual1/codes/UAL/include/UAL/APF/PropagatorNodePtr.hh: In destructor ‘virtual UAL::PropagatorNodePtr::CountHolder::~CountHolder()’:
/home/ualusr2011/ual1220/ual1/codes/UAL/include/UAL/APF/PropagatorNodePtr.hh:50:31: warning: deleting object of abstract class type ‘UAL::PropagatorNode’ which has non-virtual destructor will cause undefined behaviour [-Wdelete-non-virtual-dtor]
       ~CountHolder() { delete m_pointee; }
                               ^
In file included from /home/ualusr2011/ual1220/ual1/codes/PAC/src/SMF/PacElemKeys.h:4:0,
                 from /home/ualusr2011/ual1220/ual1/codes/PAC/src/SMF/PacSmf.h:10,
                 from /home/ualusr2011/ual1220/ual1/ext/SXF/src/UAL/SXF/Def.hh:4,
                 from /home/ualusr2011/ual1220/ual1/ext/SXF/src/UAL/SXF/Parser.hh:9,
                 from Shell.cc:10:
/home/ualusr2011/ual1220/ual1/codes/PAC/src/Templates/PacRbTree.h: In member function ‘std::pair<std::_Rb_tree_iterator<_Val>, bool> PacRbTree<_Key, _Value, _KeyOfValue, _Compare, _Alloc>::insert_unique(const _Val&)’:
/home/ualusr2011/ual1220/ual1/codes/PAC/src/Templates/PacRbTree.h:76:10: warning: suggest explicit braces to avoid ambiguous ‘else’ [-Wparentheses]
       if (__comp)
          ^
if [ ! -d /home/ualusr2011/ual1220/ual1/ext/UI/include/UAL/UI ] ; then mkdir /home/ualusr2011/ual1220/ual1/ext/UI/include/UAL/UI ; fi;
cp Argument.hh Arguments.hh Shell.hh OpticsCalculator.hh BunchGenerator.hh /home/ualusr2011/ual1220/ual1/ext/UI/include/UAL/UI/.
make[5]: Leaving directory `/home/ualusr2011/ual1220/ual1/ext/UI/src/UAL/UI'
g++                                     -shared                                 -o /home/ualusr2011/ual1220/ual1/ext/UI/lib/linux/libUalUI.so  /home/ualusr2011/ual1220/ual1/ext/UI/lib/linux/obj/Argument.o /home/ualusr2011/ual1220/ual1/ext/UI/lib/linux/obj/Arguments.o /home/ualusr2011/ual1220/ual1/ext/UI/lib/linux/obj/ShellImp.o /home/ualusr2011/ual1220/ual1/ext/UI/lib/linux/obj/OpticsCalculator.o /home/ualusr2011/ual1220/ual1/ext/UI/lib/linux/obj/BunchGenerator.o /home/ualusr2011/ual1220/ual1/ext/UI/lib/linux/obj/Shell.o  -L/home/ualusr2011/ual1220/ual1/ext/ADXF/lib/linux 	-lUalADXF2 -L/home/ualusr2011/ual1220/ual1/ext/SXF/lib/linux 		-lUalSXF2 -L/home/ualusr2011/ual1220/ual1/codes/SIMBAD/lib/linux  	-lSimbad -L/home/ualusr2011/ual1220/ual1/codes/TIBETAN/lib/linux  	-lTibetan -L/home/ualusr2011/ual1220/ual1/codes/ACCSIM/lib/linux 	-lAccsim  -L/home/ualusr2011/ual1220/ual1/codes/TEAPOT/lib/linux 	-lTeapot  -L/home/ualusr2011/ual1220/ual1/codes/PAC/lib/linux  		-lPacSMF -lPacOptics -lPac -L/home/ualusr2011/ual1220/ual1/codes/ZLIB/lib/linux 		-lZTps -L/home/ualusr2011/ual1220/ual1/codes/UAL/lib/linux 	-lUal -L/home/ualusr2011/ual1220/ual1/tools/sxf//lib/linux 		-lSXF -L/home/ualusr2011/ual1220/ual1/tools/lib/linux 		-lpcre -lxml2 -lfftw -lm
make[4]: Leaving directory `/home/ualusr2011/ual1220/ual1/ext/UI/src/UAL'
make[3]: Leaving directory `/home/ualusr2011/ual1220/ual1/ext/UI/src'
make[2]: Leaving directory `/home/ualusr2011/ual1220/ual1/ext/UI'
make[1]: Leaving directory `/home/ualusr2011/ual1220/ual1/ext'
